[2025-08-01T01:23:45.049+0000] Using Serial
[2025-08-01T01:23:45.060+0000] Version: 17.0.15+6-Ubuntu-0ubuntu124.04 (release)
[2025-08-01T01:23:45.060+0000] CPUs: 8 total, 8 available
[2025-08-01T01:23:45.060+0000] Memory: 7940M
[2025-08-01T01:23:45.060+0000] Large Page Support: Disabled
[2025-08-01T01:23:45.060+0000] NUMA Support: Disabled
[2025-08-01T01:23:45.060+0000] Compressed Oops: Enabled (Zero based)
[2025-08-01T01:23:45.060+0000] Heap Min Capacity: 4G
[2025-08-01T01:23:45.060+0000] Heap Initial Capacity: 4G
[2025-08-01T01:23:45.060+0000] Heap Max Capacity: 4G
[2025-08-01T01:23:45.060+0000] Pre-touch: Disabled
[2025-08-01T01:23:45.078+0000] CDS archive(s) mapped at: [0x0000799f70000000-0x0000799f70bc7000-0x0000799f70bc7000), size 12349440, SharedBaseAddress: 0x0000799f70000000, ArchiveRelocationMode: 1.
[2025-08-01T01:23:45.078+0000] Compressed class space mapped at: 0x0000799f71000000-0x0000799fb1000000, reserved size: 1073741824
[2025-08-01T01:23:45.078+0000] Narrow klass base: 0x0000799f70000000, Narrow klass shift: 0, Narrow klass range: 0x100000000
[2025-08-01T01:23:46.781+0000] GC(0) Pause Young (Allocation Failure)
[2025-08-01T01:23:48.866+0000] GC(0) DefNew: 1118528K(1258304K)->139776K(1258304K) Eden: 1118528K(1118528K)->0K(1118528K) From: 0K(139776K)->139776K(139776K)
[2025-08-01T01:23:48.866+0000] GC(0) Tenured: 0K(2796224K)->846444K(2796224K)
[2025-08-01T01:23:48.866+0000] GC(0) Metaspace: 10059K(10304K)->10059K(10304K) NonClass: 8832K(8960K)->8832K(8960K) Class: 1226K(1344K)->1226K(1344K)
[2025-08-01T01:23:48.866+0000] GC(0) Pause Young (Allocation Failure) 1092M->963M(3959M) 2084.587ms
[2025-08-01T01:23:48.866+0000] GC(0) User=0.91s Sys=1.17s Real=2.09s
[2025-08-01T01:23:49.208+0000] GC(1) Pause Young (Allocation Failure)
[2025-08-01T01:23:49.652+0000] GC(1) DefNew: 1258304K(1258304K)->139775K(1258304K) Eden: 1118528K(1118528K)->0K(1118528K) From: 139776K(139776K)->139775K(139776K)
[2025-08-01T01:23:49.652+0000] GC(1) Tenured: 846444K(2796224K)->931458K(2796224K)
[2025-08-01T01:23:49.652+0000] GC(1) Metaspace: 10059K(10304K)->10059K(10304K) NonClass: 8832K(8960K)->8832K(8960K) Class: 1226K(1344K)->1226K(1344K)
[2025-08-01T01:23:49.652+0000] GC(1) Pause Young (Allocation Failure) 2055M->1046M(3959M) 443.203ms
[2025-08-01T01:23:49.652+0000] GC(1) User=0.21s Sys=0.24s Real=0.44s
[2025-08-01T01:23:49.930+0000] GC(2) Pause Young (Allocation Failure)
[2025-08-01T01:23:52.369+0000] GC(2) DefNew: 1258303K(1258304K)->139776K(1258304K) Eden: 1118528K(1118528K)->0K(1118528K) From: 139775K(139776K)->139776K(139776K)
[2025-08-01T01:23:52.369+0000] GC(2) Tenured: 931458K(2796224K)->2021824K(2796224K)
[2025-08-01T01:23:52.369+0000] GC(2) Metaspace: 10059K(10304K)->10059K(10304K) NonClass: 8832K(8960K)->8832K(8960K) Class: 1226K(1344K)->1226K(1344K)
[2025-08-01T01:23:52.369+0000] GC(2) Pause Young (Allocation Failure) 2138M->2110M(3959M) 2439.070ms
[2025-08-01T01:23:52.369+0000] GC(2) User=1.14s Sys=1.30s Real=2.44s
[2025-08-01T01:23:52.636+0000] GC(3) Pause Young (Allocation Failure)
[2025-08-01T01:23:52.636+0000] GC(3) Pause Young (Allocation Failure) 3203M->3203M(3959M) 0.102ms
[2025-08-01T01:23:52.636+0000] GC(3) User=0.00s Sys=0.00s Real=0.00s
[2025-08-01T01:23:52.636+0000] GC(4) Pause Full (Allocation Failure)
[2025-08-01T01:23:52.636+0000] GC(4) Phase 1: Mark live objects
[2025-08-01T01:23:52.750+0000] GC(4) Phase 1: Mark live objects 114.026ms
[2025-08-01T01:23:52.750+0000] GC(4) Phase 2: Compute new object addresses
[2025-08-01T01:23:53.277+0000] GC(4) Phase 2: Compute new object addresses 526.947ms
[2025-08-01T01:23:53.277+0000] GC(4) Phase 3: Adjust pointers
[2025-08-01T01:23:53.379+0000] GC(4) Phase 3: Adjust pointers 102.129ms
[2025-08-01T01:23:53.380+0000] GC(4) Phase 4: Move objects
[2025-08-01T01:23:53.637+0000] GC(4) Phase 4: Move objects 257.609ms
[2025-08-01T01:23:53.639+0000] GC(4) DefNew: 1258304K(1258304K)->0K(1258304K) Eden: 1118528K(1118528K)->0K(1118528K) From: 139776K(139776K)->0K(139776K)
[2025-08-01T01:23:53.639+0000] GC(4) Tenured: 2021824K(2796224K)->567167K(2796224K)
[2025-08-01T01:23:53.639+0000] GC(4) Metaspace: 10059K(10304K)->10059K(10304K) NonClass: 8832K(8960K)->8832K(8960K) Class: 1226K(1344K)->1226K(1344K)
[2025-08-01T01:23:53.639+0000] GC(4) Pause Full (Allocation Failure) 3203M->553M(3959M) 1002.877ms
[2025-08-01T01:23:53.639+0000] GC(4) User=1.01s Sys=0.00s Real=1.00s
[2025-08-01T01:23:53.900+0000] GC(5) Pause Young (Allocation Failure)
[2025-08-01T01:23:54.397+0000] GC(5) DefNew: 1118528K(1258304K)->139775K(1258304K) Eden: 1118528K(1118528K)->0K(1118528K) From: 0K(139776K)->139775K(139776K)
[2025-08-01T01:23:54.397+0000] GC(5) Tenured: 567167K(2796224K)->1237000K(2796224K)
[2025-08-01T01:23:54.397+0000] GC(5) Metaspace: 10059K(10304K)->10059K(10304K) NonClass: 8832K(8960K)->8832K(8960K) Class: 1226K(1344K)->1226K(1344K)
[2025-08-01T01:23:54.397+0000] GC(5) Pause Young (Allocation Failure) 1646M->1344M(3959M) 497.161ms
[2025-08-01T01:23:54.397+0000] GC(5) User=0.49s Sys=0.00s Real=0.50s
[2025-08-01T01:23:54.650+0000] GC(6) Pause Young (Allocation Failure)
[2025-08-01T01:23:55.235+0000] GC(6) DefNew: 1258303K(1258304K)->139776K(1258304K) Eden: 1118528K(1118528K)->0K(1118528K) From: 139775K(139776K)->139776K(139776K)
[2025-08-01T01:23:55.235+0000] GC(6) Tenured: 1237000K(2796224K)->2022412K(2796224K)
[2025-08-01T01:23:55.235+0000] GC(6) Metaspace: 10059K(10304K)->10059K(10304K) NonClass: 8832K(8960K)->8832K(8960K) Class: 1226K(1344K)->1226K(1344K)
[2025-08-01T01:23:55.235+0000] GC(6) Pause Young (Allocation Failure) 2436M->2111M(3959M) 584.818ms
[2025-08-01T01:23:55.235+0000] GC(6) User=0.59s Sys=0.00s Real=0.59s
[2025-08-01T01:23:55.468+0000] GC(7) Pause Young (Allocation Failure)
[2025-08-01T01:23:55.468+0000] GC(7) Pause Young (Allocation Failure) 3203M->3203M(3959M) 0.078ms
[2025-08-01T01:23:55.468+0000] GC(7) User=0.00s Sys=0.00s Real=0.00s
[2025-08-01T01:23:55.468+0000] GC(8) Pause Full (Allocation Failure)
[2025-08-01T01:23:55.468+0000] GC(8) Phase 1: Mark live objects
[2025-08-01T01:23:55.509+0000] GC(8) Phase 1: Mark live objects 40.705ms
[2025-08-01T01:23:55.509+0000] GC(8) Phase 2: Compute new object addresses
[2025-08-01T01:23:56.032+0000] GC(8) Phase 2: Compute new object addresses 522.901ms
[2025-08-01T01:23:56.032+0000] GC(8) Phase 3: Adjust pointers
[2025-08-01T01:23:56.072+0000] GC(8) Phase 3: Adjust pointers 39.523ms
[2025-08-01T01:23:56.072+0000] GC(8) Phase 4: Move objects
[2025-08-01T01:23:56.159+0000] GC(8) Phase 4: Move objects 87.134ms
[2025-08-01T01:23:56.160+0000] GC(8) DefNew: 1258304K(1258304K)->0K(1258304K) Eden: 1118528K(1118528K)->0K(1118528K) From: 139776K(139776K)->0K(139776K)
[2025-08-01T01:23:56.161+0000] GC(8) Tenured: 2022412K(2796224K)->183764K(2796224K)
[2025-08-01T01:23:56.161+0000] GC(8) Metaspace: 10059K(10304K)->10059K(10304K) NonClass: 8832K(8960K)->8832K(8960K) Class: 1226K(1344K)->1226K(1344K)
[2025-08-01T01:23:56.161+0000] GC(8) Pause Full (Allocation Failure) 3203M->179M(3959M) 692.155ms
[2025-08-01T01:23:56.161+0000] GC(8) User=0.69s Sys=0.00s Real=0.69s
[2025-08-01T01:23:56.376+0000] GC(9) Pause Young (Allocation Failure)
[2025-08-01T01:23:57.202+0000] GC(9) DefNew: 1118528K(1258304K)->139775K(1258304K) Eden: 1118528K(1118528K)->0K(1118528K) From: 0K(139776K)->139775K(139776K)
[2025-08-01T01:23:57.202+0000] GC(9) Tenured: 183764K(2796224K)->1154344K(2796224K)
[2025-08-01T01:23:57.202+0000] GC(9) Metaspace: 10059K(10304K)->10059K(10304K) NonClass: 8832K(8960K)->8832K(8960K) Class: 1226K(1344K)->1226K(1344K)
[2025-08-01T01:23:57.202+0000] GC(9) Pause Young (Allocation Failure) 1271M->1263M(3959M) 825.349ms
[2025-08-01T01:23:57.202+0000] GC(9) User=0.82s Sys=0.00s Real=0.82s
[2025-08-01T01:23:57.435+0000] GC(10) Pause Young (Allocation Failure)
[2025-08-01T01:23:57.871+0000] GC(10) DefNew: 1258303K(1258304K)->139775K(1258304K) Eden: 1118528K(1118528K)->0K(1118528K) From: 139775K(139776K)->139775K(139776K)
[2025-08-01T01:23:57.872+0000] GC(10) Tenured: 1154344K(2796224K)->1568547K(2796224K)
[2025-08-01T01:23:57.872+0000] GC(10) Metaspace: 10059K(10304K)->10059K(10304K) NonClass: 8832K(8960K)->8832K(8960K) Class: 1226K(1344K)->1226K(1344K)
[2025-08-01T01:23:57.872+0000] GC(10) Pause Young (Allocation Failure) 2356M->1668M(3959M) 436.122ms
[2025-08-01T01:23:57.872+0000] GC(10) User=0.44s Sys=0.00s Real=0.43s
[2025-08-01T01:23:58.157+0000] GC(11) Pause Young (Allocation Failure)
[2025-08-01T01:23:58.157+0000] GC(11) Pause Young (Allocation Failure) 2760M->2760M(3959M) 0.160ms
[2025-08-01T01:23:58.157+0000] GC(11) User=0.00s Sys=0.00s Real=0.00s
[2025-08-01T01:23:58.157+0000] GC(12) Pause Full (Allocation Failure)
[2025-08-01T01:23:58.157+0000] GC(12) Phase 1: Mark live objects
[2025-08-01T01:23:58.309+0000] GC(12) Phase 1: Mark live objects 151.844ms
[2025-08-01T01:23:58.309+0000] GC(12) Phase 2: Compute new object addresses
[2025-08-01T01:23:58.787+0000] GC(12) Phase 2: Compute new object addresses 478.135ms
[2025-08-01T01:23:58.787+0000] GC(12) Phase 3: Adjust pointers
[2025-08-01T01:23:58.936+0000] GC(12) Phase 3: Adjust pointers 148.937ms
[2025-08-01T01:23:58.936+0000] GC(12) Phase 4: Move objects
[2025-08-01T01:23:59.293+0000] GC(12) Phase 4: Move objects 356.443ms
[2025-08-01T01:23:59.294+0000] GC(12) DefNew: 1258303K(1258304K)->0K(1258304K) Eden: 1118528K(1118528K)->0K(1118528K) From: 139775K(139776K)->0K(139776K)
[2025-08-01T01:23:59.294+0000] GC(12) Tenured: 1568547K(2796224K)->752006K(2796224K)
[2025-08-01T01:23:59.294+0000] GC(12) Metaspace: 10059K(10304K)->10059K(10304K) NonClass: 8832K(8960K)->8832K(8960K) Class: 1226K(1344K)->1226K(1344K)
[2025-08-01T01:23:59.294+0000] GC(12) Pause Full (Allocation Failure) 2760M->734M(3959M) 1136.919ms
[2025-08-01T01:23:59.294+0000] GC(12) User=1.14s Sys=0.00s Real=1.14s
[2025-08-01T01:23:59.564+0000] GC(13) Pause Young (Allocation Failure)
[2025-08-01T01:24:00.305+0000] GC(13) DefNew: 1118528K(1258304K)->139775K(1258304K) Eden: 1118528K(1118528K)->0K(1118528K) From: 0K(139776K)->139775K(139776K)
[2025-08-01T01:24:00.305+0000] GC(13) Tenured: 752006K(2796224K)->1540363K(2796224K)
[2025-08-01T01:24:00.305+0000] GC(13) Metaspace: 10059K(10304K)->10059K(10304K) NonClass: 8832K(8960K)->8832K(8960K) Class: 1226K(1344K)->1226K(1344K)
[2025-08-01T01:24:00.305+0000] GC(13) Pause Young (Allocation Failure) 1826M->1640M(3959M) 741.057ms
[2025-08-01T01:24:00.305+0000] GC(13) User=0.74s Sys=0.00s Real=0.74s
[2025-08-01T01:24:00.584+0000] GC(14) Pause Young (Allocation Failure)
[2025-08-01T01:24:00.738+0000] GC(14) DefNew: 1258303K(1258304K)->139775K(1258304K) Eden: 1118528K(1118528K)->0K(1118528K) From: 139775K(139776K)->139775K(139776K)
[2025-08-01T01:24:00.738+0000] GC(14) Tenured: 1540363K(2796224K)->1597086K(2796224K)
[2025-08-01T01:24:00.738+0000] GC(14) Metaspace: 10059K(10304K)->10059K(10304K) NonClass: 8832K(8960K)->8832K(8960K) Class: 1226K(1344K)->1226K(1344K)
[2025-08-01T01:24:00.738+0000] GC(14) Pause Young (Allocation Failure) 2733M->1696M(3959M) 154.374ms
[2025-08-01T01:24:00.738+0000] GC(14) User=0.16s Sys=0.00s Real=0.15s
[2025-08-01T01:24:01.011+0000] GC(15) Pause Young (Allocation Failure)
[2025-08-01T01:24:01.011+0000] GC(15) Pause Young (Allocation Failure) 2788M->2788M(3959M) 0.209ms
[2025-08-01T01:24:01.011+0000] GC(15) User=0.00s Sys=0.00s Real=0.00s
[2025-08-01T01:24:01.011+0000] GC(16) Pause Full (Allocation Failure)
[2025-08-01T01:24:01.011+0000] GC(16) Phase 1: Mark live objects
[2025-08-01T01:24:01.263+0000] GC(16) Phase 1: Mark live objects 251.572ms
[2025-08-01T01:24:01.263+0000] GC(16) Phase 2: Compute new object addresses
[2025-08-01T01:24:01.770+0000] GC(16) Phase 2: Compute new object addresses 507.705ms
[2025-08-01T01:24:01.770+0000] GC(16) Phase 3: Adjust pointers
[2025-08-01T01:24:01.987+0000] GC(16) Phase 3: Adjust pointers 216.707ms
[2025-08-01T01:24:01.987+0000] GC(16) Phase 4: Move objects
[2025-08-01T01:24:02.636+0000] GC(16) Phase 4: Move objects 648.931ms
[2025-08-01T01:24:02.637+0000] GC(16) DefNew: 1258303K(1258304K)->0K(1258304K) Eden: 1118528K(1118528K)->0K(1118528K) From: 139775K(139776K)->0K(139776K)
[2025-08-01T01:24:02.637+0000] GC(16) Tenured: 1597086K(2796224K)->1317643K(2796224K)
[2025-08-01T01:24:02.637+0000] GC(16) Metaspace: 10059K(10304K)->10059K(10304K) NonClass: 8832K(8960K)->8832K(8960K) Class: 1226K(1344K)->1226K(1344K)
[2025-08-01T01:24:02.637+0000] GC(16) Pause Full (Allocation Failure) 2788M->1286M(3959M) 1626.183ms
[2025-08-01T01:24:02.637+0000] GC(16) User=1.63s Sys=0.00s Real=1.63s
[2025-08-01T01:24:02.915+0000] GC(17) Pause Young (Allocation Failure)
[2025-08-01T01:24:03.385+0000] GC(17) DefNew: 1118528K(1258304K)->139775K(1258304K) Eden: 1118528K(1118528K)->0K(1118528K) From: 0K(139776K)->139775K(139776K)
[2025-08-01T01:24:03.385+0000] GC(17) Tenured: 1317643K(2796224K)->1751387K(2796224K)
[2025-08-01T01:24:03.385+0000] GC(17) Metaspace: 10059K(10304K)->10059K(10304K) NonClass: 8832K(8960K)->8832K(8960K) Class: 1226K(1344K)->1226K(1344K)
[2025-08-01T01:24:03.385+0000] GC(17) Pause Young (Allocation Failure) 2379M->1846M(3959M) 470.111ms
[2025-08-01T01:24:03.385+0000] GC(17) User=0.47s Sys=0.00s Real=0.47s
[2025-08-01T01:24:03.659+0000] GC(18) Pause Young (Allocation Failure)
[2025-08-01T01:24:03.659+0000] GC(18) Pause Young (Allocation Failure) 2939M->2939M(3959M) 0.124ms
[2025-08-01T01:24:03.659+0000] GC(18) User=0.00s Sys=0.00s Real=0.00s
[2025-08-01T01:24:03.659+0000] GC(19) Pause Full (Allocation Failure)
[2025-08-01T01:24:03.659+0000] GC(19) Phase 1: Mark live objects
[2025-08-01T01:24:03.824+0000] GC(19) Phase 1: Mark live objects 164.400ms
[2025-08-01T01:24:03.824+0000] GC(19) Phase 2: Compute new object addresses
[2025-08-01T01:24:04.416+0000] GC(19) Phase 2: Compute new object addresses 592.165ms
[2025-08-01T01:24:04.416+0000] GC(19) Phase 3: Adjust pointers
[2025-08-01T01:24:04.531+0000] GC(19) Phase 3: Adjust pointers 115.240ms
[2025-08-01T01:24:04.531+0000] GC(19) Phase 4: Move objects
[2025-08-01T01:24:04.838+0000] GC(19) Phase 4: Move objects 307.181ms
[2025-08-01T01:24:04.839+0000] GC(19) DefNew: 1258303K(1258304K)->0K(1258304K) Eden: 1118528K(1118528K)->0K(1118528K) From: 139775K(139776K)->0K(139776K)
[2025-08-01T01:24:04.839+0000] GC(19) Tenured: 1751387K(2796224K)->841724K(2796224K)
[2025-08-01T01:24:04.839+0000] GC(19) Metaspace: 10059K(10304K)->10059K(10304K) NonClass: 8832K(8960K)->8832K(8960K) Class: 1226K(1344K)->1226K(1344K)
[2025-08-01T01:24:04.839+0000] GC(19) Pause Full (Allocation Failure) 2939M->821M(3959M) 1180.298ms
[2025-08-01T01:24:04.839+0000] GC(19) User=1.19s Sys=0.00s Real=1.18s
[2025-08-01T01:24:05.092+0000] GC(20) Pause Young (Allocation Failure)
[2025-08-01T01:24:05.740+0000] GC(20) DefNew: 1118528K(1258304K)->139776K(1258304K) Eden: 1118528K(1118528K)->0K(1118528K) From: 0K(139776K)->139776K(139776K)
[2025-08-01T01:24:05.740+0000] GC(20) Tenured: 841724K(2796224K)->1620688K(2796224K)
[2025-08-01T01:24:05.740+0000] GC(20) Metaspace: 10059K(10304K)->10059K(10304K) NonClass: 8832K(8960K)->8832K(8960K) Class: 1226K(1344K)->1226K(1344K)
[2025-08-01T01:24:05.740+0000] GC(20) Pause Young (Allocation Failure) 1914M->1719M(3959M) 647.432ms
[2025-08-01T01:24:05.740+0000] GC(20) User=0.65s Sys=0.00s Real=0.65s
[2025-08-01T01:24:05.976+0000] GC(21) Pause Young (Allocation Failure)
[2025-08-01T01:24:06.126+0000] GC(21) DefNew: 1258304K(1258304K)->139775K(1258304K) Eden: 1118528K(1118528K)->0K(1118528K) From: 139776K(139776K)->139775K(139776K)
[2025-08-01T01:24:06.126+0000] GC(21) Tenured: 1620688K(2796224K)->1694375K(2796224K)
[2025-08-01T01:24:06.126+0000] GC(21) Metaspace: 10059K(10304K)->10059K(10304K) NonClass: 8832K(8960K)->8832K(8960K) Class: 1226K(1344K)->1226K(1344K)
[2025-08-01T01:24:06.127+0000] GC(21) Pause Young (Allocation Failure) 2811M->1791M(3959M) 150.923ms
[2025-08-01T01:24:06.127+0000] GC(21) User=0.15s Sys=0.00s Real=0.15s
[2025-08-01T01:24:06.396+0000] GC(22) Pause Young (Allocation Failure)
[2025-08-01T01:24:06.396+0000] GC(22) Pause Young (Allocation Failure) 2883M->2883M(3959M) 0.108ms
[2025-08-01T01:24:06.396+0000] GC(22) User=0.00s Sys=0.00s Real=0.00s
[2025-08-01T01:24:06.396+0000] GC(23) Pause Full (Allocation Failure)
[2025-08-01T01:24:06.396+0000] GC(23) Phase 1: Mark live objects
[2025-08-01T01:24:06.661+0000] GC(23) Phase 1: Mark live objects 265.519ms
[2025-08-01T01:24:06.661+0000] GC(23) Phase 2: Compute new object addresses
[2025-08-01T01:24:07.193+0000] GC(23) Phase 2: Compute new object addresses 531.617ms
[2025-08-01T01:24:07.193+0000] GC(23) Phase 3: Adjust pointers
[2025-08-01T01:24:07.433+0000] GC(23) Phase 3: Adjust pointers 239.915ms
[2025-08-01T01:24:07.433+0000] GC(23) Phase 4: Move objects
[2025-08-01T01:24:08.064+0000] GC(23) Phase 4: Move objects 630.998ms
[2025-08-01T01:24:08.065+0000] GC(23) DefNew: 1258303K(1258304K)->0K(1258304K) Eden: 1118528K(1118528K)->0K(1118528K) From: 139775K(139776K)->0K(139776K)
[2025-08-01T01:24:08.065+0000] GC(23) Tenured: 1694375K(2796224K)->1419567K(2796224K)
[2025-08-01T01:24:08.065+0000] GC(23) Metaspace: 10059K(10304K)->10059K(10304K) NonClass: 8832K(8960K)->8832K(8960K) Class: 1226K(1344K)->1226K(1344K)
[2025-08-01T01:24:08.066+0000] GC(23) Pause Full (Allocation Failure) 2883M->1386M(3959M) 1669.729ms
[2025-08-01T01:24:08.066+0000] GC(23) User=1.67s Sys=0.00s Real=1.67s
[2025-08-01T01:24:08.365+0000] GC(24) Pause Young (Allocation Failure)
[2025-08-01T01:24:08.757+0000] GC(24) DefNew: 1118528K(1258304K)->139775K(1258304K) Eden: 1118528K(1118528K)->0K(1118528K) From: 0K(139776K)->139775K(139776K)
[2025-08-01T01:24:08.757+0000] GC(24) Tenured: 1419567K(2796224K)->1864045K(2796224K)
[2025-08-01T01:24:08.757+0000] GC(24) Metaspace: 10059K(10304K)->10059K(10304K) NonClass: 8832K(8960K)->8832K(8960K) Class: 1226K(1344K)->1226K(1344K)
[2025-08-01T01:24:08.757+0000] GC(24) Pause Young (Allocation Failure) 2478M->1956M(3959M) 392.492ms
[2025-08-01T01:24:08.757+0000] GC(24) User=0.39s Sys=0.00s Real=0.39s
[2025-08-01T01:24:09.001+0000] GC(25) Pause Young (Allocation Failure)
[2025-08-01T01:24:09.001+0000] GC(25) Pause Young (Allocation Failure) 3049M->3049M(3959M) 0.118ms
[2025-08-01T01:24:09.001+0000] GC(25) User=0.00s Sys=0.00s Real=0.00s
[2025-08-01T01:24:09.001+0000] GC(26) Pause Full (Allocation Failure)
[2025-08-01T01:24:09.001+0000] GC(26) Phase 1: Mark live objects
[2025-08-01T01:24:09.151+0000] GC(26) Phase 1: Mark live objects 149.897ms
[2025-08-01T01:24:09.151+0000] GC(26) Phase 2: Compute new object addresses
[2025-08-01T01:24:09.713+0000] GC(26) Phase 2: Compute new object addresses 561.312ms
[2025-08-01T01:24:09.713+0000] GC(26) Phase 3: Adjust pointers
[2025-08-01T01:24:09.830+0000] GC(26) Phase 3: Adjust pointers 117.838ms
[2025-08-01T01:24:09.831+0000] GC(26) Phase 4: Move objects
[2025-08-01T01:24:10.165+0000] GC(26) Phase 4: Move objects 334.139ms
[2025-08-01T01:24:10.166+0000] GC(26) DefNew: 1258303K(1258304K)->0K(1258304K) Eden: 1118528K(1118528K)->0K(1118528K) From: 139775K(139776K)->0K(139776K)
[2025-08-01T01:24:10.166+0000] GC(26) Tenured: 1864045K(2796224K)->867493K(2796224K)
[2025-08-01T01:24:10.166+0000] GC(26) Metaspace: 10059K(10304K)->10059K(10304K) NonClass: 8832K(8960K)->8832K(8960K) Class: 1226K(1344K)->1226K(1344K)
[2025-08-01T01:24:10.166+0000] GC(26) Pause Full (Allocation Failure) 3049M->847M(3959M) 1165.178ms
[2025-08-01T01:24:10.166+0000] GC(26) User=1.16s Sys=0.00s Real=1.17s
[2025-08-01T01:24:10.422+0000] GC(27) Pause Young (Allocation Failure)
[2025-08-01T01:24:11.135+0000] GC(27) DefNew: 1118528K(1258304K)->139775K(1258304K) Eden: 1118528K(1118528K)->0K(1118528K) From: 0K(139776K)->139775K(139776K)
[2025-08-01T01:24:11.135+0000] GC(27) Tenured: 867493K(2796224K)->1658827K(2796224K)
[2025-08-01T01:24:11.135+0000] GC(27) Metaspace: 10059K(10304K)->10059K(10304K) NonClass: 8832K(8960K)->8832K(8960K) Class: 1226K(1344K)->1226K(1344K)
[2025-08-01T01:24:11.135+0000] GC(27) Pause Young (Allocation Failure) 1939M->1756M(3959M) 712.580ms
[2025-08-01T01:24:11.135+0000] GC(27) User=0.72s Sys=0.00s Real=0.72s
[2025-08-01T01:24:11.385+0000] GC(28) Pause Young (Allocation Failure)
[2025-08-01T01:24:11.385+0000] GC(28) Pause Young (Allocation Failure) 2848M->2848M(3959M) 0.100ms
[2025-08-01T01:24:11.385+0000] GC(28) User=0.00s Sys=0.00s Real=0.00s
[2025-08-01T01:24:11.385+0000] GC(29) Pause Full (Allocation Failure)
[2025-08-01T01:24:11.385+0000] GC(29) Phase 1: Mark live objects
[2025-08-01T01:24:11.438+0000] GC(29) Phase 1: Mark live objects 52.472ms
[2025-08-01T01:24:11.438+0000] GC(29) Phase 2: Compute new object addresses
[2025-08-01T01:24:11.927+0000] GC(29) Phase 2: Compute new object addresses 488.876ms
[2025-08-01T01:24:11.927+0000] GC(29) Phase 3: Adjust pointers
[2025-08-01T01:24:11.972+0000] GC(29) Phase 3: Adjust pointers 45.456ms
[2025-08-01T01:24:11.972+0000] GC(29) Phase 4: Move objects
[2025-08-01T01:24:12.077+0000] GC(29) Phase 4: Move objects 105.140ms
[2025-08-01T01:24:12.079+0000] GC(29) DefNew: 1258303K(1258304K)->0K(1258304K) Eden: 1118528K(1118528K)->0K(1118528K) From: 139775K(139776K)->0K(139776K)
[2025-08-01T01:24:12.079+0000] GC(29) Tenured: 1658827K(2796224K)->220441K(2796224K)
[2025-08-01T01:24:12.079+0000] GC(29) Metaspace: 10059K(10304K)->10059K(10304K) NonClass: 8832K(8960K)->8832K(8960K) Class: 1226K(1344K)->1226K(1344K)
[2025-08-01T01:24:12.079+0000] GC(29) Pause Full (Allocation Failure) 2848M->215M(3959M) 693.541ms
[2025-08-01T01:24:12.079+0000] GC(29) User=0.69s Sys=0.02s Real=0.69s
[2025-08-01T01:24:12.334+0000] GC(30) Pause Young (Allocation Failure)
[2025-08-01T01:24:13.163+0000] GC(30) DefNew: 1118528K(1258304K)->139776K(1258304K) Eden: 1118528K(1118528K)->0K(1118528K) From: 0K(139776K)->139776K(139776K)
[2025-08-01T01:24:13.163+0000] GC(30) Tenured: 220441K(2796224K)->1196625K(2796224K)
[2025-08-01T01:24:13.163+0000] GC(30) Metaspace: 10059K(10304K)->10059K(10304K) NonClass: 8832K(8960K)->8832K(8960K) Class: 1226K(1344K)->1226K(1344K)
[2025-08-01T01:24:13.163+0000] GC(30) Pause Young (Allocation Failure) 1307M->1305M(3959M) 829.013ms
[2025-08-01T01:24:13.163+0000] GC(30) User=0.83s Sys=0.00s Real=0.83s
[2025-08-01T01:24:13.402+0000] GC(31) Pause Young (Allocation Failure)
[2025-08-01T01:24:13.833+0000] GC(31) DefNew: 1258304K(1258304K)->139775K(1258304K) Eden: 1118528K(1118528K)->0K(1118528K) From: 139776K(139776K)->139775K(139776K)
[2025-08-01T01:24:13.833+0000] GC(31) Tenured: 1196625K(2796224K)->1642252K(2796224K)
[2025-08-01T01:24:13.833+0000] GC(31) Metaspace: 10059K(10304K)->10059K(10304K) NonClass: 8832K(8960K)->8832K(8960K) Class: 1226K(1344K)->1226K(1344K)
[2025-08-01T01:24:13.833+0000] GC(31) Pause Young (Allocation Failure) 2397M->1740M(3959M) 431.653ms
[2025-08-01T01:24:13.833+0000] GC(31) User=0.43s Sys=0.00s Real=0.44s
[2025-08-01T01:24:14.081+0000] GC(32) Pause Young (Allocation Failure)
[2025-08-01T01:24:14.081+0000] GC(32) Pause Young (Allocation Failure) 2832M->2832M(3959M) 0.143ms
[2025-08-01T01:24:14.081+0000] GC(32) User=0.00s Sys=0.00s Real=0.00s
[2025-08-01T01:24:14.081+0000] GC(33) Pause Full (Allocation Failure)
[2025-08-01T01:24:14.082+0000] GC(33) Phase 1: Mark live objects
[2025-08-01T01:24:14.234+0000] GC(33) Phase 1: Mark live objects 152.036ms
[2025-08-01T01:24:14.234+0000] GC(33) Phase 2: Compute new object addresses
[2025-08-01T01:24:14.704+0000] GC(33) Phase 2: Compute new object addresses 470.301ms
[2025-08-01T01:24:14.704+0000] GC(33) Phase 3: Adjust pointers
[2025-08-01T01:24:14.842+0000] GC(33) Phase 3: Adjust pointers 138.253ms
[2025-08-01T01:24:14.842+0000] GC(33) Phase 4: Move objects
[2025-08-01T01:24:15.197+0000] GC(33) Phase 4: Move objects 355.028ms
[2025-08-01T01:24:15.199+0000] GC(33) DefNew: 1258303K(1258304K)->0K(1258304K) Eden: 1118528K(1118528K)->0K(1118528K) From: 139775K(139776K)->0K(139776K)
[2025-08-01T01:24:15.199+0000] GC(33) Tenured: 1642252K(2796224K)->881897K(2796224K)
[2025-08-01T01:24:15.199+0000] GC(33) Metaspace: 10059K(10304K)->10059K(10304K) NonClass: 8832K(8960K)->8832K(8960K) Class: 1226K(1344K)->1226K(1344K)
[2025-08-01T01:24:15.199+0000] GC(33) Pause Full (Allocation Failure) 2832M->861M(3959M) 1117.188ms
[2025-08-01T01:24:15.199+0000] GC(33) User=1.12s Sys=0.00s Real=1.12s
[2025-08-01T01:24:15.424+0000] GC(34) Pause Young (Allocation Failure)
[2025-08-01T01:24:16.005+0000] GC(34) DefNew: 1118528K(1258304K)->139775K(1258304K) Eden: 1118528K(1118528K)->0K(1118528K) From: 0K(139776K)->139775K(139776K)
[2025-08-01T01:24:16.005+0000] GC(34) Tenured: 881897K(2796224K)->1661636K(2796224K)
[2025-08-01T01:24:16.005+0000] GC(34) Metaspace: 10059K(10304K)->10059K(10304K) NonClass: 8832K(8960K)->8832K(8960K) Class: 1226K(1344K)->1226K(1344K)
[2025-08-01T01:24:16.005+0000] GC(34) Pause Young (Allocation Failure) 1953M->1759M(3959M) 581.130ms
[2025-08-01T01:24:16.005+0000] GC(34) User=0.58s Sys=0.00s Real=0.58s
[2025-08-01T01:24:16.239+0000] GC(35) Pause Young (Allocation Failure)
[2025-08-01T01:24:16.239+0000] GC(35) Pause Young (Allocation Failure) 2851M->2851M(3959M) 0.120ms
[2025-08-01T01:24:16.239+0000] GC(35) User=0.00s Sys=0.00s Real=0.00s
[2025-08-01T01:24:16.239+0000] GC(36) Pause Full (Allocation Failure)
[2025-08-01T01:24:16.239+0000] GC(36) Phase 1: Mark live objects
[2025-08-01T01:24:16.291+0000] GC(36) Phase 1: Mark live objects 51.448ms
[2025-08-01T01:24:16.291+0000] GC(36) Phase 2: Compute new object addresses
[2025-08-01T01:24:16.744+0000] GC(36) Phase 2: Compute new object addresses 452.687ms
[2025-08-01T01:24:16.744+0000] GC(36) Phase 3: Adjust pointers
[2025-08-01T01:24:16.786+0000] GC(36) Phase 3: Adjust pointers 42.076ms
[2025-08-01T01:24:16.786+0000] GC(36) Phase 4: Move objects
[2025-08-01T01:24:16.890+0000] GC(36) Phase 4: Move objects 104.400ms
[2025-08-01T01:24:16.892+0000] GC(36) DefNew: 1258303K(1258304K)->0K(1258304K) Eden: 1118528K(1118528K)->0K(1118528K) From: 139775K(139776K)->0K(139776K)
[2025-08-01T01:24:16.892+0000] GC(36) Tenured: 1661636K(2796224K)->361808K(2796224K)
[2025-08-01T01:24:16.892+0000] GC(36) Metaspace: 10059K(10304K)->10059K(10304K) NonClass: 8832K(8960K)->8832K(8960K) Class: 1226K(1344K)->1226K(1344K)
[2025-08-01T01:24:16.892+0000] GC(36) Pause Full (Allocation Failure) 2851M->353M(3959M) 652.216ms
[2025-08-01T01:24:16.892+0000] GC(36) User=0.65s Sys=0.00s Real=0.65s
[2025-08-01T01:24:17.127+0000] GC(37) Pause Young (Allocation Failure)
[2025-08-01T01:24:17.883+0000] GC(37) DefNew: 1118528K(1258304K)->139776K(1258304K) Eden: 1118528K(1118528K)->0K(1118528K) From: 0K(139776K)->139776K(139776K)
[2025-08-01T01:24:17.883+0000] GC(37) Tenured: 361808K(2796224K)->1326297K(2796224K)
[2025-08-01T01:24:17.883+0000] GC(37) Metaspace: 10059K(10304K)->10059K(10304K) NonClass: 8832K(8960K)->8832K(8960K) Class: 1226K(1344K)->1226K(1344K)
[2025-08-01T01:24:17.884+0000] GC(37) Pause Young (Allocation Failure) 1445M->1431M(3959M) 756.255ms
[2025-08-01T01:24:17.884+0000] GC(37) User=0.76s Sys=0.00s Real=0.76s
[2025-08-01T01:24:18.132+0000] GC(38) Pause Young (Allocation Failure)
[2025-08-01T01:24:18.599+0000] GC(38) DefNew: 1258304K(1258304K)->139776K(1258304K) Eden: 1118528K(1118528K)->0K(1118528K) From: 139776K(139776K)->139776K(139776K)
[2025-08-01T01:24:18.599+0000] GC(38) Tenured: 1326297K(2796224K)->1784737K(2796224K)
[2025-08-01T01:24:18.599+0000] GC(38) Metaspace: 10059K(10304K)->10059K(10304K) NonClass: 8832K(8960K)->8832K(8960K) Class: 1226K(1344K)->1226K(1344K)
[2025-08-01T01:24:18.599+0000] GC(38) Pause Young (Allocation Failure) 2524M->1879M(3959M) 467.286ms
[2025-08-01T01:24:18.599+0000] GC(38) User=0.47s Sys=0.00s Real=0.47s
[2025-08-01T01:24:18.840+0000] GC(39) Pause Young (Allocation Failure)
[2025-08-01T01:24:18.840+0000] GC(39) Pause Young (Allocation Failure) 2971M->2971M(3959M) 0.104ms
[2025-08-01T01:24:18.840+0000] GC(39) User=0.00s Sys=0.00s Real=0.00s
[2025-08-01T01:24:18.840+0000] GC(40) Pause Full (Allocation Failure)
[2025-08-01T01:24:18.840+0000] GC(40) Phase 1: Mark live objects
[2025-08-01T01:24:18.996+0000] GC(40) Phase 1: Mark live objects 156.199ms
[2025-08-01T01:24:18.996+0000] GC(40) Phase 2: Compute new object addresses
[2025-08-01T01:24:19.461+0000] GC(40) Phase 2: Compute new object addresses 464.860ms
[2025-08-01T01:24:19.461+0000] GC(40) Phase 3: Adjust pointers
[2025-08-01T01:24:19.606+0000] GC(40) Phase 3: Adjust pointers 145.300ms
[2025-08-01T01:24:19.606+0000] GC(40) Phase 4: Move objects
[2025-08-01T01:24:19.947+0000] GC(40) Phase 4: Move objects 340.753ms
[2025-08-01T01:24:19.948+0000] GC(40) DefNew: 1258304K(1258304K)->0K(1258304K) Eden: 1118528K(1118528K)->0K(1118528K) From: 139776K(139776K)->0K(139776K)
[2025-08-01T01:24:19.948+0000] GC(40) Tenured: 1784737K(2796224K)->923374K(2796224K)
[2025-08-01T01:24:19.948+0000] GC(40) Metaspace: 10059K(10304K)->10059K(10304K) NonClass: 8832K(8960K)->8832K(8960K) Class: 1226K(1344K)->1226K(1344K)
[2025-08-01T01:24:19.948+0000] GC(40) Pause Full (Allocation Failure) 2971M->901M(3959M) 1108.551ms
[2025-08-01T01:24:19.948+0000] GC(40) User=1.10s Sys=0.00s Real=1.11s
[2025-08-01T01:24:20.171+0000] GC(41) Pause Young (Allocation Failure)
[2025-08-01T01:24:20.782+0000] GC(41) DefNew: 1118528K(1258304K)->139775K(1258304K) Eden: 1118528K(1118528K)->0K(1118528K) From: 0K(139776K)->139775K(139776K)
[2025-08-01T01:24:20.783+0000] GC(41) Tenured: 923374K(2796224K)->1714726K(2796224K)
[2025-08-01T01:24:20.783+0000] GC(41) Metaspace: 10059K(10304K)->10059K(10304K) NonClass: 8832K(8960K)->8832K(8960K) Class: 1226K(1344K)->1226K(1344K)
[2025-08-01T01:24:20.783+0000] GC(41) Pause Young (Allocation Failure) 1994M->1811M(3959M) 611.967ms
[2025-08-01T01:24:20.783+0000] GC(41) User=0.61s Sys=0.01s Real=0.61s
[2025-08-01T01:24:21.034+0000] GC(42) Pause Young (Allocation Failure)
[2025-08-01T01:24:21.035+0000] GC(42) Pause Young (Allocation Failure) 2903M->2903M(3959M) 0.091ms
[2025-08-01T01:24:21.035+0000] GC(42) User=0.00s Sys=0.00s Real=0.00s
[2025-08-01T01:24:21.035+0000] GC(43) Pause Full (Allocation Failure)
[2025-08-01T01:24:21.035+0000] GC(43) Phase 1: Mark live objects
[2025-08-01T01:24:21.086+0000] GC(43) Phase 1: Mark live objects 51.174ms
[2025-08-01T01:24:21.086+0000] GC(43) Phase 2: Compute new object addresses
[2025-08-01T01:24:21.522+0000] GC(43) Phase 2: Compute new object addresses 436.302ms
[2025-08-01T01:24:21.522+0000] GC(43) Phase 3: Adjust pointers
[2025-08-01T01:24:21.572+0000] GC(43) Phase 3: Adjust pointers 49.350ms
[2025-08-01T01:24:21.572+0000] GC(43) Phase 4: Move objects
[2025-08-01T01:24:21.682+0000] GC(43) Phase 4: Move objects 110.158ms
[2025-08-01T01:24:21.683+0000] GC(43) DefNew: 1258303K(1258304K)->0K(1258304K) Eden: 1118528K(1118528K)->0K(1118528K) From: 139775K(139776K)->0K(139776K)
[2025-08-01T01:24:21.683+0000] GC(43) Tenured: 1714726K(2796224K)->235375K(2796224K)
[2025-08-01T01:24:21.683+0000] GC(43) Metaspace: 10059K(10304K)->10059K(10304K) NonClass: 8832K(8960K)->8832K(8960K) Class: 1226K(1344K)->1226K(1344K)
[2025-08-01T01:24:21.683+0000] GC(43) Pause Full (Allocation Failure) 2903M->229M(3959M) 648.042ms
[2025-08-01T01:24:21.683+0000] GC(43) User=0.64s Sys=0.01s Real=0.64s
[2025-08-01T01:24:21.917+0000] GC(44) Pause Young (Allocation Failure)
[2025-08-01T01:24:22.598+0000] GC(44) DefNew: 1118528K(1258304K)->139775K(1258304K) Eden: 1118528K(1118528K)->0K(1118528K) From: 0K(139776K)->139775K(139776K)
[2025-08-01T01:24:22.598+0000] GC(44) Tenured: 235375K(2796224K)->1211494K(2796224K)
[2025-08-01T01:24:22.598+0000] GC(44) Metaspace: 10059K(10304K)->10059K(10304K) NonClass: 8832K(8960K)->8832K(8960K) Class: 1226K(1344K)->1226K(1344K)
[2025-08-01T01:24:22.598+0000] GC(44) Pause Young (Allocation Failure) 1322M->1319M(3959M) 681.061ms
[2025-08-01T01:24:22.598+0000] GC(44) User=0.68s Sys=0.01s Real=0.68s
[2025-08-01T01:24:22.822+0000] GC(45) Pause Young (Allocation Failure)
[2025-08-01T01:24:23.265+0000] GC(45) DefNew: 1258303K(1258304K)->139776K(1258304K) Eden: 1118528K(1118528K)->0K(1118528K) From: 139775K(139776K)->139776K(139776K)
[2025-08-01T01:24:23.265+0000] GC(45) Tenured: 1211494K(2796224K)->1669493K(2796224K)
[2025-08-01T01:24:23.265+0000] GC(45) Metaspace: 10059K(10304K)->10059K(10304K) NonClass: 8832K(8960K)->8832K(8960K) Class: 1226K(1344K)->1226K(1344K)
[2025-08-01T01:24:23.265+0000] GC(45) Pause Young (Allocation Failure) 2411M->1766M(3959M) 442.737ms
[2025-08-01T01:24:23.265+0000] GC(45) User=0.44s Sys=0.01s Real=0.45s
[2025-08-01T01:24:23.491+0000] GC(46) Pause Young (Allocation Failure)
[2025-08-01T01:24:23.491+0000] GC(46) Pause Young (Allocation Failure) 2859M->2859M(3959M) 0.087ms
[2025-08-01T01:24:23.491+0000] GC(46) User=0.00s Sys=0.00s Real=0.00s
[2025-08-01T01:24:23.491+0000] GC(47) Pause Full (Allocation Failure)
[2025-08-01T01:24:23.491+0000] GC(47) Phase 1: Mark live objects
[2025-08-01T01:24:23.668+0000] GC(47) Phase 1: Mark live objects 176.561ms
[2025-08-01T01:24:23.668+0000] GC(47) Phase 2: Compute new object addresses
[2025-08-01T01:24:24.084+0000] GC(47) Phase 2: Compute new object addresses 415.967ms
[2025-08-01T01:24:24.084+0000] GC(47) Phase 3: Adjust pointers
[2025-08-01T01:24:24.218+0000] GC(47) Phase 3: Adjust pointers 134.226ms
[2025-08-01T01:24:24.218+0000] GC(47) Phase 4: Move objects
[2025-08-01T01:24:24.544+0000] GC(47) Phase 4: Move objects 325.839ms
[2025-08-01T01:24:24.545+0000] GC(47) DefNew: 1258304K(1258304K)->0K(1258304K) Eden: 1118528K(1118528K)->0K(1118528K) From: 139776K(139776K)->0K(139776K)
[2025-08-01T01:24:24.545+0000] GC(47) Tenured: 1669493K(2796224K)->931458K(2796224K)
[2025-08-01T01:24:24.545+0000] GC(47) Metaspace: 10059K(10304K)->10059K(10304K) NonClass: 8832K(8960K)->8832K(8960K) Class: 1226K(1344K)->1226K(1344K)
[2025-08-01T01:24:24.546+0000] GC(47) Pause Full (Allocation Failure) 2859M->909M(3959M) 1054.671ms
[2025-08-01T01:24:24.546+0000] GC(47) User=1.04s Sys=0.01s Real=1.06s
[2025-08-01T01:24:24.763+0000] GC(48) Pause Young (Allocation Failure)
[2025-08-01T01:24:25.350+0000] GC(48) DefNew: 1118528K(1258304K)->139775K(1258304K) Eden: 1118528K(1118528K)->0K(1118528K) From: 0K(139776K)->139775K(139776K)
[2025-08-01T01:24:25.350+0000] GC(48) Tenured: 931458K(2796224K)->1711179K(2796224K)
[2025-08-01T01:24:25.350+0000] GC(48) Metaspace: 10059K(10304K)->10059K(10304K) NonClass: 8832K(8960K)->8832K(8960K) Class: 1226K(1344K)->1226K(1344K)
[2025-08-01T01:24:25.350+0000] GC(48) Pause Young (Allocation Failure) 2001M->1807M(3959M) 586.424ms
[2025-08-01T01:24:25.350+0000] GC(48) User=0.59s Sys=0.00s Real=0.58s
[2025-08-01T01:24:25.588+0000] GC(49) Pause Young (Allocation Failure)
[2025-08-01T01:24:25.588+0000] GC(49) Pause Young (Allocation Failure) 2899M->2899M(3959M) 0.087ms
[2025-08-01T01:24:25.588+0000] GC(49) User=0.00s Sys=0.00s Real=0.00s
[2025-08-01T01:24:25.588+0000] GC(50) Pause Full (Allocation Failure)
[2025-08-01T01:24:25.588+0000] GC(50) Phase 1: Mark live objects
[2025-08-01T01:24:25.640+0000] GC(50) Phase 1: Mark live objects 51.563ms
[2025-08-01T01:24:25.640+0000] GC(50) Phase 2: Compute new object addresses
[2025-08-01T01:24:26.128+0000] GC(50) Phase 2: Compute new object addresses 488.116ms
[2025-08-01T01:24:26.128+0000] GC(50) Phase 3: Adjust pointers
[2025-08-01T01:24:26.170+0000] GC(50) Phase 3: Adjust pointers 42.082ms
[2025-08-01T01:24:26.170+0000] GC(50) Phase 4: Move objects
[2025-08-01T01:24:26.274+0000] GC(50) Phase 4: Move objects 103.660ms
[2025-08-01T01:24:26.275+0000] GC(50) DefNew: 1258303K(1258304K)->0K(1258304K) Eden: 1118528K(1118528K)->0K(1118528K) From: 139775K(139776K)->0K(139776K)
[2025-08-01T01:24:26.275+0000] GC(50) Tenured: 1711179K(2796224K)->380123K(2796224K)
[2025-08-01T01:24:26.275+0000] GC(50) Metaspace: 10059K(10304K)->10059K(10304K) NonClass: 8832K(8960K)->8832K(8960K) Class: 1226K(1344K)->1226K(1344K)
[2025-08-01T01:24:26.275+0000] GC(50) Pause Full (Allocation Failure) 2899M->371M(3959M) 686.915ms
[2025-08-01T01:24:26.275+0000] GC(50) User=0.68s Sys=0.01s Real=0.69s
[2025-08-01T01:24:26.495+0000] GC(51) Pause Young (Allocation Failure)
[2025-08-01T01:24:27.275+0000] GC(51) DefNew: 1118528K(1258304K)->139775K(1258304K) Eden: 1118528K(1118528K)->0K(1118528K) From: 0K(139776K)->139775K(139776K)
[2025-08-01T01:24:27.275+0000] GC(51) Tenured: 380123K(2796224K)->1344606K(2796224K)
[2025-08-01T01:24:27.275+0000] GC(51) Metaspace: 10059K(10304K)->10059K(10304K) NonClass: 8832K(8960K)->8832K(8960K) Class: 1226K(1344K)->1226K(1344K)
[2025-08-01T01:24:27.275+0000] GC(51) Pause Young (Allocation Failure) 1463M->1449M(3959M) 780.164ms
[2025-08-01T01:24:27.275+0000] GC(51) User=0.78s Sys=0.01s Real=0.78s
[2025-08-01T01:24:27.496+0000] GC(52) Pause Young (Allocation Failure)
[2025-08-01T01:24:27.943+0000] GC(52) DefNew: 1258303K(1258304K)->139776K(1258304K) Eden: 1118528K(1118528K)->0K(1118528K) From: 139775K(139776K)->139776K(139776K)
[2025-08-01T01:24:27.943+0000] GC(52) Tenured: 1344606K(2796224K)->1815423K(2796224K)
[2025-08-01T01:24:27.943+0000] GC(52) Metaspace: 10059K(10304K)->10059K(10304K) NonClass: 8832K(8960K)->8832K(8960K) Class: 1226K(1344K)->1226K(1344K)
[2025-08-01T01:24:27.943+0000] GC(52) Pause Young (Allocation Failure) 2541M->1909M(3959M) 446.688ms
[2025-08-01T01:24:27.943+0000] GC(52) User=0.45s Sys=0.00s Real=0.45s
[2025-08-01T01:24:28.173+0000] GC(53) Pause Young (Allocation Failure)
[2025-08-01T01:24:28.173+0000] GC(53) Pause Young (Allocation Failure) 3001M->3001M(3959M) 0.111ms
[2025-08-01T01:24:28.173+0000] GC(53) User=0.00s Sys=0.00s Real=0.00s
[2025-08-01T01:24:28.173+0000] GC(54) Pause Full (Allocation Failure)
[2025-08-01T01:24:28.173+0000] GC(54) Phase 1: Mark live objects
[2025-08-01T01:24:28.311+0000] GC(54) Phase 1: Mark live objects 138.049ms
[2025-08-01T01:24:28.311+0000] GC(54) Phase 2: Compute new object addresses
[2025-08-01T01:24:28.781+0000] GC(54) Phase 2: Compute new object addresses 469.992ms
[2025-08-01T01:24:28.781+0000] GC(54) Phase 3: Adjust pointers
[2025-08-01T01:24:28.937+0000] GC(54) Phase 3: Adjust pointers 155.209ms
[2025-08-01T01:24:28.937+0000] GC(54) Phase 4: Move objects
[2025-08-01T01:24:29.323+0000] GC(54) Phase 4: Move objects 386.300ms
[2025-08-01T01:24:29.324+0000] GC(54) DefNew: 1258304K(1258304K)->0K(1258304K) Eden: 1118528K(1118528K)->0K(1118528K) From: 139776K(139776K)->0K(139776K)
[2025-08-01T01:24:29.324+0000] GC(54) Tenured: 1815423K(2796224K)->937370K(2796224K)
[2025-08-01T01:24:29.324+0000] GC(54) Metaspace: 10059K(10304K)->10059K(10304K) NonClass: 8832K(8960K)->8832K(8960K) Class: 1226K(1344K)->1226K(1344K)
[2025-08-01T01:24:29.324+0000] GC(54) Pause Full (Allocation Failure) 3001M->915M(3959M) 1151.059ms
[2025-08-01T01:24:29.324+0000] GC(54) User=1.15s Sys=0.00s Real=1.15s
[2025-08-01T01:24:29.554+0000] GC(55) Pause Young (Allocation Failure)
[2025-08-01T01:24:30.269+0000] GC(55) DefNew: 1118528K(1258304K)->139775K(1258304K) Eden: 1118528K(1118528K)->0K(1118528K) From: 0K(139776K)->139775K(139776K)
[2025-08-01T01:24:30.269+0000] GC(55) Tenured: 937370K(2796224K)->1728724K(2796224K)
[2025-08-01T01:24:30.269+0000] GC(55) Metaspace: 10059K(10304K)->10059K(10304K) NonClass: 8832K(8960K)->8832K(8960K) Class: 1226K(1344K)->1226K(1344K)
[2025-08-01T01:24:30.269+0000] GC(55) Pause Young (Allocation Failure) 2007M->1824M(3959M) 714.948ms
[2025-08-01T01:24:30.269+0000] GC(55) User=0.72s Sys=0.01s Real=0.71s
[2025-08-01T01:24:30.484+0000] GC(56) Pause Young (Allocation Failure)
[2025-08-01T01:24:30.484+0000] GC(56) Pause Young (Allocation Failure) 2917M->2917M(3959M) 0.102ms
[2025-08-01T01:24:30.484+0000] GC(56) User=0.00s Sys=0.00s Real=0.00s
[2025-08-01T01:24:30.484+0000] GC(57) Pause Full (Allocation Failure)
[2025-08-01T01:24:30.484+0000] GC(57) Phase 1: Mark live objects
[2025-08-01T01:24:30.532+0000] GC(57) Phase 1: Mark live objects 47.778ms
[2025-08-01T01:24:30.532+0000] GC(57) Phase 2: Compute new object addresses
[2025-08-01T01:24:31.028+0000] GC(57) Phase 2: Compute new object addresses 495.864ms
[2025-08-01T01:24:31.028+0000] GC(57) Phase 3: Adjust pointers
[2025-08-01T01:24:31.079+0000] GC(57) Phase 3: Adjust pointers 51.162ms
[2025-08-01T01:24:31.079+0000] GC(57) Phase 4: Move objects
[2025-08-01T01:24:31.177+0000] GC(57) Phase 4: Move objects 97.381ms
[2025-08-01T01:24:31.178+0000] GC(57) DefNew: 1258303K(1258304K)->0K(1258304K) Eden: 1118528K(1118528K)->0K(1118528K) From: 139775K(139776K)->0K(139776K)
[2025-08-01T01:24:31.178+0000] GC(57) Tenured: 1728724K(2796224K)->248586K(2796224K)
[2025-08-01T01:24:31.178+0000] GC(57) Metaspace: 10059K(10304K)->10059K(10304K) NonClass: 8832K(8960K)->8832K(8960K) Class: 1226K(1344K)->1226K(1344K)
[2025-08-01T01:24:31.178+0000] GC(57) Pause Full (Allocation Failure) 2917M->242M(3959M) 693.820ms
[2025-08-01T01:24:31.178+0000] GC(57) User=0.69s Sys=0.00s Real=0.69s
[2025-08-01T01:24:31.399+0000] GC(58) Pause Young (Allocation Failure)
[2025-08-01T01:24:32.204+0000] GC(58) DefNew: 1118528K(1258304K)->139775K(1258304K) Eden: 1118528K(1118528K)->0K(1118528K) From: 0K(139776K)->139775K(139776K)
[2025-08-01T01:24:32.204+0000] GC(58) Tenured: 248586K(2796224K)->1224700K(2796224K)
[2025-08-01T01:24:32.204+0000] GC(58) Metaspace: 10059K(10304K)->10059K(10304K) NonClass: 8832K(8960K)->8832K(8960K) Class: 1226K(1344K)->1226K(1344K)
[2025-08-01T01:24:32.204+0000] GC(58) Pause Young (Allocation Failure) 1335M->1332M(3959M) 805.202ms
[2025-08-01T01:24:32.205+0000] GC(58) User=0.81s Sys=0.00s Real=0.81s
[2025-08-01T01:24:32.419+0000] GC(59) Pause Young (Allocation Failure)
[2025-08-01T01:24:32.848+0000] GC(59) DefNew: 1258303K(1258304K)->139775K(1258304K) Eden: 1118528K(1118528K)->0K(1118528K) From: 139775K(139776K)->139775K(139776K)
[2025-08-01T01:24:32.848+0000] GC(59) Tenured: 1224700K(2796224K)->1696731K(2796224K)
[2025-08-01T01:24:32.848+0000] GC(59) Metaspace: 10059K(10304K)->10059K(10304K) NonClass: 8832K(8960K)->8832K(8960K) Class: 1226K(1344K)->1226K(1344K)
[2025-08-01T01:24:32.848+0000] GC(59) Pause Young (Allocation Failure) 2424M->1793M(3959M) 429.370ms
[2025-08-01T01:24:32.848+0000] GC(59) User=0.43s Sys=0.00s Real=0.43s
[2025-08-01T01:24:33.079+0000] GC(60) Pause Young (Allocation Failure)
[2025-08-01T01:24:33.079+0000] GC(60) Pause Young (Allocation Failure) 2885M->2885M(3959M) 0.100ms
[2025-08-01T01:24:33.079+0000] GC(60) User=0.00s Sys=0.00s Real=0.00s
[2025-08-01T01:24:33.079+0000] GC(61) Pause Full (Allocation Failure)
[2025-08-01T01:24:33.079+0000] GC(61) Phase 1: Mark live objects
[2025-08-01T01:24:33.223+0000] GC(61) Phase 1: Mark live objects 143.962ms
[2025-08-01T01:24:33.223+0000] GC(61) Phase 2: Compute new object addresses
[2025-08-01T01:24:33.659+0000] GC(61) Phase 2: Compute new object addresses 435.811ms
[2025-08-01T01:24:33.659+0000] GC(61) Phase 3: Adjust pointers
[2025-08-01T01:24:33.778+0000] GC(61) Phase 3: Adjust pointers 118.473ms
[2025-08-01T01:24:33.778+0000] GC(61) Phase 4: Move objects
[2025-08-01T01:24:34.090+0000] GC(61) Phase 4: Move objects 312.872ms
[2025-08-01T01:24:34.092+0000] GC(61) DefNew: 1258303K(1258304K)->0K(1258304K) Eden: 1118528K(1118528K)->0K(1118528K) From: 139775K(139776K)->0K(139776K)
[2025-08-01T01:24:34.092+0000] GC(61) Tenured: 1696731K(2796224K)->936366K(2796224K)
[2025-08-01T01:24:34.092+0000] GC(61) Metaspace: 10059K(10304K)->10059K(10304K) NonClass: 8832K(8960K)->8832K(8960K) Class: 1226K(1344K)->1226K(1344K)
[2025-08-01T01:24:34.092+0000] GC(61) Pause Full (Allocation Failure) 2885M->914M(3959M) 1012.595ms
[2025-08-01T01:24:34.092+0000] GC(61) User=1.01s Sys=0.01s Real=1.01s
[2025-08-01T01:24:34.313+0000] GC(62) Pause Young (Allocation Failure)
[2025-08-01T01:24:34.915+0000] GC(62) DefNew: 1118528K(1258304K)->139776K(1258304K) Eden: 1118528K(1118528K)->0K(1118528K) From: 0K(139776K)->139776K(139776K)
[2025-08-01T01:24:34.915+0000] GC(62) Tenured: 936366K(2796224K)->1716085K(2796224K)
[2025-08-01T01:24:34.915+0000] GC(62) Metaspace: 10059K(10304K)->10059K(10304K) NonClass: 8832K(8960K)->8832K(8960K) Class: 1226K(1344K)->1226K(1344K)
[2025-08-01T01:24:34.915+0000] GC(62) Pause Young (Allocation Failure) 2006M->1812M(3959M) 601.985ms
[2025-08-01T01:24:34.915+0000] GC(62) User=0.60s Sys=0.01s Real=0.60s
[2025-08-01T01:24:35.147+0000] GC(63) Pause Young (Allocation Failure)
[2025-08-01T01:24:35.147+0000] GC(63) Pause Young (Allocation Failure) 2904M->2904M(3959M) 0.112ms
[2025-08-01T01:24:35.147+0000] GC(63) User=0.00s Sys=0.00s Real=0.00s
[2025-08-01T01:24:35.147+0000] GC(64) Pause Full (Allocation Failure)
[2025-08-01T01:24:35.147+0000] GC(64) Phase 1: Mark live objects
[2025-08-01T01:24:35.207+0000] GC(64) Phase 1: Mark live objects 59.155ms
[2025-08-01T01:24:35.207+0000] GC(64) Phase 2: Compute new object addresses
[2025-08-01T01:24:35.717+0000] GC(64) Phase 2: Compute new object addresses 510.448ms
[2025-08-01T01:24:35.717+0000] GC(64) Phase 3: Adjust pointers
[2025-08-01T01:24:35.758+0000] GC(64) Phase 3: Adjust pointers 41.227ms
[2025-08-01T01:24:35.759+0000] GC(64) Phase 4: Move objects
[2025-08-01T01:24:35.871+0000] GC(64) Phase 4: Move objects 112.221ms
[2025-08-01T01:24:35.872+0000] GC(64) DefNew: 1258304K(1258304K)->0K(1258304K) Eden: 1118528K(1118528K)->0K(1118528K) From: 139776K(139776K)->0K(139776K)
[2025-08-01T01:24:35.872+0000] GC(64) Tenured: 1716085K(2796224K)->385033K(2796224K)
[2025-08-01T01:24:35.872+0000] GC(64) Metaspace: 10059K(10304K)->10059K(10304K) NonClass: 8832K(8960K)->8832K(8960K) Class: 1226K(1344K)->1226K(1344K)
[2025-08-01T01:24:35.872+0000] GC(64) Pause Full (Allocation Failure) 2904M->376M(3959M) 724.873ms
[2025-08-01T01:24:35.872+0000] GC(64) User=0.73s Sys=0.00s Real=0.72s
[2025-08-01T01:24:36.088+0000] GC(65) Pause Young (Allocation Failure)
[2025-08-01T01:24:36.758+0000] GC(65) DefNew: 1118528K(1258304K)->139776K(1258304K) Eden: 1118528K(1118528K)->0K(1118528K) From: 0K(139776K)->139776K(139776K)
[2025-08-01T01:24:36.758+0000] GC(65) Tenured: 385033K(2796224K)->1349517K(2796224K)
[2025-08-01T01:24:36.758+0000] GC(65) Metaspace: 10059K(10304K)->10059K(10304K) NonClass: 8832K(8960K)->8832K(8960K) Class: 1226K(1344K)->1226K(1344K)
[2025-08-01T01:24:36.758+0000] GC(65) Pause Young (Allocation Failure) 1468M->1454M(3959M) 670.627ms
[2025-08-01T01:24:36.758+0000] GC(65) User=0.67s Sys=0.00s Real=0.67s
[2025-08-01T01:24:36.976+0000] GC(66) Pause Young (Allocation Failure)
[2025-08-01T01:24:37.400+0000] GC(66) DefNew: 1258304K(1258304K)->139775K(1258304K) Eden: 1118528K(1118528K)->0K(1118528K) From: 139776K(139776K)->139775K(139776K)
[2025-08-01T01:24:37.400+0000] GC(66) Tenured: 1349517K(2796224K)->1834375K(2796224K)
[2025-08-01T01:24:37.400+0000] GC(66) Metaspace: 10059K(10304K)->10059K(10304K) NonClass: 8832K(8960K)->8832K(8960K) Class: 1226K(1344K)->1226K(1344K)
[2025-08-01T01:24:37.400+0000] GC(66) Pause Young (Allocation Failure) 2546M->1927M(3959M) 424.353ms
[2025-08-01T01:24:37.400+0000] GC(66) User=0.42s Sys=0.00s Real=0.42s
[2025-08-01T01:24:37.620+0000] GC(67) Pause Young (Allocation Failure)
[2025-08-01T01:24:37.620+0000] GC(67) Pause Young (Allocation Failure) 3020M->3020M(3959M) 0.075ms
[2025-08-01T01:24:37.620+0000] GC(67) User=0.00s Sys=0.00s Real=0.00s
[2025-08-01T01:24:37.620+0000] GC(68) Pause Full (Allocation Failure)
[2025-08-01T01:24:37.620+0000] GC(68) Phase 1: Mark live objects
[2025-08-01T01:24:37.756+0000] GC(68) Phase 1: Mark live objects 135.779ms
[2025-08-01T01:24:37.756+0000] GC(68) Phase 2: Compute new object addresses
[2025-08-01T01:24:38.175+0000] GC(68) Phase 2: Compute new object addresses 418.225ms
[2025-08-01T01:24:38.175+0000] GC(68) Phase 3: Adjust pointers
[2025-08-01T01:24:38.306+0000] GC(68) Phase 3: Adjust pointers 131.566ms
[2025-08-01T01:24:38.306+0000] GC(68) Phase 4: Move objects
[2025-08-01T01:24:38.656+0000] GC(68) Phase 4: Move objects 349.593ms
[2025-08-01T01:24:38.657+0000] GC(68) DefNew: 1258303K(1258304K)->0K(1258304K) Eden: 1118528K(1118528K)->0K(1118528K) From: 139775K(139776K)->0K(139776K)
[2025-08-01T01:24:38.657+0000] GC(68) Tenured: 1834375K(2796224K)->945236K(2796224K)
[2025-08-01T01:24:38.657+0000] GC(68) Metaspace: 10059K(10304K)->10059K(10304K) NonClass: 8832K(8960K)->8832K(8960K) Class: 1226K(1344K)->1226K(1344K)
[2025-08-01T01:24:38.657+0000] GC(68) Pause Full (Allocation Failure) 3020M->923M(3959M) 1036.734ms
[2025-08-01T01:24:38.657+0000] GC(68) User=1.04s Sys=0.00s Real=1.04s
[2025-08-01T01:24:38.894+0000] GC(69) Pause Young (Allocation Failure)
[2025-08-01T01:24:39.597+0000] GC(69) DefNew: 1118528K(1258304K)->139775K(1258304K) Eden: 1118528K(1118528K)->0K(1118528K) From: 0K(139776K)->139775K(139776K)
[2025-08-01T01:24:39.597+0000] GC(69) Tenured: 945236K(2796224K)->1736583K(2796224K)
[2025-08-01T01:24:39.597+0000] GC(69) Metaspace: 10059K(10304K)->10059K(10304K) NonClass: 8832K(8960K)->8832K(8960K) Class: 1226K(1344K)->1226K(1344K)
[2025-08-01T01:24:39.597+0000] GC(69) Pause Young (Allocation Failure) 2015M->1832M(3959M) 702.815ms
[2025-08-01T01:24:39.597+0000] GC(69) User=0.70s Sys=0.00s Real=0.70s
[2025-08-01T01:24:39.817+0000] GC(70) Pause Young (Allocation Failure)
[2025-08-01T01:24:39.817+0000] GC(70) Pause Young (Allocation Failure) 2924M->2924M(3959M) 0.130ms
[2025-08-01T01:24:39.817+0000] GC(70) User=0.00s Sys=0.00s Real=0.00s
[2025-08-01T01:24:39.817+0000] GC(71) Pause Full (Allocation Failure)
[2025-08-01T01:24:39.817+0000] GC(71) Phase 1: Mark live objects
[2025-08-01T01:24:39.883+0000] GC(71) Phase 1: Mark live objects 65.860ms
[2025-08-01T01:24:39.883+0000] GC(71) Phase 2: Compute new object addresses
[2025-08-01T01:24:40.424+0000] GC(71) Phase 2: Compute new object addresses 540.580ms
[2025-08-01T01:24:40.424+0000] GC(71) Phase 3: Adjust pointers
[2025-08-01T01:24:40.468+0000] GC(71) Phase 3: Adjust pointers 43.829ms
[2025-08-01T01:24:40.468+0000] GC(71) Phase 4: Move objects
[2025-08-01T01:24:40.574+0000] GC(71) Phase 4: Move objects 105.346ms
[2025-08-01T01:24:40.574+0000] GC(71) DefNew: 1258303K(1258304K)->0K(1258304K) Eden: 1118528K(1118528K)->0K(1118528K) From: 139775K(139776K)->0K(139776K)
[2025-08-01T01:24:40.574+0000] GC(71) Tenured: 1736583K(2796224K)->263398K(2796224K)
[2025-08-01T01:24:40.574+0000] GC(71) Metaspace: 10059K(10304K)->10059K(10304K) NonClass: 8832K(8960K)->8832K(8960K) Class: 1226K(1344K)->1226K(1344K)
[2025-08-01T01:24:40.574+0000] GC(71) Pause Full (Allocation Failure) 2924M->257M(3959M) 756.784ms
[2025-08-01T01:24:40.574+0000] GC(71) User=0.75s Sys=0.01s Real=0.76s
[2025-08-01T01:24:40.795+0000] GC(72) Pause Young (Allocation Failure)
[2025-08-01T01:24:41.559+0000] GC(72) DefNew: 1118528K(1258304K)->139775K(1258304K) Eden: 1118528K(1118528K)->0K(1118528K) From: 0K(139776K)->139775K(139776K)
[2025-08-01T01:24:41.559+0000] GC(72) Tenured: 263398K(2796224K)->1239510K(2796224K)
[2025-08-01T01:24:41.559+0000] GC(72) Metaspace: 10059K(10304K)->10059K(10304K) NonClass: 8832K(8960K)->8832K(8960K) Class: 1226K(1344K)->1226K(1344K)
[2025-08-01T01:24:41.559+0000] GC(72) Pause Young (Allocation Failure) 1349M->1346M(3959M) 764.171ms
[2025-08-01T01:24:41.559+0000] GC(72) User=0.77s Sys=0.01s Real=0.76s
[2025-08-01T01:24:41.785+0000] GC(73) Pause Young (Allocation Failure)
[2025-08-01T01:24:42.191+0000] GC(73) DefNew: 1258303K(1258304K)->139776K(1258304K) Eden: 1118528K(1118528K)->0K(1118528K) From: 139775K(139776K)->139776K(139776K)
[2025-08-01T01:24:42.191+0000] GC(73) Tenured: 1239510K(2796224K)->1725569K(2796224K)
[2025-08-01T01:24:42.191+0000] GC(73) Metaspace: 10059K(10304K)->10059K(10304K) NonClass: 8832K(8960K)->8832K(8960K) Class: 1226K(1344K)->1226K(1344K)
[2025-08-01T01:24:42.191+0000] GC(73) Pause Young (Allocation Failure) 2439M->1821M(3959M) 406.128ms
[2025-08-01T01:24:42.191+0000] GC(73) User=0.40s Sys=0.00s Real=0.40s
[2025-08-01T01:24:42.412+0000] GC(74) Pause Young (Allocation Failure)
[2025-08-01T01:24:42.412+0000] GC(74) Pause Young (Allocation Failure) 2913M->2913M(3959M) 0.103ms
[2025-08-01T01:24:42.412+0000] GC(74) User=0.00s Sys=0.00s Real=0.00s
[2025-08-01T01:24:42.412+0000] GC(75) Pause Full (Allocation Failure)
[2025-08-01T01:24:42.412+0000] GC(75) Phase 1: Mark live objects
[2025-08-01T01:24:42.551+0000] GC(75) Phase 1: Mark live objects 139.558ms
[2025-08-01T01:24:42.552+0000] GC(75) Phase 2: Compute new object addresses
[2025-08-01T01:24:42.975+0000] GC(75) Phase 2: Compute new object addresses 423.068ms
[2025-08-01T01:24:42.975+0000] GC(75) Phase 3: Adjust pointers
[2025-08-01T01:24:43.098+0000] GC(75) Phase 3: Adjust pointers 122.897ms
[2025-08-01T01:24:43.098+0000] GC(75) Phase 4: Move objects
[2025-08-01T01:24:43.433+0000] GC(75) Phase 4: Move objects 335.511ms
[2025-08-01T01:24:43.434+0000] GC(75) DefNew: 1258304K(1258304K)->0K(1258304K) Eden: 1118528K(1118528K)->0K(1118528K) From: 139776K(139776K)->0K(139776K)
[2025-08-01T01:24:43.434+0000] GC(75) Tenured: 1725569K(2796224K)->954015K(2796224K)
[2025-08-01T01:24:43.434+0000] GC(75) Metaspace: 10059K(10304K)->10059K(10304K) NonClass: 8832K(8960K)->8832K(8960K) Class: 1226K(1344K)->1226K(1344K)
[2025-08-01T01:24:43.434+0000] GC(75) Pause Full (Allocation Failure) 2913M->931M(3959M) 1022.016ms
[2025-08-01T01:24:43.434+0000] GC(75) User=1.02s Sys=0.01s Real=1.03s
[2025-08-01T01:24:43.643+0000] GC(76) Pause Young (Allocation Failure)
[2025-08-01T01:24:44.222+0000] GC(76) DefNew: 1118528K(1258304K)->139775K(1258304K) Eden: 1118528K(1118528K)->0K(1118528K) From: 0K(139776K)->139775K(139776K)
[2025-08-01T01:24:44.222+0000] GC(76) Tenured: 954015K(2796224K)->1733734K(2796224K)
[2025-08-01T01:24:44.222+0000] GC(76) Metaspace: 10059K(10304K)->10059K(10304K) NonClass: 8832K(8960K)->8832K(8960K) Class: 1226K(1344K)->1226K(1344K)
[2025-08-01T01:24:44.222+0000] GC(76) Pause Young (Allocation Failure) 2023M->1829M(3959M) 579.182ms
[2025-08-01T01:24:44.222+0000] GC(76) User=0.57s Sys=0.01s Real=0.58s
[2025-08-01T01:24:44.447+0000] GC(77) Pause Young (Allocation Failure)
[2025-08-01T01:24:44.447+0000] GC(77) Pause Young (Allocation Failure) 2921M->2921M(3959M) 0.119ms
[2025-08-01T01:24:44.447+0000] GC(77) User=0.00s Sys=0.00s Real=0.00s
[2025-08-01T01:24:44.447+0000] GC(78) Pause Full (Allocation Failure)
[2025-08-01T01:24:44.447+0000] GC(78) Phase 1: Mark live objects
[2025-08-01T01:24:44.511+0000] GC(78) Phase 1: Mark live objects 64.315ms
[2025-08-01T01:24:44.511+0000] GC(78) Phase 2: Compute new object addresses
[2025-08-01T01:24:45.031+0000] GC(78) Phase 2: Compute new object addresses 519.787ms
[2025-08-01T01:24:45.031+0000] GC(78) Phase 3: Adjust pointers
[2025-08-01T01:24:45.090+0000] GC(78) Phase 3: Adjust pointers 58.940ms
[2025-08-01T01:24:45.090+0000] GC(78) Phase 4: Move objects
[2025-08-01T01:24:45.212+0000] GC(78) Phase 4: Move objects 121.468ms
[2025-08-01T01:24:45.213+0000] GC(78) DefNew: 1258303K(1258304K)->0K(1258304K) Eden: 1118528K(1118528K)->0K(1118528K) From: 139775K(139776K)->0K(139776K)
[2025-08-01T01:24:45.213+0000] GC(78) Tenured: 1733734K(2796224K)->402678K(2796224K)
[2025-08-01T01:24:45.213+0000] GC(78) Metaspace: 10059K(10304K)->10059K(10304K) NonClass: 8832K(8960K)->8832K(8960K) Class: 1226K(1344K)->1226K(1344K)
[2025-08-01T01:24:45.213+0000] GC(78) Pause Full (Allocation Failure) 2921M->393M(3959M) 765.985ms
[2025-08-01T01:24:45.213+0000] GC(78) User=0.76s Sys=0.01s Real=0.77s
[2025-08-01T01:24:45.422+0000] GC(79) Pause Young (Allocation Failure)
[2025-08-01T01:24:46.145+0000] GC(79) DefNew: 1118528K(1258304K)->139776K(1258304K) Eden: 1118528K(1118528K)->0K(1118528K) From: 0K(139776K)->139776K(139776K)
[2025-08-01T01:24:46.145+0000] GC(79) Tenured: 402678K(2796224K)->1367160K(2796224K)
[2025-08-01T01:24:46.145+0000] GC(79) Metaspace: 10059K(10304K)->10059K(10304K) NonClass: 8832K(8960K)->8832K(8960K) Class: 1226K(1344K)->1226K(1344K)
[2025-08-01T01:24:46.145+0000] GC(79) Pause Young (Allocation Failure) 1485M->1471M(3959M) 723.301ms
[2025-08-01T01:24:46.145+0000] GC(79) User=0.72s Sys=0.01s Real=0.73s
[2025-08-01T01:24:46.366+0000] GC(80) Pause Young (Allocation Failure)
[2025-08-01T01:24:46.767+0000] GC(80) DefNew: 1258304K(1258304K)->139775K(1258304K) Eden: 1118528K(1118528K)->0K(1118528K) From: 139776K(139776K)->139775K(139776K)
[2025-08-01T01:24:46.767+0000] GC(80) Tenured: 1367160K(2796224K)->1866055K(2796224K)
[2025-08-01T01:24:46.767+0000] GC(80) Metaspace: 10059K(10304K)->10059K(10304K) NonClass: 8832K(8960K)->8832K(8960K) Class: 1226K(1344K)->1226K(1344K)
[2025-08-01T01:24:46.768+0000] GC(80) Pause Young (Allocation Failure) 2563M->1958M(3959M) 401.937ms
[2025-08-01T01:24:46.768+0000] GC(80) User=0.39s Sys=0.00s Real=0.40s
[2025-08-01T01:24:46.976+0000] GC(81) Pause Young (Allocation Failure)
[2025-08-01T01:24:46.976+0000] GC(81) Pause Young (Allocation Failure) 3051M->3051M(3959M) 0.116ms
[2025-08-01T01:24:46.976+0000] GC(81) User=0.00s Sys=0.00s Real=0.00s
[2025-08-01T01:24:46.976+0000] GC(82) Pause Full (Allocation Failure)
[2025-08-01T01:24:46.976+0000] GC(82) Phase 1: Mark live objects
[2025-08-01T01:24:47.115+0000] GC(82) Phase 1: Mark live objects 139.072ms
[2025-08-01T01:24:47.115+0000] GC(82) Phase 2: Compute new object addresses
[2025-08-01T01:24:47.627+0000] GC(82) Phase 2: Compute new object addresses 511.218ms
[2025-08-01T01:24:47.627+0000] GC(82) Phase 3: Adjust pointers
[2025-08-01T01:24:47.760+0000] GC(82) Phase 3: Adjust pointers 132.778ms
[2025-08-01T01:24:47.760+0000] GC(82) Phase 4: Move objects
[2025-08-01T01:24:48.081+0000] GC(82) Phase 4: Move objects 321.741ms
[2025-08-01T01:24:48.082+0000] GC(82) DefNew: 1258303K(1258304K)->0K(1258304K) Eden: 1118528K(1118528K)->0K(1118528K) From: 139775K(139776K)->0K(139776K)
[2025-08-01T01:24:48.082+0000] GC(82) Tenured: 1866055K(2796224K)->959356K(2796224K)
[2025-08-01T01:24:48.082+0000] GC(82) Metaspace: 10059K(10304K)->10059K(10304K) NonClass: 8832K(8960K)->8832K(8960K) Class: 1226K(1344K)->1226K(1344K)
[2025-08-01T01:24:48.082+0000] GC(82) Pause Full (Allocation Failure) 3051M->936M(3959M) 1106.227ms
[2025-08-01T01:24:48.082+0000] GC(82) User=1.11s Sys=0.00s Real=1.10s
[2025-08-01T01:24:48.292+0000] GC(83) Pause Young (Allocation Failure)
[2025-08-01T01:24:48.973+0000] GC(83) DefNew: 1118528K(1258304K)->139775K(1258304K) Eden: 1118528K(1118528K)->0K(1118528K) From: 0K(139776K)->139775K(139776K)
[2025-08-01T01:24:48.973+0000] GC(83) Tenured: 959356K(2796224K)->1750708K(2796224K)
[2025-08-01T01:24:48.973+0000] GC(83) Metaspace: 10059K(10304K)->10059K(10304K) NonClass: 8832K(8960K)->8832K(8960K) Class: 1226K(1344K)->1226K(1344K)
[2025-08-01T01:24:48.973+0000] GC(83) Pause Young (Allocation Failure) 2029M->1846M(3959M) 680.986ms
[2025-08-01T01:24:48.973+0000] GC(83) User=0.68s Sys=0.00s Real=0.69s
[2025-08-01T01:24:49.199+0000] GC(84) Pause Young (Allocation Failure)
[2025-08-01T01:24:49.199+0000] GC(84) Pause Young (Allocation Failure) 2938M->2938M(3959M) 0.080ms
[2025-08-01T01:24:49.199+0000] GC(84) User=0.00s Sys=0.00s Real=0.00s
[2025-08-01T01:24:49.199+0000] GC(85) Pause Full (Allocation Failure)
[2025-08-01T01:24:49.199+0000] GC(85) Phase 1: Mark live objects
[2025-08-01T01:24:49.250+0000] GC(85) Phase 1: Mark live objects 50.637ms
[2025-08-01T01:24:49.250+0000] GC(85) Phase 2: Compute new object addresses
[2025-08-01T01:24:49.706+0000] GC(85) Phase 2: Compute new object addresses 456.193ms
[2025-08-01T01:24:49.706+0000] GC(85) Phase 3: Adjust pointers
[2025-08-01T01:24:49.748+0000] GC(85) Phase 3: Adjust pointers 42.367ms
[2025-08-01T01:24:49.748+0000] GC(85) Phase 4: Move objects
[2025-08-01T01:24:49.877+0000] GC(85) Phase 4: Move objects 128.678ms
[2025-08-01T01:24:49.878+0000] GC(85) DefNew: 1258303K(1258304K)->0K(1258304K) Eden: 1118528K(1118528K)->0K(1118528K) From: 139775K(139776K)->0K(139776K)
[2025-08-01T01:24:49.878+0000] GC(85) Tenured: 1750708K(2796224K)->277302K(2796224K)
[2025-08-01T01:24:49.878+0000] GC(85) Metaspace: 10059K(10304K)->10059K(10304K) NonClass: 8832K(8960K)->8832K(8960K) Class: 1226K(1344K)->1226K(1344K)
[2025-08-01T01:24:49.878+0000] GC(85) Pause Full (Allocation Failure) 2938M->270M(3959M) 679.582ms
[2025-08-01T01:24:49.878+0000] GC(85) User=0.67s Sys=0.01s Real=0.68s
[2025-08-01T01:24:50.092+0000] GC(86) Pause Young (Allocation Failure)
[2025-08-01T01:24:50.806+0000] GC(86) DefNew: 1118528K(1258304K)->139776K(1258304K) Eden: 1118528K(1118528K)->0K(1118528K) From: 0K(139776K)->139776K(139776K)
[2025-08-01T01:24:50.806+0000] GC(86) Tenured: 277302K(2796224K)->1253415K(2796224K)
[2025-08-01T01:24:50.806+0000] GC(86) Metaspace: 10059K(10304K)->10059K(10304K) NonClass: 8832K(8960K)->8832K(8960K) Class: 1226K(1344K)->1226K(1344K)
[2025-08-01T01:24:50.806+0000] GC(86) Pause Young (Allocation Failure) 1363M->1360M(3959M) 714.406ms
[2025-08-01T01:24:50.806+0000] GC(86) User=0.71s Sys=0.00s Real=0.72s
[2025-08-01T01:24:51.021+0000] GC(87) Pause Young (Allocation Failure)
[2025-08-01T01:24:51.463+0000] GC(87) DefNew: 1258304K(1258304K)->139776K(1258304K) Eden: 1118528K(1118528K)->0K(1118528K) From: 139776K(139776K)->139776K(139776K)
[2025-08-01T01:24:51.463+0000] GC(87) Tenured: 1253415K(2796224K)->1752643K(2796224K)
[2025-08-01T01:24:51.463+0000] GC(87) Metaspace: 10059K(10304K)->10059K(10304K) NonClass: 8832K(8960K)->8832K(8960K) Class: 1226K(1344K)->1226K(1344K)
[2025-08-01T01:24:51.463+0000] GC(87) Pause Young (Allocation Failure) 2452M->1848M(3959M) 442.395ms
[2025-08-01T01:24:51.463+0000] GC(87) User=0.44s Sys=0.00s Real=0.44s
[2025-08-01T01:24:51.671+0000] GC(88) Pause Young (Allocation Failure)
[2025-08-01T01:24:51.671+0000] GC(88) Pause Young (Allocation Failure) 2940M->2940M(3959M) 0.106ms
[2025-08-01T01:24:51.671+0000] GC(88) User=0.00s Sys=0.00s Real=0.00s
[2025-08-01T01:24:51.671+0000] GC(89) Pause Full (Allocation Failure)
[2025-08-01T01:24:51.671+0000] GC(89) Phase 1: Mark live objects
[2025-08-01T01:24:51.796+0000] GC(89) Phase 1: Mark live objects 124.261ms
[2025-08-01T01:24:51.796+0000] GC(89) Phase 2: Compute new object addresses
[2025-08-01T01:24:52.269+0000] GC(89) Phase 2: Compute new object addresses 472.986ms
[2025-08-01T01:24:52.269+0000] GC(89) Phase 3: Adjust pointers
[2025-08-01T01:24:52.411+0000] GC(89) Phase 3: Adjust pointers 141.706ms
[2025-08-01T01:24:52.411+0000] GC(89) Phase 4: Move objects
[2025-08-01T01:24:52.761+0000] GC(89) Phase 4: Move objects 350.136ms
[2025-08-01T01:24:52.762+0000] GC(89) DefNew: 1258304K(1258304K)->0K(1258304K) Eden: 1118528K(1118528K)->0K(1118528K) From: 139776K(139776K)->0K(139776K)
[2025-08-01T01:24:52.762+0000] GC(89) Tenured: 1752643K(2796224K)->981074K(2796224K)
[2025-08-01T01:24:52.762+0000] GC(89) Metaspace: 10059K(10304K)->10059K(10304K) NonClass: 8832K(8960K)->8832K(8960K) Class: 1226K(1344K)->1226K(1344K)
[2025-08-01T01:24:52.762+0000] GC(89) Pause Full (Allocation Failure) 2940M->958M(3959M) 1090.746ms
[2025-08-01T01:24:52.762+0000] GC(89) User=1.09s Sys=0.00s Real=1.09s
[2025-08-01T01:24:52.977+0000] GC(90) Pause Young (Allocation Failure)
[2025-08-01T01:24:53.578+0000] GC(90) DefNew: 1118528K(1258304K)->139776K(1258304K) Eden: 1118528K(1118528K)->0K(1118528K) From: 0K(139776K)->139776K(139776K)
[2025-08-01T01:24:53.578+0000] GC(90) Tenured: 981074K(2796224K)->1760803K(2796224K)
[2025-08-01T01:24:53.578+0000] GC(90) Metaspace: 10059K(10304K)->10059K(10304K) NonClass: 8832K(8960K)->8832K(8960K) Class: 1226K(1344K)->1226K(1344K)
[2025-08-01T01:24:53.578+0000] GC(90) Pause Young (Allocation Failure) 2050M->1856M(3959M) 600.955ms
[2025-08-01T01:24:53.578+0000] GC(90) User=0.61s Sys=0.00s Real=0.60s
[2025-08-01T01:24:53.813+0000] GC(91) Pause Young (Allocation Failure)
[2025-08-01T01:24:53.813+0000] GC(91) Pause Young (Allocation Failure) 2948M->2948M(3959M) 0.088ms
[2025-08-01T01:24:53.813+0000] GC(91) User=0.00s Sys=0.00s Real=0.00s
[2025-08-01T01:24:53.813+0000] GC(92) Pause Full (Allocation Failure)
[2025-08-01T01:24:53.813+0000] GC(92) Phase 1: Mark live objects
[2025-08-01T01:24:53.880+0000] GC(92) Phase 1: Mark live objects 66.462ms
[2025-08-01T01:24:53.880+0000] GC(92) Phase 2: Compute new object addresses
[2025-08-01T01:24:54.367+0000] GC(92) Phase 2: Compute new object addresses 486.651ms
[2025-08-01T01:24:54.367+0000] GC(92) Phase 3: Adjust pointers
[2025-08-01T01:24:54.423+0000] GC(92) Phase 3: Adjust pointers 56.587ms
[2025-08-01T01:24:54.423+0000] GC(92) Phase 4: Move objects
[2025-08-01T01:24:54.549+0000] GC(92) Phase 4: Move objects 125.435ms
[2025-08-01T01:24:54.550+0000] GC(92) DefNew: 1258304K(1258304K)->0K(1258304K) Eden: 1118528K(1118528K)->0K(1118528K) From: 139776K(139776K)->0K(139776K)
[2025-08-01T01:24:54.550+0000] GC(92) Tenured: 1760803K(2796224K)->430562K(2796224K)
[2025-08-01T01:24:54.550+0000] GC(92) Metaspace: 10059K(10304K)->10059K(10304K) NonClass: 8832K(8960K)->8832K(8960K) Class: 1226K(1344K)->1226K(1344K)
[2025-08-01T01:24:54.550+0000] GC(92) Pause Full (Allocation Failure) 2948M->420M(3959M) 736.765ms
[2025-08-01T01:24:54.550+0000] GC(92) User=0.73s Sys=0.00s Real=0.73s
[2025-08-01T01:24:54.825+0000] GC(93) Pause Young (Allocation Failure)
[2025-08-01T01:24:55.386+0000] GC(93) DefNew: 1118528K(1258304K)->139775K(1258304K) Eden: 1118528K(1118528K)->0K(1118528K) From: 0K(139776K)->139775K(139776K)
[2025-08-01T01:24:55.387+0000] GC(93) Tenured: 430562K(2796224K)->1125806K(2796224K)
[2025-08-01T01:24:55.387+0000] GC(93) Metaspace: 10059K(10304K)->10059K(10304K) NonClass: 8832K(8960K)->8832K(8960K) Class: 1226K(1344K)->1226K(1344K)
[2025-08-01T01:24:55.387+0000] GC(93) Pause Young (Allocation Failure) 1512M->1235M(3959M) 561.717ms
[2025-08-01T01:24:55.387+0000] GC(93) User=0.56s Sys=0.01s Real=0.56s
[2025-08-01T01:24:55.607+0000] GC(94) Pause Young (Allocation Failure)
[2025-08-01T01:24:56.102+0000] GC(94) DefNew: 1258303K(1258304K)->139775K(1258304K) Eden: 1118528K(1118528K)->0K(1118528K) From: 139775K(139776K)->139775K(139776K)
[2025-08-01T01:24:56.102+0000] GC(94) Tenured: 1125806K(2796224K)->1632812K(2796224K)
[2025-08-01T01:24:56.102+0000] GC(94) Metaspace: 10059K(10304K)->10059K(10304K) NonClass: 8832K(8960K)->8832K(8960K) Class: 1226K(1344K)->1226K(1344K)
[2025-08-01T01:24:56.103+0000] GC(94) Pause Young (Allocation Failure) 2328M->1731M(3959M) 495.049ms
[2025-08-01T01:24:56.103+0000] GC(94) User=0.49s Sys=0.00s Real=0.49s
[2025-08-01T01:24:56.371+0000] GC(95) Pause Young (Allocation Failure)
[2025-08-01T01:24:56.371+0000] GC(95) Pause Young (Allocation Failure) 2823M->2823M(3959M) 0.132ms
[2025-08-01T01:24:56.371+0000] GC(95) User=0.00s Sys=0.00s Real=0.00s
[2025-08-01T01:24:56.371+0000] GC(96) Pause Full (Allocation Failure)
[2025-08-01T01:24:56.371+0000] GC(96) Phase 1: Mark live objects
[2025-08-01T01:24:56.535+0000] GC(96) Phase 1: Mark live objects 163.949ms
[2025-08-01T01:24:56.535+0000] GC(96) Phase 2: Compute new object addresses
[2025-08-01T01:24:57.013+0000] GC(96) Phase 2: Compute new object addresses 477.768ms
[2025-08-01T01:24:57.013+0000] GC(96) Phase 3: Adjust pointers
[2025-08-01T01:24:57.154+0000] GC(96) Phase 3: Adjust pointers 141.071ms
[2025-08-01T01:24:57.154+0000] GC(96) Phase 4: Move objects
[2025-08-01T01:24:57.479+0000] GC(96) Phase 4: Move objects 324.419ms
[2025-08-01T01:24:57.480+0000] GC(96) DefNew: 1258303K(1258304K)->0K(1258304K) Eden: 1118528K(1118528K)->0K(1118528K) From: 139775K(139776K)->0K(139776K)
[2025-08-01T01:24:57.480+0000] GC(96) Tenured: 1632812K(2796224K)->985833K(2796224K)
[2025-08-01T01:24:57.480+0000] GC(96) Metaspace: 10059K(10304K)->10059K(10304K) NonClass: 8832K(8960K)->8832K(8960K) Class: 1226K(1344K)->1226K(1344K)
[2025-08-01T01:24:57.480+0000] GC(96) Pause Full (Allocation Failure) 2823M->962M(3959M) 1108.762ms
[2025-08-01T01:24:57.480+0000] GC(96) User=1.11s Sys=0.01s Real=1.11s
[2025-08-01T01:24:57.730+0000] GC(97) Pause Young (Allocation Failure)
[2025-08-01T01:24:58.402+0000] GC(97) DefNew: 1118528K(1258304K)->139776K(1258304K) Eden: 1118528K(1118528K)->0K(1118528K) From: 0K(139776K)->139776K(139776K)
[2025-08-01T01:24:58.402+0000] GC(97) Tenured: 985833K(2796224K)->1771092K(2796224K)
[2025-08-01T01:24:58.402+0000] GC(97) Metaspace: 10059K(10304K)->10059K(10304K) NonClass: 8832K(8960K)->8832K(8960K) Class: 1226K(1344K)->1226K(1344K)
[2025-08-01T01:24:58.402+0000] GC(97) Pause Young (Allocation Failure) 2055M->1866M(3959M) 671.890ms
[2025-08-01T01:24:58.402+0000] GC(97) User=0.68s Sys=0.00s Real=0.67s
[2025-08-01T01:24:58.665+0000] GC(98) Pause Young (Allocation Failure)
[2025-08-01T01:24:58.665+0000] GC(98) Pause Young (Allocation Failure) 2958M->2958M(3959M) 0.073ms
[2025-08-01T01:24:58.665+0000] GC(98) User=0.00s Sys=0.00s Real=0.00s
[2025-08-01T01:24:58.665+0000] GC(99) Pause Full (Allocation Failure)
[2025-08-01T01:24:58.665+0000] GC(99) Phase 1: Mark live objects
[2025-08-01T01:24:58.716+0000] GC(99) Phase 1: Mark live objects 50.584ms
[2025-08-01T01:24:58.716+0000] GC(99) Phase 2: Compute new object addresses
[2025-08-01T01:24:59.161+0000] GC(99) Phase 2: Compute new object addresses 444.828ms
[2025-08-01T01:24:59.161+0000] GC(99) Phase 3: Adjust pointers
[2025-08-01T01:24:59.209+0000] GC(99) Phase 3: Adjust pointers 48.177ms
[2025-08-01T01:24:59.209+0000] GC(99) Phase 4: Move objects
[2025-08-01T01:24:59.317+0000] GC(99) Phase 4: Move objects 107.929ms
[2025-08-01T01:24:59.318+0000] GC(99) DefNew: 1258304K(1258304K)->0K(1258304K) Eden: 1118528K(1118528K)->0K(1118528K) From: 139776K(139776K)->0K(139776K)
[2025-08-01T01:24:59.318+0000] GC(99) Tenured: 1771092K(2796224K)->298736K(2796224K)
[2025-08-01T01:24:59.318+0000] GC(99) Metaspace: 10059K(10304K)->10059K(10304K) NonClass: 8832K(8960K)->8832K(8960K) Class: 1226K(1344K)->1226K(1344K)
[2025-08-01T01:24:59.318+0000] GC(99) Pause Full (Allocation Failure) 2958M->291M(3959M) 653.070ms
[2025-08-01T01:24:59.318+0000] GC(99) User=0.65s Sys=0.01s Real=0.65s
[2025-08-01T01:24:59.570+0000] GC(100) Pause Young (Allocation Failure)
[2025-08-01T01:25:00.134+0000] GC(100) DefNew: 1118528K(1258304K)->139775K(1258304K) Eden: 1118528K(1118528K)->0K(1118528K) From: 0K(139776K)->139775K(139776K)
[2025-08-01T01:25:00.134+0000] GC(100) Tenured: 298736K(2796224K)->999362K(2796224K)
[2025-08-01T01:25:00.134+0000] GC(100) Metaspace: 10059K(10304K)->10059K(10304K) NonClass: 8832K(8960K)->8832K(8960K) Class: 1226K(1344K)->1226K(1344K)
[2025-08-01T01:25:00.135+0000] GC(100) Pause Young (Allocation Failure) 1384M->1112M(3959M) 564.678ms
[2025-08-01T01:25:00.135+0000] GC(100) User=0.56s Sys=0.01s Real=0.57s
[2025-08-01T01:25:00.404+0000] GC(101) Pause Young (Allocation Failure)
[2025-08-01T01:25:00.874+0000] GC(101) DefNew: 1258303K(1258304K)->139776K(1258304K) Eden: 1118528K(1118528K)->0K(1118528K) From: 139775K(139776K)->139776K(139776K)
[2025-08-01T01:25:00.875+0000] GC(101) Tenured: 999362K(2796224K)->1508953K(2796224K)
[2025-08-01T01:25:00.875+0000] GC(101) Metaspace: 10059K(10304K)->10059K(10304K) NonClass: 8832K(8960K)->8832K(8960K) Class: 1226K(1344K)->1226K(1344K)
[2025-08-01T01:25:00.875+0000] GC(101) Pause Young (Allocation Failure) 2204M->1610M(3959M) 470.955ms
[2025-08-01T01:25:00.875+0000] GC(101) User=0.47s Sys=0.00s Real=0.47s
[2025-08-01T01:25:01.155+0000] GC(102) Pause Young (Allocation Failure)
[2025-08-01T01:25:01.629+0000] GC(102) DefNew: 1258304K(1258304K)->139775K(1258304K) Eden: 1118528K(1118528K)->0K(1118528K) From: 139776K(139776K)->139775K(139776K)
[2025-08-01T01:25:01.629+0000] GC(102) Tenured: 1508953K(2796224K)->2039015K(2796224K)
[2025-08-01T01:25:01.629+0000] GC(102) Metaspace: 10059K(10304K)->10059K(10304K) NonClass: 8832K(8960K)->8832K(8960K) Class: 1226K(1344K)->1226K(1344K)
[2025-08-01T01:25:01.629+0000] GC(102) Pause Young (Allocation Failure) 2702M->2127M(3959M) 473.793ms
[2025-08-01T01:25:01.629+0000] GC(102) User=0.46s Sys=0.01s Real=0.47s
[2025-08-01T01:25:01.896+0000] GC(103) Pause Young (Allocation Failure)
[2025-08-01T01:25:01.896+0000] GC(103) Pause Young (Allocation Failure) 3220M->3220M(3959M) 0.110ms
[2025-08-01T01:25:01.896+0000] GC(103) User=0.00s Sys=0.00s Real=0.00s
[2025-08-01T01:25:01.896+0000] GC(104) Pause Full (Allocation Failure)
[2025-08-01T01:25:01.896+0000] GC(104) Phase 1: Mark live objects
[2025-08-01T01:25:02.097+0000] GC(104) Phase 1: Mark live objects 200.649ms
[2025-08-01T01:25:02.097+0000] GC(104) Phase 2: Compute new object addresses
[2025-08-01T01:25:02.557+0000] GC(104) Phase 2: Compute new object addresses 460.243ms
[2025-08-01T01:25:02.557+0000] GC(104) Phase 3: Adjust pointers
[2025-08-01T01:25:02.712+0000] GC(104) Phase 3: Adjust pointers 154.876ms
[2025-08-01T01:25:02.712+0000] GC(104) Phase 4: Move objects
[2025-08-01T01:25:03.173+0000] GC(104) Phase 4: Move objects 460.339ms
[2025-08-01T01:25:03.174+0000] GC(104) DefNew: 1258303K(1258304K)->0K(1258304K) Eden: 1118528K(1118528K)->0K(1118528K) From: 139775K(139776K)->0K(139776K)
[2025-08-01T01:25:03.174+0000] GC(104) Tenured: 2039015K(2796224K)->1178226K(2796224K)
[2025-08-01T01:25:03.174+0000] GC(104) Metaspace: 10059K(10304K)->10059K(10304K) NonClass: 8832K(8960K)->8832K(8960K) Class: 1226K(1344K)->1226K(1344K)
[2025-08-01T01:25:03.174+0000] GC(104) Pause Full (Allocation Failure) 3220M->1150M(3959M) 1277.772ms
[2025-08-01T01:25:03.174+0000] GC(104) User=1.27s Sys=0.01s Real=1.28s
[2025-08-01T01:25:03.425+0000] GC(105) Pause Young (Allocation Failure)
[2025-08-01T01:25:03.642+0000] GC(105) DefNew: 1118528K(1258304K)->139775K(1258304K) Eden: 1118528K(1118528K)->0K(1118528K) From: 0K(139776K)->139775K(139776K)
[2025-08-01T01:25:03.642+0000] GC(105) Tenured: 1178226K(2796224K)->1339967K(2796224K)
[2025-08-01T01:25:03.642+0000] GC(105) Metaspace: 10059K(10304K)->10059K(10304K) NonClass: 8832K(8960K)->8832K(8960K) Class: 1226K(1344K)->1226K(1344K)
[2025-08-01T01:25:03.642+0000] GC(105) Pause Young (Allocation Failure) 2242M->1445M(3959M) 217.048ms
[2025-08-01T01:25:03.642+0000] GC(105) User=0.22s Sys=0.00s Real=0.21s
[2025-08-01T01:25:03.889+0000] GC(106) Pause Young (Allocation Failure)
[2025-08-01T01:25:04.505+0000] GC(106) DefNew: 1258303K(1258304K)->139775K(1258304K) Eden: 1118528K(1118528K)->0K(1118528K) From: 139775K(139776K)->139775K(139776K)
[2025-08-01T01:25:04.505+0000] GC(106) Tenured: 1339967K(2796224K)->2064119K(2796224K)
[2025-08-01T01:25:04.505+0000] GC(106) Metaspace: 10059K(10304K)->10059K(10304K) NonClass: 8832K(8960K)->8832K(8960K) Class: 1226K(1344K)->1226K(1344K)
[2025-08-01T01:25:04.505+0000] GC(106) Pause Young (Allocation Failure) 2537M->2152M(3959M) 616.004ms
[2025-08-01T01:25:04.505+0000] GC(106) User=0.58s Sys=0.04s Real=0.62s
[2025-08-01T01:25:04.790+0000] GC(107) Pause Young (Allocation Failure)
[2025-08-01T01:25:04.790+0000] GC(107) Pause Young (Allocation Failure) 3244M->3244M(3959M) 0.114ms
[2025-08-01T01:25:04.790+0000] GC(107) User=0.00s Sys=0.00s Real=0.00s
[2025-08-01T01:25:04.790+0000] GC(108) Pause Full (Allocation Failure)
[2025-08-01T01:25:04.790+0000] GC(108) Phase 1: Mark live objects
[2025-08-01T01:25:04.937+0000] GC(108) Phase 1: Mark live objects 147.070ms
[2025-08-01T01:25:04.937+0000] GC(108) Phase 2: Compute new object addresses
[2025-08-01T01:25:05.445+0000] GC(108) Phase 2: Compute new object addresses 507.334ms
[2025-08-01T01:25:05.445+0000] GC(108) Phase 3: Adjust pointers
[2025-08-01T01:25:05.543+0000] GC(108) Phase 3: Adjust pointers 98.411ms
[2025-08-01T01:25:05.543+0000] GC(108) Phase 4: Move objects
[2025-08-01T01:25:05.792+0000] GC(108) Phase 4: Move objects 249.274ms
[2025-08-01T01:25:05.794+0000] GC(108) DefNew: 1258303K(1258304K)->0K(1258304K) Eden: 1118528K(1118528K)->0K(1118528K) From: 139775K(139776K)->0K(139776K)
[2025-08-01T01:25:05.794+0000] GC(108) Tenured: 2064119K(2796224K)->809405K(2796224K)
[2025-08-01T01:25:05.794+0000] GC(108) Metaspace: 10059K(10304K)->10059K(10304K) NonClass: 8832K(8960K)->8832K(8960K) Class: 1226K(1344K)->1226K(1344K)
[2025-08-01T01:25:05.794+0000] GC(108) Pause Full (Allocation Failure) 3244M->790M(3959M) 1003.963ms
[2025-08-01T01:25:05.794+0000] GC(108) User=1.00s Sys=0.00s Real=1.01s
[2025-08-01T01:25:06.033+0000] GC(109) Pause Young (Allocation Failure)
[2025-08-01T01:25:06.504+0000] GC(109) DefNew: 1118528K(1258304K)->139776K(1258304K) Eden: 1118528K(1118528K)->0K(1118528K) From: 0K(139776K)->139776K(139776K)
[2025-08-01T01:25:06.504+0000] GC(109) Tenured: 809405K(2796224K)->1336526K(2796224K)
[2025-08-01T01:25:06.504+0000] GC(109) Metaspace: 10059K(10304K)->10059K(10304K) NonClass: 8832K(8960K)->8832K(8960K) Class: 1226K(1344K)->1226K(1344K)
[2025-08-01T01:25:06.504+0000] GC(109) Pause Young (Allocation Failure) 1882M->1441M(3959M) 471.122ms
[2025-08-01T01:25:06.504+0000] GC(109) User=0.46s Sys=0.00s Real=0.47s
[2025-08-01T01:25:06.761+0000] GC(110) Pause Young (Allocation Failure)
[2025-08-01T01:25:07.516+0000] GC(110) DefNew: 1258304K(1258304K)->139776K(1258304K) Eden: 1118528K(1118528K)->0K(1118528K) From: 139776K(139776K)->139776K(139776K)
[2025-08-01T01:25:07.516+0000] GC(110) Tenured: 1336526K(2796224K)->2158119K(2796224K)
[2025-08-01T01:25:07.516+0000] GC(110) Metaspace: 10059K(10304K)->10059K(10304K) NonClass: 8832K(8960K)->8832K(8960K) Class: 1226K(1344K)->1226K(1344K)
[2025-08-01T01:25:07.516+0000] GC(110) Pause Young (Allocation Failure) 2534M->2244M(3959M) 754.995ms
[2025-08-01T01:25:07.516+0000] GC(110) User=0.63s Sys=0.13s Real=0.76s
[2025-08-01T01:25:07.768+0000] GC(111) Pause Young (Allocation Failure)
[2025-08-01T01:25:07.768+0000] GC(111) Pause Young (Allocation Failure) 3336M->3336M(3959M) 0.120ms
[2025-08-01T01:25:07.768+0000] GC(111) User=0.00s Sys=0.00s Real=0.00s
[2025-08-01T01:25:07.768+0000] GC(112) Pause Full (Allocation Failure)
[2025-08-01T01:25:07.768+0000] GC(112) Phase 1: Mark live objects
[2025-08-01T01:25:07.829+0000] GC(112) Phase 1: Mark live objects 61.542ms
[2025-08-01T01:25:07.830+0000] GC(112) Phase 2: Compute new object addresses
[2025-08-01T01:25:08.326+0000] GC(112) Phase 2: Compute new object addresses 495.981ms
[2025-08-01T01:25:08.326+0000] GC(112) Phase 3: Adjust pointers
[2025-08-01T01:25:08.384+0000] GC(112) Phase 3: Adjust pointers 58.111ms
[2025-08-01T01:25:08.384+0000] GC(112) Phase 4: Move objects
[2025-08-01T01:25:08.502+0000] GC(112) Phase 4: Move objects 117.800ms
[2025-08-01T01:25:08.503+0000] GC(112) DefNew: 1258304K(1258304K)->0K(1258304K) Eden: 1118528K(1118528K)->0K(1118528K) From: 139776K(139776K)->0K(139776K)
[2025-08-01T01:25:08.503+0000] GC(112) Tenured: 2158119K(2796224K)->446094K(2796224K)
[2025-08-01T01:25:08.503+0000] GC(112) Metaspace: 10059K(10304K)->10059K(10304K) NonClass: 8832K(8960K)->8832K(8960K) Class: 1226K(1344K)->1226K(1344K)
[2025-08-01T01:25:08.503+0000] GC(112) Pause Full (Allocation Failure) 3336M->435M(3959M) 735.309ms
[2025-08-01T01:25:08.503+0000] GC(112) User=0.73s Sys=0.01s Real=0.73s
[2025-08-01T01:25:08.739+0000] GC(113) Pause Young (Allocation Failure)
[2025-08-01T01:25:09.338+0000] GC(113) DefNew: 1118528K(1258304K)->139775K(1258304K) Eden: 1118528K(1118528K)->0K(1118528K) From: 0K(139776K)->139775K(139776K)
[2025-08-01T01:25:09.338+0000] GC(113) Tenured: 446094K(2796224K)->1142251K(2796224K)
[2025-08-01T01:25:09.338+0000] GC(113) Metaspace: 10059K(10304K)->10059K(10304K) NonClass: 8832K(8960K)->8832K(8960K) Class: 1226K(1344K)->1226K(1344K)
[2025-08-01T01:25:09.338+0000] GC(113) Pause Young (Allocation Failure) 1527M->1251M(3959M) 599.215ms
[2025-08-01T01:25:09.338+0000] GC(113) User=0.60s Sys=0.00s Real=0.60s
[2025-08-01T01:25:09.593+0000] GC(114) Pause Young (Allocation Failure)
[2025-08-01T01:25:10.125+0000] GC(114) DefNew: 1258303K(1258304K)->139775K(1258304K) Eden: 1118528K(1118528K)->0K(1118528K) From: 139775K(139776K)->139775K(139776K)
[2025-08-01T01:25:10.125+0000] GC(114) Tenured: 1142251K(2796224K)->1679980K(2796224K)
[2025-08-01T01:25:10.125+0000] GC(114) Metaspace: 10059K(10304K)->10059K(10304K) NonClass: 8832K(8960K)->8832K(8960K) Class: 1226K(1344K)->1226K(1344K)
[2025-08-01T01:25:10.125+0000] GC(114) Pause Young (Allocation Failure) 2344M->1777M(3959M) 531.976ms
[2025-08-01T01:25:10.125+0000] GC(114) User=0.54s Sys=0.00s Real=0.53s
[2025-08-01T01:25:10.372+0000] GC(115) Pause Young (Allocation Failure)
[2025-08-01T01:25:10.372+0000] GC(115) Pause Young (Allocation Failure) 2869M->2869M(3959M) 0.102ms
[2025-08-01T01:25:10.372+0000] GC(115) User=0.00s Sys=0.00s Real=0.00s
[2025-08-01T01:25:10.372+0000] GC(116) Pause Full (Allocation Failure)
[2025-08-01T01:25:10.372+0000] GC(116) Phase 1: Mark live objects
[2025-08-01T01:25:10.533+0000] GC(116) Phase 1: Mark live objects 160.916ms
[2025-08-01T01:25:10.533+0000] GC(116) Phase 2: Compute new object addresses
[2025-08-01T01:25:10.943+0000] GC(116) Phase 2: Compute new object addresses 409.858ms
[2025-08-01T01:25:10.943+0000] GC(116) Phase 3: Adjust pointers
[2025-08-01T01:25:11.094+0000] GC(116) Phase 3: Adjust pointers 151.221ms
[2025-08-01T01:25:11.094+0000] GC(116) Phase 4: Move objects
[2025-08-01T01:25:11.499+0000] GC(116) Phase 4: Move objects 404.539ms
[2025-08-01T01:25:11.500+0000] GC(116) DefNew: 1258303K(1258304K)->0K(1258304K) Eden: 1118528K(1118528K)->0K(1118528K) From: 139775K(139776K)->0K(139776K)
[2025-08-01T01:25:11.500+0000] GC(116) Tenured: 1679980K(2796224K)->878322K(2796224K)
[2025-08-01T01:25:11.500+0000] GC(116) Metaspace: 10059K(10304K)->10059K(10304K) NonClass: 8832K(8960K)->8832K(8960K) Class: 1226K(1344K)->1226K(1344K)
[2025-08-01T01:25:11.500+0000] GC(116) Pause Full (Allocation Failure) 2869M->857M(3959M) 1128.358ms
[2025-08-01T01:25:11.500+0000] GC(116) User=1.12s Sys=0.01s Real=1.13s
[2025-08-01T01:25:11.737+0000] GC(117) Pause Young (Allocation Failure)
[2025-08-01T01:25:12.449+0000] GC(117) DefNew: 1118528K(1258304K)->139776K(1258304K) Eden: 1118528K(1118528K)->0K(1118528K) From: 0K(139776K)->139776K(139776K)
[2025-08-01T01:25:12.449+0000] GC(117) Tenured: 878322K(2796224K)->1661886K(2796224K)
[2025-08-01T01:25:12.449+0000] GC(117) Metaspace: 10059K(10304K)->10059K(10304K) NonClass: 8832K(8960K)->8832K(8960K) Class: 1226K(1344K)->1226K(1344K)
[2025-08-01T01:25:12.449+0000] GC(117) Pause Young (Allocation Failure) 1950M->1759M(3959M) 711.771ms
[2025-08-01T01:25:12.449+0000] GC(117) User=0.71s Sys=0.00s Real=0.71s
[2025-08-01T01:25:12.693+0000] GC(118) Pause Young (Allocation Failure)
[2025-08-01T01:25:12.693+0000] GC(118) Pause Young (Allocation Failure) 2851M->2851M(3959M) 0.186ms
[2025-08-01T01:25:12.693+0000] GC(118) User=0.00s Sys=0.00s Real=0.01s
[2025-08-01T01:25:12.693+0000] GC(119) Pause Full (Allocation Failure)
[2025-08-01T01:25:12.693+0000] GC(119) Phase 1: Mark live objects
[2025-08-01T01:25:12.754+0000] GC(119) Phase 1: Mark live objects 61.148ms
[2025-08-01T01:25:12.754+0000] GC(119) Phase 2: Compute new object addresses
[2025-08-01T01:25:13.229+0000] GC(119) Phase 2: Compute new object addresses 474.716ms
[2025-08-01T01:25:13.229+0000] GC(119) Phase 3: Adjust pointers
[2025-08-01T01:25:13.283+0000] GC(119) Phase 3: Adjust pointers 54.237ms
[2025-08-01T01:25:13.283+0000] GC(119) Phase 4: Move objects
[2025-08-01T01:25:13.410+0000] GC(119) Phase 4: Move objects 126.487ms
[2025-08-01T01:25:13.411+0000] GC(119) DefNew: 1258304K(1258304K)->0K(1258304K) Eden: 1118528K(1118528K)->0K(1118528K) From: 139776K(139776K)->0K(139776K)
[2025-08-01T01:25:13.411+0000] GC(119) Tenured: 1661886K(2796224K)->381559K(2796224K)
[2025-08-01T01:25:13.411+0000] GC(119) Metaspace: 10059K(10304K)->10059K(10304K) NonClass: 8832K(8960K)->8832K(8960K) Class: 1226K(1344K)->1226K(1344K)
[2025-08-01T01:25:13.411+0000] GC(119) Pause Full (Allocation Failure) 2851M->372M(3959M) 717.900ms
[2025-08-01T01:25:13.411+0000] GC(119) User=0.72s Sys=0.00s Real=0.71s
[2025-08-01T01:25:13.649+0000] GC(120) Pause Young (Allocation Failure)
[2025-08-01T01:25:14.223+0000] GC(120) DefNew: 1118528K(1258304K)->139775K(1258304K) Eden: 1118528K(1118528K)->0K(1118528K) From: 0K(139776K)->139775K(139776K)
[2025-08-01T01:25:14.223+0000] GC(120) Tenured: 381559K(2796224K)->1072690K(2796224K)
[2025-08-01T01:25:14.223+0000] GC(120) Metaspace: 10059K(10304K)->10059K(10304K) NonClass: 8832K(8960K)->8832K(8960K) Class: 1226K(1344K)->1226K(1344K)
[2025-08-01T01:25:14.223+0000] GC(120) Pause Young (Allocation Failure) 1464M->1184M(3959M) 573.236ms
[2025-08-01T01:25:14.223+0000] GC(120) User=0.57s Sys=0.00s Real=0.57s
[2025-08-01T01:25:14.455+0000] GC(121) Pause Young (Allocation Failure)
[2025-08-01T01:25:14.969+0000] GC(121) DefNew: 1258303K(1258304K)->139776K(1258304K) Eden: 1118528K(1118528K)->0K(1118528K) From: 139775K(139776K)->139776K(139776K)
[2025-08-01T01:25:14.969+0000] GC(121) Tenured: 1072690K(2796224K)->1619237K(2796224K)
[2025-08-01T01:25:14.969+0000] GC(121) Metaspace: 10059K(10304K)->10059K(10304K) NonClass: 8832K(8960K)->8832K(8960K) Class: 1226K(1344K)->1226K(1344K)
[2025-08-01T01:25:14.969+0000] GC(121) Pause Young (Allocation Failure) 2276M->1717M(3959M) 514.420ms
[2025-08-01T01:25:14.969+0000] GC(121) User=0.51s Sys=0.00s Real=0.51s
[2025-08-01T01:25:15.194+0000] GC(122) Pause Young (Allocation Failure)
[2025-08-01T01:25:15.775+0000] GC(122) DefNew: 1258304K(1258304K)->139776K(1258304K) Eden: 1118528K(1118528K)->0K(1118528K) From: 139776K(139776K)->139776K(139776K)
[2025-08-01T01:25:15.776+0000] GC(122) Tenured: 1619237K(2796224K)->2166373K(2796224K)
[2025-08-01T01:25:15.776+0000] GC(122) Metaspace: 10059K(10304K)->10059K(10304K) NonClass: 8832K(8960K)->8832K(8960K) Class: 1226K(1344K)->1226K(1344K)
[2025-08-01T01:25:15.776+0000] GC(122) Pause Young (Allocation Failure) 2810M->2252M(3959M) 581.594ms
[2025-08-01T01:25:15.776+0000] GC(122) User=0.57s Sys=0.02s Real=0.58s
[2025-08-01T01:25:16.021+0000] GC(123) Pause Young (Allocation Failure)
[2025-08-01T01:25:16.021+0000] GC(123) Pause Young (Allocation Failure) 3344M->3344M(3959M) 0.110ms
[2025-08-01T01:25:16.021+0000] GC(123) User=0.00s Sys=0.00s Real=0.00s
[2025-08-01T01:25:16.021+0000] GC(124) Pause Full (Allocation Failure)
[2025-08-01T01:25:16.021+0000] GC(124) Phase 1: Mark live objects
[2025-08-01T01:25:16.246+0000] GC(124) Phase 1: Mark live objects 224.133ms
[2025-08-01T01:25:16.246+0000] GC(124) Phase 2: Compute new object addresses
[2025-08-01T01:25:16.788+0000] GC(124) Phase 2: Compute new object addresses 541.984ms
[2025-08-01T01:25:16.788+0000] GC(124) Phase 3: Adjust pointers
[2025-08-01T01:25:16.993+0000] GC(124) Phase 3: Adjust pointers 204.700ms
[2025-08-01T01:25:16.993+0000] GC(124) Phase 4: Move objects
[2025-08-01T01:25:17.495+0000] GC(124) Phase 4: Move objects 502.347ms
[2025-08-01T01:25:17.497+0000] GC(124) DefNew: 1258304K(1258304K)->0K(1258304K) Eden: 1118528K(1118528K)->0K(1118528K) From: 139776K(139776K)->0K(139776K)
[2025-08-01T01:25:17.497+0000] GC(124) Tenured: 2166373K(2796224K)->1200071K(2796224K)
[2025-08-01T01:25:17.497+0000] GC(124) Metaspace: 10059K(10304K)->10059K(10304K) NonClass: 8832K(8960K)->8832K(8960K) Class: 1226K(1344K)->1226K(1344K)
[2025-08-01T01:25:17.497+0000] GC(124) Pause Full (Allocation Failure) 3344M->1171M(3959M) 1475.508ms
[2025-08-01T01:25:17.497+0000] GC(124) User=1.47s Sys=0.01s Real=1.48s
[2025-08-01T01:25:17.742+0000] GC(125) Pause Young (Allocation Failure)
[2025-08-01T01:25:17.968+0000] GC(125) DefNew: 1118528K(1258304K)->139775K(1258304K) Eden: 1118528K(1118528K)->0K(1118528K) From: 0K(139776K)->139775K(139776K)
[2025-08-01T01:25:17.968+0000] GC(125) Tenured: 1200071K(2796224K)->1379279K(2796224K)
[2025-08-01T01:25:17.968+0000] GC(125) Metaspace: 10059K(10304K)->10059K(10304K) NonClass: 8832K(8960K)->8832K(8960K) Class: 1226K(1344K)->1226K(1344K)
[2025-08-01T01:25:17.968+0000] GC(125) Pause Young (Allocation Failure) 2264M->1483M(3959M) 225.869ms
[2025-08-01T01:25:17.968+0000] GC(125) User=0.23s Sys=0.00s Real=0.23s
[2025-08-01T01:25:18.202+0000] GC(126) Pause Young (Allocation Failure)
[2025-08-01T01:25:18.887+0000] GC(126) DefNew: 1258303K(1258304K)->139776K(1258304K) Eden: 1118528K(1118528K)->0K(1118528K) From: 139775K(139776K)->139776K(139776K)
[2025-08-01T01:25:18.887+0000] GC(126) Tenured: 1379279K(2796224K)->2115001K(2796224K)
[2025-08-01T01:25:18.887+0000] GC(126) Metaspace: 10059K(10304K)->10059K(10304K) NonClass: 8832K(8960K)->8832K(8960K) Class: 1226K(1344K)->1226K(1344K)
[2025-08-01T01:25:18.887+0000] GC(126) Pause Young (Allocation Failure) 2575M->2201M(3959M) 684.305ms
[2025-08-01T01:25:18.887+0000] GC(126) User=0.68s Sys=0.01s Real=0.69s
[2025-08-01T01:25:19.128+0000] GC(127) Pause Young (Allocation Failure)
[2025-08-01T01:25:19.128+0000] GC(127) Pause Young (Allocation Failure) 3294M->3294M(3959M) 0.112ms
[2025-08-01T01:25:19.128+0000] GC(127) User=0.00s Sys=0.00s Real=0.00s
[2025-08-01T01:25:19.128+0000] GC(128) Pause Full (Allocation Failure)
[2025-08-01T01:25:19.128+0000] GC(128) Phase 1: Mark live objects
[2025-08-01T01:25:19.283+0000] GC(128) Phase 1: Mark live objects 154.957ms
[2025-08-01T01:25:19.283+0000] GC(128) Phase 2: Compute new object addresses
[2025-08-01T01:25:19.899+0000] GC(128) Phase 2: Compute new object addresses 615.831ms
[2025-08-01T01:25:19.899+0000] GC(128) Phase 3: Adjust pointers
[2025-08-01T01:25:20.005+0000] GC(128) Phase 3: Adjust pointers 105.641ms
[2025-08-01T01:25:20.005+0000] GC(128) Phase 4: Move objects
[2025-08-01T01:25:20.267+0000] GC(128) Phase 4: Move objects 262.032ms
[2025-08-01T01:25:20.269+0000] GC(128) DefNew: 1258304K(1258304K)->0K(1258304K) Eden: 1118528K(1118528K)->0K(1118528K) From: 139776K(139776K)->0K(139776K)
[2025-08-01T01:25:20.269+0000] GC(128) Tenured: 2115001K(2796224K)->834984K(2796224K)
[2025-08-01T01:25:20.269+0000] GC(128) Metaspace: 10059K(10304K)->10059K(10304K) NonClass: 8832K(8960K)->8832K(8960K) Class: 1226K(1344K)->1226K(1344K)
[2025-08-01T01:25:20.269+0000] GC(128) Pause Full (Allocation Failure) 3294M->815M(3959M) 1140.363ms
[2025-08-01T01:25:20.269+0000] GC(128) User=1.14s Sys=0.01s Real=1.14s
[2025-08-01T01:25:20.511+0000] GC(129) Pause Young (Allocation Failure)
[2025-08-01T01:25:20.967+0000] GC(129) DefNew: 1118528K(1258304K)->139775K(1258304K) Eden: 1118528K(1118528K)->0K(1118528K) From: 0K(139776K)->139775K(139776K)
[2025-08-01T01:25:20.967+0000] GC(129) Tenured: 834984K(2796224K)->1389845K(2796224K)
[2025-08-01T01:25:20.967+0000] GC(129) Metaspace: 10059K(10304K)->10059K(10304K) NonClass: 8832K(8960K)->8832K(8960K) Class: 1226K(1344K)->1226K(1344K)
[2025-08-01T01:25:20.967+0000] GC(129) Pause Young (Allocation Failure) 1907M->1493M(3959M) 456.008ms
[2025-08-01T01:25:20.967+0000] GC(129) User=0.45s Sys=0.01s Real=0.46s
[2025-08-01T01:25:21.188+0000] GC(130) Pause Young (Allocation Failure)
[2025-08-01T01:25:21.892+0000] GC(130) DefNew: 1258303K(1258304K)->139775K(1258304K) Eden: 1118528K(1118528K)->0K(1118528K) From: 139775K(139776K)->139775K(139776K)
[2025-08-01T01:25:21.892+0000] GC(130) Tenured: 1389845K(2796224K)->2213795K(2796224K)
[2025-08-01T01:25:21.892+0000] GC(130) Metaspace: 10059K(10304K)->10059K(10304K) NonClass: 8832K(8960K)->8832K(8960K) Class: 1226K(1344K)->1226K(1344K)
[2025-08-01T01:25:21.892+0000] GC(130) Pause Young (Allocation Failure) 2586M->2298M(3959M) 704.857ms
[2025-08-01T01:25:21.892+0000] GC(130) User=0.64s Sys=0.06s Real=0.70s
[2025-08-01T01:25:22.130+0000] GC(131) Pause Young (Allocation Failure)
[2025-08-01T01:25:22.130+0000] GC(131) Pause Young (Allocation Failure) 3390M->3390M(3959M) 0.129ms
[2025-08-01T01:25:22.130+0000] GC(131) User=0.00s Sys=0.00s Real=0.00s
[2025-08-01T01:25:22.130+0000] GC(132) Pause Full (Allocation Failure)
[2025-08-01T01:25:22.130+0000] GC(132) Phase 1: Mark live objects
[2025-08-01T01:25:22.197+0000] GC(132) Phase 1: Mark live objects 67.162ms
[2025-08-01T01:25:22.197+0000] GC(132) Phase 2: Compute new object addresses
[2025-08-01T01:25:22.816+0000] GC(132) Phase 2: Compute new object addresses 618.485ms
[2025-08-01T01:25:22.816+0000] GC(132) Phase 3: Adjust pointers
[2025-08-01T01:25:22.888+0000] GC(132) Phase 3: Adjust pointers 71.704ms
[2025-08-01T01:25:22.888+0000] GC(132) Phase 4: Move objects
[2025-08-01T01:25:23.026+0000] GC(132) Phase 4: Move objects 137.793ms
[2025-08-01T01:25:23.027+0000] GC(132) DefNew: 1258303K(1258304K)->0K(1258304K) Eden: 1118528K(1118528K)->0K(1118528K) From: 139775K(139776K)->0K(139776K)
[2025-08-01T01:25:23.027+0000] GC(132) Tenured: 2213795K(2796224K)->341506K(2796224K)
[2025-08-01T01:25:23.027+0000] GC(132) Metaspace: 10059K(10304K)->10059K(10304K) NonClass: 8832K(8960K)->8832K(8960K) Class: 1226K(1344K)->1226K(1344K)
[2025-08-01T01:25:23.027+0000] GC(132) Pause Full (Allocation Failure) 3390M->333M(3959M) 896.798ms
[2025-08-01T01:25:23.027+0000] GC(132) User=0.89s Sys=0.01s Real=0.90s
[2025-08-01T01:25:23.247+0000] GC(133) Pause Young (Allocation Failure)
[2025-08-01T01:25:23.884+0000] GC(133) DefNew: 1118528K(1258304K)->139776K(1258304K) Eden: 1118528K(1118528K)->0K(1118528K) From: 0K(139776K)->139776K(139776K)
[2025-08-01T01:25:23.884+0000] GC(133) Tenured: 341506K(2796224K)->1032718K(2796224K)
[2025-08-01T01:25:23.884+0000] GC(133) Metaspace: 10059K(10304K)->10059K(10304K) NonClass: 8832K(8960K)->8832K(8960K) Class: 1226K(1344K)->1226K(1344K)
[2025-08-01T01:25:23.884+0000] GC(133) Pause Young (Allocation Failure) 1425M->1145M(3959M) 637.331ms
[2025-08-01T01:25:23.884+0000] GC(133) User=0.64s Sys=0.01s Real=0.64s
[2025-08-01T01:25:24.108+0000] GC(134) Pause Young (Allocation Failure)
[2025-08-01T01:25:24.546+0000] GC(134) DefNew: 1258304K(1258304K)->139775K(1258304K) Eden: 1118528K(1118528K)->0K(1118528K) From: 139776K(139776K)->139775K(139776K)
[2025-08-01T01:25:24.546+0000] GC(134) Tenured: 1032718K(2796224K)->1593213K(2796224K)
[2025-08-01T01:25:24.546+0000] GC(134) Metaspace: 10059K(10304K)->10059K(10304K) NonClass: 8832K(8960K)->8832K(8960K) Class: 1226K(1344K)->1226K(1344K)
[2025-08-01T01:25:24.546+0000] GC(134) Pause Young (Allocation Failure) 2237M->1692M(3959M) 437.680ms
[2025-08-01T01:25:24.546+0000] GC(134) User=0.44s Sys=0.00s Real=0.44s
[2025-08-01T01:25:24.761+0000] GC(135) Pause Young (Allocation Failure)
[2025-08-01T01:25:25.253+0000] GC(135) DefNew: 1258303K(1258304K)->139775K(1258304K) Eden: 1118528K(1118528K)->0K(1118528K) From: 139775K(139776K)->139775K(139776K)
[2025-08-01T01:25:25.253+0000] GC(135) Tenured: 1593213K(2796224K)->2154342K(2796224K)
[2025-08-01T01:25:25.253+0000] GC(135) Metaspace: 10059K(10304K)->10059K(10304K) NonClass: 8832K(8960K)->8832K(8960K) Class: 1226K(1344K)->1226K(1344K)
[2025-08-01T01:25:25.253+0000] GC(135) Pause Young (Allocation Failure) 2784M->2240M(3959M) 491.762ms
[2025-08-01T01:25:25.253+0000] GC(135) User=0.50s Sys=0.00s Real=0.49s
[2025-08-01T01:25:25.484+0000] GC(136) Pause Young (Allocation Failure)
[2025-08-01T01:25:25.484+0000] GC(136) Pause Young (Allocation Failure) 3332M->3332M(3959M) 0.096ms
[2025-08-01T01:25:25.484+0000] GC(136) User=0.00s Sys=0.00s Real=0.00s
[2025-08-01T01:25:25.484+0000] GC(137) Pause Full (Allocation Failure)
[2025-08-01T01:25:25.484+0000] GC(137) Phase 1: Mark live objects
[2025-08-01T01:25:25.682+0000] GC(137) Phase 1: Mark live objects 197.949ms
[2025-08-01T01:25:25.682+0000] GC(137) Phase 2: Compute new object addresses
[2025-08-01T01:25:26.148+0000] GC(137) Phase 2: Compute new object addresses 465.600ms
[2025-08-01T01:25:26.148+0000] GC(137) Phase 3: Adjust pointers
[2025-08-01T01:25:26.309+0000] GC(137) Phase 3: Adjust pointers 160.479ms
[2025-08-01T01:25:26.309+0000] GC(137) Phase 4: Move objects
[2025-08-01T01:25:26.718+0000] GC(137) Phase 4: Move objects 409.683ms
[2025-08-01T01:25:26.720+0000] GC(137) DefNew: 1258303K(1258304K)->0K(1258304K) Eden: 1118528K(1118528K)->0K(1118528K) From: 139775K(139776K)->0K(139776K)
[2025-08-01T01:25:26.720+0000] GC(137) Tenured: 2154342K(2796224K)->1195900K(2796224K)
[2025-08-01T01:25:26.720+0000] GC(137) Metaspace: 10059K(10304K)->10059K(10304K) NonClass: 8832K(8960K)->8832K(8960K) Class: 1226K(1344K)->1226K(1344K)
[2025-08-01T01:25:26.720+0000] GC(137) Pause Full (Allocation Failure) 3332M->1167M(3959M) 1235.225ms
[2025-08-01T01:25:26.720+0000] GC(137) User=1.23s Sys=0.01s Real=1.23s
[2025-08-01T01:25:26.940+0000] GC(138) Pause Young (Allocation Failure)
[2025-08-01T01:25:27.177+0000] GC(138) DefNew: 1118528K(1258304K)->139775K(1258304K) Eden: 1118528K(1118528K)->0K(1118528K) From: 0K(139776K)->139775K(139776K)
[2025-08-01T01:25:27.177+0000] GC(138) Tenured: 1195900K(2796224K)->1389110K(2796224K)
[2025-08-01T01:25:27.177+0000] GC(138) Metaspace: 10059K(10304K)->10059K(10304K) NonClass: 8832K(8960K)->8832K(8960K) Class: 1226K(1344K)->1226K(1344K)
[2025-08-01T01:25:27.177+0000] GC(138) Pause Young (Allocation Failure) 2260M->1493M(3959M) 237.333ms
[2025-08-01T01:25:27.177+0000] GC(138) User=0.24s Sys=0.00s Real=0.24s
[2025-08-01T01:25:27.393+0000] GC(139) Pause Young (Allocation Failure)
[2025-08-01T01:25:27.934+0000] GC(139) DefNew: 1258303K(1258304K)->139776K(1258304K) Eden: 1118528K(1118528K)->0K(1118528K) From: 139775K(139776K)->139776K(139776K)
[2025-08-01T01:25:27.935+0000] GC(139) Tenured: 1389110K(2796224K)->2129062K(2796224K)
[2025-08-01T01:25:27.935+0000] GC(139) Metaspace: 10059K(10304K)->10059K(10304K) NonClass: 8832K(8960K)->8832K(8960K) Class: 1226K(1344K)->1226K(1344K)
[2025-08-01T01:25:27.935+0000] GC(139) Pause Young (Allocation Failure) 2585M->2215M(3959M) 541.874ms
[2025-08-01T01:25:27.935+0000] GC(139) User=0.54s Sys=0.00s Real=0.55s
[2025-08-01T01:25:28.155+0000] GC(140) Pause Young (Allocation Failure)
[2025-08-01T01:25:28.155+0000] GC(140) Pause Young (Allocation Failure) 3307M->3307M(3959M) 0.154ms
[2025-08-01T01:25:28.155+0000] GC(140) User=0.00s Sys=0.00s Real=0.00s
[2025-08-01T01:25:28.155+0000] GC(141) Pause Full (Allocation Failure)
[2025-08-01T01:25:28.155+0000] GC(141) Phase 1: Mark live objects
[2025-08-01T01:25:28.298+0000] GC(141) Phase 1: Mark live objects 143.490ms
[2025-08-01T01:25:28.299+0000] GC(141) Phase 2: Compute new object addresses
[2025-08-01T01:25:28.718+0000] GC(141) Phase 2: Compute new object addresses 418.969ms
[2025-08-01T01:25:28.718+0000] GC(141) Phase 3: Adjust pointers
[2025-08-01T01:25:28.838+0000] GC(141) Phase 3: Adjust pointers 120.804ms
[2025-08-01T01:25:28.838+0000] GC(141) Phase 4: Move objects
[2025-08-01T01:25:29.115+0000] GC(141) Phase 4: Move objects 276.046ms
[2025-08-01T01:25:29.116+0000] GC(141) DefNew: 1258304K(1258304K)->0K(1258304K) Eden: 1118528K(1118528K)->0K(1118528K) From: 139776K(139776K)->0K(139776K)
[2025-08-01T01:25:29.116+0000] GC(141) Tenured: 2129062K(2796224K)->831021K(2796224K)
[2025-08-01T01:25:29.116+0000] GC(141) Metaspace: 10059K(10304K)->10059K(10304K) NonClass: 8832K(8960K)->8832K(8960K) Class: 1226K(1344K)->1226K(1344K)
[2025-08-01T01:25:29.116+0000] GC(141) Pause Full (Allocation Failure) 3307M->811M(3959M) 960.836ms
[2025-08-01T01:25:29.116+0000] GC(141) User=0.96s Sys=0.01s Real=0.96s
[2025-08-01T01:25:29.334+0000] GC(142) Pause Young (Allocation Failure)
[2025-08-01T01:25:29.754+0000] GC(142) DefNew: 1118528K(1258304K)->139776K(1258304K) Eden: 1118528K(1118528K)->0K(1118528K) From: 0K(139776K)->139776K(139776K)
[2025-08-01T01:25:29.754+0000] GC(142) Tenured: 831021K(2796224K)->1399914K(2796224K)
[2025-08-01T01:25:29.754+0000] GC(142) Metaspace: 10059K(10304K)->10059K(10304K) NonClass: 8832K(8960K)->8832K(8960K) Class: 1226K(1344K)->1226K(1344K)
[2025-08-01T01:25:29.754+0000] GC(142) Pause Young (Allocation Failure) 1903M->1503M(3959M) 420.293ms
[2025-08-01T01:25:29.754+0000] GC(142) User=0.42s Sys=0.00s Real=0.42s
[2025-08-01T01:25:29.967+0000] GC(143) Pause Young (Allocation Failure)
[2025-08-01T01:25:30.608+0000] GC(143) DefNew: 1258304K(1258304K)->139775K(1258304K) Eden: 1118528K(1118528K)->0K(1118528K) From: 139776K(139776K)->139775K(139776K)
[2025-08-01T01:25:30.608+0000] GC(143) Tenured: 1399914K(2796224K)->2227894K(2796224K)
[2025-08-01T01:25:30.608+0000] GC(143) Metaspace: 10059K(10304K)->10059K(10304K) NonClass: 8832K(8960K)->8832K(8960K) Class: 1226K(1344K)->1226K(1344K)
[2025-08-01T01:25:30.608+0000] GC(143) Pause Young (Allocation Failure) 2595M->2312M(3959M) 640.940ms
[2025-08-01T01:25:30.608+0000] GC(143) User=0.62s Sys=0.03s Real=0.64s
[2025-08-01T01:25:30.827+0000] GC(144) Pause Young (Allocation Failure)
[2025-08-01T01:25:30.827+0000] GC(144) Pause Young (Allocation Failure) 3404M->3404M(3959M) 0.125ms
[2025-08-01T01:25:30.827+0000] GC(144) User=0.00s Sys=0.00s Real=0.00s
[2025-08-01T01:25:30.827+0000] GC(145) Pause Full (Allocation Failure)
[2025-08-01T01:25:30.827+0000] GC(145) Phase 1: Mark live objects
[2025-08-01T01:25:30.896+0000] GC(145) Phase 1: Mark live objects 68.367ms
[2025-08-01T01:25:30.896+0000] GC(145) Phase 2: Compute new object addresses
[2025-08-01T01:25:31.501+0000] GC(145) Phase 2: Compute new object addresses 605.126ms
[2025-08-01T01:25:31.501+0000] GC(145) Phase 3: Adjust pointers
[2025-08-01T01:25:31.569+0000] GC(145) Phase 3: Adjust pointers 67.504ms
[2025-08-01T01:25:31.569+0000] GC(145) Phase 4: Move objects
[2025-08-01T01:25:31.727+0000] GC(145) Phase 4: Move objects 157.976ms
[2025-08-01T01:25:31.728+0000] GC(145) DefNew: 1258303K(1258304K)->0K(1258304K) Eden: 1118528K(1118528K)->0K(1118528K) From: 139775K(139776K)->0K(139776K)
[2025-08-01T01:25:31.728+0000] GC(145) Tenured: 2227894K(2796224K)->495497K(2796224K)
[2025-08-01T01:25:31.728+0000] GC(145) Metaspace: 10059K(10304K)->10059K(10304K) NonClass: 8832K(8960K)->8832K(8960K) Class: 1226K(1344K)->1226K(1344K)
[2025-08-01T01:25:31.728+0000] GC(145) Pause Full (Allocation Failure) 3404M->483M(3959M) 900.702ms
[2025-08-01T01:25:31.728+0000] GC(145) User=0.89s Sys=0.01s Real=0.90s
[2025-08-01T01:25:31.947+0000] GC(146) Pause Young (Allocation Failure)
[2025-08-01T01:25:32.524+0000] GC(146) DefNew: 1118528K(1258304K)->139776K(1258304K) Eden: 1118528K(1118528K)->0K(1118528K) From: 0K(139776K)->139776K(139776K)
[2025-08-01T01:25:32.524+0000] GC(146) Tenured: 495497K(2796224K)->1186707K(2796224K)
[2025-08-01T01:25:32.524+0000] GC(146) Metaspace: 10059K(10304K)->10059K(10304K) NonClass: 8832K(8960K)->8832K(8960K) Class: 1226K(1344K)->1226K(1344K)
[2025-08-01T01:25:32.524+0000] GC(146) Pause Young (Allocation Failure) 1576M->1295M(3959M) 577.353ms
[2025-08-01T01:25:32.525+0000] GC(146) User=0.58s Sys=0.00s Real=0.58s
[2025-08-01T01:25:32.766+0000] GC(147) Pause Young (Allocation Failure)
[2025-08-01T01:25:33.322+0000] GC(147) DefNew: 1258304K(1258304K)->139776K(1258304K) Eden: 1118528K(1118528K)->0K(1118528K) From: 139776K(139776K)->139776K(139776K)
[2025-08-01T01:25:33.322+0000] GC(147) Tenured: 1186707K(2796224K)->1761238K(2796224K)
[2025-08-01T01:25:33.322+0000] GC(147) Metaspace: 10059K(10304K)->10059K(10304K) NonClass: 8832K(8960K)->8832K(8960K) Class: 1226K(1344K)->1226K(1344K)
[2025-08-01T01:25:33.322+0000] GC(147) Pause Young (Allocation Failure) 2387M->1856M(3959M) 555.973ms
[2025-08-01T01:25:33.322+0000] GC(147) User=0.55s Sys=0.01s Real=0.55s
[2025-08-01T01:25:33.560+0000] GC(148) Pause Young (Allocation Failure)
[2025-08-01T01:25:33.560+0000] GC(148) Pause Young (Allocation Failure) 2948M->2948M(3959M) 0.098ms
[2025-08-01T01:25:33.560+0000] GC(148) User=0.00s Sys=0.00s Real=0.00s
[2025-08-01T01:25:33.560+0000] GC(149) Pause Full (Allocation Failure)
[2025-08-01T01:25:33.560+0000] GC(149) Phase 1: Mark live objects
[2025-08-01T01:25:33.743+0000] GC(149) Phase 1: Mark live objects 182.396ms
[2025-08-01T01:25:33.743+0000] GC(149) Phase 2: Compute new object addresses
[2025-08-01T01:25:34.264+0000] GC(149) Phase 2: Compute new object addresses 521.086ms
[2025-08-01T01:25:34.264+0000] GC(149) Phase 3: Adjust pointers
[2025-08-01T01:25:34.430+0000] GC(149) Phase 3: Adjust pointers 166.200ms
[2025-08-01T01:25:34.430+0000] GC(149) Phase 4: Move objects
[2025-08-01T01:25:34.858+0000] GC(149) Phase 4: Move objects 427.531ms
[2025-08-01T01:25:34.859+0000] GC(149) DefNew: 1258304K(1258304K)->0K(1258304K) Eden: 1118528K(1118528K)->0K(1118528K) From: 139776K(139776K)->0K(139776K)
[2025-08-01T01:25:34.859+0000] GC(149) Tenured: 1761238K(2796224K)->913105K(2796224K)
[2025-08-01T01:25:34.859+0000] GC(149) Metaspace: 10059K(10304K)->10059K(10304K) NonClass: 8832K(8960K)->8832K(8960K) Class: 1226K(1344K)->1226K(1344K)
[2025-08-01T01:25:34.859+0000] GC(149) Pause Full (Allocation Failure) 2948M->891M(3959M) 1299.045ms
[2025-08-01T01:25:34.859+0000] GC(149) User=1.29s Sys=0.01s Real=1.30s
[2025-08-01T01:25:35.079+0000] GC(150) Pause Young (Allocation Failure)
[2025-08-01T01:25:35.721+0000] GC(150) DefNew: 1118528K(1258304K)->139775K(1258304K) Eden: 1118528K(1118528K)->0K(1118528K) From: 0K(139776K)->139775K(139776K)
[2025-08-01T01:25:35.721+0000] GC(150) Tenured: 913105K(2796224K)->1700580K(2796224K)
[2025-08-01T01:25:35.721+0000] GC(150) Metaspace: 10059K(10304K)->10059K(10304K) NonClass: 8832K(8960K)->8832K(8960K) Class: 1226K(1344K)->1226K(1344K)
[2025-08-01T01:25:35.721+0000] GC(150) Pause Young (Allocation Failure) 1984M->1797M(3959M) 642.273ms
[2025-08-01T01:25:35.721+0000] GC(150) User=0.64s Sys=0.00s Real=0.64s
[2025-08-01T01:25:35.947+0000] GC(151) Pause Young (Allocation Failure)
[2025-08-01T01:25:35.947+0000] GC(151) Pause Young (Allocation Failure) 2889M->2889M(3959M) 0.079ms
[2025-08-01T01:25:35.947+0000] GC(151) User=0.01s Sys=0.00s Real=0.00s
[2025-08-01T01:25:35.947+0000] GC(152) Pause Full (Allocation Failure)
[2025-08-01T01:25:35.947+0000] GC(152) Phase 1: Mark live objects
[2025-08-01T01:25:36.029+0000] GC(152) Phase 1: Mark live objects 81.819ms
[2025-08-01T01:25:36.029+0000] GC(152) Phase 2: Compute new object addresses
[2025-08-01T01:25:36.596+0000] GC(152) Phase 2: Compute new object addresses 566.830ms
[2025-08-01T01:25:36.596+0000] GC(152) Phase 3: Adjust pointers
[2025-08-01T01:25:36.669+0000] GC(152) Phase 3: Adjust pointers 73.074ms
[2025-08-01T01:25:36.669+0000] GC(152) Phase 4: Move objects
[2025-08-01T01:25:36.815+0000] GC(152) Phase 4: Move objects 145.578ms
[2025-08-01T01:25:36.816+0000] GC(152) DefNew: 1258303K(1258304K)->0K(1258304K) Eden: 1118528K(1118528K)->0K(1118528K) From: 139775K(139776K)->0K(139776K)
[2025-08-01T01:25:36.816+0000] GC(152) Tenured: 1700580K(2796224K)->416461K(2796224K)
[2025-08-01T01:25:36.816+0000] GC(152) Metaspace: 10059K(10304K)->10059K(10304K) NonClass: 8832K(8960K)->8832K(8960K) Class: 1226K(1344K)->1226K(1344K)
[2025-08-01T01:25:36.816+0000] GC(152) Pause Full (Allocation Failure) 2889M->406M(3959M) 868.795ms
[2025-08-01T01:25:36.816+0000] GC(152) User=0.87s Sys=0.00s Real=0.87s
[2025-08-01T01:25:37.041+0000] GC(153) Pause Young (Allocation Failure)
[2025-08-01T01:25:37.650+0000] GC(153) DefNew: 1118528K(1258304K)->139776K(1258304K) Eden: 1118528K(1118528K)->0K(1118528K) From: 0K(139776K)->139776K(139776K)
[2025-08-01T01:25:37.650+0000] GC(153) Tenured: 416461K(2796224K)->1111548K(2796224K)
[2025-08-01T01:25:37.650+0000] GC(153) Metaspace: 10059K(10304K)->10059K(10304K) NonClass: 8832K(8960K)->8832K(8960K) Class: 1226K(1344K)->1226K(1344K)
[2025-08-01T01:25:37.650+0000] GC(153) Pause Young (Allocation Failure) 1499M->1221M(3959M) 609.281ms
[2025-08-01T01:25:37.651+0000] GC(153) User=0.61s Sys=0.00s Real=0.61s
[2025-08-01T01:25:37.872+0000] GC(154) Pause Young (Allocation Failure)
[2025-08-01T01:25:38.430+0000] GC(154) DefNew: 1258304K(1258304K)->139775K(1258304K) Eden: 1118528K(1118528K)->0K(1118528K) From: 139776K(139776K)->139775K(139776K)
[2025-08-01T01:25:38.430+0000] GC(154) Tenured: 1111548K(2796224K)->1691148K(2796224K)
[2025-08-01T01:25:38.430+0000] GC(154) Metaspace: 10059K(10304K)->10059K(10304K) NonClass: 8832K(8960K)->8832K(8960K) Class: 1226K(1344K)->1226K(1344K)
[2025-08-01T01:25:38.430+0000] GC(154) Pause Young (Allocation Failure) 2314M->1788M(3959M) 557.691ms
[2025-08-01T01:25:38.430+0000] GC(154) User=0.56s Sys=0.00s Real=0.56s
[2025-08-01T01:25:38.653+0000] GC(155) Pause Young (Allocation Failure)
[2025-08-01T01:25:38.653+0000] GC(155) Pause Young (Allocation Failure) 2880M->2880M(3959M) 0.430ms
[2025-08-01T01:25:38.654+0000] GC(155) User=0.00s Sys=0.00s Real=0.01s
[2025-08-01T01:25:38.654+0000] GC(156) Pause Full (Allocation Failure)
[2025-08-01T01:25:38.654+0000] GC(156) Phase 1: Mark live objects
[2025-08-01T01:25:38.825+0000] GC(156) Phase 1: Mark live objects 171.497ms
[2025-08-01T01:25:38.825+0000] GC(156) Phase 2: Compute new object addresses
[2025-08-01T01:25:39.309+0000] GC(156) Phase 2: Compute new object addresses 483.219ms
[2025-08-01T01:25:39.309+0000] GC(156) Phase 3: Adjust pointers
[2025-08-01T01:25:39.479+0000] GC(156) Phase 3: Adjust pointers 170.506ms
[2025-08-01T01:25:39.479+0000] GC(156) Phase 4: Move objects
[2025-08-01T01:25:39.884+0000] GC(156) Phase 4: Move objects 404.987ms
[2025-08-01T01:25:39.885+0000] GC(156) DefNew: 1258303K(1258304K)->0K(1258304K) Eden: 1118528K(1118528K)->0K(1118528K) From: 139775K(139776K)->0K(139776K)
[2025-08-01T01:25:39.885+0000] GC(156) Tenured: 1691148K(2796224K)->1047734K(2796224K)
[2025-08-01T01:25:39.885+0000] GC(156) Metaspace: 10059K(10304K)->10059K(10304K) NonClass: 8832K(8960K)->8832K(8960K) Class: 1226K(1344K)->1226K(1344K)
[2025-08-01T01:25:39.885+0000] GC(156) Pause Full (Allocation Failure) 2880M->1023M(3959M) 1231.510ms
[2025-08-01T01:25:39.885+0000] GC(156) User=1.23s Sys=0.00s Real=1.23s
[2025-08-01T01:25:40.108+0000] GC(157) Pause Young (Allocation Failure)
[2025-08-01T01:25:40.738+0000] GC(157) DefNew: 1118528K(1258304K)->139775K(1258304K) Eden: 1118528K(1118528K)->0K(1118528K) From: 0K(139776K)->139775K(139776K)
[2025-08-01T01:25:40.738+0000] GC(157) Tenured: 1047734K(2796224K)->1831017K(2796224K)
[2025-08-01T01:25:40.738+0000] GC(157) Metaspace: 10059K(10304K)->10059K(10304K) NonClass: 8832K(8960K)->8832K(8960K) Class: 1226K(1344K)->1226K(1344K)
[2025-08-01T01:25:40.738+0000] GC(157) Pause Young (Allocation Failure) 2115M->1924M(3959M) 630.419ms
[2025-08-01T01:25:40.738+0000] GC(157) User=0.63s Sys=0.00s Real=0.63s
[2025-08-01T01:25:40.964+0000] GC(158) Pause Young (Allocation Failure)
[2025-08-01T01:25:40.964+0000] GC(158) Pause Young (Allocation Failure) 3016M->3016M(3959M) 0.156ms
[2025-08-01T01:25:40.964+0000] GC(158) User=0.00s Sys=0.00s Real=0.00s
[2025-08-01T01:25:40.964+0000] GC(159) Pause Full (Allocation Failure)
[2025-08-01T01:25:40.964+0000] GC(159) Phase 1: Mark live objects
[2025-08-01T01:25:41.042+0000] GC(159) Phase 1: Mark live objects 77.727ms
[2025-08-01T01:25:41.042+0000] GC(159) Phase 2: Compute new object addresses
[2025-08-01T01:25:41.558+0000] GC(159) Phase 2: Compute new object addresses 516.176ms
[2025-08-01T01:25:41.558+0000] GC(159) Phase 3: Adjust pointers
[2025-08-01T01:25:41.629+0000] GC(159) Phase 3: Adjust pointers 70.906ms
[2025-08-01T01:25:41.629+0000] GC(159) Phase 4: Move objects
[2025-08-01T01:25:41.802+0000] GC(159) Phase 4: Move objects 172.446ms
[2025-08-01T01:25:41.803+0000] GC(159) DefNew: 1258303K(1258304K)->0K(1258304K) Eden: 1118528K(1118528K)->0K(1118528K) From: 139775K(139776K)->0K(139776K)
[2025-08-01T01:25:41.803+0000] GC(159) Tenured: 1831017K(2796224K)->496086K(2796224K)
[2025-08-01T01:25:41.803+0000] GC(159) Metaspace: 10059K(10304K)->10059K(10304K) NonClass: 8832K(8960K)->8832K(8960K) Class: 1226K(1344K)->1226K(1344K)
[2025-08-01T01:25:41.803+0000] GC(159) Pause Full (Allocation Failure) 3016M->484M(3959M) 839.417ms
[2025-08-01T01:25:41.803+0000] GC(159) User=0.83s Sys=0.01s Real=0.83s
[2025-08-01T01:25:42.046+0000] GC(160) Pause Young (Allocation Failure)
[2025-08-01T01:25:42.626+0000] GC(160) DefNew: 1118528K(1258304K)->139776K(1258304K) Eden: 1118528K(1118528K)->0K(1118528K) From: 0K(139776K)->139776K(139776K)
[2025-08-01T01:25:42.626+0000] GC(160) Tenured: 496086K(2796224K)->1184810K(2796224K)
[2025-08-01T01:25:42.626+0000] GC(160) Metaspace: 10059K(10304K)->10059K(10304K) NonClass: 8832K(8960K)->8832K(8960K) Class: 1226K(1344K)->1226K(1344K)
[2025-08-01T01:25:42.626+0000] GC(160) Pause Young (Allocation Failure) 1576M->1293M(3959M) 579.680ms
[2025-08-01T01:25:42.626+0000] GC(160) User=0.58s Sys=0.00s Real=0.58s
[2025-08-01T01:25:42.840+0000] GC(161) Pause Young (Allocation Failure)
[2025-08-01T01:25:43.365+0000] GC(161) DefNew: 1258304K(1258304K)->139775K(1258304K) Eden: 1118528K(1118528K)->0K(1118528K) From: 139776K(139776K)->139775K(139776K)
[2025-08-01T01:25:43.365+0000] GC(161) Tenured: 1184810K(2796224K)->1770566K(2796224K)
[2025-08-01T01:25:43.365+0000] GC(161) Metaspace: 10059K(10304K)->10059K(10304K) NonClass: 8832K(8960K)->8832K(8960K) Class: 1226K(1344K)->1226K(1344K)
[2025-08-01T01:25:43.365+0000] GC(161) Pause Young (Allocation Failure) 2385M->1865M(3959M) 525.703ms
[2025-08-01T01:25:43.365+0000] GC(161) User=0.52s Sys=0.00s Real=0.53s
[2025-08-01T01:25:43.581+0000] GC(162) Pause Young (Allocation Failure)
[2025-08-01T01:25:43.581+0000] GC(162) Pause Young (Allocation Failure) 2957M->2957M(3959M) 0.112ms
[2025-08-01T01:25:43.581+0000] GC(162) User=0.00s Sys=0.00s Real=0.00s
[2025-08-01T01:25:43.581+0000] GC(163) Pause Full (Allocation Failure)
[2025-08-01T01:25:43.581+0000] GC(163) Phase 1: Mark live objects
[2025-08-01T01:25:43.734+0000] GC(163) Phase 1: Mark live objects 152.912ms
[2025-08-01T01:25:43.734+0000] GC(163) Phase 2: Compute new object addresses
[2025-08-01T01:25:44.150+0000] GC(163) Phase 2: Compute new object addresses 415.630ms
[2025-08-01T01:25:44.150+0000] GC(163) Phase 3: Adjust pointers
[2025-08-01T01:25:44.291+0000] GC(163) Phase 3: Adjust pointers 141.425ms
[2025-08-01T01:25:44.291+0000] GC(163) Phase 4: Move objects
[2025-08-01T01:25:44.654+0000] GC(163) Phase 4: Move objects 363.026ms
[2025-08-01T01:25:44.656+0000] GC(163) DefNew: 1258303K(1258304K)->0K(1258304K) Eden: 1118528K(1118528K)->0K(1118528K) From: 139775K(139776K)->0K(139776K)
[2025-08-01T01:25:44.656+0000] GC(163) Tenured: 1770566K(2796224K)->925131K(2796224K)
[2025-08-01T01:25:44.656+0000] GC(163) Metaspace: 10059K(10304K)->10059K(10304K) NonClass: 8832K(8960K)->8832K(8960K) Class: 1226K(1344K)->1226K(1344K)
[2025-08-01T01:25:44.656+0000] GC(163) Pause Full (Allocation Failure) 2957M->903M(3959M) 1075.189ms
[2025-08-01T01:25:44.656+0000] GC(163) User=1.07s Sys=0.01s Real=1.08s
[2025-08-01T01:25:44.903+0000] GC(164) Pause Young (Allocation Failure)
[2025-08-01T01:25:45.606+0000] GC(164) DefNew: 1118528K(1258304K)->139775K(1258304K) Eden: 1118528K(1118528K)->0K(1118528K) From: 0K(139776K)->139775K(139776K)
[2025-08-01T01:25:45.606+0000] GC(164) Tenured: 925131K(2796224K)->1712583K(2796224K)
[2025-08-01T01:25:45.606+0000] GC(164) Metaspace: 10059K(10304K)->10059K(10304K) NonClass: 8832K(8960K)->8832K(8960K) Class: 1226K(1344K)->1226K(1344K)
[2025-08-01T01:25:45.606+0000] GC(164) Pause Young (Allocation Failure) 1995M->1808M(3959M) 703.090ms
[2025-08-01T01:25:45.606+0000] GC(164) User=0.69s Sys=0.01s Real=0.70s
[2025-08-01T01:25:45.824+0000] GC(165) Pause Young (Allocation Failure)
[2025-08-01T01:25:45.824+0000] GC(165) Pause Young (Allocation Failure) 2901M->2901M(3959M) 0.101ms
[2025-08-01T01:25:45.824+0000] GC(165) User=0.00s Sys=0.00s Real=0.00s
[2025-08-01T01:25:45.824+0000] GC(166) Pause Full (Allocation Failure)
[2025-08-01T01:25:45.824+0000] GC(166) Phase 1: Mark live objects
[2025-08-01T01:25:45.909+0000] GC(166) Phase 1: Mark live objects 84.566ms
[2025-08-01T01:25:45.909+0000] GC(166) Phase 2: Compute new object addresses
[2025-08-01T01:25:46.490+0000] GC(166) Phase 2: Compute new object addresses 581.669ms
[2025-08-01T01:25:46.491+0000] GC(166) Phase 3: Adjust pointers
[2025-08-01T01:25:46.564+0000] GC(166) Phase 3: Adjust pointers 73.375ms
[2025-08-01T01:25:46.564+0000] GC(166) Phase 4: Move objects
[2025-08-01T01:25:46.728+0000] GC(166) Phase 4: Move objects 163.500ms
[2025-08-01T01:25:46.729+0000] GC(166) DefNew: 1258303K(1258304K)->0K(1258304K) Eden: 1118528K(1118528K)->0K(1118528K) From: 139775K(139776K)->0K(139776K)
[2025-08-01T01:25:46.729+0000] GC(166) Tenured: 1712583K(2796224K)->428474K(2796224K)
[2025-08-01T01:25:46.729+0000] GC(166) Metaspace: 10059K(10304K)->10059K(10304K) NonClass: 8832K(8960K)->8832K(8960K) Class: 1226K(1344K)->1226K(1344K)
[2025-08-01T01:25:46.729+0000] GC(166) Pause Full (Allocation Failure) 2901M->418M(3959M) 904.595ms
[2025-08-01T01:25:46.729+0000] GC(166) User=0.90s Sys=0.01s Real=0.90s
[2025-08-01T01:25:46.964+0000] GC(167) Pause Young (Allocation Failure)
[2025-08-01T01:25:47.595+0000] GC(167) DefNew: 1118528K(1258304K)->139775K(1258304K) Eden: 1118528K(1118528K)->0K(1118528K) From: 0K(139776K)->139775K(139776K)
[2025-08-01T01:25:47.596+0000] GC(167) Tenured: 428474K(2796224K)->1123562K(2796224K)
[2025-08-01T01:25:47.596+0000] GC(167) Metaspace: 10059K(10304K)->10059K(10304K) NonClass: 8832K(8960K)->8832K(8960K) Class: 1226K(1344K)->1226K(1344K)
[2025-08-01T01:25:47.596+0000] GC(167) Pause Young (Allocation Failure) 1510M->1233M(3959M) 631.417ms
[2025-08-01T01:25:47.596+0000] GC(167) User=0.63s Sys=0.00s Real=0.63s
[2025-08-01T01:25:47.826+0000] GC(168) Pause Young (Allocation Failure)
[2025-08-01T01:25:48.386+0000] GC(168) DefNew: 1258303K(1258304K)->139776K(1258304K) Eden: 1118528K(1118528K)->0K(1118528K) From: 139775K(139776K)->139776K(139776K)
[2025-08-01T01:25:48.386+0000] GC(168) Tenured: 1123562K(2796224K)->1714401K(2796224K)
[2025-08-01T01:25:48.386+0000] GC(168) Metaspace: 10059K(10304K)->10059K(10304K) NonClass: 8832K(8960K)->8832K(8960K) Class: 1226K(1344K)->1226K(1344K)
[2025-08-01T01:25:48.386+0000] GC(168) Pause Young (Allocation Failure) 2326M->1810M(3959M) 559.523ms
[2025-08-01T01:25:48.386+0000] GC(168) User=0.56s Sys=0.00s Real=0.56s
[2025-08-01T01:25:48.602+0000] GC(169) Pause Young (Allocation Failure)
[2025-08-01T01:25:48.602+0000] GC(169) Pause Young (Allocation Failure) 2903M->2903M(3959M) 0.130ms
[2025-08-01T01:25:48.602+0000] GC(169) User=0.00s Sys=0.00s Real=0.00s
[2025-08-01T01:25:48.602+0000] GC(170) Pause Full (Allocation Failure)
[2025-08-01T01:25:48.602+0000] GC(170) Phase 1: Mark live objects
[2025-08-01T01:25:48.791+0000] GC(170) Phase 1: Mark live objects 188.843ms
[2025-08-01T01:25:48.791+0000] GC(170) Phase 2: Compute new object addresses
[2025-08-01T01:25:49.349+0000] GC(170) Phase 2: Compute new object addresses 557.314ms
[2025-08-01T01:25:49.349+0000] GC(170) Phase 3: Adjust pointers
[2025-08-01T01:25:49.512+0000] GC(170) Phase 3: Adjust pointers 163.091ms
[2025-08-01T01:25:49.512+0000] GC(170) Phase 4: Move objects
[2025-08-01T01:25:49.934+0000] GC(170) Phase 4: Move objects 421.328ms
[2025-08-01T01:25:49.935+0000] GC(170) DefNew: 1258304K(1258304K)->0K(1258304K) Eden: 1118528K(1118528K)->0K(1118528K) From: 139776K(139776K)->0K(139776K)
[2025-08-01T01:25:49.935+0000] GC(170) Tenured: 1714401K(2796224K)->1059762K(2796224K)
[2025-08-01T01:25:49.935+0000] GC(170) Metaspace: 10059K(10304K)->10059K(10304K) NonClass: 8832K(8960K)->8832K(8960K) Class: 1226K(1344K)->1226K(1344K)
[2025-08-01T01:25:49.935+0000] GC(170) Pause Full (Allocation Failure) 2903M->1034M(3959M) 1332.219ms
[2025-08-01T01:25:49.935+0000] GC(170) User=1.33s Sys=0.01s Real=1.34s
[2025-08-01T01:25:50.172+0000] GC(171) Pause Young (Allocation Failure)
[2025-08-01T01:25:50.877+0000] GC(171) DefNew: 1118528K(1258304K)->139776K(1258304K) Eden: 1118528K(1118528K)->0K(1118528K) From: 0K(139776K)->139776K(139776K)
[2025-08-01T01:25:50.877+0000] GC(171) Tenured: 1059762K(2796224K)->1843366K(2796224K)
[2025-08-01T01:25:50.877+0000] GC(171) Metaspace: 10059K(10304K)->10059K(10304K) NonClass: 8832K(8960K)->8832K(8960K) Class: 1226K(1344K)->1226K(1344K)
[2025-08-01T01:25:50.877+0000] GC(171) Pause Young (Allocation Failure) 2127M->1936M(3959M) 704.506ms
[2025-08-01T01:25:50.877+0000] GC(171) User=0.70s Sys=0.01s Real=0.71s
[2025-08-01T01:25:51.108+0000] GC(172) Pause Young (Allocation Failure)
[2025-08-01T01:25:51.108+0000] GC(172) Pause Young (Allocation Failure) 3028M->3028M(3959M) 0.147ms
[2025-08-01T01:25:51.108+0000] GC(172) User=0.00s Sys=0.00s Real=0.00s
[2025-08-01T01:25:51.108+0000] GC(173) Pause Full (Allocation Failure)
[2025-08-01T01:25:51.108+0000] GC(173) Phase 1: Mark live objects
[2025-08-01T01:25:51.180+0000] GC(173) Phase 1: Mark live objects 71.934ms
[2025-08-01T01:25:51.180+0000] GC(173) Phase 2: Compute new object addresses
[2025-08-01T01:25:51.704+0000] GC(173) Phase 2: Compute new object addresses 524.393ms
[2025-08-01T01:25:51.704+0000] GC(173) Phase 3: Adjust pointers
[2025-08-01T01:25:51.765+0000] GC(173) Phase 3: Adjust pointers 60.641ms
[2025-08-01T01:25:51.765+0000] GC(173) Phase 4: Move objects
[2025-08-01T01:25:51.946+0000] GC(173) Phase 4: Move objects 181.130ms
[2025-08-01T01:25:51.948+0000] GC(173) DefNew: 1258304K(1258304K)->0K(1258304K) Eden: 1118528K(1118528K)->0K(1118528K) From: 139776K(139776K)->0K(139776K)
[2025-08-01T01:25:51.948+0000] GC(173) Tenured: 1843366K(2796224K)->508430K(2796224K)
[2025-08-01T01:25:51.948+0000] GC(173) Metaspace: 10059K(10304K)->10059K(10304K) NonClass: 8832K(8960K)->8832K(8960K) Class: 1226K(1344K)->1226K(1344K)
[2025-08-01T01:25:51.948+0000] GC(173) Pause Full (Allocation Failure) 3028M->496M(3959M) 839.971ms
[2025-08-01T01:25:51.948+0000] GC(173) User=0.84s Sys=0.00s Real=0.84s
[2025-08-01T01:25:52.176+0000] GC(174) Pause Young (Allocation Failure)
[2025-08-01T01:25:52.718+0000] GC(174) DefNew: 1118528K(1258304K)->139775K(1258304K) Eden: 1118528K(1118528K)->0K(1118528K) From: 0K(139776K)->139775K(139776K)
[2025-08-01T01:25:52.718+0000] GC(174) Tenured: 508430K(2796224K)->1199656K(2796224K)
[2025-08-01T01:25:52.718+0000] GC(174) Metaspace: 10059K(10304K)->10059K(10304K) NonClass: 8832K(8960K)->8832K(8960K) Class: 1226K(1344K)->1226K(1344K)
[2025-08-01T01:25:52.718+0000] GC(174) Pause Young (Allocation Failure) 1588M->1308M(3959M) 541.873ms
[2025-08-01T01:25:52.718+0000] GC(174) User=0.54s Sys=0.01s Real=0.54s
[2025-08-01T01:25:52.933+0000] GC(175) Pause Young (Allocation Failure)
[2025-08-01T01:25:53.493+0000] GC(175) DefNew: 1258303K(1258304K)->139775K(1258304K) Eden: 1118528K(1118528K)->0K(1118528K) From: 139775K(139776K)->139775K(139776K)
[2025-08-01T01:25:53.493+0000] GC(175) Tenured: 1199656K(2796224K)->1799040K(2796224K)
[2025-08-01T01:25:53.493+0000] GC(175) Metaspace: 10059K(10304K)->10059K(10304K) NonClass: 8832K(8960K)->8832K(8960K) Class: 1226K(1344K)->1226K(1344K)
[2025-08-01T01:25:53.493+0000] GC(175) Pause Young (Allocation Failure) 2400M->1893M(3959M) 560.136ms
[2025-08-01T01:25:53.493+0000] GC(175) User=0.56s Sys=0.00s Real=0.56s
[2025-08-01T01:25:53.734+0000] GC(176) Pause Young (Allocation Failure)
[2025-08-01T01:25:53.734+0000] GC(176) Pause Young (Allocation Failure) 2985M->2985M(3959M) 0.110ms
[2025-08-01T01:25:53.734+0000] GC(176) User=0.00s Sys=0.00s Real=0.00s
[2025-08-01T01:25:53.734+0000] GC(177) Pause Full (Allocation Failure)
[2025-08-01T01:25:53.734+0000] GC(177) Phase 1: Mark live objects
[2025-08-01T01:25:53.900+0000] GC(177) Phase 1: Mark live objects 166.386ms
[2025-08-01T01:25:53.900+0000] GC(177) Phase 2: Compute new object addresses
[2025-08-01T01:25:54.407+0000] GC(177) Phase 2: Compute new object addresses 506.177ms
[2025-08-01T01:25:54.407+0000] GC(177) Phase 3: Adjust pointers
[2025-08-01T01:25:54.575+0000] GC(177) Phase 3: Adjust pointers 167.877ms
[2025-08-01T01:25:54.575+0000] GC(177) Phase 4: Move objects
[2025-08-01T01:25:54.978+0000] GC(177) Phase 4: Move objects 402.921ms
[2025-08-01T01:25:54.979+0000] GC(177) DefNew: 1258303K(1258304K)->0K(1258304K) Eden: 1118528K(1118528K)->0K(1118528K) From: 139775K(139776K)->0K(139776K)
[2025-08-01T01:25:54.979+0000] GC(177) Tenured: 1799040K(2796224K)->940069K(2796224K)
[2025-08-01T01:25:54.979+0000] GC(177) Metaspace: 10059K(10304K)->10059K(10304K) NonClass: 8832K(8960K)->8832K(8960K) Class: 1226K(1344K)->1226K(1344K)
[2025-08-01T01:25:54.979+0000] GC(177) Pause Full (Allocation Failure) 2985M->918M(3959M) 1245.152ms
[2025-08-01T01:25:54.979+0000] GC(177) User=1.24s Sys=0.00s Real=1.24s
[2025-08-01T01:25:55.226+0000] GC(178) Pause Young (Allocation Failure)
[2025-08-01T01:25:55.912+0000] GC(178) DefNew: 1118528K(1258304K)->139775K(1258304K) Eden: 1118528K(1118528K)->0K(1118528K) From: 0K(139776K)->139775K(139776K)
[2025-08-01T01:25:55.912+0000] GC(178) Tenured: 940069K(2796224K)->1724203K(2796224K)
[2025-08-01T01:25:55.912+0000] GC(178) Metaspace: 10059K(10304K)->10059K(10304K) NonClass: 8832K(8960K)->8832K(8960K) Class: 1226K(1344K)->1226K(1344K)
[2025-08-01T01:25:55.912+0000] GC(178) Pause Young (Allocation Failure) 2010M->1820M(3959M) 686.421ms
[2025-08-01T01:25:55.912+0000] GC(178) User=0.68s Sys=0.01s Real=0.68s
[2025-08-01T01:25:56.175+0000] GC(179) Pause Young (Allocation Failure)
[2025-08-01T01:25:56.175+0000] GC(179) Pause Young (Allocation Failure) 2912M->2912M(3959M) 0.075ms
[2025-08-01T01:25:56.175+0000] GC(179) User=0.00s Sys=0.00s Real=0.00s
[2025-08-01T01:25:56.175+0000] GC(180) Pause Full (Allocation Failure)
[2025-08-01T01:25:56.175+0000] GC(180) Phase 1: Mark live objects
[2025-08-01T01:25:56.258+0000] GC(180) Phase 1: Mark live objects 82.806ms
[2025-08-01T01:25:56.258+0000] GC(180) Phase 2: Compute new object addresses
[2025-08-01T01:25:56.759+0000] GC(180) Phase 2: Compute new object addresses 501.487ms
[2025-08-01T01:25:56.759+0000] GC(180) Phase 3: Adjust pointers
[2025-08-01T01:25:56.817+0000] GC(180) Phase 3: Adjust pointers 57.506ms
[2025-08-01T01:25:56.817+0000] GC(180) Phase 4: Move objects
[2025-08-01T01:25:56.959+0000] GC(180) Phase 4: Move objects 142.345ms
[2025-08-01T01:25:56.960+0000] GC(180) DefNew: 1258303K(1258304K)->0K(1258304K) Eden: 1118528K(1118528K)->0K(1118528K) From: 139775K(139776K)->0K(139776K)
[2025-08-01T01:25:56.960+0000] GC(180) Tenured: 1724203K(2796224K)->440626K(2796224K)
[2025-08-01T01:25:56.960+0000] GC(180) Metaspace: 10059K(10304K)->10059K(10304K) NonClass: 8832K(8960K)->8832K(8960K) Class: 1226K(1344K)->1226K(1344K)
[2025-08-01T01:25:56.960+0000] GC(180) Pause Full (Allocation Failure) 2912M->430M(3959M) 785.573ms
[2025-08-01T01:25:56.961+0000] GC(180) User=0.78s Sys=0.01s Real=0.78s
[2025-08-01T01:25:57.178+0000] GC(181) Pause Young (Allocation Failure)
[2025-08-01T01:25:57.803+0000] GC(181) DefNew: 1118528K(1258304K)->139775K(1258304K) Eden: 1118528K(1118528K)->0K(1118528K) From: 0K(139776K)->139775K(139776K)
[2025-08-01T01:25:57.803+0000] GC(181) Tenured: 440626K(2796224K)->1131580K(2796224K)
[2025-08-01T01:25:57.803+0000] GC(181) Metaspace: 10059K(10304K)->10059K(10304K) NonClass: 8832K(8960K)->8832K(8960K) Class: 1226K(1344K)->1226K(1344K)
[2025-08-01T01:25:57.803+0000] GC(181) Pause Young (Allocation Failure) 1522M->1241M(3959M) 625.194ms
[2025-08-01T01:25:57.803+0000] GC(181) User=0.63s Sys=0.01s Real=0.62s
[2025-08-01T01:25:58.041+0000] GC(182) Pause Young (Allocation Failure)
[2025-08-01T01:25:58.588+0000] GC(182) DefNew: 1258303K(1258304K)->139775K(1258304K) Eden: 1118528K(1118528K)->0K(1118528K) From: 139775K(139776K)->139775K(139776K)
[2025-08-01T01:25:58.588+0000] GC(182) Tenured: 1131580K(2796224K)->1730969K(2796224K)
[2025-08-01T01:25:58.588+0000] GC(182) Metaspace: 10059K(10304K)->10059K(10304K) NonClass: 8832K(8960K)->8832K(8960K) Class: 1226K(1344K)->1226K(1344K)
[2025-08-01T01:25:58.588+0000] GC(182) Pause Young (Allocation Failure) 2333M->1826M(3959M) 547.505ms
[2025-08-01T01:25:58.589+0000] GC(182) User=0.55s Sys=0.00s Real=0.55s
[2025-08-01T01:25:58.821+0000] GC(183) Pause Young (Allocation Failure)
[2025-08-01T01:25:58.821+0000] GC(183) Pause Young (Allocation Failure) 2919M->2919M(3959M) 0.104ms
[2025-08-01T01:25:58.821+0000] GC(183) User=0.00s Sys=0.00s Real=0.00s
[2025-08-01T01:25:58.821+0000] GC(184) Pause Full (Allocation Failure)
[2025-08-01T01:25:58.821+0000] GC(184) Phase 1: Mark live objects
[2025-08-01T01:25:58.985+0000] GC(184) Phase 1: Mark live objects 164.669ms
[2025-08-01T01:25:58.985+0000] GC(184) Phase 2: Compute new object addresses
[2025-08-01T01:25:59.473+0000] GC(184) Phase 2: Compute new object addresses 487.454ms
[2025-08-01T01:25:59.473+0000] GC(184) Phase 3: Adjust pointers
[2025-08-01T01:25:59.655+0000] GC(184) Phase 3: Adjust pointers 181.593ms
[2025-08-01T01:25:59.655+0000] GC(184) Phase 4: Move objects
[2025-08-01T01:26:00.086+0000] GC(184) Phase 4: Move objects 430.475ms
[2025-08-01T01:26:00.086+0000] GC(184) DefNew: 1258303K(1258304K)->0K(1258304K) Eden: 1118528K(1118528K)->0K(1118528K) From: 139775K(139776K)->0K(139776K)
[2025-08-01T01:26:00.086+0000] GC(184) Tenured: 1730969K(2796224K)->1059517K(2796224K)
[2025-08-01T01:26:00.086+0000] GC(184) Metaspace: 10059K(10304K)->10059K(10304K) NonClass: 8832K(8960K)->8832K(8960K) Class: 1226K(1344K)->1226K(1344K)
[2025-08-01T01:26:00.087+0000] GC(184) Pause Full (Allocation Failure) 2919M->1034M(3959M) 1265.788ms
[2025-08-01T01:26:00.087+0000] GC(184) User=1.26s Sys=0.01s Real=1.27s
[2025-08-01T01:26:00.315+0000] GC(185) Pause Young (Allocation Failure)
[2025-08-01T01:26:01.039+0000] GC(185) DefNew: 1118528K(1258304K)->139776K(1258304K) Eden: 1118528K(1118528K)->0K(1118528K) From: 0K(139776K)->139776K(139776K)
[2025-08-01T01:26:01.039+0000] GC(185) Tenured: 1059517K(2796224K)->1844199K(2796224K)
[2025-08-01T01:26:01.039+0000] GC(185) Metaspace: 10059K(10304K)->10059K(10304K) NonClass: 8832K(8960K)->8832K(8960K) Class: 1226K(1344K)->1226K(1344K)
[2025-08-01T01:26:01.040+0000] GC(185) Pause Young (Allocation Failure) 2126M->1937M(3959M) 724.671ms
[2025-08-01T01:26:01.040+0000] GC(185) User=0.72s Sys=0.01s Real=0.72s
[2025-08-01T01:26:01.280+0000] GC(186) Pause Young (Allocation Failure)
[2025-08-01T01:26:01.280+0000] GC(186) Pause Young (Allocation Failure) 3029M->3029M(3959M) 0.074ms
[2025-08-01T01:26:01.280+0000] GC(186) User=0.00s Sys=0.00s Real=0.00s
[2025-08-01T01:26:01.280+0000] GC(187) Pause Full (Allocation Failure)
[2025-08-01T01:26:01.280+0000] GC(187) Phase 1: Mark live objects
[2025-08-01T01:26:01.368+0000] GC(187) Phase 1: Mark live objects 88.000ms
[2025-08-01T01:26:01.368+0000] GC(187) Phase 2: Compute new object addresses
[2025-08-01T01:26:01.945+0000] GC(187) Phase 2: Compute new object addresses 576.697ms
[2025-08-01T01:26:01.945+0000] GC(187) Phase 3: Adjust pointers
[2025-08-01T01:26:02.023+0000] GC(187) Phase 3: Adjust pointers 78.385ms
[2025-08-01T01:26:02.024+0000] GC(187) Phase 4: Move objects
[2025-08-01T01:26:02.204+0000] GC(187) Phase 4: Move objects 180.176ms
[2025-08-01T01:26:02.205+0000] GC(187) DefNew: 1258304K(1258304K)->0K(1258304K) Eden: 1118528K(1118528K)->0K(1118528K) From: 139776K(139776K)->0K(139776K)
[2025-08-01T01:26:02.205+0000] GC(187) Tenured: 1844199K(2796224K)->505931K(2796224K)
[2025-08-01T01:26:02.205+0000] GC(187) Metaspace: 10059K(10304K)->10059K(10304K) NonClass: 8832K(8960K)->8832K(8960K) Class: 1226K(1344K)->1226K(1344K)
[2025-08-01T01:26:02.205+0000] GC(187) Pause Full (Allocation Failure) 3029M->494M(3959M) 925.200ms
[2025-08-01T01:26:02.205+0000] GC(187) User=0.92s Sys=0.01s Real=0.93s
[2025-08-01T01:26:02.463+0000] GC(188) Pause Young (Allocation Failure)
[2025-08-01T01:26:02.900+0000] GC(188) DefNew: 1118528K(1258304K)->139775K(1258304K) Eden: 1118528K(1118528K)->0K(1118528K) From: 0K(139776K)->139775K(139776K)
[2025-08-01T01:26:02.900+0000] GC(188) Tenured: 505931K(2796224K)->920537K(2796224K)
[2025-08-01T01:26:02.900+0000] GC(188) Metaspace: 10059K(10304K)->10059K(10304K) NonClass: 8832K(8960K)->8832K(8960K) Class: 1226K(1344K)->1226K(1344K)
[2025-08-01T01:26:02.900+0000] GC(188) Pause Young (Allocation Failure) 1586M->1035M(3959M) 436.842ms
[2025-08-01T01:26:02.900+0000] GC(188) User=0.44s Sys=0.00s Real=0.43s
[2025-08-01T01:26:03.151+0000] GC(189) Pause Young (Allocation Failure)
[2025-08-01T01:26:03.682+0000] GC(189) DefNew: 1258303K(1258304K)->139775K(1258304K) Eden: 1118528K(1118528K)->0K(1118528K) From: 139775K(139776K)->139775K(139776K)
[2025-08-01T01:26:03.682+0000] GC(189) Tenured: 920537K(2796224K)->1519929K(2796224K)
[2025-08-01T01:26:03.682+0000] GC(189) Metaspace: 10059K(10304K)->10059K(10304K) NonClass: 8832K(8960K)->8832K(8960K) Class: 1226K(1344K)->1226K(1344K)
[2025-08-01T01:26:03.683+0000] GC(189) Pause Young (Allocation Failure) 2127M->1620M(3959M) 532.210ms
[2025-08-01T01:26:03.683+0000] GC(189) User=0.53s Sys=0.00s Real=0.53s
[2025-08-01T01:26:03.924+0000] GC(190) Pause Young (Allocation Failure)
[2025-08-01T01:26:04.525+0000] GC(190) DefNew: 1258303K(1258304K)->139775K(1258304K) Eden: 1118528K(1118528K)->0K(1118528K) From: 139775K(139776K)->139775K(139776K)
[2025-08-01T01:26:04.525+0000] GC(190) Tenured: 1519929K(2796224K)->2120491K(2796224K)
[2025-08-01T01:26:04.525+0000] GC(190) Metaspace: 10059K(10304K)->10059K(10304K) NonClass: 8832K(8960K)->8832K(8960K) Class: 1226K(1344K)->1226K(1344K)
[2025-08-01T01:26:04.525+0000] GC(190) Pause Young (Allocation Failure) 2713M->2207M(3959M) 601.302ms
[2025-08-01T01:26:04.525+0000] GC(190) User=0.60s Sys=0.00s Real=0.60s
[2025-08-01T01:26:04.754+0000] GC(191) Pause Young (Allocation Failure)
[2025-08-01T01:26:04.754+0000] GC(191) Pause Young (Allocation Failure) 3299M->3299M(3959M) 0.073ms
[2025-08-01T01:26:04.754+0000] GC(191) User=0.00s Sys=0.00s Real=0.00s
[2025-08-01T01:26:04.754+0000] GC(192) Pause Full (Allocation Failure)
[2025-08-01T01:26:04.754+0000] GC(192) Phase 1: Mark live objects
[2025-08-01T01:26:04.959+0000] GC(192) Phase 1: Mark live objects 204.742ms
[2025-08-01T01:26:04.959+0000] GC(192) Phase 2: Compute new object addresses
[2025-08-01T01:26:05.523+0000] GC(192) Phase 2: Compute new object addresses 564.065ms
[2025-08-01T01:26:05.523+0000] GC(192) Phase 3: Adjust pointers
[2025-08-01T01:26:05.736+0000] GC(192) Phase 3: Adjust pointers 212.950ms
[2025-08-01T01:26:05.736+0000] GC(192) Phase 4: Move objects
[2025-08-01T01:26:06.256+0000] GC(192) Phase 4: Move objects 520.202ms
[2025-08-01T01:26:06.257+0000] GC(192) DefNew: 1258303K(1258304K)->0K(1258304K) Eden: 1118528K(1118528K)->0K(1118528K) From: 139775K(139776K)->0K(139776K)
[2025-08-01T01:26:06.258+0000] GC(192) Tenured: 2120491K(2796224K)->1125718K(2796224K)
[2025-08-01T01:26:06.258+0000] GC(192) Metaspace: 10059K(10304K)->10059K(10304K) NonClass: 8832K(8960K)->8832K(8960K) Class: 1226K(1344K)->1226K(1344K)
[2025-08-01T01:26:06.258+0000] GC(192) Pause Full (Allocation Failure) 3299M->1099M(3959M) 1503.474ms
[2025-08-01T01:26:06.258+0000] GC(192) User=1.50s Sys=0.01s Real=1.50s
[2025-08-01T01:26:06.471+0000] GC(193) Pause Young (Allocation Failure)
[2025-08-01T01:26:06.705+0000] GC(193) DefNew: 1118528K(1258304K)->139775K(1258304K) Eden: 1118528K(1118528K)->0K(1118528K) From: 0K(139776K)->139775K(139776K)
[2025-08-01T01:26:06.705+0000] GC(193) Tenured: 1125718K(2796224K)->1355019K(2796224K)
[2025-08-01T01:26:06.706+0000] GC(193) Metaspace: 10059K(10304K)->10059K(10304K) NonClass: 8832K(8960K)->8832K(8960K) Class: 1226K(1344K)->1226K(1344K)
[2025-08-01T01:26:06.706+0000] GC(193) Pause Young (Allocation Failure) 2191M->1459M(3959M) 234.820ms
[2025-08-01T01:26:06.706+0000] GC(193) User=0.24s Sys=0.00s Real=0.24s
[2025-08-01T01:26:06.959+0000] GC(194) Pause Young (Allocation Failure)
[2025-08-01T01:26:07.335+0000] GC(194) DefNew: 1258303K(1258304K)->139775K(1258304K) Eden: 1118528K(1118528K)->0K(1118528K) From: 139775K(139776K)->139775K(139776K)
[2025-08-01T01:26:07.335+0000] GC(194) Tenured: 1355019K(2796224K)->1777880K(2796224K)
[2025-08-01T01:26:07.335+0000] GC(194) Metaspace: 10059K(10304K)->10059K(10304K) NonClass: 8832K(8960K)->8832K(8960K) Class: 1226K(1344K)->1226K(1344K)
[2025-08-01T01:26:07.335+0000] GC(194) Pause Young (Allocation Failure) 2552M->1872M(3959M) 375.539ms
[2025-08-01T01:26:07.335+0000] GC(194) User=0.38s Sys=0.01s Real=0.38s
[2025-08-01T01:26:07.542+0000] GC(195) Pause Young (Allocation Failure)
[2025-08-01T01:26:08.284+0000] GC(195) DefNew: 1258303K(1258304K)->139775K(1258304K) Eden: 1118528K(1118528K)->0K(1118528K) From: 139775K(139776K)->139775K(139776K)
[2025-08-01T01:26:08.284+0000] GC(195) Tenured: 1777880K(2796224K)->2376976K(2796224K)
[2025-08-01T01:26:08.284+0000] GC(195) Metaspace: 10059K(10304K)->10059K(10304K) NonClass: 8832K(8960K)->8832K(8960K) Class: 1226K(1344K)->1226K(1344K)
[2025-08-01T01:26:08.284+0000] GC(195) Pause Young (Allocation Failure) 2965M->2457M(3959M) 742.121ms
[2025-08-01T01:26:08.285+0000] GC(195) User=0.54s Sys=0.20s Real=0.75s
[2025-08-01T01:26:08.553+0000] GC(196) Pause Young (Allocation Failure)
[2025-08-01T01:26:08.553+0000] GC(196) Pause Young (Allocation Failure) 3550M->3550M(3959M) 0.108ms
[2025-08-01T01:26:08.553+0000] GC(196) User=0.00s Sys=0.00s Real=0.00s
[2025-08-01T01:26:08.553+0000] GC(197) Pause Full (Allocation Failure)
[2025-08-01T01:26:08.553+0000] GC(197) Phase 1: Mark live objects
[2025-08-01T01:26:08.710+0000] GC(197) Phase 1: Mark live objects 157.529ms
[2025-08-01T01:26:08.710+0000] GC(197) Phase 2: Compute new object addresses
[2025-08-01T01:26:09.392+0000] GC(197) Phase 2: Compute new object addresses 681.966ms
[2025-08-01T01:26:09.392+0000] GC(197) Phase 3: Adjust pointers
[2025-08-01T01:26:09.557+0000] GC(197) Phase 3: Adjust pointers 164.935ms
[2025-08-01T01:26:09.557+0000] GC(197) Phase 4: Move objects
[2025-08-01T01:26:09.989+0000] GC(197) Phase 4: Move objects 432.014ms
[2025-08-01T01:26:09.990+0000] GC(197) DefNew: 1258303K(1258304K)->0K(1258304K) Eden: 1118528K(1118528K)->0K(1118528K) From: 139775K(139776K)->0K(139776K)
[2025-08-01T01:26:09.990+0000] GC(197) Tenured: 2376976K(2796224K)->1081701K(2796224K)
[2025-08-01T01:26:09.990+0000] GC(197) Metaspace: 10059K(10304K)->10059K(10304K) NonClass: 8832K(8960K)->8832K(8960K) Class: 1226K(1344K)->1226K(1344K)
[2025-08-01T01:26:09.991+0000] GC(197) Pause Full (Allocation Failure) 3550M->1056M(3959M) 1437.851ms
[2025-08-01T01:26:09.991+0000] GC(197) User=1.44s Sys=0.00s Real=1.44s
[2025-08-01T01:26:10.236+0000] GC(198) Pause Young (Allocation Failure)
[2025-08-01T01:26:10.954+0000] GC(198) DefNew: 1118528K(1258304K)->139776K(1258304K) Eden: 1118528K(1118528K)->0K(1118528K) From: 0K(139776K)->139776K(139776K)
[2025-08-01T01:26:10.954+0000] GC(198) Tenured: 1081701K(2796224K)->1862938K(2796224K)
[2025-08-01T01:26:10.954+0000] GC(198) Metaspace: 10059K(10304K)->10059K(10304K) NonClass: 8832K(8960K)->8832K(8960K) Class: 1226K(1344K)->1226K(1344K)
[2025-08-01T01:26:10.954+0000] GC(198) Pause Young (Allocation Failure) 2148M->1955M(3959M) 718.529ms
[2025-08-01T01:26:10.954+0000] GC(198) User=0.72s Sys=0.00s Real=0.72s
[2025-08-01T01:26:11.185+0000] GC(199) Pause Young (Allocation Failure)
[2025-08-01T01:26:11.185+0000] GC(199) Pause Young (Allocation Failure) 3048M->3048M(3959M) 0.090ms
[2025-08-01T01:26:11.185+0000] GC(199) User=0.00s Sys=0.00s Real=0.00s
[2025-08-01T01:26:11.185+0000] GC(200) Pause Full (Allocation Failure)
[2025-08-01T01:26:11.185+0000] GC(200) Phase 1: Mark live objects
[2025-08-01T01:26:11.257+0000] GC(200) Phase 1: Mark live objects 71.603ms
[2025-08-01T01:26:11.257+0000] GC(200) Phase 2: Compute new object addresses
[2025-08-01T01:26:11.706+0000] GC(200) Phase 2: Compute new object addresses 448.839ms
[2025-08-01T01:26:11.706+0000] GC(200) Phase 3: Adjust pointers
[2025-08-01T01:26:11.765+0000] GC(200) Phase 3: Adjust pointers 59.325ms
[2025-08-01T01:26:11.765+0000] GC(200) Phase 4: Move objects
[2025-08-01T01:26:11.907+0000] GC(200) Phase 4: Move objects 142.098ms
[2025-08-01T01:26:11.908+0000] GC(200) DefNew: 1258304K(1258304K)->0K(1258304K) Eden: 1118528K(1118528K)->0K(1118528K) From: 139776K(139776K)->0K(139776K)
[2025-08-01T01:26:11.909+0000] GC(200) Tenured: 1862938K(2796224K)->518777K(2796224K)
[2025-08-01T01:26:11.909+0000] GC(200) Metaspace: 10059K(10304K)->10059K(10304K) NonClass: 8832K(8960K)->8832K(8960K) Class: 1226K(1344K)->1226K(1344K)
[2025-08-01T01:26:11.909+0000] GC(200) Pause Full (Allocation Failure) 3048M->506M(3959M) 723.457ms
[2025-08-01T01:26:11.909+0000] GC(200) User=0.73s Sys=0.00s Real=0.72s
[2025-08-01T01:26:12.114+0000] GC(201) Pause Young (Allocation Failure)
[2025-08-01T01:26:12.717+0000] GC(201) DefNew: 1118528K(1258304K)->139775K(1258304K) Eden: 1118528K(1118528K)->0K(1118528K) From: 0K(139776K)->139775K(139776K)
[2025-08-01T01:26:12.717+0000] GC(201) Tenured: 518777K(2796224K)->1205361K(2796224K)
[2025-08-01T01:26:12.717+0000] GC(201) Metaspace: 10059K(10304K)->10059K(10304K) NonClass: 8832K(8960K)->8832K(8960K) Class: 1226K(1344K)->1226K(1344K)
[2025-08-01T01:26:12.717+0000] GC(201) Pause Young (Allocation Failure) 1598M->1313M(3959M) 603.373ms
[2025-08-01T01:26:12.717+0000] GC(201) User=0.60s Sys=0.01s Real=0.60s
[2025-08-01T01:26:12.944+0000] GC(202) Pause Young (Allocation Failure)
[2025-08-01T01:26:13.516+0000] GC(202) DefNew: 1258303K(1258304K)->139775K(1258304K) Eden: 1118528K(1118528K)->0K(1118528K) From: 139775K(139776K)->139775K(139776K)
[2025-08-01T01:26:13.516+0000] GC(202) Tenured: 1205361K(2796224K)->1804746K(2796224K)
[2025-08-01T01:26:13.516+0000] GC(202) Metaspace: 10059K(10304K)->10059K(10304K) NonClass: 8832K(8960K)->8832K(8960K) Class: 1226K(1344K)->1226K(1344K)
[2025-08-01T01:26:13.516+0000] GC(202) Pause Young (Allocation Failure) 2405M->1898M(3959M) 572.006ms
[2025-08-01T01:26:13.516+0000] GC(202) User=0.57s Sys=0.01s Real=0.57s
[2025-08-01T01:26:13.792+0000] GC(203) Pause Young (Allocation Failure)
[2025-08-01T01:26:13.792+0000] GC(203) Pause Young (Allocation Failure) 2991M->2991M(3959M) 0.127ms
[2025-08-01T01:26:13.792+0000] GC(203) User=0.00s Sys=0.00s Real=0.00s
[2025-08-01T01:26:13.792+0000] GC(204) Pause Full (Allocation Failure)
[2025-08-01T01:26:13.792+0000] GC(204) Phase 1: Mark live objects
[2025-08-01T01:26:13.997+0000] GC(204) Phase 1: Mark live objects 204.685ms
[2025-08-01T01:26:13.997+0000] GC(204) Phase 2: Compute new object addresses
[2025-08-01T01:26:14.525+0000] GC(204) Phase 2: Compute new object addresses 527.670ms
[2025-08-01T01:26:14.525+0000] GC(204) Phase 3: Adjust pointers
[2025-08-01T01:26:14.702+0000] GC(204) Phase 3: Adjust pointers 176.521ms
[2025-08-01T01:26:14.702+0000] GC(204) Phase 4: Move objects
[2025-08-01T01:26:15.138+0000] GC(204) Phase 4: Move objects 435.910ms
[2025-08-01T01:26:15.139+0000] GC(204) DefNew: 1258303K(1258304K)->0K(1258304K) Eden: 1118528K(1118528K)->0K(1118528K) From: 139775K(139776K)->0K(139776K)
[2025-08-01T01:26:15.139+0000] GC(204) Tenured: 1804746K(2796224K)->1077234K(2796224K)
[2025-08-01T01:26:15.139+0000] GC(204) Metaspace: 10059K(10304K)->10059K(10304K) NonClass: 8832K(8960K)->8832K(8960K) Class: 1226K(1344K)->1226K(1344K)
[2025-08-01T01:26:15.139+0000] GC(204) Pause Full (Allocation Failure) 2991M->1051M(3959M) 1346.653ms
[2025-08-01T01:26:15.139+0000] GC(204) User=1.35s Sys=0.01s Real=1.35s
[2025-08-01T01:26:15.427+0000] GC(205) Pause Young (Allocation Failure)
[2025-08-01T01:26:16.150+0000] GC(205) DefNew: 1118528K(1258304K)->139775K(1258304K) Eden: 1118528K(1118528K)->0K(1118528K) From: 0K(139776K)->139775K(139776K)
[2025-08-01T01:26:16.150+0000] GC(205) Tenured: 1077234K(2796224K)->1865951K(2796224K)
[2025-08-01T01:26:16.150+0000] GC(205) Metaspace: 10059K(10304K)->10059K(10304K) NonClass: 8832K(8960K)->8832K(8960K) Class: 1226K(1344K)->1226K(1344K)
[2025-08-01T01:26:16.150+0000] GC(205) Pause Young (Allocation Failure) 2144M->1958M(3959M) 723.355ms
[2025-08-01T01:26:16.150+0000] GC(205) User=0.72s Sys=0.00s Real=0.72s
[2025-08-01T01:26:16.435+0000] GC(206) Pause Young (Allocation Failure)
[2025-08-01T01:26:16.435+0000] GC(206) Pause Young (Allocation Failure) 3051M->3051M(3959M) 0.156ms
[2025-08-01T01:26:16.435+0000] GC(206) User=0.00s Sys=0.00s Real=0.00s
[2025-08-01T01:26:16.435+0000] GC(207) Pause Full (Allocation Failure)
[2025-08-01T01:26:16.435+0000] GC(207) Phase 1: Mark live objects
[2025-08-01T01:26:16.524+0000] GC(207) Phase 1: Mark live objects 87.965ms
[2025-08-01T01:26:16.524+0000] GC(207) Phase 2: Compute new object addresses
[2025-08-01T01:26:17.092+0000] GC(207) Phase 2: Compute new object addresses 568.362ms
[2025-08-01T01:26:17.092+0000] GC(207) Phase 3: Adjust pointers
[2025-08-01T01:26:17.170+0000] GC(207) Phase 3: Adjust pointers 77.740ms
[2025-08-01T01:26:17.170+0000] GC(207) Phase 4: Move objects
[2025-08-01T01:26:17.354+0000] GC(207) Phase 4: Move objects 184.108ms
[2025-08-01T01:26:17.355+0000] GC(207) DefNew: 1258303K(1258304K)->0K(1258304K) Eden: 1118528K(1118528K)->0K(1118528K) From: 139775K(139776K)->0K(139776K)
[2025-08-01T01:26:17.355+0000] GC(207) Tenured: 1865951K(2796224K)->393919K(2796224K)
[2025-08-01T01:26:17.355+0000] GC(207) Metaspace: 10059K(10304K)->10059K(10304K) NonClass: 8832K(8960K)->8832K(8960K) Class: 1226K(1344K)->1226K(1344K)
[2025-08-01T01:26:17.355+0000] GC(207) Pause Full (Allocation Failure) 3051M->384M(3959M) 920.009ms
[2025-08-01T01:26:17.355+0000] GC(207) User=0.92s Sys=0.00s Real=0.92s
[2025-08-01T01:26:17.650+0000] GC(208) Pause Young (Allocation Failure)
[2025-08-01T01:26:18.070+0000] GC(208) DefNew: 1118528K(1258304K)->139775K(1258304K) Eden: 1118528K(1118528K)->0K(1118528K) From: 0K(139776K)->139775K(139776K)
[2025-08-01T01:26:18.070+0000] GC(208) Tenured: 393919K(2796224K)->815981K(2796224K)
[2025-08-01T01:26:18.070+0000] GC(208) Metaspace: 10059K(10304K)->10059K(10304K) NonClass: 8832K(8960K)->8832K(8960K) Class: 1226K(1344K)->1226K(1344K)
[2025-08-01T01:26:18.071+0000] GC(208) Pause Young (Allocation Failure) 1476M->933M(3959M) 420.671ms
[2025-08-01T01:26:18.071+0000] GC(208) User=0.43s Sys=0.00s Real=0.42s
[2025-08-01T01:26:18.354+0000] GC(209) Pause Young (Allocation Failure)
[2025-08-01T01:26:18.936+0000] GC(209) DefNew: 1258303K(1258304K)->139776K(1258304K) Eden: 1118528K(1118528K)->0K(1118528K) From: 139775K(139776K)->139776K(139776K)
[2025-08-01T01:26:18.936+0000] GC(209) Tenured: 815981K(2796224K)->1431503K(2796224K)
[2025-08-01T01:26:18.936+0000] GC(209) Metaspace: 10059K(10304K)->10059K(10304K) NonClass: 8832K(8960K)->8832K(8960K) Class: 1226K(1344K)->1226K(1344K)
[2025-08-01T01:26:18.936+0000] GC(209) Pause Young (Allocation Failure) 2025M->1534M(3959M) 582.178ms
[2025-08-01T01:26:18.936+0000] GC(209) User=0.58s Sys=0.01s Real=0.58s
[2025-08-01T01:26:19.223+0000] GC(210) Pause Young (Allocation Failure)
[2025-08-01T01:26:19.718+0000] GC(210) DefNew: 1258304K(1258304K)->139775K(1258304K) Eden: 1118528K(1118528K)->0K(1118528K) From: 139776K(139776K)->139775K(139776K)
[2025-08-01T01:26:19.718+0000] GC(210) Tenured: 1431503K(2796224K)->2041598K(2796224K)
[2025-08-01T01:26:19.718+0000] GC(210) Metaspace: 10059K(10304K)->10059K(10304K) NonClass: 8832K(8960K)->8832K(8960K) Class: 1226K(1344K)->1226K(1344K)
[2025-08-01T01:26:19.718+0000] GC(210) Pause Young (Allocation Failure) 2626M->2130M(3959M) 495.516ms
[2025-08-01T01:26:19.718+0000] GC(210) User=0.49s Sys=0.01s Real=0.50s
[2025-08-01T01:26:19.974+0000] GC(211) Pause Young (Allocation Failure)
[2025-08-01T01:26:19.974+0000] GC(211) Pause Young (Allocation Failure) 3222M->3222M(3959M) 0.160ms
[2025-08-01T01:26:19.974+0000] GC(211) User=0.00s Sys=0.00s Real=0.00s
[2025-08-01T01:26:19.974+0000] GC(212) Pause Full (Allocation Failure)
[2025-08-01T01:26:19.974+0000] GC(212) Phase 1: Mark live objects
[2025-08-01T01:26:20.216+0000] GC(212) Phase 1: Mark live objects 241.357ms
[2025-08-01T01:26:20.216+0000] GC(212) Phase 2: Compute new object addresses
[2025-08-01T01:26:20.777+0000] GC(212) Phase 2: Compute new object addresses 561.703ms
[2025-08-01T01:26:20.777+0000] GC(212) Phase 3: Adjust pointers
[2025-08-01T01:26:20.951+0000] GC(212) Phase 3: Adjust pointers 173.353ms
[2025-08-01T01:26:20.951+0000] GC(212) Phase 4: Move objects
[2025-08-01T01:26:21.424+0000] GC(212) Phase 4: Move objects 472.679ms
[2025-08-01T01:26:21.425+0000] GC(212) DefNew: 1258303K(1258304K)->0K(1258304K) Eden: 1118528K(1118528K)->0K(1118528K) From: 139775K(139776K)->0K(139776K)
[2025-08-01T01:26:21.425+0000] GC(212) Tenured: 2041598K(2796224K)->1260610K(2796224K)
[2025-08-01T01:26:21.425+0000] GC(212) Metaspace: 10059K(10304K)->10059K(10304K) NonClass: 8832K(8960K)->8832K(8960K) Class: 1226K(1344K)->1226K(1344K)
[2025-08-01T01:26:21.425+0000] GC(212) Pause Full (Allocation Failure) 3222M->1231M(3959M) 1450.571ms
[2025-08-01T01:26:21.425+0000] GC(212) User=1.44s Sys=0.01s Real=1.45s
[2025-08-01T01:26:21.673+0000] GC(213) Pause Young (Allocation Failure)
[2025-08-01T01:26:21.957+0000] GC(213) DefNew: 1118528K(1258304K)->139775K(1258304K) Eden: 1118528K(1118528K)->0K(1118528K) From: 0K(139776K)->139775K(139776K)
[2025-08-01T01:26:21.957+0000] GC(213) Tenured: 1260610K(2796224K)->1503299K(2796224K)
[2025-08-01T01:26:21.957+0000] GC(213) Metaspace: 10059K(10304K)->10059K(10304K) NonClass: 8832K(8960K)->8832K(8960K) Class: 1226K(1344K)->1226K(1344K)
[2025-08-01T01:26:21.957+0000] GC(213) Pause Young (Allocation Failure) 2323M->1604M(3959M) 284.349ms
[2025-08-01T01:26:21.957+0000] GC(213) User=0.29s Sys=0.00s Real=0.29s
[2025-08-01T01:26:22.224+0000] GC(214) Pause Young (Allocation Failure)
[2025-08-01T01:26:22.587+0000] GC(214) DefNew: 1258303K(1258304K)->139775K(1258304K) Eden: 1118528K(1118528K)->0K(1118528K) From: 139775K(139776K)->139775K(139776K)
[2025-08-01T01:26:22.587+0000] GC(214) Tenured: 1503299K(2796224K)->1929392K(2796224K)
[2025-08-01T01:26:22.587+0000] GC(214) Metaspace: 10059K(10304K)->10059K(10304K) NonClass: 8832K(8960K)->8832K(8960K) Class: 1226K(1344K)->1226K(1344K)
[2025-08-01T01:26:22.587+0000] GC(214) Pause Young (Allocation Failure) 2696M->2020M(3959M) 363.171ms
[2025-08-01T01:26:22.587+0000] GC(214) User=0.36s Sys=0.01s Real=0.36s
[2025-08-01T01:26:22.852+0000] GC(215) Pause Young (Allocation Failure)
[2025-08-01T01:26:22.852+0000] GC(215) Pause Young (Allocation Failure) 3112M->3112M(3959M) 0.087ms
[2025-08-01T01:26:22.852+0000] GC(215) User=0.00s Sys=0.00s Real=0.00s
[2025-08-01T01:26:22.852+0000] GC(216) Pause Full (Allocation Failure)
[2025-08-01T01:26:22.852+0000] GC(216) Phase 1: Mark live objects
[2025-08-01T01:26:23.013+0000] GC(216) Phase 1: Mark live objects 161.171ms
[2025-08-01T01:26:23.013+0000] GC(216) Phase 2: Compute new object addresses
[2025-08-01T01:26:23.622+0000] GC(216) Phase 2: Compute new object addresses 608.642ms
[2025-08-01T01:26:23.622+0000] GC(216) Phase 3: Adjust pointers
[2025-08-01T01:26:23.750+0000] GC(216) Phase 3: Adjust pointers 127.870ms
[2025-08-01T01:26:23.750+0000] GC(216) Phase 4: Move objects
[2025-08-01T01:26:24.080+0000] GC(216) Phase 4: Move objects 329.880ms
[2025-08-01T01:26:24.081+0000] GC(216) DefNew: 1258303K(1258304K)->0K(1258304K) Eden: 1118528K(1118528K)->0K(1118528K) From: 139775K(139776K)->0K(139776K)
[2025-08-01T01:26:24.082+0000] GC(216) Tenured: 1929392K(2796224K)->886531K(2796224K)
[2025-08-01T01:26:24.082+0000] GC(216) Metaspace: 10059K(10304K)->10059K(10304K) NonClass: 8832K(8960K)->8832K(8960K) Class: 1226K(1344K)->1226K(1344K)
[2025-08-01T01:26:24.082+0000] GC(216) Pause Full (Allocation Failure) 3112M->865M(3959M) 1229.648ms
[2025-08-01T01:26:24.082+0000] GC(216) User=1.23s Sys=0.00s Real=1.23s
[2025-08-01T01:26:24.389+0000] GC(217) Pause Young (Allocation Failure)
[2025-08-01T01:26:24.973+0000] GC(217) DefNew: 1118528K(1258304K)->139776K(1258304K) Eden: 1118528K(1118528K)->0K(1118528K) From: 0K(139776K)->139776K(139776K)
[2025-08-01T01:26:24.973+0000] GC(217) Tenured: 886531K(2796224K)->1497567K(2796224K)
[2025-08-01T01:26:24.973+0000] GC(217) Metaspace: 10059K(10304K)->10059K(10304K) NonClass: 8832K(8960K)->8832K(8960K) Class: 1226K(1344K)->1226K(1344K)
[2025-08-01T01:26:24.973+0000] GC(217) Pause Young (Allocation Failure) 1958M->1598M(3959M) 583.614ms
[2025-08-01T01:26:24.973+0000] GC(217) User=0.58s Sys=0.00s Real=0.58s
[2025-08-01T01:26:25.245+0000] GC(218) Pause Young (Allocation Failure)
[2025-08-01T01:26:25.981+0000] GC(218) DefNew: 1258304K(1258304K)->139776K(1258304K) Eden: 1118528K(1118528K)->0K(1118528K) From: 139776K(139776K)->139776K(139776K)
[2025-08-01T01:26:25.981+0000] GC(218) Tenured: 1497567K(2796224K)->2356319K(2796224K)
[2025-08-01T01:26:25.981+0000] GC(218) Metaspace: 10059K(10304K)->10059K(10304K) NonClass: 8832K(8960K)->8832K(8960K) Class: 1226K(1344K)->1226K(1344K)
[2025-08-01T01:26:25.981+0000] GC(218) Pause Young (Allocation Failure) 2691M->2437M(3959M) 735.828ms
[2025-08-01T01:26:25.981+0000] GC(218) User=0.74s Sys=0.01s Real=0.73s
[2025-08-01T01:26:26.256+0000] GC(219) Pause Young (Allocation Failure)
[2025-08-01T01:26:26.256+0000] GC(219) Pause Young (Allocation Failure) 3529M->3529M(3959M) 0.105ms
[2025-08-01T01:26:26.256+0000] GC(219) User=0.00s Sys=0.00s Real=0.00s
[2025-08-01T01:26:26.256+0000] GC(220) Pause Full (Allocation Failure)
[2025-08-01T01:26:26.256+0000] GC(220) Phase 1: Mark live objects
[2025-08-01T01:26:26.346+0000] GC(220) Phase 1: Mark live objects 90.223ms
[2025-08-01T01:26:26.347+0000] GC(220) Phase 2: Compute new object addresses
[2025-08-01T01:26:26.903+0000] GC(220) Phase 2: Compute new object addresses 556.488ms
[2025-08-01T01:26:26.903+0000] GC(220) Phase 3: Adjust pointers
[2025-08-01T01:26:26.983+0000] GC(220) Phase 3: Adjust pointers 80.024ms
[2025-08-01T01:26:26.983+0000] GC(220) Phase 4: Move objects
[2025-08-01T01:26:27.137+0000] GC(220) Phase 4: Move objects 153.922ms
[2025-08-01T01:26:27.139+0000] GC(220) DefNew: 1258304K(1258304K)->0K(1258304K) Eden: 1118528K(1118528K)->0K(1118528K) From: 139776K(139776K)->0K(139776K)
[2025-08-01T01:26:27.139+0000] GC(220) Tenured: 2356319K(2796224K)->541029K(2796224K)
[2025-08-01T01:26:27.139+0000] GC(220) Metaspace: 10059K(10304K)->10059K(10304K) NonClass: 8832K(8960K)->8832K(8960K) Class: 1226K(1344K)->1226K(1344K)
[2025-08-01T01:26:27.139+0000] GC(220) Pause Full (Allocation Failure) 3529M->528M(3959M) 882.713ms
[2025-08-01T01:26:27.139+0000] GC(220) User=0.89s Sys=0.00s Real=0.88s
[2025-08-01T01:26:27.390+0000] GC(221) Pause Young (Allocation Failure)
[2025-08-01T01:26:27.767+0000] GC(221) DefNew: 1118528K(1258304K)->139775K(1258304K) Eden: 1118528K(1118528K)->0K(1118528K) From: 0K(139776K)->139775K(139776K)
[2025-08-01T01:26:27.767+0000] GC(221) Tenured: 541029K(2796224K)->952918K(2796224K)
[2025-08-01T01:26:27.767+0000] GC(221) Metaspace: 10059K(10304K)->10059K(10304K) NonClass: 8832K(8960K)->8832K(8960K) Class: 1226K(1344K)->1226K(1344K)
[2025-08-01T01:26:27.767+0000] GC(221) Pause Young (Allocation Failure) 1620M->1067M(3959M) 377.643ms
[2025-08-01T01:26:27.767+0000] GC(221) User=0.37s Sys=0.00s Real=0.38s
[2025-08-01T01:26:28.014+0000] GC(222) Pause Young (Allocation Failure)
[2025-08-01T01:26:28.609+0000] GC(222) DefNew: 1258303K(1258304K)->139775K(1258304K) Eden: 1118528K(1118528K)->0K(1118528K) From: 139775K(139776K)->139775K(139776K)
[2025-08-01T01:26:28.609+0000] GC(222) Tenured: 952918K(2796224K)->1569868K(2796224K)
[2025-08-01T01:26:28.609+0000] GC(222) Metaspace: 10059K(10304K)->10059K(10304K) NonClass: 8832K(8960K)->8832K(8960K) Class: 1226K(1344K)->1226K(1344K)
[2025-08-01T01:26:28.609+0000] GC(222) Pause Young (Allocation Failure) 2159M->1669M(3959M) 594.702ms
[2025-08-01T01:26:28.609+0000] GC(222) User=0.60s Sys=0.00s Real=0.59s
[2025-08-01T01:26:28.869+0000] GC(223) Pause Young (Allocation Failure)
[2025-08-01T01:26:29.396+0000] GC(223) DefNew: 1258303K(1258304K)->139776K(1258304K) Eden: 1118528K(1118528K)->0K(1118528K) From: 139775K(139776K)->139776K(139776K)
[2025-08-01T01:26:29.396+0000] GC(223) Tenured: 1569868K(2796224K)->2174235K(2796224K)
[2025-08-01T01:26:29.396+0000] GC(223) Metaspace: 10059K(10304K)->10059K(10304K) NonClass: 8832K(8960K)->8832K(8960K) Class: 1226K(1344K)->1226K(1344K)
[2025-08-01T01:26:29.396+0000] GC(223) Pause Young (Allocation Failure) 2761M->2259M(3959M) 527.005ms
[2025-08-01T01:26:29.396+0000] GC(223) User=0.52s Sys=0.00s Real=0.53s
[2025-08-01T01:26:29.667+0000] GC(224) Pause Young (Allocation Failure)
[2025-08-01T01:26:29.667+0000] GC(224) Pause Young (Allocation Failure) 3352M->3352M(3959M) 0.096ms
[2025-08-01T01:26:29.667+0000] GC(224) User=0.00s Sys=0.00s Real=0.00s
[2025-08-01T01:26:29.667+0000] GC(225) Pause Full (Allocation Failure)
[2025-08-01T01:26:29.667+0000] GC(225) Phase 1: Mark live objects
[2025-08-01T01:26:29.927+0000] GC(225) Phase 1: Mark live objects 260.124ms
[2025-08-01T01:26:29.927+0000] GC(225) Phase 2: Compute new object addresses
[2025-08-01T01:26:30.514+0000] GC(225) Phase 2: Compute new object addresses 586.961ms
[2025-08-01T01:26:30.514+0000] GC(225) Phase 3: Adjust pointers
[2025-08-01T01:26:30.751+0000] GC(225) Phase 3: Adjust pointers 236.449ms
[2025-08-01T01:26:30.751+0000] GC(225) Phase 4: Move objects
[2025-08-01T01:26:31.227+0000] GC(225) Phase 4: Move objects 476.557ms
[2025-08-01T01:26:31.229+0000] GC(225) DefNew: 1258304K(1258304K)->0K(1258304K) Eden: 1118528K(1118528K)->0K(1118528K) From: 139776K(139776K)->0K(139776K)
[2025-08-01T01:26:31.229+0000] GC(225) Tenured: 2174235K(2796224K)->1148591K(2796224K)
[2025-08-01T01:26:31.229+0000] GC(225) Metaspace: 10059K(10304K)->10059K(10304K) NonClass: 8832K(8960K)->8832K(8960K) Class: 1226K(1344K)->1226K(1344K)
[2025-08-01T01:26:31.229+0000] GC(225) Pause Full (Allocation Failure) 3352M->1121M(3959M) 1561.760ms
[2025-08-01T01:26:31.229+0000] GC(225) User=1.57s Sys=0.00s Real=1.56s
[2025-08-01T01:26:31.483+0000] GC(226) Pause Young (Allocation Failure)
[2025-08-01T01:26:31.789+0000] GC(226) DefNew: 1118528K(1258304K)->139775K(1258304K) Eden: 1118528K(1118528K)->0K(1118528K) From: 0K(139776K)->139775K(139776K)
[2025-08-01T01:26:31.789+0000] GC(226) Tenured: 1148591K(2796224K)->1400832K(2796224K)
[2025-08-01T01:26:31.789+0000] GC(226) Metaspace: 10059K(10304K)->10059K(10304K) NonClass: 8832K(8960K)->8832K(8960K) Class: 1226K(1344K)->1226K(1344K)
[2025-08-01T01:26:31.789+0000] GC(226) Pause Young (Allocation Failure) 2213M->1504M(3959M) 306.361ms
[2025-08-01T01:26:31.789+0000] GC(226) User=0.31s Sys=0.00s Real=0.30s
[2025-08-01T01:26:32.069+0000] GC(227) Pause Young (Allocation Failure)
[2025-08-01T01:26:32.481+0000] GC(227) DefNew: 1258303K(1258304K)->139776K(1258304K) Eden: 1118528K(1118528K)->0K(1118528K) From: 139775K(139776K)->139776K(139776K)
[2025-08-01T01:26:32.481+0000] GC(227) Tenured: 1400832K(2796224K)->1828431K(2796224K)
[2025-08-01T01:26:32.481+0000] GC(227) Metaspace: 10059K(10304K)->10059K(10304K) NonClass: 8832K(8960K)->8832K(8960K) Class: 1226K(1344K)->1226K(1344K)
[2025-08-01T01:26:32.481+0000] GC(227) Pause Young (Allocation Failure) 2596M->1922M(3959M) 411.488ms
[2025-08-01T01:26:32.481+0000] GC(227) User=0.42s Sys=0.00s Real=0.41s
[2025-08-01T01:26:32.728+0000] GC(228) Pause Young (Allocation Failure)
[2025-08-01T01:26:33.437+0000] GC(228) DefNew: 1258304K(1258304K)->139776K(1258304K) Eden: 1118528K(1118528K)->0K(1118528K) From: 139776K(139776K)->139776K(139776K)
[2025-08-01T01:26:33.437+0000] GC(228) Tenured: 1828431K(2796224K)->2451997K(2796224K)
[2025-08-01T01:26:33.437+0000] GC(228) Metaspace: 10059K(10304K)->10059K(10304K) NonClass: 8832K(8960K)->8832K(8960K) Class: 1226K(1344K)->1226K(1344K)
[2025-08-01T01:26:33.437+0000] GC(228) Pause Young (Allocation Failure) 3014M->2531M(3959M) 709.304ms
[2025-08-01T01:26:33.437+0000] GC(228) User=0.60s Sys=0.11s Real=0.71s
[2025-08-01T01:26:33.717+0000] GC(229) Pause Young (Allocation Failure)
[2025-08-01T01:26:33.717+0000] GC(229) Pause Young (Allocation Failure) 3623M->3623M(3959M) 0.084ms
[2025-08-01T01:26:33.717+0000] GC(229) User=0.00s Sys=0.00s Real=0.00s
[2025-08-01T01:26:33.717+0000] GC(230) Pause Full (Allocation Failure)
[2025-08-01T01:26:33.717+0000] GC(230) Phase 1: Mark live objects
[2025-08-01T01:26:33.896+0000] GC(230) Phase 1: Mark live objects 179.279ms
[2025-08-01T01:26:33.896+0000] GC(230) Phase 2: Compute new object addresses
[2025-08-01T01:26:34.548+0000] GC(230) Phase 2: Compute new object addresses 651.718ms
[2025-08-01T01:26:34.548+0000] GC(230) Phase 3: Adjust pointers
[2025-08-01T01:26:34.724+0000] GC(230) Phase 3: Adjust pointers 175.737ms
[2025-08-01T01:26:34.724+0000] GC(230) Phase 4: Move objects
[2025-08-01T01:26:35.135+0000] GC(230) Phase 4: Move objects 410.979ms
[2025-08-01T01:26:35.136+0000] GC(230) DefNew: 1258304K(1258304K)->0K(1258304K) Eden: 1118528K(1118528K)->0K(1118528K) From: 139776K(139776K)->0K(139776K)
[2025-08-01T01:26:35.136+0000] GC(230) Tenured: 2451997K(2796224K)->1108251K(2796224K)
[2025-08-01T01:26:35.136+0000] GC(230) Metaspace: 10059K(10304K)->10059K(10304K) NonClass: 8832K(8960K)->8832K(8960K) Class: 1226K(1344K)->1226K(1344K)
[2025-08-01T01:26:35.136+0000] GC(230) Pause Full (Allocation Failure) 3623M->1082M(3959M) 1419.414ms
[2025-08-01T01:26:35.136+0000] GC(230) User=1.42s Sys=0.00s Real=1.42s
[2025-08-01T01:26:35.384+0000] GC(231) Pause Young (Allocation Failure)
[2025-08-01T01:26:36.063+0000] GC(231) DefNew: 1118528K(1258304K)->139776K(1258304K) Eden: 1118528K(1118528K)->0K(1118528K) From: 0K(139776K)->139776K(139776K)
[2025-08-01T01:26:36.063+0000] GC(231) Tenured: 1108251K(2796224K)->1919817K(2796224K)
[2025-08-01T01:26:36.063+0000] GC(231) Metaspace: 10059K(10304K)->10059K(10304K) NonClass: 8832K(8960K)->8832K(8960K) Class: 1226K(1344K)->1226K(1344K)
[2025-08-01T01:26:36.064+0000] GC(231) Pause Young (Allocation Failure) 2174M->2011M(3959M) 680.246ms
[2025-08-01T01:26:36.064+0000] GC(231) User=0.68s Sys=0.00s Real=0.68s
[2025-08-01T01:26:36.311+0000] GC(232) Pause Young (Allocation Failure)
[2025-08-01T01:26:36.311+0000] GC(232) Pause Young (Allocation Failure) 3103M->3103M(3959M) 0.113ms
[2025-08-01T01:26:36.311+0000] GC(232) User=0.00s Sys=0.00s Real=0.00s
[2025-08-01T01:26:36.311+0000] GC(233) Pause Full (Allocation Failure)
[2025-08-01T01:26:36.311+0000] GC(233) Phase 1: Mark live objects
[2025-08-01T01:26:36.400+0000] GC(233) Phase 1: Mark live objects 88.904ms
[2025-08-01T01:26:36.400+0000] GC(233) Phase 2: Compute new object addresses
[2025-08-01T01:26:36.975+0000] GC(233) Phase 2: Compute new object addresses 574.819ms
[2025-08-01T01:26:36.975+0000] GC(233) Phase 3: Adjust pointers
[2025-08-01T01:26:37.044+0000] GC(233) Phase 3: Adjust pointers 68.748ms
[2025-08-01T01:26:37.044+0000] GC(233) Phase 4: Move objects
[2025-08-01T01:26:37.210+0000] GC(233) Phase 4: Move objects 165.445ms
[2025-08-01T01:26:37.211+0000] GC(233) DefNew: 1258304K(1258304K)->0K(1258304K) Eden: 1118528K(1118528K)->0K(1118528K) From: 139776K(139776K)->0K(139776K)
[2025-08-01T01:26:37.211+0000] GC(233) Tenured: 1919817K(2796224K)->558371K(2796224K)
[2025-08-01T01:26:37.211+0000] GC(233) Metaspace: 10059K(10304K)->10059K(10304K) NonClass: 8832K(8960K)->8832K(8960K) Class: 1226K(1344K)->1226K(1344K)
[2025-08-01T01:26:37.211+0000] GC(233) Pause Full (Allocation Failure) 3103M->545M(3959M) 899.451ms
[2025-08-01T01:26:37.211+0000] GC(233) User=0.90s Sys=0.00s Real=0.90s
[2025-08-01T01:26:37.435+0000] GC(234) Pause Young (Allocation Failure)
[2025-08-01T01:26:37.855+0000] GC(234) DefNew: 1118528K(1258304K)->139776K(1258304K) Eden: 1118528K(1118528K)->0K(1118528K) From: 0K(139776K)->139776K(139776K)
[2025-08-01T01:26:37.855+0000] GC(234) Tenured: 558371K(2796224K)->973139K(2796224K)
[2025-08-01T01:26:37.855+0000] GC(234) Metaspace: 10059K(10304K)->10059K(10304K) NonClass: 8832K(8960K)->8832K(8960K) Class: 1226K(1344K)->1226K(1344K)
[2025-08-01T01:26:37.855+0000] GC(234) Pause Young (Allocation Failure) 1637M->1086M(3959M) 420.492ms
[2025-08-01T01:26:37.855+0000] GC(234) User=0.43s Sys=0.00s Real=0.42s
[2025-08-01T01:26:38.120+0000] GC(235) Pause Young (Allocation Failure)
[2025-08-01T01:26:38.630+0000] GC(235) DefNew: 1258304K(1258304K)->139776K(1258304K) Eden: 1118528K(1118528K)->0K(1118528K) From: 139776K(139776K)->139776K(139776K)
[2025-08-01T01:26:38.631+0000] GC(235) Tenured: 973139K(2796224K)->1608177K(2796224K)
[2025-08-01T01:26:38.631+0000] GC(235) Metaspace: 10059K(10304K)->10059K(10304K) NonClass: 8832K(8960K)->8832K(8960K) Class: 1226K(1344K)->1226K(1344K)
[2025-08-01T01:26:38.631+0000] GC(235) Pause Young (Allocation Failure) 2179M->1706M(3959M) 510.618ms
[2025-08-01T01:26:38.631+0000] GC(235) User=0.51s Sys=0.00s Real=0.51s
[2025-08-01T01:26:38.881+0000] GC(236) Pause Young (Allocation Failure)
[2025-08-01T01:26:39.410+0000] GC(236) DefNew: 1258304K(1258304K)->139775K(1258304K) Eden: 1118528K(1118528K)->0K(1118528K) From: 139776K(139776K)->139775K(139776K)
[2025-08-01T01:26:39.410+0000] GC(236) Tenured: 1608177K(2796224K)->2208500K(2796224K)
[2025-08-01T01:26:39.410+0000] GC(236) Metaspace: 10059K(10304K)->10059K(10304K) NonClass: 8832K(8960K)->8832K(8960K) Class: 1226K(1344K)->1226K(1344K)
[2025-08-01T01:26:39.410+0000] GC(236) Pause Young (Allocation Failure) 2799M->2293M(3959M) 528.861ms
[2025-08-01T01:26:39.410+0000] GC(236) User=0.52s Sys=0.01s Real=0.53s
[2025-08-01T01:26:39.637+0000] GC(237) Pause Young (Allocation Failure)
[2025-08-01T01:26:39.637+0000] GC(237) Pause Young (Allocation Failure) 3385M->3385M(3959M) 0.112ms
[2025-08-01T01:26:39.637+0000] GC(237) User=0.00s Sys=0.00s Real=0.00s
[2025-08-01T01:26:39.637+0000] GC(238) Pause Full (Allocation Failure)
[2025-08-01T01:26:39.638+0000] GC(238) Phase 1: Mark live objects
[2025-08-01T01:26:39.837+0000] GC(238) Phase 1: Mark live objects 199.320ms
[2025-08-01T01:26:39.837+0000] GC(238) Phase 2: Compute new object addresses
[2025-08-01T01:26:40.447+0000] GC(238) Phase 2: Compute new object addresses 609.749ms
[2025-08-01T01:26:40.447+0000] GC(238) Phase 3: Adjust pointers
[2025-08-01T01:26:40.673+0000] GC(238) Phase 3: Adjust pointers 226.680ms
[2025-08-01T01:26:40.674+0000] GC(238) Phase 4: Move objects
[2025-08-01T01:26:41.231+0000] GC(238) Phase 4: Move objects 557.194ms
[2025-08-01T01:26:41.233+0000] GC(238) DefNew: 1258303K(1258304K)->0K(1258304K) Eden: 1118528K(1118528K)->0K(1118528K) From: 139775K(139776K)->0K(139776K)
[2025-08-01T01:26:41.233+0000] GC(238) Tenured: 2208500K(2796224K)->1306484K(2796224K)
[2025-08-01T01:26:41.233+0000] GC(238) Metaspace: 10059K(10304K)->10059K(10304K) NonClass: 8832K(8960K)->8832K(8960K) Class: 1226K(1344K)->1226K(1344K)
[2025-08-01T01:26:41.233+0000] GC(238) Pause Full (Allocation Failure) 3385M->1275M(3959M) 1595.277ms
[2025-08-01T01:26:41.233+0000] GC(238) User=1.60s Sys=0.01s Real=1.60s
[2025-08-01T01:26:41.478+0000] GC(239) Pause Young (Allocation Failure)
[2025-08-01T01:26:41.778+0000] GC(239) DefNew: 1118528K(1258304K)->139775K(1258304K) Eden: 1118528K(1118528K)->0K(1118528K) From: 0K(139776K)->139775K(139776K)
[2025-08-01T01:26:41.778+0000] GC(239) Tenured: 1306484K(2796224K)->1574265K(2796224K)
[2025-08-01T01:26:41.778+0000] GC(239) Metaspace: 10059K(10304K)->10059K(10304K) NonClass: 8832K(8960K)->8832K(8960K) Class: 1226K(1344K)->1226K(1344K)
[2025-08-01T01:26:41.778+0000] GC(239) Pause Young (Allocation Failure) 2368M->1673M(3959M) 300.076ms
[2025-08-01T01:26:41.778+0000] GC(239) User=0.30s Sys=0.00s Real=0.30s
[2025-08-01T01:26:42.022+0000] GC(240) Pause Young (Allocation Failure)
[2025-08-01T01:26:42.476+0000] GC(240) DefNew: 1258303K(1258304K)->139776K(1258304K) Eden: 1118528K(1118528K)->0K(1118528K) From: 139775K(139776K)->139776K(139776K)
[2025-08-01T01:26:42.476+0000] GC(240) Tenured: 1574265K(2796224K)->2003732K(2796224K)
[2025-08-01T01:26:42.476+0000] GC(240) Metaspace: 10059K(10304K)->10059K(10304K) NonClass: 8832K(8960K)->8832K(8960K) Class: 1226K(1344K)->1226K(1344K)
[2025-08-01T01:26:42.477+0000] GC(240) Pause Young (Allocation Failure) 2766M->2093M(3959M) 454.662ms
[2025-08-01T01:26:42.477+0000] GC(240) User=0.46s Sys=0.00s Real=0.46s
[2025-08-01T01:26:42.720+0000] GC(241) Pause Young (Allocation Failure)
[2025-08-01T01:26:42.720+0000] GC(241) Pause Young (Allocation Failure) 3185M->3185M(3959M) 0.103ms
[2025-08-01T01:26:42.720+0000] GC(241) User=0.00s Sys=0.00s Real=0.00s
[2025-08-01T01:26:42.720+0000] GC(242) Pause Full (Allocation Failure)
[2025-08-01T01:26:42.720+0000] GC(242) Phase 1: Mark live objects
[2025-08-01T01:26:42.893+0000] GC(242) Phase 1: Mark live objects 173.243ms
[2025-08-01T01:26:42.893+0000] GC(242) Phase 2: Compute new object addresses
[2025-08-01T01:26:43.556+0000] GC(242) Phase 2: Compute new object addresses 662.421ms
[2025-08-01T01:26:43.556+0000] GC(242) Phase 3: Adjust pointers
[2025-08-01T01:26:43.708+0000] GC(242) Phase 3: Adjust pointers 152.058ms
[2025-08-01T01:26:43.708+0000] GC(242) Phase 4: Move objects
[2025-08-01T01:26:44.092+0000] GC(242) Phase 4: Move objects 384.007ms
[2025-08-01T01:26:44.094+0000] GC(242) DefNew: 1258304K(1258304K)->0K(1258304K) Eden: 1118528K(1118528K)->0K(1118528K) From: 139776K(139776K)->0K(139776K)
[2025-08-01T01:26:44.094+0000] GC(242) Tenured: 2003732K(2796224K)->800168K(2796224K)
[2025-08-01T01:26:44.094+0000] GC(242) Metaspace: 10059K(10304K)->10059K(10304K) NonClass: 8832K(8960K)->8832K(8960K) Class: 1226K(1344K)->1226K(1344K)
[2025-08-01T01:26:44.094+0000] GC(242) Pause Full (Allocation Failure) 3185M->781M(3959M) 1373.976ms
[2025-08-01T01:26:44.094+0000] GC(242) User=1.37s Sys=0.00s Real=1.38s
[2025-08-01T01:26:44.324+0000] GC(243) Pause Young (Allocation Failure)
[2025-08-01T01:26:44.877+0000] GC(243) DefNew: 1118528K(1258304K)->139775K(1258304K) Eden: 1118528K(1118528K)->0K(1118528K) From: 0K(139776K)->139775K(139776K)
[2025-08-01T01:26:44.877+0000] GC(243) Tenured: 800168K(2796224K)->1402860K(2796224K)
[2025-08-01T01:26:44.877+0000] GC(243) Metaspace: 10059K(10304K)->10059K(10304K) NonClass: 8832K(8960K)->8832K(8960K) Class: 1226K(1344K)->1226K(1344K)
[2025-08-01T01:26:44.877+0000] GC(243) Pause Young (Allocation Failure) 1873M->1506M(3959M) 553.373ms
[2025-08-01T01:26:44.877+0000] GC(243) User=0.55s Sys=0.00s Real=0.55s
[2025-08-01T01:26:45.106+0000] GC(244) Pause Young (Allocation Failure)
[2025-08-01T01:26:45.802+0000] GC(244) DefNew: 1258303K(1258304K)->139775K(1258304K) Eden: 1118528K(1118528K)->0K(1118528K) From: 139775K(139776K)->139775K(139776K)
[2025-08-01T01:26:45.802+0000] GC(244) Tenured: 1402860K(2796224K)->2283607K(2796224K)
[2025-08-01T01:26:45.802+0000] GC(244) Metaspace: 10059K(10304K)->10059K(10304K) NonClass: 8832K(8960K)->8832K(8960K) Class: 1226K(1344K)->1226K(1344K)
[2025-08-01T01:26:45.802+0000] GC(244) Pause Young (Allocation Failure) 2598M->2366M(3959M) 696.068ms
[2025-08-01T01:26:45.802+0000] GC(244) User=0.70s Sys=0.00s Real=0.69s
[2025-08-01T01:26:46.043+0000] GC(245) Pause Young (Allocation Failure)
[2025-08-01T01:26:46.043+0000] GC(245) Pause Young (Allocation Failure) 3458M->3458M(3959M) 0.133ms
[2025-08-01T01:26:46.043+0000] GC(245) User=0.00s Sys=0.00s Real=0.00s
[2025-08-01T01:26:46.043+0000] GC(246) Pause Full (Allocation Failure)
[2025-08-01T01:26:46.043+0000] GC(246) Phase 1: Mark live objects
[2025-08-01T01:26:46.134+0000] GC(246) Phase 1: Mark live objects 91.278ms
[2025-08-01T01:26:46.134+0000] GC(246) Phase 2: Compute new object addresses
[2025-08-01T01:26:46.668+0000] GC(246) Phase 2: Compute new object addresses 533.832ms
[2025-08-01T01:26:46.668+0000] GC(246) Phase 3: Adjust pointers
[2025-08-01T01:26:46.748+0000] GC(246) Phase 3: Adjust pointers 79.685ms
[2025-08-01T01:26:46.748+0000] GC(246) Phase 4: Move objects
[2025-08-01T01:26:46.950+0000] GC(246) Phase 4: Move objects 202.115ms
[2025-08-01T01:26:46.952+0000] GC(246) DefNew: 1258303K(1258304K)->0K(1258304K) Eden: 1118528K(1118528K)->0K(1118528K) From: 139775K(139776K)->0K(139776K)
[2025-08-01T01:26:46.952+0000] GC(246) Tenured: 2283607K(2796224K)->553412K(2796224K)
[2025-08-01T01:26:46.952+0000] GC(246) Metaspace: 10059K(10304K)->10059K(10304K) NonClass: 8832K(8960K)->8832K(8960K) Class: 1226K(1344K)->1226K(1344K)
[2025-08-01T01:26:46.952+0000] GC(246) Pause Full (Allocation Failure) 3458M->540M(3959M) 908.737ms
[2025-08-01T01:26:46.952+0000] GC(246) User=0.91s Sys=0.00s Real=0.90s
[2025-08-01T01:26:47.200+0000] GC(247) Pause Young (Allocation Failure)
[2025-08-01T01:26:47.558+0000] GC(247) DefNew: 1118528K(1258304K)->139775K(1258304K) Eden: 1118528K(1118528K)->0K(1118528K) From: 0K(139776K)->139775K(139776K)
[2025-08-01T01:26:47.558+0000] GC(247) Tenured: 553412K(2796224K)->967486K(2796224K)
[2025-08-01T01:26:47.558+0000] GC(247) Metaspace: 10059K(10304K)->10059K(10304K) NonClass: 8832K(8960K)->8832K(8960K) Class: 1226K(1344K)->1226K(1344K)
[2025-08-01T01:26:47.558+0000] GC(247) Pause Young (Allocation Failure) 1632M->1081M(3959M) 357.824ms
[2025-08-01T01:26:47.558+0000] GC(247) User=0.35s Sys=0.01s Real=0.36s
[2025-08-01T01:26:47.799+0000] GC(248) Pause Young (Allocation Failure)
[2025-08-01T01:26:48.439+0000] GC(248) DefNew: 1258303K(1258304K)->139775K(1258304K) Eden: 1118528K(1118528K)->0K(1118528K) From: 139775K(139776K)->139775K(139776K)
[2025-08-01T01:26:48.439+0000] GC(248) Tenured: 967486K(2796224K)->1616486K(2796224K)
[2025-08-01T01:26:48.439+0000] GC(248) Metaspace: 10059K(10304K)->10059K(10304K) NonClass: 8832K(8960K)->8832K(8960K) Class: 1226K(1344K)->1226K(1344K)
[2025-08-01T01:26:48.439+0000] GC(248) Pause Young (Allocation Failure) 2173M->1715M(3959M) 639.820ms
[2025-08-01T01:26:48.439+0000] GC(248) User=0.64s Sys=0.01s Real=0.64s
[2025-08-01T01:26:48.665+0000] GC(249) Pause Young (Allocation Failure)
[2025-08-01T01:26:49.270+0000] GC(249) DefNew: 1258303K(1258304K)->139775K(1258304K) Eden: 1118528K(1118528K)->0K(1118528K) From: 139775K(139776K)->139775K(139776K)
[2025-08-01T01:26:49.271+0000] GC(249) Tenured: 1616486K(2796224K)->2216824K(2796224K)
[2025-08-01T01:26:49.271+0000] GC(249) Metaspace: 10059K(10304K)->10059K(10304K) NonClass: 8832K(8960K)->8832K(8960K) Class: 1226K(1344K)->1226K(1344K)
[2025-08-01T01:26:49.271+0000] GC(249) Pause Young (Allocation Failure) 2807M->2301M(3959M) 605.653ms
[2025-08-01T01:26:49.271+0000] GC(249) User=0.60s Sys=0.00s Real=0.60s
[2025-08-01T01:26:49.512+0000] GC(250) Pause Young (Allocation Failure)
[2025-08-01T01:26:49.512+0000] GC(250) Pause Young (Allocation Failure) 3393M->3393M(3959M) 0.098ms
[2025-08-01T01:26:49.512+0000] GC(250) User=0.00s Sys=0.00s Real=0.00s
[2025-08-01T01:26:49.513+0000] GC(251) Pause Full (Allocation Failure)
[2025-08-01T01:26:49.513+0000] GC(251) Phase 1: Mark live objects
[2025-08-01T01:26:49.728+0000] GC(251) Phase 1: Mark live objects 215.401ms
[2025-08-01T01:26:49.728+0000] GC(251) Phase 2: Compute new object addresses
[2025-08-01T01:26:50.350+0000] GC(251) Phase 2: Compute new object addresses 621.556ms
[2025-08-01T01:26:50.350+0000] GC(251) Phase 3: Adjust pointers
[2025-08-01T01:26:50.559+0000] GC(251) Phase 3: Adjust pointers 209.404ms
[2025-08-01T01:26:50.559+0000] GC(251) Phase 4: Move objects
[2025-08-01T01:26:51.135+0000] GC(251) Phase 4: Move objects 575.880ms
[2025-08-01T01:26:51.136+0000] GC(251) DefNew: 1258303K(1258304K)->0K(1258304K) Eden: 1118528K(1118528K)->0K(1118528K) From: 139775K(139776K)->0K(139776K)
[2025-08-01T01:26:51.136+0000] GC(251) Tenured: 2216824K(2796224K)->1302086K(2796224K)
[2025-08-01T01:26:51.137+0000] GC(251) Metaspace: 10059K(10304K)->10059K(10304K) NonClass: 8832K(8960K)->8832K(8960K) Class: 1226K(1344K)->1226K(1344K)
[2025-08-01T01:26:51.137+0000] GC(251) Pause Full (Allocation Failure) 3393M->1271M(3959M) 1624.047ms
[2025-08-01T01:26:51.137+0000] GC(251) User=1.62s Sys=0.00s Real=1.63s
[2025-08-01T01:26:51.370+0000] GC(252) Pause Young (Allocation Failure)
[2025-08-01T01:26:51.667+0000] GC(252) DefNew: 1118528K(1258304K)->139775K(1258304K) Eden: 1118528K(1118528K)->0K(1118528K) From: 0K(139776K)->139775K(139776K)
[2025-08-01T01:26:51.668+0000] GC(252) Tenured: 1302086K(2796224K)->1583778K(2796224K)
[2025-08-01T01:26:51.668+0000] GC(252) Metaspace: 10059K(10304K)->10059K(10304K) NonClass: 8832K(8960K)->8832K(8960K) Class: 1226K(1344K)->1226K(1344K)
[2025-08-01T01:26:51.668+0000] GC(252) Pause Young (Allocation Failure) 2363M->1683M(3959M) 297.667ms
[2025-08-01T01:26:51.668+0000] GC(252) User=0.30s Sys=0.00s Real=0.30s
[2025-08-01T01:26:51.896+0000] GC(253) Pause Young (Allocation Failure)
[2025-08-01T01:26:52.351+0000] GC(253) DefNew: 1258303K(1258304K)->139775K(1258304K) Eden: 1118528K(1118528K)->0K(1118528K) From: 139775K(139776K)->139775K(139776K)
[2025-08-01T01:26:52.351+0000] GC(253) Tenured: 1583778K(2796224K)->2017479K(2796224K)
[2025-08-01T01:26:52.351+0000] GC(253) Metaspace: 10059K(10304K)->10059K(10304K) NonClass: 8832K(8960K)->8832K(8960K) Class: 1226K(1344K)->1226K(1344K)
[2025-08-01T01:26:52.351+0000] GC(253) Pause Young (Allocation Failure) 2775M->2106M(3959M) 454.264ms
[2025-08-01T01:26:52.351+0000] GC(253) User=0.45s Sys=0.00s Real=0.45s
[2025-08-01T01:26:52.577+0000] GC(254) Pause Young (Allocation Failure)
[2025-08-01T01:26:52.577+0000] GC(254) Pause Young (Allocation Failure) 3199M->3199M(3959M) 0.131ms
[2025-08-01T01:26:52.577+0000] GC(254) User=0.00s Sys=0.00s Real=0.00s
[2025-08-01T01:26:52.577+0000] GC(255) Pause Full (Allocation Failure)
[2025-08-01T01:26:52.577+0000] GC(255) Phase 1: Mark live objects
[2025-08-01T01:26:52.748+0000] GC(255) Phase 1: Mark live objects 170.777ms
[2025-08-01T01:26:52.748+0000] GC(255) Phase 2: Compute new object addresses
[2025-08-01T01:26:53.366+0000] GC(255) Phase 2: Compute new object addresses 618.233ms
[2025-08-01T01:26:53.366+0000] GC(255) Phase 3: Adjust pointers
[2025-08-01T01:26:53.500+0000] GC(255) Phase 3: Adjust pointers 133.940ms
[2025-08-01T01:26:53.500+0000] GC(255) Phase 4: Move objects
[2025-08-01T01:26:53.798+0000] GC(255) Phase 4: Move objects 297.597ms
[2025-08-01T01:26:53.799+0000] GC(255) DefNew: 1258303K(1258304K)->0K(1258304K) Eden: 1118528K(1118528K)->0K(1118528K) From: 139775K(139776K)->0K(139776K)
[2025-08-01T01:26:53.799+0000] GC(255) Tenured: 2017479K(2796224K)->937805K(2796224K)
[2025-08-01T01:26:53.799+0000] GC(255) Metaspace: 10059K(10304K)->10059K(10304K) NonClass: 8832K(8960K)->8832K(8960K) Class: 1226K(1344K)->1226K(1344K)
[2025-08-01T01:26:53.800+0000] GC(255) Pause Full (Allocation Failure) 3199M->915M(3959M) 1222.584ms
[2025-08-01T01:26:53.800+0000] GC(255) User=1.22s Sys=0.00s Real=1.22s
[2025-08-01T01:26:54.027+0000] GC(256) Pause Young (Allocation Failure)
[2025-08-01T01:26:54.492+0000] GC(256) DefNew: 1118528K(1258304K)->139775K(1258304K) Eden: 1118528K(1118528K)->0K(1118528K) From: 0K(139776K)->139775K(139776K)
[2025-08-01T01:26:54.492+0000] GC(256) Tenured: 937805K(2796224K)->1540513K(2796224K)
[2025-08-01T01:26:54.492+0000] GC(256) Metaspace: 10059K(10304K)->10059K(10304K) NonClass: 8832K(8960K)->8832K(8960K) Class: 1226K(1344K)->1226K(1344K)
[2025-08-01T01:26:54.492+0000] GC(256) Pause Young (Allocation Failure) 2008M->1640M(3959M) 465.640ms
[2025-08-01T01:26:54.492+0000] GC(256) User=0.47s Sys=0.00s Real=0.46s
[2025-08-01T01:26:54.715+0000] GC(257) Pause Young (Allocation Failure)
[2025-08-01T01:26:55.530+0000] GC(257) DefNew: 1258303K(1258304K)->139775K(1258304K) Eden: 1118528K(1118528K)->0K(1118528K) From: 139775K(139776K)->139775K(139776K)
[2025-08-01T01:26:55.530+0000] GC(257) Tenured: 1540513K(2796224K)->2435260K(2796224K)
[2025-08-01T01:26:55.530+0000] GC(257) Metaspace: 10059K(10304K)->10059K(10304K) NonClass: 8832K(8960K)->8832K(8960K) Class: 1226K(1344K)->1226K(1344K)
[2025-08-01T01:26:55.530+0000] GC(257) Pause Young (Allocation Failure) 2733M->2514M(3959M) 814.953ms
[2025-08-01T01:26:55.530+0000] GC(257) User=0.82s Sys=0.00s Real=0.81s
[2025-08-01T01:26:55.751+0000] GC(258) Pause Young (Allocation Failure)
[2025-08-01T01:26:55.751+0000] GC(258) Pause Young (Allocation Failure) 3606M->3606M(3959M) 0.088ms
[2025-08-01T01:26:55.751+0000] GC(258) User=0.00s Sys=0.00s Real=0.00s
[2025-08-01T01:26:55.751+0000] GC(259) Pause Full (Allocation Failure)
[2025-08-01T01:26:55.751+0000] GC(259) Phase 1: Mark live objects
[2025-08-01T01:26:55.843+0000] GC(259) Phase 1: Mark live objects 91.893ms
[2025-08-01T01:26:55.843+0000] GC(259) Phase 2: Compute new object addresses
[2025-08-01T01:26:56.485+0000] GC(259) Phase 2: Compute new object addresses 642.037ms
[2025-08-01T01:26:56.486+0000] GC(259) Phase 3: Adjust pointers
[2025-08-01T01:26:56.566+0000] GC(259) Phase 3: Adjust pointers 80.701ms
[2025-08-01T01:26:56.566+0000] GC(259) Phase 4: Move objects
[2025-08-01T01:26:56.733+0000] GC(259) Phase 4: Move objects 166.912ms
[2025-08-01T01:26:56.735+0000] GC(259) DefNew: 1258303K(1258304K)->0K(1258304K) Eden: 1118528K(1118528K)->0K(1118528K) From: 139775K(139776K)->0K(139776K)
[2025-08-01T01:26:56.735+0000] GC(259) Tenured: 2435260K(2796224K)->451798K(2796224K)
[2025-08-01T01:26:56.735+0000] GC(259) Metaspace: 10059K(10304K)->10059K(10304K) NonClass: 8832K(8960K)->8832K(8960K) Class: 1226K(1344K)->1226K(1344K)
[2025-08-01T01:26:56.735+0000] GC(259) Pause Full (Allocation Failure) 3606M->441M(3959M) 983.683ms
[2025-08-01T01:26:56.735+0000] GC(259) User=0.99s Sys=0.00s Real=0.99s
[2025-08-01T01:26:56.953+0000] GC(260) Pause Young (Allocation Failure)
[2025-08-01T01:26:57.298+0000] GC(260) DefNew: 1118528K(1258304K)->139775K(1258304K) Eden: 1118528K(1118528K)->0K(1118528K) From: 0K(139776K)->139775K(139776K)
[2025-08-01T01:26:57.298+0000] GC(260) Tenured: 451798K(2796224K)->865862K(2796224K)
[2025-08-01T01:26:57.298+0000] GC(260) Metaspace: 10059K(10304K)->10059K(10304K) NonClass: 8832K(8960K)->8832K(8960K) Class: 1226K(1344K)->1226K(1344K)
[2025-08-01T01:26:57.299+0000] GC(260) Pause Young (Allocation Failure) 1533M->982M(3959M) 345.678ms
[2025-08-01T01:26:57.299+0000] GC(260) User=0.34s Sys=0.01s Real=0.34s
[2025-08-01T01:26:57.512+0000] GC(261) Pause Young (Allocation Failure)
[2025-08-01T01:26:58.113+0000] GC(261) DefNew: 1258303K(1258304K)->139775K(1258304K) Eden: 1118528K(1118528K)->0K(1118528K) From: 139775K(139776K)->139775K(139776K)
[2025-08-01T01:26:58.113+0000] GC(261) Tenured: 865862K(2796224K)->1528868K(2796224K)
[2025-08-01T01:26:58.113+0000] GC(261) Metaspace: 10059K(10304K)->10059K(10304K) NonClass: 8832K(8960K)->8832K(8960K) Class: 1226K(1344K)->1226K(1344K)
[2025-08-01T01:26:58.113+0000] GC(261) Pause Young (Allocation Failure) 2074M->1629M(3959M) 600.600ms
[2025-08-01T01:26:58.113+0000] GC(261) User=0.60s Sys=0.00s Real=0.60s
[2025-08-01T01:26:58.335+0000] GC(262) Pause Young (Allocation Failure)
[2025-08-01T01:26:58.832+0000] GC(262) DefNew: 1258303K(1258304K)->139775K(1258304K) Eden: 1118528K(1118528K)->0K(1118528K) From: 139775K(139776K)->139775K(139776K)
[2025-08-01T01:26:58.832+0000] GC(262) Tenured: 1528868K(2796224K)->2129293K(2796224K)
[2025-08-01T01:26:58.832+0000] GC(262) Metaspace: 10059K(10304K)->10059K(10304K) NonClass: 8832K(8960K)->8832K(8960K) Class: 1226K(1344K)->1226K(1344K)
[2025-08-01T01:26:58.832+0000] GC(262) Pause Young (Allocation Failure) 2721M->2215M(3959M) 497.093ms
[2025-08-01T01:26:58.832+0000] GC(262) User=0.49s Sys=0.00s Real=0.49s
[2025-08-01T01:26:59.057+0000] GC(263) Pause Young (Allocation Failure)
[2025-08-01T01:26:59.057+0000] GC(263) Pause Young (Allocation Failure) 3308M->3308M(3959M) 0.116ms
[2025-08-01T01:26:59.057+0000] GC(263) User=0.00s Sys=0.00s Real=0.00s
[2025-08-01T01:26:59.057+0000] GC(264) Pause Full (Allocation Failure)
[2025-08-01T01:26:59.057+0000] GC(264) Phase 1: Mark live objects
[2025-08-01T01:26:59.281+0000] GC(264) Phase 1: Mark live objects 223.937ms
[2025-08-01T01:26:59.281+0000] GC(264) Phase 2: Compute new object addresses
[2025-08-01T01:26:59.820+0000] GC(264) Phase 2: Compute new object addresses 538.767ms
[2025-08-01T01:26:59.820+0000] GC(264) Phase 3: Adjust pointers
[2025-08-01T01:27:00.024+0000] GC(264) Phase 3: Adjust pointers 203.959ms
[2025-08-01T01:27:00.024+0000] GC(264) Phase 4: Move objects
[2025-08-01T01:27:00.602+0000] GC(264) Phase 4: Move objects 578.033ms
[2025-08-01T01:27:00.606+0000] GC(264) DefNew: 1258303K(1258304K)->0K(1258304K) Eden: 1118528K(1118528K)->0K(1118528K) From: 139775K(139776K)->0K(139776K)
[2025-08-01T01:27:00.607+0000] GC(264) Tenured: 2129293K(2796224K)->1278075K(2796224K)
[2025-08-01T01:27:00.607+0000] GC(264) Metaspace: 10059K(10304K)->10059K(10304K) NonClass: 8832K(8960K)->8832K(8960K) Class: 1226K(1344K)->1226K(1344K)
[2025-08-01T01:27:00.607+0000] GC(264) Pause Full (Allocation Failure) 3308M->1248M(3959M) 1549.352ms
[2025-08-01T01:27:00.609+0000] GC(264) User=1.56s Sys=0.01s Real=1.55s
[2025-08-01T01:27:00.828+0000] GC(265) Pause Young (Allocation Failure)
[2025-08-01T01:27:01.156+0000] GC(265) DefNew: 1118528K(1258304K)->139775K(1258304K) Eden: 1118528K(1118528K)->0K(1118528K) From: 0K(139776K)->139775K(139776K)
[2025-08-01T01:27:01.156+0000] GC(265) Tenured: 1278075K(2796224K)->1573799K(2796224K)
[2025-08-01T01:27:01.156+0000] GC(265) Metaspace: 10059K(10304K)->10059K(10304K) NonClass: 8832K(8960K)->8832K(8960K) Class: 1226K(1344K)->1226K(1344K)
[2025-08-01T01:27:01.156+0000] GC(265) Pause Young (Allocation Failure) 2340M->1673M(3959M) 327.326ms
[2025-08-01T01:27:01.156+0000] GC(265) User=0.33s Sys=0.00s Real=0.33s
[2025-08-01T01:27:01.386+0000] GC(266) Pause Young (Allocation Failure)
[2025-08-01T01:27:01.742+0000] GC(266) DefNew: 1258303K(1258304K)->139775K(1258304K) Eden: 1118528K(1118528K)->0K(1118528K) From: 139775K(139776K)->139775K(139776K)
[2025-08-01T01:27:01.742+0000] GC(266) Tenured: 1573799K(2796224K)->2011740K(2796224K)
[2025-08-01T01:27:01.742+0000] GC(266) Metaspace: 10059K(10304K)->10059K(10304K) NonClass: 8832K(8960K)->8832K(8960K) Class: 1226K(1344K)->1226K(1344K)
[2025-08-01T01:27:01.742+0000] GC(266) Pause Young (Allocation Failure) 2765M->2101M(3959M) 355.306ms
[2025-08-01T01:27:01.742+0000] GC(266) User=0.35s Sys=0.00s Real=0.35s
[2025-08-01T01:27:01.954+0000] GC(267) Pause Young (Allocation Failure)
[2025-08-01T01:27:01.954+0000] GC(267) Pause Young (Allocation Failure) 3193M->3193M(3959M) 0.077ms
[2025-08-01T01:27:01.954+0000] GC(267) User=0.00s Sys=0.00s Real=0.00s
[2025-08-01T01:27:01.954+0000] GC(268) Pause Full (Allocation Failure)
[2025-08-01T01:27:01.954+0000] GC(268) Phase 1: Mark live objects
[2025-08-01T01:27:02.141+0000] GC(268) Phase 1: Mark live objects 186.596ms
[2025-08-01T01:27:02.141+0000] GC(268) Phase 2: Compute new object addresses
[2025-08-01T01:27:02.724+0000] GC(268) Phase 2: Compute new object addresses 583.395ms
[2025-08-01T01:27:02.724+0000] GC(268) Phase 3: Adjust pointers
[2025-08-01T01:27:02.870+0000] GC(268) Phase 3: Adjust pointers 145.533ms
[2025-08-01T01:27:02.870+0000] GC(268) Phase 4: Move objects
[2025-08-01T01:27:03.244+0000] GC(268) Phase 4: Move objects 374.184ms
[2025-08-01T01:27:03.245+0000] GC(268) DefNew: 1258303K(1258304K)->0K(1258304K) Eden: 1118528K(1118528K)->0K(1118528K) From: 139775K(139776K)->0K(139776K)
[2025-08-01T01:27:03.245+0000] GC(268) Tenured: 2011740K(2796224K)->913780K(2796224K)
[2025-08-01T01:27:03.245+0000] GC(268) Metaspace: 10059K(10304K)->10059K(10304K) NonClass: 8832K(8960K)->8832K(8960K) Class: 1226K(1344K)->1226K(1344K)
[2025-08-01T01:27:03.245+0000] GC(268) Pause Full (Allocation Failure) 3193M->892M(3959M) 1290.995ms
[2025-08-01T01:27:03.245+0000] GC(268) User=1.28s Sys=0.01s Real=1.29s
[2025-08-01T01:27:03.461+0000] GC(269) Pause Young (Allocation Failure)
[2025-08-01T01:27:03.939+0000] GC(269) DefNew: 1118528K(1258304K)->139775K(1258304K) Eden: 1118528K(1118528K)->0K(1118528K) From: 0K(139776K)->139775K(139776K)
[2025-08-01T01:27:03.939+0000] GC(269) Tenured: 913780K(2796224K)->1516485K(2796224K)
[2025-08-01T01:27:03.939+0000] GC(269) Metaspace: 10059K(10304K)->10059K(10304K) NonClass: 8832K(8960K)->8832K(8960K) Class: 1226K(1344K)->1226K(1344K)
[2025-08-01T01:27:03.939+0000] GC(269) Pause Young (Allocation Failure) 1984M->1617M(3959M) 477.869ms
[2025-08-01T01:27:03.939+0000] GC(269) User=0.48s Sys=0.00s Real=0.48s
[2025-08-01T01:27:04.153+0000] GC(270) Pause Young (Allocation Failure)
[2025-08-01T01:27:04.918+0000] GC(270) DefNew: 1258303K(1258304K)->139776K(1258304K) Eden: 1118528K(1118528K)->0K(1118528K) From: 139775K(139776K)->139776K(139776K)
[2025-08-01T01:27:04.918+0000] GC(270) Tenured: 1516485K(2796224K)->2425267K(2796224K)
[2025-08-01T01:27:04.918+0000] GC(270) Metaspace: 10059K(10304K)->10059K(10304K) NonClass: 8832K(8960K)->8832K(8960K) Class: 1226K(1344K)->1226K(1344K)
[2025-08-01T01:27:04.918+0000] GC(270) Pause Young (Allocation Failure) 2709M->2504M(3959M) 765.066ms
[2025-08-01T01:27:04.918+0000] GC(270) User=0.77s Sys=0.00s Real=0.77s
[2025-08-01T01:27:05.145+0000] GC(271) Pause Young (Allocation Failure)
[2025-08-01T01:27:05.145+0000] GC(271) Pause Young (Allocation Failure) 3597M->3597M(3959M) 0.118ms
[2025-08-01T01:27:05.146+0000] GC(271) User=0.00s Sys=0.00s Real=0.00s
[2025-08-01T01:27:05.146+0000] GC(272) Pause Full (Allocation Failure)
[2025-08-01T01:27:05.146+0000] GC(272) Phase 1: Mark live objects
[2025-08-01T01:27:05.251+0000] GC(272) Phase 1: Mark live objects 105.116ms
[2025-08-01T01:27:05.251+0000] GC(272) Phase 2: Compute new object addresses
[2025-08-01T01:27:05.915+0000] GC(272) Phase 2: Compute new object addresses 664.359ms
[2025-08-01T01:27:05.915+0000] GC(272) Phase 3: Adjust pointers
[2025-08-01T01:27:06.008+0000] GC(272) Phase 3: Adjust pointers 93.010ms
[2025-08-01T01:27:06.009+0000] GC(272) Phase 4: Move objects
[2025-08-01T01:27:06.232+0000] GC(272) Phase 4: Move objects 223.676ms
[2025-08-01T01:27:06.234+0000] GC(272) DefNew: 1258304K(1258304K)->0K(1258304K) Eden: 1118528K(1118528K)->0K(1118528K) From: 139776K(139776K)->0K(139776K)
[2025-08-01T01:27:06.234+0000] GC(272) Tenured: 2425267K(2796224K)->556149K(2796224K)
[2025-08-01T01:27:06.234+0000] GC(272) Metaspace: 10059K(10304K)->10059K(10304K) NonClass: 8832K(8960K)->8832K(8960K) Class: 1226K(1344K)->1226K(1344K)
[2025-08-01T01:27:06.234+0000] GC(272) Pause Full (Allocation Failure) 3597M->543M(3959M) 1088.510ms
[2025-08-01T01:27:06.234+0000] GC(272) User=1.10s Sys=0.00s Real=1.09s
[2025-08-01T01:27:06.470+0000] GC(273) Pause Young (Allocation Failure)
[2025-08-01T01:27:06.951+0000] GC(273) DefNew: 1118528K(1258304K)->139775K(1258304K) Eden: 1118528K(1118528K)->0K(1118528K) From: 0K(139776K)->139775K(139776K)
[2025-08-01T01:27:06.951+0000] GC(273) Tenured: 556149K(2796224K)->970212K(2796224K)
[2025-08-01T01:27:06.951+0000] GC(273) Metaspace: 10059K(10304K)->10059K(10304K) NonClass: 8832K(8960K)->8832K(8960K) Class: 1226K(1344K)->1226K(1344K)
[2025-08-01T01:27:06.951+0000] GC(273) Pause Young (Allocation Failure) 1635M->1083M(3959M) 480.586ms
[2025-08-01T01:27:06.951+0000] GC(273) User=0.48s Sys=0.00s Real=0.48s
[2025-08-01T01:27:07.175+0000] GC(274) Pause Young (Allocation Failure)
[2025-08-01T01:27:07.748+0000] GC(274) DefNew: 1258303K(1258304K)->139775K(1258304K) Eden: 1118528K(1118528K)->0K(1118528K) From: 139775K(139776K)->139775K(139776K)
[2025-08-01T01:27:07.748+0000] GC(274) Tenured: 970212K(2796224K)->1647247K(2796224K)
[2025-08-01T01:27:07.749+0000] GC(274) Metaspace: 10059K(10304K)->10059K(10304K) NonClass: 8832K(8960K)->8832K(8960K) Class: 1226K(1344K)->1226K(1344K)
[2025-08-01T01:27:07.749+0000] GC(274) Pause Young (Allocation Failure) 2176M->1745M(3959M) 573.352ms
[2025-08-01T01:27:07.749+0000] GC(274) User=0.58s Sys=0.00s Real=0.57s
[2025-08-01T01:27:07.958+0000] GC(275) Pause Young (Allocation Failure)
[2025-08-01T01:27:08.428+0000] GC(275) DefNew: 1258303K(1258304K)->139775K(1258304K) Eden: 1118528K(1118528K)->0K(1118528K) From: 139775K(139776K)->139775K(139776K)
[2025-08-01T01:27:08.428+0000] GC(275) Tenured: 1647247K(2796224K)->2247764K(2796224K)
[2025-08-01T01:27:08.428+0000] GC(275) Metaspace: 10059K(10304K)->10059K(10304K) NonClass: 8832K(8960K)->8832K(8960K) Class: 1226K(1344K)->1226K(1344K)
[2025-08-01T01:27:08.428+0000] GC(275) Pause Young (Allocation Failure) 2837M->2331M(3959M) 470.623ms
[2025-08-01T01:27:08.428+0000] GC(275) User=0.48s Sys=0.00s Real=0.47s
[2025-08-01T01:27:08.640+0000] GC(276) Pause Young (Allocation Failure)
[2025-08-01T01:27:08.641+0000] GC(276) Pause Young (Allocation Failure) 3423M->3423M(3959M) 0.125ms
[2025-08-01T01:27:08.641+0000] GC(276) User=0.00s Sys=0.00s Real=0.00s
[2025-08-01T01:27:08.641+0000] GC(277) Pause Full (Allocation Failure)
[2025-08-01T01:27:08.641+0000] GC(277) Phase 1: Mark live objects
[2025-08-01T01:27:08.867+0000] GC(277) Phase 1: Mark live objects 226.401ms
[2025-08-01T01:27:08.867+0000] GC(277) Phase 2: Compute new object addresses
[2025-08-01T01:27:09.375+0000] GC(277) Phase 2: Compute new object addresses 508.227ms
[2025-08-01T01:27:09.375+0000] GC(277) Phase 3: Adjust pointers
[2025-08-01T01:27:09.612+0000] GC(277) Phase 3: Adjust pointers 236.652ms
[2025-08-01T01:27:09.612+0000] GC(277) Phase 4: Move objects
[2025-08-01T01:27:10.178+0000] GC(277) Phase 4: Move objects 565.697ms
[2025-08-01T01:27:10.180+0000] GC(277) DefNew: 1258303K(1258304K)->0K(1258304K) Eden: 1118528K(1118528K)->0K(1118528K) From: 139775K(139776K)->0K(139776K)
[2025-08-01T01:27:10.180+0000] GC(277) Tenured: 2247764K(2796224K)->1211583K(2796224K)
[2025-08-01T01:27:10.180+0000] GC(277) Metaspace: 10059K(10304K)->10059K(10304K) NonClass: 8832K(8960K)->8832K(8960K) Class: 1226K(1344K)->1226K(1344K)
[2025-08-01T01:27:10.181+0000] GC(277) Pause Full (Allocation Failure) 3423M->1183M(3959M) 1540.029ms
[2025-08-01T01:27:10.181+0000] GC(277) User=1.54s Sys=0.00s Real=1.54s
[2025-08-01T01:27:10.393+0000] GC(278) Pause Young (Allocation Failure)
[2025-08-01T01:27:10.674+0000] GC(278) DefNew: 1118528K(1258304K)->139775K(1258304K) Eden: 1118528K(1118528K)->0K(1118528K) From: 0K(139776K)->139775K(139776K)
[2025-08-01T01:27:10.674+0000] GC(278) Tenured: 1211583K(2796224K)->1521341K(2796224K)
[2025-08-01T01:27:10.674+0000] GC(278) Metaspace: 10059K(10304K)->10059K(10304K) NonClass: 8832K(8960K)->8832K(8960K) Class: 1226K(1344K)->1226K(1344K)
[2025-08-01T01:27:10.674+0000] GC(278) Pause Young (Allocation Failure) 2275M->1622M(3959M) 281.387ms
[2025-08-01T01:27:10.674+0000] GC(278) User=0.29s Sys=0.00s Real=0.29s
[2025-08-01T01:27:10.885+0000] GC(279) Pause Young (Allocation Failure)
[2025-08-01T01:27:11.276+0000] GC(279) DefNew: 1258303K(1258304K)->139775K(1258304K) Eden: 1118528K(1118528K)->0K(1118528K) From: 139775K(139776K)->139775K(139776K)
[2025-08-01T01:27:11.276+0000] GC(279) Tenured: 1521341K(2796224K)->1963521K(2796224K)
[2025-08-01T01:27:11.276+0000] GC(279) Metaspace: 10059K(10304K)->10059K(10304K) NonClass: 8832K(8960K)->8832K(8960K) Class: 1226K(1344K)->1226K(1344K)
[2025-08-01T01:27:11.277+0000] GC(279) Pause Young (Allocation Failure) 2714M->2054M(3959M) 391.028ms
[2025-08-01T01:27:11.277+0000] GC(279) User=0.39s Sys=0.00s Real=0.39s
[2025-08-01T01:27:11.486+0000] GC(280) Pause Young (Allocation Failure)
[2025-08-01T01:27:11.487+0000] GC(280) Pause Young (Allocation Failure) 3146M->3146M(3959M) 0.084ms
[2025-08-01T01:27:11.487+0000] GC(280) User=0.00s Sys=0.00s Real=0.00s
[2025-08-01T01:27:11.487+0000] GC(281) Pause Full (Allocation Failure)
[2025-08-01T01:27:11.487+0000] GC(281) Phase 1: Mark live objects
[2025-08-01T01:27:11.640+0000] GC(281) Phase 1: Mark live objects 153.451ms
[2025-08-01T01:27:11.640+0000] GC(281) Phase 2: Compute new object addresses
[2025-08-01T01:27:12.192+0000] GC(281) Phase 2: Compute new object addresses 551.701ms
[2025-08-01T01:27:12.192+0000] GC(281) Phase 3: Adjust pointers
[2025-08-01T01:27:12.337+0000] GC(281) Phase 3: Adjust pointers 144.876ms
[2025-08-01T01:27:12.337+0000] GC(281) Phase 4: Move objects
[2025-08-01T01:27:12.668+0000] GC(281) Phase 4: Move objects 330.638ms
[2025-08-01T01:27:12.669+0000] GC(281) DefNew: 1258303K(1258304K)->0K(1258304K) Eden: 1118528K(1118528K)->0K(1118528K) From: 139775K(139776K)->0K(139776K)
[2025-08-01T01:27:12.669+0000] GC(281) Tenured: 1963521K(2796224K)->847284K(2796224K)
[2025-08-01T01:27:12.669+0000] GC(281) Metaspace: 10059K(10304K)->10059K(10304K) NonClass: 8832K(8960K)->8832K(8960K) Class: 1226K(1344K)->1226K(1344K)
[2025-08-01T01:27:12.669+0000] GC(281) Pause Full (Allocation Failure) 3146M->827M(3959M) 1182.470ms
[2025-08-01T01:27:12.669+0000] GC(281) User=1.19s Sys=0.00s Real=1.18s
[2025-08-01T01:27:12.887+0000] GC(282) Pause Young (Allocation Failure)
[2025-08-01T01:27:13.384+0000] GC(282) DefNew: 1118528K(1258304K)->139775K(1258304K) Eden: 1118528K(1118528K)->0K(1118528K) From: 0K(139776K)->139775K(139776K)
[2025-08-01T01:27:13.384+0000] GC(282) Tenured: 847284K(2796224K)->1449988K(2796224K)
[2025-08-01T01:27:13.384+0000] GC(282) Metaspace: 10059K(10304K)->10059K(10304K) NonClass: 8832K(8960K)->8832K(8960K) Class: 1226K(1344K)->1226K(1344K)
[2025-08-01T01:27:13.384+0000] GC(282) Pause Young (Allocation Failure) 1919M->1552M(3959M) 497.508ms
[2025-08-01T01:27:13.384+0000] GC(282) User=0.50s Sys=0.00s Real=0.50s
[2025-08-01T01:27:13.592+0000] GC(283) Pause Young (Allocation Failure)
[2025-08-01T01:27:14.372+0000] GC(283) DefNew: 1258303K(1258304K)->139775K(1258304K) Eden: 1118528K(1118528K)->0K(1118528K) From: 139775K(139776K)->139775K(139776K)
[2025-08-01T01:27:14.373+0000] GC(283) Tenured: 1449988K(2796224K)->2372804K(2796224K)
[2025-08-01T01:27:14.373+0000] GC(283) Metaspace: 10059K(10304K)->10059K(10304K) NonClass: 8832K(8960K)->8832K(8960K) Class: 1226K(1344K)->1226K(1344K)
[2025-08-01T01:27:14.373+0000] GC(283) Pause Young (Allocation Failure) 2644M->2453M(3959M) 780.162ms
[2025-08-01T01:27:14.373+0000] GC(283) User=0.78s Sys=0.00s Real=0.78s
[2025-08-01T01:27:14.613+0000] GC(284) Pause Young (Allocation Failure)
[2025-08-01T01:27:14.613+0000] GC(284) Pause Young (Allocation Failure) 3546M->3546M(3959M) 0.108ms
[2025-08-01T01:27:14.613+0000] GC(284) User=0.00s Sys=0.00s Real=0.00s
[2025-08-01T01:27:14.613+0000] GC(285) Pause Full (Allocation Failure)
[2025-08-01T01:27:14.613+0000] GC(285) Phase 1: Mark live objects
[2025-08-01T01:27:14.705+0000] GC(285) Phase 1: Mark live objects 92.523ms
[2025-08-01T01:27:14.705+0000] GC(285) Phase 2: Compute new object addresses
[2025-08-01T01:27:15.330+0000] GC(285) Phase 2: Compute new object addresses 624.788ms
[2025-08-01T01:27:15.330+0000] GC(285) Phase 3: Adjust pointers
[2025-08-01T01:27:15.404+0000] GC(285) Phase 3: Adjust pointers 73.155ms
[2025-08-01T01:27:15.404+0000] GC(285) Phase 4: Move objects
[2025-08-01T01:27:15.578+0000] GC(285) Phase 4: Move objects 174.438ms
[2025-08-01T01:27:15.580+0000] GC(285) DefNew: 1258303K(1258304K)->0K(1258304K) Eden: 1118528K(1118528K)->0K(1118528K) From: 139775K(139776K)->0K(139776K)
[2025-08-01T01:27:15.580+0000] GC(285) Tenured: 2372804K(2796224K)->556167K(2796224K)
[2025-08-01T01:27:15.580+0000] GC(285) Metaspace: 10059K(10304K)->10059K(10304K) NonClass: 8832K(8960K)->8832K(8960K) Class: 1226K(1344K)->1226K(1344K)
[2025-08-01T01:27:15.580+0000] GC(285) Pause Full (Allocation Failure) 3546M->543M(3959M) 966.868ms
[2025-08-01T01:27:15.580+0000] GC(285) User=0.97s Sys=0.00s Real=0.97s
[2025-08-01T01:27:15.786+0000] GC(286) Pause Young (Allocation Failure)
[2025-08-01T01:27:16.193+0000] GC(286) DefNew: 1118528K(1258304K)->139776K(1258304K) Eden: 1118528K(1118528K)->0K(1118528K) From: 0K(139776K)->139776K(139776K)
[2025-08-01T01:27:16.193+0000] GC(286) Tenured: 556167K(2796224K)->970232K(2796224K)
[2025-08-01T01:27:16.193+0000] GC(286) Metaspace: 10059K(10304K)->10059K(10304K) NonClass: 8832K(8960K)->8832K(8960K) Class: 1226K(1344K)->1226K(1344K)
[2025-08-01T01:27:16.193+0000] GC(286) Pause Young (Allocation Failure) 1635M->1083M(3959M) 407.128ms
[2025-08-01T01:27:16.193+0000] GC(286) User=0.41s Sys=0.00s Real=0.41s
[2025-08-01T01:27:16.421+0000] GC(287) Pause Young (Allocation Failure)
[2025-08-01T01:27:17.053+0000] GC(287) DefNew: 1258304K(1258304K)->139775K(1258304K) Eden: 1118528K(1118528K)->0K(1118528K) From: 139776K(139776K)->139775K(139776K)
[2025-08-01T01:27:17.054+0000] GC(287) Tenured: 970232K(2796224K)->1661305K(2796224K)
[2025-08-01T01:27:17.054+0000] GC(287) Metaspace: 10059K(10304K)->10059K(10304K) NonClass: 8832K(8960K)->8832K(8960K) Class: 1226K(1344K)->1226K(1344K)
[2025-08-01T01:27:17.054+0000] GC(287) Pause Young (Allocation Failure) 2176M->1758M(3959M) 632.506ms
[2025-08-01T01:27:17.054+0000] GC(287) User=0.64s Sys=0.00s Real=0.64s
[2025-08-01T01:27:17.295+0000] GC(288) Pause Young (Allocation Failure)
[2025-08-01T01:27:17.817+0000] GC(288) DefNew: 1258303K(1258304K)->139775K(1258304K) Eden: 1118528K(1118528K)->0K(1118528K) From: 139775K(139776K)->139775K(139776K)
[2025-08-01T01:27:17.817+0000] GC(288) Tenured: 1661305K(2796224K)->2261909K(2796224K)
[2025-08-01T01:27:17.817+0000] GC(288) Metaspace: 10059K(10304K)->10059K(10304K) NonClass: 8832K(8960K)->8832K(8960K) Class: 1226K(1344K)->1226K(1344K)
[2025-08-01T01:27:17.817+0000] GC(288) Pause Young (Allocation Failure) 2851M->2345M(3959M) 522.459ms
[2025-08-01T01:27:17.817+0000] GC(288) User=0.53s Sys=0.00s Real=0.52s
[2025-08-01T01:27:18.052+0000] GC(289) Pause Young (Allocation Failure)
[2025-08-01T01:27:18.052+0000] GC(289) Pause Young (Allocation Failure) 3437M->3437M(3959M) 0.096ms
[2025-08-01T01:27:18.052+0000] GC(289) User=0.00s Sys=0.00s Real=0.00s
[2025-08-01T01:27:18.052+0000] GC(290) Pause Full (Allocation Failure)
[2025-08-01T01:27:18.052+0000] GC(290) Phase 1: Mark live objects
[2025-08-01T01:27:18.303+0000] GC(290) Phase 1: Mark live objects 251.488ms
[2025-08-01T01:27:18.303+0000] GC(290) Phase 2: Compute new object addresses
[2025-08-01T01:27:18.930+0000] GC(290) Phase 2: Compute new object addresses 626.799ms
[2025-08-01T01:27:18.930+0000] GC(290) Phase 3: Adjust pointers
[2025-08-01T01:27:19.162+0000] GC(290) Phase 3: Adjust pointers 232.104ms
[2025-08-01T01:27:19.162+0000] GC(290) Phase 4: Move objects
[2025-08-01T01:27:19.731+0000] GC(290) Phase 4: Move objects 568.220ms
[2025-08-01T01:27:19.732+0000] GC(290) DefNew: 1258303K(1258304K)->0K(1258304K) Eden: 1118528K(1118528K)->0K(1118528K) From: 139775K(139776K)->0K(139776K)
[2025-08-01T01:27:19.732+0000] GC(290) Tenured: 2261909K(2796224K)->1363727K(2796224K)
[2025-08-01T01:27:19.732+0000] GC(290) Metaspace: 10059K(10304K)->10059K(10304K) NonClass: 8832K(8960K)->8832K(8960K) Class: 1226K(1344K)->1226K(1344K)
[2025-08-01T01:27:19.732+0000] GC(290) Pause Full (Allocation Failure) 3437M->1331M(3959M) 1680.484ms
[2025-08-01T01:27:19.732+0000] GC(290) User=1.68s Sys=0.00s Real=1.68s
[2025-08-01T01:27:19.974+0000] GC(291) Pause Young (Allocation Failure)
[2025-08-01T01:27:20.323+0000] GC(291) DefNew: 1118528K(1258304K)->139775K(1258304K) Eden: 1118528K(1118528K)->0K(1118528K) From: 0K(139776K)->139775K(139776K)
[2025-08-01T01:27:20.323+0000] GC(291) Tenured: 1363727K(2796224K)->1685947K(2796224K)
[2025-08-01T01:27:20.323+0000] GC(291) Metaspace: 10059K(10304K)->10059K(10304K) NonClass: 8832K(8960K)->8832K(8960K) Class: 1226K(1344K)->1226K(1344K)
[2025-08-01T01:27:20.323+0000] GC(291) Pause Young (Allocation Failure) 2424M->1782M(3959M) 349.103ms
[2025-08-01T01:27:20.323+0000] GC(291) User=0.35s Sys=0.01s Real=0.34s
[2025-08-01T01:27:20.562+0000] GC(292) Pause Young (Allocation Failure)
[2025-08-01T01:27:20.999+0000] GC(292) DefNew: 1258303K(1258304K)->139775K(1258304K) Eden: 1118528K(1118528K)->0K(1118528K) From: 139775K(139776K)->139775K(139776K)
[2025-08-01T01:27:20.999+0000] GC(292) Tenured: 1685947K(2796224K)->2128560K(2796224K)
[2025-08-01T01:27:20.999+0000] GC(292) Metaspace: 10059K(10304K)->10059K(10304K) NonClass: 8832K(8960K)->8832K(8960K) Class: 1226K(1344K)->1226K(1344K)
[2025-08-01T01:27:21.000+0000] GC(292) Pause Young (Allocation Failure) 2875M->2215M(3959M) 437.722ms
[2025-08-01T01:27:21.000+0000] GC(292) User=0.44s Sys=0.00s Real=0.44s
[2025-08-01T01:27:21.250+0000] GC(293) Pause Young (Allocation Failure)
[2025-08-01T01:27:21.250+0000] GC(293) Pause Young (Allocation Failure) 3307M->3307M(3959M) 0.118ms
[2025-08-01T01:27:21.250+0000] GC(293) User=0.00s Sys=0.00s Real=0.00s
[2025-08-01T01:27:21.250+0000] GC(294) Pause Full (Allocation Failure)
[2025-08-01T01:27:21.250+0000] GC(294) Phase 1: Mark live objects
[2025-08-01T01:27:21.416+0000] GC(294) Phase 1: Mark live objects 165.715ms
[2025-08-01T01:27:21.416+0000] GC(294) Phase 2: Compute new object addresses
[2025-08-01T01:27:22.058+0000] GC(294) Phase 2: Compute new object addresses 641.755ms
[2025-08-01T01:27:22.058+0000] GC(294) Phase 3: Adjust pointers
[2025-08-01T01:27:22.225+0000] GC(294) Phase 3: Adjust pointers 167.135ms
[2025-08-01T01:27:22.225+0000] GC(294) Phase 4: Move objects
[2025-08-01T01:27:22.621+0000] GC(294) Phase 4: Move objects 395.334ms
[2025-08-01T01:27:22.622+0000] GC(294) DefNew: 1258303K(1258304K)->0K(1258304K) Eden: 1118528K(1118528K)->0K(1118528K) From: 139775K(139776K)->0K(139776K)
[2025-08-01T01:27:22.622+0000] GC(294) Tenured: 2128560K(2796224K)->854989K(2796224K)
[2025-08-01T01:27:22.622+0000] GC(294) Metaspace: 10059K(10304K)->10059K(10304K) NonClass: 8832K(8960K)->8832K(8960K) Class: 1226K(1344K)->1226K(1344K)
[2025-08-01T01:27:22.622+0000] GC(294) Pause Full (Allocation Failure) 3307M->834M(3959M) 1372.081ms
[2025-08-01T01:27:22.622+0000] GC(294) User=1.38s Sys=0.00s Real=1.37s
[2025-08-01T01:27:22.837+0000] GC(295) Pause Young (Allocation Failure)
[2025-08-01T01:27:23.123+0000] GC(295) DefNew: 1118528K(1258304K)->139775K(1258304K) Eden: 1118528K(1118528K)->0K(1118528K) From: 0K(139776K)->139775K(139776K)
[2025-08-01T01:27:23.123+0000] GC(295) Tenured: 854989K(2796224K)->1177198K(2796224K)
[2025-08-01T01:27:23.123+0000] GC(295) Metaspace: 10059K(10304K)->10059K(10304K) NonClass: 8832K(8960K)->8832K(8960K) Class: 1226K(1344K)->1226K(1344K)
[2025-08-01T01:27:23.123+0000] GC(295) Pause Young (Allocation Failure) 1927M->1286M(3959M) 285.498ms
[2025-08-01T01:27:23.123+0000] GC(295) User=0.29s Sys=0.00s Real=0.28s
[2025-08-01T01:27:23.338+0000] GC(296) Pause Young (Allocation Failure)
[2025-08-01T01:27:24.044+0000] GC(296) DefNew: 1258303K(1258304K)->139775K(1258304K) Eden: 1118528K(1118528K)->0K(1118528K) From: 139775K(139776K)->139775K(139776K)
[2025-08-01T01:27:24.044+0000] GC(296) Tenured: 1177198K(2796224K)->2109171K(2796224K)
[2025-08-01T01:27:24.044+0000] GC(296) Metaspace: 10059K(10304K)->10059K(10304K) NonClass: 8832K(8960K)->8832K(8960K) Class: 1226K(1344K)->1226K(1344K)
[2025-08-01T01:27:24.045+0000] GC(296) Pause Young (Allocation Failure) 2378M->2196M(3959M) 706.477ms
[2025-08-01T01:27:24.045+0000] GC(296) User=0.71s Sys=0.00s Real=0.71s
[2025-08-01T01:27:24.300+0000] GC(297) Pause Young (Allocation Failure)
[2025-08-01T01:27:24.300+0000] GC(297) Pause Young (Allocation Failure) 3288M->3288M(3959M) 0.067ms
[2025-08-01T01:27:24.300+0000] GC(297) User=0.00s Sys=0.00s Real=0.00s
[2025-08-01T01:27:24.300+0000] GC(298) Pause Full (Allocation Failure)
[2025-08-01T01:27:24.300+0000] GC(298) Phase 1: Mark live objects
[2025-08-01T01:27:24.394+0000] GC(298) Phase 1: Mark live objects 93.862ms
[2025-08-01T01:27:24.394+0000] GC(298) Phase 2: Compute new object addresses
[2025-08-01T01:27:25.014+0000] GC(298) Phase 2: Compute new object addresses 619.967ms
[2025-08-01T01:27:25.014+0000] GC(298) Phase 3: Adjust pointers
[2025-08-01T01:27:25.106+0000] GC(298) Phase 3: Adjust pointers 91.475ms
[2025-08-01T01:27:25.106+0000] GC(298) Phase 4: Move objects
[2025-08-01T01:27:25.337+0000] GC(298) Phase 4: Move objects 231.646ms
[2025-08-01T01:27:25.339+0000] GC(298) DefNew: 1258303K(1258304K)->0K(1258304K) Eden: 1118528K(1118528K)->0K(1118528K) From: 139775K(139776K)->0K(139776K)
[2025-08-01T01:27:25.339+0000] GC(298) Tenured: 2109171K(2796224K)->611111K(2796224K)
[2025-08-01T01:27:25.339+0000] GC(298) Metaspace: 10059K(10304K)->10059K(10304K) NonClass: 8832K(8960K)->8832K(8960K) Class: 1226K(1344K)->1226K(1344K)
[2025-08-01T01:27:25.339+0000] GC(298) Pause Full (Allocation Failure) 3288M->596M(3959M) 1039.250ms
[2025-08-01T01:27:25.339+0000] GC(298) User=1.05s Sys=0.00s Real=1.04s
[2025-08-01T01:27:25.574+0000] GC(299) Pause Young (Allocation Failure)
[2025-08-01T01:27:26.009+0000] GC(299) DefNew: 1118528K(1258304K)->139775K(1258304K) Eden: 1118528K(1118528K)->0K(1118528K) From: 0K(139776K)->139775K(139776K)
[2025-08-01T01:27:26.010+0000] GC(299) Tenured: 611111K(2796224K)->1025712K(2796224K)
[2025-08-01T01:27:26.010+0000] GC(299) Metaspace: 10059K(10304K)->10059K(10304K) NonClass: 8832K(8960K)->8832K(8960K) Class: 1226K(1344K)->1226K(1344K)
[2025-08-01T01:27:26.010+0000] GC(299) Pause Young (Allocation Failure) 1689M->1138M(3959M) 435.617ms
[2025-08-01T01:27:26.010+0000] GC(299) User=0.44s Sys=0.00s Real=0.43s
[2025-08-01T01:27:26.313+0000] GC(300) Pause Young (Allocation Failure)
[2025-08-01T01:27:26.946+0000] GC(300) DefNew: 1258303K(1258304K)->139776K(1258304K) Eden: 1118528K(1118528K)->0K(1118528K) From: 139775K(139776K)->139776K(139776K)
[2025-08-01T01:27:26.946+0000] GC(300) Tenured: 1025712K(2796224K)->1722184K(2796224K)
[2025-08-01T01:27:26.947+0000] GC(300) Metaspace: 10059K(10304K)->10059K(10304K) NonClass: 8832K(8960K)->8832K(8960K) Class: 1226K(1344K)->1226K(1344K)
[2025-08-01T01:27:26.947+0000] GC(300) Pause Young (Allocation Failure) 2230M->1818M(3959M) 633.737ms
[2025-08-01T01:27:26.947+0000] GC(300) User=0.63s Sys=0.00s Real=0.64s
[2025-08-01T01:27:27.171+0000] GC(301) Pause Young (Allocation Failure)
[2025-08-01T01:27:27.499+0000] GC(301) DefNew: 1258304K(1258304K)->139775K(1258304K) Eden: 1118528K(1118528K)->0K(1118528K) From: 139776K(139776K)->139775K(139776K)
[2025-08-01T01:27:27.499+0000] GC(301) Tenured: 1722184K(2796224K)->2045009K(2796224K)
[2025-08-01T01:27:27.499+0000] GC(301) Metaspace: 10059K(10304K)->10059K(10304K) NonClass: 8832K(8960K)->8832K(8960K) Class: 1226K(1344K)->1226K(1344K)
[2025-08-01T01:27:27.499+0000] GC(301) Pause Young (Allocation Failure) 2910M->2133M(3959M) 327.174ms
[2025-08-01T01:27:27.499+0000] GC(301) User=0.33s Sys=0.00s Real=0.33s
[2025-08-01T01:27:27.708+0000] GC(302) Pause Young (Allocation Failure)
[2025-08-01T01:27:27.708+0000] GC(302) Pause Young (Allocation Failure) 3225M->3225M(3959M) 0.121ms
[2025-08-01T01:27:27.708+0000] GC(302) User=0.00s Sys=0.00s Real=0.00s
[2025-08-01T01:27:27.708+0000] GC(303) Pause Full (Allocation Failure)
[2025-08-01T01:27:27.708+0000] GC(303) Phase 1: Mark live objects
[2025-08-01T01:27:27.931+0000] GC(303) Phase 1: Mark live objects 223.206ms
[2025-08-01T01:27:27.931+0000] GC(303) Phase 2: Compute new object addresses
[2025-08-01T01:27:28.461+0000] GC(303) Phase 2: Compute new object addresses 529.490ms
[2025-08-01T01:27:28.461+0000] GC(303) Phase 3: Adjust pointers
[2025-08-01T01:27:28.642+0000] GC(303) Phase 3: Adjust pointers 181.461ms
[2025-08-01T01:27:28.642+0000] GC(303) Phase 4: Move objects
[2025-08-01T01:27:29.130+0000] GC(303) Phase 4: Move objects 487.956ms
[2025-08-01T01:27:29.132+0000] GC(303) DefNew: 1258303K(1258304K)->0K(1258304K) Eden: 1118528K(1118528K)->0K(1118528K) From: 139775K(139776K)->0K(139776K)
[2025-08-01T01:27:29.132+0000] GC(303) Tenured: 2045009K(2796224K)->1355075K(2796224K)
[2025-08-01T01:27:29.132+0000] GC(303) Metaspace: 10059K(10304K)->10059K(10304K) NonClass: 8832K(8960K)->8832K(8960K) Class: 1226K(1344K)->1226K(1344K)
[2025-08-01T01:27:29.132+0000] GC(303) Pause Full (Allocation Failure) 3225M->1323M(3959M) 1424.091ms
[2025-08-01T01:27:29.132+0000] GC(303) User=1.42s Sys=0.00s Real=1.42s
[2025-08-01T01:27:29.348+0000] GC(304) Pause Young (Allocation Failure)
[2025-08-01T01:27:29.650+0000] GC(304) DefNew: 1118528K(1258304K)->139775K(1258304K) Eden: 1118528K(1118528K)->0K(1118528K) From: 0K(139776K)->139775K(139776K)
[2025-08-01T01:27:29.650+0000] GC(304) Tenured: 1355075K(2796224K)->1675179K(2796224K)
[2025-08-01T01:27:29.650+0000] GC(304) Metaspace: 10059K(10304K)->10059K(10304K) NonClass: 8832K(8960K)->8832K(8960K) Class: 1226K(1344K)->1226K(1344K)
[2025-08-01T01:27:29.650+0000] GC(304) Pause Young (Allocation Failure) 2415M->1772M(3959M) 302.054ms
[2025-08-01T01:27:29.650+0000] GC(304) User=0.30s Sys=0.00s Real=0.30s
[2025-08-01T01:27:29.871+0000] GC(305) Pause Young (Allocation Failure)
[2025-08-01T01:27:30.315+0000] GC(305) DefNew: 1258303K(1258304K)->139775K(1258304K) Eden: 1118528K(1118528K)->0K(1118528K) From: 139775K(139776K)->139775K(139776K)
[2025-08-01T01:27:30.315+0000] GC(305) Tenured: 1675179K(2796224K)->2116098K(2796224K)
[2025-08-01T01:27:30.315+0000] GC(305) Metaspace: 10059K(10304K)->10059K(10304K) NonClass: 8832K(8960K)->8832K(8960K) Class: 1226K(1344K)->1226K(1344K)
[2025-08-01T01:27:30.315+0000] GC(305) Pause Young (Allocation Failure) 2864M->2203M(3959M) 443.767ms
[2025-08-01T01:27:30.315+0000] GC(305) User=0.44s Sys=0.00s Real=0.45s
[2025-08-01T01:27:30.539+0000] GC(306) Pause Young (Allocation Failure)
[2025-08-01T01:27:30.539+0000] GC(306) Pause Young (Allocation Failure) 3295M->3295M(3959M) 0.095ms
[2025-08-01T01:27:30.539+0000] GC(306) User=0.00s Sys=0.00s Real=0.00s
[2025-08-01T01:27:30.539+0000] GC(307) Pause Full (Allocation Failure)
[2025-08-01T01:27:30.539+0000] GC(307) Phase 1: Mark live objects
[2025-08-01T01:27:30.711+0000] GC(307) Phase 1: Mark live objects 171.758ms
[2025-08-01T01:27:30.711+0000] GC(307) Phase 2: Compute new object addresses
[2025-08-01T01:27:31.353+0000] GC(307) Phase 2: Compute new object addresses 641.986ms
[2025-08-01T01:27:31.353+0000] GC(307) Phase 3: Adjust pointers
[2025-08-01T01:27:31.510+0000] GC(307) Phase 3: Adjust pointers 156.992ms
[2025-08-01T01:27:31.510+0000] GC(307) Phase 4: Move objects
[2025-08-01T01:27:31.854+0000] GC(307) Phase 4: Move objects 343.389ms
[2025-08-01T01:27:31.855+0000] GC(307) DefNew: 1258303K(1258304K)->0K(1258304K) Eden: 1118528K(1118528K)->0K(1118528K) From: 139775K(139776K)->0K(139776K)
[2025-08-01T01:27:31.855+0000] GC(307) Tenured: 2116098K(2796224K)->982546K(2796224K)
[2025-08-01T01:27:31.855+0000] GC(307) Metaspace: 10059K(10304K)->10059K(10304K) NonClass: 8832K(8960K)->8832K(8960K) Class: 1226K(1344K)->1226K(1344K)
[2025-08-01T01:27:31.855+0000] GC(307) Pause Full (Allocation Failure) 3295M->959M(3959M) 1316.133ms
[2025-08-01T01:27:31.855+0000] GC(307) User=1.32s Sys=0.01s Real=1.32s
[2025-08-01T01:27:32.076+0000] GC(308) Pause Young (Allocation Failure)
[2025-08-01T01:27:32.634+0000] GC(308) DefNew: 1118528K(1258304K)->139775K(1258304K) Eden: 1118528K(1118528K)->0K(1118528K) From: 0K(139776K)->139775K(139776K)
[2025-08-01T01:27:32.634+0000] GC(308) Tenured: 982546K(2796224K)->1580632K(2796224K)
[2025-08-01T01:27:32.634+0000] GC(308) Metaspace: 10059K(10304K)->10059K(10304K) NonClass: 8832K(8960K)->8832K(8960K) Class: 1226K(1344K)->1226K(1344K)
[2025-08-01T01:27:32.634+0000] GC(308) Pause Young (Allocation Failure) 2051M->1680M(3959M) 557.952ms
[2025-08-01T01:27:32.634+0000] GC(308) User=0.56s Sys=0.00s Real=0.56s
[2025-08-01T01:27:32.840+0000] GC(309) Pause Young (Allocation Failure)
[2025-08-01T01:27:33.728+0000] GC(309) DefNew: 1258303K(1258304K)->139775K(1258304K) Eden: 1118528K(1118528K)->0K(1118528K) From: 139775K(139776K)->139775K(139776K)
[2025-08-01T01:27:33.728+0000] GC(309) Tenured: 1580632K(2796224K)->2508859K(2796224K)
[2025-08-01T01:27:33.728+0000] GC(309) Metaspace: 10059K(10304K)->10059K(10304K) NonClass: 8832K(8960K)->8832K(8960K) Class: 1226K(1344K)->1226K(1344K)
[2025-08-01T01:27:33.728+0000] GC(309) Pause Young (Allocation Failure) 2772M->2586M(3959M) 887.971ms
[2025-08-01T01:27:33.728+0000] GC(309) User=0.81s Sys=0.08s Real=0.89s
[2025-08-01T01:27:33.955+0000] GC(310) Pause Young (Allocation Failure)
[2025-08-01T01:27:33.955+0000] GC(310) Pause Young (Allocation Failure) 3678M->3678M(3959M) 0.122ms
[2025-08-01T01:27:33.955+0000] GC(310) User=0.00s Sys=0.00s Real=0.00s
[2025-08-01T01:27:33.955+0000] GC(311) Pause Full (Allocation Failure)
[2025-08-01T01:27:33.955+0000] GC(311) Phase 1: Mark live objects
[2025-08-01T01:27:34.053+0000] GC(311) Phase 1: Mark live objects 98.263ms
[2025-08-01T01:27:34.053+0000] GC(311) Phase 2: Compute new object addresses
[2025-08-01T01:27:34.680+0000] GC(311) Phase 2: Compute new object addresses 626.922ms
[2025-08-01T01:27:34.680+0000] GC(311) Phase 3: Adjust pointers
[2025-08-01T01:27:34.747+0000] GC(311) Phase 3: Adjust pointers 66.484ms
[2025-08-01T01:27:34.747+0000] GC(311) Phase 4: Move objects
[2025-08-01T01:27:34.955+0000] GC(311) Phase 4: Move objects 207.740ms
[2025-08-01T01:27:34.956+0000] GC(311) DefNew: 1258303K(1258304K)->0K(1258304K) Eden: 1118528K(1118528K)->0K(1118528K) From: 139775K(139776K)->0K(139776K)
[2025-08-01T01:27:34.956+0000] GC(311) Tenured: 2508859K(2796224K)->485631K(2796224K)
[2025-08-01T01:27:34.956+0000] GC(311) Metaspace: 10059K(10304K)->10059K(10304K) NonClass: 8832K(8960K)->8832K(8960K) Class: 1226K(1344K)->1226K(1344K)
[2025-08-01T01:27:34.956+0000] GC(311) Pause Full (Allocation Failure) 3678M->474M(3959M) 1001.460ms
[2025-08-01T01:27:34.957+0000] GC(311) User=1.00s Sys=0.00s Real=1.00s
[2025-08-01T01:27:35.177+0000] GC(312) Pause Young (Allocation Failure)
[2025-08-01T01:27:35.597+0000] GC(312) DefNew: 1118528K(1258304K)->139775K(1258304K) Eden: 1118528K(1118528K)->0K(1118528K) From: 0K(139776K)->139775K(139776K)
[2025-08-01T01:27:35.597+0000] GC(312) Tenured: 485631K(2796224K)->898837K(2796224K)
[2025-08-01T01:27:35.597+0000] GC(312) Metaspace: 10059K(10304K)->10059K(10304K) NonClass: 8832K(8960K)->8832K(8960K) Class: 1226K(1344K)->1226K(1344K)
[2025-08-01T01:27:35.597+0000] GC(312) Pause Young (Allocation Failure) 1566M->1014M(3959M) 419.848ms
[2025-08-01T01:27:35.597+0000] GC(312) User=0.42s Sys=0.00s Real=0.42s
[2025-08-01T01:27:35.830+0000] GC(313) Pause Young (Allocation Failure)
[2025-08-01T01:27:36.483+0000] GC(313) DefNew: 1258303K(1258304K)->139775K(1258304K) Eden: 1118528K(1118528K)->0K(1118528K) From: 139775K(139776K)->139775K(139776K)
[2025-08-01T01:27:36.483+0000] GC(313) Tenured: 898837K(2796224K)->1590607K(2796224K)
[2025-08-01T01:27:36.483+0000] GC(313) Metaspace: 10059K(10304K)->10059K(10304K) NonClass: 8832K(8960K)->8832K(8960K) Class: 1226K(1344K)->1226K(1344K)
[2025-08-01T01:27:36.483+0000] GC(313) Pause Young (Allocation Failure) 2106M->1689M(3959M) 653.778ms
[2025-08-01T01:27:36.483+0000] GC(313) User=0.65s Sys=0.00s Real=0.66s
[2025-08-01T01:27:36.719+0000] GC(314) Pause Young (Allocation Failure)
[2025-08-01T01:27:37.296+0000] GC(314) DefNew: 1258303K(1258304K)->139775K(1258304K) Eden: 1118528K(1118528K)->0K(1118528K) From: 139775K(139776K)->139775K(139776K)
[2025-08-01T01:27:37.296+0000] GC(314) Tenured: 1590607K(2796224K)->2191755K(2796224K)
[2025-08-01T01:27:37.296+0000] GC(314) Metaspace: 10059K(10304K)->10059K(10304K) NonClass: 8832K(8960K)->8832K(8960K) Class: 1226K(1344K)->1226K(1344K)
[2025-08-01T01:27:37.296+0000] GC(314) Pause Young (Allocation Failure) 2782M->2276M(3959M) 576.794ms
[2025-08-01T01:27:37.296+0000] GC(314) User=0.58s Sys=0.01s Real=0.58s
[2025-08-01T01:27:37.557+0000] GC(315) Pause Young (Allocation Failure)
[2025-08-01T01:27:37.557+0000] GC(315) Pause Young (Allocation Failure) 3369M->3369M(3959M) 0.151ms
[2025-08-01T01:27:37.557+0000] GC(315) User=0.00s Sys=0.00s Real=0.00s
[2025-08-01T01:27:37.557+0000] GC(316) Pause Full (Allocation Failure)
[2025-08-01T01:27:37.557+0000] GC(316) Phase 1: Mark live objects
[2025-08-01T01:27:37.783+0000] GC(316) Phase 1: Mark live objects 226.157ms
[2025-08-01T01:27:37.783+0000] GC(316) Phase 2: Compute new object addresses
[2025-08-01T01:27:38.389+0000] GC(316) Phase 2: Compute new object addresses 606.252ms
[2025-08-01T01:27:38.389+0000] GC(316) Phase 3: Adjust pointers
[2025-08-01T01:27:38.616+0000] GC(316) Phase 3: Adjust pointers 226.603ms
[2025-08-01T01:27:38.616+0000] GC(316) Phase 4: Move objects
[2025-08-01T01:27:39.196+0000] GC(316) Phase 4: Move objects 579.421ms
[2025-08-01T01:27:39.197+0000] GC(316) DefNew: 1258303K(1258304K)->0K(1258304K) Eden: 1118528K(1118528K)->0K(1118528K) From: 139775K(139776K)->0K(139776K)
[2025-08-01T01:27:39.197+0000] GC(316) Tenured: 2191755K(2796224K)->1354374K(2796224K)
[2025-08-01T01:27:39.197+0000] GC(316) Metaspace: 10059K(10304K)->10059K(10304K) NonClass: 8832K(8960K)->8832K(8960K) Class: 1226K(1344K)->1226K(1344K)
[2025-08-01T01:27:39.197+0000] GC(316) Pause Full (Allocation Failure) 3369M->1322M(3959M) 1640.025ms
[2025-08-01T01:27:39.197+0000] GC(316) User=1.64s Sys=0.01s Real=1.64s
[2025-08-01T01:27:39.481+0000] GC(317) Pause Young (Allocation Failure)
[2025-08-01T01:27:39.853+0000] GC(317) DefNew: 1118528K(1258304K)->139775K(1258304K) Eden: 1118528K(1118528K)->0K(1118528K) From: 0K(139776K)->139775K(139776K)
[2025-08-01T01:27:39.853+0000] GC(317) Tenured: 1354374K(2796224K)->1683838K(2796224K)
[2025-08-01T01:27:39.853+0000] GC(317) Metaspace: 10059K(10304K)->10059K(10304K) NonClass: 8832K(8960K)->8832K(8960K) Class: 1226K(1344K)->1226K(1344K)
[2025-08-01T01:27:39.853+0000] GC(317) Pause Young (Allocation Failure) 2414M->1780M(3959M) 372.523ms
[2025-08-01T01:27:39.853+0000] GC(317) User=0.37s Sys=0.00s Real=0.38s
[2025-08-01T01:27:40.142+0000] GC(318) Pause Young (Allocation Failure)
[2025-08-01T01:27:40.579+0000] GC(318) DefNew: 1258303K(1258304K)->139776K(1258304K) Eden: 1118528K(1118528K)->0K(1118528K) From: 139775K(139776K)->139776K(139776K)
[2025-08-01T01:27:40.579+0000] GC(318) Tenured: 1683838K(2796224K)->2131773K(2796224K)
[2025-08-01T01:27:40.579+0000] GC(318) Metaspace: 10059K(10304K)->10059K(10304K) NonClass: 8832K(8960K)->8832K(8960K) Class: 1226K(1344K)->1226K(1344K)
[2025-08-01T01:27:40.579+0000] GC(318) Pause Young (Allocation Failure) 2873M->2218M(3959M) 436.995ms
[2025-08-01T01:27:40.579+0000] GC(318) User=0.44s Sys=0.00s Real=0.44s
[2025-08-01T01:27:40.856+0000] GC(319) Pause Young (Allocation Failure)
[2025-08-01T01:27:40.856+0000] GC(319) Pause Young (Allocation Failure) 3310M->3310M(3959M) 0.123ms
[2025-08-01T01:27:40.856+0000] GC(319) User=0.00s Sys=0.00s Real=0.00s
[2025-08-01T01:27:40.856+0000] GC(320) Pause Full (Allocation Failure)
[2025-08-01T01:27:40.856+0000] GC(320) Phase 1: Mark live objects
[2025-08-01T01:27:41.041+0000] GC(320) Phase 1: Mark live objects 184.795ms
[2025-08-01T01:27:41.041+0000] GC(320) Phase 2: Compute new object addresses
[2025-08-01T01:27:41.654+0000] GC(320) Phase 2: Compute new object addresses 613.128ms
[2025-08-01T01:27:41.654+0000] GC(320) Phase 3: Adjust pointers
[2025-08-01T01:27:41.806+0000] GC(320) Phase 3: Adjust pointers 151.165ms
[2025-08-01T01:27:41.806+0000] GC(320) Phase 4: Move objects
[2025-08-01T01:27:42.221+0000] GC(320) Phase 4: Move objects 415.680ms
[2025-08-01T01:27:42.223+0000] GC(320) DefNew: 1258304K(1258304K)->0K(1258304K) Eden: 1118528K(1118528K)->0K(1118528K) From: 139776K(139776K)->0K(139776K)
[2025-08-01T01:27:42.223+0000] GC(320) Tenured: 2131773K(2796224K)->1000096K(2796224K)
[2025-08-01T01:27:42.223+0000] GC(320) Metaspace: 10059K(10304K)->10059K(10304K) NonClass: 8832K(8960K)->8832K(8960K) Class: 1226K(1344K)->1226K(1344K)
[2025-08-01T01:27:42.223+0000] GC(320) Pause Full (Allocation Failure) 3310M->976M(3959M) 1366.662ms
[2025-08-01T01:27:42.223+0000] GC(320) User=1.37s Sys=0.00s Real=1.36s
[2025-08-01T01:27:42.507+0000] GC(321) Pause Young (Allocation Failure)
[2025-08-01T01:27:42.874+0000] GC(321) DefNew: 1118528K(1258304K)->139776K(1258304K) Eden: 1118528K(1118528K)->0K(1118528K) From: 0K(139776K)->139776K(139776K)
[2025-08-01T01:27:42.874+0000] GC(321) Tenured: 1000096K(2796224K)->1335869K(2796224K)
[2025-08-01T01:27:42.874+0000] GC(321) Metaspace: 10059K(10304K)->10059K(10304K) NonClass: 8832K(8960K)->8832K(8960K) Class: 1226K(1344K)->1226K(1344K)
[2025-08-01T01:27:42.874+0000] GC(321) Pause Young (Allocation Failure) 2068M->1441M(3959M) 366.730ms
[2025-08-01T01:27:42.874+0000] GC(321) User=0.37s Sys=0.00s Real=0.37s
[2025-08-01T01:27:43.182+0000] GC(322) Pause Young (Allocation Failure)
[2025-08-01T01:27:43.912+0000] GC(322) DefNew: 1258304K(1258304K)->139775K(1258304K) Eden: 1118528K(1118528K)->0K(1118528K) From: 139776K(139776K)->139775K(139776K)
[2025-08-01T01:27:43.913+0000] GC(322) Tenured: 1335869K(2796224K)->2277676K(2796224K)
[2025-08-01T01:27:43.913+0000] GC(322) Metaspace: 10059K(10304K)->10059K(10304K) NonClass: 8832K(8960K)->8832K(8960K) Class: 1226K(1344K)->1226K(1344K)
[2025-08-01T01:27:43.913+0000] GC(322) Pause Young (Allocation Failure) 2533M->2360M(3959M) 730.326ms
[2025-08-01T01:27:43.913+0000] GC(322) User=0.73s Sys=0.00s Real=0.73s
[2025-08-01T01:27:44.177+0000] GC(323) Pause Young (Allocation Failure)
[2025-08-01T01:27:44.177+0000] GC(323) Pause Young (Allocation Failure) 3453M->3453M(3959M) 0.119ms
[2025-08-01T01:27:44.177+0000] GC(323) User=0.00s Sys=0.00s Real=0.00s
[2025-08-01T01:27:44.177+0000] GC(324) Pause Full (Allocation Failure)
[2025-08-01T01:27:44.177+0000] GC(324) Phase 1: Mark live objects
[2025-08-01T01:27:44.281+0000] GC(324) Phase 1: Mark live objects 104.439ms
[2025-08-01T01:27:44.281+0000] GC(324) Phase 2: Compute new object addresses
[2025-08-01T01:27:44.883+0000] GC(324) Phase 2: Compute new object addresses 601.322ms
[2025-08-01T01:27:44.883+0000] GC(324) Phase 3: Adjust pointers
[2025-08-01T01:27:44.980+0000] GC(324) Phase 3: Adjust pointers 97.135ms
[2025-08-01T01:27:44.980+0000] GC(324) Phase 4: Move objects
[2025-08-01T01:27:45.207+0000] GC(324) Phase 4: Move objects 227.190ms
[2025-08-01T01:27:45.209+0000] GC(324) DefNew: 1258303K(1258304K)->0K(1258304K) Eden: 1118528K(1118528K)->0K(1118528K) From: 139775K(139776K)->0K(139776K)
[2025-08-01T01:27:45.209+0000] GC(324) Tenured: 2277676K(2796224K)->644479K(2796224K)
[2025-08-01T01:27:45.209+0000] GC(324) Metaspace: 10059K(10304K)->10059K(10304K) NonClass: 8832K(8960K)->8832K(8960K) Class: 1226K(1344K)->1226K(1344K)
[2025-08-01T01:27:45.209+0000] GC(324) Pause Full (Allocation Failure) 3453M->629M(3959M) 1032.241ms
[2025-08-01T01:27:45.209+0000] GC(324) User=1.04s Sys=0.00s Real=1.03s
[2025-08-01T01:27:45.504+0000] GC(325) Pause Young (Allocation Failure)
[2025-08-01T01:27:45.818+0000] GC(325) DefNew: 1118528K(1258304K)->139775K(1258304K) Eden: 1118528K(1118528K)->0K(1118528K) From: 0K(139776K)->139775K(139776K)
[2025-08-01T01:27:45.818+0000] GC(325) Tenured: 644479K(2796224K)->1073245K(2796224K)
[2025-08-01T01:27:45.818+0000] GC(325) Metaspace: 10059K(10304K)->10059K(10304K) NonClass: 8832K(8960K)->8832K(8960K) Class: 1226K(1344K)->1226K(1344K)
[2025-08-01T01:27:45.818+0000] GC(325) Pause Young (Allocation Failure) 1721M->1184M(3959M) 313.757ms
[2025-08-01T01:27:45.818+0000] GC(325) User=0.32s Sys=0.00s Real=0.31s
[2025-08-01T01:27:46.065+0000] GC(326) Pause Young (Allocation Failure)
[2025-08-01T01:27:46.624+0000] GC(326) DefNew: 1258303K(1258304K)->139776K(1258304K) Eden: 1118528K(1118528K)->0K(1118528K) From: 139775K(139776K)->139776K(139776K)
[2025-08-01T01:27:46.624+0000] GC(326) Tenured: 1073245K(2796224K)->1781657K(2796224K)
[2025-08-01T01:27:46.624+0000] GC(326) Metaspace: 10059K(10304K)->10059K(10304K) NonClass: 8832K(8960K)->8832K(8960K) Class: 1226K(1344K)->1226K(1344K)
[2025-08-01T01:27:46.624+0000] GC(326) Pause Young (Allocation Failure) 2276M->1876M(3959M) 559.665ms
[2025-08-01T01:27:46.624+0000] GC(326) User=0.56s Sys=0.00s Real=0.56s
[2025-08-01T01:27:46.870+0000] GC(327) Pause Young (Allocation Failure)
[2025-08-01T01:27:47.168+0000] GC(327) DefNew: 1258304K(1258304K)->139775K(1258304K) Eden: 1118528K(1118528K)->0K(1118528K) From: 139776K(139776K)->139775K(139776K)
[2025-08-01T01:27:47.168+0000] GC(327) Tenured: 1781657K(2796224K)->2138639K(2796224K)
[2025-08-01T01:27:47.168+0000] GC(327) Metaspace: 10059K(10304K)->10059K(10304K) NonClass: 8832K(8960K)->8832K(8960K) Class: 1226K(1344K)->1226K(1344K)
[2025-08-01T01:27:47.168+0000] GC(327) Pause Young (Allocation Failure) 2968M->2225M(3959M) 298.208ms
[2025-08-01T01:27:47.168+0000] GC(327) User=0.30s Sys=0.00s Real=0.30s
[2025-08-01T01:27:47.409+0000] GC(328) Pause Young (Allocation Failure)
[2025-08-01T01:27:47.409+0000] GC(328) Pause Young (Allocation Failure) 3317M->3317M(3959M) 0.117ms
[2025-08-01T01:27:47.409+0000] GC(328) User=0.00s Sys=0.00s Real=0.00s
[2025-08-01T01:27:47.409+0000] GC(329) Pause Full (Allocation Failure)
[2025-08-01T01:27:47.409+0000] GC(329) Phase 1: Mark live objects
[2025-08-01T01:27:47.660+0000] GC(329) Phase 1: Mark live objects 250.918ms
[2025-08-01T01:27:47.660+0000] GC(329) Phase 2: Compute new object addresses
[2025-08-01T01:27:48.238+0000] GC(329) Phase 2: Compute new object addresses 578.056ms
[2025-08-01T01:27:48.238+0000] GC(329) Phase 3: Adjust pointers
[2025-08-01T01:27:48.459+0000] GC(329) Phase 3: Adjust pointers 221.157ms
[2025-08-01T01:27:48.460+0000] GC(329) Phase 4: Move objects
[2025-08-01T01:27:49.040+0000] GC(329) Phase 4: Move objects 580.367ms
[2025-08-01T01:27:49.041+0000] GC(329) DefNew: 1258303K(1258304K)->0K(1258304K) Eden: 1118528K(1118528K)->0K(1118528K) From: 139775K(139776K)->0K(139776K)
[2025-08-01T01:27:49.041+0000] GC(329) Tenured: 2138639K(2796224K)->1258090K(2796224K)
[2025-08-01T01:27:49.041+0000] GC(329) Metaspace: 10059K(10304K)->10059K(10304K) NonClass: 8832K(8960K)->8832K(8960K) Class: 1226K(1344K)->1226K(1344K)
[2025-08-01T01:27:49.042+0000] GC(329) Pause Full (Allocation Failure) 3317M->1228M(3959M) 1632.461ms
[2025-08-01T01:27:49.042+0000] GC(329) User=1.63s Sys=0.00s Real=1.63s
[2025-08-01T01:27:49.278+0000] GC(330) Pause Young (Allocation Failure)
[2025-08-01T01:27:49.646+0000] GC(330) DefNew: 1118528K(1258304K)->139776K(1258304K) Eden: 1118528K(1118528K)->0K(1118528K) From: 0K(139776K)->139776K(139776K)
[2025-08-01T01:27:49.647+0000] GC(330) Tenured: 1258090K(2796224K)->1606281K(2796224K)
[2025-08-01T01:27:49.647+0000] GC(330) Metaspace: 10059K(10304K)->10059K(10304K) NonClass: 8832K(8960K)->8832K(8960K) Class: 1226K(1344K)->1226K(1344K)
[2025-08-01T01:27:49.647+0000] GC(330) Pause Young (Allocation Failure) 2320M->1705M(3959M) 368.552ms
[2025-08-01T01:27:49.647+0000] GC(330) User=0.37s Sys=0.00s Real=0.37s
[2025-08-01T01:27:49.930+0000] GC(331) Pause Young (Allocation Failure)
[2025-08-01T01:27:50.338+0000] GC(331) DefNew: 1258304K(1258304K)->139775K(1258304K) Eden: 1118528K(1118528K)->0K(1118528K) From: 139776K(139776K)->139775K(139776K)
[2025-08-01T01:27:50.338+0000] GC(331) Tenured: 1606281K(2796224K)->2071666K(2796224K)
[2025-08-01T01:27:50.338+0000] GC(331) Metaspace: 10059K(10304K)->10059K(10304K) NonClass: 8832K(8960K)->8832K(8960K) Class: 1226K(1344K)->1226K(1344K)
[2025-08-01T01:27:50.338+0000] GC(331) Pause Young (Allocation Failure) 2797M->2159M(3959M) 407.595ms
[2025-08-01T01:27:50.338+0000] GC(331) User=0.41s Sys=0.00s Real=0.41s
[2025-08-01T01:27:50.575+0000] GC(332) Pause Young (Allocation Failure)
[2025-08-01T01:27:50.575+0000] GC(332) Pause Young (Allocation Failure) 3251M->3251M(3959M) 0.106ms
[2025-08-01T01:27:50.575+0000] GC(332) User=0.00s Sys=0.00s Real=0.00s
[2025-08-01T01:27:50.575+0000] GC(333) Pause Full (Allocation Failure)
[2025-08-01T01:27:50.575+0000] GC(333) Phase 1: Mark live objects
[2025-08-01T01:27:50.744+0000] GC(333) Phase 1: Mark live objects 168.352ms
[2025-08-01T01:27:50.744+0000] GC(333) Phase 2: Compute new object addresses
[2025-08-01T01:27:51.301+0000] GC(333) Phase 2: Compute new object addresses 557.837ms
[2025-08-01T01:27:51.302+0000] GC(333) Phase 3: Adjust pointers
[2025-08-01T01:27:51.428+0000] GC(333) Phase 3: Adjust pointers 126.691ms
[2025-08-01T01:27:51.428+0000] GC(333) Phase 4: Move objects
[2025-08-01T01:27:51.738+0000] GC(333) Phase 4: Move objects 309.821ms
[2025-08-01T01:27:51.739+0000] GC(333) DefNew: 1258303K(1258304K)->0K(1258304K) Eden: 1118528K(1118528K)->0K(1118528K) From: 139775K(139776K)->0K(139776K)
[2025-08-01T01:27:51.739+0000] GC(333) Tenured: 2071666K(2796224K)->891195K(2796224K)
[2025-08-01T01:27:51.739+0000] GC(333) Metaspace: 10059K(10304K)->10059K(10304K) NonClass: 8832K(8960K)->8832K(8960K) Class: 1226K(1344K)->1226K(1344K)
[2025-08-01T01:27:51.739+0000] GC(333) Pause Full (Allocation Failure) 3251M->870M(3959M) 1163.869ms
[2025-08-01T01:27:51.739+0000] GC(333) User=1.16s Sys=0.01s Real=1.16s
[2025-08-01T01:27:51.975+0000] GC(334) Pause Young (Allocation Failure)
[2025-08-01T01:27:52.270+0000] GC(334) DefNew: 1118528K(1258304K)->139775K(1258304K) Eden: 1118528K(1118528K)->0K(1118528K) From: 0K(139776K)->139775K(139776K)
[2025-08-01T01:27:52.270+0000] GC(334) Tenured: 891195K(2796224K)->1245967K(2796224K)
[2025-08-01T01:27:52.270+0000] GC(334) Metaspace: 10059K(10304K)->10059K(10304K) NonClass: 8832K(8960K)->8832K(8960K) Class: 1226K(1344K)->1226K(1344K)
[2025-08-01T01:27:52.270+0000] GC(334) Pause Young (Allocation Failure) 1962M->1353M(3959M) 294.902ms
[2025-08-01T01:27:52.270+0000] GC(334) User=0.30s Sys=0.00s Real=0.29s
[2025-08-01T01:27:52.508+0000] GC(335) Pause Young (Allocation Failure)
[2025-08-01T01:27:53.305+0000] GC(335) DefNew: 1258303K(1258304K)->139776K(1258304K) Eden: 1118528K(1118528K)->0K(1118528K) From: 139775K(139776K)->139776K(139776K)
[2025-08-01T01:27:53.305+0000] GC(335) Tenured: 1245967K(2796224K)->2190139K(2796224K)
[2025-08-01T01:27:53.305+0000] GC(335) Metaspace: 10059K(10304K)->10059K(10304K) NonClass: 8832K(8960K)->8832K(8960K) Class: 1226K(1344K)->1226K(1344K)
[2025-08-01T01:27:53.305+0000] GC(335) Pause Young (Allocation Failure) 2445M->2275M(3959M) 797.523ms
[2025-08-01T01:27:53.305+0000] GC(335) User=0.80s Sys=0.01s Real=0.80s
[2025-08-01T01:27:53.540+0000] GC(336) Pause Young (Allocation Failure)
[2025-08-01T01:27:53.540+0000] GC(336) Pause Young (Allocation Failure) 3367M->3367M(3959M) 0.139ms
[2025-08-01T01:27:53.540+0000] GC(336) User=0.00s Sys=0.00s Real=0.00s
[2025-08-01T01:27:53.540+0000] GC(337) Pause Full (Allocation Failure)
[2025-08-01T01:27:53.540+0000] GC(337) Phase 1: Mark live objects
[2025-08-01T01:27:53.641+0000] GC(337) Phase 1: Mark live objects 100.499ms
[2025-08-01T01:27:53.641+0000] GC(337) Phase 2: Compute new object addresses
[2025-08-01T01:27:54.192+0000] GC(337) Phase 2: Compute new object addresses 551.073ms
[2025-08-01T01:27:54.192+0000] GC(337) Phase 3: Adjust pointers
[2025-08-01T01:27:54.271+0000] GC(337) Phase 3: Adjust pointers 78.706ms
[2025-08-01T01:27:54.271+0000] GC(337) Phase 4: Move objects
[2025-08-01T01:27:54.490+0000] GC(337) Phase 4: Move objects 219.250ms
[2025-08-01T01:27:54.492+0000] GC(337) DefNew: 1258304K(1258304K)->0K(1258304K) Eden: 1118528K(1118528K)->0K(1118528K) From: 139776K(139776K)->0K(139776K)
[2025-08-01T01:27:54.492+0000] GC(337) Tenured: 2190139K(2796224K)->618910K(2796224K)
[2025-08-01T01:27:54.492+0000] GC(337) Metaspace: 10059K(10304K)->10059K(10304K) NonClass: 8832K(8960K)->8832K(8960K) Class: 1226K(1344K)->1226K(1344K)
[2025-08-01T01:27:54.492+0000] GC(337) Pause Full (Allocation Failure) 3367M->604M(3959M) 951.570ms
[2025-08-01T01:27:54.492+0000] GC(337) User=0.96s Sys=0.00s Real=0.95s
[2025-08-01T01:27:54.755+0000] GC(338) Pause Young (Allocation Failure)
[2025-08-01T01:27:55.178+0000] GC(338) DefNew: 1118528K(1258304K)->139776K(1258304K) Eden: 1118528K(1118528K)->0K(1118528K) From: 0K(139776K)->139776K(139776K)
[2025-08-01T01:27:55.178+0000] GC(338) Tenured: 618910K(2796224K)->1075165K(2796224K)
[2025-08-01T01:27:55.178+0000] GC(338) Metaspace: 10059K(10304K)->10059K(10304K) NonClass: 8832K(8960K)->8832K(8960K) Class: 1226K(1344K)->1226K(1344K)
[2025-08-01T01:27:55.178+0000] GC(338) Pause Young (Allocation Failure) 1696M->1186M(3959M) 423.493ms
[2025-08-01T01:27:55.178+0000] GC(338) User=0.42s Sys=0.00s Real=0.42s
[2025-08-01T01:27:55.402+0000] GC(339) Pause Young (Allocation Failure)
[2025-08-01T01:27:56.024+0000] GC(339) DefNew: 1258304K(1258304K)->139775K(1258304K) Eden: 1118528K(1118528K)->0K(1118528K) From: 139776K(139776K)->139775K(139776K)
[2025-08-01T01:27:56.024+0000] GC(339) Tenured: 1075165K(2796224K)->1778318K(2796224K)
[2025-08-01T01:27:56.024+0000] GC(339) Metaspace: 10059K(10304K)->10059K(10304K) NonClass: 8832K(8960K)->8832K(8960K) Class: 1226K(1344K)->1226K(1344K)
[2025-08-01T01:27:56.025+0000] GC(339) Pause Young (Allocation Failure) 2278M->1873M(3959M) 622.157ms
[2025-08-01T01:27:56.025+0000] GC(339) User=0.62s Sys=0.01s Real=0.63s
[2025-08-01T01:27:56.256+0000] GC(340) Pause Young (Allocation Failure)
[2025-08-01T01:27:56.610+0000] GC(340) DefNew: 1258303K(1258304K)->139775K(1258304K) Eden: 1118528K(1118528K)->0K(1118528K) From: 139775K(139776K)->139775K(139776K)
[2025-08-01T01:27:56.610+0000] GC(340) Tenured: 1778318K(2796224K)->2145416K(2796224K)
[2025-08-01T01:27:56.610+0000] GC(340) Metaspace: 10059K(10304K)->10059K(10304K) NonClass: 8832K(8960K)->8832K(8960K) Class: 1226K(1344K)->1226K(1344K)
[2025-08-01T01:27:56.610+0000] GC(340) Pause Young (Allocation Failure) 2965M->2231M(3959M) 353.487ms
[2025-08-01T01:27:56.610+0000] GC(340) User=0.35s Sys=0.00s Real=0.35s
[2025-08-01T01:27:56.866+0000] GC(341) Pause Young (Allocation Failure)
[2025-08-01T01:27:56.866+0000] GC(341) Pause Young (Allocation Failure) 3323M->3323M(3959M) 0.115ms
[2025-08-01T01:27:56.866+0000] GC(341) User=0.00s Sys=0.00s Real=0.00s
[2025-08-01T01:27:56.866+0000] GC(342) Pause Full (Allocation Failure)
[2025-08-01T01:27:56.866+0000] GC(342) Phase 1: Mark live objects
[2025-08-01T01:27:57.114+0000] GC(342) Phase 1: Mark live objects 247.980ms
[2025-08-01T01:27:57.114+0000] GC(342) Phase 2: Compute new object addresses
[2025-08-01T01:27:57.658+0000] GC(342) Phase 2: Compute new object addresses 543.668ms
[2025-08-01T01:27:57.658+0000] GC(342) Phase 3: Adjust pointers
[2025-08-01T01:27:57.871+0000] GC(342) Phase 3: Adjust pointers 212.382ms
[2025-08-01T01:27:57.871+0000] GC(342) Phase 4: Move objects
[2025-08-01T01:27:58.422+0000] GC(342) Phase 4: Move objects 550.946ms
[2025-08-01T01:27:58.423+0000] GC(342) DefNew: 1258303K(1258304K)->0K(1258304K) Eden: 1118528K(1118528K)->0K(1118528K) From: 139775K(139776K)->0K(139776K)
[2025-08-01T01:27:58.423+0000] GC(342) Tenured: 2145416K(2796224K)->1378531K(2796224K)
[2025-08-01T01:27:58.423+0000] GC(342) Metaspace: 10059K(10304K)->10059K(10304K) NonClass: 8832K(8960K)->8832K(8960K) Class: 1226K(1344K)->1226K(1344K)
[2025-08-01T01:27:58.423+0000] GC(342) Pause Full (Allocation Failure) 3323M->1346M(3959M) 1556.757ms
[2025-08-01T01:27:58.423+0000] GC(342) User=1.56s Sys=0.01s Real=1.56s
[2025-08-01T01:27:58.645+0000] GC(343) Pause Young (Allocation Failure)
[2025-08-01T01:27:58.978+0000] GC(343) DefNew: 1118528K(1258304K)->139775K(1258304K) Eden: 1118528K(1118528K)->0K(1118528K) From: 0K(139776K)->139775K(139776K)
[2025-08-01T01:27:58.979+0000] GC(343) Tenured: 1378531K(2796224K)->1747657K(2796224K)
[2025-08-01T01:27:58.979+0000] GC(343) Metaspace: 10059K(10304K)->10059K(10304K) NonClass: 8832K(8960K)->8832K(8960K) Class: 1226K(1344K)->1226K(1344K)
[2025-08-01T01:27:58.979+0000] GC(343) Pause Young (Allocation Failure) 2438M->1843M(3959M) 333.098ms
[2025-08-01T01:27:58.979+0000] GC(343) User=0.33s Sys=0.00s Real=0.33s
[2025-08-01T01:27:59.197+0000] GC(344) Pause Young (Allocation Failure)
[2025-08-01T01:27:59.617+0000] GC(344) DefNew: 1258303K(1258304K)->139775K(1258304K) Eden: 1118528K(1118528K)->0K(1118528K) From: 139775K(139776K)->139775K(139776K)
[2025-08-01T01:27:59.617+0000] GC(344) Tenured: 1747657K(2796224K)->2228642K(2796224K)
[2025-08-01T01:27:59.617+0000] GC(344) Metaspace: 10059K(10304K)->10059K(10304K) NonClass: 8832K(8960K)->8832K(8960K) Class: 1226K(1344K)->1226K(1344K)
[2025-08-01T01:27:59.617+0000] GC(344) Pause Young (Allocation Failure) 2935M->2312M(3959M) 419.877ms
[2025-08-01T01:27:59.617+0000] GC(344) User=0.42s Sys=0.00s Real=0.42s
[2025-08-01T01:27:59.847+0000] GC(345) Pause Young (Allocation Failure)
[2025-08-01T01:27:59.848+0000] GC(345) Pause Young (Allocation Failure) 3405M->3405M(3959M) 0.102ms
[2025-08-01T01:27:59.848+0000] GC(345) User=0.00s Sys=0.00s Real=0.00s
[2025-08-01T01:27:59.848+0000] GC(346) Pause Full (Allocation Failure)
[2025-08-01T01:27:59.848+0000] GC(346) Phase 1: Mark live objects
[2025-08-01T01:28:00.010+0000] GC(346) Phase 1: Mark live objects 162.187ms
[2025-08-01T01:28:00.010+0000] GC(346) Phase 2: Compute new object addresses
[2025-08-01T01:28:00.550+0000] GC(346) Phase 2: Compute new object addresses 540.549ms
[2025-08-01T01:28:00.550+0000] GC(346) Phase 3: Adjust pointers
[2025-08-01T01:28:00.692+0000] GC(346) Phase 3: Adjust pointers 141.571ms
[2025-08-01T01:28:00.692+0000] GC(346) Phase 4: Move objects
[2025-08-01T01:28:01.049+0000] GC(346) Phase 4: Move objects 357.352ms
[2025-08-01T01:28:01.051+0000] GC(346) DefNew: 1258303K(1258304K)->0K(1258304K) Eden: 1118528K(1118528K)->0K(1118528K) From: 139775K(139776K)->0K(139776K)
[2025-08-01T01:28:01.051+0000] GC(346) Tenured: 2228642K(2796224K)->908015K(2796224K)
[2025-08-01T01:28:01.051+0000] GC(346) Metaspace: 10059K(10304K)->10059K(10304K) NonClass: 8832K(8960K)->8832K(8960K) Class: 1226K(1344K)->1226K(1344K)
[2025-08-01T01:28:01.051+0000] GC(346) Pause Full (Allocation Failure) 3405M->886M(3959M) 1203.456ms
[2025-08-01T01:28:01.051+0000] GC(346) User=1.21s Sys=0.00s Real=1.20s
[2025-08-01T01:28:01.276+0000] GC(347) Pause Young (Allocation Failure)
[2025-08-01T01:28:01.646+0000] GC(347) DefNew: 1118528K(1258304K)->139776K(1258304K) Eden: 1118528K(1118528K)->0K(1118528K) From: 0K(139776K)->139776K(139776K)
[2025-08-01T01:28:01.646+0000] GC(347) Tenured: 908015K(2796224K)->1279390K(2796224K)
[2025-08-01T01:28:01.646+0000] GC(347) Metaspace: 10059K(10304K)->10059K(10304K) NonClass: 8832K(8960K)->8832K(8960K) Class: 1226K(1344K)->1226K(1344K)
[2025-08-01T01:28:01.647+0000] GC(347) Pause Young (Allocation Failure) 1979M->1385M(3959M) 370.825ms
[2025-08-01T01:28:01.647+0000] GC(347) User=0.37s Sys=0.00s Real=0.37s
[2025-08-01T01:28:01.868+0000] GC(348) Pause Young (Allocation Failure)
[2025-08-01T01:28:02.669+0000] GC(348) DefNew: 1258304K(1258304K)->139775K(1258304K) Eden: 1118528K(1118528K)->0K(1118528K) From: 139776K(139776K)->139775K(139776K)
[2025-08-01T01:28:02.670+0000] GC(348) Tenured: 1279390K(2796224K)->2226535K(2796224K)
[2025-08-01T01:28:02.670+0000] GC(348) Metaspace: 10059K(10304K)->10059K(10304K) NonClass: 8832K(8960K)->8832K(8960K) Class: 1226K(1344K)->1226K(1344K)
[2025-08-01T01:28:02.670+0000] GC(348) Pause Young (Allocation Failure) 2478M->2310M(3959M) 802.038ms
[2025-08-01T01:28:02.670+0000] GC(348) User=0.80s Sys=0.01s Real=0.80s
[2025-08-01T01:28:02.894+0000] GC(349) Pause Young (Allocation Failure)
[2025-08-01T01:28:02.894+0000] GC(349) Pause Young (Allocation Failure) 3403M->3403M(3959M) 0.084ms
[2025-08-01T01:28:02.894+0000] GC(349) User=0.00s Sys=0.00s Real=0.00s
[2025-08-01T01:28:02.894+0000] GC(350) Pause Full (Allocation Failure)
[2025-08-01T01:28:02.894+0000] GC(350) Phase 1: Mark live objects
[2025-08-01T01:28:03.008+0000] GC(350) Phase 1: Mark live objects 114.018ms
[2025-08-01T01:28:03.008+0000] GC(350) Phase 2: Compute new object addresses
[2025-08-01T01:28:03.607+0000] GC(350) Phase 2: Compute new object addresses 599.410ms
[2025-08-01T01:28:03.607+0000] GC(350) Phase 3: Adjust pointers
[2025-08-01T01:28:03.710+0000] GC(350) Phase 3: Adjust pointers 102.324ms
[2025-08-01T01:28:03.710+0000] GC(350) Phase 4: Move objects
[2025-08-01T01:28:03.963+0000] GC(350) Phase 4: Move objects 252.767ms
[2025-08-01T01:28:03.964+0000] GC(350) DefNew: 1258303K(1258304K)->0K(1258304K) Eden: 1118528K(1118528K)->0K(1118528K) From: 139775K(139776K)->0K(139776K)
[2025-08-01T01:28:03.964+0000] GC(350) Tenured: 2226535K(2796224K)->651653K(2796224K)
[2025-08-01T01:28:03.964+0000] GC(350) Metaspace: 10059K(10304K)->10059K(10304K) NonClass: 8832K(8960K)->8832K(8960K) Class: 1226K(1344K)->1226K(1344K)
[2025-08-01T01:28:03.964+0000] GC(350) Pause Full (Allocation Failure) 3403M->636M(3959M) 1070.583ms
[2025-08-01T01:28:03.964+0000] GC(350) User=1.07s Sys=0.00s Real=1.07s
[2025-08-01T01:28:04.201+0000] GC(351) Pause Young (Allocation Failure)
[2025-08-01T01:28:04.595+0000] GC(351) DefNew: 1118528K(1258304K)->139775K(1258304K) Eden: 1118528K(1118528K)->0K(1118528K) From: 0K(139776K)->139775K(139776K)
[2025-08-01T01:28:04.595+0000] GC(351) Tenured: 651653K(2796224K)->1121579K(2796224K)
[2025-08-01T01:28:04.595+0000] GC(351) Metaspace: 10059K(10304K)->10059K(10304K) NonClass: 8832K(8960K)->8832K(8960K) Class: 1226K(1344K)->1226K(1344K)
[2025-08-01T01:28:04.595+0000] GC(351) Pause Young (Allocation Failure) 1728M->1231M(3959M) 393.592ms
[2025-08-01T01:28:04.595+0000] GC(351) User=0.39s Sys=0.00s Real=0.40s
[2025-08-01T01:28:04.823+0000] GC(352) Pause Young (Allocation Failure)
[2025-08-01T01:28:05.468+0000] GC(352) DefNew: 1258303K(1258304K)->139775K(1258304K) Eden: 1118528K(1118528K)->0K(1118528K) From: 139775K(139776K)->139775K(139776K)
[2025-08-01T01:28:05.469+0000] GC(352) Tenured: 1121579K(2796224K)->1828720K(2796224K)
[2025-08-01T01:28:05.469+0000] GC(352) Metaspace: 10059K(10304K)->10059K(10304K) NonClass: 8832K(8960K)->8832K(8960K) Class: 1226K(1344K)->1226K(1344K)
[2025-08-01T01:28:05.469+0000] GC(352) Pause Young (Allocation Failure) 2324M->1922M(3959M) 645.985ms
[2025-08-01T01:28:05.469+0000] GC(352) User=0.65s Sys=0.01s Real=0.64s
[2025-08-01T01:28:05.712+0000] GC(353) Pause Young (Allocation Failure)
[2025-08-01T01:28:06.122+0000] GC(353) DefNew: 1258303K(1258304K)->139776K(1258304K) Eden: 1118528K(1118528K)->0K(1118528K) From: 139775K(139776K)->139776K(139776K)
[2025-08-01T01:28:06.123+0000] GC(353) Tenured: 1828720K(2796224K)->2209663K(2796224K)
[2025-08-01T01:28:06.123+0000] GC(353) Metaspace: 10059K(10304K)->10059K(10304K) NonClass: 8832K(8960K)->8832K(8960K) Class: 1226K(1344K)->1226K(1344K)
[2025-08-01T01:28:06.123+0000] GC(353) Pause Young (Allocation Failure) 3014M->2294M(3959M) 410.505ms
[2025-08-01T01:28:06.123+0000] GC(353) User=0.42s Sys=0.00s Real=0.41s
[2025-08-01T01:28:06.347+0000] GC(354) Pause Young (Allocation Failure)
[2025-08-01T01:28:06.347+0000] GC(354) Pause Young (Allocation Failure) 3386M->3386M(3959M) 0.115ms
[2025-08-01T01:28:06.347+0000] GC(354) User=0.00s Sys=0.00s Real=0.00s
[2025-08-01T01:28:06.347+0000] GC(355) Pause Full (Allocation Failure)
[2025-08-01T01:28:06.347+0000] GC(355) Phase 1: Mark live objects
[2025-08-01T01:28:06.577+0000] GC(355) Phase 1: Mark live objects 230.331ms
[2025-08-01T01:28:06.577+0000] GC(355) Phase 2: Compute new object addresses
[2025-08-01T01:28:07.110+0000] GC(355) Phase 2: Compute new object addresses 532.031ms
[2025-08-01T01:28:07.110+0000] GC(355) Phase 3: Adjust pointers
[2025-08-01T01:28:07.344+0000] GC(355) Phase 3: Adjust pointers 233.936ms
[2025-08-01T01:28:07.344+0000] GC(355) Phase 4: Move objects
[2025-08-01T01:28:07.917+0000] GC(355) Phase 4: Move objects 573.431ms
[2025-08-01T01:28:07.919+0000] GC(355) DefNew: 1258304K(1258304K)->0K(1258304K) Eden: 1118528K(1118528K)->0K(1118528K) From: 139776K(139776K)->0K(139776K)
[2025-08-01T01:28:07.919+0000] GC(355) Tenured: 2209663K(2796224K)->1420266K(2796224K)
[2025-08-01T01:28:07.919+0000] GC(355) Metaspace: 10059K(10304K)->10059K(10304K) NonClass: 8832K(8960K)->8832K(8960K) Class: 1226K(1344K)->1226K(1344K)
[2025-08-01T01:28:07.919+0000] GC(355) Pause Full (Allocation Failure) 3386M->1386M(3959M) 1571.565ms
[2025-08-01T01:28:07.919+0000] GC(355) User=1.58s Sys=0.00s Real=1.57s
[2025-08-01T01:28:08.143+0000] GC(356) Pause Young (Allocation Failure)
[2025-08-01T01:28:08.543+0000] GC(356) DefNew: 1118528K(1258304K)->139775K(1258304K) Eden: 1118528K(1118528K)->0K(1118528K) From: 0K(139776K)->139775K(139776K)
[2025-08-01T01:28:08.543+0000] GC(356) Tenured: 1420266K(2796224K)->1803402K(2796224K)
[2025-08-01T01:28:08.543+0000] GC(356) Metaspace: 10059K(10304K)->10059K(10304K) NonClass: 8832K(8960K)->8832K(8960K) Class: 1226K(1344K)->1226K(1344K)
[2025-08-01T01:28:08.543+0000] GC(356) Pause Young (Allocation Failure) 2479M->1897M(3959M) 399.876ms
[2025-08-01T01:28:08.543+0000] GC(356) User=0.40s Sys=0.00s Real=0.40s
[2025-08-01T01:28:08.764+0000] GC(357) Pause Young (Allocation Failure)
[2025-08-01T01:28:09.217+0000] GC(357) DefNew: 1258303K(1258304K)->139775K(1258304K) Eden: 1118528K(1118528K)->0K(1118528K) From: 139775K(139776K)->139775K(139776K)
[2025-08-01T01:28:09.217+0000] GC(357) Tenured: 1803402K(2796224K)->2294393K(2796224K)
[2025-08-01T01:28:09.217+0000] GC(357) Metaspace: 10059K(10304K)->10059K(10304K) NonClass: 8832K(8960K)->8832K(8960K) Class: 1226K(1344K)->1226K(1344K)
[2025-08-01T01:28:09.217+0000] GC(357) Pause Young (Allocation Failure) 2989M->2377M(3959M) 452.953ms
[2025-08-01T01:28:09.217+0000] GC(357) User=0.45s Sys=0.00s Real=0.45s
[2025-08-01T01:28:09.437+0000] GC(358) Pause Young (Allocation Failure)
[2025-08-01T01:28:09.437+0000] GC(358) Pause Young (Allocation Failure) 3469M->3469M(3959M) 0.084ms
[2025-08-01T01:28:09.437+0000] GC(358) User=0.00s Sys=0.00s Real=0.00s
[2025-08-01T01:28:09.437+0000] GC(359) Pause Full (Allocation Failure)
[2025-08-01T01:28:09.437+0000] GC(359) Phase 1: Mark live objects
[2025-08-01T01:28:09.594+0000] GC(359) Phase 1: Mark live objects 156.754ms
[2025-08-01T01:28:09.594+0000] GC(359) Phase 2: Compute new object addresses
[2025-08-01T01:28:10.194+0000] GC(359) Phase 2: Compute new object addresses 599.782ms
[2025-08-01T01:28:10.194+0000] GC(359) Phase 3: Adjust pointers
[2025-08-01T01:28:10.379+0000] GC(359) Phase 3: Adjust pointers 185.399ms
[2025-08-01T01:28:10.379+0000] GC(359) Phase 4: Move objects
[2025-08-01T01:28:10.740+0000] GC(359) Phase 4: Move objects 360.928ms
[2025-08-01T01:28:10.742+0000] GC(359) DefNew: 1258303K(1258304K)->0K(1258304K) Eden: 1118528K(1118528K)->0K(1118528K) From: 139775K(139776K)->0K(139776K)
[2025-08-01T01:28:10.742+0000] GC(359) Tenured: 2294393K(2796224K)->1060711K(2796224K)
[2025-08-01T01:28:10.742+0000] GC(359) Metaspace: 10059K(10304K)->10059K(10304K) NonClass: 8832K(8960K)->8832K(8960K) Class: 1226K(1344K)->1226K(1344K)
[2025-08-01T01:28:10.742+0000] GC(359) Pause Full (Allocation Failure) 3469M->1035M(3959M) 1304.599ms
[2025-08-01T01:28:10.742+0000] GC(359) User=1.30s Sys=0.00s Real=1.30s
[2025-08-01T01:28:10.956+0000] GC(360) Pause Young (Allocation Failure)
[2025-08-01T01:28:11.361+0000] GC(360) DefNew: 1118528K(1258304K)->139776K(1258304K) Eden: 1118528K(1118528K)->0K(1118528K) From: 0K(139776K)->139776K(139776K)
[2025-08-01T01:28:11.361+0000] GC(360) Tenured: 1060711K(2796224K)->1446116K(2796224K)
[2025-08-01T01:28:11.361+0000] GC(360) Metaspace: 10059K(10304K)->10059K(10304K) NonClass: 8832K(8960K)->8832K(8960K) Class: 1226K(1344K)->1226K(1344K)
[2025-08-01T01:28:11.361+0000] GC(360) Pause Young (Allocation Failure) 2128M->1548M(3959M) 404.826ms
[2025-08-01T01:28:11.361+0000] GC(360) User=0.41s Sys=0.00s Real=0.40s
[2025-08-01T01:28:11.582+0000] GC(361) Pause Young (Allocation Failure)
[2025-08-01T01:28:12.346+0000] GC(361) DefNew: 1258304K(1258304K)->139775K(1258304K) Eden: 1118528K(1118528K)->0K(1118528K) From: 139776K(139776K)->139775K(139776K)
[2025-08-01T01:28:12.346+0000] GC(361) Tenured: 1446116K(2796224K)->2397285K(2796224K)
[2025-08-01T01:28:12.346+0000] GC(361) Metaspace: 10059K(10304K)->10059K(10304K) NonClass: 8832K(8960K)->8832K(8960K) Class: 1226K(1344K)->1226K(1344K)
[2025-08-01T01:28:12.346+0000] GC(361) Pause Young (Allocation Failure) 2641M->2477M(3959M) 764.808ms
[2025-08-01T01:28:12.346+0000] GC(361) User=0.76s Sys=0.00s Real=0.77s
[2025-08-01T01:28:12.573+0000] GC(362) Pause Young (Allocation Failure)
[2025-08-01T01:28:12.573+0000] GC(362) Pause Young (Allocation Failure) 3569M->3569M(3959M) 0.121ms
[2025-08-01T01:28:12.573+0000] GC(362) User=0.00s Sys=0.00s Real=0.00s
[2025-08-01T01:28:12.573+0000] GC(363) Pause Full (Allocation Failure)
[2025-08-01T01:28:12.573+0000] GC(363) Phase 1: Mark live objects
[2025-08-01T01:28:12.673+0000] GC(363) Phase 1: Mark live objects 99.545ms
[2025-08-01T01:28:12.673+0000] GC(363) Phase 2: Compute new object addresses
[2025-08-01T01:28:13.190+0000] GC(363) Phase 2: Compute new object addresses 516.811ms
[2025-08-01T01:28:13.190+0000] GC(363) Phase 3: Adjust pointers
[2025-08-01T01:28:13.293+0000] GC(363) Phase 3: Adjust pointers 103.707ms
[2025-08-01T01:28:13.293+0000] GC(363) Phase 4: Move objects
[2025-08-01T01:28:13.525+0000] GC(363) Phase 4: Move objects 231.897ms
[2025-08-01T01:28:13.527+0000] GC(363) DefNew: 1258303K(1258304K)->0K(1258304K) Eden: 1118528K(1118528K)->0K(1118528K) From: 139775K(139776K)->0K(139776K)
[2025-08-01T01:28:13.527+0000] GC(363) Tenured: 2397285K(2796224K)->555806K(2796224K)
[2025-08-01T01:28:13.527+0000] GC(363) Metaspace: 10059K(10304K)->10059K(10304K) NonClass: 8832K(8960K)->8832K(8960K) Class: 1226K(1344K)->1226K(1344K)
[2025-08-01T01:28:13.527+0000] GC(363) Pause Full (Allocation Failure) 3569M->542M(3959M) 953.831ms
[2025-08-01T01:28:13.527+0000] GC(363) User=0.95s Sys=0.01s Real=0.95s
[2025-08-01T01:28:13.743+0000] GC(364) Pause Young (Allocation Failure)
[2025-08-01T01:28:14.195+0000] GC(364) DefNew: 1118528K(1258304K)->139775K(1258304K) Eden: 1118528K(1118528K)->0K(1118528K) From: 0K(139776K)->139775K(139776K)
[2025-08-01T01:28:14.195+0000] GC(364) Tenured: 555806K(2796224K)->1039743K(2796224K)
[2025-08-01T01:28:14.195+0000] GC(364) Metaspace: 10059K(10304K)->10059K(10304K) NonClass: 8832K(8960K)->8832K(8960K) Class: 1226K(1344K)->1226K(1344K)
[2025-08-01T01:28:14.195+0000] GC(364) Pause Young (Allocation Failure) 1635M->1151M(3959M) 451.986ms
[2025-08-01T01:28:14.195+0000] GC(364) User=0.45s Sys=0.00s Real=0.45s
[2025-08-01T01:28:14.415+0000] GC(365) Pause Young (Allocation Failure)
[2025-08-01T01:28:14.960+0000] GC(365) DefNew: 1258303K(1258304K)->139775K(1258304K) Eden: 1118528K(1118528K)->0K(1118528K) From: 139775K(139776K)->139775K(139776K)
[2025-08-01T01:28:14.961+0000] GC(365) Tenured: 1039743K(2796224K)->1750912K(2796224K)
[2025-08-01T01:28:14.961+0000] GC(365) Metaspace: 10059K(10304K)->10059K(10304K) NonClass: 8832K(8960K)->8832K(8960K) Class: 1226K(1344K)->1226K(1344K)
[2025-08-01T01:28:14.961+0000] GC(365) Pause Young (Allocation Failure) 2244M->1846M(3959M) 545.746ms
[2025-08-01T01:28:14.961+0000] GC(365) User=0.54s Sys=0.00s Real=0.54s
[2025-08-01T01:28:15.175+0000] GC(366) Pause Young (Allocation Failure)
[2025-08-01T01:28:15.583+0000] GC(366) DefNew: 1258303K(1258304K)->139775K(1258304K) Eden: 1118528K(1118528K)->0K(1118528K) From: 139775K(139776K)->139775K(139776K)
[2025-08-01T01:28:15.583+0000] GC(366) Tenured: 1750912K(2796224K)->2145881K(2796224K)
[2025-08-01T01:28:15.583+0000] GC(366) Metaspace: 10059K(10304K)->10059K(10304K) NonClass: 8832K(8960K)->8832K(8960K) Class: 1226K(1344K)->1226K(1344K)
[2025-08-01T01:28:15.583+0000] GC(366) Pause Young (Allocation Failure) 2938M->2232M(3959M) 407.975ms
[2025-08-01T01:28:15.583+0000] GC(366) User=0.40s Sys=0.01s Real=0.41s
[2025-08-01T01:28:15.839+0000] GC(367) Pause Young (Allocation Failure)
[2025-08-01T01:28:15.839+0000] GC(367) Pause Young (Allocation Failure) 3324M->3324M(3959M) 0.077ms
[2025-08-01T01:28:15.839+0000] GC(367) User=0.00s Sys=0.00s Real=0.00s
[2025-08-01T01:28:15.839+0000] GC(368) Pause Full (Allocation Failure)
[2025-08-01T01:28:15.839+0000] GC(368) Phase 1: Mark live objects
[2025-08-01T01:28:16.082+0000] GC(368) Phase 1: Mark live objects 243.103ms
[2025-08-01T01:28:16.083+0000] GC(368) Phase 2: Compute new object addresses
[2025-08-01T01:28:16.699+0000] GC(368) Phase 2: Compute new object addresses 616.369ms
[2025-08-01T01:28:16.699+0000] GC(368) Phase 3: Adjust pointers
[2025-08-01T01:28:16.930+0000] GC(368) Phase 3: Adjust pointers 230.424ms
[2025-08-01T01:28:16.930+0000] GC(368) Phase 4: Move objects
[2025-08-01T01:28:17.553+0000] GC(368) Phase 4: Move objects 622.788ms
[2025-08-01T01:28:17.554+0000] GC(368) DefNew: 1258303K(1258304K)->0K(1258304K) Eden: 1118528K(1118528K)->0K(1118528K) From: 139775K(139776K)->0K(139776K)
[2025-08-01T01:28:17.554+0000] GC(368) Tenured: 2145881K(2796224K)->1422036K(2796224K)
[2025-08-01T01:28:17.554+0000] GC(368) Metaspace: 10059K(10304K)->10059K(10304K) NonClass: 8832K(8960K)->8832K(8960K) Class: 1226K(1344K)->1226K(1344K)
[2025-08-01T01:28:17.554+0000] GC(368) Pause Full (Allocation Failure) 3324M->1388M(3959M) 1714.871ms
[2025-08-01T01:28:17.554+0000] GC(368) User=1.72s Sys=0.01s Real=1.72s
[2025-08-01T01:28:17.795+0000] GC(369) Pause Young (Allocation Failure)
[2025-08-01T01:28:18.188+0000] GC(369) DefNew: 1118528K(1258304K)->139776K(1258304K) Eden: 1118528K(1118528K)->0K(1118528K) From: 0K(139776K)->139776K(139776K)
[2025-08-01T01:28:18.188+0000] GC(369) Tenured: 1422036K(2796224K)->1819196K(2796224K)
[2025-08-01T01:28:18.188+0000] GC(369) Metaspace: 10059K(10304K)->10059K(10304K) NonClass: 8832K(8960K)->8832K(8960K) Class: 1226K(1344K)->1226K(1344K)
[2025-08-01T01:28:18.188+0000] GC(369) Pause Young (Allocation Failure) 2481M->1913M(3959M) 393.962ms
[2025-08-01T01:28:18.189+0000] GC(369) User=0.40s Sys=0.00s Real=0.39s
[2025-08-01T01:28:18.409+0000] GC(370) Pause Young (Allocation Failure)
[2025-08-01T01:28:18.880+0000] GC(370) DefNew: 1258304K(1258304K)->139775K(1258304K) Eden: 1118528K(1118528K)->0K(1118528K) From: 139776K(139776K)->139775K(139776K)
[2025-08-01T01:28:18.880+0000] GC(370) Tenured: 1819196K(2796224K)->2320180K(2796224K)
[2025-08-01T01:28:18.880+0000] GC(370) Metaspace: 10059K(10304K)->10059K(10304K) NonClass: 8832K(8960K)->8832K(8960K) Class: 1226K(1344K)->1226K(1344K)
[2025-08-01T01:28:18.880+0000] GC(370) Pause Young (Allocation Failure) 3005M->2402M(3959M) 470.887ms
[2025-08-01T01:28:18.880+0000] GC(370) User=0.47s Sys=0.00s Real=0.47s
[2025-08-01T01:28:19.098+0000] GC(371) Pause Young (Allocation Failure)
[2025-08-01T01:28:19.099+0000] GC(371) Pause Young (Allocation Failure) 3494M->3494M(3959M) 0.112ms
[2025-08-01T01:28:19.099+0000] GC(371) User=0.00s Sys=0.00s Real=0.00s
[2025-08-01T01:28:19.099+0000] GC(372) Pause Full (Allocation Failure)
[2025-08-01T01:28:19.099+0000] GC(372) Phase 1: Mark live objects
[2025-08-01T01:28:19.296+0000] GC(372) Phase 1: Mark live objects 197.418ms
[2025-08-01T01:28:19.296+0000] GC(372) Phase 2: Compute new object addresses
[2025-08-01T01:28:19.957+0000] GC(372) Phase 2: Compute new object addresses 661.136ms
[2025-08-01T01:28:19.957+0000] GC(372) Phase 3: Adjust pointers
[2025-08-01T01:28:20.109+0000] GC(372) Phase 3: Adjust pointers 151.891ms
[2025-08-01T01:28:20.109+0000] GC(372) Phase 4: Move objects
[2025-08-01T01:28:20.557+0000] GC(372) Phase 4: Move objects 447.324ms
[2025-08-01T01:28:20.558+0000] GC(372) DefNew: 1258303K(1258304K)->0K(1258304K) Eden: 1118528K(1118528K)->0K(1118528K) From: 139775K(139776K)->0K(139776K)
[2025-08-01T01:28:20.558+0000] GC(372) Tenured: 2320180K(2796224K)->1062694K(2796224K)
[2025-08-01T01:28:20.558+0000] GC(372) Metaspace: 10059K(10304K)->10059K(10304K) NonClass: 8832K(8960K)->8832K(8960K) Class: 1226K(1344K)->1226K(1344K)
[2025-08-01T01:28:20.558+0000] GC(372) Pause Full (Allocation Failure) 3494M->1037M(3959M) 1459.774ms
[2025-08-01T01:28:20.558+0000] GC(372) User=1.46s Sys=0.00s Real=1.46s
[2025-08-01T01:28:20.794+0000] GC(373) Pause Young (Allocation Failure)
[2025-08-01T01:28:21.207+0000] GC(373) DefNew: 1118528K(1258304K)->139776K(1258304K) Eden: 1118528K(1118528K)->0K(1118528K) From: 0K(139776K)->139776K(139776K)
[2025-08-01T01:28:21.207+0000] GC(373) Tenured: 1062694K(2796224K)->1462130K(2796224K)
[2025-08-01T01:28:21.207+0000] GC(373) Metaspace: 10059K(10304K)->10059K(10304K) NonClass: 8832K(8960K)->8832K(8960K) Class: 1226K(1344K)->1226K(1344K)
[2025-08-01T01:28:21.207+0000] GC(373) Pause Young (Allocation Failure) 2130M->1564M(3959M) 413.276ms
[2025-08-01T01:28:21.207+0000] GC(373) User=0.41s Sys=0.00s Real=0.41s
[2025-08-01T01:28:21.424+0000] GC(374) Pause Young (Allocation Failure)
[2025-08-01T01:28:22.169+0000] GC(374) DefNew: 1258304K(1258304K)->139776K(1258304K) Eden: 1118528K(1118528K)->0K(1118528K) From: 139776K(139776K)->139776K(139776K)
[2025-08-01T01:28:22.169+0000] GC(374) Tenured: 1462130K(2796224K)->2417335K(2796224K)
[2025-08-01T01:28:22.169+0000] GC(374) Metaspace: 10059K(10304K)->10059K(10304K) NonClass: 8832K(8960K)->8832K(8960K) Class: 1226K(1344K)->1226K(1344K)
[2025-08-01T01:28:22.170+0000] GC(374) Pause Young (Allocation Failure) 2656M->2497M(3959M) 745.005ms
[2025-08-01T01:28:22.170+0000] GC(374) User=0.74s Sys=0.00s Real=0.74s
[2025-08-01T01:28:22.385+0000] GC(375) Pause Young (Allocation Failure)
[2025-08-01T01:28:22.385+0000] GC(375) Pause Young (Allocation Failure) 3589M->3589M(3959M) 0.088ms
[2025-08-01T01:28:22.385+0000] GC(375) User=0.00s Sys=0.00s Real=0.00s
[2025-08-01T01:28:22.385+0000] GC(376) Pause Full (Allocation Failure)
[2025-08-01T01:28:22.385+0000] GC(376) Phase 1: Mark live objects
[2025-08-01T01:28:22.505+0000] GC(376) Phase 1: Mark live objects 120.515ms
[2025-08-01T01:28:22.506+0000] GC(376) Phase 2: Compute new object addresses
[2025-08-01T01:28:23.101+0000] GC(376) Phase 2: Compute new object addresses 595.062ms
[2025-08-01T01:28:23.101+0000] GC(376) Phase 3: Adjust pointers
[2025-08-01T01:28:23.194+0000] GC(376) Phase 3: Adjust pointers 93.211ms
[2025-08-01T01:28:23.194+0000] GC(376) Phase 4: Move objects
[2025-08-01T01:28:23.447+0000] GC(376) Phase 4: Move objects 253.448ms
[2025-08-01T01:28:23.449+0000] GC(376) DefNew: 1258304K(1258304K)->0K(1258304K) Eden: 1118528K(1118528K)->0K(1118528K) From: 139776K(139776K)->0K(139776K)
[2025-08-01T01:28:23.449+0000] GC(376) Tenured: 2417335K(2796224K)->696765K(2796224K)
[2025-08-01T01:28:23.449+0000] GC(376) Metaspace: 10059K(10304K)->10059K(10304K) NonClass: 8832K(8960K)->8832K(8960K) Class: 1226K(1344K)->1226K(1344K)
[2025-08-01T01:28:23.449+0000] GC(376) Pause Full (Allocation Failure) 3589M->680M(3959M) 1064.089ms
[2025-08-01T01:28:23.449+0000] GC(376) User=1.07s Sys=0.00s Real=1.06s
[2025-08-01T01:28:23.662+0000] GC(377) Pause Young (Allocation Failure)
[2025-08-01T01:28:24.051+0000] GC(377) DefNew: 1118528K(1258304K)->139775K(1258304K) Eden: 1118528K(1118528K)->0K(1118528K) From: 0K(139776K)->139775K(139776K)
[2025-08-01T01:28:24.051+0000] GC(377) Tenured: 696765K(2796224K)->1194705K(2796224K)
[2025-08-01T01:28:24.051+0000] GC(377) Metaspace: 10059K(10304K)->10059K(10304K) NonClass: 8832K(8960K)->8832K(8960K) Class: 1226K(1344K)->1226K(1344K)
[2025-08-01T01:28:24.051+0000] GC(377) Pause Young (Allocation Failure) 1772M->1303M(3959M) 388.739ms
[2025-08-01T01:28:24.051+0000] GC(377) User=0.38s Sys=0.00s Real=0.39s
[2025-08-01T01:28:24.257+0000] GC(378) Pause Young (Allocation Failure)
[2025-08-01T01:28:24.882+0000] GC(378) DefNew: 1258303K(1258304K)->139775K(1258304K) Eden: 1118528K(1118528K)->0K(1118528K) From: 139775K(139776K)->139775K(139776K)
[2025-08-01T01:28:24.883+0000] GC(378) Tenured: 1194705K(2796224K)->1909909K(2796224K)
[2025-08-01T01:28:24.883+0000] GC(378) Metaspace: 10059K(10304K)->10059K(10304K) NonClass: 8832K(8960K)->8832K(8960K) Class: 1226K(1344K)->1226K(1344K)
[2025-08-01T01:28:24.883+0000] GC(378) Pause Young (Allocation Failure) 2395M->2001M(3959M) 625.146ms
[2025-08-01T01:28:24.883+0000] GC(378) User=0.62s Sys=0.00s Real=0.62s
[2025-08-01T01:28:25.108+0000] GC(379) Pause Young (Allocation Failure)
[2025-08-01T01:28:25.108+0000] GC(379) Pause Young (Allocation Failure) 3093M->3093M(3959M) 0.120ms
[2025-08-01T01:28:25.108+0000] GC(379) User=0.00s Sys=0.00s Real=0.00s
[2025-08-01T01:28:25.108+0000] GC(380) Pause Full (Allocation Failure)
[2025-08-01T01:28:25.108+0000] GC(380) Phase 1: Mark live objects
[2025-08-01T01:28:25.225+0000] GC(380) Phase 1: Mark live objects 116.633ms
[2025-08-01T01:28:25.225+0000] GC(380) Phase 2: Compute new object addresses
[2025-08-01T01:28:25.772+0000] GC(380) Phase 2: Compute new object addresses 547.082ms
[2025-08-01T01:28:25.772+0000] GC(380) Phase 3: Adjust pointers
[2025-08-01T01:28:25.909+0000] GC(380) Phase 3: Adjust pointers 136.688ms
[2025-08-01T01:28:25.909+0000] GC(380) Phase 4: Move objects
[2025-08-01T01:28:26.215+0000] GC(380) Phase 4: Move objects 305.334ms
[2025-08-01T01:28:26.216+0000] GC(380) DefNew: 1258303K(1258304K)->0K(1258304K) Eden: 1118528K(1118528K)->0K(1118528K) From: 139775K(139776K)->0K(139776K)
[2025-08-01T01:28:26.216+0000] GC(380) Tenured: 1909909K(2796224K)->669352K(2796224K)
[2025-08-01T01:28:26.216+0000] GC(380) Metaspace: 10059K(10304K)->10059K(10304K) NonClass: 8832K(8960K)->8832K(8960K) Class: 1226K(1344K)->1226K(1344K)
[2025-08-01T01:28:26.216+0000] GC(380) Pause Full (Allocation Failure) 3093M->653M(3959M) 1107.881ms
[2025-08-01T01:28:26.216+0000] GC(380) User=1.11s Sys=0.00s Real=1.11s
[2025-08-01T01:28:26.433+0000] GC(381) Pause Young (Allocation Failure)
[2025-08-01T01:28:27.190+0000] GC(381) DefNew: 1118528K(1258304K)->139775K(1258304K) Eden: 1118528K(1118528K)->0K(1118528K) From: 0K(139776K)->139775K(139776K)
[2025-08-01T01:28:27.190+0000] GC(381) Tenured: 669352K(2796224K)->1545329K(2796224K)
[2025-08-01T01:28:27.190+0000] GC(381) Metaspace: 10059K(10304K)->10059K(10304K) NonClass: 8832K(8960K)->8832K(8960K) Class: 1226K(1344K)->1226K(1344K)
[2025-08-01T01:28:27.190+0000] GC(381) Pause Young (Allocation Failure) 1745M->1645M(3959M) 757.330ms
[2025-08-01T01:28:27.190+0000] GC(381) User=0.76s Sys=0.00s Real=0.75s
[2025-08-01T01:28:27.406+0000] GC(382) Pause Young (Allocation Failure)
[2025-08-01T01:28:27.763+0000] GC(382) DefNew: 1258303K(1258304K)->139775K(1258304K) Eden: 1118528K(1118528K)->0K(1118528K) From: 139775K(139776K)->139775K(139776K)
[2025-08-01T01:28:27.763+0000] GC(382) Tenured: 1545329K(2796224K)->1956531K(2796224K)
[2025-08-01T01:28:27.763+0000] GC(382) Metaspace: 10059K(10304K)->10059K(10304K) NonClass: 8832K(8960K)->8832K(8960K) Class: 1226K(1344K)->1226K(1344K)
[2025-08-01T01:28:27.763+0000] GC(382) Pause Young (Allocation Failure) 2737M->2047M(3959M) 357.286ms
[2025-08-01T01:28:27.763+0000] GC(382) User=0.36s Sys=0.00s Real=0.36s
[2025-08-01T01:28:27.974+0000] GC(383) Pause Young (Allocation Failure)
[2025-08-01T01:28:27.974+0000] GC(383) Pause Young (Allocation Failure) 3139M->3139M(3959M) 0.103ms
[2025-08-01T01:28:27.974+0000] GC(383) User=0.00s Sys=0.00s Real=0.00s
[2025-08-01T01:28:27.974+0000] GC(384) Pause Full (Allocation Failure)
[2025-08-01T01:28:27.974+0000] GC(384) Phase 1: Mark live objects
[2025-08-01T01:28:28.105+0000] GC(384) Phase 1: Mark live objects 131.047ms
[2025-08-01T01:28:28.105+0000] GC(384) Phase 2: Compute new object addresses
[2025-08-01T01:28:28.683+0000] GC(384) Phase 2: Compute new object addresses 577.282ms
[2025-08-01T01:28:28.683+0000] GC(384) Phase 3: Adjust pointers
[2025-08-01T01:28:28.815+0000] GC(384) Phase 3: Adjust pointers 132.173ms
[2025-08-01T01:28:28.815+0000] GC(384) Phase 4: Move objects
[2025-08-01T01:28:29.168+0000] GC(384) Phase 4: Move objects 352.718ms
[2025-08-01T01:28:29.169+0000] GC(384) DefNew: 1258303K(1258304K)->0K(1258304K) Eden: 1118528K(1118528K)->0K(1118528K) From: 139775K(139776K)->0K(139776K)
[2025-08-01T01:28:29.169+0000] GC(384) Tenured: 1956531K(2796224K)->872709K(2796224K)
[2025-08-01T01:28:29.169+0000] GC(384) Metaspace: 10059K(10304K)->10059K(10304K) NonClass: 8832K(8960K)->8832K(8960K) Class: 1226K(1344K)->1226K(1344K)
[2025-08-01T01:28:29.169+0000] GC(384) Pause Full (Allocation Failure) 3139M->852M(3959M) 1195.300ms
[2025-08-01T01:28:29.169+0000] GC(384) User=1.20s Sys=0.00s Real=1.19s
[2025-08-01T01:28:29.388+0000] GC(385) Pause Young (Allocation Failure)
[2025-08-01T01:28:29.967+0000] GC(385) DefNew: 1118528K(1258304K)->139775K(1258304K) Eden: 1118528K(1118528K)->0K(1118528K) From: 0K(139776K)->139775K(139776K)
[2025-08-01T01:28:29.967+0000] GC(385) Tenured: 872709K(2796224K)->1567796K(2796224K)
[2025-08-01T01:28:29.967+0000] GC(385) Metaspace: 10059K(10304K)->10059K(10304K) NonClass: 8832K(8960K)->8832K(8960K) Class: 1226K(1344K)->1226K(1344K)
[2025-08-01T01:28:29.967+0000] GC(385) Pause Young (Allocation Failure) 1944M->1667M(3959M) 579.080ms
[2025-08-01T01:28:29.967+0000] GC(385) User=0.58s Sys=0.00s Real=0.58s
[2025-08-01T01:28:30.184+0000] GC(386) Pause Young (Allocation Failure)
[2025-08-01T01:28:30.519+0000] GC(386) DefNew: 1258303K(1258304K)->139776K(1258304K) Eden: 1118528K(1118528K)->0K(1118528K) From: 139775K(139776K)->139776K(139776K)
[2025-08-01T01:28:30.519+0000] GC(386) Tenured: 1567796K(2796224K)->1981861K(2796224K)
[2025-08-01T01:28:30.519+0000] GC(386) Metaspace: 10059K(10304K)->10059K(10304K) NonClass: 8832K(8960K)->8832K(8960K) Class: 1226K(1344K)->1226K(1344K)
[2025-08-01T01:28:30.519+0000] GC(386) Pause Young (Allocation Failure) 2759M->2071M(3959M) 335.379ms
[2025-08-01T01:28:30.520+0000] GC(386) User=0.34s Sys=0.00s Real=0.33s
[2025-08-01T01:28:30.741+0000] GC(387) Pause Young (Allocation Failure)
[2025-08-01T01:28:30.741+0000] GC(387) Pause Young (Allocation Failure) 3164M->3164M(3959M) 0.128ms
[2025-08-01T01:28:30.741+0000] GC(387) User=0.00s Sys=0.00s Real=0.00s
[2025-08-01T01:28:30.741+0000] GC(388) Pause Full (Allocation Failure)
[2025-08-01T01:28:30.741+0000] GC(388) Phase 1: Mark live objects
[2025-08-01T01:28:30.911+0000] GC(388) Phase 1: Mark live objects 170.527ms
[2025-08-01T01:28:30.911+0000] GC(388) Phase 2: Compute new object addresses
[2025-08-01T01:28:31.383+0000] GC(388) Phase 2: Compute new object addresses 471.181ms
[2025-08-01T01:28:31.383+0000] GC(388) Phase 3: Adjust pointers
[2025-08-01T01:28:31.502+0000] GC(388) Phase 3: Adjust pointers 119.688ms
[2025-08-01T01:28:31.503+0000] GC(388) Phase 4: Move objects
[2025-08-01T01:28:31.865+0000] GC(388) Phase 4: Move objects 362.461ms
[2025-08-01T01:28:31.867+0000] GC(388) DefNew: 1258304K(1258304K)->0K(1258304K) Eden: 1118528K(1118528K)->0K(1118528K) From: 139776K(139776K)->0K(139776K)
[2025-08-01T01:28:31.867+0000] GC(388) Tenured: 1981861K(2796224K)->989279K(2796224K)
[2025-08-01T01:28:31.867+0000] GC(388) Metaspace: 10059K(10304K)->10059K(10304K) NonClass: 8832K(8960K)->8832K(8960K) Class: 1226K(1344K)->1226K(1344K)
[2025-08-01T01:28:31.867+0000] GC(388) Pause Full (Allocation Failure) 3164M->966M(3959M) 1125.831ms
[2025-08-01T01:28:31.867+0000] GC(388) User=1.13s Sys=0.00s Real=1.13s
[2025-08-01T01:28:32.115+0000] GC(389) Pause Young (Allocation Failure)
[2025-08-01T01:28:32.499+0000] GC(389) DefNew: 1118528K(1258304K)->139775K(1258304K) Eden: 1118528K(1118528K)->0K(1118528K) From: 0K(139776K)->139775K(139776K)
[2025-08-01T01:28:32.499+0000] GC(389) Tenured: 989279K(2796224K)->1403885K(2796224K)
[2025-08-01T01:28:32.499+0000] GC(389) Metaspace: 10059K(10304K)->10059K(10304K) NonClass: 8832K(8960K)->8832K(8960K) Class: 1226K(1344K)->1226K(1344K)
[2025-08-01T01:28:32.499+0000] GC(389) Pause Young (Allocation Failure) 2058M->1507M(3959M) 384.425ms
[2025-08-01T01:28:32.499+0000] GC(389) User=0.39s Sys=0.00s Real=0.38s
[2025-08-01T01:28:32.712+0000] GC(390) Pause Young (Allocation Failure)
[2025-08-01T01:28:33.197+0000] GC(390) DefNew: 1258303K(1258304K)->139775K(1258304K) Eden: 1118528K(1118528K)->0K(1118528K) From: 139775K(139776K)->139775K(139776K)
[2025-08-01T01:28:33.197+0000] GC(390) Tenured: 1403885K(2796224K)->1917396K(2796224K)
[2025-08-01T01:28:33.197+0000] GC(390) Metaspace: 10059K(10304K)->10059K(10304K) NonClass: 8832K(8960K)->8832K(8960K) Class: 1226K(1344K)->1226K(1344K)
[2025-08-01T01:28:33.197+0000] GC(390) Pause Young (Allocation Failure) 2599M->2008M(3959M) 484.803ms
[2025-08-01T01:28:33.197+0000] GC(390) User=0.48s Sys=0.00s Real=0.49s
[2025-08-01T01:28:33.451+0000] GC(391) Pause Young (Allocation Failure)
[2025-08-01T01:28:33.451+0000] GC(391) Pause Young (Allocation Failure) 3101M->3101M(3959M) 0.109ms
[2025-08-01T01:28:33.451+0000] GC(391) User=0.00s Sys=0.00s Real=0.00s
[2025-08-01T01:28:33.451+0000] GC(392) Pause Full (Allocation Failure)
[2025-08-01T01:28:33.451+0000] GC(392) Phase 1: Mark live objects
[2025-08-01T01:28:33.636+0000] GC(392) Phase 1: Mark live objects 185.342ms
[2025-08-01T01:28:33.636+0000] GC(392) Phase 2: Compute new object addresses
[2025-08-01T01:28:34.206+0000] GC(392) Phase 2: Compute new object addresses 569.967ms
[2025-08-01T01:28:34.206+0000] GC(392) Phase 3: Adjust pointers
[2025-08-01T01:28:34.363+0000] GC(392) Phase 3: Adjust pointers 157.103ms
[2025-08-01T01:28:34.363+0000] GC(392) Phase 4: Move objects
[2025-08-01T01:28:34.779+0000] GC(392) Phase 4: Move objects 414.940ms
[2025-08-01T01:28:34.780+0000] GC(392) DefNew: 1258303K(1258304K)->0K(1258304K) Eden: 1118528K(1118528K)->0K(1118528K) From: 139775K(139776K)->0K(139776K)
[2025-08-01T01:28:34.780+0000] GC(392) Tenured: 1917396K(2796224K)->1086769K(2796224K)
[2025-08-01T01:28:34.780+0000] GC(392) Metaspace: 10059K(10304K)->10059K(10304K) NonClass: 8832K(8960K)->8832K(8960K) Class: 1226K(1344K)->1226K(1344K)
[2025-08-01T01:28:34.780+0000] GC(392) Pause Full (Allocation Failure) 3101M->1061M(3959M) 1328.914ms
[2025-08-01T01:28:34.780+0000] GC(392) User=1.33s Sys=0.00s Real=1.33s
[2025-08-01T01:28:34.997+0000] GC(393) Pause Young (Allocation Failure)
[2025-08-01T01:28:35.571+0000] GC(393) DefNew: 1118528K(1258304K)->139775K(1258304K) Eden: 1118528K(1118528K)->0K(1118528K) From: 0K(139776K)->139775K(139776K)
[2025-08-01T01:28:35.571+0000] GC(393) Tenured: 1086769K(2796224K)->1778102K(2796224K)
[2025-08-01T01:28:35.571+0000] GC(393) Metaspace: 10059K(10304K)->10059K(10304K) NonClass: 8832K(8960K)->8832K(8960K) Class: 1226K(1344K)->1226K(1344K)
[2025-08-01T01:28:35.571+0000] GC(393) Pause Young (Allocation Failure) 2153M->1872M(3959M) 573.898ms
[2025-08-01T01:28:35.571+0000] GC(393) User=0.57s Sys=0.00s Real=0.57s
[2025-08-01T01:28:35.806+0000] GC(394) Pause Young (Allocation Failure)
[2025-08-01T01:28:36.317+0000] GC(394) DefNew: 1258303K(1258304K)->139776K(1258304K) Eden: 1118528K(1118528K)->0K(1118528K) From: 139775K(139776K)->139776K(139776K)
[2025-08-01T01:28:36.317+0000] GC(394) Tenured: 1778102K(2796224K)->2413147K(2796224K)
[2025-08-01T01:28:36.317+0000] GC(394) Metaspace: 10059K(10304K)->10059K(10304K) NonClass: 8832K(8960K)->8832K(8960K) Class: 1226K(1344K)->1226K(1344K)
[2025-08-01T01:28:36.317+0000] GC(394) Pause Young (Allocation Failure) 2965M->2493M(3959M) 510.857ms
[2025-08-01T01:28:36.317+0000] GC(394) User=0.51s Sys=0.00s Real=0.51s
[2025-08-01T01:28:36.594+0000] GC(395) Pause Young (Allocation Failure)
[2025-08-01T01:28:36.594+0000] GC(395) Pause Young (Allocation Failure) 3585M->3585M(3959M) 0.088ms
[2025-08-01T01:28:36.594+0000] GC(395) User=0.00s Sys=0.00s Real=0.00s
[2025-08-01T01:28:36.594+0000] GC(396) Pause Full (Allocation Failure)
[2025-08-01T01:28:36.594+0000] GC(396) Phase 1: Mark live objects
[2025-08-01T01:28:36.715+0000] GC(396) Phase 1: Mark live objects 121.070ms
[2025-08-01T01:28:36.715+0000] GC(396) Phase 2: Compute new object addresses
[2025-08-01T01:28:37.364+0000] GC(396) Phase 2: Compute new object addresses 648.331ms
[2025-08-01T01:28:37.364+0000] GC(396) Phase 3: Adjust pointers
[2025-08-01T01:28:37.493+0000] GC(396) Phase 3: Adjust pointers 129.313ms
[2025-08-01T01:28:37.493+0000] GC(396) Phase 4: Move objects
[2025-08-01T01:28:37.711+0000] GC(396) Phase 4: Move objects 218.165ms
[2025-08-01T01:28:37.714+0000] GC(396) DefNew: 1258304K(1258304K)->0K(1258304K) Eden: 1118528K(1118528K)->0K(1118528K) From: 139776K(139776K)->0K(139776K)
[2025-08-01T01:28:37.714+0000] GC(396) Tenured: 2413147K(2796224K)->593642K(2796224K)
[2025-08-01T01:28:37.714+0000] GC(396) Metaspace: 10059K(10304K)->10059K(10304K) NonClass: 8832K(8960K)->8832K(8960K) Class: 1226K(1344K)->1226K(1344K)
[2025-08-01T01:28:37.714+0000] GC(396) Pause Full (Allocation Failure) 3585M->579M(3959M) 1119.592ms
[2025-08-01T01:28:37.714+0000] GC(396) User=1.12s Sys=0.00s Real=1.12s
[2025-08-01T01:28:37.984+0000] GC(397) Pause Young (Allocation Failure)
[2025-08-01T01:28:38.425+0000] GC(397) DefNew: 1118528K(1258304K)->139775K(1258304K) Eden: 1118528K(1118528K)->0K(1118528K) From: 0K(139776K)->139775K(139776K)
[2025-08-01T01:28:38.425+0000] GC(397) Tenured: 593642K(2796224K)->1105471K(2796224K)
[2025-08-01T01:28:38.425+0000] GC(397) Metaspace: 10059K(10304K)->10059K(10304K) NonClass: 8832K(8960K)->8832K(8960K) Class: 1226K(1344K)->1226K(1344K)
[2025-08-01T01:28:38.425+0000] GC(397) Pause Young (Allocation Failure) 1672M->1216M(3959M) 440.558ms
[2025-08-01T01:28:38.425+0000] GC(397) User=0.44s Sys=0.00s Real=0.44s
[2025-08-01T01:28:38.693+0000] GC(398) Pause Young (Allocation Failure)
[2025-08-01T01:28:39.380+0000] GC(398) DefNew: 1258303K(1258304K)->139775K(1258304K) Eden: 1118528K(1118528K)->0K(1118528K) From: 139775K(139776K)->139775K(139776K)
[2025-08-01T01:28:39.380+0000] GC(398) Tenured: 1105471K(2796224K)->1831528K(2796224K)
[2025-08-01T01:28:39.380+0000] GC(398) Metaspace: 10059K(10304K)->10059K(10304K) NonClass: 8832K(8960K)->8832K(8960K) Class: 1226K(1344K)->1226K(1344K)
[2025-08-01T01:28:39.380+0000] GC(398) Pause Young (Allocation Failure) 2308M->1925M(3959M) 686.548ms
[2025-08-01T01:28:39.380+0000] GC(398) User=0.69s Sys=0.00s Real=0.68s
[2025-08-01T01:28:39.665+0000] GC(399) Pause Young (Allocation Failure)
[2025-08-01T01:28:39.665+0000] GC(399) Pause Young (Allocation Failure) 3017M->3017M(3959M) 0.172ms
[2025-08-01T01:28:39.665+0000] GC(399) User=0.00s Sys=0.00s Real=0.00s
[2025-08-01T01:28:39.665+0000] GC(400) Pause Full (Allocation Failure)
[2025-08-01T01:28:39.665+0000] GC(400) Phase 1: Mark live objects
[2025-08-01T01:28:39.807+0000] GC(400) Phase 1: Mark live objects 141.833ms
[2025-08-01T01:28:39.807+0000] GC(400) Phase 2: Compute new object addresses
[2025-08-01T01:28:40.357+0000] GC(400) Phase 2: Compute new object addresses 549.916ms
[2025-08-01T01:28:40.357+0000] GC(400) Phase 3: Adjust pointers
[2025-08-01T01:28:40.481+0000] GC(400) Phase 3: Adjust pointers 123.420ms
[2025-08-01T01:28:40.481+0000] GC(400) Phase 4: Move objects
[2025-08-01T01:28:40.755+0000] GC(400) Phase 4: Move objects 274.192ms
[2025-08-01T01:28:40.756+0000] GC(400) DefNew: 1258303K(1258304K)->0K(1258304K) Eden: 1118528K(1118528K)->0K(1118528K) From: 139775K(139776K)->0K(139776K)
[2025-08-01T01:28:40.756+0000] GC(400) Tenured: 1831528K(2796224K)->803774K(2796224K)
[2025-08-01T01:28:40.756+0000] GC(400) Metaspace: 10059K(10304K)->10059K(10304K) NonClass: 8832K(8960K)->8832K(8960K) Class: 1226K(1344K)->1226K(1344K)
[2025-08-01T01:28:40.756+0000] GC(400) Pause Full (Allocation Failure) 3017M->784M(3959M) 1090.634ms
[2025-08-01T01:28:40.756+0000] GC(400) User=1.09s Sys=0.01s Real=1.09s
[2025-08-01T01:28:41.008+0000] GC(401) Pause Young (Allocation Failure)
[2025-08-01T01:28:41.514+0000] GC(401) DefNew: 1118528K(1258304K)->139775K(1258304K) Eden: 1118528K(1118528K)->0K(1118528K) From: 0K(139776K)->139775K(139776K)
[2025-08-01T01:28:41.514+0000] GC(401) Tenured: 803774K(2796224K)->1414499K(2796224K)
[2025-08-01T01:28:41.514+0000] GC(401) Metaspace: 10059K(10304K)->10059K(10304K) NonClass: 8832K(8960K)->8832K(8960K) Class: 1226K(1344K)->1226K(1344K)
[2025-08-01T01:28:41.514+0000] GC(401) Pause Young (Allocation Failure) 1877M->1517M(3959M) 506.321ms
[2025-08-01T01:28:41.514+0000] GC(401) User=0.51s Sys=0.00s Real=0.51s
[2025-08-01T01:28:41.770+0000] GC(402) Pause Young (Allocation Failure)
[2025-08-01T01:28:42.208+0000] GC(402) DefNew: 1258303K(1258304K)->139775K(1258304K) Eden: 1118528K(1118528K)->0K(1118528K) From: 139775K(139776K)->139775K(139776K)
[2025-08-01T01:28:42.209+0000] GC(402) Tenured: 1414499K(2796224K)->1843048K(2796224K)
[2025-08-01T01:28:42.209+0000] GC(402) Metaspace: 10059K(10304K)->10059K(10304K) NonClass: 8832K(8960K)->8832K(8960K) Class: 1226K(1344K)->1226K(1344K)
[2025-08-01T01:28:42.209+0000] GC(402) Pause Young (Allocation Failure) 2610M->1936M(3959M) 438.510ms
[2025-08-01T01:28:42.209+0000] GC(402) User=0.44s Sys=0.01s Real=0.44s
[2025-08-01T01:28:42.493+0000] GC(403) Pause Young (Allocation Failure)
[2025-08-01T01:28:43.005+0000] GC(403) DefNew: 1258303K(1258304K)->139775K(1258304K) Eden: 1118528K(1118528K)->0K(1118528K) From: 139775K(139776K)->139775K(139776K)
[2025-08-01T01:28:43.005+0000] GC(403) Tenured: 1843048K(2796224K)->2363392K(2796224K)
[2025-08-01T01:28:43.005+0000] GC(403) Metaspace: 10059K(10304K)->10059K(10304K) NonClass: 8832K(8960K)->8832K(8960K) Class: 1226K(1344K)->1226K(1344K)
[2025-08-01T01:28:43.005+0000] GC(403) Pause Young (Allocation Failure) 3028M->2444M(3959M) 512.269ms
[2025-08-01T01:28:43.005+0000] GC(403) User=0.51s Sys=0.00s Real=0.51s
[2025-08-01T01:28:43.278+0000] GC(404) Pause Young (Allocation Failure)
[2025-08-01T01:28:43.278+0000] GC(404) Pause Young (Allocation Failure) 3536M->3536M(3959M) 0.097ms
[2025-08-01T01:28:43.278+0000] GC(404) User=0.00s Sys=0.00s Real=0.00s
[2025-08-01T01:28:43.278+0000] GC(405) Pause Full (Allocation Failure)
[2025-08-01T01:28:43.278+0000] GC(405) Phase 1: Mark live objects
[2025-08-01T01:28:43.458+0000] GC(405) Phase 1: Mark live objects 180.183ms
[2025-08-01T01:28:43.458+0000] GC(405) Phase 2: Compute new object addresses
[2025-08-01T01:28:44.010+0000] GC(405) Phase 2: Compute new object addresses 551.389ms
[2025-08-01T01:28:44.010+0000] GC(405) Phase 3: Adjust pointers
[2025-08-01T01:28:44.197+0000] GC(405) Phase 3: Adjust pointers 187.842ms
[2025-08-01T01:28:44.198+0000] GC(405) Phase 4: Move objects
[2025-08-01T01:28:44.656+0000] GC(405) Phase 4: Move objects 458.864ms
[2025-08-01T01:28:44.658+0000] GC(405) DefNew: 1258303K(1258304K)->0K(1258304K) Eden: 1118528K(1118528K)->0K(1118528K) From: 139775K(139776K)->0K(139776K)
[2025-08-01T01:28:44.658+0000] GC(405) Tenured: 2363392K(2796224K)->1083745K(2796224K)
[2025-08-01T01:28:44.658+0000] GC(405) Metaspace: 10059K(10304K)->10059K(10304K) NonClass: 8832K(8960K)->8832K(8960K) Class: 1226K(1344K)->1226K(1344K)
[2025-08-01T01:28:44.658+0000] GC(405) Pause Full (Allocation Failure) 3536M->1058M(3959M) 1380.458ms
[2025-08-01T01:28:44.658+0000] GC(405) User=1.38s Sys=0.00s Real=1.38s
[2025-08-01T01:28:44.910+0000] GC(406) Pause Young (Allocation Failure)
[2025-08-01T01:28:45.303+0000] GC(406) DefNew: 1118528K(1258304K)->139775K(1258304K) Eden: 1118528K(1118528K)->0K(1118528K) From: 0K(139776K)->139775K(139776K)
[2025-08-01T01:28:45.303+0000] GC(406) Tenured: 1083745K(2796224K)->1522550K(2796224K)
[2025-08-01T01:28:45.303+0000] GC(406) Metaspace: 10059K(10304K)->10059K(10304K) NonClass: 8832K(8960K)->8832K(8960K) Class: 1226K(1344K)->1226K(1344K)
[2025-08-01T01:28:45.304+0000] GC(406) Pause Young (Allocation Failure) 2150M->1623M(3959M) 393.421ms
[2025-08-01T01:28:45.304+0000] GC(406) User=0.39s Sys=0.00s Real=0.40s
[2025-08-01T01:28:45.555+0000] GC(407) Pause Young (Allocation Failure)
[2025-08-01T01:28:46.015+0000] GC(407) DefNew: 1258303K(1258304K)->139775K(1258304K) Eden: 1118528K(1118528K)->0K(1118528K) From: 139775K(139776K)->139775K(139776K)
[2025-08-01T01:28:46.015+0000] GC(407) Tenured: 1522550K(2796224K)->2159261K(2796224K)
[2025-08-01T01:28:46.015+0000] GC(407) Metaspace: 10059K(10304K)->10059K(10304K) NonClass: 8832K(8960K)->8832K(8960K) Class: 1226K(1344K)->1226K(1344K)
[2025-08-01T01:28:46.015+0000] GC(407) Pause Young (Allocation Failure) 2715M->2245M(3959M) 459.589ms
[2025-08-01T01:28:46.015+0000] GC(407) User=0.46s Sys=0.00s Real=0.46s
[2025-08-01T01:28:46.252+0000] GC(408) Pause Young (Allocation Failure)
[2025-08-01T01:28:46.252+0000] GC(408) Pause Young (Allocation Failure) 3337M->3337M(3959M) 0.125ms
[2025-08-01T01:28:46.252+0000] GC(408) User=0.00s Sys=0.00s Real=0.00s
[2025-08-01T01:28:46.252+0000] GC(409) Pause Full (Allocation Failure)
[2025-08-01T01:28:46.252+0000] GC(409) Phase 1: Mark live objects
[2025-08-01T01:28:46.370+0000] GC(409) Phase 1: Mark live objects 117.882ms
[2025-08-01T01:28:46.370+0000] GC(409) Phase 2: Compute new object addresses
[2025-08-01T01:28:46.904+0000] GC(409) Phase 2: Compute new object addresses 533.571ms
[2025-08-01T01:28:46.904+0000] GC(409) Phase 3: Adjust pointers
[2025-08-01T01:28:46.993+0000] GC(409) Phase 3: Adjust pointers 89.665ms
[2025-08-01T01:28:46.994+0000] GC(409) Phase 4: Move objects
[2025-08-01T01:28:47.235+0000] GC(409) Phase 4: Move objects 241.604ms
[2025-08-01T01:28:47.236+0000] GC(409) DefNew: 1258303K(1258304K)->0K(1258304K) Eden: 1118528K(1118528K)->0K(1118528K) From: 139775K(139776K)->0K(139776K)
[2025-08-01T01:28:47.236+0000] GC(409) Tenured: 2159261K(2796224K)->732126K(2796224K)
[2025-08-01T01:28:47.236+0000] GC(409) Metaspace: 10059K(10304K)->10059K(10304K) NonClass: 8832K(8960K)->8832K(8960K) Class: 1226K(1344K)->1226K(1344K)
[2025-08-01T01:28:47.237+0000] GC(409) Pause Full (Allocation Failure) 3337M->714M(3959M) 984.570ms
[2025-08-01T01:28:47.237+0000] GC(409) User=0.98s Sys=0.00s Real=0.99s
[2025-08-01T01:28:47.238+0000] Heap
[2025-08-01T01:28:47.239+0000]  def new generation   total 1258304K, used 27744K [0x0000000700000000, 0x0000000755550000, 0x0000000755550000)
[2025-08-01T01:28:47.239+0000]   eden space 1118528K,   2% used [0x0000000700000000, 0x0000000701b18218, 0x0000000744450000)
[2025-08-01T01:28:47.239+0000]   from space 139776K,   0% used [0x0000000744450000, 0x0000000744450000, 0x000000074ccd0000)
[2025-08-01T01:28:47.239+0000]   to   space 139776K,   0% used [0x000000074ccd0000, 0x000000074ccd0000, 0x0000000755550000)
[2025-08-01T01:28:47.239+0000]  tenured generation   total 2796224K, used 732126K [0x0000000755550000, 0x0000000800000000, 0x0000000800000000)
[2025-08-01T01:28:47.239+0000]    the space 2796224K,  26% used [0x0000000755550000, 0x0000000782047b40, 0x0000000782047c00, 0x0000000800000000)
[2025-08-01T01:28:47.239+0000]  Metaspace       used 10059K, committed 10304K, reserved 1114112K
[2025-08-01T01:28:47.239+0000]   class space    used 1226K, committed 1344K, reserved 1048576K
