[2025-08-01T14:44:03.204+0000] Minimum heap 4294967296  Initial heap 4294967296  Maximum heap 4294967296
[2025-08-01T14:44:03.204+0000] Initializing The Z Garbage Collector
[2025-08-01T14:44:03.204+0000] Version: 21.0.8+9-Ubuntu-0ubuntu124.04.1 (release)
[2025-08-01T14:44:03.204+0000] Using legacy single-generation mode
[2025-08-01T14:44:03.204+0000] NUMA Support: Disabled
[2025-08-01T14:44:03.204+0000] CPUs: 8 total, 8 available
[2025-08-01T14:44:03.204+0000] Memory: 7940M
[2025-08-01T14:44:03.204+0000] Large Page Support: Disabled
[2025-08-01T14:44:03.204+0000] GC Workers: 2 (dynamic)
[2025-08-01T14:44:03.207+0000] Address Space Type: Contiguous/Unrestricted/Complete
[2025-08-01T14:44:03.207+0000] Address Space Size: 65536M x 3 = 196608M
[2025-08-01T14:44:03.207+0000] Heap Backing File: /memfd:java_heap
[2025-08-01T14:44:03.207+0000] Heap Backing Filesystem: tmpfs (0x1021994)
[2025-08-01T14:44:03.209+0000] Min Capacity: 4096M
[2025-08-01T14:44:03.209+0000] Initial Capacity: 4096M
[2025-08-01T14:44:03.209+0000] Max Capacity: 4096M
[2025-08-01T14:44:03.209+0000] Medium Page Size: 32M
[2025-08-01T14:44:03.209+0000] Pre-touch: Disabled
[2025-08-01T14:44:03.209+0000] Available space on backing filesystem: N/A
[2025-08-01T14:44:03.209+0000] Uncommit: Implicitly Disabled (-Xms equals -Xmx)
[2025-08-01T14:44:05.622+0000] Runtime Workers: 5
[2025-08-01T14:44:05.625+0000] Using The Z Garbage Collector
[2025-08-01T14:44:05.671+0000] CDS archive(s) mapped at: [0x0000743a6b000000-0x0000743a6bca1000-0x0000743a6bca1000), size 13242368, SharedBaseAddress: 0x0000743a6b000000, ArchiveRelocationMode: 1.
[2025-08-01T14:44:05.671+0000] Compressed class space mapped at: 0x0000743a6c000000-0x0000743aac000000, reserved size: 1073741824
[2025-08-01T14:44:05.671+0000] Narrow klass base: 0x0000743a6b000000, Narrow klass shift: 0, Narrow klass range: 0x100000000
[2025-08-01T14:44:07.294+0000] GC(0) Heap before GC invocations=0 (full 0):
[2025-08-01T14:44:07.294+0000] GC(0)  ZHeap           used 450M, capacity 4096M, max capacity 4096M
[2025-08-01T14:44:07.294+0000] GC(0)  Metaspace       used 10640K, committed 10880K, reserved 1114112K
[2025-08-01T14:44:07.294+0000] GC(0)   class space    used 1265K, committed 1344K, reserved 1048576K
[2025-08-01T14:44:07.303+0000] GC(0) Garbage Collection (Warmup)
[2025-08-01T14:44:07.303+0000] GC(0) Using 2 workers
[2025-08-01T14:44:07.304+0000] GC(0) Pause Mark Start 0.010ms
[2025-08-01T14:44:07.471+0000] GC(0) Concurrent Mark 166.529ms
[2025-08-01T14:44:07.471+0000] GC(0) Pause Mark End 0.013ms
[2025-08-01T14:44:07.471+0000] GC(0) Concurrent Mark Free 0.001ms
[2025-08-01T14:44:07.473+0000] GC(0) Concurrent Process Non-Strong References 2.292ms
[2025-08-01T14:44:07.473+0000] GC(0) Concurrent Reset Relocation Set 0.001ms
[2025-08-01T14:44:07.490+0000] GC(0) Concurrent Select Relocation Set 16.702ms
[2025-08-01T14:44:07.490+0000] GC(0) Pause Relocate Start 0.009ms
[2025-08-01T14:44:07.498+0000] GC(0) Concurrent Relocate 7.978ms
[2025-08-01T14:44:07.498+0000] GC(0) Heap after GC invocations=1 (full 1):
[2025-08-01T14:44:07.498+0000] GC(0)  ZHeap           used 818M, capacity 4096M, max capacity 4096M
[2025-08-01T14:44:07.498+0000] GC(0)  Metaspace       used 10640K, committed 10880K, reserved 1114112K
[2025-08-01T14:44:07.498+0000] GC(0)   class space    used 1265K, committed 1344K, reserved 1048576K
[2025-08-01T14:44:07.498+0000] GC(0) Load: 0.39/0.17/0.11
[2025-08-01T14:44:07.498+0000] GC(0) MMU: 2ms/99.3%, 5ms/99.7%, 10ms/99.9%, 20ms/99.9%, 50ms/100.0%, 100ms/100.0%
[2025-08-01T14:44:07.498+0000] GC(0) Mark: 2 stripe(s), 2 proactive flush(es), 1 terminate flush(es), 0 completion(s), 0 continuation(s) 
[2025-08-01T14:44:07.498+0000] GC(0) Mark Stack Usage: 32M
[2025-08-01T14:44:07.498+0000] GC(0) NMethods: 1405 registered, 173 unregistered
[2025-08-01T14:44:07.498+0000] GC(0) Metaspace: 10M used, 10M committed, 1088M reserved
[2025-08-01T14:44:07.498+0000] GC(0) Soft: 228 encountered, 0 discovered, 0 enqueued
[2025-08-01T14:44:07.498+0000] GC(0) Weak: 1293 encountered, 950 discovered, 359 enqueued
[2025-08-01T14:44:07.498+0000] GC(0) Final: 0 encountered, 0 discovered, 0 enqueued
[2025-08-01T14:44:07.498+0000] GC(0) Phantom: 244 encountered, 242 discovered, 241 enqueued
[2025-08-01T14:44:07.498+0000] GC(0) Small Pages: 219 / 438M, Empty: 0M, Relocated: 4M, In-Place: 0
[2025-08-01T14:44:07.498+0000] GC(0) Medium Pages: 1 / 32M, Empty: 0M, Relocated: 0M, In-Place: 0
[2025-08-01T14:44:07.498+0000] GC(0) Large Pages: 0 / 0M, Empty: 0M, Relocated: 0M, In-Place: 0
[2025-08-01T14:44:07.498+0000] GC(0) Forwarding Usage: 1M
[2025-08-01T14:44:07.498+0000] GC(0) Min Capacity: 4096M(100%)
[2025-08-01T14:44:07.498+0000] GC(0) Max Capacity: 4096M(100%)
[2025-08-01T14:44:07.498+0000] GC(0) Soft Max Capacity: 4096M(100%)
[2025-08-01T14:44:07.498+0000] GC(0)                Mark Start          Mark End        Relocate Start      Relocate End           High               Low         
[2025-08-01T14:44:07.498+0000] GC(0)  Capacity:     4096M (100%)       4096M (100%)       4096M (100%)       4096M (100%)       4096M (100%)       4096M (100%)   
[2025-08-01T14:44:07.498+0000] GC(0)      Free:     3626M (89%)        3252M (79%)        3244M (79%)        3278M (80%)        3626M (89%)        3240M (79%)    
[2025-08-01T14:44:07.498+0000] GC(0)      Used:      470M (11%)         844M (21%)         852M (21%)         818M (20%)         856M (21%)         470M (11%)    
[2025-08-01T14:44:07.498+0000] GC(0)      Live:         -               398M (10%)         398M (10%)         398M (10%)            -                  -          
[2025-08-01T14:44:07.498+0000] GC(0) Allocated:         -               374M (9%)          382M (9%)          382M (9%)             -                  -          
[2025-08-01T14:44:07.498+0000] GC(0)   Garbage:         -                71M (2%)           71M (2%)           37M (1%)             -                  -          
[2025-08-01T14:44:07.498+0000] GC(0) Reclaimed:         -                  -                 0M (0%)           34M (1%)             -                  -          
[2025-08-01T14:44:07.498+0000] GC(0) Garbage Collection (Warmup) 470M(11%)->818M(20%)
[2025-08-01T14:44:07.595+0000] GC(1) Heap before GC invocations=1 (full 1):
[2025-08-01T14:44:07.595+0000] GC(1)  ZHeap           used 1032M, capacity 4096M, max capacity 4096M
[2025-08-01T14:44:07.595+0000] GC(1)  Metaspace       used 10640K, committed 10880K, reserved 1114112K
[2025-08-01T14:44:07.595+0000] GC(1)   class space    used 1265K, committed 1344K, reserved 1048576K
[2025-08-01T14:44:07.595+0000] GC(1) Garbage Collection (Warmup)
[2025-08-01T14:44:07.595+0000] GC(1) Using 2 workers
[2025-08-01T14:44:07.595+0000] GC(1) Pause Mark Start 0.010ms
[2025-08-01T14:44:07.930+0000] GC(1) Concurrent Mark 335.006ms
[2025-08-01T14:44:07.931+0000] GC(1) Pause Mark End 0.012ms
[2025-08-01T14:44:07.931+0000] GC(1) Concurrent Mark Free 0.001ms
[2025-08-01T14:44:07.933+0000] GC(1) Concurrent Process Non-Strong References 2.457ms
[2025-08-01T14:44:07.933+0000] GC(1) Concurrent Reset Relocation Set 0.002ms
[2025-08-01T14:44:07.936+0000] GC(1) Concurrent Select Relocation Set 2.942ms
[2025-08-01T14:44:07.936+0000] GC(1) Pause Relocate Start 0.011ms
[2025-08-01T14:44:07.941+0000] GC(1) Concurrent Relocate 4.895ms
[2025-08-01T14:44:07.941+0000] GC(1) Heap after GC invocations=2 (full 2):
[2025-08-01T14:44:07.941+0000] GC(1)  ZHeap           used 1550M, capacity 4096M, max capacity 4096M
[2025-08-01T14:44:07.941+0000] GC(1)  Metaspace       used 10640K, committed 10880K, reserved 1114112K
[2025-08-01T14:44:07.941+0000] GC(1)   class space    used 1265K, committed 1344K, reserved 1048576K
[2025-08-01T14:44:07.941+0000] GC(1) Load: 0.39/0.17/0.11
[2025-08-01T14:44:07.941+0000] GC(1) MMU: 2ms/99.3%, 5ms/99.7%, 10ms/99.8%, 20ms/99.9%, 50ms/100.0%, 100ms/100.0%
[2025-08-01T14:44:07.941+0000] GC(1) Mark: 2 stripe(s), 3 proactive flush(es), 1 terminate flush(es), 0 completion(s), 0 continuation(s) 
[2025-08-01T14:44:07.941+0000] GC(1) Mark Stack Usage: 32M
[2025-08-01T14:44:07.941+0000] GC(1) NMethods: 1404 registered, 174 unregistered
[2025-08-01T14:44:07.941+0000] GC(1) Metaspace: 10M used, 10M committed, 1088M reserved
[2025-08-01T14:44:07.942+0000] GC(1) Soft: 228 encountered, 0 discovered, 0 enqueued
[2025-08-01T14:44:07.942+0000] GC(1) Weak: 934 encountered, 113 discovered, 0 enqueued
[2025-08-01T14:44:07.942+0000] GC(1) Final: 0 encountered, 0 discovered, 0 enqueued
[2025-08-01T14:44:07.942+0000] GC(1) Phantom: 3 encountered, 2 discovered, 0 enqueued
[2025-08-01T14:44:07.942+0000] GC(1) Small Pages: 484 / 968M, Empty: 0M, Relocated: 1M, In-Place: 0
[2025-08-01T14:44:07.942+0000] GC(1) Medium Pages: 2 / 64M, Empty: 0M, Relocated: 2M, In-Place: 0
[2025-08-01T14:44:07.942+0000] GC(1) Large Pages: 0 / 0M, Empty: 0M, Relocated: 0M, In-Place: 0
[2025-08-01T14:44:07.942+0000] GC(1) Forwarding Usage: 0M
[2025-08-01T14:44:07.942+0000] GC(1) Min Capacity: 4096M(100%)
[2025-08-01T14:44:07.942+0000] GC(1) Max Capacity: 4096M(100%)
[2025-08-01T14:44:07.942+0000] GC(1) Soft Max Capacity: 4096M(100%)
[2025-08-01T14:44:07.942+0000] GC(1)                Mark Start          Mark End        Relocate Start      Relocate End           High               Low         
[2025-08-01T14:44:07.942+0000] GC(1)  Capacity:     4096M (100%)       4096M (100%)       4096M (100%)       4096M (100%)       4096M (100%)       4096M (100%)   
[2025-08-01T14:44:07.942+0000] GC(1)      Free:     3064M (75%)        2506M (61%)        2506M (61%)        2546M (62%)        3064M (75%)        2474M (60%)    
[2025-08-01T14:44:07.942+0000] GC(1)      Used:     1032M (25%)        1590M (39%)        1590M (39%)        1550M (38%)        1622M (40%)        1032M (25%)    
[2025-08-01T14:44:07.942+0000] GC(1)      Live:         -               951M (23%)         951M (23%)         951M (23%)            -                  -          
[2025-08-01T14:44:07.942+0000] GC(1) Allocated:         -               558M (14%)         558M (14%)         560M (14%)            -                  -          
[2025-08-01T14:44:07.942+0000] GC(1)   Garbage:         -                80M (2%)           80M (2%)           38M (1%)             -                  -          
[2025-08-01T14:44:07.942+0000] GC(1) Reclaimed:         -                  -                 0M (0%)           42M (1%)             -                  -          
[2025-08-01T14:44:07.942+0000] GC(1) Garbage Collection (Warmup) 1032M(25%)->1550M(38%)
[2025-08-01T14:44:07.993+0000] GC(2) Heap before GC invocations=2 (full 2):
[2025-08-01T14:44:07.993+0000] GC(2)  ZHeap           used 1642M, capacity 4096M, max capacity 4096M
[2025-08-01T14:44:07.993+0000] GC(2)  Metaspace       used 10640K, committed 10880K, reserved 1114112K
[2025-08-01T14:44:07.993+0000] GC(2)   class space    used 1265K, committed 1344K, reserved 1048576K
[2025-08-01T14:44:07.993+0000] GC(2) Garbage Collection (Warmup)
[2025-08-01T14:44:07.993+0000] GC(2) Using 2 workers
[2025-08-01T14:44:07.993+0000] GC(2) Pause Mark Start 0.011ms
[2025-08-01T14:44:08.177+0000] GC(2) Concurrent Mark 183.889ms
[2025-08-01T14:44:08.178+0000] GC(2) Pause Mark End 0.017ms
[2025-08-01T14:44:08.178+0000] GC(2) Concurrent Mark Free 0.002ms
[2025-08-01T14:44:08.181+0000] GC(2) Concurrent Process Non-Strong References 3.231ms
[2025-08-01T14:44:08.181+0000] GC(2) Concurrent Reset Relocation Set 0.002ms
[2025-08-01T14:44:08.184+0000] GC(2) Concurrent Select Relocation Set 2.927ms
[2025-08-01T14:44:08.185+0000] GC(2) Pause Relocate Start 0.012ms
[2025-08-01T14:44:08.189+0000] GC(2) Concurrent Relocate 3.772ms
[2025-08-01T14:44:08.189+0000] GC(2) Heap after GC invocations=3 (full 3):
[2025-08-01T14:44:08.189+0000] GC(2)  ZHeap           used 1210M, capacity 4096M, max capacity 4096M
[2025-08-01T14:44:08.189+0000] GC(2)  Metaspace       used 10640K, committed 10880K, reserved 1114112K
[2025-08-01T14:44:08.189+0000] GC(2)   class space    used 1265K, committed 1344K, reserved 1048576K
[2025-08-01T14:44:08.189+0000] GC(2) Load: 0.39/0.17/0.11
[2025-08-01T14:44:08.189+0000] GC(2) MMU: 2ms/99.2%, 5ms/99.7%, 10ms/99.7%, 20ms/99.9%, 50ms/99.9%, 100ms/100.0%
[2025-08-01T14:44:08.189+0000] GC(2) Mark: 2 stripe(s), 2 proactive flush(es), 1 terminate flush(es), 0 completion(s), 0 continuation(s) 
[2025-08-01T14:44:08.189+0000] GC(2) Mark Stack Usage: 32M
[2025-08-01T14:44:08.189+0000] GC(2) NMethods: 1408 registered, 174 unregistered
[2025-08-01T14:44:08.189+0000] GC(2) Metaspace: 10M used, 10M committed, 1088M reserved
[2025-08-01T14:44:08.189+0000] GC(2) Soft: 228 encountered, 0 discovered, 0 enqueued
[2025-08-01T14:44:08.189+0000] GC(2) Weak: 934 encountered, 670 discovered, 0 enqueued
[2025-08-01T14:44:08.189+0000] GC(2) Final: 0 encountered, 0 discovered, 0 enqueued
[2025-08-01T14:44:08.189+0000] GC(2) Phantom: 3 encountered, 1 discovered, 0 enqueued
[2025-08-01T14:44:08.189+0000] GC(2) Small Pages: 790 / 1580M, Empty: 796M, Relocated: 1M, In-Place: 0
[2025-08-01T14:44:08.189+0000] GC(2) Medium Pages: 2 / 64M, Empty: 0M, Relocated: 4M, In-Place: 0
[2025-08-01T14:44:08.189+0000] GC(2) Large Pages: 0 / 0M, Empty: 0M, Relocated: 0M, In-Place: 0
[2025-08-01T14:44:08.189+0000] GC(2) Forwarding Usage: 0M
[2025-08-01T14:44:08.189+0000] GC(2) Min Capacity: 4096M(100%)
[2025-08-01T14:44:08.189+0000] GC(2) Max Capacity: 4096M(100%)
[2025-08-01T14:44:08.189+0000] GC(2) Soft Max Capacity: 4096M(100%)
[2025-08-01T14:44:08.189+0000] GC(2)                Mark Start          Mark End        Relocate Start      Relocate End           High               Low         
[2025-08-01T14:44:08.189+0000] GC(2)  Capacity:     4096M (100%)       4096M (100%)       4096M (100%)       4096M (100%)       4096M (100%)       4096M (100%)   
[2025-08-01T14:44:08.189+0000] GC(2)      Free:     2452M (60%)        2090M (51%)        2866M (70%)        2886M (70%)        2886M (70%)        2082M (51%)    
[2025-08-01T14:44:08.189+0000] GC(2)      Used:     1644M (40%)        2006M (49%)        1230M (30%)        1210M (30%)        2014M (49%)        1210M (30%)    
[2025-08-01T14:44:08.189+0000] GC(2)      Live:         -               773M (19%)         773M (19%)         773M (19%)            -                  -          
[2025-08-01T14:44:08.189+0000] GC(2) Allocated:         -               362M (9%)          382M (9%)          401M (10%)            -                  -          
[2025-08-01T14:44:08.189+0000] GC(2)   Garbage:         -               870M (21%)          74M (2%)           34M (1%)             -                  -          
[2025-08-01T14:44:08.189+0000] GC(2) Reclaimed:         -                  -               796M (19%)         835M (20%)            -                  -          
[2025-08-01T14:44:08.189+0000] GC(2) Garbage Collection (Warmup) 1644M(40%)->1210M(30%)
[2025-08-01T14:44:08.293+0000] GC(3) Heap before GC invocations=3 (full 3):
[2025-08-01T14:44:08.293+0000] GC(3)  ZHeap           used 1482M, capacity 4096M, max capacity 4096M
[2025-08-01T14:44:08.293+0000] GC(3)  Metaspace       used 10640K, committed 10880K, reserved 1114112K
[2025-08-01T14:44:08.293+0000] GC(3)   class space    used 1265K, committed 1344K, reserved 1048576K
[2025-08-01T14:44:08.293+0000] GC(3) Garbage Collection (Allocation Rate)
[2025-08-01T14:44:08.293+0000] GC(3) Using 2 workers
[2025-08-01T14:44:08.294+0000] GC(3) Pause Mark Start 0.010ms
[2025-08-01T14:44:08.402+0000] GC(3) Concurrent Mark 108.503ms
[2025-08-01T14:44:08.402+0000] GC(3) Pause Mark End 0.016ms
[2025-08-01T14:44:08.402+0000] GC(3) Concurrent Mark Free 0.001ms
[2025-08-01T14:44:08.408+0000] GC(3) Concurrent Process Non-Strong References 5.193ms
[2025-08-01T14:44:08.408+0000] GC(3) Concurrent Reset Relocation Set 0.002ms
[2025-08-01T14:44:08.412+0000] GC(3) Concurrent Select Relocation Set 3.887ms
[2025-08-01T14:44:08.413+0000] GC(3) Pause Relocate Start 0.009ms
[2025-08-01T14:44:08.429+0000] GC(3) Concurrent Relocate 16.307ms
[2025-08-01T14:44:08.429+0000] GC(3) Heap after GC invocations=4 (full 4):
[2025-08-01T14:44:08.429+0000] GC(3)  ZHeap           used 980M, capacity 4096M, max capacity 4096M
[2025-08-01T14:44:08.429+0000] GC(3)  Metaspace       used 10640K, committed 10880K, reserved 1114112K
[2025-08-01T14:44:08.429+0000] GC(3)   class space    used 1265K, committed 1344K, reserved 1048576K
[2025-08-01T14:44:08.429+0000] GC(3) Load: 0.39/0.17/0.11
[2025-08-01T14:44:08.429+0000] GC(3) MMU: 2ms/99.2%, 5ms/99.7%, 10ms/99.7%, 20ms/99.9%, 50ms/99.9%, 100ms/100.0%
[2025-08-01T14:44:08.429+0000] GC(3) Mark: 2 stripe(s), 3 proactive flush(es), 1 terminate flush(es), 0 completion(s), 0 continuation(s) 
[2025-08-01T14:44:08.429+0000] GC(3) Mark Stack Usage: 32M
[2025-08-01T14:44:08.429+0000] GC(3) NMethods: 1409 registered, 176 unregistered
[2025-08-01T14:44:08.429+0000] GC(3) Metaspace: 10M used, 10M committed, 1088M reserved
[2025-08-01T14:44:08.429+0000] GC(3) Soft: 228 encountered, 0 discovered, 0 enqueued
[2025-08-01T14:44:08.429+0000] GC(3) Weak: 934 encountered, 155 discovered, 0 enqueued
[2025-08-01T14:44:08.429+0000] GC(3) Final: 0 encountered, 0 discovered, 0 enqueued
[2025-08-01T14:44:08.429+0000] GC(3) Phantom: 3 encountered, 2 discovered, 0 enqueued
[2025-08-01T14:44:08.429+0000] GC(3) Small Pages: 709 / 1418M, Empty: 1032M, Relocated: 8M, In-Place: 0
[2025-08-01T14:44:08.429+0000] GC(3) Medium Pages: 2 / 64M, Empty: 0M, Relocated: 5M, In-Place: 0
[2025-08-01T14:44:08.429+0000] GC(3) Large Pages: 0 / 0M, Empty: 0M, Relocated: 0M, In-Place: 0
[2025-08-01T14:44:08.429+0000] GC(3) Forwarding Usage: 1M
[2025-08-01T14:44:08.429+0000] GC(3) Min Capacity: 4096M(100%)
[2025-08-01T14:44:08.430+0000] GC(3) Max Capacity: 4096M(100%)
[2025-08-01T14:44:08.430+0000] GC(3) Soft Max Capacity: 4096M(100%)
[2025-08-01T14:44:08.430+0000] GC(3)                Mark Start          Mark End        Relocate Start      Relocate End           High               Low         
[2025-08-01T14:44:08.430+0000] GC(3)  Capacity:     4096M (100%)       4096M (100%)       4096M (100%)       4096M (100%)       4096M (100%)       4096M (100%)   
[2025-08-01T14:44:08.430+0000] GC(3)      Free:     2614M (64%)        2140M (52%)        3134M (77%)        3116M (76%)        3136M (77%)        2110M (52%)    
[2025-08-01T14:44:08.430+0000] GC(3)      Used:     1482M (36%)        1956M (48%)         962M (23%)         980M (24%)        1986M (48%)         960M (23%)    
[2025-08-01T14:44:08.430+0000] GC(3)      Live:         -               371M (9%)          371M (9%)          371M (9%)             -                  -          
[2025-08-01T14:44:08.430+0000] GC(3) Allocated:         -               474M (12%)         512M (12%)         575M (14%)            -                  -          
[2025-08-01T14:44:08.430+0000] GC(3)   Garbage:         -              1110M (27%)          78M (2%)           32M (1%)             -                  -          
[2025-08-01T14:44:08.430+0000] GC(3) Reclaimed:         -                  -              1032M (25%)        1077M (26%)            -                  -          
[2025-08-01T14:44:08.430+0000] GC(3) Garbage Collection (Allocation Rate) 1482M(36%)->980M(24%)
[2025-08-01T14:44:08.993+0000] GC(4) Heap before GC invocations=4 (full 4):
[2025-08-01T14:44:08.993+0000] GC(4)  ZHeap           used 2324M, capacity 4096M, max capacity 4096M
[2025-08-01T14:44:08.993+0000] GC(4)  Metaspace       used 10640K, committed 10880K, reserved 1114112K
[2025-08-01T14:44:08.993+0000] GC(4)   class space    used 1265K, committed 1344K, reserved 1048576K
[2025-08-01T14:44:08.993+0000] GC(4) Garbage Collection (Allocation Rate)
[2025-08-01T14:44:08.993+0000] GC(4) Using 2 workers
[2025-08-01T14:44:08.994+0000] GC(4) Pause Mark Start 0.022ms
[2025-08-01T14:44:09.139+0000] GC(4) Concurrent Mark 145.126ms
[2025-08-01T14:44:09.139+0000] GC(4) Pause Mark End 0.017ms
[2025-08-01T14:44:09.139+0000] GC(4) Concurrent Mark Free 0.002ms
[2025-08-01T14:44:09.142+0000] GC(4) Concurrent Process Non-Strong References 2.902ms
[2025-08-01T14:44:09.142+0000] GC(4) Concurrent Reset Relocation Set 0.002ms
[2025-08-01T14:44:09.145+0000] GC(4) Concurrent Select Relocation Set 3.046ms
[2025-08-01T14:44:09.145+0000] GC(4) Pause Relocate Start 0.012ms
[2025-08-01T14:44:09.150+0000] GC(4) Concurrent Relocate 4.844ms
[2025-08-01T14:44:09.151+0000] GC(4) Heap after GC invocations=5 (full 5):
[2025-08-01T14:44:09.151+0000] GC(4)  ZHeap           used 758M, capacity 4096M, max capacity 4096M
[2025-08-01T14:44:09.151+0000] GC(4)  Metaspace       used 10640K, committed 10880K, reserved 1114112K
[2025-08-01T14:44:09.151+0000] GC(4)   class space    used 1265K, committed 1344K, reserved 1048576K
[2025-08-01T14:44:09.151+0000] GC(4) Load: 0.39/0.17/0.11
[2025-08-01T14:44:09.151+0000] GC(4) MMU: 2ms/98.9%, 5ms/99.6%, 10ms/99.7%, 20ms/99.9%, 50ms/99.9%, 100ms/100.0%
[2025-08-01T14:44:09.151+0000] GC(4) Mark: 2 stripe(s), 2 proactive flush(es), 1 terminate flush(es), 0 completion(s), 0 continuation(s) 
[2025-08-01T14:44:09.151+0000] GC(4) Mark Stack Usage: 32M
[2025-08-01T14:44:09.151+0000] GC(4) NMethods: 1409 registered, 176 unregistered
[2025-08-01T14:44:09.151+0000] GC(4) Metaspace: 10M used, 10M committed, 1088M reserved
[2025-08-01T14:44:09.151+0000] GC(4) Soft: 228 encountered, 0 discovered, 0 enqueued
[2025-08-01T14:44:09.151+0000] GC(4) Weak: 934 encountered, 22 discovered, 0 enqueued
[2025-08-01T14:44:09.151+0000] GC(4) Final: 0 encountered, 0 discovered, 0 enqueued
[2025-08-01T14:44:09.151+0000] GC(4) Phantom: 3 encountered, 2 discovered, 0 enqueued
[2025-08-01T14:44:09.151+0000] GC(4) Small Pages: 1130 / 2260M, Empty: 1818M, Relocated: 2M, In-Place: 0
[2025-08-01T14:44:09.151+0000] GC(4) Medium Pages: 2 / 64M, Empty: 0M, Relocated: 5M, In-Place: 0
[2025-08-01T14:44:09.151+0000] GC(4) Large Pages: 0 / 0M, Empty: 0M, Relocated: 0M, In-Place: 0
[2025-08-01T14:44:09.151+0000] GC(4) Forwarding Usage: 0M
[2025-08-01T14:44:09.151+0000] GC(4) Min Capacity: 4096M(100%)
[2025-08-01T14:44:09.151+0000] GC(4) Max Capacity: 4096M(100%)
[2025-08-01T14:44:09.151+0000] GC(4) Soft Max Capacity: 4096M(100%)
[2025-08-01T14:44:09.151+0000] GC(4)                Mark Start          Mark End        Relocate Start      Relocate End           High               Low         
[2025-08-01T14:44:09.151+0000] GC(4)  Capacity:     4096M (100%)       4096M (100%)       4096M (100%)       4096M (100%)       4096M (100%)       4096M (100%)   
[2025-08-01T14:44:09.151+0000] GC(4)      Free:     1772M (43%)        1522M (37%)        3330M (81%)        3338M (81%)        3346M (82%)        1518M (37%)    
[2025-08-01T14:44:09.151+0000] GC(4)      Used:     2324M (57%)        2574M (63%)         766M (19%)         758M (19%)        2578M (63%)         750M (18%)    
[2025-08-01T14:44:09.151+0000] GC(4)      Live:         -               419M (10%)         419M (10%)         419M (10%)            -                  -          
[2025-08-01T14:44:09.151+0000] GC(4) Allocated:         -               250M (6%)          260M (6%)          304M (7%)             -                  -          
[2025-08-01T14:44:09.151+0000] GC(4)   Garbage:         -              1904M (46%)          86M (2%)           33M (1%)             -                  -          
[2025-08-01T14:44:09.151+0000] GC(4) Reclaimed:         -                  -              1818M (44%)        1870M (46%)            -                  -          
[2025-08-01T14:44:09.151+0000] GC(4) Garbage Collection (Allocation Rate) 2324M(57%)->758M(19%)
[2025-08-01T14:44:09.594+0000] GC(5) Heap before GC invocations=5 (full 5):
[2025-08-01T14:44:09.594+0000] GC(5)  ZHeap           used 2606M, capacity 4096M, max capacity 4096M
[2025-08-01T14:44:09.594+0000] GC(5)  Metaspace       used 10643K, committed 10880K, reserved 1114112K
[2025-08-01T14:44:09.594+0000] GC(5)   class space    used 1265K, committed 1344K, reserved 1048576K
[2025-08-01T14:44:09.594+0000] GC(5) Garbage Collection (Allocation Rate)
[2025-08-01T14:44:09.594+0000] GC(5) Using 2 workers
[2025-08-01T14:44:09.594+0000] GC(5) Pause Mark Start 0.009ms
[2025-08-01T14:44:09.755+0000] GC(5) Concurrent Mark 160.248ms
[2025-08-01T14:44:09.755+0000] GC(5) Pause Mark End 0.022ms
[2025-08-01T14:44:09.755+0000] GC(5) Concurrent Mark Free 0.003ms
[2025-08-01T14:44:09.758+0000] GC(5) Concurrent Process Non-Strong References 2.955ms
[2025-08-01T14:44:09.758+0000] GC(5) Concurrent Reset Relocation Set 0.003ms
[2025-08-01T14:44:09.762+0000] GC(5) Concurrent Select Relocation Set 3.779ms
[2025-08-01T14:44:09.762+0000] GC(5) Pause Relocate Start 0.012ms
[2025-08-01T14:44:09.767+0000] GC(5) Concurrent Relocate 4.737ms
[2025-08-01T14:44:09.767+0000] GC(5) Heap after GC invocations=6 (full 6):
[2025-08-01T14:44:09.767+0000] GC(5)  ZHeap           used 1072M, capacity 4096M, max capacity 4096M
[2025-08-01T14:44:09.767+0000] GC(5)  Metaspace       used 10643K, committed 10880K, reserved 1114112K
[2025-08-01T14:44:09.767+0000] GC(5)   class space    used 1265K, committed 1344K, reserved 1048576K
[2025-08-01T14:44:09.767+0000] GC(5) Load: 0.39/0.17/0.11
[2025-08-01T14:44:09.767+0000] GC(5) MMU: 2ms/98.9%, 5ms/99.6%, 10ms/99.7%, 20ms/99.8%, 50ms/99.9%, 100ms/100.0%
[2025-08-01T14:44:09.767+0000] GC(5) Mark: 2 stripe(s), 2 proactive flush(es), 1 terminate flush(es), 0 completion(s), 0 continuation(s) 
[2025-08-01T14:44:09.767+0000] GC(5) Mark Stack Usage: 32M
[2025-08-01T14:44:09.767+0000] GC(5) NMethods: 1413 registered, 176 unregistered
[2025-08-01T14:44:09.767+0000] GC(5) Metaspace: 10M used, 10M committed, 1088M reserved
[2025-08-01T14:44:09.767+0000] GC(5) Soft: 228 encountered, 0 discovered, 0 enqueued
[2025-08-01T14:44:09.767+0000] GC(5) Weak: 934 encountered, 3 discovered, 0 enqueued
[2025-08-01T14:44:09.767+0000] GC(5) Final: 0 encountered, 0 discovered, 0 enqueued
[2025-08-01T14:44:09.767+0000] GC(5) Phantom: 3 encountered, 2 discovered, 0 enqueued
[2025-08-01T14:44:09.768+0000] GC(5) Small Pages: 1271 / 2542M, Empty: 1828M, Relocated: 3M, In-Place: 0
[2025-08-01T14:44:09.768+0000] GC(5) Medium Pages: 2 / 64M, Empty: 0M, Relocated: 5M, In-Place: 0
[2025-08-01T14:44:09.768+0000] GC(5) Large Pages: 0 / 0M, Empty: 0M, Relocated: 0M, In-Place: 0
[2025-08-01T14:44:09.768+0000] GC(5) Forwarding Usage: 0M
[2025-08-01T14:44:09.768+0000] GC(5) Min Capacity: 4096M(100%)
[2025-08-01T14:44:09.768+0000] GC(5) Max Capacity: 4096M(100%)
[2025-08-01T14:44:09.768+0000] GC(5) Soft Max Capacity: 4096M(100%)
[2025-08-01T14:44:09.768+0000] GC(5)                Mark Start          Mark End        Relocate Start      Relocate End           High               Low         
[2025-08-01T14:44:09.768+0000] GC(5)  Capacity:     4096M (100%)       4096M (100%)       4096M (100%)       4096M (100%)       4096M (100%)       4096M (100%)   
[2025-08-01T14:44:09.768+0000] GC(5)      Free:     1490M (36%)        1212M (30%)        3024M (74%)        3024M (74%)        3032M (74%)        1204M (29%)    
[2025-08-01T14:44:09.768+0000] GC(5)      Used:     2606M (64%)        2884M (70%)        1072M (26%)        1072M (26%)        2892M (71%)        1064M (26%)    
[2025-08-01T14:44:09.768+0000] GC(5)      Live:         -               698M (17%)         698M (17%)         698M (17%)            -                  -          
[2025-08-01T14:44:09.768+0000] GC(5) Allocated:         -               278M (7%)          294M (7%)          333M (8%)             -                  -          
[2025-08-01T14:44:09.768+0000] GC(5)   Garbage:         -              1907M (47%)          79M (2%)           40M (1%)             -                  -          
[2025-08-01T14:44:09.768+0000] GC(5) Reclaimed:         -                  -              1828M (45%)        1867M (46%)            -                  -          
[2025-08-01T14:44:09.768+0000] GC(5) Garbage Collection (Allocation Rate) 2606M(64%)->1072M(26%)
[2025-08-01T14:44:10.193+0000] GC(6) Heap before GC invocations=6 (full 6):
[2025-08-01T14:44:10.193+0000] GC(6)  ZHeap           used 2676M, capacity 4096M, max capacity 4096M
[2025-08-01T14:44:10.193+0000] GC(6)  Metaspace       used 10643K, committed 10880K, reserved 1114112K
[2025-08-01T14:44:10.193+0000] GC(6)   class space    used 1265K, committed 1344K, reserved 1048576K
[2025-08-01T14:44:10.193+0000] GC(6) Garbage Collection (Allocation Rate)
[2025-08-01T14:44:10.194+0000] GC(6) Using 2 workers
[2025-08-01T14:44:10.194+0000] GC(6) Pause Mark Start 0.010ms
[2025-08-01T14:44:10.405+0000] GC(6) Concurrent Mark 210.880ms
[2025-08-01T14:44:10.407+0000] GC(6) Pause Mark End 0.017ms
[2025-08-01T14:44:10.407+0000] GC(6) Concurrent Mark Free 0.001ms
[2025-08-01T14:44:10.412+0000] GC(6) Concurrent Process Non-Strong References 4.598ms
[2025-08-01T14:44:10.412+0000] GC(6) Concurrent Reset Relocation Set 0.002ms
[2025-08-01T14:44:10.415+0000] GC(6) Concurrent Select Relocation Set 2.925ms
[2025-08-01T14:44:10.415+0000] GC(6) Pause Relocate Start 0.014ms
[2025-08-01T14:44:10.420+0000] GC(6) Concurrent Relocate 4.244ms
[2025-08-01T14:44:10.420+0000] GC(6) Heap after GC invocations=7 (full 7):
[2025-08-01T14:44:10.420+0000] GC(6)  ZHeap           used 1322M, capacity 4096M, max capacity 4096M
[2025-08-01T14:44:10.420+0000] GC(6)  Metaspace       used 10643K, committed 10880K, reserved 1114112K
[2025-08-01T14:44:10.420+0000] GC(6)   class space    used 1265K, committed 1344K, reserved 1048576K
[2025-08-01T14:44:10.420+0000] GC(6) Load: 0.39/0.17/0.11
[2025-08-01T14:44:10.420+0000] GC(6) MMU: 2ms/98.9%, 5ms/99.6%, 10ms/99.7%, 20ms/99.8%, 50ms/99.9%, 100ms/100.0%
[2025-08-01T14:44:10.420+0000] GC(6) Mark: 2 stripe(s), 2 proactive flush(es), 1 terminate flush(es), 0 completion(s), 0 continuation(s) 
[2025-08-01T14:44:10.420+0000] GC(6) Mark Stack Usage: 32M
[2025-08-01T14:44:10.420+0000] GC(6) NMethods: 1414 registered, 176 unregistered
[2025-08-01T14:44:10.420+0000] GC(6) Metaspace: 10M used, 10M committed, 1088M reserved
[2025-08-01T14:44:10.420+0000] GC(6) Soft: 228 encountered, 0 discovered, 0 enqueued
[2025-08-01T14:44:10.420+0000] GC(6) Weak: 934 encountered, 3 discovered, 0 enqueued
[2025-08-01T14:44:10.420+0000] GC(6) Final: 0 encountered, 0 discovered, 0 enqueued
[2025-08-01T14:44:10.420+0000] GC(6) Phantom: 3 encountered, 2 discovered, 0 enqueued
[2025-08-01T14:44:10.420+0000] GC(6) Small Pages: 1306 / 2612M, Empty: 1824M, Relocated: 3M, In-Place: 0
[2025-08-01T14:44:10.420+0000] GC(6) Medium Pages: 2 / 64M, Empty: 0M, Relocated: 5M, In-Place: 0
[2025-08-01T14:44:10.420+0000] GC(6) Large Pages: 0 / 0M, Empty: 0M, Relocated: 0M, In-Place: 0
[2025-08-01T14:44:10.420+0000] GC(6) Forwarding Usage: 0M
[2025-08-01T14:44:10.420+0000] GC(6) Min Capacity: 4096M(100%)
[2025-08-01T14:44:10.420+0000] GC(6) Max Capacity: 4096M(100%)
[2025-08-01T14:44:10.420+0000] GC(6) Soft Max Capacity: 4096M(100%)
[2025-08-01T14:44:10.420+0000] GC(6)                Mark Start          Mark End        Relocate Start      Relocate End           High               Low         
[2025-08-01T14:44:10.420+0000] GC(6)  Capacity:     4096M (100%)       4096M (100%)       4096M (100%)       4096M (100%)       4096M (100%)       4096M (100%)   
[2025-08-01T14:44:10.420+0000] GC(6)      Free:     1420M (35%)         966M (24%)        2774M (68%)        2776M (68%)        2780M (68%)         958M (23%)    
[2025-08-01T14:44:10.420+0000] GC(6)      Used:     2676M (65%)        3130M (76%)        1322M (32%)        1320M (32%)        3138M (77%)        1316M (32%)    
[2025-08-01T14:44:10.420+0000] GC(6)      Live:         -               766M (19%)         766M (19%)         766M (19%)            -                  -          
[2025-08-01T14:44:10.420+0000] GC(6) Allocated:         -               454M (11%)         470M (11%)         513M (13%)            -                  -          
[2025-08-01T14:44:10.420+0000] GC(6)   Garbage:         -              1909M (47%)          85M (2%)           40M (1%)             -                  -          
[2025-08-01T14:44:10.420+0000] GC(6) Reclaimed:         -                  -              1824M (45%)        1869M (46%)            -                  -          
[2025-08-01T14:44:10.420+0000] GC(6) Garbage Collection (Allocation Rate) 2676M(65%)->1320M(32%)
[2025-08-01T14:44:10.794+0000] GC(7) Heap before GC invocations=7 (full 7):
[2025-08-01T14:44:10.794+0000] GC(7)  ZHeap           used 2744M, capacity 4096M, max capacity 4096M
[2025-08-01T14:44:10.794+0000] GC(7)  Metaspace       used 10643K, committed 10880K, reserved 1114112K
[2025-08-01T14:44:10.794+0000] GC(7)   class space    used 1265K, committed 1344K, reserved 1048576K
[2025-08-01T14:44:10.794+0000] GC(7) Garbage Collection (Allocation Rate)
[2025-08-01T14:44:10.794+0000] GC(7) Using 2 workers
[2025-08-01T14:44:10.794+0000] GC(7) Pause Mark Start 0.008ms
[2025-08-01T14:44:11.056+0000] GC(7) Concurrent Mark 261.424ms
[2025-08-01T14:44:11.056+0000] GC(7) Pause Mark End 0.018ms
[2025-08-01T14:44:11.056+0000] GC(7) Concurrent Mark Free 0.002ms
[2025-08-01T14:44:11.059+0000] GC(7) Concurrent Process Non-Strong References 3.328ms
[2025-08-01T14:44:11.060+0000] GC(7) Concurrent Reset Relocation Set 0.002ms
[2025-08-01T14:44:11.063+0000] GC(7) Concurrent Select Relocation Set 3.845ms
[2025-08-01T14:44:11.064+0000] GC(7) Pause Relocate Start 0.012ms
[2025-08-01T14:44:11.068+0000] GC(7) Concurrent Relocate 4.631ms
[2025-08-01T14:44:11.069+0000] GC(7) Heap after GC invocations=8 (full 8):
[2025-08-01T14:44:11.069+0000] GC(7)  ZHeap           used 1636M, capacity 4096M, max capacity 4096M
[2025-08-01T14:44:11.069+0000] GC(7)  Metaspace       used 10643K, committed 10880K, reserved 1114112K
[2025-08-01T14:44:11.069+0000] GC(7)   class space    used 1265K, committed 1344K, reserved 1048576K
[2025-08-01T14:44:11.069+0000] GC(7) Load: 0.39/0.17/0.11
[2025-08-01T14:44:11.069+0000] GC(7) MMU: 2ms/98.9%, 5ms/99.6%, 10ms/99.7%, 20ms/99.8%, 50ms/99.9%, 100ms/100.0%
[2025-08-01T14:44:11.069+0000] GC(7) Mark: 2 stripe(s), 2 proactive flush(es), 1 terminate flush(es), 0 completion(s), 0 continuation(s) 
[2025-08-01T14:44:11.069+0000] GC(7) Mark Stack Usage: 32M
[2025-08-01T14:44:11.069+0000] GC(7) NMethods: 1414 registered, 176 unregistered
[2025-08-01T14:44:11.069+0000] GC(7) Metaspace: 10M used, 10M committed, 1088M reserved
[2025-08-01T14:44:11.069+0000] GC(7) Soft: 228 encountered, 0 discovered, 0 enqueued
[2025-08-01T14:44:11.069+0000] GC(7) Weak: 934 encountered, 489 discovered, 0 enqueued
[2025-08-01T14:44:11.069+0000] GC(7) Final: 0 encountered, 0 discovered, 0 enqueued
[2025-08-01T14:44:11.069+0000] GC(7) Phantom: 3 encountered, 1 discovered, 0 enqueued
[2025-08-01T14:44:11.069+0000] GC(7) Small Pages: 1340 / 2680M, Empty: 1826M, Relocated: 3M, In-Place: 0
[2025-08-01T14:44:11.069+0000] GC(7) Medium Pages: 2 / 64M, Empty: 0M, Relocated: 5M, In-Place: 0
[2025-08-01T14:44:11.069+0000] GC(7) Large Pages: 0 / 0M, Empty: 0M, Relocated: 0M, In-Place: 0
[2025-08-01T14:44:11.069+0000] GC(7) Forwarding Usage: 0M
[2025-08-01T14:44:11.069+0000] GC(7) Min Capacity: 4096M(100%)
[2025-08-01T14:44:11.069+0000] GC(7) Max Capacity: 4096M(100%)
[2025-08-01T14:44:11.069+0000] GC(7) Soft Max Capacity: 4096M(100%)
[2025-08-01T14:44:11.069+0000] GC(7)                Mark Start          Mark End        Relocate Start      Relocate End           High               Low         
[2025-08-01T14:44:11.069+0000] GC(7)  Capacity:     4096M (100%)       4096M (100%)       4096M (100%)       4096M (100%)       4096M (100%)       4096M (100%)   
[2025-08-01T14:44:11.069+0000] GC(7)      Free:     1352M (33%)         652M (16%)        2460M (60%)        2460M (60%)        2474M (60%)         644M (16%)    
[2025-08-01T14:44:11.069+0000] GC(7)      Used:     2744M (67%)        3444M (84%)        1636M (40%)        1636M (40%)        3452M (84%)        1622M (40%)    
[2025-08-01T14:44:11.069+0000] GC(7)      Live:         -               834M (20%)         834M (20%)         834M (20%)            -                  -          
[2025-08-01T14:44:11.069+0000] GC(7) Allocated:         -               700M (17%)         718M (18%)         765M (19%)            -                  -          
[2025-08-01T14:44:11.069+0000] GC(7)   Garbage:         -              1909M (47%)          83M (2%)           36M (1%)             -                  -          
[2025-08-01T14:44:11.069+0000] GC(7) Reclaimed:         -                  -              1826M (45%)        1873M (46%)            -                  -          
[2025-08-01T14:44:11.069+0000] GC(7) Garbage Collection (Allocation Rate) 2744M(67%)->1636M(40%)
[2025-08-01T14:44:11.294+0000] GC(8) Heap before GC invocations=8 (full 8):
[2025-08-01T14:44:11.294+0000] GC(8)  ZHeap           used 2374M, capacity 4096M, max capacity 4096M
[2025-08-01T14:44:11.294+0000] GC(8)  Metaspace       used 10643K, committed 10880K, reserved 1114112K
[2025-08-01T14:44:11.294+0000] GC(8)   class space    used 1265K, committed 1344K, reserved 1048576K
[2025-08-01T14:44:11.294+0000] GC(8) Garbage Collection (Allocation Rate)
[2025-08-01T14:44:11.294+0000] GC(8) Using 2 workers
[2025-08-01T14:44:11.294+0000] GC(8) Pause Mark Start 0.009ms
[2025-08-01T14:44:11.467+0000] GC(8) Concurrent Mark 173.179ms
[2025-08-01T14:44:11.468+0000] GC(8) Pause Mark End 0.020ms
[2025-08-01T14:44:11.468+0000] GC(8) Concurrent Mark Free 0.002ms
[2025-08-01T14:44:11.474+0000] GC(8) Concurrent Process Non-Strong References 5.607ms
[2025-08-01T14:44:11.474+0000] GC(8) Concurrent Reset Relocation Set 0.004ms
[2025-08-01T14:44:11.478+0000] GC(8) Concurrent Select Relocation Set 3.913ms
[2025-08-01T14:44:11.479+0000] GC(8) Pause Relocate Start 0.013ms
[2025-08-01T14:44:11.484+0000] GC(8) Concurrent Relocate 4.991ms
[2025-08-01T14:44:11.484+0000] GC(8) Heap after GC invocations=9 (full 9):
[2025-08-01T14:44:11.484+0000] GC(8)  ZHeap           used 1264M, capacity 4096M, max capacity 4096M
[2025-08-01T14:44:11.484+0000] GC(8)  Metaspace       used 10643K, committed 10880K, reserved 1114112K
[2025-08-01T14:44:11.484+0000] GC(8)   class space    used 1265K, committed 1344K, reserved 1048576K
[2025-08-01T14:44:11.484+0000] GC(8) Load: 0.51/0.20/0.12
[2025-08-01T14:44:11.484+0000] GC(8) MMU: 2ms/98.9%, 5ms/99.6%, 10ms/99.7%, 20ms/99.8%, 50ms/99.9%, 100ms/100.0%
[2025-08-01T14:44:11.484+0000] GC(8) Mark: 2 stripe(s), 2 proactive flush(es), 1 terminate flush(es), 0 completion(s), 0 continuation(s) 
[2025-08-01T14:44:11.484+0000] GC(8) Mark Stack Usage: 32M
[2025-08-01T14:44:11.484+0000] GC(8) NMethods: 1414 registered, 176 unregistered
[2025-08-01T14:44:11.484+0000] GC(8) Metaspace: 10M used, 10M committed, 1088M reserved
[2025-08-01T14:44:11.484+0000] GC(8) Soft: 228 encountered, 0 discovered, 0 enqueued
[2025-08-01T14:44:11.484+0000] GC(8) Weak: 934 encountered, 707 discovered, 0 enqueued
[2025-08-01T14:44:11.484+0000] GC(8) Final: 0 encountered, 0 discovered, 0 enqueued
[2025-08-01T14:44:11.484+0000] GC(8) Phantom: 3 encountered, 1 discovered, 0 enqueued
[2025-08-01T14:44:11.484+0000] GC(8) Small Pages: 1155 / 2310M, Empty: 1826M, Relocated: 3M, In-Place: 0
[2025-08-01T14:44:11.484+0000] GC(8) Medium Pages: 2 / 64M, Empty: 0M, Relocated: 5M, In-Place: 0
[2025-08-01T14:44:11.484+0000] GC(8) Large Pages: 0 / 0M, Empty: 0M, Relocated: 0M, In-Place: 0
[2025-08-01T14:44:11.484+0000] GC(8) Forwarding Usage: 0M
[2025-08-01T14:44:11.484+0000] GC(8) Min Capacity: 4096M(100%)
[2025-08-01T14:44:11.484+0000] GC(8) Max Capacity: 4096M(100%)
[2025-08-01T14:44:11.484+0000] GC(8) Soft Max Capacity: 4096M(100%)
[2025-08-01T14:44:11.484+0000] GC(8)                Mark Start          Mark End        Relocate Start      Relocate End           High               Low         
[2025-08-01T14:44:11.484+0000] GC(8)  Capacity:     4096M (100%)       4096M (100%)       4096M (100%)       4096M (100%)       4096M (100%)       4096M (100%)   
[2025-08-01T14:44:11.484+0000] GC(8)      Free:     1722M (42%)        1060M (26%)        2828M (69%)        2832M (69%)        2838M (69%)        1016M (25%)    
[2025-08-01T14:44:11.484+0000] GC(8)      Used:     2374M (58%)        3036M (74%)        1268M (31%)        1264M (31%)        3080M (75%)        1258M (31%)    
[2025-08-01T14:44:11.484+0000] GC(8)      Live:         -               468M (11%)         468M (11%)         468M (11%)            -                  -          
[2025-08-01T14:44:11.484+0000] GC(8) Allocated:         -               662M (16%)         720M (18%)         762M (19%)            -                  -          
[2025-08-01T14:44:11.484+0000] GC(8)   Garbage:         -              1905M (47%)          79M (2%)           32M (1%)             -                  -          
[2025-08-01T14:44:11.484+0000] GC(8) Reclaimed:         -                  -              1826M (45%)        1872M (46%)            -                  -          
[2025-08-01T14:44:11.484+0000] GC(8) Garbage Collection (Allocation Rate) 2374M(58%)->1264M(31%)
[2025-08-01T14:44:11.893+0000] GC(9) Heap before GC invocations=9 (full 9):
[2025-08-01T14:44:11.893+0000] GC(9)  ZHeap           used 2694M, capacity 4096M, max capacity 4096M
[2025-08-01T14:44:11.894+0000] GC(9)  Metaspace       used 10643K, committed 10880K, reserved 1114112K
[2025-08-01T14:44:11.894+0000] GC(9)   class space    used 1265K, committed 1344K, reserved 1048576K
[2025-08-01T14:44:11.894+0000] GC(9) Garbage Collection (Allocation Rate)
[2025-08-01T14:44:11.894+0000] GC(9) Using 2 workers
[2025-08-01T14:44:11.895+0000] GC(9) Pause Mark Start 0.012ms
[2025-08-01T14:44:12.078+0000] GC(9) Concurrent Mark 182.623ms
[2025-08-01T14:44:12.078+0000] GC(9) Pause Mark End 0.018ms
[2025-08-01T14:44:12.078+0000] GC(9) Concurrent Mark Free 0.002ms
[2025-08-01T14:44:12.082+0000] GC(9) Concurrent Process Non-Strong References 3.741ms
[2025-08-01T14:44:12.082+0000] GC(9) Concurrent Reset Relocation Set 0.003ms
[2025-08-01T14:44:12.086+0000] GC(9) Concurrent Select Relocation Set 4.129ms
[2025-08-01T14:44:12.087+0000] GC(9) Pause Relocate Start 0.014ms
[2025-08-01T14:44:12.092+0000] GC(9) Concurrent Relocate 5.252ms
[2025-08-01T14:44:12.092+0000] GC(9) Heap after GC invocations=10 (full 10):
[2025-08-01T14:44:12.092+0000] GC(9)  ZHeap           used 1684M, capacity 4096M, max capacity 4096M
[2025-08-01T14:44:12.092+0000] GC(9)  Metaspace       used 10643K, committed 10880K, reserved 1114112K
[2025-08-01T14:44:12.092+0000] GC(9)   class space    used 1265K, committed 1344K, reserved 1048576K
[2025-08-01T14:44:12.092+0000] GC(9) Load: 0.51/0.20/0.12
[2025-08-01T14:44:12.092+0000] GC(9) MMU: 2ms/98.9%, 5ms/99.6%, 10ms/99.7%, 20ms/99.8%, 50ms/99.9%, 100ms/100.0%
[2025-08-01T14:44:12.092+0000] GC(9) Mark: 2 stripe(s), 2 proactive flush(es), 1 terminate flush(es), 0 completion(s), 0 continuation(s) 
[2025-08-01T14:44:12.092+0000] GC(9) Mark Stack Usage: 32M
[2025-08-01T14:44:12.092+0000] GC(9) NMethods: 1414 registered, 176 unregistered
[2025-08-01T14:44:12.092+0000] GC(9) Metaspace: 10M used, 10M committed, 1088M reserved
[2025-08-01T14:44:12.092+0000] GC(9) Soft: 228 encountered, 0 discovered, 0 enqueued
[2025-08-01T14:44:12.092+0000] GC(9) Weak: 934 encountered, 6 discovered, 0 enqueued
[2025-08-01T14:44:12.092+0000] GC(9) Final: 0 encountered, 0 discovered, 0 enqueued
[2025-08-01T14:44:12.092+0000] GC(9) Phantom: 3 encountered, 2 discovered, 0 enqueued
[2025-08-01T14:44:12.092+0000] GC(9) Small Pages: 1317 / 2634M, Empty: 1826M, Relocated: 6M, In-Place: 0
[2025-08-01T14:44:12.092+0000] GC(9) Medium Pages: 2 / 64M, Empty: 0M, Relocated: 5M, In-Place: 0
[2025-08-01T14:44:12.092+0000] GC(9) Large Pages: 0 / 0M, Empty: 0M, Relocated: 0M, In-Place: 0
[2025-08-01T14:44:12.092+0000] GC(9) Forwarding Usage: 0M
[2025-08-01T14:44:12.092+0000] GC(9) Min Capacity: 4096M(100%)
[2025-08-01T14:44:12.092+0000] GC(9) Max Capacity: 4096M(100%)
[2025-08-01T14:44:12.092+0000] GC(9) Soft Max Capacity: 4096M(100%)
[2025-08-01T14:44:12.092+0000] GC(9)                Mark Start          Mark End        Relocate Start      Relocate End           High               Low         
[2025-08-01T14:44:12.092+0000] GC(9)  Capacity:     4096M (100%)       4096M (100%)       4096M (100%)       4096M (100%)       4096M (100%)       4096M (100%)   
[2025-08-01T14:44:12.092+0000] GC(9)      Free:     1398M (34%)         614M (15%)        2410M (59%)        2412M (59%)        2416M (59%)         608M (15%)    
[2025-08-01T14:44:12.092+0000] GC(9)      Used:     2698M (66%)        3482M (85%)        1686M (41%)        1684M (41%)        3488M (85%)        1680M (41%)    
[2025-08-01T14:44:12.092+0000] GC(9)      Live:         -               789M (19%)         789M (19%)         789M (19%)            -                  -          
[2025-08-01T14:44:12.092+0000] GC(9) Allocated:         -               784M (19%)         814M (20%)         860M (21%)            -                  -          
[2025-08-01T14:44:12.092+0000] GC(9)   Garbage:         -              1908M (47%)          82M (2%)           33M (1%)             -                  -          
[2025-08-01T14:44:12.092+0000] GC(9) Reclaimed:         -                  -              1826M (45%)        1874M (46%)            -                  -          
[2025-08-01T14:44:12.093+0000] GC(9) Garbage Collection (Allocation Rate) 2698M(66%)->1684M(41%)
[2025-08-01T14:44:12.294+0000] GC(10) Heap before GC invocations=10 (full 10):
[2025-08-01T14:44:12.294+0000] GC(10)  ZHeap           used 2632M, capacity 4096M, max capacity 4096M
[2025-08-01T14:44:12.294+0000] GC(10)  Metaspace       used 10643K, committed 10880K, reserved 1114112K
[2025-08-01T14:44:12.294+0000] GC(10)   class space    used 1265K, committed 1344K, reserved 1048576K
[2025-08-01T14:44:12.294+0000] GC(10) Garbage Collection (Allocation Rate)
[2025-08-01T14:44:12.294+0000] GC(10) Using 2 workers
[2025-08-01T14:44:12.295+0000] GC(10) Pause Mark Start 0.012ms
[2025-08-01T14:44:12.516+0000] GC(10) Concurrent Mark 219.158ms
[2025-08-01T14:44:12.517+0000] GC(10) Pause Mark End 0.016ms
[2025-08-01T14:44:12.517+0000] GC(10) Concurrent Mark Free 0.002ms
[2025-08-01T14:44:12.519+0000] GC(10) Concurrent Process Non-Strong References 2.215ms
[2025-08-01T14:44:12.519+0000] GC(10) Concurrent Reset Relocation Set 0.003ms
[2025-08-01T14:44:12.522+0000] GC(10) Concurrent Select Relocation Set 2.924ms
[2025-08-01T14:44:12.522+0000] GC(10) Pause Relocate Start 0.014ms
[2025-08-01T14:44:12.529+0000] GC(10) Concurrent Relocate 6.859ms
[2025-08-01T14:44:12.529+0000] GC(10) Heap after GC invocations=11 (full 11):
[2025-08-01T14:44:12.529+0000] GC(10)  ZHeap           used 1714M, capacity 4096M, max capacity 4096M
[2025-08-01T14:44:12.529+0000] GC(10)  Metaspace       used 10643K, committed 10880K, reserved 1114112K
[2025-08-01T14:44:12.529+0000] GC(10)   class space    used 1265K, committed 1344K, reserved 1048576K
[2025-08-01T14:44:12.529+0000] GC(10) Load: 0.51/0.20/0.12
[2025-08-01T14:44:12.529+0000] GC(10) MMU: 2ms/98.9%, 5ms/99.6%, 10ms/99.7%, 20ms/99.8%, 50ms/99.9%, 100ms/100.0%
[2025-08-01T14:44:12.529+0000] GC(10) Mark: 2 stripe(s), 2 proactive flush(es), 1 terminate flush(es), 0 completion(s), 0 continuation(s) 
[2025-08-01T14:44:12.529+0000] GC(10) Mark Stack Usage: 32M
[2025-08-01T14:44:12.529+0000] GC(10) NMethods: 1414 registered, 176 unregistered
[2025-08-01T14:44:12.529+0000] GC(10) Metaspace: 10M used, 10M committed, 1088M reserved
[2025-08-01T14:44:12.529+0000] GC(10) Soft: 228 encountered, 0 discovered, 0 enqueued
[2025-08-01T14:44:12.529+0000] GC(10) Weak: 934 encountered, 189 discovered, 0 enqueued
[2025-08-01T14:44:12.529+0000] GC(10) Final: 0 encountered, 0 discovered, 0 enqueued
[2025-08-01T14:44:12.529+0000] GC(10) Phantom: 3 encountered, 1 discovered, 0 enqueued
[2025-08-01T14:44:12.529+0000] GC(10) Small Pages: 1285 / 2570M, Empty: 1848M, Relocated: 3M, In-Place: 0
[2025-08-01T14:44:12.529+0000] GC(10) Medium Pages: 2 / 64M, Empty: 0M, Relocated: 5M, In-Place: 0
[2025-08-01T14:44:12.529+0000] GC(10) Large Pages: 0 / 0M, Empty: 0M, Relocated: 0M, In-Place: 0
[2025-08-01T14:44:12.529+0000] GC(10) Forwarding Usage: 0M
[2025-08-01T14:44:12.529+0000] GC(10) Min Capacity: 4096M(100%)
[2025-08-01T14:44:12.529+0000] GC(10) Max Capacity: 4096M(100%)
[2025-08-01T14:44:12.529+0000] GC(10) Soft Max Capacity: 4096M(100%)
[2025-08-01T14:44:12.529+0000] GC(10)                Mark Start          Mark End        Relocate Start      Relocate End           High               Low         
[2025-08-01T14:44:12.529+0000] GC(10)  Capacity:     4096M (100%)       4096M (100%)       4096M (100%)       4096M (100%)       4096M (100%)       4096M (100%)   
[2025-08-01T14:44:12.529+0000] GC(10)      Free:     1462M (36%)         554M (14%)        2394M (58%)        2382M (58%)        2394M (58%)         550M (13%)    
[2025-08-01T14:44:12.529+0000] GC(10)      Used:     2634M (64%)        3542M (86%)        1702M (42%)        1714M (42%)        3546M (87%)        1702M (42%)    
[2025-08-01T14:44:12.530+0000] GC(10)      Live:         -               705M (17%)         705M (17%)         705M (17%)            -                  -          
[2025-08-01T14:44:12.530+0000] GC(10) Allocated:         -               908M (22%)         916M (22%)         974M (24%)            -                  -          
[2025-08-01T14:44:12.530+0000] GC(10)   Garbage:         -              1928M (47%)          80M (2%)           33M (1%)             -                  -          
[2025-08-01T14:44:12.530+0000] GC(10) Reclaimed:         -                  -              1848M (45%)        1894M (46%)            -                  -          
[2025-08-01T14:44:12.530+0000] GC(10) Garbage Collection (Allocation Rate) 2634M(64%)->1714M(42%)
[2025-08-01T14:44:12.593+0000] GC(11) Heap before GC invocations=11 (full 11):
[2025-08-01T14:44:12.593+0000] GC(11)  ZHeap           used 1986M, capacity 4096M, max capacity 4096M
[2025-08-01T14:44:12.593+0000] GC(11)  Metaspace       used 10643K, committed 10880K, reserved 1114112K
[2025-08-01T14:44:12.593+0000] GC(11)   class space    used 1265K, committed 1344K, reserved 1048576K
[2025-08-01T14:44:12.593+0000] GC(11) Garbage Collection (Allocation Rate)
[2025-08-01T14:44:12.593+0000] GC(11) Using 2 workers
[2025-08-01T14:44:12.593+0000] GC(11) Pause Mark Start 0.011ms
[2025-08-01T14:44:12.688+0000] GC(11) Concurrent Mark 94.042ms
[2025-08-01T14:44:12.689+0000] GC(11) Pause Mark End 0.019ms
[2025-08-01T14:44:12.689+0000] GC(11) Concurrent Mark Free 0.002ms
[2025-08-01T14:44:12.693+0000] GC(11) Concurrent Process Non-Strong References 4.446ms
[2025-08-01T14:44:12.694+0000] GC(11) Concurrent Reset Relocation Set 0.003ms
[2025-08-01T14:44:12.697+0000] GC(11) Concurrent Select Relocation Set 3.397ms
[2025-08-01T14:44:12.697+0000] GC(11) Pause Relocate Start 0.013ms
[2025-08-01T14:44:12.701+0000] GC(11) Concurrent Relocate 3.214ms
[2025-08-01T14:44:12.701+0000] GC(11) Heap after GC invocations=12 (full 12):
[2025-08-01T14:44:12.701+0000] GC(11)  ZHeap           used 926M, capacity 4096M, max capacity 4096M
[2025-08-01T14:44:12.701+0000] GC(11)  Metaspace       used 10643K, committed 10880K, reserved 1114112K
[2025-08-01T14:44:12.701+0000] GC(11)   class space    used 1265K, committed 1344K, reserved 1048576K
[2025-08-01T14:44:12.701+0000] GC(11) Load: 0.51/0.20/0.12
[2025-08-01T14:44:12.701+0000] GC(11) MMU: 2ms/98.9%, 5ms/99.6%, 10ms/99.7%, 20ms/99.8%, 50ms/99.9%, 100ms/100.0%
[2025-08-01T14:44:12.701+0000] GC(11) Mark: 2 stripe(s), 2 proactive flush(es), 1 terminate flush(es), 0 completion(s), 0 continuation(s) 
[2025-08-01T14:44:12.701+0000] GC(11) Mark Stack Usage: 32M
[2025-08-01T14:44:12.701+0000] GC(11) NMethods: 1414 registered, 176 unregistered
[2025-08-01T14:44:12.701+0000] GC(11) Metaspace: 10M used, 10M committed, 1088M reserved
[2025-08-01T14:44:12.701+0000] GC(11) Soft: 228 encountered, 0 discovered, 0 enqueued
[2025-08-01T14:44:12.701+0000] GC(11) Weak: 934 encountered, 723 discovered, 0 enqueued
[2025-08-01T14:44:12.701+0000] GC(11) Final: 0 encountered, 0 discovered, 0 enqueued
[2025-08-01T14:44:12.701+0000] GC(11) Phantom: 3 encountered, 1 discovered, 0 enqueued
[2025-08-01T14:44:12.701+0000] GC(11) Small Pages: 961 / 1922M, Empty: 1578M, Relocated: 3M, In-Place: 0
[2025-08-01T14:44:12.701+0000] GC(11) Medium Pages: 2 / 64M, Empty: 0M, Relocated: 5M, In-Place: 0
[2025-08-01T14:44:12.701+0000] GC(11) Large Pages: 0 / 0M, Empty: 0M, Relocated: 0M, In-Place: 0
[2025-08-01T14:44:12.701+0000] GC(11) Forwarding Usage: 0M
[2025-08-01T14:44:12.701+0000] GC(11) Min Capacity: 4096M(100%)
[2025-08-01T14:44:12.701+0000] GC(11) Max Capacity: 4096M(100%)
[2025-08-01T14:44:12.701+0000] GC(11) Soft Max Capacity: 4096M(100%)
[2025-08-01T14:44:12.701+0000] GC(11)                Mark Start          Mark End        Relocate Start      Relocate End           High               Low         
[2025-08-01T14:44:12.701+0000] GC(11)  Capacity:     4096M (100%)       4096M (100%)       4096M (100%)       4096M (100%)       4096M (100%)       4096M (100%)   
[2025-08-01T14:44:12.701+0000] GC(11)      Free:     2110M (52%)        1656M (40%)        3172M (77%)        3170M (77%)        3180M (78%)        1606M (39%)    
[2025-08-01T14:44:12.701+0000] GC(11)      Used:     1986M (48%)        2440M (60%)         924M (23%)         926M (23%)        2490M (61%)         916M (22%)    
[2025-08-01T14:44:12.701+0000] GC(11)      Live:         -               334M (8%)          334M (8%)          334M (8%)             -                  -          
[2025-08-01T14:44:12.701+0000] GC(11) Allocated:         -               454M (11%)         516M (13%)         557M (14%)            -                  -          
[2025-08-01T14:44:12.701+0000] GC(11)   Garbage:         -              1651M (40%)          73M (2%)           33M (1%)             -                  -          
[2025-08-01T14:44:12.701+0000] GC(11) Reclaimed:         -                  -              1578M (39%)        1617M (39%)            -                  -          
[2025-08-01T14:44:12.701+0000] GC(11) Garbage Collection (Allocation Rate) 1986M(48%)->926M(23%)
[2025-08-01T14:44:12.793+0000] GC(12) Heap before GC invocations=12 (full 12):
[2025-08-01T14:44:12.793+0000] GC(12)  ZHeap           used 1350M, capacity 4096M, max capacity 4096M
[2025-08-01T14:44:12.793+0000] GC(12)  Metaspace       used 10643K, committed 10880K, reserved 1114112K
[2025-08-01T14:44:12.793+0000] GC(12)   class space    used 1265K, committed 1344K, reserved 1048576K
[2025-08-01T14:44:12.793+0000] GC(12) Garbage Collection (Allocation Rate)
[2025-08-01T14:44:12.793+0000] GC(12) Using 2 workers
[2025-08-01T14:44:12.794+0000] GC(12) Pause Mark Start 0.013ms
[2025-08-01T14:44:12.939+0000] GC(12) Concurrent Mark 144.808ms
[2025-08-01T14:44:12.940+0000] GC(12) Pause Mark End 0.020ms
[2025-08-01T14:44:12.940+0000] GC(12) Concurrent Mark Free 0.003ms
[2025-08-01T14:44:12.946+0000] GC(12) Concurrent Process Non-Strong References 5.783ms
[2025-08-01T14:44:12.946+0000] GC(12) Concurrent Reset Relocation Set 0.003ms
[2025-08-01T14:44:12.950+0000] GC(12) Concurrent Select Relocation Set 4.208ms
[2025-08-01T14:44:12.951+0000] GC(12) Pause Relocate Start 0.009ms
[2025-08-01T14:44:12.957+0000] GC(12) Concurrent Relocate 5.912ms
[2025-08-01T14:44:12.957+0000] GC(12) Heap after GC invocations=13 (full 13):
[2025-08-01T14:44:12.957+0000] GC(12)  ZHeap           used 1422M, capacity 4096M, max capacity 4096M
[2025-08-01T14:44:12.957+0000] GC(12)  Metaspace       used 10643K, committed 10880K, reserved 1114112K
[2025-08-01T14:44:12.957+0000] GC(12)   class space    used 1265K, committed 1344K, reserved 1048576K
[2025-08-01T14:44:12.957+0000] GC(12) Load: 0.51/0.20/0.12
[2025-08-01T14:44:12.957+0000] GC(12) MMU: 2ms/98.9%, 5ms/99.6%, 10ms/99.7%, 20ms/99.8%, 50ms/99.9%, 100ms/100.0%
[2025-08-01T14:44:12.957+0000] GC(12) Mark: 2 stripe(s), 2 proactive flush(es), 1 terminate flush(es), 0 completion(s), 0 continuation(s) 
[2025-08-01T14:44:12.957+0000] GC(12) Mark Stack Usage: 32M
[2025-08-01T14:44:12.957+0000] GC(12) NMethods: 1414 registered, 176 unregistered
[2025-08-01T14:44:12.957+0000] GC(12) Metaspace: 10M used, 10M committed, 1088M reserved
[2025-08-01T14:44:12.957+0000] GC(12) Soft: 228 encountered, 0 discovered, 0 enqueued
[2025-08-01T14:44:12.957+0000] GC(12) Weak: 934 encountered, 587 discovered, 0 enqueued
[2025-08-01T14:44:12.957+0000] GC(12) Final: 0 encountered, 0 discovered, 0 enqueued
[2025-08-01T14:44:12.957+0000] GC(12) Phantom: 3 encountered, 2 discovered, 0 enqueued
[2025-08-01T14:44:12.957+0000] GC(12) Small Pages: 648 / 1296M, Empty: 666M, Relocated: 2M, In-Place: 0
[2025-08-01T14:44:12.957+0000] GC(12) Medium Pages: 2 / 64M, Empty: 0M, Relocated: 5M, In-Place: 0
[2025-08-01T14:44:12.957+0000] GC(12) Large Pages: 0 / 0M, Empty: 0M, Relocated: 0M, In-Place: 0
[2025-08-01T14:44:12.957+0000] GC(12) Forwarding Usage: 0M
[2025-08-01T14:44:12.957+0000] GC(12) Min Capacity: 4096M(100%)
[2025-08-01T14:44:12.957+0000] GC(12) Max Capacity: 4096M(100%)
[2025-08-01T14:44:12.957+0000] GC(12) Soft Max Capacity: 4096M(100%)
[2025-08-01T14:44:12.957+0000] GC(12)                Mark Start          Mark End        Relocate Start      Relocate End           High               Low         
[2025-08-01T14:44:12.957+0000] GC(12)  Capacity:     4096M (100%)       4096M (100%)       4096M (100%)       4096M (100%)       4096M (100%)       4096M (100%)   
[2025-08-01T14:44:12.957+0000] GC(12)      Free:     2736M (67%)        2152M (53%)        2722M (66%)        2674M (65%)        2742M (67%)        2084M (51%)    
[2025-08-01T14:44:12.957+0000] GC(12)      Used:     1360M (33%)        1944M (47%)        1374M (34%)        1422M (35%)        2012M (49%)        1354M (33%)    
[2025-08-01T14:44:12.957+0000] GC(12)      Live:         -               621M (15%)         621M (15%)         621M (15%)            -                  -          
[2025-08-01T14:44:12.957+0000] GC(12) Allocated:         -               584M (14%)         680M (17%)         762M (19%)            -                  -          
[2025-08-01T14:44:12.957+0000] GC(12)   Garbage:         -               738M (18%)          72M (2%)           38M (1%)             -                  -          
[2025-08-01T14:44:12.957+0000] GC(12) Reclaimed:         -                  -               666M (16%)         700M (17%)            -                  -          
[2025-08-01T14:44:12.957+0000] GC(12) Garbage Collection (Allocation Rate) 1360M(33%)->1422M(35%)
[2025-08-01T14:44:13.094+0000] GC(13) Heap before GC invocations=13 (full 13):
[2025-08-01T14:44:13.094+0000] GC(13)  ZHeap           used 1994M, capacity 4096M, max capacity 4096M
[2025-08-01T14:44:13.094+0000] GC(13)  Metaspace       used 10643K, committed 10880K, reserved 1114112K
[2025-08-01T14:44:13.094+0000] GC(13)   class space    used 1265K, committed 1344K, reserved 1048576K
[2025-08-01T14:44:13.094+0000] GC(13) Garbage Collection (Allocation Rate)
[2025-08-01T14:44:13.094+0000] GC(13) Using 2 workers
[2025-08-01T14:44:13.094+0000] GC(13) Pause Mark Start 0.011ms
[2025-08-01T14:44:13.230+0000] GC(13) Concurrent Mark 135.122ms
[2025-08-01T14:44:13.230+0000] GC(13) Pause Mark End 0.017ms
[2025-08-01T14:44:13.230+0000] GC(13) Concurrent Mark Free 0.002ms
[2025-08-01T14:44:13.234+0000] GC(13) Concurrent Process Non-Strong References 3.616ms
[2025-08-01T14:44:13.234+0000] GC(13) Concurrent Reset Relocation Set 0.002ms
[2025-08-01T14:44:13.237+0000] GC(13) Concurrent Select Relocation Set 3.246ms
[2025-08-01T14:44:13.237+0000] GC(13) Pause Relocate Start 0.013ms
[2025-08-01T14:44:13.243+0000] GC(13) Concurrent Relocate 5.860ms
[2025-08-01T14:44:13.244+0000] GC(13) Heap after GC invocations=14 (full 14):
[2025-08-01T14:44:13.244+0000] GC(13)  ZHeap           used 1338M, capacity 4096M, max capacity 4096M
[2025-08-01T14:44:13.244+0000] GC(13)  Metaspace       used 10643K, committed 10880K, reserved 1114112K
[2025-08-01T14:44:13.244+0000] GC(13)   class space    used 1265K, committed 1344K, reserved 1048576K
[2025-08-01T14:44:13.244+0000] GC(13) Load: 0.51/0.20/0.12
[2025-08-01T14:44:13.244+0000] GC(13) MMU: 2ms/98.9%, 5ms/99.6%, 10ms/99.7%, 20ms/99.8%, 50ms/99.9%, 100ms/100.0%
[2025-08-01T14:44:13.244+0000] GC(13) Mark: 2 stripe(s), 4 proactive flush(es), 1 terminate flush(es), 0 completion(s), 0 continuation(s) 
[2025-08-01T14:44:13.244+0000] GC(13) Mark Stack Usage: 32M
[2025-08-01T14:44:13.244+0000] GC(13) NMethods: 1414 registered, 176 unregistered
[2025-08-01T14:44:13.244+0000] GC(13) Metaspace: 10M used, 10M committed, 1088M reserved
[2025-08-01T14:44:13.244+0000] GC(13) Soft: 228 encountered, 0 discovered, 0 enqueued
[2025-08-01T14:44:13.244+0000] GC(13) Weak: 934 encountered, 99 discovered, 0 enqueued
[2025-08-01T14:44:13.244+0000] GC(13) Final: 0 encountered, 0 discovered, 0 enqueued
[2025-08-01T14:44:13.244+0000] GC(13) Phantom: 3 encountered, 2 discovered, 0 enqueued
[2025-08-01T14:44:13.244+0000] GC(13) Small Pages: 965 / 1930M, Empty: 1400M, Relocated: 4M, In-Place: 0
[2025-08-01T14:44:13.244+0000] GC(13) Medium Pages: 2 / 64M, Empty: 0M, Relocated: 5M, In-Place: 0
[2025-08-01T14:44:13.244+0000] GC(13) Large Pages: 0 / 0M, Empty: 0M, Relocated: 0M, In-Place: 0
[2025-08-01T14:44:13.244+0000] GC(13) Forwarding Usage: 0M
[2025-08-01T14:44:13.244+0000] GC(13) Min Capacity: 4096M(100%)
[2025-08-01T14:44:13.244+0000] GC(13) Max Capacity: 4096M(100%)
[2025-08-01T14:44:13.244+0000] GC(13) Soft Max Capacity: 4096M(100%)
[2025-08-01T14:44:13.244+0000] GC(13)                Mark Start          Mark End        Relocate Start      Relocate End           High               Low         
[2025-08-01T14:44:13.244+0000] GC(13)  Capacity:     4096M (100%)       4096M (100%)       4096M (100%)       4096M (100%)       4096M (100%)       4096M (100%)   
[2025-08-01T14:44:13.244+0000] GC(13)      Free:     2102M (51%)        1412M (34%)        2770M (68%)        2758M (67%)        2772M (68%)        1388M (34%)    
[2025-08-01T14:44:13.244+0000] GC(13)      Used:     1994M (49%)        2684M (66%)        1326M (32%)        1338M (33%)        2708M (66%)        1324M (32%)    
[2025-08-01T14:44:13.244+0000] GC(13)      Live:         -               518M (13%)         518M (13%)         518M (13%)            -                  -          
[2025-08-01T14:44:13.244+0000] GC(13) Allocated:         -               690M (17%)         732M (18%)         785M (19%)            -                  -          
[2025-08-01T14:44:13.244+0000] GC(13)   Garbage:         -              1475M (36%)          75M (2%)           33M (1%)             -                  -          
[2025-08-01T14:44:13.244+0000] GC(13) Reclaimed:         -                  -              1400M (34%)        1441M (35%)            -                  -          
[2025-08-01T14:44:13.244+0000] GC(13) Garbage Collection (Allocation Rate) 1994M(49%)->1338M(33%)
[2025-08-01T14:44:13.493+0000] GC(14) Heap before GC invocations=14 (full 14):
[2025-08-01T14:44:13.493+0000] GC(14)  ZHeap           used 2468M, capacity 4096M, max capacity 4096M
[2025-08-01T14:44:13.493+0000] GC(14)  Metaspace       used 10643K, committed 10880K, reserved 1114112K
[2025-08-01T14:44:13.493+0000] GC(14)   class space    used 1265K, committed 1344K, reserved 1048576K
[2025-08-01T14:44:13.493+0000] GC(14) Garbage Collection (Allocation Rate)
[2025-08-01T14:44:13.493+0000] GC(14) Using 2 workers
[2025-08-01T14:44:13.493+0000] GC(14) Pause Mark Start 0.008ms
[2025-08-01T14:44:13.639+0000] GC(14) Concurrent Mark 146.044ms
[2025-08-01T14:44:13.640+0000] GC(14) Pause Mark End 0.018ms
[2025-08-01T14:44:13.640+0000] GC(14) Concurrent Mark Free 0.002ms
[2025-08-01T14:44:13.642+0000] GC(14) Concurrent Process Non-Strong References 1.932ms
[2025-08-01T14:44:13.642+0000] GC(14) Concurrent Reset Relocation Set 0.001ms
[2025-08-01T14:44:13.645+0000] GC(14) Concurrent Select Relocation Set 3.594ms
[2025-08-01T14:44:13.646+0000] GC(14) Pause Relocate Start 0.008ms
[2025-08-01T14:44:13.648+0000] GC(14) Concurrent Relocate 2.255ms
[2025-08-01T14:44:13.648+0000] GC(14) Heap after GC invocations=15 (full 15):
[2025-08-01T14:44:13.648+0000] GC(14)  ZHeap           used 1332M, capacity 4096M, max capacity 4096M
[2025-08-01T14:44:13.648+0000] GC(14)  Metaspace       used 10643K, committed 10880K, reserved 1114112K
[2025-08-01T14:44:13.648+0000] GC(14)   class space    used 1265K, committed 1344K, reserved 1048576K
[2025-08-01T14:44:13.648+0000] GC(14) Load: 0.51/0.20/0.12
[2025-08-01T14:44:13.648+0000] GC(14) MMU: 2ms/98.9%, 5ms/99.6%, 10ms/99.7%, 20ms/99.8%, 50ms/99.9%, 100ms/100.0%
[2025-08-01T14:44:13.648+0000] GC(14) Mark: 2 stripe(s), 2 proactive flush(es), 1 terminate flush(es), 0 completion(s), 0 continuation(s) 
[2025-08-01T14:44:13.648+0000] GC(14) Mark Stack Usage: 32M
[2025-08-01T14:44:13.648+0000] GC(14) NMethods: 1414 registered, 176 unregistered
[2025-08-01T14:44:13.648+0000] GC(14) Metaspace: 10M used, 10M committed, 1088M reserved
[2025-08-01T14:44:13.648+0000] GC(14) Soft: 228 encountered, 0 discovered, 0 enqueued
[2025-08-01T14:44:13.648+0000] GC(14) Weak: 934 encountered, 5 discovered, 0 enqueued
[2025-08-01T14:44:13.648+0000] GC(14) Final: 0 encountered, 0 discovered, 0 enqueued
[2025-08-01T14:44:13.648+0000] GC(14) Phantom: 3 encountered, 2 discovered, 0 enqueued
[2025-08-01T14:44:13.648+0000] GC(14) Small Pages: 1202 / 2404M, Empty: 1828M, Relocated: 3M, In-Place: 0
[2025-08-01T14:44:13.648+0000] GC(14) Medium Pages: 2 / 64M, Empty: 32M, Relocated: 0M, In-Place: 0
[2025-08-01T14:44:13.648+0000] GC(14) Large Pages: 0 / 0M, Empty: 0M, Relocated: 0M, In-Place: 0
[2025-08-01T14:44:13.648+0000] GC(14) Forwarding Usage: 0M
[2025-08-01T14:44:13.648+0000] GC(14) Min Capacity: 4096M(100%)
[2025-08-01T14:44:13.648+0000] GC(14) Max Capacity: 4096M(100%)
[2025-08-01T14:44:13.648+0000] GC(14) Soft Max Capacity: 4096M(100%)
[2025-08-01T14:44:13.648+0000] GC(14)                Mark Start          Mark End        Relocate Start      Relocate End           High               Low         
[2025-08-01T14:44:13.648+0000] GC(14)  Capacity:     4096M (100%)       4096M (100%)       4096M (100%)       4096M (100%)       4096M (100%)       4096M (100%)   
[2025-08-01T14:44:13.648+0000] GC(14)      Free:     1628M (40%)         890M (22%)        2750M (67%)        2764M (67%)        2764M (67%)         890M (22%)    
[2025-08-01T14:44:13.648+0000] GC(14)      Used:     2468M (60%)        3206M (78%)        1346M (33%)        1332M (33%)        3206M (78%)        1332M (33%)    
[2025-08-01T14:44:13.649+0000] GC(14)      Live:         -               560M (14%)         560M (14%)         560M (14%)            -                  -          
[2025-08-01T14:44:13.649+0000] GC(14) Allocated:         -               738M (18%)         738M (18%)         738M (18%)            -                  -          
[2025-08-01T14:44:13.649+0000] GC(14)   Garbage:         -              1907M (47%)          47M (1%)           33M (1%)             -                  -          
[2025-08-01T14:44:13.649+0000] GC(14) Reclaimed:         -                  -              1860M (45%)        1874M (46%)            -                  -          
[2025-08-01T14:44:13.649+0000] GC(14) Garbage Collection (Allocation Rate) 2468M(60%)->1332M(33%)
[2025-08-01T14:44:13.693+0000] === Garbage Collection Statistics =======================================================================================================================
[2025-08-01T14:44:13.693+0000]                                                              Last 10s              Last 10m              Last 10h                Total
[2025-08-01T14:44:13.693+0000]                                                              Avg / Max             Avg / Max             Avg / Max             Avg / Max
[2025-08-01T14:44:13.693+0000]   Collector: Garbage Collection Cycle                    194.381 / 346.825     194.381 / 346.825     194.381 / 346.825     194.381 / 346.825     ms
[2025-08-01T14:44:13.693+0000]  Contention: Mark Segment Reset Contention                     0 / 2                 0 / 2                 0 / 2                 0 / 2           ops/s
[2025-08-01T14:44:13.693+0000]  Contention: Mark SeqNum Reset Contention                      0 / 0                 0 / 0                 0 / 0                 0 / 0           ops/s
[2025-08-01T14:44:13.693+0000]    Critical: Allocation Stall                                  0 / 0                 0 / 0                 0 / 0                 0 / 0           ops/s
[2025-08-01T14:44:13.693+0000]    Critical: Allocation Stall                              0.000 / 0.000         0.000 / 0.000         0.000 / 0.000         0.000 / 0.000       ms
[2025-08-01T14:44:13.693+0000]    Critical: GC Locker Stall                                   0 / 0                 0 / 0                 0 / 0                 0 / 0           ops/s
[2025-08-01T14:44:13.693+0000]    Critical: GC Locker Stall                               0.000 / 0.000         0.000 / 0.000         0.000 / 0.000         0.000 / 0.000       ms
[2025-08-01T14:44:13.693+0000]    Critical: Relocation Stall                                  0 / 0                 0 / 0                 0 / 0                 0 / 0           ops/s
[2025-08-01T14:44:13.693+0000]    Critical: Relocation Stall                              0.000 / 0.000         0.000 / 0.000         0.000 / 0.000         0.000 / 0.000       ms
[2025-08-01T14:44:13.693+0000]      Memory: Allocation Rate                                2795 / 4724           2795 / 4724           2795 / 4724           2795 / 4724        MB/s
[2025-08-01T14:44:13.693+0000]      Memory: Defragment                                        0 / 0                 0 / 0                 0 / 0                 0 / 0           ops/s
[2025-08-01T14:44:13.693+0000]      Memory: Out Of Memory                                     0 / 0                 0 / 0                 0 / 0                 0 / 0           ops/s
[2025-08-01T14:44:13.693+0000]      Memory: Page Cache Flush                                  0 / 0                 0 / 0                 0 / 0                 0 / 0           MB/s
[2025-08-01T14:44:13.693+0000]      Memory: Page Cache Hit L1                              1156 / 2332           1156 / 2332           1156 / 2332           1156 / 2332        ops/s
[2025-08-01T14:44:13.693+0000]      Memory: Page Cache Hit L2                                 0 / 0                 0 / 0                 0 / 0                 0 / 0           ops/s
[2025-08-01T14:44:13.693+0000]      Memory: Page Cache Hit L3                               218 / 551             218 / 551             218 / 551             218 / 551         ops/s
[2025-08-01T14:44:13.693+0000]      Memory: Page Cache Miss                                   0 / 1                 0 / 1                 0 / 1                 0 / 1           ops/s
[2025-08-01T14:44:13.693+0000]      Memory: Uncommit                                          0 / 0                 0 / 0                 0 / 0                 0 / 0           MB/s
[2025-08-01T14:44:13.693+0000]      Memory: Undo Object Allocation Failed                     0 / 3                 0 / 3                 0 / 3                 0 / 3           ops/s
[2025-08-01T14:44:13.693+0000]      Memory: Undo Object Allocation Succeeded                  1 / 3                 1 / 3                 1 / 3                 1 / 3           ops/s
[2025-08-01T14:44:13.693+0000]      Memory: Undo Page Allocation                              0 / 1                 0 / 1                 0 / 1                 0 / 1           ops/s
[2025-08-01T14:44:13.693+0000]       Phase: Concurrent Mark                             177.772 / 335.006     177.772 / 335.006     177.772 / 335.006     177.772 / 335.006     ms
[2025-08-01T14:44:13.693+0000]       Phase: Concurrent Mark Continue                      0.000 / 0.000         0.000 / 0.000         0.000 / 0.000         0.000 / 0.000       ms
[2025-08-01T14:44:13.693+0000]       Phase: Concurrent Mark Free                          0.002 / 0.003         0.002 / 0.003         0.002 / 0.003         0.002 / 0.003       ms
[2025-08-01T14:44:13.693+0000]       Phase: Concurrent Process Non-Strong References      3.620 / 5.783         3.620 / 5.783         3.620 / 5.783         3.620 / 5.783       ms
[2025-08-01T14:44:13.694+0000]       Phase: Concurrent Relocate                           5.717 / 16.307        5.717 / 16.307        5.717 / 16.307        5.717 / 16.307      ms
[2025-08-01T14:44:13.694+0000]       Phase: Concurrent Reset Relocation Set               0.002 / 0.004         0.002 / 0.004         0.002 / 0.004         0.002 / 0.004       ms
[2025-08-01T14:44:13.694+0000]       Phase: Concurrent Select Relocation Set              4.364 / 16.702        4.364 / 16.702        4.364 / 16.702        4.364 / 16.702      ms
[2025-08-01T14:44:13.694+0000]       Phase: Pause Mark End                                0.017 / 0.022         0.017 / 0.022         0.017 / 0.022         0.017 / 0.022       ms
[2025-08-01T14:44:13.694+0000]       Phase: Pause Mark Start                              0.011 / 0.022         0.011 / 0.022         0.011 / 0.022         0.011 / 0.022       ms
[2025-08-01T14:44:13.694+0000]       Phase: Pause Relocate Start                          0.012 / 0.014         0.012 / 0.014         0.012 / 0.014         0.012 / 0.014       ms
[2025-08-01T14:44:13.694+0000]    Subphase: Concurrent Classes Purge                      0.040 / 0.147         0.040 / 0.147         0.040 / 0.147         0.040 / 0.147       ms
[2025-08-01T14:44:13.694+0000]    Subphase: Concurrent Classes Unlink                     2.363 / 4.399         2.363 / 4.399         2.363 / 4.399         2.363 / 4.399       ms
[2025-08-01T14:44:13.694+0000]    Subphase: Concurrent Mark                             176.258 / 334.367     176.258 / 334.367     176.258 / 334.367     176.258 / 334.367     ms
[2025-08-01T14:44:13.694+0000]    Subphase: Concurrent Mark Try Flush                     0.429 / 2.030         0.429 / 2.030         0.429 / 2.030         0.429 / 2.030       ms
[2025-08-01T14:44:13.694+0000]    Subphase: Concurrent Mark Try Terminate                 0.769 / 1.864         0.769 / 1.864         0.769 / 1.864         0.769 / 1.864       ms
[2025-08-01T14:44:13.694+0000]    Subphase: Concurrent References Enqueue                 0.001 / 0.006         0.001 / 0.006         0.001 / 0.006         0.001 / 0.006       ms
[2025-08-01T14:44:13.694+0000]    Subphase: Concurrent References Process                 0.197 / 0.347         0.197 / 0.347         0.197 / 0.347         0.197 / 0.347       ms
[2025-08-01T14:44:13.694+0000]    Subphase: Concurrent Roots ClassLoaderDataGraph         0.198 / 0.937         0.198 / 0.937         0.198 / 0.937         0.198 / 0.937       ms
[2025-08-01T14:44:13.694+0000]    Subphase: Concurrent Roots CodeCache                    0.000 / 0.000         0.000 / 0.000         0.000 / 0.000         0.000 / 0.000       ms
[2025-08-01T14:44:13.694+0000]    Subphase: Concurrent Roots JavaThreads                  0.175 / 0.614         0.175 / 0.614         0.175 / 0.614         0.175 / 0.614       ms
[2025-08-01T14:44:13.694+0000]    Subphase: Concurrent Roots OopStorageSet                0.066 / 0.202         0.066 / 0.202         0.066 / 0.202         0.066 / 0.202       ms
[2025-08-01T14:44:13.694+0000]    Subphase: Concurrent Weak Roots OopStorageSet           0.347 / 0.604         0.347 / 0.604         0.347 / 0.604         0.347 / 0.604       ms
[2025-08-01T14:44:13.694+0000]    Subphase: Pause Mark Try Complete                       0.000 / 0.000         0.000 / 0.000         0.000 / 0.000         0.000 / 0.000       ms
[2025-08-01T14:44:13.694+0000]      System: Java Threads                                     14 / 14               14 / 14               14 / 14               14 / 14          threads
[2025-08-01T14:44:13.694+0000] =========================================================================================================================================================
[2025-08-01T14:44:13.993+0000] GC(15) Heap before GC invocations=15 (full 15):
[2025-08-01T14:44:13.993+0000] GC(15)  ZHeap           used 3080M, capacity 4096M, max capacity 4096M
[2025-08-01T14:44:13.993+0000] GC(15)  Metaspace       used 10643K, committed 10880K, reserved 1114112K
[2025-08-01T14:44:13.993+0000] GC(15)   class space    used 1265K, committed 1344K, reserved 1048576K
[2025-08-01T14:44:13.993+0000] GC(15) Garbage Collection (Allocation Rate)
[2025-08-01T14:44:13.993+0000] GC(15) Using 2 workers
[2025-08-01T14:44:13.994+0000] GC(15) Pause Mark Start 0.025ms
[2025-08-01T14:44:14.093+0000] GC(15) Concurrent Mark 98.826ms
[2025-08-01T14:44:14.093+0000] GC(15) Pause Mark End 0.017ms
[2025-08-01T14:44:14.093+0000] GC(15) Concurrent Mark Free 0.002ms
[2025-08-01T14:44:14.097+0000] GC(15) Concurrent Process Non-Strong References 3.743ms
[2025-08-01T14:44:14.097+0000] GC(15) Concurrent Reset Relocation Set 0.002ms
[2025-08-01T14:44:14.101+0000] GC(15) Concurrent Select Relocation Set 3.745ms
[2025-08-01T14:44:14.101+0000] GC(15) Pause Relocate Start 0.013ms
[2025-08-01T14:44:14.106+0000] GC(15) Concurrent Relocate 4.968ms
[2025-08-01T14:44:14.106+0000] GC(15) Heap after GC invocations=16 (full 16):
[2025-08-01T14:44:14.106+0000] GC(15)  ZHeap           used 912M, capacity 4096M, max capacity 4096M
[2025-08-01T14:44:14.106+0000] GC(15)  Metaspace       used 10643K, committed 10880K, reserved 1114112K
[2025-08-01T14:44:14.107+0000] GC(15)   class space    used 1265K, committed 1344K, reserved 1048576K
[2025-08-01T14:44:14.107+0000] GC(15) Load: 0.51/0.20/0.12
[2025-08-01T14:44:14.107+0000] GC(15) MMU: 2ms/98.8%, 5ms/99.5%, 10ms/99.7%, 20ms/99.8%, 50ms/99.9%, 100ms/100.0%
[2025-08-01T14:44:14.107+0000] GC(15) Mark: 2 stripe(s), 2 proactive flush(es), 1 terminate flush(es), 0 completion(s), 0 continuation(s) 
[2025-08-01T14:44:14.107+0000] GC(15) Mark Stack Usage: 32M
[2025-08-01T14:44:14.107+0000] GC(15) NMethods: 1414 registered, 176 unregistered
[2025-08-01T14:44:14.107+0000] GC(15) Metaspace: 10M used, 10M committed, 1088M reserved
[2025-08-01T14:44:14.107+0000] GC(15) Soft: 228 encountered, 0 discovered, 0 enqueued
[2025-08-01T14:44:14.107+0000] GC(15) Weak: 934 encountered, 350 discovered, 0 enqueued
[2025-08-01T14:44:14.107+0000] GC(15) Final: 0 encountered, 0 discovered, 0 enqueued
[2025-08-01T14:44:14.107+0000] GC(15) Phantom: 3 encountered, 2 discovered, 0 enqueued
[2025-08-01T14:44:14.107+0000] GC(15) Small Pages: 1526 / 3052M, Empty: 2626M, Relocated: 10M, In-Place: 0
[2025-08-01T14:44:14.107+0000] GC(15) Medium Pages: 1 / 32M, Empty: 0M, Relocated: 0M, In-Place: 0
[2025-08-01T14:44:14.107+0000] GC(15) Large Pages: 0 / 0M, Empty: 0M, Relocated: 0M, In-Place: 0
[2025-08-01T14:44:14.107+0000] GC(15) Forwarding Usage: 0M
[2025-08-01T14:44:14.107+0000] GC(15) Min Capacity: 4096M(100%)
[2025-08-01T14:44:14.107+0000] GC(15) Max Capacity: 4096M(100%)
[2025-08-01T14:44:14.107+0000] GC(15) Soft Max Capacity: 4096M(100%)
[2025-08-01T14:44:14.107+0000] GC(15)                Mark Start          Mark End        Relocate Start      Relocate End           High               Low         
[2025-08-01T14:44:14.107+0000] GC(15)  Capacity:     4096M (100%)       4096M (100%)       4096M (100%)       4096M (100%)       4096M (100%)       4096M (100%)   
[2025-08-01T14:44:14.107+0000] GC(15)      Free:     1012M (25%)         564M (14%)        3164M (77%)        3184M (78%)        3198M (78%)         560M (14%)    
[2025-08-01T14:44:14.107+0000] GC(15)      Used:     3084M (75%)        3532M (86%)         932M (23%)         912M (22%)        3536M (86%)         898M (22%)    
[2025-08-01T14:44:14.107+0000] GC(15)      Live:         -               378M (9%)          378M (9%)          378M (9%)             -                  -          
[2025-08-01T14:44:14.107+0000] GC(15) Allocated:         -               448M (11%)         474M (12%)         502M (12%)            -                  -          
[2025-08-01T14:44:14.107+0000] GC(15)   Garbage:         -              2705M (66%)          79M (2%)           31M (1%)             -                  -          
[2025-08-01T14:44:14.107+0000] GC(15) Reclaimed:         -                  -              2626M (64%)        2674M (65%)            -                  -          
[2025-08-01T14:44:14.107+0000] GC(15) Garbage Collection (Allocation Rate) 3084M(75%)->912M(22%)
[2025-08-01T14:44:14.493+0000] GC(16) Heap before GC invocations=16 (full 16):
[2025-08-01T14:44:14.493+0000] GC(16)  ZHeap           used 2878M, capacity 4096M, max capacity 4096M
[2025-08-01T14:44:14.493+0000] GC(16)  Metaspace       used 10643K, committed 10880K, reserved 1114112K
[2025-08-01T14:44:14.493+0000] GC(16)   class space    used 1265K, committed 1344K, reserved 1048576K
[2025-08-01T14:44:14.493+0000] GC(16) Garbage Collection (Allocation Rate)
[2025-08-01T14:44:14.493+0000] GC(16) Using 2 workers
[2025-08-01T14:44:14.493+0000] GC(16) Pause Mark Start 0.012ms
[2025-08-01T14:44:14.621+0000] GC(16) Concurrent Mark 127.453ms
[2025-08-01T14:44:14.621+0000] GC(16) Pause Mark End 0.015ms
[2025-08-01T14:44:14.622+0000] GC(16) Concurrent Mark Free 0.002ms
[2025-08-01T14:44:14.625+0000] GC(16) Concurrent Process Non-Strong References 3.117ms
[2025-08-01T14:44:14.625+0000] GC(16) Concurrent Reset Relocation Set 0.004ms
[2025-08-01T14:44:14.629+0000] GC(16) Concurrent Select Relocation Set 3.542ms
[2025-08-01T14:44:14.630+0000] GC(16) Pause Relocate Start 0.014ms
[2025-08-01T14:44:14.634+0000] GC(16) Concurrent Relocate 4.242ms
[2025-08-01T14:44:14.634+0000] GC(16) Heap after GC invocations=17 (full 17):
[2025-08-01T14:44:14.634+0000] GC(16)  ZHeap           used 1152M, capacity 4096M, max capacity 4096M
[2025-08-01T14:44:14.634+0000] GC(16)  Metaspace       used 10643K, committed 10880K, reserved 1114112K
[2025-08-01T14:44:14.634+0000] GC(16)   class space    used 1265K, committed 1344K, reserved 1048576K
[2025-08-01T14:44:14.634+0000] GC(16) Load: 0.51/0.20/0.12
[2025-08-01T14:44:14.634+0000] GC(16) MMU: 2ms/98.8%, 5ms/99.5%, 10ms/99.7%, 20ms/99.8%, 50ms/99.9%, 100ms/100.0%
[2025-08-01T14:44:14.634+0000] GC(16) Mark: 2 stripe(s), 3 proactive flush(es), 1 terminate flush(es), 0 completion(s), 0 continuation(s) 
[2025-08-01T14:44:14.634+0000] GC(16) Mark Stack Usage: 32M
[2025-08-01T14:44:14.634+0000] GC(16) NMethods: 1414 registered, 176 unregistered
[2025-08-01T14:44:14.634+0000] GC(16) Metaspace: 10M used, 10M committed, 1088M reserved
[2025-08-01T14:44:14.634+0000] GC(16) Soft: 228 encountered, 0 discovered, 0 enqueued
[2025-08-01T14:44:14.634+0000] GC(16) Weak: 934 encountered, 722 discovered, 0 enqueued
[2025-08-01T14:44:14.634+0000] GC(16) Final: 0 encountered, 0 discovered, 0 enqueued
[2025-08-01T14:44:14.634+0000] GC(16) Phantom: 3 encountered, 1 discovered, 0 enqueued
[2025-08-01T14:44:14.634+0000] GC(16) Small Pages: 1424 / 2848M, Empty: 2382M, Relocated: 5M, In-Place: 0
[2025-08-01T14:44:14.634+0000] GC(16) Medium Pages: 1 / 32M, Empty: 0M, Relocated: 0M, In-Place: 0
[2025-08-01T14:44:14.634+0000] GC(16) Large Pages: 0 / 0M, Empty: 0M, Relocated: 0M, In-Place: 0
[2025-08-01T14:44:14.634+0000] GC(16) Forwarding Usage: 0M
[2025-08-01T14:44:14.635+0000] GC(16) Min Capacity: 4096M(100%)
[2025-08-01T14:44:14.635+0000] GC(16) Max Capacity: 4096M(100%)
[2025-08-01T14:44:14.635+0000] GC(16) Soft Max Capacity: 4096M(100%)
[2025-08-01T14:44:14.635+0000] GC(16)                Mark Start          Mark End        Relocate Start      Relocate End           High               Low         
[2025-08-01T14:44:14.635+0000] GC(16)  Capacity:     4096M (100%)       4096M (100%)       4096M (100%)       4096M (100%)       4096M (100%)       4096M (100%)   
[2025-08-01T14:44:14.635+0000] GC(16)      Free:     1216M (30%)         578M (14%)        2934M (72%)        2944M (72%)        2944M (72%)         560M (14%)    
[2025-08-01T14:44:14.635+0000] GC(16)      Used:     2880M (70%)        3518M (86%)        1162M (28%)        1152M (28%)        3536M (86%)        1152M (28%)    
[2025-08-01T14:44:14.635+0000] GC(16)      Live:         -               454M (11%)         454M (11%)         454M (11%)            -                  -          
[2025-08-01T14:44:14.635+0000] GC(16) Allocated:         -               638M (16%)         664M (16%)         665M (16%)            -                  -          
[2025-08-01T14:44:14.635+0000] GC(16)   Garbage:         -              2425M (59%)          43M (1%)           31M (1%)             -                  -          
[2025-08-01T14:44:14.635+0000] GC(16) Reclaimed:         -                  -              2382M (58%)        2393M (58%)            -                  -          
[2025-08-01T14:44:14.635+0000] GC(16) Garbage Collection (Allocation Rate) 2880M(70%)->1152M(28%)
[2025-08-01T14:44:14.994+0000] GC(17) Heap before GC invocations=17 (full 17):
[2025-08-01T14:44:14.994+0000] GC(17)  ZHeap           used 2988M, capacity 4096M, max capacity 4096M
[2025-08-01T14:44:14.994+0000] GC(17)  Metaspace       used 10643K, committed 10880K, reserved 1114112K
[2025-08-01T14:44:14.994+0000] GC(17)   class space    used 1265K, committed 1344K, reserved 1048576K
[2025-08-01T14:44:14.994+0000] GC(17) Garbage Collection (Allocation Rate)
[2025-08-01T14:44:14.994+0000] GC(17) Using 2 workers
[2025-08-01T14:44:14.994+0000] GC(17) Pause Mark Start 0.015ms
[2025-08-01T14:44:15.156+0000] GC(17) Concurrent Mark 161.341ms
[2025-08-01T14:44:15.156+0000] GC(17) Pause Mark End 0.014ms
[2025-08-01T14:44:15.156+0000] GC(17) Concurrent Mark Free 0.002ms
[2025-08-01T14:44:15.159+0000] GC(17) Concurrent Process Non-Strong References 2.562ms
[2025-08-01T14:44:15.159+0000] GC(17) Concurrent Reset Relocation Set 0.002ms
[2025-08-01T14:44:15.161+0000] GC(17) Concurrent Select Relocation Set 2.121ms
[2025-08-01T14:44:15.162+0000] GC(17) Pause Relocate Start 0.010ms
[2025-08-01T14:44:15.163+0000] GC(17) Concurrent Relocate 0.668ms
[2025-08-01T14:44:15.163+0000] GC(17) Heap after GC invocations=18 (full 18):
[2025-08-01T14:44:15.163+0000] GC(17)  ZHeap           used 1332M, capacity 4096M, max capacity 4096M
[2025-08-01T14:44:15.163+0000] GC(17)  Metaspace       used 10643K, committed 10880K, reserved 1114112K
[2025-08-01T14:44:15.163+0000] GC(17)   class space    used 1265K, committed 1344K, reserved 1048576K
[2025-08-01T14:44:15.163+0000] GC(17) Load: 0.51/0.20/0.12
[2025-08-01T14:44:15.163+0000] GC(17) MMU: 2ms/98.8%, 5ms/99.5%, 10ms/99.7%, 20ms/99.8%, 50ms/99.9%, 100ms/100.0%
[2025-08-01T14:44:15.163+0000] GC(17) Mark: 2 stripe(s), 3 proactive flush(es), 1 terminate flush(es), 0 completion(s), 0 continuation(s) 
[2025-08-01T14:44:15.163+0000] GC(17) Mark Stack Usage: 32M
[2025-08-01T14:44:15.163+0000] GC(17) NMethods: 1414 registered, 176 unregistered
[2025-08-01T14:44:15.163+0000] GC(17) Metaspace: 10M used, 10M committed, 1088M reserved
[2025-08-01T14:44:15.163+0000] GC(17) Soft: 228 encountered, 0 discovered, 0 enqueued
[2025-08-01T14:44:15.163+0000] GC(17) Weak: 934 encountered, 713 discovered, 0 enqueued
[2025-08-01T14:44:15.163+0000] GC(17) Final: 0 encountered, 0 discovered, 0 enqueued
[2025-08-01T14:44:15.163+0000] GC(17) Phantom: 3 encountered, 1 discovered, 0 enqueued
[2025-08-01T14:44:15.163+0000] GC(17) Small Pages: 1478 / 2956M, Empty: 2292M, Relocated: 1M, In-Place: 0
[2025-08-01T14:44:15.163+0000] GC(17) Medium Pages: 1 / 32M, Empty: 0M, Relocated: 0M, In-Place: 0
[2025-08-01T14:44:15.163+0000] GC(17) Large Pages: 0 / 0M, Empty: 0M, Relocated: 0M, In-Place: 0
[2025-08-01T14:44:15.163+0000] GC(17) Forwarding Usage: 0M
[2025-08-01T14:44:15.163+0000] GC(17) Min Capacity: 4096M(100%)
[2025-08-01T14:44:15.163+0000] GC(17) Max Capacity: 4096M(100%)
[2025-08-01T14:44:15.163+0000] GC(17) Soft Max Capacity: 4096M(100%)
[2025-08-01T14:44:15.163+0000] GC(17)                Mark Start          Mark End        Relocate Start      Relocate End           High               Low         
[2025-08-01T14:44:15.163+0000] GC(17)  Capacity:     4096M (100%)       4096M (100%)       4096M (100%)       4096M (100%)       4096M (100%)       4096M (100%)   
[2025-08-01T14:44:15.163+0000] GC(17)      Free:     1108M (27%)         498M (12%)        2768M (68%)        2764M (67%)        2772M (68%)         492M (12%)    
[2025-08-01T14:44:15.163+0000] GC(17)      Used:     2988M (73%)        3598M (88%)        1328M (32%)        1332M (33%)        3604M (88%)        1324M (32%)    
[2025-08-01T14:44:15.163+0000] GC(17)      Live:         -               652M (16%)         652M (16%)         652M (16%)            -                  -          
[2025-08-01T14:44:15.163+0000] GC(17) Allocated:         -               610M (15%)         632M (15%)         644M (16%)            -                  -          
[2025-08-01T14:44:15.163+0000] GC(17)   Garbage:         -              2335M (57%)          43M (1%)           35M (1%)             -                  -          
[2025-08-01T14:44:15.163+0000] GC(17) Reclaimed:         -                  -              2292M (56%)        2300M (56%)            -                  -          
[2025-08-01T14:44:15.163+0000] GC(17) Garbage Collection (Allocation Rate) 2988M(73%)->1332M(33%)
[2025-08-01T14:44:15.393+0000] GC(18) Heap before GC invocations=18 (full 18):
[2025-08-01T14:44:15.393+0000] GC(18)  ZHeap           used 2528M, capacity 4096M, max capacity 4096M
[2025-08-01T14:44:15.393+0000] GC(18)  Metaspace       used 10643K, committed 10880K, reserved 1114112K
[2025-08-01T14:44:15.393+0000] GC(18)   class space    used 1265K, committed 1344K, reserved 1048576K
[2025-08-01T14:44:15.393+0000] GC(18) Garbage Collection (Allocation Rate)
[2025-08-01T14:44:15.393+0000] GC(18) Using 2 workers
[2025-08-01T14:44:15.394+0000] GC(18) Pause Mark Start 0.012ms
[2025-08-01T14:44:15.588+0000] GC(18) Concurrent Mark 194.228ms
[2025-08-01T14:44:15.589+0000] GC(18) Pause Mark End 0.141ms
[2025-08-01T14:44:15.589+0000] GC(18) Concurrent Mark Free 0.003ms
[2025-08-01T14:44:15.595+0000] GC(18) Concurrent Process Non-Strong References 5.299ms
[2025-08-01T14:44:15.595+0000] GC(18) Concurrent Reset Relocation Set 0.002ms
[2025-08-01T14:44:15.601+0000] GC(18) Concurrent Select Relocation Set 5.840ms
[2025-08-01T14:44:15.601+0000] GC(18) Pause Relocate Start 0.019ms
[2025-08-01T14:44:15.611+0000] GC(18) Concurrent Relocate 9.507ms
[2025-08-01T14:44:15.611+0000] GC(18) Heap after GC invocations=19 (full 19):
[2025-08-01T14:44:15.611+0000] GC(18)  ZHeap           used 1684M, capacity 4096M, max capacity 4096M
[2025-08-01T14:44:15.611+0000] GC(18)  Metaspace       used 10643K, committed 10880K, reserved 1114112K
[2025-08-01T14:44:15.612+0000] GC(18)   class space    used 1265K, committed 1344K, reserved 1048576K
[2025-08-01T14:44:15.612+0000] GC(18) Load: 0.51/0.20/0.12
[2025-08-01T14:44:15.612+0000] GC(18) MMU: 2ms/93.0%, 5ms/97.2%, 10ms/98.6%, 20ms/99.2%, 50ms/99.7%, 100ms/99.8%
[2025-08-01T14:44:15.612+0000] GC(18) Mark: 2 stripe(s), 2 proactive flush(es), 1 terminate flush(es), 0 completion(s), 0 continuation(s) 
[2025-08-01T14:44:15.612+0000] GC(18) Mark Stack Usage: 32M
[2025-08-01T14:44:15.612+0000] GC(18) NMethods: 1414 registered, 176 unregistered
[2025-08-01T14:44:15.612+0000] GC(18) Metaspace: 10M used, 10M committed, 1088M reserved
[2025-08-01T14:44:15.612+0000] GC(18) Soft: 228 encountered, 0 discovered, 0 enqueued
[2025-08-01T14:44:15.612+0000] GC(18) Weak: 934 encountered, 718 discovered, 0 enqueued
[2025-08-01T14:44:15.612+0000] GC(18) Final: 0 encountered, 0 discovered, 0 enqueued
[2025-08-01T14:44:15.612+0000] GC(18) Phantom: 3 encountered, 1 discovered, 0 enqueued
[2025-08-01T14:44:15.612+0000] GC(18) Small Pages: 1250 / 2500M, Empty: 1790M, Relocated: 5M, In-Place: 0
[2025-08-01T14:44:15.612+0000] GC(18) Medium Pages: 1 / 32M, Empty: 0M, Relocated: 0M, In-Place: 0
[2025-08-01T14:44:15.612+0000] GC(18) Large Pages: 0 / 0M, Empty: 0M, Relocated: 0M, In-Place: 0
[2025-08-01T14:44:15.612+0000] GC(18) Forwarding Usage: 0M
[2025-08-01T14:44:15.612+0000] GC(18) Min Capacity: 4096M(100%)
[2025-08-01T14:44:15.612+0000] GC(18) Max Capacity: 4096M(100%)
[2025-08-01T14:44:15.612+0000] GC(18) Soft Max Capacity: 4096M(100%)
[2025-08-01T14:44:15.612+0000] GC(18)                Mark Start          Mark End        Relocate Start      Relocate End           High               Low         
[2025-08-01T14:44:15.612+0000] GC(18)  Capacity:     4096M (100%)       4096M (100%)       4096M (100%)       4096M (100%)       4096M (100%)       4096M (100%)   
[2025-08-01T14:44:15.612+0000] GC(18)      Free:     1564M (38%)         698M (17%)        2420M (59%)        2412M (59%)        2428M (59%)         664M (16%)    
[2025-08-01T14:44:15.612+0000] GC(18)      Used:     2532M (62%)        3398M (83%)        1676M (41%)        1684M (41%)        3432M (84%)        1668M (41%)    
[2025-08-01T14:44:15.612+0000] GC(18)      Live:         -               693M (17%)         693M (17%)         693M (17%)            -                  -          
[2025-08-01T14:44:15.612+0000] GC(18) Allocated:         -               866M (21%)         934M (23%)         955M (23%)            -                  -          
[2025-08-01T14:44:15.612+0000] GC(18)   Garbage:         -              1838M (45%)          48M (1%)           34M (1%)             -                  -          
[2025-08-01T14:44:15.612+0000] GC(18) Reclaimed:         -                  -              1790M (44%)        1803M (44%)            -                  -          
[2025-08-01T14:44:15.612+0000] GC(18) Garbage Collection (Allocation Rate) 2532M(62%)->1684M(41%)
[2025-08-01T14:44:15.693+0000] GC(19) Heap before GC invocations=19 (full 19):
[2025-08-01T14:44:15.693+0000] GC(19)  ZHeap           used 2020M, capacity 4096M, max capacity 4096M
[2025-08-01T14:44:15.693+0000] GC(19)  Metaspace       used 10643K, committed 10880K, reserved 1114112K
[2025-08-01T14:44:15.693+0000] GC(19)   class space    used 1265K, committed 1344K, reserved 1048576K
[2025-08-01T14:44:15.693+0000] GC(19) Garbage Collection (Allocation Rate)
[2025-08-01T14:44:15.693+0000] GC(19) Using 2 workers
[2025-08-01T14:44:15.694+0000] GC(19) Pause Mark Start 0.011ms
[2025-08-01T14:44:15.826+0000] GC(19) Concurrent Mark 132.300ms
[2025-08-01T14:44:15.826+0000] GC(19) Pause Mark End 0.020ms
[2025-08-01T14:44:15.827+0000] GC(19) Concurrent Mark Free 0.003ms
[2025-08-01T14:44:15.834+0000] GC(19) Concurrent Process Non-Strong References 7.274ms
[2025-08-01T14:44:15.834+0000] GC(19) Concurrent Reset Relocation Set 0.004ms
[2025-08-01T14:44:15.838+0000] GC(19) Concurrent Select Relocation Set 3.736ms
[2025-08-01T14:44:15.838+0000] GC(19) Pause Relocate Start 0.012ms
[2025-08-01T14:44:15.841+0000] GC(19) Concurrent Relocate 3.104ms
[2025-08-01T14:44:15.841+0000] GC(19) Heap after GC invocations=20 (full 20):
[2025-08-01T14:44:15.841+0000] GC(19)  ZHeap           used 1246M, capacity 4096M, max capacity 4096M
[2025-08-01T14:44:15.841+0000] GC(19)  Metaspace       used 10643K, committed 10880K, reserved 1114112K
[2025-08-01T14:44:15.841+0000] GC(19)   class space    used 1265K, committed 1344K, reserved 1048576K
[2025-08-01T14:44:15.842+0000] GC(19) Load: 0.51/0.20/0.12
[2025-08-01T14:44:15.842+0000] GC(19) MMU: 2ms/93.0%, 5ms/97.2%, 10ms/98.6%, 20ms/99.2%, 50ms/99.7%, 100ms/99.8%
[2025-08-01T14:44:15.842+0000] GC(19) Mark: 2 stripe(s), 2 proactive flush(es), 1 terminate flush(es), 0 completion(s), 0 continuation(s) 
[2025-08-01T14:44:15.842+0000] GC(19) Mark Stack Usage: 32M
[2025-08-01T14:44:15.842+0000] GC(19) NMethods: 1414 registered, 176 unregistered
[2025-08-01T14:44:15.842+0000] GC(19) Metaspace: 10M used, 10M committed, 1088M reserved
[2025-08-01T14:44:15.842+0000] GC(19) Soft: 228 encountered, 0 discovered, 0 enqueued
[2025-08-01T14:44:15.842+0000] GC(19) Weak: 934 encountered, 66 discovered, 0 enqueued
[2025-08-01T14:44:15.842+0000] GC(19) Final: 0 encountered, 0 discovered, 0 enqueued
[2025-08-01T14:44:15.842+0000] GC(19) Phantom: 3 encountered, 2 discovered, 0 enqueued
[2025-08-01T14:44:15.842+0000] GC(19) Small Pages: 994 / 1988M, Empty: 1414M, Relocated: 4M, In-Place: 0
[2025-08-01T14:44:15.842+0000] GC(19) Medium Pages: 1 / 32M, Empty: 0M, Relocated: 0M, In-Place: 0
[2025-08-01T14:44:15.842+0000] GC(19) Large Pages: 0 / 0M, Empty: 0M, Relocated: 0M, In-Place: 0
[2025-08-01T14:44:15.842+0000] GC(19) Forwarding Usage: 0M
[2025-08-01T14:44:15.842+0000] GC(19) Min Capacity: 4096M(100%)
[2025-08-01T14:44:15.842+0000] GC(19) Max Capacity: 4096M(100%)
[2025-08-01T14:44:15.842+0000] GC(19) Soft Max Capacity: 4096M(100%)
[2025-08-01T14:44:15.842+0000] GC(19)                Mark Start          Mark End        Relocate Start      Relocate End           High               Low         
[2025-08-01T14:44:15.842+0000] GC(19)  Capacity:     4096M (100%)       4096M (100%)       4096M (100%)       4096M (100%)       4096M (100%)       4096M (100%)   
[2025-08-01T14:44:15.842+0000] GC(19)      Free:     2076M (51%)        1588M (39%)        2870M (70%)        2852M (70%)        2908M (71%)        1506M (37%)    
[2025-08-01T14:44:15.842+0000] GC(19)      Used:     2020M (49%)        2508M (61%)        1226M (30%)        1244M (30%)        2590M (63%)        1188M (29%)    
[2025-08-01T14:44:15.842+0000] GC(19)      Live:         -               561M (14%)         561M (14%)         561M (14%)            -                  -          
[2025-08-01T14:44:15.842+0000] GC(19) Allocated:         -               488M (12%)         620M (15%)         650M (16%)            -                  -          
[2025-08-01T14:44:15.842+0000] GC(19)   Garbage:         -              1458M (36%)          44M (1%)           32M (1%)             -                  -          
[2025-08-01T14:44:15.842+0000] GC(19) Reclaimed:         -                  -              1414M (35%)        1426M (35%)            -                  -          
[2025-08-01T14:44:15.842+0000] GC(19) Garbage Collection (Allocation Rate) 2020M(49%)->1244M(30%)
[2025-08-01T14:44:16.093+0000] GC(20) Heap before GC invocations=20 (full 20):
[2025-08-01T14:44:16.093+0000] GC(20)  ZHeap           used 2296M, capacity 4096M, max capacity 4096M
[2025-08-01T14:44:16.093+0000] GC(20)  Metaspace       used 10643K, committed 10880K, reserved 1114112K
[2025-08-01T14:44:16.093+0000] GC(20)   class space    used 1265K, committed 1344K, reserved 1048576K
[2025-08-01T14:44:16.093+0000] GC(20) Garbage Collection (Allocation Rate)
[2025-08-01T14:44:16.093+0000] GC(20) Using 2 workers
[2025-08-01T14:44:16.094+0000] GC(20) Pause Mark Start 0.015ms
[2025-08-01T14:44:16.213+0000] GC(20) Concurrent Mark 118.260ms
[2025-08-01T14:44:16.213+0000] GC(20) Pause Mark End 0.012ms
[2025-08-01T14:44:16.213+0000] GC(20) Concurrent Mark Free 0.001ms
[2025-08-01T14:44:16.217+0000] GC(20) Concurrent Process Non-Strong References 3.320ms
[2025-08-01T14:44:16.217+0000] GC(20) Concurrent Reset Relocation Set 0.002ms
[2025-08-01T14:44:16.220+0000] GC(20) Concurrent Select Relocation Set 3.531ms
[2025-08-01T14:44:16.220+0000] GC(20) Pause Relocate Start 0.009ms
[2025-08-01T14:44:16.223+0000] GC(20) Concurrent Relocate 2.075ms
[2025-08-01T14:44:16.223+0000] GC(20) Heap after GC invocations=21 (full 21):
[2025-08-01T14:44:16.223+0000] GC(20)  ZHeap           used 968M, capacity 4096M, max capacity 4096M
[2025-08-01T14:44:16.223+0000] GC(20)  Metaspace       used 10643K, committed 10880K, reserved 1114112K
[2025-08-01T14:44:16.223+0000] GC(20)   class space    used 1265K, committed 1344K, reserved 1048576K
[2025-08-01T14:44:16.223+0000] GC(20) Load: 0.51/0.20/0.12
[2025-08-01T14:44:16.223+0000] GC(20) MMU: 2ms/93.0%, 5ms/97.2%, 10ms/98.6%, 20ms/99.2%, 50ms/99.7%, 100ms/99.8%
[2025-08-01T14:44:16.223+0000] GC(20) Mark: 2 stripe(s), 2 proactive flush(es), 1 terminate flush(es), 0 completion(s), 0 continuation(s) 
[2025-08-01T14:44:16.223+0000] GC(20) Mark Stack Usage: 32M
[2025-08-01T14:44:16.223+0000] GC(20) NMethods: 1414 registered, 176 unregistered
[2025-08-01T14:44:16.223+0000] GC(20) Metaspace: 10M used, 10M committed, 1088M reserved
[2025-08-01T14:44:16.223+0000] GC(20) Soft: 228 encountered, 0 discovered, 0 enqueued
[2025-08-01T14:44:16.223+0000] GC(20) Weak: 934 encountered, 725 discovered, 0 enqueued
[2025-08-01T14:44:16.223+0000] GC(20) Final: 0 encountered, 0 discovered, 0 enqueued
[2025-08-01T14:44:16.223+0000] GC(20) Phantom: 3 encountered, 2 discovered, 0 enqueued
[2025-08-01T14:44:16.223+0000] GC(20) Small Pages: 1135 / 2270M, Empty: 1830M, Relocated: 4M, In-Place: 0
[2025-08-01T14:44:16.223+0000] GC(20) Medium Pages: 1 / 32M, Empty: 0M, Relocated: 0M, In-Place: 0
[2025-08-01T14:44:16.223+0000] GC(20) Large Pages: 0 / 0M, Empty: 0M, Relocated: 0M, In-Place: 0
[2025-08-01T14:44:16.223+0000] GC(20) Forwarding Usage: 0M
[2025-08-01T14:44:16.223+0000] GC(20) Min Capacity: 4096M(100%)
[2025-08-01T14:44:16.223+0000] GC(20) Max Capacity: 4096M(100%)
[2025-08-01T14:44:16.223+0000] GC(20) Soft Max Capacity: 4096M(100%)
[2025-08-01T14:44:16.223+0000] GC(20)                Mark Start          Mark End        Relocate Start      Relocate End           High               Low         
[2025-08-01T14:44:16.223+0000] GC(20)  Capacity:     4096M (100%)       4096M (100%)       4096M (100%)       4096M (100%)       4096M (100%)       4096M (100%)   
[2025-08-01T14:44:16.223+0000] GC(20)      Free:     1794M (44%)        1284M (31%)        3114M (76%)        3128M (76%)        3128M (76%)        1284M (31%)    
[2025-08-01T14:44:16.223+0000] GC(20)      Used:     2302M (56%)        2812M (69%)         982M (24%)         968M (24%)        2812M (69%)         968M (24%)    
[2025-08-01T14:44:16.223+0000] GC(20)      Live:         -               425M (10%)         425M (10%)         425M (10%)            -                  -          
[2025-08-01T14:44:16.223+0000] GC(20) Allocated:         -               510M (12%)         510M (12%)         510M (12%)            -                  -          
[2025-08-01T14:44:16.223+0000] GC(20)   Garbage:         -              1876M (46%)          46M (1%)           32M (1%)             -                  -          
[2025-08-01T14:44:16.223+0000] GC(20) Reclaimed:         -                  -              1830M (45%)        1844M (45%)            -                  -          
[2025-08-01T14:44:16.223+0000] GC(20) Garbage Collection (Allocation Rate) 2302M(56%)->968M(24%)
[2025-08-01T14:44:16.594+0000] GC(21) Heap before GC invocations=21 (full 21):
[2025-08-01T14:44:16.594+0000] GC(21)  ZHeap           used 2852M, capacity 4096M, max capacity 4096M
[2025-08-01T14:44:16.594+0000] GC(21)  Metaspace       used 10643K, committed 10880K, reserved 1114112K
[2025-08-01T14:44:16.594+0000] GC(21)   class space    used 1265K, committed 1344K, reserved 1048576K
[2025-08-01T14:44:16.594+0000] GC(21) Garbage Collection (Allocation Rate)
[2025-08-01T14:44:16.594+0000] GC(21) Using 2 workers
[2025-08-01T14:44:16.594+0000] GC(21) Pause Mark Start 0.008ms
[2025-08-01T14:44:16.798+0000] GC(21) Concurrent Mark 203.634ms
[2025-08-01T14:44:16.798+0000] GC(21) Pause Mark End 0.017ms
[2025-08-01T14:44:16.799+0000] GC(21) Concurrent Mark Free 0.005ms
[2025-08-01T14:44:16.801+0000] GC(21) Concurrent Process Non-Strong References 2.421ms
[2025-08-01T14:44:16.801+0000] GC(21) Concurrent Reset Relocation Set 0.002ms
[2025-08-01T14:44:16.805+0000] GC(21) Concurrent Select Relocation Set 3.646ms
[2025-08-01T14:44:16.805+0000] GC(21) Pause Relocate Start 0.012ms
[2025-08-01T14:44:16.810+0000] GC(21) Concurrent Relocate 4.481ms
[2025-08-01T14:44:16.810+0000] GC(21) Heap after GC invocations=22 (full 22):
[2025-08-01T14:44:16.810+0000] GC(21)  ZHeap           used 1574M, capacity 4096M, max capacity 4096M
[2025-08-01T14:44:16.810+0000] GC(21)  Metaspace       used 10643K, committed 10880K, reserved 1114112K
[2025-08-01T14:44:16.810+0000] GC(21)   class space    used 1265K, committed 1344K, reserved 1048576K
[2025-08-01T14:44:16.810+0000] GC(21) Load: 0.71/0.24/0.14
[2025-08-01T14:44:16.810+0000] GC(21) MMU: 2ms/93.0%, 5ms/97.2%, 10ms/98.6%, 20ms/99.2%, 50ms/99.7%, 100ms/99.8%
[2025-08-01T14:44:16.810+0000] GC(21) Mark: 2 stripe(s), 2 proactive flush(es), 1 terminate flush(es), 0 completion(s), 0 continuation(s) 
[2025-08-01T14:44:16.810+0000] GC(21) Mark Stack Usage: 32M
[2025-08-01T14:44:16.810+0000] GC(21) NMethods: 1414 registered, 176 unregistered
[2025-08-01T14:44:16.810+0000] GC(21) Metaspace: 10M used, 10M committed, 1088M reserved
[2025-08-01T14:44:16.810+0000] GC(21) Soft: 228 encountered, 0 discovered, 0 enqueued
[2025-08-01T14:44:16.810+0000] GC(21) Weak: 934 encountered, 190 discovered, 0 enqueued
[2025-08-01T14:44:16.810+0000] GC(21) Final: 0 encountered, 0 discovered, 0 enqueued
[2025-08-01T14:44:16.810+0000] GC(21) Phantom: 3 encountered, 1 discovered, 0 enqueued
[2025-08-01T14:44:16.810+0000] GC(21) Small Pages: 1410 / 2820M, Empty: 2098M, Relocated: 10M, In-Place: 0
[2025-08-01T14:44:16.810+0000] GC(21) Medium Pages: 1 / 32M, Empty: 0M, Relocated: 0M, In-Place: 0
[2025-08-01T14:44:16.810+0000] GC(21) Large Pages: 0 / 0M, Empty: 0M, Relocated: 0M, In-Place: 0
[2025-08-01T14:44:16.810+0000] GC(21) Forwarding Usage: 0M
[2025-08-01T14:44:16.810+0000] GC(21) Min Capacity: 4096M(100%)
[2025-08-01T14:44:16.810+0000] GC(21) Max Capacity: 4096M(100%)
[2025-08-01T14:44:16.810+0000] GC(21) Soft Max Capacity: 4096M(100%)
[2025-08-01T14:44:16.810+0000] GC(21)                Mark Start          Mark End        Relocate Start      Relocate End           High               Low         
[2025-08-01T14:44:16.810+0000] GC(21)  Capacity:     4096M (100%)       4096M (100%)       4096M (100%)       4096M (100%)       4096M (100%)       4096M (100%)   
[2025-08-01T14:44:16.810+0000] GC(21)      Free:     1244M (30%)         446M (11%)        2522M (62%)        2522M (62%)        2530M (62%)         444M (11%)    
[2025-08-01T14:44:16.810+0000] GC(21)      Used:     2852M (70%)        3650M (89%)        1574M (38%)        1574M (38%)        3652M (89%)        1566M (38%)    
[2025-08-01T14:44:16.810+0000] GC(21)      Live:         -               703M (17%)         703M (17%)         703M (17%)            -                  -          
[2025-08-01T14:44:16.810+0000] GC(21) Allocated:         -               798M (19%)         820M (20%)         838M (20%)            -                  -          
[2025-08-01T14:44:16.810+0000] GC(21)   Garbage:         -              2148M (52%)          50M (1%)           32M (1%)             -                  -          
[2025-08-01T14:44:16.810+0000] GC(21) Reclaimed:         -                  -              2098M (51%)        2116M (52%)            -                  -          
[2025-08-01T14:44:16.810+0000] GC(21) Garbage Collection (Allocation Rate) 2852M(70%)->1574M(38%)
[2025-08-01T14:44:16.894+0000] GC(22) Heap before GC invocations=22 (full 22):
[2025-08-01T14:44:16.894+0000] GC(22)  ZHeap           used 2034M, capacity 4096M, max capacity 4096M
[2025-08-01T14:44:16.894+0000] GC(22)  Metaspace       used 10643K, committed 10880K, reserved 1114112K
[2025-08-01T14:44:16.894+0000] GC(22)   class space    used 1265K, committed 1344K, reserved 1048576K
[2025-08-01T14:44:16.894+0000] GC(22) Garbage Collection (Allocation Rate)
[2025-08-01T14:44:16.894+0000] GC(22) Using 2 workers
[2025-08-01T14:44:16.894+0000] GC(22) Pause Mark Start 0.021ms
[2025-08-01T14:44:17.017+0000] GC(22) Concurrent Mark 123.044ms
[2025-08-01T14:44:17.018+0000] GC(22) Pause Mark End 0.015ms
[2025-08-01T14:44:17.018+0000] GC(22) Concurrent Mark Free 0.001ms
[2025-08-01T14:44:17.022+0000] GC(22) Concurrent Process Non-Strong References 3.380ms
[2025-08-01T14:44:17.022+0000] GC(22) Concurrent Reset Relocation Set 0.003ms
[2025-08-01T14:44:17.025+0000] GC(22) Concurrent Select Relocation Set 3.373ms
[2025-08-01T14:44:17.026+0000] GC(22) Pause Relocate Start 0.014ms
[2025-08-01T14:44:17.028+0000] GC(22) Concurrent Relocate 2.650ms
[2025-08-01T14:44:17.028+0000] GC(22) Heap after GC invocations=23 (full 23):
[2025-08-01T14:44:17.028+0000] GC(22)  ZHeap           used 1094M, capacity 4096M, max capacity 4096M
[2025-08-01T14:44:17.028+0000] GC(22)  Metaspace       used 10643K, committed 10880K, reserved 1114112K
[2025-08-01T14:44:17.028+0000] GC(22)   class space    used 1265K, committed 1344K, reserved 1048576K
[2025-08-01T14:44:17.028+0000] GC(22) Load: 0.71/0.24/0.14
[2025-08-01T14:44:17.028+0000] GC(22) MMU: 2ms/93.0%, 5ms/97.2%, 10ms/98.6%, 20ms/99.2%, 50ms/99.7%, 100ms/99.8%
[2025-08-01T14:44:17.028+0000] GC(22) Mark: 2 stripe(s), 2 proactive flush(es), 1 terminate flush(es), 0 completion(s), 0 continuation(s) 
[2025-08-01T14:44:17.028+0000] GC(22) Mark Stack Usage: 32M
[2025-08-01T14:44:17.028+0000] GC(22) NMethods: 1414 registered, 176 unregistered
[2025-08-01T14:44:17.028+0000] GC(22) Metaspace: 10M used, 10M committed, 1088M reserved
[2025-08-01T14:44:17.029+0000] GC(22) Soft: 228 encountered, 0 discovered, 0 enqueued
[2025-08-01T14:44:17.029+0000] GC(22) Weak: 934 encountered, 727 discovered, 0 enqueued
[2025-08-01T14:44:17.029+0000] GC(22) Final: 0 encountered, 0 discovered, 0 enqueued
[2025-08-01T14:44:17.029+0000] GC(22) Phantom: 3 encountered, 1 discovered, 0 enqueued
[2025-08-01T14:44:17.029+0000] GC(22) Small Pages: 1002 / 2004M, Empty: 1558M, Relocated: 3M, In-Place: 0
[2025-08-01T14:44:17.029+0000] GC(22) Medium Pages: 1 / 32M, Empty: 0M, Relocated: 0M, In-Place: 0
[2025-08-01T14:44:17.029+0000] GC(22) Large Pages: 0 / 0M, Empty: 0M, Relocated: 0M, In-Place: 0
[2025-08-01T14:44:17.029+0000] GC(22) Forwarding Usage: 0M
[2025-08-01T14:44:17.029+0000] GC(22) Min Capacity: 4096M(100%)
[2025-08-01T14:44:17.029+0000] GC(22) Max Capacity: 4096M(100%)
[2025-08-01T14:44:17.029+0000] GC(22) Soft Max Capacity: 4096M(100%)
[2025-08-01T14:44:17.029+0000] GC(22)                Mark Start          Mark End        Relocate Start      Relocate End           High               Low         
[2025-08-01T14:44:17.029+0000] GC(22)  Capacity:     4096M (100%)       4096M (100%)       4096M (100%)       4096M (100%)       4096M (100%)       4096M (100%)   
[2025-08-01T14:44:17.029+0000] GC(22)      Free:     2060M (50%)        1450M (35%)        2990M (73%)        3002M (73%)        3002M (73%)        1436M (35%)    
[2025-08-01T14:44:17.029+0000] GC(22)      Used:     2036M (50%)        2646M (65%)        1106M (27%)        1094M (27%)        2660M (65%)        1094M (27%)    
[2025-08-01T14:44:17.029+0000] GC(22)      Live:         -               432M (11%)         432M (11%)         432M (11%)            -                  -          
[2025-08-01T14:44:17.029+0000] GC(22) Allocated:         -               610M (15%)         628M (15%)         630M (15%)            -                  -          
[2025-08-01T14:44:17.029+0000] GC(22)   Garbage:         -              1603M (39%)          45M (1%)           31M (1%)             -                  -          
[2025-08-01T14:44:17.029+0000] GC(22) Reclaimed:         -                  -              1558M (38%)        1572M (38%)            -                  -          
[2025-08-01T14:44:17.029+0000] GC(22) Garbage Collection (Allocation Rate) 2036M(50%)->1094M(27%)
[2025-08-01T14:44:17.293+0000] GC(23) Heap before GC invocations=23 (full 23):
[2025-08-01T14:44:17.293+0000] GC(23)  ZHeap           used 2496M, capacity 4096M, max capacity 4096M
[2025-08-01T14:44:17.293+0000] GC(23)  Metaspace       used 10643K, committed 10880K, reserved 1114112K
[2025-08-01T14:44:17.293+0000] GC(23)   class space    used 1265K, committed 1344K, reserved 1048576K
[2025-08-01T14:44:17.293+0000] GC(23) Garbage Collection (Allocation Rate)
[2025-08-01T14:44:17.293+0000] GC(23) Using 2 workers
[2025-08-01T14:44:17.294+0000] GC(23) Pause Mark Start 0.015ms
[2025-08-01T14:44:17.440+0000] GC(23) Concurrent Mark 146.365ms
[2025-08-01T14:44:17.441+0000] GC(23) Pause Mark End 0.015ms
[2025-08-01T14:44:17.442+0000] GC(23) Concurrent Mark Free 0.001ms
[2025-08-01T14:44:17.448+0000] GC(23) Concurrent Process Non-Strong References 5.989ms
[2025-08-01T14:44:17.448+0000] GC(23) Concurrent Reset Relocation Set 0.003ms
[2025-08-01T14:44:17.452+0000] GC(23) Concurrent Select Relocation Set 4.820ms
[2025-08-01T14:44:17.453+0000] GC(23) Pause Relocate Start 0.010ms
[2025-08-01T14:44:17.455+0000] GC(23) Concurrent Relocate 2.089ms
[2025-08-01T14:44:17.455+0000] GC(23) Heap after GC invocations=24 (full 24):
[2025-08-01T14:44:17.455+0000] GC(23)  ZHeap           used 1370M, capacity 4096M, max capacity 4096M
[2025-08-01T14:44:17.455+0000] GC(23)  Metaspace       used 10643K, committed 10880K, reserved 1114112K
[2025-08-01T14:44:17.455+0000] GC(23)   class space    used 1265K, committed 1344K, reserved 1048576K
[2025-08-01T14:44:17.455+0000] GC(23) Load: 0.71/0.24/0.14
[2025-08-01T14:44:17.455+0000] GC(23) MMU: 2ms/93.0%, 5ms/97.2%, 10ms/98.6%, 20ms/99.2%, 50ms/99.7%, 100ms/99.8%
[2025-08-01T14:44:17.455+0000] GC(23) Mark: 2 stripe(s), 2 proactive flush(es), 1 terminate flush(es), 0 completion(s), 0 continuation(s) 
[2025-08-01T14:44:17.455+0000] GC(23) Mark Stack Usage: 32M
[2025-08-01T14:44:17.455+0000] GC(23) NMethods: 1414 registered, 176 unregistered
[2025-08-01T14:44:17.455+0000] GC(23) Metaspace: 10M used, 10M committed, 1088M reserved
[2025-08-01T14:44:17.455+0000] GC(23) Soft: 228 encountered, 0 discovered, 0 enqueued
[2025-08-01T14:44:17.455+0000] GC(23) Weak: 934 encountered, 700 discovered, 0 enqueued
[2025-08-01T14:44:17.455+0000] GC(23) Final: 0 encountered, 0 discovered, 0 enqueued
[2025-08-01T14:44:17.455+0000] GC(23) Phantom: 3 encountered, 1 discovered, 0 enqueued
[2025-08-01T14:44:17.455+0000] GC(23) Small Pages: 1234 / 2468M, Empty: 1832M, Relocated: 3M, In-Place: 0
[2025-08-01T14:44:17.455+0000] GC(23) Medium Pages: 1 / 32M, Empty: 0M, Relocated: 0M, In-Place: 0
[2025-08-01T14:44:17.455+0000] GC(23) Large Pages: 0 / 0M, Empty: 0M, Relocated: 0M, In-Place: 0
[2025-08-01T14:44:17.455+0000] GC(23) Forwarding Usage: 0M
[2025-08-01T14:44:17.455+0000] GC(23) Min Capacity: 4096M(100%)
[2025-08-01T14:44:17.455+0000] GC(23) Max Capacity: 4096M(100%)
[2025-08-01T14:44:17.456+0000] GC(23) Soft Max Capacity: 4096M(100%)
[2025-08-01T14:44:17.456+0000] GC(23)                Mark Start          Mark End        Relocate Start      Relocate End           High               Low         
[2025-08-01T14:44:17.456+0000] GC(23)  Capacity:     4096M (100%)       4096M (100%)       4096M (100%)       4096M (100%)       4096M (100%)       4096M (100%)   
[2025-08-01T14:44:17.456+0000] GC(23)      Free:     1596M (39%)         996M (24%)        2732M (67%)        2726M (67%)        2734M (67%)         946M (23%)    
[2025-08-01T14:44:17.456+0000] GC(23)      Used:     2500M (61%)        3100M (76%)        1364M (33%)        1370M (33%)        3150M (77%)        1362M (33%)    
[2025-08-01T14:44:17.456+0000] GC(23)      Live:         -               624M (15%)         624M (15%)         624M (15%)            -                  -          
[2025-08-01T14:44:17.456+0000] GC(23) Allocated:         -               600M (15%)         696M (17%)         710M (17%)            -                  -          
[2025-08-01T14:44:17.456+0000] GC(23)   Garbage:         -              1875M (46%)          43M (1%)           35M (1%)             -                  -          
[2025-08-01T14:44:17.456+0000] GC(23) Reclaimed:         -                  -              1832M (45%)        1840M (45%)            -                  -          
[2025-08-01T14:44:17.456+0000] GC(23) Garbage Collection (Allocation Rate) 2500M(61%)->1370M(33%)
[2025-08-01T14:44:17.693+0000] GC(24) Heap before GC invocations=24 (full 24):
[2025-08-01T14:44:17.693+0000] GC(24)  ZHeap           used 2426M, capacity 4096M, max capacity 4096M
[2025-08-01T14:44:17.693+0000] GC(24)  Metaspace       used 10643K, committed 10880K, reserved 1114112K
[2025-08-01T14:44:17.693+0000] GC(24)   class space    used 1265K, committed 1344K, reserved 1048576K
[2025-08-01T14:44:17.693+0000] GC(24) Garbage Collection (Allocation Rate)
[2025-08-01T14:44:17.693+0000] GC(24) Using 2 workers
[2025-08-01T14:44:17.694+0000] GC(24) Pause Mark Start 0.008ms
[2025-08-01T14:44:17.828+0000] GC(24) Concurrent Mark 134.373ms
[2025-08-01T14:44:17.828+0000] GC(24) Pause Mark End 0.014ms
[2025-08-01T14:44:17.828+0000] GC(24) Concurrent Mark Free 0.001ms
[2025-08-01T14:44:17.831+0000] GC(24) Concurrent Process Non-Strong References 2.571ms
[2025-08-01T14:44:17.831+0000] GC(24) Concurrent Reset Relocation Set 0.002ms
[2025-08-01T14:44:17.834+0000] GC(24) Concurrent Select Relocation Set 2.964ms
[2025-08-01T14:44:17.834+0000] GC(24) Pause Relocate Start 0.009ms
[2025-08-01T14:44:17.835+0000] GC(24) Concurrent Relocate 0.668ms
[2025-08-01T14:44:17.835+0000] GC(24) Heap after GC invocations=25 (full 25):
[2025-08-01T14:44:17.835+0000] GC(24)  ZHeap           used 1244M, capacity 4096M, max capacity 4096M
[2025-08-01T14:44:17.835+0000] GC(24)  Metaspace       used 10643K, committed 10880K, reserved 1114112K
[2025-08-01T14:44:17.835+0000] GC(24)   class space    used 1265K, committed 1344K, reserved 1048576K
[2025-08-01T14:44:17.835+0000] GC(24) Load: 0.71/0.24/0.14
[2025-08-01T14:44:17.835+0000] GC(24) MMU: 2ms/93.0%, 5ms/97.2%, 10ms/98.6%, 20ms/99.2%, 50ms/99.7%, 100ms/99.8%
[2025-08-01T14:44:17.835+0000] GC(24) Mark: 2 stripe(s), 2 proactive flush(es), 1 terminate flush(es), 0 completion(s), 0 continuation(s) 
[2025-08-01T14:44:17.835+0000] GC(24) Mark Stack Usage: 32M
[2025-08-01T14:44:17.835+0000] GC(24) NMethods: 1414 registered, 176 unregistered
[2025-08-01T14:44:17.835+0000] GC(24) Metaspace: 10M used, 10M committed, 1088M reserved
[2025-08-01T14:44:17.835+0000] GC(24) Soft: 228 encountered, 0 discovered, 0 enqueued
[2025-08-01T14:44:17.835+0000] GC(24) Weak: 934 encountered, 195 discovered, 0 enqueued
[2025-08-01T14:44:17.835+0000] GC(24) Final: 0 encountered, 0 discovered, 0 enqueued
[2025-08-01T14:44:17.835+0000] GC(24) Phantom: 3 encountered, 1 discovered, 0 enqueued
[2025-08-01T14:44:17.835+0000] GC(24) Small Pages: 1199 / 2398M, Empty: 1836M, Relocated: 1M, In-Place: 0
[2025-08-01T14:44:17.835+0000] GC(24) Medium Pages: 1 / 32M, Empty: 0M, Relocated: 0M, In-Place: 0
[2025-08-01T14:44:17.835+0000] GC(24) Large Pages: 0 / 0M, Empty: 0M, Relocated: 0M, In-Place: 0
[2025-08-01T14:44:17.835+0000] GC(24) Forwarding Usage: 0M
[2025-08-01T14:44:17.835+0000] GC(24) Min Capacity: 4096M(100%)
[2025-08-01T14:44:17.835+0000] GC(24) Max Capacity: 4096M(100%)
[2025-08-01T14:44:17.835+0000] GC(24) Soft Max Capacity: 4096M(100%)
[2025-08-01T14:44:17.835+0000] GC(24)                Mark Start          Mark End        Relocate Start      Relocate End           High               Low         
[2025-08-01T14:44:17.835+0000] GC(24)  Capacity:     4096M (100%)       4096M (100%)       4096M (100%)       4096M (100%)       4096M (100%)       4096M (100%)   
[2025-08-01T14:44:17.835+0000] GC(24)      Free:     1666M (41%)        1008M (25%)        2844M (69%)        2852M (70%)        2852M (70%)        1008M (25%)    
[2025-08-01T14:44:17.835+0000] GC(24)      Used:     2430M (59%)        3088M (75%)        1252M (31%)        1244M (30%)        3088M (75%)        1244M (30%)    
[2025-08-01T14:44:17.835+0000] GC(24)      Live:         -               550M (13%)         550M (13%)         550M (13%)            -                  -          
[2025-08-01T14:44:17.835+0000] GC(24) Allocated:         -               658M (16%)         658M (16%)         658M (16%)            -                  -          
[2025-08-01T14:44:17.835+0000] GC(24)   Garbage:         -              1879M (46%)          43M (1%)           35M (1%)             -                  -          
[2025-08-01T14:44:17.835+0000] GC(24) Reclaimed:         -                  -              1836M (45%)        1844M (45%)            -                  -          
[2025-08-01T14:44:17.835+0000] GC(24) Garbage Collection (Allocation Rate) 2430M(59%)->1244M(30%)
[2025-08-01T14:44:18.193+0000] GC(25) Heap before GC invocations=25 (full 25):
[2025-08-01T14:44:18.193+0000] GC(25)  ZHeap           used 3000M, capacity 4096M, max capacity 4096M
[2025-08-01T14:44:18.193+0000] GC(25)  Metaspace       used 10643K, committed 10880K, reserved 1114112K
[2025-08-01T14:44:18.193+0000] GC(25)   class space    used 1265K, committed 1344K, reserved 1048576K
[2025-08-01T14:44:18.193+0000] GC(25) Garbage Collection (Allocation Rate)
[2025-08-01T14:44:18.193+0000] GC(25) Using 2 workers
[2025-08-01T14:44:18.194+0000] GC(25) Pause Mark Start 0.074ms
[2025-08-01T14:44:18.304+0000] GC(25) Concurrent Mark 110.253ms
[2025-08-01T14:44:18.304+0000] GC(25) Pause Mark End 0.020ms
[2025-08-01T14:44:18.305+0000] GC(25) Concurrent Mark Free 0.001ms
[2025-08-01T14:44:18.307+0000] GC(25) Concurrent Process Non-Strong References 2.486ms
[2025-08-01T14:44:18.307+0000] GC(25) Concurrent Reset Relocation Set 0.001ms
[2025-08-01T14:44:18.310+0000] GC(25) Concurrent Select Relocation Set 2.549ms
[2025-08-01T14:44:18.310+0000] GC(25) Pause Relocate Start 0.013ms
[2025-08-01T14:44:18.311+0000] GC(25) Concurrent Relocate 1.108ms
[2025-08-01T14:44:18.311+0000] GC(25) Heap after GC invocations=26 (full 26):
[2025-08-01T14:44:18.311+0000] GC(25)  ZHeap           used 1050M, capacity 4096M, max capacity 4096M
[2025-08-01T14:44:18.311+0000] GC(25)  Metaspace       used 10643K, committed 10880K, reserved 1114112K
[2025-08-01T14:44:18.311+0000] GC(25)   class space    used 1265K, committed 1344K, reserved 1048576K
[2025-08-01T14:44:18.311+0000] GC(25) Load: 0.71/0.24/0.14
[2025-08-01T14:44:18.311+0000] GC(25) MMU: 2ms/93.0%, 5ms/97.2%, 10ms/98.6%, 20ms/99.2%, 50ms/99.7%, 100ms/99.8%
[2025-08-01T14:44:18.311+0000] GC(25) Mark: 2 stripe(s), 2 proactive flush(es), 1 terminate flush(es), 0 completion(s), 0 continuation(s) 
[2025-08-01T14:44:18.311+0000] GC(25) Mark Stack Usage: 32M
[2025-08-01T14:44:18.311+0000] GC(25) NMethods: 1414 registered, 176 unregistered
[2025-08-01T14:44:18.311+0000] GC(25) Metaspace: 10M used, 10M committed, 1088M reserved
[2025-08-01T14:44:18.312+0000] GC(25) Soft: 228 encountered, 0 discovered, 0 enqueued
[2025-08-01T14:44:18.312+0000] GC(25) Weak: 934 encountered, 193 discovered, 0 enqueued
[2025-08-01T14:44:18.312+0000] GC(25) Final: 0 encountered, 0 discovered, 0 enqueued
[2025-08-01T14:44:18.312+0000] GC(25) Phantom: 3 encountered, 0 discovered, 0 enqueued
[2025-08-01T14:44:18.312+0000] GC(25) Small Pages: 1484 / 2968M, Empty: 2490M, Relocated: 3M, In-Place: 0
[2025-08-01T14:44:18.312+0000] GC(25) Medium Pages: 1 / 32M, Empty: 0M, Relocated: 0M, In-Place: 0
[2025-08-01T14:44:18.312+0000] GC(25) Large Pages: 0 / 0M, Empty: 0M, Relocated: 0M, In-Place: 0
[2025-08-01T14:44:18.312+0000] GC(25) Forwarding Usage: 0M
[2025-08-01T14:44:18.312+0000] GC(25) Min Capacity: 4096M(100%)
[2025-08-01T14:44:18.312+0000] GC(25) Max Capacity: 4096M(100%)
[2025-08-01T14:44:18.312+0000] GC(25) Soft Max Capacity: 4096M(100%)
[2025-08-01T14:44:18.312+0000] GC(25)                Mark Start          Mark End        Relocate Start      Relocate End           High               Low         
[2025-08-01T14:44:18.312+0000] GC(25)  Capacity:     4096M (100%)       4096M (100%)       4096M (100%)       4096M (100%)       4096M (100%)       4096M (100%)   
[2025-08-01T14:44:18.312+0000] GC(25)      Free:     1096M (27%)         548M (13%)        3038M (74%)        3046M (74%)        3046M (74%)         548M (13%)    
[2025-08-01T14:44:18.312+0000] GC(25)      Used:     3000M (73%)        3548M (87%)        1058M (26%)        1050M (26%)        3548M (87%)        1050M (26%)    
[2025-08-01T14:44:18.312+0000] GC(25)      Live:         -               470M (11%)         470M (11%)         470M (11%)            -                  -          
[2025-08-01T14:44:18.312+0000] GC(25) Allocated:         -               548M (13%)         548M (13%)         548M (13%)            -                  -          
[2025-08-01T14:44:18.312+0000] GC(25)   Garbage:         -              2529M (62%)          39M (1%)           31M (1%)             -                  -          
[2025-08-01T14:44:18.312+0000] GC(25) Reclaimed:         -                  -              2490M (61%)        2498M (61%)            -                  -          
[2025-08-01T14:44:18.312+0000] GC(25) Garbage Collection (Allocation Rate) 3000M(73%)->1050M(26%)
[2025-08-01T14:44:18.694+0000] GC(26) Heap before GC invocations=26 (full 26):
[2025-08-01T14:44:18.694+0000] GC(26)  ZHeap           used 2932M, capacity 4096M, max capacity 4096M
[2025-08-01T14:44:18.694+0000] GC(26)  Metaspace       used 10643K, committed 10880K, reserved 1114112K
[2025-08-01T14:44:18.694+0000] GC(26)   class space    used 1265K, committed 1344K, reserved 1048576K
[2025-08-01T14:44:18.694+0000] GC(26) Garbage Collection (Allocation Rate)
[2025-08-01T14:44:18.694+0000] GC(26) Using 2 workers
[2025-08-01T14:44:18.694+0000] GC(26) Pause Mark Start 0.007ms
[2025-08-01T14:44:18.786+0000] GC(26) Concurrent Mark 91.838ms
[2025-08-01T14:44:18.787+0000] GC(26) Pause Mark End 0.021ms
[2025-08-01T14:44:18.787+0000] GC(26) Concurrent Mark Free 0.002ms
[2025-08-01T14:44:18.791+0000] GC(26) Concurrent Process Non-Strong References 3.950ms
[2025-08-01T14:44:18.791+0000] GC(26) Concurrent Reset Relocation Set 0.002ms
[2025-08-01T14:44:18.794+0000] GC(26) Concurrent Select Relocation Set 3.127ms
[2025-08-01T14:44:18.794+0000] GC(26) Pause Relocate Start 0.012ms
[2025-08-01T14:44:18.796+0000] GC(26) Concurrent Relocate 1.810ms
[2025-08-01T14:44:18.796+0000] GC(26) Heap after GC invocations=27 (full 27):
[2025-08-01T14:44:18.796+0000] GC(26)  ZHeap           used 792M, capacity 4096M, max capacity 4096M
[2025-08-01T14:44:18.796+0000] GC(26)  Metaspace       used 10643K, committed 10880K, reserved 1114112K
[2025-08-01T14:44:18.796+0000] GC(26)   class space    used 1265K, committed 1344K, reserved 1048576K
[2025-08-01T14:44:18.796+0000] GC(26) Load: 0.71/0.24/0.14
[2025-08-01T14:44:18.796+0000] GC(26) MMU: 2ms/93.0%, 5ms/97.2%, 10ms/98.6%, 20ms/99.2%, 50ms/99.7%, 100ms/99.8%
[2025-08-01T14:44:18.796+0000] GC(26) Mark: 2 stripe(s), 2 proactive flush(es), 1 terminate flush(es), 0 completion(s), 0 continuation(s) 
[2025-08-01T14:44:18.796+0000] GC(26) Mark Stack Usage: 32M
[2025-08-01T14:44:18.796+0000] GC(26) NMethods: 1414 registered, 176 unregistered
[2025-08-01T14:44:18.796+0000] GC(26) Metaspace: 10M used, 10M committed, 1088M reserved
[2025-08-01T14:44:18.796+0000] GC(26) Soft: 228 encountered, 0 discovered, 0 enqueued
[2025-08-01T14:44:18.796+0000] GC(26) Weak: 934 encountered, 721 discovered, 0 enqueued
[2025-08-01T14:44:18.796+0000] GC(26) Final: 0 encountered, 0 discovered, 0 enqueued
[2025-08-01T14:44:18.796+0000] GC(26) Phantom: 3 encountered, 2 discovered, 0 enqueued
[2025-08-01T14:44:18.796+0000] GC(26) Small Pages: 1451 / 2902M, Empty: 2546M, Relocated: 5M, In-Place: 0
[2025-08-01T14:44:18.796+0000] GC(26) Medium Pages: 1 / 32M, Empty: 0M, Relocated: 0M, In-Place: 0
[2025-08-01T14:44:18.796+0000] GC(26) Large Pages: 0 / 0M, Empty: 0M, Relocated: 0M, In-Place: 0
[2025-08-01T14:44:18.796+0000] GC(26) Forwarding Usage: 0M
[2025-08-01T14:44:18.796+0000] GC(26) Min Capacity: 4096M(100%)
[2025-08-01T14:44:18.796+0000] GC(26) Max Capacity: 4096M(100%)
[2025-08-01T14:44:18.796+0000] GC(26) Soft Max Capacity: 4096M(100%)
[2025-08-01T14:44:18.796+0000] GC(26)                Mark Start          Mark End        Relocate Start      Relocate End           High               Low         
[2025-08-01T14:44:18.797+0000] GC(26)  Capacity:     4096M (100%)       4096M (100%)       4096M (100%)       4096M (100%)       4096M (100%)       4096M (100%)   
[2025-08-01T14:44:18.797+0000] GC(26)      Free:     1162M (28%)         752M (18%)        3288M (80%)        3304M (81%)        3304M (81%)         742M (18%)    
[2025-08-01T14:44:18.797+0000] GC(26)      Used:     2934M (72%)        3344M (82%)         808M (20%)         792M (19%)        3354M (82%)         792M (19%)    
[2025-08-01T14:44:18.797+0000] GC(26)      Live:         -               339M (8%)          339M (8%)          339M (8%)             -                  -          
[2025-08-01T14:44:18.797+0000] GC(26) Allocated:         -               410M (10%)         420M (10%)         420M (10%)            -                  -          
[2025-08-01T14:44:18.797+0000] GC(26)   Garbage:         -              2594M (63%)          48M (1%)           32M (1%)             -                  -          
[2025-08-01T14:44:18.797+0000] GC(26) Reclaimed:         -                  -              2546M (62%)        2562M (63%)            -                  -          
[2025-08-01T14:44:18.797+0000] GC(26) Garbage Collection (Allocation Rate) 2934M(72%)->792M(19%)
[2025-08-01T14:44:19.293+0000] GC(27) Heap before GC invocations=27 (full 27):
[2025-08-01T14:44:19.293+0000] GC(27)  ZHeap           used 3042M, capacity 4096M, max capacity 4096M
[2025-08-01T14:44:19.293+0000] GC(27)  Metaspace       used 10643K, committed 10880K, reserved 1114112K
[2025-08-01T14:44:19.293+0000] GC(27)   class space    used 1265K, committed 1344K, reserved 1048576K
[2025-08-01T14:44:19.293+0000] GC(27) Garbage Collection (Allocation Rate)
[2025-08-01T14:44:19.293+0000] GC(27) Using 2 workers
[2025-08-01T14:44:19.295+0000] GC(27) Pause Mark Start 0.040ms
[2025-08-01T14:44:19.455+0000] GC(27) Concurrent Mark 159.672ms
[2025-08-01T14:44:19.455+0000] GC(27) Pause Mark End 0.019ms
[2025-08-01T14:44:19.455+0000] GC(27) Concurrent Mark Free 0.001ms
[2025-08-01T14:44:19.459+0000] GC(27) Concurrent Process Non-Strong References 3.517ms
[2025-08-01T14:44:19.459+0000] GC(27) Concurrent Reset Relocation Set 0.003ms
[2025-08-01T14:44:19.466+0000] GC(27) Concurrent Select Relocation Set 7.412ms
[2025-08-01T14:44:19.467+0000] GC(27) Pause Relocate Start 0.011ms
[2025-08-01T14:44:19.470+0000] GC(27) Concurrent Relocate 2.855ms
[2025-08-01T14:44:19.470+0000] GC(27) Heap after GC invocations=28 (full 28):
[2025-08-01T14:44:19.470+0000] GC(27)  ZHeap           used 1504M, capacity 4096M, max capacity 4096M
[2025-08-01T14:44:19.470+0000] GC(27)  Metaspace       used 10643K, committed 10880K, reserved 1114112K
[2025-08-01T14:44:19.470+0000] GC(27)   class space    used 1265K, committed 1344K, reserved 1048576K
[2025-08-01T14:44:19.470+0000] GC(27) Load: 0.71/0.24/0.14
[2025-08-01T14:44:19.470+0000] GC(27) MMU: 2ms/93.0%, 5ms/97.2%, 10ms/98.6%, 20ms/99.2%, 50ms/99.7%, 100ms/99.8%
[2025-08-01T14:44:19.470+0000] GC(27) Mark: 2 stripe(s), 2 proactive flush(es), 1 terminate flush(es), 0 completion(s), 0 continuation(s) 
[2025-08-01T14:44:19.470+0000] GC(27) Mark Stack Usage: 32M
[2025-08-01T14:44:19.470+0000] GC(27) NMethods: 1414 registered, 176 unregistered
[2025-08-01T14:44:19.470+0000] GC(27) Metaspace: 10M used, 10M committed, 1088M reserved
[2025-08-01T14:44:19.470+0000] GC(27) Soft: 228 encountered, 0 discovered, 0 enqueued
[2025-08-01T14:44:19.470+0000] GC(27) Weak: 934 encountered, 727 discovered, 0 enqueued
[2025-08-01T14:44:19.470+0000] GC(27) Final: 0 encountered, 0 discovered, 0 enqueued
[2025-08-01T14:44:19.470+0000] GC(27) Phantom: 3 encountered, 1 discovered, 0 enqueued
[2025-08-01T14:44:19.470+0000] GC(27) Small Pages: 1505 / 3010M, Empty: 2300M, Relocated: 4M, In-Place: 0
[2025-08-01T14:44:19.470+0000] GC(27) Medium Pages: 1 / 32M, Empty: 0M, Relocated: 0M, In-Place: 0
[2025-08-01T14:44:19.470+0000] GC(27) Large Pages: 0 / 0M, Empty: 0M, Relocated: 0M, In-Place: 0
[2025-08-01T14:44:19.470+0000] GC(27) Forwarding Usage: 0M
[2025-08-01T14:44:19.470+0000] GC(27) Min Capacity: 4096M(100%)
[2025-08-01T14:44:19.470+0000] GC(27) Max Capacity: 4096M(100%)
[2025-08-01T14:44:19.470+0000] GC(27) Soft Max Capacity: 4096M(100%)
[2025-08-01T14:44:19.470+0000] GC(27)                Mark Start          Mark End        Relocate Start      Relocate End           High               Low         
[2025-08-01T14:44:19.470+0000] GC(27)  Capacity:     4096M (100%)       4096M (100%)       4096M (100%)       4096M (100%)       4096M (100%)       4096M (100%)   
[2025-08-01T14:44:19.470+0000] GC(27)      Free:     1054M (26%)         384M (9%)         2610M (64%)        2592M (63%)        2614M (64%)         378M (9%)     
[2025-08-01T14:44:19.470+0000] GC(27)      Used:     3042M (74%)        3712M (91%)        1486M (36%)        1504M (37%)        3718M (91%)        1482M (36%)    
[2025-08-01T14:44:19.470+0000] GC(27)      Live:         -               697M (17%)         697M (17%)         697M (17%)            -                  -          
[2025-08-01T14:44:19.470+0000] GC(27) Allocated:         -               670M (16%)         744M (18%)         772M (19%)            -                  -          
[2025-08-01T14:44:19.470+0000] GC(27)   Garbage:         -              2344M (57%)          44M (1%)           34M (1%)             -                  -          
[2025-08-01T14:44:19.470+0000] GC(27) Reclaimed:         -                  -              2300M (56%)        2310M (56%)            -                  -          
[2025-08-01T14:44:19.470+0000] GC(27) Garbage Collection (Allocation Rate) 3042M(74%)->1504M(37%)
[2025-08-01T14:44:19.693+0000] GC(28) Heap before GC invocations=28 (full 28):
[2025-08-01T14:44:19.693+0000] GC(28)  ZHeap           used 2398M, capacity 4096M, max capacity 4096M
[2025-08-01T14:44:19.693+0000] GC(28)  Metaspace       used 10643K, committed 10880K, reserved 1114112K
[2025-08-01T14:44:19.693+0000] GC(28)   class space    used 1265K, committed 1344K, reserved 1048576K
[2025-08-01T14:44:19.693+0000] GC(28) Garbage Collection (Allocation Rate)
[2025-08-01T14:44:19.694+0000] GC(28) Using 2 workers
[2025-08-01T14:44:19.694+0000] GC(28) Pause Mark Start 0.020ms
[2025-08-01T14:44:19.835+0000] GC(28) Concurrent Mark 140.023ms
[2025-08-01T14:44:19.835+0000] GC(28) Pause Mark End 0.019ms
[2025-08-01T14:44:19.835+0000] GC(28) Concurrent Mark Free 0.001ms
[2025-08-01T14:44:19.838+0000] GC(28) Concurrent Process Non-Strong References 2.696ms
[2025-08-01T14:44:19.838+0000] GC(28) Concurrent Reset Relocation Set 0.002ms
[2025-08-01T14:44:19.841+0000] GC(28) Concurrent Select Relocation Set 3.501ms
[2025-08-01T14:44:19.842+0000] GC(28) Pause Relocate Start 0.010ms
[2025-08-01T14:44:19.845+0000] GC(28) Concurrent Relocate 3.621ms
[2025-08-01T14:44:19.846+0000] GC(28) Heap after GC invocations=29 (full 29):
[2025-08-01T14:44:19.846+0000] GC(28)  ZHeap           used 1258M, capacity 4096M, max capacity 4096M
[2025-08-01T14:44:19.846+0000] GC(28)  Metaspace       used 10643K, committed 10880K, reserved 1114112K
[2025-08-01T14:44:19.846+0000] GC(28)   class space    used 1265K, committed 1344K, reserved 1048576K
[2025-08-01T14:44:19.846+0000] GC(28) Load: 0.71/0.24/0.14
[2025-08-01T14:44:19.846+0000] GC(28) MMU: 2ms/93.0%, 5ms/97.2%, 10ms/98.6%, 20ms/99.2%, 50ms/99.7%, 100ms/99.8%
[2025-08-01T14:44:19.846+0000] GC(28) Mark: 2 stripe(s), 2 proactive flush(es), 1 terminate flush(es), 0 completion(s), 0 continuation(s) 
[2025-08-01T14:44:19.846+0000] GC(28) Mark Stack Usage: 32M
[2025-08-01T14:44:19.846+0000] GC(28) NMethods: 1414 registered, 176 unregistered
[2025-08-01T14:44:19.846+0000] GC(28) Metaspace: 10M used, 10M committed, 1088M reserved
[2025-08-01T14:44:19.846+0000] GC(28) Soft: 228 encountered, 0 discovered, 0 enqueued
[2025-08-01T14:44:19.846+0000] GC(28) Weak: 934 encountered, 182 discovered, 0 enqueued
[2025-08-01T14:44:19.846+0000] GC(28) Final: 0 encountered, 0 discovered, 0 enqueued
[2025-08-01T14:44:19.846+0000] GC(28) Phantom: 3 encountered, 1 discovered, 0 enqueued
[2025-08-01T14:44:19.846+0000] GC(28) Small Pages: 1184 / 2368M, Empty: 1832M, Relocated: 2M, In-Place: 0
[2025-08-01T14:44:19.846+0000] GC(28) Medium Pages: 1 / 32M, Empty: 0M, Relocated: 0M, In-Place: 0
[2025-08-01T14:44:19.846+0000] GC(28) Large Pages: 0 / 0M, Empty: 0M, Relocated: 0M, In-Place: 0
[2025-08-01T14:44:19.846+0000] GC(28) Forwarding Usage: 0M
[2025-08-01T14:44:19.846+0000] GC(28) Min Capacity: 4096M(100%)
[2025-08-01T14:44:19.846+0000] GC(28) Max Capacity: 4096M(100%)
[2025-08-01T14:44:19.846+0000] GC(28) Soft Max Capacity: 4096M(100%)
[2025-08-01T14:44:19.846+0000] GC(28)                Mark Start          Mark End        Relocate Start      Relocate End           High               Low         
[2025-08-01T14:44:19.846+0000] GC(28)  Capacity:     4096M (100%)       4096M (100%)       4096M (100%)       4096M (100%)       4096M (100%)       4096M (100%)   
[2025-08-01T14:44:19.846+0000] GC(28)      Free:     1696M (41%)        1010M (25%)        2840M (69%)        2838M (69%)        2846M (69%)        1010M (25%)    
[2025-08-01T14:44:19.846+0000] GC(28)      Used:     2400M (59%)        3086M (75%)        1256M (31%)        1258M (31%)        3086M (75%)        1250M (31%)    
[2025-08-01T14:44:19.846+0000] GC(28)      Live:         -               523M (13%)         523M (13%)         523M (13%)            -                  -          
[2025-08-01T14:44:19.846+0000] GC(28) Allocated:         -               686M (17%)         688M (17%)         701M (17%)            -                  -          
[2025-08-01T14:44:19.846+0000] GC(28)   Garbage:         -              1876M (46%)          44M (1%)           32M (1%)             -                  -          
[2025-08-01T14:44:19.846+0000] GC(28) Reclaimed:         -                  -              1832M (45%)        1843M (45%)            -                  -          
[2025-08-01T14:44:19.846+0000] GC(28) Garbage Collection (Allocation Rate) 2400M(59%)->1258M(31%)
[2025-08-01T14:44:20.193+0000] GC(29) Heap before GC invocations=29 (full 29):
[2025-08-01T14:44:20.193+0000] GC(29)  ZHeap           used 2714M, capacity 4096M, max capacity 4096M
[2025-08-01T14:44:20.193+0000] GC(29)  Metaspace       used 10643K, committed 10880K, reserved 1114112K
[2025-08-01T14:44:20.193+0000] GC(29)   class space    used 1265K, committed 1344K, reserved 1048576K
[2025-08-01T14:44:20.193+0000] GC(29) Garbage Collection (Allocation Rate)
[2025-08-01T14:44:20.193+0000] GC(29) Using 2 workers
[2025-08-01T14:44:20.194+0000] GC(29) Pause Mark Start 0.017ms
[2025-08-01T14:44:20.386+0000] GC(29) Concurrent Mark 191.729ms
[2025-08-01T14:44:20.386+0000] GC(29) Pause Mark End 0.012ms
[2025-08-01T14:44:20.386+0000] GC(29) Concurrent Mark Free 0.002ms
[2025-08-01T14:44:20.388+0000] GC(29) Concurrent Process Non-Strong References 2.435ms
[2025-08-01T14:44:20.388+0000] GC(29) Concurrent Reset Relocation Set 0.002ms
[2025-08-01T14:44:20.392+0000] GC(29) Concurrent Select Relocation Set 3.109ms
[2025-08-01T14:44:20.392+0000] GC(29) Pause Relocate Start 0.009ms
[2025-08-01T14:44:20.392+0000] GC(29) Concurrent Relocate 0.683ms
[2025-08-01T14:44:20.393+0000] GC(29) Heap after GC invocations=30 (full 30):
[2025-08-01T14:44:20.393+0000] GC(29)  ZHeap           used 1576M, capacity 4096M, max capacity 4096M
[2025-08-01T14:44:20.393+0000] GC(29)  Metaspace       used 10643K, committed 10880K, reserved 1114112K
[2025-08-01T14:44:20.393+0000] GC(29)   class space    used 1265K, committed 1344K, reserved 1048576K
[2025-08-01T14:44:20.393+0000] GC(29) Load: 0.71/0.24/0.14
[2025-08-01T14:44:20.393+0000] GC(29) MMU: 2ms/93.0%, 5ms/97.2%, 10ms/98.6%, 20ms/99.2%, 50ms/99.7%, 100ms/99.8%
[2025-08-01T14:44:20.393+0000] GC(29) Mark: 2 stripe(s), 2 proactive flush(es), 1 terminate flush(es), 0 completion(s), 0 continuation(s) 
[2025-08-01T14:44:20.393+0000] GC(29) Mark Stack Usage: 32M
[2025-08-01T14:44:20.393+0000] GC(29) NMethods: 1414 registered, 176 unregistered
[2025-08-01T14:44:20.393+0000] GC(29) Metaspace: 10M used, 10M committed, 1088M reserved
[2025-08-01T14:44:20.393+0000] GC(29) Soft: 228 encountered, 0 discovered, 0 enqueued
[2025-08-01T14:44:20.393+0000] GC(29) Weak: 934 encountered, 723 discovered, 0 enqueued
[2025-08-01T14:44:20.393+0000] GC(29) Final: 0 encountered, 0 discovered, 0 enqueued
[2025-08-01T14:44:20.393+0000] GC(29) Phantom: 3 encountered, 2 discovered, 0 enqueued
[2025-08-01T14:44:20.393+0000] GC(29) Small Pages: 1341 / 2682M, Empty: 1958M, Relocated: 3M, In-Place: 0
[2025-08-01T14:44:20.393+0000] GC(29) Medium Pages: 1 / 32M, Empty: 0M, Relocated: 0M, In-Place: 0
[2025-08-01T14:44:20.393+0000] GC(29) Large Pages: 0 / 0M, Empty: 0M, Relocated: 0M, In-Place: 0
[2025-08-01T14:44:20.393+0000] GC(29) Forwarding Usage: 0M
[2025-08-01T14:44:20.393+0000] GC(29) Min Capacity: 4096M(100%)
[2025-08-01T14:44:20.393+0000] GC(29) Max Capacity: 4096M(100%)
[2025-08-01T14:44:20.393+0000] GC(29) Soft Max Capacity: 4096M(100%)
[2025-08-01T14:44:20.393+0000] GC(29)                Mark Start          Mark End        Relocate Start      Relocate End           High               Low         
[2025-08-01T14:44:20.393+0000] GC(29)  Capacity:     4096M (100%)       4096M (100%)       4096M (100%)       4096M (100%)       4096M (100%)       4096M (100%)   
[2025-08-01T14:44:20.393+0000] GC(29)      Free:     1382M (34%)         552M (13%)        2510M (61%)        2520M (62%)        2520M (62%)         552M (13%)    
[2025-08-01T14:44:20.393+0000] GC(29)      Used:     2714M (66%)        3544M (87%)        1586M (39%)        1576M (38%)        3544M (87%)        1576M (38%)    
[2025-08-01T14:44:20.393+0000] GC(29)      Live:         -               712M (17%)         712M (17%)         712M (17%)            -                  -          
[2025-08-01T14:44:20.393+0000] GC(29) Allocated:         -               830M (20%)         830M (20%)         830M (20%)            -                  -          
[2025-08-01T14:44:20.393+0000] GC(29)   Garbage:         -              2001M (49%)          43M (1%)           33M (1%)             -                  -          
[2025-08-01T14:44:20.393+0000] GC(29) Reclaimed:         -                  -              1958M (48%)        1968M (48%)            -                  -          
[2025-08-01T14:44:20.393+0000] GC(29) Garbage Collection (Allocation Rate) 2714M(66%)->1576M(38%)
[2025-08-01T14:44:20.594+0000] GC(30) Heap before GC invocations=30 (full 30):
[2025-08-01T14:44:20.594+0000] GC(30)  ZHeap           used 2648M, capacity 4096M, max capacity 4096M
[2025-08-01T14:44:20.594+0000] GC(30)  Metaspace       used 10643K, committed 10880K, reserved 1114112K
[2025-08-01T14:44:20.594+0000] GC(30)   class space    used 1265K, committed 1344K, reserved 1048576K
[2025-08-01T14:44:20.594+0000] GC(30) Garbage Collection (Allocation Rate)
[2025-08-01T14:44:20.594+0000] GC(30) Using 2 workers
[2025-08-01T14:44:20.595+0000] GC(30) Pause Mark Start 0.012ms
[2025-08-01T14:44:20.810+0000] GC(30) Concurrent Mark 214.604ms
[2025-08-01T14:44:20.810+0000] GC(30) Pause Mark End 0.018ms
[2025-08-01T14:44:20.810+0000] GC(30) Concurrent Mark Free 0.001ms
[2025-08-01T14:44:20.813+0000] GC(30) Concurrent Process Non-Strong References 2.732ms
[2025-08-01T14:44:20.813+0000] GC(30) Concurrent Reset Relocation Set 0.002ms
[2025-08-01T14:44:20.816+0000] GC(30) Concurrent Select Relocation Set 3.197ms
[2025-08-01T14:44:20.816+0000] GC(30) Pause Relocate Start 0.012ms
[2025-08-01T14:44:20.818+0000] GC(30) Concurrent Relocate 1.897ms
[2025-08-01T14:44:20.818+0000] GC(30) Heap after GC invocations=31 (full 31):
[2025-08-01T14:44:20.818+0000] GC(30)  ZHeap           used 1798M, capacity 4096M, max capacity 4096M
[2025-08-01T14:44:20.818+0000] GC(30)  Metaspace       used 10643K, committed 10880K, reserved 1114112K
[2025-08-01T14:44:20.818+0000] GC(30)   class space    used 1265K, committed 1344K, reserved 1048576K
[2025-08-01T14:44:20.818+0000] GC(30) Load: 0.71/0.24/0.14
[2025-08-01T14:44:20.818+0000] GC(30) MMU: 2ms/93.0%, 5ms/97.2%, 10ms/98.6%, 20ms/99.2%, 50ms/99.7%, 100ms/99.8%
[2025-08-01T14:44:20.818+0000] GC(30) Mark: 2 stripe(s), 3 proactive flush(es), 1 terminate flush(es), 0 completion(s), 0 continuation(s) 
[2025-08-01T14:44:20.818+0000] GC(30) Mark Stack Usage: 32M
[2025-08-01T14:44:20.818+0000] GC(30) NMethods: 1414 registered, 176 unregistered
[2025-08-01T14:44:20.818+0000] GC(30) Metaspace: 10M used, 10M committed, 1088M reserved
[2025-08-01T14:44:20.818+0000] GC(30) Soft: 228 encountered, 0 discovered, 0 enqueued
[2025-08-01T14:44:20.818+0000] GC(30) Weak: 934 encountered, 724 discovered, 0 enqueued
[2025-08-01T14:44:20.818+0000] GC(30) Final: 0 encountered, 0 discovered, 0 enqueued
[2025-08-01T14:44:20.818+0000] GC(30) Phantom: 3 encountered, 1 discovered, 0 enqueued
[2025-08-01T14:44:20.818+0000] GC(30) Small Pages: 1311 / 2622M, Empty: 1704M, Relocated: 5M, In-Place: 0
[2025-08-01T14:44:20.819+0000] GC(30) Medium Pages: 1 / 32M, Empty: 0M, Relocated: 0M, In-Place: 0
[2025-08-01T14:44:20.819+0000] GC(30) Large Pages: 0 / 0M, Empty: 0M, Relocated: 0M, In-Place: 0
[2025-08-01T14:44:20.819+0000] GC(30) Forwarding Usage: 0M
[2025-08-01T14:44:20.819+0000] GC(30) Min Capacity: 4096M(100%)
[2025-08-01T14:44:20.819+0000] GC(30) Max Capacity: 4096M(100%)
[2025-08-01T14:44:20.819+0000] GC(30) Soft Max Capacity: 4096M(100%)
[2025-08-01T14:44:20.819+0000] GC(30)                Mark Start          Mark End        Relocate Start      Relocate End           High               Low         
[2025-08-01T14:44:20.819+0000] GC(30)  Capacity:     4096M (100%)       4096M (100%)       4096M (100%)       4096M (100%)       4096M (100%)       4096M (100%)   
[2025-08-01T14:44:20.819+0000] GC(30)      Free:     1442M (35%)         580M (14%)        2284M (56%)        2298M (56%)        2298M (56%)         580M (14%)    
[2025-08-01T14:44:20.819+0000] GC(30)      Used:     2654M (65%)        3516M (86%)        1812M (44%)        1798M (44%)        3516M (86%)        1798M (44%)    
[2025-08-01T14:44:20.819+0000] GC(30)      Live:         -               901M (22%)         901M (22%)         901M (22%)            -                  -          
[2025-08-01T14:44:20.819+0000] GC(30) Allocated:         -               862M (21%)         862M (21%)         862M (21%)            -                  -          
[2025-08-01T14:44:20.819+0000] GC(30)   Garbage:         -              1752M (43%)          48M (1%)           34M (1%)             -                  -          
[2025-08-01T14:44:20.819+0000] GC(30) Reclaimed:         -                  -              1704M (42%)        1718M (42%)            -                  -          
[2025-08-01T14:44:20.819+0000] GC(30) Garbage Collection (Allocation Rate) 2654M(65%)->1798M(44%)
[2025-08-01T14:44:20.894+0000] GC(31) Heap before GC invocations=31 (full 31):
[2025-08-01T14:44:20.894+0000] GC(31)  ZHeap           used 2166M, capacity 4096M, max capacity 4096M
[2025-08-01T14:44:20.894+0000] GC(31)  Metaspace       used 10643K, committed 10880K, reserved 1114112K
[2025-08-01T14:44:20.894+0000] GC(31)   class space    used 1265K, committed 1344K, reserved 1048576K
[2025-08-01T14:44:20.894+0000] GC(31) Garbage Collection (Allocation Rate)
[2025-08-01T14:44:20.894+0000] GC(31) Using 2 workers
[2025-08-01T14:44:20.894+0000] GC(31) Pause Mark Start 0.008ms
[2025-08-01T14:44:20.978+0000] GC(31) Concurrent Mark 83.937ms
[2025-08-01T14:44:20.978+0000] GC(31) Pause Mark End 0.069ms
[2025-08-01T14:44:20.978+0000] GC(31) Concurrent Mark Free 0.001ms
[2025-08-01T14:44:20.981+0000] GC(31) Concurrent Process Non-Strong References 2.969ms
[2025-08-01T14:44:20.981+0000] GC(31) Concurrent Reset Relocation Set 0.001ms
[2025-08-01T14:44:20.984+0000] GC(31) Concurrent Select Relocation Set 2.535ms
[2025-08-01T14:44:20.984+0000] GC(31) Pause Relocate Start 0.009ms
[2025-08-01T14:44:20.985+0000] GC(31) Concurrent Relocate 0.779ms
[2025-08-01T14:44:20.985+0000] GC(31) Heap after GC invocations=32 (full 32):
[2025-08-01T14:44:20.985+0000] GC(31)  ZHeap           used 690M, capacity 4096M, max capacity 4096M
[2025-08-01T14:44:20.985+0000] GC(31)  Metaspace       used 10643K, committed 10880K, reserved 1114112K
[2025-08-01T14:44:20.985+0000] GC(31)   class space    used 1265K, committed 1344K, reserved 1048576K
[2025-08-01T14:44:20.985+0000] GC(31) Load: 0.71/0.24/0.14
[2025-08-01T14:44:20.985+0000] GC(31) MMU: 2ms/93.0%, 5ms/97.2%, 10ms/98.6%, 20ms/99.2%, 50ms/99.7%, 100ms/99.8%
[2025-08-01T14:44:20.985+0000] GC(31) Mark: 2 stripe(s), 2 proactive flush(es), 1 terminate flush(es), 0 completion(s), 0 continuation(s) 
[2025-08-01T14:44:20.985+0000] GC(31) Mark Stack Usage: 32M
[2025-08-01T14:44:20.985+0000] GC(31) NMethods: 1414 registered, 176 unregistered
[2025-08-01T14:44:20.985+0000] GC(31) Metaspace: 10M used, 10M committed, 1088M reserved
[2025-08-01T14:44:20.985+0000] GC(31) Soft: 228 encountered, 0 discovered, 0 enqueued
[2025-08-01T14:44:20.985+0000] GC(31) Weak: 934 encountered, 704 discovered, 0 enqueued
[2025-08-01T14:44:20.985+0000] GC(31) Final: 0 encountered, 0 discovered, 0 enqueued
[2025-08-01T14:44:20.985+0000] GC(31) Phantom: 3 encountered, 1 discovered, 0 enqueued
[2025-08-01T14:44:20.985+0000] GC(31) Small Pages: 1067 / 2134M, Empty: 1838M, Relocated: 2M, In-Place: 0
[2025-08-01T14:44:20.985+0000] GC(31) Medium Pages: 1 / 32M, Empty: 0M, Relocated: 0M, In-Place: 0
[2025-08-01T14:44:20.985+0000] GC(31) Large Pages: 0 / 0M, Empty: 0M, Relocated: 0M, In-Place: 0
[2025-08-01T14:44:20.985+0000] GC(31) Forwarding Usage: 0M
[2025-08-01T14:44:20.985+0000] GC(31) Min Capacity: 4096M(100%)
[2025-08-01T14:44:20.985+0000] GC(31) Max Capacity: 4096M(100%)
[2025-08-01T14:44:20.985+0000] GC(31) Soft Max Capacity: 4096M(100%)
[2025-08-01T14:44:20.985+0000] GC(31)                Mark Start          Mark End        Relocate Start      Relocate End           High               Low         
[2025-08-01T14:44:20.985+0000] GC(31)  Capacity:     4096M (100%)       4096M (100%)       4096M (100%)       4096M (100%)       4096M (100%)       4096M (100%)   
[2025-08-01T14:44:20.985+0000] GC(31)      Free:     1930M (47%)        1560M (38%)        3398M (83%)        3406M (83%)        3406M (83%)        1560M (38%)    
[2025-08-01T14:44:20.985+0000] GC(31)      Used:     2166M (53%)        2536M (62%)         698M (17%)         690M (17%)        2536M (62%)         690M (17%)    
[2025-08-01T14:44:20.985+0000] GC(31)      Live:         -               288M (7%)          288M (7%)          288M (7%)             -                  -          
[2025-08-01T14:44:20.985+0000] GC(31) Allocated:         -               370M (9%)          370M (9%)          370M (9%)             -                  -          
[2025-08-01T14:44:20.985+0000] GC(31)   Garbage:         -              1877M (46%)          39M (1%)           31M (1%)             -                  -          
[2025-08-01T14:44:20.985+0000] GC(31) Reclaimed:         -                  -              1838M (45%)        1846M (45%)            -                  -          
[2025-08-01T14:44:20.985+0000] GC(31) Garbage Collection (Allocation Rate) 2166M(53%)->690M(17%)
[2025-08-01T14:44:21.294+0000] GC(32) Heap before GC invocations=32 (full 32):
[2025-08-01T14:44:21.294+0000] GC(32)  ZHeap           used 2162M, capacity 4096M, max capacity 4096M
[2025-08-01T14:44:21.294+0000] GC(32)  Metaspace       used 10643K, committed 10880K, reserved 1114112K
[2025-08-01T14:44:21.294+0000] GC(32)   class space    used 1265K, committed 1344K, reserved 1048576K
[2025-08-01T14:44:21.294+0000] GC(32) Garbage Collection (Allocation Rate)
[2025-08-01T14:44:21.294+0000] GC(32) Using 2 workers
[2025-08-01T14:44:21.294+0000] GC(32) Pause Mark Start 0.017ms
[2025-08-01T14:44:21.414+0000] GC(32) Concurrent Mark 119.213ms
[2025-08-01T14:44:21.414+0000] GC(32) Pause Mark End 0.120ms
[2025-08-01T14:44:21.414+0000] GC(32) Concurrent Mark Free 0.002ms
[2025-08-01T14:44:21.417+0000] GC(32) Concurrent Process Non-Strong References 3.157ms
[2025-08-01T14:44:21.418+0000] GC(32) Concurrent Reset Relocation Set 0.003ms
[2025-08-01T14:44:21.422+0000] GC(32) Concurrent Select Relocation Set 4.825ms
[2025-08-01T14:44:21.423+0000] GC(32) Pause Relocate Start 0.012ms
[2025-08-01T14:44:21.424+0000] GC(32) Concurrent Relocate 0.948ms
[2025-08-01T14:44:21.424+0000] GC(32) Heap after GC invocations=33 (full 33):
[2025-08-01T14:44:21.424+0000] GC(32)  ZHeap           used 696M, capacity 4096M, max capacity 4096M
[2025-08-01T14:44:21.424+0000] GC(32)  Metaspace       used 10643K, committed 10880K, reserved 1114112K
[2025-08-01T14:44:21.424+0000] GC(32)   class space    used 1265K, committed 1344K, reserved 1048576K
[2025-08-01T14:44:21.424+0000] GC(32) Load: 0.82/0.27/0.15
[2025-08-01T14:44:21.424+0000] GC(32) MMU: 2ms/93.0%, 5ms/97.2%, 10ms/98.6%, 20ms/99.2%, 50ms/99.7%, 100ms/99.8%
[2025-08-01T14:44:21.424+0000] GC(32) Mark: 2 stripe(s), 2 proactive flush(es), 1 terminate flush(es), 0 completion(s), 0 continuation(s) 
[2025-08-01T14:44:21.424+0000] GC(32) Mark Stack Usage: 32M
[2025-08-01T14:44:21.424+0000] GC(32) NMethods: 1414 registered, 176 unregistered
[2025-08-01T14:44:21.424+0000] GC(32) Metaspace: 10M used, 10M committed, 1088M reserved
[2025-08-01T14:44:21.424+0000] GC(32) Soft: 228 encountered, 0 discovered, 0 enqueued
[2025-08-01T14:44:21.424+0000] GC(32) Weak: 934 encountered, 705 discovered, 0 enqueued
[2025-08-01T14:44:21.424+0000] GC(32) Final: 0 encountered, 0 discovered, 0 enqueued
[2025-08-01T14:44:21.424+0000] GC(32) Phantom: 3 encountered, 1 discovered, 0 enqueued
[2025-08-01T14:44:21.424+0000] GC(32) Small Pages: 1065 / 2130M, Empty: 1836M, Relocated: 1M, In-Place: 0
[2025-08-01T14:44:21.424+0000] GC(32) Medium Pages: 1 / 32M, Empty: 0M, Relocated: 0M, In-Place: 0
[2025-08-01T14:44:21.424+0000] GC(32) Large Pages: 0 / 0M, Empty: 0M, Relocated: 0M, In-Place: 0
[2025-08-01T14:44:21.424+0000] GC(32) Forwarding Usage: 0M
[2025-08-01T14:44:21.424+0000] GC(32) Min Capacity: 4096M(100%)
[2025-08-01T14:44:21.424+0000] GC(32) Max Capacity: 4096M(100%)
[2025-08-01T14:44:21.424+0000] GC(32) Soft Max Capacity: 4096M(100%)
[2025-08-01T14:44:21.424+0000] GC(32)                Mark Start          Mark End        Relocate Start      Relocate End           High               Low         
[2025-08-01T14:44:21.424+0000] GC(32)  Capacity:     4096M (100%)       4096M (100%)       4096M (100%)       4096M (100%)       4096M (100%)       4096M (100%)   
[2025-08-01T14:44:21.424+0000] GC(32)      Free:     1934M (47%)        1564M (38%)        3400M (83%)        3402M (83%)        3402M (83%)        1564M (38%)    
[2025-08-01T14:44:21.424+0000] GC(32)      Used:     2162M (53%)        2532M (62%)         696M (17%)         694M (17%)        2532M (62%)         694M (17%)    
[2025-08-01T14:44:21.424+0000] GC(32)      Live:         -               288M (7%)          288M (7%)          288M (7%)             -                  -          
[2025-08-01T14:44:21.424+0000] GC(32) Allocated:         -               370M (9%)          370M (9%)          372M (9%)             -                  -          
[2025-08-01T14:44:21.424+0000] GC(32)   Garbage:         -              1873M (46%)          37M (1%)           33M (1%)             -                  -          
[2025-08-01T14:44:21.424+0000] GC(32) Reclaimed:         -                  -              1836M (45%)        1840M (45%)            -                  -          
[2025-08-01T14:44:21.424+0000] GC(32) Garbage Collection (Allocation Rate) 2162M(53%)->694M(17%)
[2025-08-01T14:44:21.794+0000] GC(33) Heap before GC invocations=33 (full 33):
[2025-08-01T14:44:21.794+0000] GC(33)  ZHeap           used 2560M, capacity 4096M, max capacity 4096M
[2025-08-01T14:44:21.794+0000] GC(33)  Metaspace       used 10643K, committed 10880K, reserved 1114112K
[2025-08-01T14:44:21.794+0000] GC(33)   class space    used 1265K, committed 1344K, reserved 1048576K
[2025-08-01T14:44:21.794+0000] GC(33) Garbage Collection (Allocation Rate)
[2025-08-01T14:44:21.794+0000] GC(33) Using 2 workers
[2025-08-01T14:44:21.795+0000] GC(33) Pause Mark Start 0.014ms
[2025-08-01T14:44:21.955+0000] GC(33) Concurrent Mark 159.179ms
[2025-08-01T14:44:21.955+0000] GC(33) Pause Mark End 0.017ms
[2025-08-01T14:44:21.955+0000] GC(33) Concurrent Mark Free 0.002ms
[2025-08-01T14:44:21.958+0000] GC(33) Concurrent Process Non-Strong References 3.375ms
[2025-08-01T14:44:21.958+0000] GC(33) Concurrent Reset Relocation Set 0.002ms
[2025-08-01T14:44:21.962+0000] GC(33) Concurrent Select Relocation Set 3.339ms
[2025-08-01T14:44:21.962+0000] GC(33) Pause Relocate Start 0.011ms
[2025-08-01T14:44:21.963+0000] GC(33) Concurrent Relocate 1.127ms
[2025-08-01T14:44:21.963+0000] GC(33) Heap after GC invocations=34 (full 34):
[2025-08-01T14:44:21.963+0000] GC(33)  ZHeap           used 1520M, capacity 4096M, max capacity 4096M
[2025-08-01T14:44:21.963+0000] GC(33)  Metaspace       used 10643K, committed 10880K, reserved 1114112K
[2025-08-01T14:44:21.963+0000] GC(33)   class space    used 1265K, committed 1344K, reserved 1048576K
[2025-08-01T14:44:21.963+0000] GC(33) Load: 0.82/0.27/0.15
[2025-08-01T14:44:21.963+0000] GC(33) MMU: 2ms/93.0%, 5ms/97.2%, 10ms/98.6%, 20ms/99.2%, 50ms/99.7%, 100ms/99.8%
[2025-08-01T14:44:21.963+0000] GC(33) Mark: 2 stripe(s), 2 proactive flush(es), 1 terminate flush(es), 0 completion(s), 0 continuation(s) 
[2025-08-01T14:44:21.963+0000] GC(33) Mark Stack Usage: 32M
[2025-08-01T14:44:21.963+0000] GC(33) NMethods: 1414 registered, 176 unregistered
[2025-08-01T14:44:21.963+0000] GC(33) Metaspace: 10M used, 10M committed, 1088M reserved
[2025-08-01T14:44:21.963+0000] GC(33) Soft: 228 encountered, 0 discovered, 0 enqueued
[2025-08-01T14:44:21.963+0000] GC(33) Weak: 934 encountered, 1 discovered, 0 enqueued
[2025-08-01T14:44:21.963+0000] GC(33) Final: 0 encountered, 0 discovered, 0 enqueued
[2025-08-01T14:44:21.963+0000] GC(33) Phantom: 3 encountered, 1 discovered, 0 enqueued
[2025-08-01T14:44:21.963+0000] GC(33) Small Pages: 1265 / 2530M, Empty: 1832M, Relocated: 3M, In-Place: 0
[2025-08-01T14:44:21.963+0000] GC(33) Medium Pages: 1 / 32M, Empty: 0M, Relocated: 0M, In-Place: 0
[2025-08-01T14:44:21.963+0000] GC(33) Large Pages: 0 / 0M, Empty: 0M, Relocated: 0M, In-Place: 0
[2025-08-01T14:44:21.963+0000] GC(33) Forwarding Usage: 0M
[2025-08-01T14:44:21.963+0000] GC(33) Min Capacity: 4096M(100%)
[2025-08-01T14:44:21.963+0000] GC(33) Max Capacity: 4096M(100%)
[2025-08-01T14:44:21.963+0000] GC(33) Soft Max Capacity: 4096M(100%)
[2025-08-01T14:44:21.963+0000] GC(33)                Mark Start          Mark End        Relocate Start      Relocate End           High               Low         
[2025-08-01T14:44:21.963+0000] GC(33)  Capacity:     4096M (100%)       4096M (100%)       4096M (100%)       4096M (100%)       4096M (100%)       4096M (100%)   
[2025-08-01T14:44:21.963+0000] GC(33)      Free:     1534M (37%)         732M (18%)        2564M (63%)        2576M (63%)        2576M (63%)         732M (18%)    
[2025-08-01T14:44:21.963+0000] GC(33)      Used:     2562M (63%)        3364M (82%)        1532M (37%)        1520M (37%)        3364M (82%)        1520M (37%)    
[2025-08-01T14:44:21.964+0000] GC(33)      Live:         -               684M (17%)         684M (17%)         684M (17%)            -                  -          
[2025-08-01T14:44:21.964+0000] GC(33) Allocated:         -               802M (20%)         802M (20%)         802M (20%)            -                  -          
[2025-08-01T14:44:21.964+0000] GC(33)   Garbage:         -              1877M (46%)          45M (1%)           33M (1%)             -                  -          
[2025-08-01T14:44:21.964+0000] GC(33) Reclaimed:         -                  -              1832M (45%)        1844M (45%)            -                  -          
[2025-08-01T14:44:21.964+0000] GC(33) Garbage Collection (Allocation Rate) 2562M(63%)->1520M(37%)
[2025-08-01T14:44:22.193+0000] GC(34) Heap before GC invocations=34 (full 34):
[2025-08-01T14:44:22.193+0000] GC(34)  ZHeap           used 2576M, capacity 4096M, max capacity 4096M
[2025-08-01T14:44:22.193+0000] GC(34)  Metaspace       used 10643K, committed 10880K, reserved 1114112K
[2025-08-01T14:44:22.193+0000] GC(34)   class space    used 1265K, committed 1344K, reserved 1048576K
[2025-08-01T14:44:22.194+0000] GC(34) Garbage Collection (Allocation Rate)
[2025-08-01T14:44:22.194+0000] GC(34) Using 2 workers
[2025-08-01T14:44:22.195+0000] GC(34) Pause Mark Start 0.021ms
[2025-08-01T14:44:22.428+0000] GC(34) Concurrent Mark 231.872ms
[2025-08-01T14:44:22.428+0000] GC(34) Pause Mark End 0.016ms
[2025-08-01T14:44:22.428+0000] GC(34) Concurrent Mark Free 0.001ms
[2025-08-01T14:44:22.431+0000] GC(34) Concurrent Process Non-Strong References 3.141ms
[2025-08-01T14:44:22.431+0000] GC(34) Concurrent Reset Relocation Set 0.002ms
[2025-08-01T14:44:22.436+0000] GC(34) Concurrent Select Relocation Set 5.236ms
[2025-08-01T14:44:22.437+0000] GC(34) Pause Relocate Start 0.015ms
[2025-08-01T14:44:22.439+0000] GC(34) Concurrent Relocate 2.326ms
[2025-08-01T14:44:22.439+0000] GC(34) Heap after GC invocations=35 (full 35):
[2025-08-01T14:44:22.439+0000] GC(34)  ZHeap           used 1546M, capacity 4096M, max capacity 4096M
[2025-08-01T14:44:22.439+0000] GC(34)  Metaspace       used 10643K, committed 10880K, reserved 1114112K
[2025-08-01T14:44:22.439+0000] GC(34)   class space    used 1265K, committed 1344K, reserved 1048576K
[2025-08-01T14:44:22.439+0000] GC(34) Load: 0.82/0.27/0.15
[2025-08-01T14:44:22.439+0000] GC(34) MMU: 2ms/93.0%, 5ms/97.2%, 10ms/98.6%, 20ms/99.2%, 50ms/99.7%, 100ms/99.8%
[2025-08-01T14:44:22.439+0000] GC(34) Mark: 2 stripe(s), 2 proactive flush(es), 1 terminate flush(es), 0 completion(s), 0 continuation(s) 
[2025-08-01T14:44:22.439+0000] GC(34) Mark Stack Usage: 32M
[2025-08-01T14:44:22.439+0000] GC(34) NMethods: 1414 registered, 176 unregistered
[2025-08-01T14:44:22.439+0000] GC(34) Metaspace: 10M used, 10M committed, 1088M reserved
[2025-08-01T14:44:22.439+0000] GC(34) Soft: 228 encountered, 0 discovered, 0 enqueued
[2025-08-01T14:44:22.439+0000] GC(34) Weak: 934 encountered, 33 discovered, 0 enqueued
[2025-08-01T14:44:22.439+0000] GC(34) Final: 0 encountered, 0 discovered, 0 enqueued
[2025-08-01T14:44:22.439+0000] GC(34) Phantom: 3 encountered, 2 discovered, 0 enqueued
[2025-08-01T14:44:22.439+0000] GC(34) Small Pages: 1273 / 2546M, Empty: 1892M, Relocated: 6M, In-Place: 0
[2025-08-01T14:44:22.439+0000] GC(34) Medium Pages: 1 / 32M, Empty: 0M, Relocated: 0M, In-Place: 0
[2025-08-01T14:44:22.440+0000] GC(34) Large Pages: 0 / 0M, Empty: 0M, Relocated: 0M, In-Place: 0
[2025-08-01T14:44:22.440+0000] GC(34) Forwarding Usage: 0M
[2025-08-01T14:44:22.440+0000] GC(34) Min Capacity: 4096M(100%)
[2025-08-01T14:44:22.440+0000] GC(34) Max Capacity: 4096M(100%)
[2025-08-01T14:44:22.440+0000] GC(34) Soft Max Capacity: 4096M(100%)
[2025-08-01T14:44:22.440+0000] GC(34)                Mark Start          Mark End        Relocate Start      Relocate End           High               Low         
[2025-08-01T14:44:22.440+0000] GC(34)  Capacity:     4096M (100%)       4096M (100%)       4096M (100%)       4096M (100%)       4096M (100%)       4096M (100%)   
[2025-08-01T14:44:22.440+0000] GC(34)      Free:     1518M (37%)         642M (16%)        2534M (62%)        2550M (62%)        2550M (62%)         642M (16%)    
[2025-08-01T14:44:22.440+0000] GC(34)      Used:     2578M (63%)        3454M (84%)        1562M (38%)        1546M (38%)        3454M (84%)        1546M (38%)    
[2025-08-01T14:44:22.440+0000] GC(34)      Live:         -               635M (16%)         635M (16%)         635M (16%)            -                  -          
[2025-08-01T14:44:22.440+0000] GC(34) Allocated:         -               876M (21%)         876M (21%)         876M (21%)            -                  -          
[2025-08-01T14:44:22.440+0000] GC(34)   Garbage:         -              1942M (47%)          50M (1%)           34M (1%)             -                  -          
[2025-08-01T14:44:22.440+0000] GC(34) Reclaimed:         -                  -              1892M (46%)        1908M (47%)            -                  -          
[2025-08-01T14:44:22.440+0000] GC(34) Garbage Collection (Allocation Rate) 2578M(63%)->1546M(38%)
[2025-08-01T14:44:22.492+0000] GC(35) Heap before GC invocations=35 (full 35):
[2025-08-01T14:44:22.492+0000] GC(35)  ZHeap           used 1898M, capacity 4096M, max capacity 4096M
[2025-08-01T14:44:22.492+0000] GC(35)  Metaspace       used 10643K, committed 10880K, reserved 1114112K
[2025-08-01T14:44:22.492+0000] GC(35)   class space    used 1265K, committed 1344K, reserved 1048576K
[2025-08-01T14:44:22.492+0000] GC(35) Garbage Collection (Allocation Rate)
[2025-08-01T14:44:22.492+0000] GC(35) Using 2 workers
[2025-08-01T14:44:22.495+0000] GC(35) Pause Mark Start 0.015ms
[2025-08-01T14:44:22.608+0000] GC(35) Concurrent Mark 113.570ms
[2025-08-01T14:44:22.609+0000] GC(35) Pause Mark End 0.018ms
[2025-08-01T14:44:22.609+0000] GC(35) Concurrent Mark Free 0.003ms
[2025-08-01T14:44:22.613+0000] GC(35) Concurrent Process Non-Strong References 3.872ms
[2025-08-01T14:44:22.613+0000] GC(35) Concurrent Reset Relocation Set 0.002ms
[2025-08-01T14:44:22.616+0000] GC(35) Concurrent Select Relocation Set 3.117ms
[2025-08-01T14:44:22.616+0000] GC(35) Pause Relocate Start 0.014ms
[2025-08-01T14:44:22.619+0000] GC(35) Concurrent Relocate 2.546ms
[2025-08-01T14:44:22.619+0000] GC(35) Heap after GC invocations=36 (full 36):
[2025-08-01T14:44:22.619+0000] GC(35)  ZHeap           used 764M, capacity 4096M, max capacity 4096M
[2025-08-01T14:44:22.619+0000] GC(35)  Metaspace       used 10643K, committed 10880K, reserved 1114112K
[2025-08-01T14:44:22.619+0000] GC(35)   class space    used 1265K, committed 1344K, reserved 1048576K
[2025-08-01T14:44:22.619+0000] GC(35) Load: 0.82/0.27/0.15
[2025-08-01T14:44:22.619+0000] GC(35) MMU: 2ms/93.0%, 5ms/97.2%, 10ms/98.6%, 20ms/99.2%, 50ms/99.7%, 100ms/99.8%
[2025-08-01T14:44:22.619+0000] GC(35) Mark: 2 stripe(s), 2 proactive flush(es), 1 terminate flush(es), 0 completion(s), 0 continuation(s) 
[2025-08-01T14:44:22.619+0000] GC(35) Mark Stack Usage: 32M
[2025-08-01T14:44:22.619+0000] GC(35) NMethods: 1414 registered, 176 unregistered
[2025-08-01T14:44:22.619+0000] GC(35) Metaspace: 10M used, 10M committed, 1088M reserved
[2025-08-01T14:44:22.619+0000] GC(35) Soft: 228 encountered, 0 discovered, 0 enqueued
[2025-08-01T14:44:22.619+0000] GC(35) Weak: 934 encountered, 726 discovered, 0 enqueued
[2025-08-01T14:44:22.619+0000] GC(35) Final: 0 encountered, 0 discovered, 0 enqueued
[2025-08-01T14:44:22.619+0000] GC(35) Phantom: 3 encountered, 1 discovered, 0 enqueued
[2025-08-01T14:44:22.619+0000] GC(35) Small Pages: 938 / 1876M, Empty: 1502M, Relocated: 10M, In-Place: 0
[2025-08-01T14:44:22.619+0000] GC(35) Medium Pages: 1 / 32M, Empty: 0M, Relocated: 0M, In-Place: 0
[2025-08-01T14:44:22.619+0000] GC(35) Large Pages: 0 / 0M, Empty: 0M, Relocated: 0M, In-Place: 0
[2025-08-01T14:44:22.619+0000] GC(35) Forwarding Usage: 0M
[2025-08-01T14:44:22.619+0000] GC(35) Min Capacity: 4096M(100%)
[2025-08-01T14:44:22.619+0000] GC(35) Max Capacity: 4096M(100%)
[2025-08-01T14:44:22.619+0000] GC(35) Soft Max Capacity: 4096M(100%)
[2025-08-01T14:44:22.619+0000] GC(35)                Mark Start          Mark End        Relocate Start      Relocate End           High               Low         
[2025-08-01T14:44:22.619+0000] GC(35)  Capacity:     4096M (100%)       4096M (100%)       4096M (100%)       4096M (100%)       4096M (100%)       4096M (100%)   
[2025-08-01T14:44:22.619+0000] GC(35)      Free:     2188M (53%)        1810M (44%)        3312M (81%)        3332M (81%)        3332M (81%)        1810M (44%)    
[2025-08-01T14:44:22.619+0000] GC(35)      Used:     1908M (47%)        2286M (56%)         784M (19%)         764M (19%)        2286M (56%)         764M (19%)    
[2025-08-01T14:44:22.619+0000] GC(35)      Live:         -               352M (9%)          352M (9%)          352M (9%)             -                  -          
[2025-08-01T14:44:22.619+0000] GC(35) Allocated:         -               378M (9%)          378M (9%)          378M (9%)             -                  -          
[2025-08-01T14:44:22.619+0000] GC(35)   Garbage:         -              1555M (38%)          53M (1%)           33M (1%)             -                  -          
[2025-08-01T14:44:22.619+0000] GC(35) Reclaimed:         -                  -              1502M (37%)        1522M (37%)            -                  -          
[2025-08-01T14:44:22.619+0000] GC(35) Garbage Collection (Allocation Rate) 1908M(47%)->764M(19%)
[2025-08-01T14:44:22.995+0000] GC(36) Heap before GC invocations=36 (full 36):
[2025-08-01T14:44:22.995+0000] GC(36)  ZHeap           used 2462M, capacity 4096M, max capacity 4096M
[2025-08-01T14:44:22.995+0000] GC(36)  Metaspace       used 10643K, committed 10880K, reserved 1114112K
[2025-08-01T14:44:22.995+0000] GC(36)   class space    used 1265K, committed 1344K, reserved 1048576K
[2025-08-01T14:44:22.995+0000] GC(36) Garbage Collection (Allocation Rate)
[2025-08-01T14:44:22.995+0000] GC(36) Using 2 workers
[2025-08-01T14:44:22.995+0000] GC(36) Pause Mark Start 0.011ms
[2025-08-01T14:44:23.079+0000] GC(36) Concurrent Mark 83.254ms
[2025-08-01T14:44:23.079+0000] GC(36) Pause Mark End 0.020ms
[2025-08-01T14:44:23.079+0000] GC(36) Concurrent Mark Free 0.002ms
[2025-08-01T14:44:23.084+0000] GC(36) Concurrent Process Non-Strong References 4.255ms
[2025-08-01T14:44:23.084+0000] GC(36) Concurrent Reset Relocation Set 0.004ms
[2025-08-01T14:44:23.088+0000] GC(36) Concurrent Select Relocation Set 4.167ms
[2025-08-01T14:44:23.088+0000] GC(36) Pause Relocate Start 0.013ms
[2025-08-01T14:44:23.090+0000] GC(36) Concurrent Relocate 1.778ms
[2025-08-01T14:44:23.090+0000] GC(36) Heap after GC invocations=37 (full 37):
[2025-08-01T14:44:23.090+0000] GC(36)  ZHeap           used 848M, capacity 4096M, max capacity 4096M
[2025-08-01T14:44:23.090+0000] GC(36)  Metaspace       used 10643K, committed 10880K, reserved 1114112K
[2025-08-01T14:44:23.090+0000] GC(36)   class space    used 1265K, committed 1344K, reserved 1048576K
[2025-08-01T14:44:23.090+0000] GC(36) Load: 0.82/0.27/0.15
[2025-08-01T14:44:23.090+0000] GC(36) MMU: 2ms/93.0%, 5ms/97.2%, 10ms/98.6%, 20ms/99.2%, 50ms/99.7%, 100ms/99.8%
[2025-08-01T14:44:23.091+0000] GC(36) Mark: 2 stripe(s), 2 proactive flush(es), 1 terminate flush(es), 0 completion(s), 0 continuation(s) 
[2025-08-01T14:44:23.091+0000] GC(36) Mark Stack Usage: 32M
[2025-08-01T14:44:23.091+0000] GC(36) NMethods: 1414 registered, 176 unregistered
[2025-08-01T14:44:23.091+0000] GC(36) Metaspace: 10M used, 10M committed, 1088M reserved
[2025-08-01T14:44:23.091+0000] GC(36) Soft: 228 encountered, 0 discovered, 0 enqueued
[2025-08-01T14:44:23.091+0000] GC(36) Weak: 934 encountered, 685 discovered, 0 enqueued
[2025-08-01T14:44:23.091+0000] GC(36) Final: 0 encountered, 0 discovered, 0 enqueued
[2025-08-01T14:44:23.091+0000] GC(36) Phantom: 3 encountered, 1 discovered, 0 enqueued
[2025-08-01T14:44:23.091+0000] GC(36) Small Pages: 1218 / 2436M, Empty: 2084M, Relocated: 5M, In-Place: 0
[2025-08-01T14:44:23.091+0000] GC(36) Medium Pages: 1 / 32M, Empty: 0M, Relocated: 0M, In-Place: 0
[2025-08-01T14:44:23.091+0000] GC(36) Large Pages: 0 / 0M, Empty: 0M, Relocated: 0M, In-Place: 0
[2025-08-01T14:44:23.091+0000] GC(36) Forwarding Usage: 0M
[2025-08-01T14:44:23.091+0000] GC(36) Min Capacity: 4096M(100%)
[2025-08-01T14:44:23.091+0000] GC(36) Max Capacity: 4096M(100%)
[2025-08-01T14:44:23.091+0000] GC(36) Soft Max Capacity: 4096M(100%)
[2025-08-01T14:44:23.091+0000] GC(36)                Mark Start          Mark End        Relocate Start      Relocate End           High               Low         
[2025-08-01T14:44:23.091+0000] GC(36)  Capacity:     4096M (100%)       4096M (100%)       4096M (100%)       4096M (100%)       4096M (100%)       4096M (100%)   
[2025-08-01T14:44:23.091+0000] GC(36)      Free:     1628M (40%)        1224M (30%)        3248M (79%)        3248M (79%)        3254M (79%)        1182M (29%)    
[2025-08-01T14:44:23.091+0000] GC(36)      Used:     2468M (60%)        2872M (70%)         848M (21%)         848M (21%)        2914M (71%)         842M (21%)    
[2025-08-01T14:44:23.091+0000] GC(36)      Live:         -               337M (8%)          337M (8%)          337M (8%)             -                  -          
[2025-08-01T14:44:23.091+0000] GC(36) Allocated:         -               404M (10%)         464M (11%)         477M (12%)            -                  -          
[2025-08-01T14:44:23.091+0000] GC(36)   Garbage:         -              2130M (52%)          46M (1%)           32M (1%)             -                  -          
[2025-08-01T14:44:23.091+0000] GC(36) Reclaimed:         -                  -              2084M (51%)        2097M (51%)            -                  -          
[2025-08-01T14:44:23.091+0000] GC(36) Garbage Collection (Allocation Rate) 2468M(60%)->848M(21%)
[2025-08-01T14:44:23.493+0000] GC(37) Heap before GC invocations=37 (full 37):
[2025-08-01T14:44:23.493+0000] GC(37)  ZHeap           used 2800M, capacity 4096M, max capacity 4096M
[2025-08-01T14:44:23.493+0000] GC(37)  Metaspace       used 10643K, committed 10880K, reserved 1114112K
[2025-08-01T14:44:23.493+0000] GC(37)   class space    used 1265K, committed 1344K, reserved 1048576K
[2025-08-01T14:44:23.493+0000] GC(37) Garbage Collection (Allocation Rate)
[2025-08-01T14:44:23.493+0000] GC(37) Using 2 workers
[2025-08-01T14:44:23.494+0000] GC(37) Pause Mark Start 0.013ms
[2025-08-01T14:44:23.693+0000] === Garbage Collection Statistics =======================================================================================================================
[2025-08-01T14:44:23.693+0000]                                                              Last 10s              Last 10m              Last 10h                Total
[2025-08-01T14:44:23.693+0000]                                                              Avg / Max             Avg / Max             Avg / Max             Avg / Max
[2025-08-01T14:44:23.693+0000]   Collector: Garbage Collection Cycle                    154.869 / 246.055     170.888 / 346.825     170.888 / 346.825     170.888 / 346.825     ms
[2025-08-01T14:44:23.693+0000]  Contention: Mark Segment Reset Contention                     0 / 1                 0 / 2                 0 / 2                 0 / 2           ops/s
[2025-08-01T14:44:23.693+0000]  Contention: Mark SeqNum Reset Contention                      0 / 0                 0 / 0                 0 / 0                 0 / 0           ops/s
[2025-08-01T14:44:23.693+0000]    Critical: Allocation Stall                                  0 / 0                 0 / 0                 0 / 0                 0 / 0           ops/s
[2025-08-01T14:44:23.693+0000]    Critical: Allocation Stall                              0.000 / 0.000         0.000 / 0.000         0.000 / 0.000         0.000 / 0.000       ms
[2025-08-01T14:44:23.693+0000]    Critical: GC Locker Stall                                   0 / 0                 0 / 0                 0 / 0                 0 / 0           ops/s
[2025-08-01T14:44:23.693+0000]    Critical: GC Locker Stall                               0.000 / 0.000         0.000 / 0.000         0.000 / 0.000         0.000 / 0.000       ms
[2025-08-01T14:44:23.693+0000]    Critical: Relocation Stall                                  0 / 0                 0 / 0                 0 / 0                 0 / 0           ops/s
[2025-08-01T14:44:23.693+0000]    Critical: Relocation Stall                              0.000 / 0.000         0.000 / 0.000         0.000 / 0.000         0.000 / 0.000       ms
[2025-08-01T14:44:23.693+0000]      Memory: Allocation Rate                                4585 / 4992           3789 / 4992           3789 / 4992           3789 / 4992        MB/s
[2025-08-01T14:44:23.693+0000]      Memory: Defragment                                        0 / 0                 0 / 0                 0 / 0                 0 / 0           ops/s
[2025-08-01T14:44:23.693+0000]      Memory: Out Of Memory                                     0 / 0                 0 / 0                 0 / 0                 0 / 0           ops/s
[2025-08-01T14:44:23.693+0000]      Memory: Page Cache Flush                                  0 / 0                 0 / 0                 0 / 0                 0 / 0           MB/s
[2025-08-01T14:44:23.693+0000]      Memory: Page Cache Hit L1                              2289 / 2494           1785 / 2494           1785 / 2494           1785 / 2494        ops/s
[2025-08-01T14:44:23.693+0000]      Memory: Page Cache Hit L2                                 0 / 0                 0 / 0                 0 / 0                 0 / 0           ops/s
[2025-08-01T14:44:23.693+0000]      Memory: Page Cache Hit L3                                10 / 34              102 / 551             102 / 551             102 / 551         ops/s
[2025-08-01T14:44:23.693+0000]      Memory: Page Cache Miss                                   0 / 0                 0 / 1                 0 / 1                 0 / 1           ops/s
[2025-08-01T14:44:23.693+0000]      Memory: Uncommit                                          0 / 0                 0 / 0                 0 / 0                 0 / 0           MB/s
[2025-08-01T14:44:23.693+0000]      Memory: Undo Object Allocation Failed                     0 / 0                 0 / 3                 0 / 3                 0 / 3           ops/s
[2025-08-01T14:44:23.693+0000]      Memory: Undo Object Allocation Succeeded                  0 / 0                 0 / 3                 0 / 3                 0 / 3           ops/s
[2025-08-01T14:44:23.693+0000]      Memory: Undo Page Allocation                              0 / 0                 0 / 1                 0 / 1                 0 / 1           ops/s
[2025-08-01T14:44:23.693+0000]       Phase: Concurrent Mark                             142.680 / 231.872     156.907 / 335.006     156.907 / 335.006     156.907 / 335.006     ms
[2025-08-01T14:44:23.693+0000]       Phase: Concurrent Mark Continue                      0.000 / 0.000         0.000 / 0.000         0.000 / 0.000         0.000 / 0.000       ms
[2025-08-01T14:44:23.693+0000]       Phase: Concurrent Mark Free                          0.002 / 0.005         0.002 / 0.005         0.002 / 0.005         0.002 / 0.005       ms
[2025-08-01T14:44:23.693+0000]       Phase: Concurrent Process Non-Strong References      3.557 / 7.274         3.583 / 7.274         3.583 / 7.274         3.583 / 7.274       ms
[2025-08-01T14:44:23.693+0000]       Phase: Concurrent Relocate                           2.542 / 9.507         3.829 / 16.307        3.829 / 16.307        3.829 / 16.307      ms
[2025-08-01T14:44:23.693+0000]       Phase: Concurrent Reset Relocation Set               0.002 / 0.004         0.002 / 0.004         0.002 / 0.004         0.002 / 0.004       ms
[2025-08-01T14:44:23.693+0000]       Phase: Concurrent Select Relocation Set              3.792 / 7.412         4.024 / 16.702        4.024 / 16.702        4.024 / 16.702      ms
[2025-08-01T14:44:23.693+0000]       Phase: Pause Mark End                                0.030 / 0.141         0.025 / 0.141         0.025 / 0.141         0.025 / 0.141       ms
[2025-08-01T14:44:23.693+0000]       Phase: Pause Mark Start                              0.018 / 0.074         0.015 / 0.074         0.015 / 0.074         0.015 / 0.074       ms
[2025-08-01T14:44:23.693+0000]       Phase: Pause Relocate Start                          0.012 / 0.019         0.012 / 0.019         0.012 / 0.019         0.012 / 0.019       ms
[2025-08-01T14:44:23.693+0000]    Subphase: Concurrent Classes Purge                      0.029 / 0.084         0.033 / 0.147         0.033 / 0.147         0.033 / 0.147       ms
[2025-08-01T14:44:23.693+0000]    Subphase: Concurrent Classes Unlink                     2.250 / 3.087         2.296 / 4.399         2.296 / 4.399         2.296 / 4.399       ms
[2025-08-01T14:44:23.693+0000]    Subphase: Concurrent Mark                             140.686 / 230.880     155.107 / 334.367     155.107 / 334.367     155.107 / 334.367     ms
[2025-08-01T14:44:23.693+0000]    Subphase: Concurrent Mark Try Flush                     0.466 / 4.367         0.451 / 4.367         0.451 / 4.367         0.451 / 4.367       ms
[2025-08-01T14:44:23.693+0000]    Subphase: Concurrent Mark Try Terminate                 0.807 / 2.630         0.791 / 2.630         0.791 / 2.630         0.791 / 2.630       ms
[2025-08-01T14:44:23.693+0000]    Subphase: Concurrent References Enqueue                 0.001 / 0.001         0.001 / 0.006         0.001 / 0.006         0.001 / 0.006       ms
[2025-08-01T14:44:23.693+0000]    Subphase: Concurrent References Process                 0.277 / 0.734         0.244 / 0.734         0.244 / 0.734         0.244 / 0.734       ms
[2025-08-01T14:44:23.693+0000]    Subphase: Concurrent Roots ClassLoaderDataGraph         0.156 / 0.570         0.174 / 0.937         0.174 / 0.937         0.174 / 0.937       ms
[2025-08-01T14:44:23.693+0000]    Subphase: Concurrent Roots CodeCache                    0.000 / 0.000         0.000 / 0.000         0.000 / 0.000         0.000 / 0.000       ms
[2025-08-01T14:44:23.694+0000]    Subphase: Concurrent Roots JavaThreads                  0.118 / 0.256         0.139 / 0.614         0.139 / 0.614         0.139 / 0.614       ms
[2025-08-01T14:44:23.694+0000]    Subphase: Concurrent Roots OopStorageSet                0.043 / 0.238         0.054 / 0.238         0.054 / 0.238         0.054 / 0.238       ms
[2025-08-01T14:44:23.694+0000]    Subphase: Concurrent Weak Roots OopStorageSet           0.252 / 0.617         0.290 / 0.617         0.290 / 0.617         0.290 / 0.617       ms
[2025-08-01T14:44:23.694+0000]    Subphase: Pause Mark Try Complete                       0.000 / 0.000         0.000 / 0.000         0.000 / 0.000         0.000 / 0.000       ms
[2025-08-01T14:44:23.694+0000]      System: Java Threads                                     14 / 14               14 / 14               14 / 14               14 / 14          threads
[2025-08-01T14:44:23.694+0000] =========================================================================================================================================================
[2025-08-01T14:44:23.720+0000] GC(37) Concurrent Mark 225.659ms
[2025-08-01T14:44:23.720+0000] GC(37) Pause Mark End 0.020ms
[2025-08-01T14:44:23.720+0000] GC(37) Concurrent Mark Free 0.003ms
[2025-08-01T14:44:23.725+0000] GC(37) Concurrent Process Non-Strong References 4.467ms
[2025-08-01T14:44:23.725+0000] GC(37) Concurrent Reset Relocation Set 0.002ms
[2025-08-01T14:44:23.728+0000] GC(37) Concurrent Select Relocation Set 3.284ms
[2025-08-01T14:44:23.729+0000] GC(37) Pause Relocate Start 0.075ms
[2025-08-01T14:44:23.733+0000] GC(37) Concurrent Relocate 3.547ms
[2025-08-01T14:44:23.733+0000] GC(37) Heap after GC invocations=38 (full 38):
[2025-08-01T14:44:23.733+0000] GC(37)  ZHeap           used 1938M, capacity 4096M, max capacity 4096M
[2025-08-01T14:44:23.733+0000] GC(37)  Metaspace       used 10643K, committed 10880K, reserved 1114112K
[2025-08-01T14:44:23.733+0000] GC(37)   class space    used 1265K, committed 1344K, reserved 1048576K
[2025-08-01T14:44:23.733+0000] GC(37) Load: 0.82/0.27/0.15
[2025-08-01T14:44:23.733+0000] GC(37) MMU: 2ms/93.0%, 5ms/97.2%, 10ms/98.6%, 20ms/99.2%, 50ms/99.7%, 100ms/99.8%
[2025-08-01T14:44:23.733+0000] GC(37) Mark: 2 stripe(s), 3 proactive flush(es), 1 terminate flush(es), 0 completion(s), 0 continuation(s) 
[2025-08-01T14:44:23.733+0000] GC(37) Mark Stack Usage: 32M
[2025-08-01T14:44:23.733+0000] GC(37) NMethods: 1414 registered, 176 unregistered
[2025-08-01T14:44:23.733+0000] GC(37) Metaspace: 10M used, 10M committed, 1088M reserved
[2025-08-01T14:44:23.733+0000] GC(37) Soft: 228 encountered, 0 discovered, 0 enqueued
[2025-08-01T14:44:23.733+0000] GC(37) Weak: 934 encountered, 722 discovered, 0 enqueued
[2025-08-01T14:44:23.733+0000] GC(37) Final: 0 encountered, 0 discovered, 0 enqueued
[2025-08-01T14:44:23.733+0000] GC(37) Phantom: 3 encountered, 1 discovered, 0 enqueued
[2025-08-01T14:44:23.733+0000] GC(37) Small Pages: 1385 / 2770M, Empty: 1830M, Relocated: 6M, In-Place: 0
[2025-08-01T14:44:23.733+0000] GC(37) Medium Pages: 1 / 32M, Empty: 0M, Relocated: 0M, In-Place: 0
[2025-08-01T14:44:23.733+0000] GC(37) Large Pages: 0 / 0M, Empty: 0M, Relocated: 0M, In-Place: 0
[2025-08-01T14:44:23.733+0000] GC(37) Forwarding Usage: 0M
[2025-08-01T14:44:23.733+0000] GC(37) Min Capacity: 4096M(100%)
[2025-08-01T14:44:23.733+0000] GC(37) Max Capacity: 4096M(100%)
[2025-08-01T14:44:23.733+0000] GC(37) Soft Max Capacity: 4096M(100%)
[2025-08-01T14:44:23.733+0000] GC(37)                Mark Start          Mark End        Relocate Start      Relocate End           High               Low         
[2025-08-01T14:44:23.733+0000] GC(37)  Capacity:     4096M (100%)       4096M (100%)       4096M (100%)       4096M (100%)       4096M (100%)       4096M (100%)   
[2025-08-01T14:44:23.733+0000] GC(37)      Free:     1294M (32%)         362M (9%)         2172M (53%)        2158M (53%)        2176M (53%)         350M (9%)     
[2025-08-01T14:44:23.733+0000] GC(37)      Used:     2802M (68%)        3734M (91%)        1924M (47%)        1938M (47%)        3746M (91%)        1920M (47%)    
[2025-08-01T14:44:23.733+0000] GC(37)      Live:         -               921M (23%)         921M (23%)         921M (23%)            -                  -          
[2025-08-01T14:44:23.733+0000] GC(37) Allocated:         -               932M (23%)         952M (23%)         981M (24%)            -                  -          
[2025-08-01T14:44:23.733+0000] GC(37)   Garbage:         -              1880M (46%)          50M (1%)           34M (1%)             -                  -          
[2025-08-01T14:44:23.733+0000] GC(37) Reclaimed:         -                  -              1830M (45%)        1845M (45%)            -                  -          
[2025-08-01T14:44:23.733+0000] GC(37) Garbage Collection (Allocation Rate) 2802M(68%)->1938M(47%)
[2025-08-01T14:44:23.794+0000] GC(38) Heap before GC invocations=38 (full 38):
[2025-08-01T14:44:23.794+0000] GC(38)  ZHeap           used 2234M, capacity 4096M, max capacity 4096M
[2025-08-01T14:44:23.794+0000] GC(38)  Metaspace       used 10643K, committed 10880K, reserved 1114112K
[2025-08-01T14:44:23.794+0000] GC(38)   class space    used 1265K, committed 1344K, reserved 1048576K
[2025-08-01T14:44:23.794+0000] GC(38) Garbage Collection (Allocation Rate)
[2025-08-01T14:44:23.794+0000] GC(38) Using 2 workers
[2025-08-01T14:44:23.795+0000] GC(38) Pause Mark Start 0.009ms
[2025-08-01T14:44:23.883+0000] GC(38) Concurrent Mark 88.242ms
[2025-08-01T14:44:23.883+0000] GC(38) Pause Mark End 0.021ms
[2025-08-01T14:44:23.884+0000] GC(38) Concurrent Mark Free 0.002ms
[2025-08-01T14:44:23.890+0000] GC(38) Concurrent Process Non-Strong References 6.007ms
[2025-08-01T14:44:23.890+0000] GC(38) Concurrent Reset Relocation Set 0.002ms
[2025-08-01T14:44:23.893+0000] GC(38) Concurrent Select Relocation Set 3.154ms
[2025-08-01T14:44:23.894+0000] GC(38) Pause Relocate Start 0.014ms
[2025-08-01T14:44:23.898+0000] GC(38) Concurrent Relocate 4.175ms
[2025-08-01T14:44:23.898+0000] GC(38) Heap after GC invocations=39 (full 39):
[2025-08-01T14:44:23.898+0000] GC(38)  ZHeap           used 934M, capacity 4096M, max capacity 4096M
[2025-08-01T14:44:23.898+0000] GC(38)  Metaspace       used 10643K, committed 10880K, reserved 1114112K
[2025-08-01T14:44:23.898+0000] GC(38)   class space    used 1265K, committed 1344K, reserved 1048576K
[2025-08-01T14:44:23.898+0000] GC(38) Load: 0.82/0.27/0.15
[2025-08-01T14:44:23.898+0000] GC(38) MMU: 2ms/93.0%, 5ms/97.2%, 10ms/98.6%, 20ms/99.2%, 50ms/99.7%, 100ms/99.8%
[2025-08-01T14:44:23.898+0000] GC(38) Mark: 2 stripe(s), 2 proactive flush(es), 1 terminate flush(es), 0 completion(s), 0 continuation(s) 
[2025-08-01T14:44:23.898+0000] GC(38) Mark Stack Usage: 32M
[2025-08-01T14:44:23.898+0000] GC(38) NMethods: 1414 registered, 176 unregistered
[2025-08-01T14:44:23.898+0000] GC(38) Metaspace: 10M used, 10M committed, 1088M reserved
[2025-08-01T14:44:23.898+0000] GC(38) Soft: 228 encountered, 0 discovered, 0 enqueued
[2025-08-01T14:44:23.898+0000] GC(38) Weak: 934 encountered, 721 discovered, 0 enqueued
[2025-08-01T14:44:23.898+0000] GC(38) Final: 0 encountered, 0 discovered, 0 enqueued
[2025-08-01T14:44:23.898+0000] GC(38) Phantom: 3 encountered, 1 discovered, 0 enqueued
[2025-08-01T14:44:23.898+0000] GC(38) Small Pages: 1102 / 2204M, Empty: 1836M, Relocated: 3M, In-Place: 0
[2025-08-01T14:44:23.898+0000] GC(38) Medium Pages: 1 / 32M, Empty: 0M, Relocated: 0M, In-Place: 0
[2025-08-01T14:44:23.898+0000] GC(38) Large Pages: 0 / 0M, Empty: 0M, Relocated: 0M, In-Place: 0
[2025-08-01T14:44:23.898+0000] GC(38) Forwarding Usage: 0M
[2025-08-01T14:44:23.898+0000] GC(38) Min Capacity: 4096M(100%)
[2025-08-01T14:44:23.898+0000] GC(38) Max Capacity: 4096M(100%)
[2025-08-01T14:44:23.898+0000] GC(38) Soft Max Capacity: 4096M(100%)
[2025-08-01T14:44:23.898+0000] GC(38)                Mark Start          Mark End        Relocate Start      Relocate End           High               Low         
[2025-08-01T14:44:23.898+0000] GC(38)  Capacity:     4096M (100%)       4096M (100%)       4096M (100%)       4096M (100%)       4096M (100%)       4096M (100%)   
[2025-08-01T14:44:23.898+0000] GC(38)      Free:     1860M (45%)        1426M (35%)        3172M (77%)        3162M (77%)        3174M (77%)        1362M (33%)    
[2025-08-01T14:44:23.898+0000] GC(38)      Used:     2236M (55%)        2670M (65%)         924M (23%)         934M (23%)        2734M (67%)         922M (23%)    
[2025-08-01T14:44:23.898+0000] GC(38)      Live:         -               359M (9%)          359M (9%)          359M (9%)             -                  -          
[2025-08-01T14:44:23.898+0000] GC(38) Allocated:         -               434M (11%)         524M (13%)         544M (13%)            -                  -          
[2025-08-01T14:44:23.898+0000] GC(38)   Garbage:         -              1876M (46%)          40M (1%)           30M (1%)             -                  -          
[2025-08-01T14:44:23.898+0000] GC(38) Reclaimed:         -                  -              1836M (45%)        1846M (45%)            -                  -          
[2025-08-01T14:44:23.898+0000] GC(38) Garbage Collection (Allocation Rate) 2236M(55%)->934M(23%)
[2025-08-01T14:44:24.093+0000] GC(39) Heap before GC invocations=39 (full 39):
[2025-08-01T14:44:24.093+0000] GC(39)  ZHeap           used 1886M, capacity 4096M, max capacity 4096M
[2025-08-01T14:44:24.093+0000] GC(39)  Metaspace       used 10643K, committed 10880K, reserved 1114112K
[2025-08-01T14:44:24.093+0000] GC(39)   class space    used 1265K, committed 1344K, reserved 1048576K
[2025-08-01T14:44:24.093+0000] GC(39) Garbage Collection (Allocation Rate)
[2025-08-01T14:44:24.094+0000] GC(39) Using 2 workers
[2025-08-01T14:44:24.094+0000] GC(39) Pause Mark Start 0.023ms
[2025-08-01T14:44:24.134+0000] GC(39) Concurrent Mark 40.420ms
[2025-08-01T14:44:24.135+0000] GC(39) Pause Mark End 0.021ms
[2025-08-01T14:44:24.135+0000] GC(39) Concurrent Mark Free 0.001ms
[2025-08-01T14:44:24.140+0000] GC(39) Concurrent Process Non-Strong References 4.893ms
[2025-08-01T14:44:24.140+0000] GC(39) Concurrent Reset Relocation Set 0.002ms
[2025-08-01T14:44:24.145+0000] GC(39) Concurrent Select Relocation Set 4.730ms
[2025-08-01T14:44:24.146+0000] GC(39) Pause Relocate Start 0.014ms
[2025-08-01T14:44:24.147+0000] GC(39) Concurrent Relocate 1.373ms
[2025-08-01T14:44:24.147+0000] GC(39) Heap after GC invocations=40 (full 40):
[2025-08-01T14:44:24.147+0000] GC(39)  ZHeap           used 480M, capacity 4096M, max capacity 4096M
[2025-08-01T14:44:24.147+0000] GC(39)  Metaspace       used 10643K, committed 10880K, reserved 1114112K
[2025-08-01T14:44:24.148+0000] GC(39)   class space    used 1265K, committed 1344K, reserved 1048576K
[2025-08-01T14:44:24.148+0000] GC(39) Load: 0.82/0.27/0.15
[2025-08-01T14:44:24.148+0000] GC(39) MMU: 2ms/93.0%, 5ms/97.2%, 10ms/98.6%, 20ms/99.2%, 50ms/99.7%, 100ms/99.8%
[2025-08-01T14:44:24.148+0000] GC(39) Mark: 2 stripe(s), 2 proactive flush(es), 1 terminate flush(es), 0 completion(s), 0 continuation(s) 
[2025-08-01T14:44:24.148+0000] GC(39) Mark Stack Usage: 32M
[2025-08-01T14:44:24.148+0000] GC(39) NMethods: 1414 registered, 176 unregistered
[2025-08-01T14:44:24.148+0000] GC(39) Metaspace: 10M used, 10M committed, 1088M reserved
[2025-08-01T14:44:24.148+0000] GC(39) Soft: 228 encountered, 0 discovered, 0 enqueued
[2025-08-01T14:44:24.148+0000] GC(39) Weak: 934 encountered, 178 discovered, 0 enqueued
[2025-08-01T14:44:24.148+0000] GC(39) Final: 0 encountered, 0 discovered, 0 enqueued
[2025-08-01T14:44:24.148+0000] GC(39) Phantom: 3 encountered, 1 discovered, 0 enqueued
[2025-08-01T14:44:24.148+0000] GC(39) Small Pages: 927 / 1854M, Empty: 1744M, Relocated: 3M, In-Place: 0
[2025-08-01T14:44:24.148+0000] GC(39) Medium Pages: 1 / 32M, Empty: 0M, Relocated: 0M, In-Place: 0
[2025-08-01T14:44:24.148+0000] GC(39) Large Pages: 0 / 0M, Empty: 0M, Relocated: 0M, In-Place: 0
[2025-08-01T14:44:24.148+0000] GC(39) Forwarding Usage: 0M
[2025-08-01T14:44:24.148+0000] GC(39) Min Capacity: 4096M(100%)
[2025-08-01T14:44:24.148+0000] GC(39) Max Capacity: 4096M(100%)
[2025-08-01T14:44:24.148+0000] GC(39) Soft Max Capacity: 4096M(100%)
[2025-08-01T14:44:24.148+0000] GC(39)                Mark Start          Mark End        Relocate Start      Relocate End           High               Low         
[2025-08-01T14:44:24.148+0000] GC(39)  Capacity:     4096M (100%)       4096M (100%)       4096M (100%)       4096M (100%)       4096M (100%)       4096M (100%)   
[2025-08-01T14:44:24.148+0000] GC(39)      Free:     2210M (54%)        1950M (48%)        3614M (88%)        3616M (88%)        3622M (88%)        1902M (46%)    
[2025-08-01T14:44:24.148+0000] GC(39)      Used:     1886M (46%)        2146M (52%)         482M (12%)         480M (12%)        2194M (54%)         474M (12%)    
[2025-08-01T14:44:24.148+0000] GC(39)      Live:         -               106M (3%)          106M (3%)          106M (3%)             -                  -          
[2025-08-01T14:44:24.148+0000] GC(39) Allocated:         -               260M (6%)          340M (8%)          341M (8%)             -                  -          
[2025-08-01T14:44:24.148+0000] GC(39)   Garbage:         -              1779M (43%)          35M (1%)           31M (1%)             -                  -          
[2025-08-01T14:44:24.148+0000] GC(39) Reclaimed:         -                  -              1744M (43%)        1747M (43%)            -                  -          
[2025-08-01T14:44:24.148+0000] GC(39) Garbage Collection (Allocation Rate) 1886M(46%)->480M(12%)
[2025-08-01T14:44:24.594+0000] GC(40) Heap before GC invocations=40 (full 40):
[2025-08-01T14:44:24.594+0000] GC(40)  ZHeap           used 2628M, capacity 4096M, max capacity 4096M
[2025-08-01T14:44:24.594+0000] GC(40)  Metaspace       used 10643K, committed 10880K, reserved 1114112K
[2025-08-01T14:44:24.594+0000] GC(40)   class space    used 1265K, committed 1344K, reserved 1048576K
[2025-08-01T14:44:24.594+0000] GC(40) Garbage Collection (Allocation Rate)
[2025-08-01T14:44:24.594+0000] GC(40) Using 2 workers
[2025-08-01T14:44:24.597+0000] GC(40) Pause Mark Start 0.016ms
[2025-08-01T14:44:24.770+0000] GC(40) Concurrent Mark 173.262ms
[2025-08-01T14:44:24.771+0000] GC(40) Pause Mark End 0.021ms
[2025-08-01T14:44:24.771+0000] GC(40) Concurrent Mark Free 0.002ms
[2025-08-01T14:44:24.776+0000] GC(40) Concurrent Process Non-Strong References 4.846ms
[2025-08-01T14:44:24.776+0000] GC(40) Concurrent Reset Relocation Set 0.002ms
[2025-08-01T14:44:24.779+0000] GC(40) Concurrent Select Relocation Set 3.326ms
[2025-08-01T14:44:24.780+0000] GC(40) Pause Relocate Start 0.012ms
[2025-08-01T14:44:24.783+0000] GC(40) Concurrent Relocate 3.005ms
[2025-08-01T14:44:24.783+0000] GC(40) Heap after GC invocations=41 (full 41):
[2025-08-01T14:44:24.783+0000] GC(40)  ZHeap           used 1598M, capacity 4096M, max capacity 4096M
[2025-08-01T14:44:24.783+0000] GC(40)  Metaspace       used 10643K, committed 10880K, reserved 1114112K
[2025-08-01T14:44:24.783+0000] GC(40)   class space    used 1265K, committed 1344K, reserved 1048576K
[2025-08-01T14:44:24.783+0000] GC(40) Load: 0.82/0.27/0.15
[2025-08-01T14:44:24.783+0000] GC(40) MMU: 2ms/93.0%, 5ms/97.2%, 10ms/98.6%, 20ms/99.2%, 50ms/99.7%, 100ms/99.8%
[2025-08-01T14:44:24.783+0000] GC(40) Mark: 2 stripe(s), 2 proactive flush(es), 1 terminate flush(es), 0 completion(s), 0 continuation(s) 
[2025-08-01T14:44:24.783+0000] GC(40) Mark Stack Usage: 32M
[2025-08-01T14:44:24.783+0000] GC(40) NMethods: 1414 registered, 176 unregistered
[2025-08-01T14:44:24.783+0000] GC(40) Metaspace: 10M used, 10M committed, 1088M reserved
[2025-08-01T14:44:24.783+0000] GC(40) Soft: 228 encountered, 0 discovered, 0 enqueued
[2025-08-01T14:44:24.783+0000] GC(40) Weak: 934 encountered, 691 discovered, 0 enqueued
[2025-08-01T14:44:24.783+0000] GC(40) Final: 0 encountered, 0 discovered, 0 enqueued
[2025-08-01T14:44:24.783+0000] GC(40) Phantom: 3 encountered, 0 discovered, 0 enqueued
[2025-08-01T14:44:24.783+0000] GC(40) Small Pages: 1302 / 2604M, Empty: 1920M, Relocated: 3M, In-Place: 0
[2025-08-01T14:44:24.783+0000] GC(40) Medium Pages: 1 / 32M, Empty: 0M, Relocated: 0M, In-Place: 0
[2025-08-01T14:44:24.783+0000] GC(40) Large Pages: 0 / 0M, Empty: 0M, Relocated: 0M, In-Place: 0
[2025-08-01T14:44:24.783+0000] GC(40) Forwarding Usage: 0M
[2025-08-01T14:44:24.783+0000] GC(40) Min Capacity: 4096M(100%)
[2025-08-01T14:44:24.783+0000] GC(40) Max Capacity: 4096M(100%)
[2025-08-01T14:44:24.783+0000] GC(40) Soft Max Capacity: 4096M(100%)
[2025-08-01T14:44:24.783+0000] GC(40)                Mark Start          Mark End        Relocate Start      Relocate End           High               Low         
[2025-08-01T14:44:24.783+0000] GC(40)  Capacity:     4096M (100%)       4096M (100%)       4096M (100%)       4096M (100%)       4096M (100%)       4096M (100%)   
[2025-08-01T14:44:24.783+0000] GC(40)      Free:     1460M (36%)         656M (16%)        2510M (61%)        2500M (61%)        2530M (62%)         610M (15%)    
[2025-08-01T14:44:24.783+0000] GC(40)      Used:     2636M (64%)        3440M (84%)        1586M (39%)        1596M (39%)        3486M (85%)        1566M (38%)    
[2025-08-01T14:44:24.784+0000] GC(40)      Live:         -               668M (16%)         668M (16%)         668M (16%)            -                  -          
[2025-08-01T14:44:24.784+0000] GC(40) Allocated:         -               804M (20%)         870M (21%)         893M (22%)            -                  -          
[2025-08-01T14:44:24.784+0000] GC(40)   Garbage:         -              1967M (48%)          47M (1%)           33M (1%)             -                  -          
[2025-08-01T14:44:24.784+0000] GC(40) Reclaimed:         -                  -              1920M (47%)        1933M (47%)            -                  -          
[2025-08-01T14:44:24.784+0000] GC(40) Garbage Collection (Allocation Rate) 2636M(64%)->1596M(39%)
[2025-08-01T14:44:24.892+0000] GC(41) Heap before GC invocations=41 (full 41):
[2025-08-01T14:44:24.893+0000] GC(41)  ZHeap           used 2120M, capacity 4096M, max capacity 4096M
[2025-08-01T14:44:24.893+0000] GC(41)  Metaspace       used 10643K, committed 10880K, reserved 1114112K
[2025-08-01T14:44:24.893+0000] GC(41)   class space    used 1265K, committed 1344K, reserved 1048576K
[2025-08-01T14:44:24.893+0000] GC(41) Garbage Collection (Allocation Rate)
[2025-08-01T14:44:24.893+0000] GC(41) Using 2 workers
[2025-08-01T14:44:24.893+0000] GC(41) Pause Mark Start 0.013ms
[2025-08-01T14:44:24.976+0000] GC(41) Concurrent Mark 82.695ms
[2025-08-01T14:44:24.976+0000] GC(41) Pause Mark End 0.014ms
[2025-08-01T14:44:24.977+0000] GC(41) Concurrent Mark Free 0.001ms
[2025-08-01T14:44:24.978+0000] GC(41) Concurrent Process Non-Strong References 1.691ms
[2025-08-01T14:44:24.978+0000] GC(41) Concurrent Reset Relocation Set 0.002ms
[2025-08-01T14:44:24.980+0000] GC(41) Concurrent Select Relocation Set 1.815ms
[2025-08-01T14:44:24.980+0000] GC(41) Pause Relocate Start 0.006ms
[2025-08-01T14:44:24.981+0000] GC(41) Concurrent Relocate 0.692ms
[2025-08-01T14:44:24.981+0000] GC(41) Heap after GC invocations=42 (full 42):
[2025-08-01T14:44:24.981+0000] GC(41)  ZHeap           used 692M, capacity 4096M, max capacity 4096M
[2025-08-01T14:44:24.981+0000] GC(41)  Metaspace       used 10643K, committed 10880K, reserved 1114112K
[2025-08-01T14:44:24.981+0000] GC(41)   class space    used 1265K, committed 1344K, reserved 1048576K
[2025-08-01T14:44:24.981+0000] GC(41) Load: 0.82/0.27/0.15
[2025-08-01T14:44:24.981+0000] GC(41) MMU: 2ms/93.0%, 5ms/97.2%, 10ms/98.6%, 20ms/99.2%, 50ms/99.7%, 100ms/99.8%
[2025-08-01T14:44:24.981+0000] GC(41) Mark: 2 stripe(s), 2 proactive flush(es), 1 terminate flush(es), 0 completion(s), 0 continuation(s) 
[2025-08-01T14:44:24.981+0000] GC(41) Mark Stack Usage: 32M
[2025-08-01T14:44:24.981+0000] GC(41) NMethods: 1414 registered, 176 unregistered
[2025-08-01T14:44:24.981+0000] GC(41) Metaspace: 10M used, 10M committed, 1088M reserved
[2025-08-01T14:44:24.981+0000] GC(41) Soft: 228 encountered, 0 discovered, 0 enqueued
[2025-08-01T14:44:24.981+0000] GC(41) Weak: 934 encountered, 210 discovered, 0 enqueued
[2025-08-01T14:44:24.981+0000] GC(41) Final: 0 encountered, 0 discovered, 0 enqueued
[2025-08-01T14:44:24.981+0000] GC(41) Phantom: 3 encountered, 2 discovered, 0 enqueued
[2025-08-01T14:44:24.981+0000] GC(41) Small Pages: 1045 / 2090M, Empty: 1832M, Relocated: 1M, In-Place: 0
[2025-08-01T14:44:24.981+0000] GC(41) Medium Pages: 1 / 32M, Empty: 0M, Relocated: 0M, In-Place: 0
[2025-08-01T14:44:24.981+0000] GC(41) Large Pages: 0 / 0M, Empty: 0M, Relocated: 0M, In-Place: 0
[2025-08-01T14:44:24.981+0000] GC(41) Forwarding Usage: 0M
[2025-08-01T14:44:24.981+0000] GC(41) Min Capacity: 4096M(100%)
[2025-08-01T14:44:24.981+0000] GC(41) Max Capacity: 4096M(100%)
[2025-08-01T14:44:24.981+0000] GC(41) Soft Max Capacity: 4096M(100%)
[2025-08-01T14:44:24.981+0000] GC(41)                Mark Start          Mark End        Relocate Start      Relocate End           High               Low         
[2025-08-01T14:44:24.981+0000] GC(41)  Capacity:     4096M (100%)       4096M (100%)       4096M (100%)       4096M (100%)       4096M (100%)       4096M (100%)   
[2025-08-01T14:44:24.981+0000] GC(41)      Free:     1974M (48%)        1562M (38%)        3392M (83%)        3404M (83%)        3404M (83%)        1560M (38%)    
[2025-08-01T14:44:24.981+0000] GC(41)      Used:     2122M (52%)        2534M (62%)         704M (17%)         692M (17%)        2536M (62%)         692M (17%)    
[2025-08-01T14:44:24.981+0000] GC(41)      Live:         -               246M (6%)          246M (6%)          246M (6%)             -                  -          
[2025-08-01T14:44:24.981+0000] GC(41) Allocated:         -               412M (10%)         414M (10%)         414M (10%)            -                  -          
[2025-08-01T14:44:24.981+0000] GC(41)   Garbage:         -              1875M (46%)          43M (1%)           31M (1%)             -                  -          
[2025-08-01T14:44:24.981+0000] GC(41) Reclaimed:         -                  -              1832M (45%)        1844M (45%)            -                  -          
[2025-08-01T14:44:24.981+0000] GC(41) Garbage Collection (Allocation Rate) 2122M(52%)->692M(17%)
[2025-08-01T14:44:25.393+0000] GC(42) Heap before GC invocations=42 (full 42):
[2025-08-01T14:44:25.393+0000] GC(42)  ZHeap           used 2356M, capacity 4096M, max capacity 4096M
[2025-08-01T14:44:25.393+0000] GC(42)  Metaspace       used 10643K, committed 10880K, reserved 1114112K
[2025-08-01T14:44:25.393+0000] GC(42)   class space    used 1265K, committed 1344K, reserved 1048576K
[2025-08-01T14:44:25.393+0000] GC(42) Garbage Collection (Allocation Rate)
[2025-08-01T14:44:25.393+0000] GC(42) Using 2 workers
[2025-08-01T14:44:25.394+0000] GC(42) Pause Mark Start 0.014ms
[2025-08-01T14:44:25.596+0000] GC(42) Concurrent Mark 201.961ms
[2025-08-01T14:44:25.598+0000] GC(42) Pause Mark End 0.033ms
[2025-08-01T14:44:25.598+0000] GC(42) Concurrent Mark Free 0.004ms
[2025-08-01T14:44:25.610+0000] GC(42) Concurrent Process Non-Strong References 11.932ms
[2025-08-01T14:44:25.610+0000] GC(42) Concurrent Reset Relocation Set 0.004ms
[2025-08-01T14:44:25.617+0000] GC(42) Concurrent Select Relocation Set 6.903ms
[2025-08-01T14:44:25.618+0000] GC(42) Pause Relocate Start 0.010ms
[2025-08-01T14:44:25.622+0000] GC(42) Concurrent Relocate 3.867ms
[2025-08-01T14:44:25.622+0000] GC(42) Heap after GC invocations=43 (full 43):
[2025-08-01T14:44:25.622+0000] GC(42)  ZHeap           used 1292M, capacity 4096M, max capacity 4096M
[2025-08-01T14:44:25.622+0000] GC(42)  Metaspace       used 10643K, committed 10880K, reserved 1114112K
[2025-08-01T14:44:25.622+0000] GC(42)   class space    used 1265K, committed 1344K, reserved 1048576K
[2025-08-01T14:44:25.622+0000] GC(42) Load: 0.82/0.27/0.15
[2025-08-01T14:44:25.622+0000] GC(42) MMU: 2ms/93.0%, 5ms/97.2%, 10ms/98.6%, 20ms/99.2%, 50ms/99.7%, 100ms/99.8%
[2025-08-01T14:44:25.622+0000] GC(42) Mark: 2 stripe(s), 4 proactive flush(es), 1 terminate flush(es), 0 completion(s), 0 continuation(s) 
[2025-08-01T14:44:25.622+0000] GC(42) Mark Stack Usage: 32M
[2025-08-01T14:44:25.622+0000] GC(42) NMethods: 1414 registered, 176 unregistered
[2025-08-01T14:44:25.622+0000] GC(42) Metaspace: 10M used, 10M committed, 1088M reserved
[2025-08-01T14:44:25.622+0000] GC(42) Soft: 228 encountered, 0 discovered, 0 enqueued
[2025-08-01T14:44:25.622+0000] GC(42) Weak: 934 encountered, 193 discovered, 0 enqueued
[2025-08-01T14:44:25.622+0000] GC(42) Final: 0 encountered, 0 discovered, 0 enqueued
[2025-08-01T14:44:25.622+0000] GC(42) Phantom: 3 encountered, 1 discovered, 0 enqueued
[2025-08-01T14:44:25.622+0000] GC(42) Small Pages: 1165 / 2330M, Empty: 1832M, Relocated: 5M, In-Place: 0
[2025-08-01T14:44:25.622+0000] GC(42) Medium Pages: 1 / 32M, Empty: 0M, Relocated: 0M, In-Place: 0
[2025-08-01T14:44:25.622+0000] GC(42) Large Pages: 0 / 0M, Empty: 0M, Relocated: 0M, In-Place: 0
[2025-08-01T14:44:25.622+0000] GC(42) Forwarding Usage: 0M
[2025-08-01T14:44:25.622+0000] GC(42) Min Capacity: 4096M(100%)
[2025-08-01T14:44:25.622+0000] GC(42) Max Capacity: 4096M(100%)
[2025-08-01T14:44:25.623+0000] GC(42) Soft Max Capacity: 4096M(100%)
[2025-08-01T14:44:25.623+0000] GC(42)                Mark Start          Mark End        Relocate Start      Relocate End           High               Low         
[2025-08-01T14:44:25.623+0000] GC(42)  Capacity:     4096M (100%)       4096M (100%)       4096M (100%)       4096M (100%)       4096M (100%)       4096M (100%)   
[2025-08-01T14:44:25.623+0000] GC(42)      Free:     1734M (42%)        1088M (27%)        2822M (69%)        2806M (69%)        2828M (69%)        1036M (25%)    
[2025-08-01T14:44:25.623+0000] GC(42)      Used:     2362M (58%)        3008M (73%)        1274M (31%)        1290M (31%)        3060M (75%)        1268M (31%)    
[2025-08-01T14:44:25.623+0000] GC(42)      Live:         -               484M (12%)         484M (12%)         484M (12%)            -                  -          
[2025-08-01T14:44:25.623+0000] GC(42) Allocated:         -               646M (16%)         744M (18%)         771M (19%)            -                  -          
[2025-08-01T14:44:25.623+0000] GC(42)   Garbage:         -              1877M (46%)          45M (1%)           33M (1%)             -                  -          
[2025-08-01T14:44:25.623+0000] GC(42) Reclaimed:         -                  -              1832M (45%)        1843M (45%)            -                  -          
[2025-08-01T14:44:25.623+0000] GC(42) Garbage Collection (Allocation Rate) 2362M(58%)->1290M(31%)
[2025-08-01T14:44:25.692+0000] GC(43) Heap before GC invocations=43 (full 43):
[2025-08-01T14:44:25.692+0000] GC(43)  ZHeap           used 1552M, capacity 4096M, max capacity 4096M
[2025-08-01T14:44:25.692+0000] GC(43)  Metaspace       used 10643K, committed 10880K, reserved 1114112K
[2025-08-01T14:44:25.693+0000] GC(43)   class space    used 1265K, committed 1344K, reserved 1048576K
[2025-08-01T14:44:25.693+0000] GC(43) Garbage Collection (Allocation Rate)
[2025-08-01T14:44:25.693+0000] GC(43) Using 2 workers
[2025-08-01T14:44:25.693+0000] GC(43) Pause Mark Start 0.015ms
[2025-08-01T14:44:25.794+0000] GC(43) Concurrent Mark 99.989ms
[2025-08-01T14:44:25.795+0000] GC(43) Pause Mark End 0.020ms
[2025-08-01T14:44:25.795+0000] GC(43) Concurrent Mark Free 0.003ms
[2025-08-01T14:44:25.797+0000] GC(43) Concurrent Process Non-Strong References 2.132ms
[2025-08-01T14:44:25.797+0000] GC(43) Concurrent Reset Relocation Set 0.001ms
[2025-08-01T14:44:25.800+0000] GC(43) Concurrent Select Relocation Set 2.583ms
[2025-08-01T14:44:25.800+0000] GC(43) Pause Relocate Start 0.013ms
[2025-08-01T14:44:25.802+0000] GC(43) Concurrent Relocate 1.031ms
[2025-08-01T14:44:25.802+0000] GC(43) Heap after GC invocations=44 (full 44):
[2025-08-01T14:44:25.802+0000] GC(43)  ZHeap           used 996M, capacity 4096M, max capacity 4096M
[2025-08-01T14:44:25.802+0000] GC(43)  Metaspace       used 10643K, committed 10880K, reserved 1114112K
[2025-08-01T14:44:25.802+0000] GC(43)   class space    used 1265K, committed 1344K, reserved 1048576K
[2025-08-01T14:44:25.802+0000] GC(43) Load: 0.82/0.27/0.15
[2025-08-01T14:44:25.802+0000] GC(43) MMU: 2ms/93.0%, 5ms/97.2%, 10ms/98.6%, 20ms/99.2%, 50ms/99.7%, 100ms/99.8%
[2025-08-01T14:44:25.802+0000] GC(43) Mark: 2 stripe(s), 4 proactive flush(es), 1 terminate flush(es), 0 completion(s), 0 continuation(s) 
[2025-08-01T14:44:25.802+0000] GC(43) Mark Stack Usage: 32M
[2025-08-01T14:44:25.802+0000] GC(43) NMethods: 1414 registered, 176 unregistered
[2025-08-01T14:44:25.802+0000] GC(43) Metaspace: 10M used, 10M committed, 1088M reserved
[2025-08-01T14:44:25.802+0000] GC(43) Soft: 228 encountered, 0 discovered, 0 enqueued
[2025-08-01T14:44:25.802+0000] GC(43) Weak: 934 encountered, 188 discovered, 0 enqueued
[2025-08-01T14:44:25.802+0000] GC(43) Final: 0 encountered, 0 discovered, 0 enqueued
[2025-08-01T14:44:25.802+0000] GC(43) Phantom: 3 encountered, 1 discovered, 0 enqueued
[2025-08-01T14:44:25.802+0000] GC(43) Small Pages: 761 / 1522M, Empty: 1124M, Relocated: 1M, In-Place: 0
[2025-08-01T14:44:25.802+0000] GC(43) Medium Pages: 1 / 32M, Empty: 0M, Relocated: 0M, In-Place: 0
[2025-08-01T14:44:25.802+0000] GC(43) Large Pages: 0 / 0M, Empty: 0M, Relocated: 0M, In-Place: 0
[2025-08-01T14:44:25.802+0000] GC(43) Forwarding Usage: 0M
[2025-08-01T14:44:25.802+0000] GC(43) Min Capacity: 4096M(100%)
[2025-08-01T14:44:25.802+0000] GC(43) Max Capacity: 4096M(100%)
[2025-08-01T14:44:25.802+0000] GC(43) Soft Max Capacity: 4096M(100%)
[2025-08-01T14:44:25.802+0000] GC(43)                Mark Start          Mark End        Relocate Start      Relocate End           High               Low         
[2025-08-01T14:44:25.802+0000] GC(43)  Capacity:     4096M (100%)       4096M (100%)       4096M (100%)       4096M (100%)       4096M (100%)       4096M (100%)   
[2025-08-01T14:44:25.802+0000] GC(43)      Free:     2542M (62%)        2010M (49%)        3102M (76%)        3104M (76%)        3106M (76%)        2002M (49%)    
[2025-08-01T14:44:25.802+0000] GC(43)      Used:     1554M (38%)        2086M (51%)         994M (24%)         992M (24%)        2094M (51%)         990M (24%)    
[2025-08-01T14:44:25.802+0000] GC(43)      Live:         -               389M (10%)         389M (10%)         389M (10%)            -                  -          
[2025-08-01T14:44:25.802+0000] GC(43) Allocated:         -               532M (13%)         564M (14%)         570M (14%)            -                  -          
[2025-08-01T14:44:25.802+0000] GC(43)   Garbage:         -              1164M (28%)          40M (1%)           32M (1%)             -                  -          
[2025-08-01T14:44:25.802+0000] GC(43) Reclaimed:         -                  -              1124M (27%)        1132M (28%)            -                  -          
[2025-08-01T14:44:25.802+0000] GC(43) Garbage Collection (Allocation Rate) 1554M(38%)->992M(24%)
[2025-08-01T14:44:25.994+0000] GC(44) Heap before GC invocations=44 (full 44):
[2025-08-01T14:44:25.994+0000] GC(44)  ZHeap           used 1908M, capacity 4096M, max capacity 4096M
[2025-08-01T14:44:25.994+0000] GC(44)  Metaspace       used 10643K, committed 10880K, reserved 1114112K
[2025-08-01T14:44:25.994+0000] GC(44)   class space    used 1265K, committed 1344K, reserved 1048576K
[2025-08-01T14:44:25.994+0000] GC(44) Garbage Collection (Allocation Rate)
[2025-08-01T14:44:25.994+0000] GC(44) Using 2 workers
[2025-08-01T14:44:25.994+0000] GC(44) Pause Mark Start 0.010ms
[2025-08-01T14:44:26.146+0000] GC(44) Concurrent Mark 151.210ms
[2025-08-01T14:44:26.146+0000] GC(44) Pause Mark End 0.015ms
[2025-08-01T14:44:26.146+0000] GC(44) Concurrent Mark Free 0.001ms
[2025-08-01T14:44:26.149+0000] GC(44) Concurrent Process Non-Strong References 2.907ms
[2025-08-01T14:44:26.149+0000] GC(44) Concurrent Reset Relocation Set 0.002ms
[2025-08-01T14:44:26.152+0000] GC(44) Concurrent Select Relocation Set 2.608ms
[2025-08-01T14:44:26.152+0000] GC(44) Pause Relocate Start 0.012ms
[2025-08-01T14:44:26.154+0000] GC(44) Concurrent Relocate 2.475ms
[2025-08-01T14:44:26.154+0000] GC(44) Heap after GC invocations=45 (full 45):
[2025-08-01T14:44:26.154+0000] GC(44)  ZHeap           used 1496M, capacity 4096M, max capacity 4096M
[2025-08-01T14:44:26.154+0000] GC(44)  Metaspace       used 10643K, committed 10880K, reserved 1114112K
[2025-08-01T14:44:26.154+0000] GC(44)   class space    used 1265K, committed 1344K, reserved 1048576K
[2025-08-01T14:44:26.155+0000] GC(44) Load: 0.82/0.27/0.15
[2025-08-01T14:44:26.155+0000] GC(44) MMU: 2ms/93.0%, 5ms/97.2%, 10ms/98.6%, 20ms/99.2%, 50ms/99.7%, 100ms/99.8%
[2025-08-01T14:44:26.155+0000] GC(44) Mark: 2 stripe(s), 2 proactive flush(es), 1 terminate flush(es), 0 completion(s), 0 continuation(s) 
[2025-08-01T14:44:26.155+0000] GC(44) Mark Stack Usage: 32M
[2025-08-01T14:44:26.155+0000] GC(44) NMethods: 1414 registered, 176 unregistered
[2025-08-01T14:44:26.155+0000] GC(44) Metaspace: 10M used, 10M committed, 1088M reserved
[2025-08-01T14:44:26.155+0000] GC(44) Soft: 228 encountered, 0 discovered, 0 enqueued
[2025-08-01T14:44:26.155+0000] GC(44) Weak: 934 encountered, 715 discovered, 0 enqueued
[2025-08-01T14:44:26.155+0000] GC(44) Final: 0 encountered, 0 discovered, 0 enqueued
[2025-08-01T14:44:26.155+0000] GC(44) Phantom: 3 encountered, 1 discovered, 0 enqueued
[2025-08-01T14:44:26.155+0000] GC(44) Small Pages: 939 / 1878M, Empty: 1180M, Relocated: 10M, In-Place: 0
[2025-08-01T14:44:26.155+0000] GC(44) Medium Pages: 1 / 32M, Empty: 0M, Relocated: 0M, In-Place: 0
[2025-08-01T14:44:26.155+0000] GC(44) Large Pages: 0 / 0M, Empty: 0M, Relocated: 0M, In-Place: 0
[2025-08-01T14:44:26.155+0000] GC(44) Forwarding Usage: 0M
[2025-08-01T14:44:26.155+0000] GC(44) Min Capacity: 4096M(100%)
[2025-08-01T14:44:26.155+0000] GC(44) Max Capacity: 4096M(100%)
[2025-08-01T14:44:26.155+0000] GC(44) Soft Max Capacity: 4096M(100%)
[2025-08-01T14:44:26.155+0000] GC(44)                Mark Start          Mark End        Relocate Start      Relocate End           High               Low         
[2025-08-01T14:44:26.155+0000] GC(44)  Capacity:     4096M (100%)       4096M (100%)       4096M (100%)       4096M (100%)       4096M (100%)       4096M (100%)   
[2025-08-01T14:44:26.155+0000] GC(44)      Free:     2186M (53%)        1398M (34%)        2578M (63%)        2600M (63%)        2600M (63%)        1398M (34%)    
[2025-08-01T14:44:26.155+0000] GC(44)      Used:     1910M (47%)        2698M (66%)        1518M (37%)        1496M (37%)        2698M (66%)        1496M (37%)    
[2025-08-01T14:44:26.155+0000] GC(44)      Live:         -               668M (16%)         668M (16%)         668M (16%)            -                  -          
[2025-08-01T14:44:26.155+0000] GC(44) Allocated:         -               788M (19%)         788M (19%)         788M (19%)            -                  -          
[2025-08-01T14:44:26.155+0000] GC(44)   Garbage:         -              1241M (30%)          61M (2%)           39M (1%)             -                  -          
[2025-08-01T14:44:26.155+0000] GC(44) Reclaimed:         -                  -              1180M (29%)        1202M (29%)            -                  -          
[2025-08-01T14:44:26.155+0000] GC(44) Garbage Collection (Allocation Rate) 1910M(47%)->1496M(37%)
[2025-08-01T14:44:26.394+0000] GC(45) Heap before GC invocations=45 (full 45):
[2025-08-01T14:44:26.394+0000] GC(45)  ZHeap           used 2728M, capacity 4096M, max capacity 4096M
[2025-08-01T14:44:26.395+0000] GC(45)  Metaspace       used 10643K, committed 10880K, reserved 1114112K
[2025-08-01T14:44:26.395+0000] GC(45)   class space    used 1265K, committed 1344K, reserved 1048576K
[2025-08-01T14:44:26.395+0000] GC(45) Garbage Collection (Allocation Rate)
[2025-08-01T14:44:26.395+0000] GC(45) Using 2 workers
[2025-08-01T14:44:26.395+0000] GC(45) Pause Mark Start 0.013ms
[2025-08-01T14:44:26.536+0000] GC(45) Concurrent Mark 140.445ms
[2025-08-01T14:44:26.536+0000] GC(45) Pause Mark End 0.019ms
[2025-08-01T14:44:26.537+0000] GC(45) Concurrent Mark Free 0.004ms
[2025-08-01T14:44:26.542+0000] GC(45) Concurrent Process Non-Strong References 5.053ms
[2025-08-01T14:44:26.542+0000] GC(45) Concurrent Reset Relocation Set 0.003ms
[2025-08-01T14:44:26.548+0000] GC(45) Concurrent Select Relocation Set 5.586ms
[2025-08-01T14:44:26.548+0000] GC(45) Pause Relocate Start 0.015ms
[2025-08-01T14:44:26.549+0000] GC(45) Concurrent Relocate 1.089ms
[2025-08-01T14:44:26.549+0000] GC(45) Heap after GC invocations=46 (full 46):
[2025-08-01T14:44:26.549+0000] GC(45)  ZHeap           used 1072M, capacity 4096M, max capacity 4096M
[2025-08-01T14:44:26.549+0000] GC(45)  Metaspace       used 10643K, committed 10880K, reserved 1114112K
[2025-08-01T14:44:26.549+0000] GC(45)   class space    used 1265K, committed 1344K, reserved 1048576K
[2025-08-01T14:44:26.549+0000] GC(45) Load: 1.15/0.35/0.17
[2025-08-01T14:44:26.549+0000] GC(45) MMU: 2ms/93.0%, 5ms/97.2%, 10ms/98.6%, 20ms/99.2%, 50ms/99.7%, 100ms/99.8%
[2025-08-01T14:44:26.549+0000] GC(45) Mark: 2 stripe(s), 3 proactive flush(es), 1 terminate flush(es), 0 completion(s), 0 continuation(s) 
[2025-08-01T14:44:26.549+0000] GC(45) Mark Stack Usage: 32M
[2025-08-01T14:44:26.549+0000] GC(45) NMethods: 1414 registered, 176 unregistered
[2025-08-01T14:44:26.549+0000] GC(45) Metaspace: 10M used, 10M committed, 1088M reserved
[2025-08-01T14:44:26.549+0000] GC(45) Soft: 228 encountered, 0 discovered, 0 enqueued
[2025-08-01T14:44:26.549+0000] GC(45) Weak: 934 encountered, 5 discovered, 0 enqueued
[2025-08-01T14:44:26.550+0000] GC(45) Final: 0 encountered, 0 discovered, 0 enqueued
[2025-08-01T14:44:26.550+0000] GC(45) Phantom: 3 encountered, 0 discovered, 0 enqueued
[2025-08-01T14:44:26.550+0000] GC(45) Small Pages: 1348 / 2696M, Empty: 2338M, Relocated: 3M, In-Place: 0
[2025-08-01T14:44:26.550+0000] GC(45) Medium Pages: 1 / 32M, Empty: 0M, Relocated: 0M, In-Place: 0
[2025-08-01T14:44:26.550+0000] GC(45) Large Pages: 0 / 0M, Empty: 0M, Relocated: 0M, In-Place: 0
[2025-08-01T14:44:26.550+0000] GC(45) Forwarding Usage: 0M
[2025-08-01T14:44:26.550+0000] GC(45) Min Capacity: 4096M(100%)
[2025-08-01T14:44:26.550+0000] GC(45) Max Capacity: 4096M(100%)
[2025-08-01T14:44:26.550+0000] GC(45) Soft Max Capacity: 4096M(100%)
[2025-08-01T14:44:26.550+0000] GC(45)                Mark Start          Mark End        Relocate Start      Relocate End           High               Low         
[2025-08-01T14:44:26.550+0000] GC(45)  Capacity:     4096M (100%)       4096M (100%)       4096M (100%)       4096M (100%)       4096M (100%)       4096M (100%)   
[2025-08-01T14:44:26.550+0000] GC(45)      Free:     1368M (33%)         734M (18%)        3016M (74%)        3024M (74%)        3024M (74%)         706M (17%)    
[2025-08-01T14:44:26.550+0000] GC(45)      Used:     2728M (67%)        3362M (82%)        1080M (26%)        1072M (26%)        3390M (83%)        1072M (26%)    
[2025-08-01T14:44:26.550+0000] GC(45)      Live:         -               346M (8%)          346M (8%)          346M (8%)             -                  -          
[2025-08-01T14:44:26.550+0000] GC(45) Allocated:         -               634M (15%)         690M (17%)         694M (17%)            -                  -          
[2025-08-01T14:44:26.550+0000] GC(45)   Garbage:         -              2381M (58%)          43M (1%)           31M (1%)             -                  -          
[2025-08-01T14:44:26.550+0000] GC(45) Reclaimed:         -                  -              2338M (57%)        2350M (57%)            -                  -          
[2025-08-01T14:44:26.550+0000] GC(45) Garbage Collection (Allocation Rate) 2728M(67%)->1072M(26%)
[2025-08-01T14:44:26.793+0000] GC(46) Heap before GC invocations=46 (full 46):
[2025-08-01T14:44:26.793+0000] GC(46)  ZHeap           used 2278M, capacity 4096M, max capacity 4096M
[2025-08-01T14:44:26.793+0000] GC(46)  Metaspace       used 10643K, committed 10880K, reserved 1114112K
[2025-08-01T14:44:26.793+0000] GC(46)   class space    used 1265K, committed 1344K, reserved 1048576K
[2025-08-01T14:44:26.793+0000] GC(46) Garbage Collection (Allocation Rate)
[2025-08-01T14:44:26.793+0000] GC(46) Using 2 workers
[2025-08-01T14:44:26.794+0000] GC(46) Pause Mark Start 0.010ms
[2025-08-01T14:44:26.926+0000] GC(46) Concurrent Mark 132.336ms
[2025-08-01T14:44:26.926+0000] GC(46) Pause Mark End 0.013ms
[2025-08-01T14:44:26.927+0000] GC(46) Concurrent Mark Free 0.002ms
[2025-08-01T14:44:26.929+0000] GC(46) Concurrent Process Non-Strong References 2.529ms
[2025-08-01T14:44:26.929+0000] GC(46) Concurrent Reset Relocation Set 0.002ms
[2025-08-01T14:44:26.932+0000] GC(46) Concurrent Select Relocation Set 2.458ms
[2025-08-01T14:44:26.932+0000] GC(46) Pause Relocate Start 0.011ms
[2025-08-01T14:44:26.934+0000] GC(46) Concurrent Relocate 1.967ms
[2025-08-01T14:44:26.934+0000] GC(46) Heap after GC invocations=47 (full 47):
[2025-08-01T14:44:26.934+0000] GC(46)  ZHeap           used 1322M, capacity 4096M, max capacity 4096M
[2025-08-01T14:44:26.934+0000] GC(46)  Metaspace       used 10643K, committed 10880K, reserved 1114112K
[2025-08-01T14:44:26.934+0000] GC(46)   class space    used 1265K, committed 1344K, reserved 1048576K
[2025-08-01T14:44:26.934+0000] GC(46) Load: 1.15/0.35/0.17
[2025-08-01T14:44:26.934+0000] GC(46) MMU: 2ms/93.0%, 5ms/97.2%, 10ms/98.6%, 20ms/99.2%, 50ms/99.7%, 100ms/99.8%
[2025-08-01T14:44:26.934+0000] GC(46) Mark: 2 stripe(s), 2 proactive flush(es), 1 terminate flush(es), 0 completion(s), 0 continuation(s) 
[2025-08-01T14:44:26.934+0000] GC(46) Mark Stack Usage: 32M
[2025-08-01T14:44:26.934+0000] GC(46) NMethods: 1414 registered, 176 unregistered
[2025-08-01T14:44:26.934+0000] GC(46) Metaspace: 10M used, 10M committed, 1088M reserved
[2025-08-01T14:44:26.934+0000] GC(46) Soft: 228 encountered, 0 discovered, 0 enqueued
[2025-08-01T14:44:26.934+0000] GC(46) Weak: 934 encountered, 189 discovered, 0 enqueued
[2025-08-01T14:44:26.934+0000] GC(46) Final: 0 encountered, 0 discovered, 0 enqueued
[2025-08-01T14:44:26.934+0000] GC(46) Phantom: 3 encountered, 1 discovered, 0 enqueued
[2025-08-01T14:44:26.934+0000] GC(46) Small Pages: 1123 / 2246M, Empty: 1672M, Relocated: 6M, In-Place: 0
[2025-08-01T14:44:26.934+0000] GC(46) Medium Pages: 1 / 32M, Empty: 0M, Relocated: 0M, In-Place: 0
[2025-08-01T14:44:26.934+0000] GC(46) Large Pages: 0 / 0M, Empty: 0M, Relocated: 0M, In-Place: 0
[2025-08-01T14:44:26.934+0000] GC(46) Forwarding Usage: 0M
[2025-08-01T14:44:26.934+0000] GC(46) Min Capacity: 4096M(100%)
[2025-08-01T14:44:26.934+0000] GC(46) Max Capacity: 4096M(100%)
[2025-08-01T14:44:26.934+0000] GC(46) Soft Max Capacity: 4096M(100%)
[2025-08-01T14:44:26.934+0000] GC(46)                Mark Start          Mark End        Relocate Start      Relocate End           High               Low         
[2025-08-01T14:44:26.934+0000] GC(46)  Capacity:     4096M (100%)       4096M (100%)       4096M (100%)       4096M (100%)       4096M (100%)       4096M (100%)   
[2025-08-01T14:44:26.934+0000] GC(46)      Free:     1818M (44%)        1120M (27%)        2768M (68%)        2774M (68%)        2778M (68%)        1104M (27%)    
[2025-08-01T14:44:26.934+0000] GC(46)      Used:     2278M (56%)        2976M (73%)        1328M (32%)        1322M (32%)        2992M (73%)        1318M (32%)    
[2025-08-01T14:44:26.934+0000] GC(46)      Live:         -               551M (13%)         551M (13%)         551M (13%)            -                  -          
[2025-08-01T14:44:26.934+0000] GC(46) Allocated:         -               698M (17%)         722M (18%)         736M (18%)            -                  -          
[2025-08-01T14:44:26.934+0000] GC(46)   Garbage:         -              1726M (42%)          54M (1%)           34M (1%)             -                  -          
[2025-08-01T14:44:26.934+0000] GC(46) Reclaimed:         -                  -              1672M (41%)        1692M (41%)            -                  -          
[2025-08-01T14:44:26.934+0000] GC(46) Garbage Collection (Allocation Rate) 2278M(56%)->1322M(32%)
[2025-08-01T14:44:27.193+0000] GC(47) Heap before GC invocations=47 (full 47):
[2025-08-01T14:44:27.193+0000] GC(47)  ZHeap           used 2520M, capacity 4096M, max capacity 4096M
[2025-08-01T14:44:27.193+0000] GC(47)  Metaspace       used 10643K, committed 10880K, reserved 1114112K
[2025-08-01T14:44:27.193+0000] GC(47)   class space    used 1265K, committed 1344K, reserved 1048576K
[2025-08-01T14:44:27.193+0000] GC(47) Garbage Collection (Allocation Rate)
[2025-08-01T14:44:27.193+0000] GC(47) Using 2 workers
[2025-08-01T14:44:27.193+0000] GC(47) Pause Mark Start 0.007ms
[2025-08-01T14:44:27.294+0000] GC(47) Concurrent Mark 100.476ms
[2025-08-01T14:44:27.295+0000] GC(47) Pause Mark End 0.025ms
[2025-08-01T14:44:27.295+0000] GC(47) Concurrent Mark Free 0.001ms
[2025-08-01T14:44:27.298+0000] GC(47) Concurrent Process Non-Strong References 3.104ms
[2025-08-01T14:44:27.298+0000] GC(47) Concurrent Reset Relocation Set 0.002ms
[2025-08-01T14:44:27.302+0000] GC(47) Concurrent Select Relocation Set 3.454ms
[2025-08-01T14:44:27.303+0000] GC(47) Pause Relocate Start 0.014ms
[2025-08-01T14:44:27.304+0000] GC(47) Concurrent Relocate 0.774ms
[2025-08-01T14:44:27.304+0000] GC(47) Heap after GC invocations=48 (full 48):
[2025-08-01T14:44:27.304+0000] GC(47)  ZHeap           used 894M, capacity 4096M, max capacity 4096M
[2025-08-01T14:44:27.304+0000] GC(47)  Metaspace       used 10643K, committed 10880K, reserved 1114112K
[2025-08-01T14:44:27.304+0000] GC(47)   class space    used 1265K, committed 1344K, reserved 1048576K
[2025-08-01T14:44:27.304+0000] GC(47) Load: 1.15/0.35/0.17
[2025-08-01T14:44:27.304+0000] GC(47) MMU: 2ms/93.0%, 5ms/97.2%, 10ms/98.6%, 20ms/99.2%, 50ms/99.7%, 100ms/99.8%
[2025-08-01T14:44:27.304+0000] GC(47) Mark: 2 stripe(s), 2 proactive flush(es), 1 terminate flush(es), 0 completion(s), 0 continuation(s) 
[2025-08-01T14:44:27.304+0000] GC(47) Mark Stack Usage: 32M
[2025-08-01T14:44:27.304+0000] GC(47) NMethods: 1414 registered, 176 unregistered
[2025-08-01T14:44:27.304+0000] GC(47) Metaspace: 10M used, 10M committed, 1088M reserved
[2025-08-01T14:44:27.304+0000] GC(47) Soft: 228 encountered, 0 discovered, 0 enqueued
[2025-08-01T14:44:27.304+0000] GC(47) Weak: 934 encountered, 193 discovered, 0 enqueued
[2025-08-01T14:44:27.304+0000] GC(47) Final: 0 encountered, 0 discovered, 0 enqueued
[2025-08-01T14:44:27.304+0000] GC(47) Phantom: 3 encountered, 2 discovered, 0 enqueued
[2025-08-01T14:44:27.304+0000] GC(47) Small Pages: 1244 / 2488M, Empty: 2062M, Relocated: 1M, In-Place: 0
[2025-08-01T14:44:27.304+0000] GC(47) Medium Pages: 1 / 32M, Empty: 0M, Relocated: 0M, In-Place: 0
[2025-08-01T14:44:27.304+0000] GC(47) Large Pages: 0 / 0M, Empty: 0M, Relocated: 0M, In-Place: 0
[2025-08-01T14:44:27.305+0000] GC(47) Forwarding Usage: 0M
[2025-08-01T14:44:27.305+0000] GC(47) Min Capacity: 4096M(100%)
[2025-08-01T14:44:27.305+0000] GC(47) Max Capacity: 4096M(100%)
[2025-08-01T14:44:27.305+0000] GC(47) Soft Max Capacity: 4096M(100%)
[2025-08-01T14:44:27.305+0000] GC(47)                Mark Start          Mark End        Relocate Start      Relocate End           High               Low         
[2025-08-01T14:44:27.305+0000] GC(47)  Capacity:     4096M (100%)       4096M (100%)       4096M (100%)       4096M (100%)       4096M (100%)       4096M (100%)   
[2025-08-01T14:44:27.305+0000] GC(47)      Free:     1576M (38%)        1176M (29%)        3204M (78%)        3202M (78%)        3210M (78%)        1162M (28%)    
[2025-08-01T14:44:27.305+0000] GC(47)      Used:     2520M (62%)        2920M (71%)         892M (22%)         894M (22%)        2934M (72%)         886M (22%)    
[2025-08-01T14:44:27.305+0000] GC(47)      Live:         -               418M (10%)         418M (10%)         418M (10%)            -                  -          
[2025-08-01T14:44:27.305+0000] GC(47) Allocated:         -               400M (10%)         434M (11%)         442M (11%)            -                  -          
[2025-08-01T14:44:27.305+0000] GC(47)   Garbage:         -              2101M (51%)          39M (1%)           33M (1%)             -                  -          
[2025-08-01T14:44:27.305+0000] GC(47) Reclaimed:         -                  -              2062M (50%)        2068M (50%)            -                  -          
[2025-08-01T14:44:27.305+0000] GC(47) Garbage Collection (Allocation Rate) 2520M(62%)->894M(22%)
[2025-08-01T14:44:27.694+0000] GC(48) Heap before GC invocations=48 (full 48):
[2025-08-01T14:44:27.694+0000] GC(48)  ZHeap           used 2754M, capacity 4096M, max capacity 4096M
[2025-08-01T14:44:27.694+0000] GC(48)  Metaspace       used 10643K, committed 10880K, reserved 1114112K
[2025-08-01T14:44:27.694+0000] GC(48)   class space    used 1265K, committed 1344K, reserved 1048576K
[2025-08-01T14:44:27.694+0000] GC(48) Garbage Collection (Allocation Rate)
[2025-08-01T14:44:27.694+0000] GC(48) Using 2 workers
[2025-08-01T14:44:27.694+0000] GC(48) Pause Mark Start 0.009ms
[2025-08-01T14:44:27.718+0000] GC(48) Concurrent Mark 23.669ms
[2025-08-01T14:44:27.718+0000] GC(48) Pause Mark End 0.015ms
[2025-08-01T14:44:27.718+0000] GC(48) Concurrent Mark Free 0.001ms
[2025-08-01T14:44:27.720+0000] GC(48) Concurrent Process Non-Strong References 2.210ms
[2025-08-01T14:44:27.720+0000] GC(48) Concurrent Reset Relocation Set 0.002ms
[2025-08-01T14:44:27.724+0000] GC(48) Concurrent Select Relocation Set 3.721ms
[2025-08-01T14:44:27.724+0000] GC(48) Pause Relocate Start 0.011ms
[2025-08-01T14:44:27.726+0000] GC(48) Concurrent Relocate 1.304ms
[2025-08-01T14:44:27.726+0000] GC(48) Heap after GC invocations=49 (full 49):
[2025-08-01T14:44:27.726+0000] GC(48)  ZHeap           used 162M, capacity 4096M, max capacity 4096M
[2025-08-01T14:44:27.726+0000] GC(48)  Metaspace       used 10643K, committed 10880K, reserved 1114112K
[2025-08-01T14:44:27.726+0000] GC(48)   class space    used 1265K, committed 1344K, reserved 1048576K
[2025-08-01T14:44:27.726+0000] GC(48) Load: 1.15/0.35/0.17
[2025-08-01T14:44:27.726+0000] GC(48) MMU: 2ms/93.0%, 5ms/97.2%, 10ms/98.6%, 20ms/99.2%, 50ms/99.7%, 100ms/99.8%
[2025-08-01T14:44:27.726+0000] GC(48) Mark: 2 stripe(s), 2 proactive flush(es), 1 terminate flush(es), 0 completion(s), 0 continuation(s) 
[2025-08-01T14:44:27.726+0000] GC(48) Mark Stack Usage: 32M
[2025-08-01T14:44:27.726+0000] GC(48) NMethods: 1414 registered, 176 unregistered
[2025-08-01T14:44:27.726+0000] GC(48) Metaspace: 10M used, 10M committed, 1088M reserved
[2025-08-01T14:44:27.726+0000] GC(48) Soft: 228 encountered, 0 discovered, 0 enqueued
[2025-08-01T14:44:27.726+0000] GC(48) Weak: 934 encountered, 146 discovered, 0 enqueued
[2025-08-01T14:44:27.726+0000] GC(48) Final: 0 encountered, 0 discovered, 0 enqueued
[2025-08-01T14:44:27.726+0000] GC(48) Phantom: 3 encountered, 1 discovered, 0 enqueued
[2025-08-01T14:44:27.726+0000] GC(48) Small Pages: 1361 / 2722M, Empty: 2610M, Relocated: 1M, In-Place: 0
[2025-08-01T14:44:27.726+0000] GC(48) Medium Pages: 1 / 32M, Empty: 0M, Relocated: 0M, In-Place: 0
[2025-08-01T14:44:27.726+0000] GC(48) Large Pages: 0 / 0M, Empty: 0M, Relocated: 0M, In-Place: 0
[2025-08-01T14:44:27.726+0000] GC(48) Forwarding Usage: 0M
[2025-08-01T14:44:27.726+0000] GC(48) Min Capacity: 4096M(100%)
[2025-08-01T14:44:27.726+0000] GC(48) Max Capacity: 4096M(100%)
[2025-08-01T14:44:27.726+0000] GC(48) Soft Max Capacity: 4096M(100%)
[2025-08-01T14:44:27.726+0000] GC(48)                Mark Start          Mark End        Relocate Start      Relocate End           High               Low         
[2025-08-01T14:44:27.726+0000] GC(48)  Capacity:     4096M (100%)       4096M (100%)       4096M (100%)       4096M (100%)       4096M (100%)       4096M (100%)   
[2025-08-01T14:44:27.726+0000] GC(48)      Free:     1342M (33%)        1340M (33%)        3940M (96%)        3934M (96%)        3944M (96%)        1340M (33%)    
[2025-08-01T14:44:27.726+0000] GC(48)      Used:     2754M (67%)        2756M (67%)         156M (4%)          162M (4%)         2756M (67%)         152M (4%)     
[2025-08-01T14:44:27.726+0000] GC(48)      Live:         -               107M (3%)          107M (3%)          107M (3%)             -                  -          
[2025-08-01T14:44:27.726+0000] GC(48) Allocated:         -                 2M (0%)           12M (0%)           22M (1%)             -                  -          
[2025-08-01T14:44:27.726+0000] GC(48)   Garbage:         -              2646M (65%)          36M (1%)           32M (1%)             -                  -          
[2025-08-01T14:44:27.726+0000] GC(48) Reclaimed:         -                  -              2610M (64%)        2614M (64%)            -                  -          
[2025-08-01T14:44:27.726+0000] GC(48) Garbage Collection (Allocation Rate) 2754M(67%)->162M(4%)
[2025-08-01T14:44:28.294+0000] GC(49) Heap before GC invocations=49 (full 49):
[2025-08-01T14:44:28.294+0000] GC(49)  ZHeap           used 2718M, capacity 4096M, max capacity 4096M
[2025-08-01T14:44:28.294+0000] GC(49)  Metaspace       used 10643K, committed 10880K, reserved 1114112K
[2025-08-01T14:44:28.294+0000] GC(49)   class space    used 1265K, committed 1344K, reserved 1048576K
[2025-08-01T14:44:28.294+0000] GC(49) Garbage Collection (Allocation Rate)
[2025-08-01T14:44:28.294+0000] GC(49) Using 2 workers
[2025-08-01T14:44:28.294+0000] GC(49) Pause Mark Start 0.010ms
[2025-08-01T14:44:28.526+0000] GC(49) Concurrent Mark 231.749ms
[2025-08-01T14:44:28.526+0000] GC(49) Pause Mark End 0.020ms
[2025-08-01T14:44:28.526+0000] GC(49) Concurrent Mark Free 0.001ms
[2025-08-01T14:44:28.530+0000] GC(49) Concurrent Process Non-Strong References 3.567ms
[2025-08-01T14:44:28.530+0000] GC(49) Concurrent Reset Relocation Set 0.003ms
[2025-08-01T14:44:28.534+0000] GC(49) Concurrent Select Relocation Set 3.738ms
[2025-08-01T14:44:28.534+0000] GC(49) Pause Relocate Start 0.011ms
[2025-08-01T14:44:28.538+0000] GC(49) Concurrent Relocate 3.459ms
[2025-08-01T14:44:28.538+0000] GC(49) Heap after GC invocations=50 (full 50):
[2025-08-01T14:44:28.538+0000] GC(49)  ZHeap           used 1830M, capacity 4096M, max capacity 4096M
[2025-08-01T14:44:28.538+0000] GC(49)  Metaspace       used 10643K, committed 10880K, reserved 1114112K
[2025-08-01T14:44:28.538+0000] GC(49)   class space    used 1265K, committed 1344K, reserved 1048576K
[2025-08-01T14:44:28.538+0000] GC(49) Load: 1.15/0.35/0.17
[2025-08-01T14:44:28.538+0000] GC(49) MMU: 2ms/93.0%, 5ms/97.2%, 10ms/98.6%, 20ms/99.2%, 50ms/99.7%, 100ms/99.8%
[2025-08-01T14:44:28.538+0000] GC(49) Mark: 2 stripe(s), 2 proactive flush(es), 1 terminate flush(es), 0 completion(s), 0 continuation(s) 
[2025-08-01T14:44:28.538+0000] GC(49) Mark Stack Usage: 32M
[2025-08-01T14:44:28.538+0000] GC(49) NMethods: 1414 registered, 176 unregistered
[2025-08-01T14:44:28.538+0000] GC(49) Metaspace: 10M used, 10M committed, 1088M reserved
[2025-08-01T14:44:28.538+0000] GC(49) Soft: 228 encountered, 0 discovered, 0 enqueued
[2025-08-01T14:44:28.538+0000] GC(49) Weak: 934 encountered, 181 discovered, 0 enqueued
[2025-08-01T14:44:28.538+0000] GC(49) Final: 0 encountered, 0 discovered, 0 enqueued
[2025-08-01T14:44:28.538+0000] GC(49) Phantom: 3 encountered, 0 discovered, 0 enqueued
[2025-08-01T14:44:28.538+0000] GC(49) Small Pages: 1343 / 2686M, Empty: 1874M, Relocated: 5M, In-Place: 0
[2025-08-01T14:44:28.538+0000] GC(49) Medium Pages: 1 / 32M, Empty: 0M, Relocated: 0M, In-Place: 0
[2025-08-01T14:44:28.538+0000] GC(49) Large Pages: 0 / 0M, Empty: 0M, Relocated: 0M, In-Place: 0
[2025-08-01T14:44:28.538+0000] GC(49) Forwarding Usage: 0M
[2025-08-01T14:44:28.538+0000] GC(49) Min Capacity: 4096M(100%)
[2025-08-01T14:44:28.538+0000] GC(49) Max Capacity: 4096M(100%)
[2025-08-01T14:44:28.538+0000] GC(49) Soft Max Capacity: 4096M(100%)
[2025-08-01T14:44:28.538+0000] GC(49)                Mark Start          Mark End        Relocate Start      Relocate End           High               Low         
[2025-08-01T14:44:28.538+0000] GC(49)  Capacity:     4096M (100%)       4096M (100%)       4096M (100%)       4096M (100%)       4096M (100%)       4096M (100%)   
[2025-08-01T14:44:28.538+0000] GC(49)      Free:     1378M (34%)         496M (12%)        2292M (56%)        2266M (55%)        2298M (56%)         456M (11%)    
[2025-08-01T14:44:28.538+0000] GC(49)      Used:     2718M (66%)        3600M (88%)        1804M (44%)        1830M (45%)        3640M (89%)        1798M (44%)    
[2025-08-01T14:44:28.538+0000] GC(49)      Live:         -               799M (20%)         799M (20%)         799M (20%)            -                  -          
[2025-08-01T14:44:28.538+0000] GC(49) Allocated:         -               882M (22%)         960M (23%)         993M (24%)            -                  -          
[2025-08-01T14:44:28.538+0000] GC(49)   Garbage:         -              1918M (47%)          44M (1%)           36M (1%)             -                  -          
[2025-08-01T14:44:28.538+0000] GC(49) Reclaimed:         -                  -              1874M (46%)        1881M (46%)            -                  -          
[2025-08-01T14:44:28.538+0000] GC(49) Garbage Collection (Allocation Rate) 2718M(66%)->1830M(45%)
[2025-08-01T14:44:28.593+0000] GC(50) Heap before GC invocations=50 (full 50):
[2025-08-01T14:44:28.593+0000] GC(50)  ZHeap           used 2034M, capacity 4096M, max capacity 4096M
[2025-08-01T14:44:28.593+0000] GC(50)  Metaspace       used 10643K, committed 10880K, reserved 1114112K
[2025-08-01T14:44:28.593+0000] GC(50)   class space    used 1265K, committed 1344K, reserved 1048576K
[2025-08-01T14:44:28.593+0000] GC(50) Garbage Collection (Allocation Rate)
[2025-08-01T14:44:28.593+0000] GC(50) Using 2 workers
[2025-08-01T14:44:28.593+0000] GC(50) Pause Mark Start 0.010ms
[2025-08-01T14:44:28.650+0000] GC(50) Concurrent Mark 56.836ms
[2025-08-01T14:44:28.651+0000] GC(50) Pause Mark End 0.019ms
[2025-08-01T14:44:28.651+0000] GC(50) Concurrent Mark Free 0.001ms
[2025-08-01T14:44:28.655+0000] GC(50) Concurrent Process Non-Strong References 3.737ms
[2025-08-01T14:44:28.655+0000] GC(50) Concurrent Reset Relocation Set 0.002ms
[2025-08-01T14:44:28.658+0000] GC(50) Concurrent Select Relocation Set 2.997ms
[2025-08-01T14:44:28.658+0000] GC(50) Pause Relocate Start 0.012ms
[2025-08-01T14:44:28.659+0000] GC(50) Concurrent Relocate 0.709ms
[2025-08-01T14:44:28.659+0000] GC(50) Heap after GC invocations=51 (full 51):
[2025-08-01T14:44:28.659+0000] GC(50)  ZHeap           used 600M, capacity 4096M, max capacity 4096M
[2025-08-01T14:44:28.659+0000] GC(50)  Metaspace       used 10643K, committed 10880K, reserved 1114112K
[2025-08-01T14:44:28.659+0000] GC(50)   class space    used 1265K, committed 1344K, reserved 1048576K
[2025-08-01T14:44:28.659+0000] GC(50) Load: 1.15/0.35/0.17
[2025-08-01T14:44:28.659+0000] GC(50) MMU: 2ms/93.0%, 5ms/97.2%, 10ms/98.6%, 20ms/99.2%, 50ms/99.7%, 100ms/99.8%
[2025-08-01T14:44:28.659+0000] GC(50) Mark: 2 stripe(s), 2 proactive flush(es), 1 terminate flush(es), 0 completion(s), 0 continuation(s) 
[2025-08-01T14:44:28.659+0000] GC(50) Mark Stack Usage: 32M
[2025-08-01T14:44:28.659+0000] GC(50) NMethods: 1414 registered, 176 unregistered
[2025-08-01T14:44:28.659+0000] GC(50) Metaspace: 10M used, 10M committed, 1088M reserved
[2025-08-01T14:44:28.659+0000] GC(50) Soft: 228 encountered, 0 discovered, 0 enqueued
[2025-08-01T14:44:28.659+0000] GC(50) Weak: 934 encountered, 714 discovered, 0 enqueued
[2025-08-01T14:44:28.659+0000] GC(50) Final: 0 encountered, 0 discovered, 0 enqueued
[2025-08-01T14:44:28.659+0000] GC(50) Phantom: 3 encountered, 1 discovered, 0 enqueued
[2025-08-01T14:44:28.659+0000] GC(50) Small Pages: 1001 / 2002M, Empty: 1794M, Relocated: 1M, In-Place: 0
[2025-08-01T14:44:28.659+0000] GC(50) Medium Pages: 1 / 32M, Empty: 0M, Relocated: 0M, In-Place: 0
[2025-08-01T14:44:28.659+0000] GC(50) Large Pages: 0 / 0M, Empty: 0M, Relocated: 0M, In-Place: 0
[2025-08-01T14:44:28.659+0000] GC(50) Forwarding Usage: 0M
[2025-08-01T14:44:28.659+0000] GC(50) Min Capacity: 4096M(100%)
[2025-08-01T14:44:28.659+0000] GC(50) Max Capacity: 4096M(100%)
[2025-08-01T14:44:28.660+0000] GC(50) Soft Max Capacity: 4096M(100%)
[2025-08-01T14:44:28.660+0000] GC(50)                Mark Start          Mark End        Relocate Start      Relocate End           High               Low         
[2025-08-01T14:44:28.660+0000] GC(50)  Capacity:     4096M (100%)       4096M (100%)       4096M (100%)       4096M (100%)       4096M (100%)       4096M (100%)   
[2025-08-01T14:44:28.660+0000] GC(50)      Free:     2062M (50%)        1708M (42%)        3486M (85%)        3496M (85%)        3496M (85%)        1692M (41%)    
[2025-08-01T14:44:28.660+0000] GC(50)      Used:     2034M (50%)        2388M (58%)         610M (15%)         600M (15%)        2404M (59%)         600M (15%)    
[2025-08-01T14:44:28.660+0000] GC(50)      Live:         -               199M (5%)          199M (5%)          199M (5%)             -                  -          
[2025-08-01T14:44:28.660+0000] GC(50) Allocated:         -               354M (9%)          370M (9%)          370M (9%)             -                  -          
[2025-08-01T14:44:28.660+0000] GC(50)   Garbage:         -              1834M (45%)          40M (1%)           30M (1%)             -                  -          
[2025-08-01T14:44:28.660+0000] GC(50) Reclaimed:         -                  -              1794M (44%)        1804M (44%)            -                  -          
[2025-08-01T14:44:28.660+0000] GC(50) Garbage Collection (Allocation Rate) 2034M(50%)->600M(15%)
[2025-08-01T14:44:28.992+0000] GC(51) Heap before GC invocations=51 (full 51):
[2025-08-01T14:44:28.993+0000] GC(51)  ZHeap           used 2162M, capacity 4096M, max capacity 4096M
[2025-08-01T14:44:28.993+0000] GC(51)  Metaspace       used 10643K, committed 10880K, reserved 1114112K
[2025-08-01T14:44:28.993+0000] GC(51)   class space    used 1265K, committed 1344K, reserved 1048576K
[2025-08-01T14:44:28.993+0000] GC(51) Garbage Collection (Allocation Rate)
[2025-08-01T14:44:28.993+0000] GC(51) Using 2 workers
[2025-08-01T14:44:28.994+0000] GC(51) Pause Mark Start 0.021ms
[2025-08-01T14:44:29.072+0000] GC(51) Concurrent Mark 76.151ms
[2025-08-01T14:44:29.073+0000] GC(51) Pause Mark End 0.022ms
[2025-08-01T14:44:29.073+0000] GC(51) Concurrent Mark Free 0.002ms
[2025-08-01T14:44:29.078+0000] GC(51) Concurrent Process Non-Strong References 4.959ms
[2025-08-01T14:44:29.078+0000] GC(51) Concurrent Reset Relocation Set 0.003ms
[2025-08-01T14:44:29.081+0000] GC(51) Concurrent Select Relocation Set 2.770ms
[2025-08-01T14:44:29.082+0000] GC(51) Pause Relocate Start 0.012ms
[2025-08-01T14:44:29.085+0000] GC(51) Concurrent Relocate 2.175ms
[2025-08-01T14:44:29.085+0000] GC(51) Heap after GC invocations=52 (full 52):
[2025-08-01T14:44:29.085+0000] GC(51)  ZHeap           used 796M, capacity 4096M, max capacity 4096M
[2025-08-01T14:44:29.085+0000] GC(51)  Metaspace       used 10643K, committed 10880K, reserved 1114112K
[2025-08-01T14:44:29.085+0000] GC(51)   class space    used 1265K, committed 1344K, reserved 1048576K
[2025-08-01T14:44:29.085+0000] GC(51) Load: 1.15/0.35/0.17
[2025-08-01T14:44:29.085+0000] GC(51) MMU: 2ms/93.0%, 5ms/97.2%, 10ms/98.6%, 20ms/99.2%, 50ms/99.7%, 100ms/99.8%
[2025-08-01T14:44:29.085+0000] GC(51) Mark: 2 stripe(s), 2 proactive flush(es), 1 terminate flush(es), 0 completion(s), 0 continuation(s) 
[2025-08-01T14:44:29.085+0000] GC(51) Mark Stack Usage: 32M
[2025-08-01T14:44:29.085+0000] GC(51) NMethods: 1414 registered, 176 unregistered
[2025-08-01T14:44:29.085+0000] GC(51) Metaspace: 10M used, 10M committed, 1088M reserved
[2025-08-01T14:44:29.085+0000] GC(51) Soft: 228 encountered, 0 discovered, 0 enqueued
[2025-08-01T14:44:29.085+0000] GC(51) Weak: 934 encountered, 191 discovered, 0 enqueued
[2025-08-01T14:44:29.085+0000] GC(51) Final: 0 encountered, 0 discovered, 0 enqueued
[2025-08-01T14:44:29.085+0000] GC(51) Phantom: 3 encountered, 0 discovered, 0 enqueued
[2025-08-01T14:44:29.085+0000] GC(51) Small Pages: 1068 / 2136M, Empty: 1830M, Relocated: 2M, In-Place: 0
[2025-08-01T14:44:29.085+0000] GC(51) Medium Pages: 1 / 32M, Empty: 0M, Relocated: 0M, In-Place: 0
[2025-08-01T14:44:29.085+0000] GC(51) Large Pages: 0 / 0M, Empty: 0M, Relocated: 0M, In-Place: 0
[2025-08-01T14:44:29.085+0000] GC(51) Forwarding Usage: 0M
[2025-08-01T14:44:29.085+0000] GC(51) Min Capacity: 4096M(100%)
[2025-08-01T14:44:29.085+0000] GC(51) Max Capacity: 4096M(100%)
[2025-08-01T14:44:29.085+0000] GC(51) Soft Max Capacity: 4096M(100%)
[2025-08-01T14:44:29.085+0000] GC(51)                Mark Start          Mark End        Relocate Start      Relocate End           High               Low         
[2025-08-01T14:44:29.085+0000] GC(51)  Capacity:     4096M (100%)       4096M (100%)       4096M (100%)       4096M (100%)       4096M (100%)       4096M (100%)   
[2025-08-01T14:44:29.085+0000] GC(51)      Free:     1928M (47%)        1558M (38%)        3316M (81%)        3300M (81%)        3328M (81%)        1528M (37%)    
[2025-08-01T14:44:29.085+0000] GC(51)      Used:     2168M (53%)        2538M (62%)         780M (19%)         796M (19%)        2568M (63%)         768M (19%)    
[2025-08-01T14:44:29.085+0000] GC(51)      Live:         -               291M (7%)          291M (7%)          291M (7%)             -                  -          
[2025-08-01T14:44:29.085+0000] GC(51) Allocated:         -               370M (9%)          442M (11%)         471M (12%)            -                  -          
[2025-08-01T14:44:29.085+0000] GC(51)   Garbage:         -              1876M (46%)          46M (1%)           32M (1%)             -                  -          
[2025-08-01T14:44:29.085+0000] GC(51) Reclaimed:         -                  -              1830M (45%)        1843M (45%)            -                  -          
[2025-08-01T14:44:29.085+0000] GC(51) Garbage Collection (Allocation Rate) 2168M(53%)->796M(19%)
[2025-08-01T14:44:29.393+0000] GC(52) Heap before GC invocations=52 (full 52):
[2025-08-01T14:44:29.393+0000] GC(52)  ZHeap           used 2276M, capacity 4096M, max capacity 4096M
[2025-08-01T14:44:29.393+0000] GC(52)  Metaspace       used 10643K, committed 10880K, reserved 1114112K
[2025-08-01T14:44:29.393+0000] GC(52)   class space    used 1265K, committed 1344K, reserved 1048576K
[2025-08-01T14:44:29.393+0000] GC(52) Garbage Collection (Allocation Rate)
[2025-08-01T14:44:29.393+0000] GC(52) Using 2 workers
[2025-08-01T14:44:29.394+0000] GC(52) Pause Mark Start 0.011ms
[2025-08-01T14:44:29.501+0000] GC(52) Concurrent Mark 107.244ms
[2025-08-01T14:44:29.503+0000] GC(52) Pause Mark End 0.022ms
[2025-08-01T14:44:29.503+0000] GC(52) Concurrent Mark Free 0.002ms
[2025-08-01T14:44:29.507+0000] GC(52) Concurrent Process Non-Strong References 4.017ms
[2025-08-01T14:44:29.507+0000] GC(52) Concurrent Reset Relocation Set 0.002ms
[2025-08-01T14:44:29.511+0000] GC(52) Concurrent Select Relocation Set 3.949ms
[2025-08-01T14:44:29.511+0000] GC(52) Pause Relocate Start 0.017ms
[2025-08-01T14:44:29.514+0000] GC(52) Concurrent Relocate 2.244ms
[2025-08-01T14:44:29.514+0000] GC(52) Heap after GC invocations=53 (full 53):
[2025-08-01T14:44:29.514+0000] GC(52)  ZHeap           used 1068M, capacity 4096M, max capacity 4096M
[2025-08-01T14:44:29.514+0000] GC(52)  Metaspace       used 10643K, committed 10880K, reserved 1114112K
[2025-08-01T14:44:29.514+0000] GC(52)   class space    used 1265K, committed 1344K, reserved 1048576K
[2025-08-01T14:44:29.514+0000] GC(52) Load: 1.15/0.35/0.17
[2025-08-01T14:44:29.514+0000] GC(52) MMU: 2ms/93.0%, 5ms/97.2%, 10ms/98.6%, 20ms/99.2%, 50ms/99.7%, 100ms/99.8%
[2025-08-01T14:44:29.514+0000] GC(52) Mark: 2 stripe(s), 2 proactive flush(es), 1 terminate flush(es), 0 completion(s), 0 continuation(s) 
[2025-08-01T14:44:29.514+0000] GC(52) Mark Stack Usage: 32M
[2025-08-01T14:44:29.514+0000] GC(52) NMethods: 1414 registered, 176 unregistered
[2025-08-01T14:44:29.514+0000] GC(52) Metaspace: 10M used, 10M committed, 1088M reserved
[2025-08-01T14:44:29.514+0000] GC(52) Soft: 228 encountered, 0 discovered, 0 enqueued
[2025-08-01T14:44:29.514+0000] GC(52) Weak: 934 encountered, 178 discovered, 0 enqueued
[2025-08-01T14:44:29.514+0000] GC(52) Final: 0 encountered, 0 discovered, 0 enqueued
[2025-08-01T14:44:29.514+0000] GC(52) Phantom: 3 encountered, 0 discovered, 0 enqueued
[2025-08-01T14:44:29.514+0000] GC(52) Small Pages: 1123 / 2246M, Empty: 1832M, Relocated: 4M, In-Place: 0
[2025-08-01T14:44:29.514+0000] GC(52) Medium Pages: 1 / 32M, Empty: 0M, Relocated: 0M, In-Place: 0
[2025-08-01T14:44:29.514+0000] GC(52) Large Pages: 0 / 0M, Empty: 0M, Relocated: 0M, In-Place: 0
[2025-08-01T14:44:29.514+0000] GC(52) Forwarding Usage: 0M
[2025-08-01T14:44:29.514+0000] GC(52) Min Capacity: 4096M(100%)
[2025-08-01T14:44:29.514+0000] GC(52) Max Capacity: 4096M(100%)
[2025-08-01T14:44:29.514+0000] GC(52) Soft Max Capacity: 4096M(100%)
[2025-08-01T14:44:29.514+0000] GC(52)                Mark Start          Mark End        Relocate Start      Relocate End           High               Low         
[2025-08-01T14:44:29.514+0000] GC(52)  Capacity:     4096M (100%)       4096M (100%)       4096M (100%)       4096M (100%)       4096M (100%)       4096M (100%)   
[2025-08-01T14:44:29.514+0000] GC(52)      Free:     1818M (44%)        1226M (30%)        3020M (74%)        3028M (74%)        3028M (74%)        1206M (29%)    
[2025-08-01T14:44:29.514+0000] GC(52)      Used:     2278M (56%)        2870M (70%)        1076M (26%)        1068M (26%)        2890M (71%)        1068M (26%)    
[2025-08-01T14:44:29.514+0000] GC(52)      Live:         -               401M (10%)         401M (10%)         401M (10%)            -                  -          
[2025-08-01T14:44:29.514+0000] GC(52) Allocated:         -               592M (14%)         630M (15%)         632M (15%)            -                  -          
[2025-08-01T14:44:29.514+0000] GC(52)   Garbage:         -              1876M (46%)          44M (1%)           34M (1%)             -                  -          
[2025-08-01T14:44:29.514+0000] GC(52) Reclaimed:         -                  -              1832M (45%)        1842M (45%)            -                  -          
[2025-08-01T14:44:29.514+0000] GC(52) Garbage Collection (Allocation Rate) 2278M(56%)->1068M(26%)
[2025-08-01T14:44:29.793+0000] GC(53) Heap before GC invocations=53 (full 53):
[2025-08-01T14:44:29.793+0000] GC(53)  ZHeap           used 2442M, capacity 4096M, max capacity 4096M
[2025-08-01T14:44:29.793+0000] GC(53)  Metaspace       used 10643K, committed 10880K, reserved 1114112K
[2025-08-01T14:44:29.793+0000] GC(53)   class space    used 1265K, committed 1344K, reserved 1048576K
[2025-08-01T14:44:29.793+0000] GC(53) Garbage Collection (Allocation Rate)
[2025-08-01T14:44:29.793+0000] GC(53) Using 2 workers
[2025-08-01T14:44:29.793+0000] GC(53) Pause Mark Start 0.013ms
[2025-08-01T14:44:30.000+0000] GC(53) Concurrent Mark 206.680ms
[2025-08-01T14:44:30.000+0000] GC(53) Pause Mark End 0.018ms
[2025-08-01T14:44:30.001+0000] GC(53) Concurrent Mark Free 0.002ms
[2025-08-01T14:44:30.006+0000] GC(53) Concurrent Process Non-Strong References 5.446ms
[2025-08-01T14:44:30.006+0000] GC(53) Concurrent Reset Relocation Set 0.002ms
[2025-08-01T14:44:30.011+0000] GC(53) Concurrent Select Relocation Set 5.145ms
[2025-08-01T14:44:30.012+0000] GC(53) Pause Relocate Start 0.014ms
[2025-08-01T14:44:30.015+0000] GC(53) Concurrent Relocate 1.367ms
[2025-08-01T14:44:30.015+0000] GC(53) Heap after GC invocations=54 (full 54):
[2025-08-01T14:44:30.015+0000] GC(53)  ZHeap           used 1496M, capacity 4096M, max capacity 4096M
[2025-08-01T14:44:30.015+0000] GC(53)  Metaspace       used 10643K, committed 10880K, reserved 1114112K
[2025-08-01T14:44:30.015+0000] GC(53)   class space    used 1265K, committed 1344K, reserved 1048576K
[2025-08-01T14:44:30.015+0000] GC(53) Load: 1.15/0.35/0.17
[2025-08-01T14:44:30.015+0000] GC(53) MMU: 2ms/93.0%, 5ms/97.2%, 10ms/98.6%, 20ms/99.2%, 50ms/99.7%, 100ms/99.8%
[2025-08-01T14:44:30.015+0000] GC(53) Mark: 2 stripe(s), 2 proactive flush(es), 1 terminate flush(es), 0 completion(s), 0 continuation(s) 
[2025-08-01T14:44:30.015+0000] GC(53) Mark Stack Usage: 32M
[2025-08-01T14:44:30.015+0000] GC(53) NMethods: 1414 registered, 176 unregistered
[2025-08-01T14:44:30.015+0000] GC(53) Metaspace: 10M used, 10M committed, 1088M reserved
[2025-08-01T14:44:30.015+0000] GC(53) Soft: 228 encountered, 0 discovered, 0 enqueued
[2025-08-01T14:44:30.015+0000] GC(53) Weak: 934 encountered, 192 discovered, 0 enqueued
[2025-08-01T14:44:30.015+0000] GC(53) Final: 0 encountered, 0 discovered, 0 enqueued
[2025-08-01T14:44:30.015+0000] GC(53) Phantom: 3 encountered, 1 discovered, 0 enqueued
[2025-08-01T14:44:30.015+0000] GC(53) Small Pages: 1205 / 2410M, Empty: 1834M, Relocated: 3M, In-Place: 0
[2025-08-01T14:44:30.015+0000] GC(53) Medium Pages: 1 / 32M, Empty: 0M, Relocated: 0M, In-Place: 0
[2025-08-01T14:44:30.015+0000] GC(53) Large Pages: 0 / 0M, Empty: 0M, Relocated: 0M, In-Place: 0
[2025-08-01T14:44:30.015+0000] GC(53) Forwarding Usage: 0M
[2025-08-01T14:44:30.015+0000] GC(53) Min Capacity: 4096M(100%)
[2025-08-01T14:44:30.015+0000] GC(53) Max Capacity: 4096M(100%)
[2025-08-01T14:44:30.015+0000] GC(53) Soft Max Capacity: 4096M(100%)
[2025-08-01T14:44:30.015+0000] GC(53)                Mark Start          Mark End        Relocate Start      Relocate End           High               Low         
[2025-08-01T14:44:30.015+0000] GC(53)  Capacity:     4096M (100%)       4096M (100%)       4096M (100%)       4096M (100%)       4096M (100%)       4096M (100%)   
[2025-08-01T14:44:30.015+0000] GC(53)      Free:     1654M (40%)         802M (20%)        2594M (63%)        2600M (63%)        2600M (63%)         780M (19%)    
[2025-08-01T14:44:30.015+0000] GC(53)      Used:     2442M (60%)        3294M (80%)        1502M (37%)        1496M (37%)        3316M (81%)        1496M (37%)    
[2025-08-01T14:44:30.015+0000] GC(53)      Live:         -               563M (14%)         563M (14%)         563M (14%)            -                  -          
[2025-08-01T14:44:30.015+0000] GC(53) Allocated:         -               852M (21%)         894M (22%)         900M (22%)            -                  -          
[2025-08-01T14:44:30.015+0000] GC(53)   Garbage:         -              1878M (46%)          44M (1%)           32M (1%)             -                  -          
[2025-08-01T14:44:30.015+0000] GC(53) Reclaimed:         -                  -              1834M (45%)        1846M (45%)            -                  -          
[2025-08-01T14:44:30.015+0000] GC(53) Garbage Collection (Allocation Rate) 2442M(60%)->1496M(37%)
[2025-08-01T14:44:30.093+0000] GC(54) Heap before GC invocations=54 (full 54):
[2025-08-01T14:44:30.093+0000] GC(54)  ZHeap           used 1892M, capacity 4096M, max capacity 4096M
[2025-08-01T14:44:30.093+0000] GC(54)  Metaspace       used 10643K, committed 10880K, reserved 1114112K
[2025-08-01T14:44:30.093+0000] GC(54)   class space    used 1265K, committed 1344K, reserved 1048576K
[2025-08-01T14:44:30.093+0000] GC(54) Garbage Collection (Allocation Rate)
[2025-08-01T14:44:30.093+0000] GC(54) Using 2 workers
[2025-08-01T14:44:30.094+0000] GC(54) Pause Mark Start 0.011ms
[2025-08-01T14:44:30.107+0000] GC(54) Concurrent Mark 12.657ms
[2025-08-01T14:44:30.108+0000] GC(54) Pause Mark End 0.021ms
[2025-08-01T14:44:30.109+0000] GC(54) Concurrent Mark Free 0.002ms
[2025-08-01T14:44:30.112+0000] GC(54) Concurrent Process Non-Strong References 3.245ms
[2025-08-01T14:44:30.112+0000] GC(54) Concurrent Reset Relocation Set 0.002ms
[2025-08-01T14:44:30.115+0000] GC(54) Concurrent Select Relocation Set 3.432ms
[2025-08-01T14:44:30.116+0000] GC(54) Pause Relocate Start 0.013ms
[2025-08-01T14:44:30.117+0000] GC(54) Concurrent Relocate 0.901ms
[2025-08-01T14:44:30.117+0000] GC(54) Heap after GC invocations=55 (full 55):
[2025-08-01T14:44:30.117+0000] GC(54)  ZHeap           used 142M, capacity 4096M, max capacity 4096M
[2025-08-01T14:44:30.117+0000] GC(54)  Metaspace       used 10643K, committed 10880K, reserved 1114112K
[2025-08-01T14:44:30.117+0000] GC(54)   class space    used 1265K, committed 1344K, reserved 1048576K
[2025-08-01T14:44:30.117+0000] GC(54) Load: 1.15/0.35/0.17
[2025-08-01T14:44:30.117+0000] GC(54) MMU: 2ms/93.0%, 5ms/97.2%, 10ms/98.6%, 20ms/99.2%, 50ms/99.7%, 100ms/99.8%
[2025-08-01T14:44:30.117+0000] GC(54) Mark: 2 stripe(s), 2 proactive flush(es), 1 terminate flush(es), 0 completion(s), 0 continuation(s) 
[2025-08-01T14:44:30.117+0000] GC(54) Mark Stack Usage: 32M
[2025-08-01T14:44:30.117+0000] GC(54) NMethods: 1414 registered, 176 unregistered
[2025-08-01T14:44:30.117+0000] GC(54) Metaspace: 10M used, 10M committed, 1088M reserved
[2025-08-01T14:44:30.117+0000] GC(54) Soft: 228 encountered, 0 discovered, 0 enqueued
[2025-08-01T14:44:30.117+0000] GC(54) Weak: 934 encountered, 294 discovered, 0 enqueued
[2025-08-01T14:44:30.117+0000] GC(54) Final: 0 encountered, 0 discovered, 0 enqueued
[2025-08-01T14:44:30.117+0000] GC(54) Phantom: 3 encountered, 0 discovered, 0 enqueued
[2025-08-01T14:44:30.117+0000] GC(54) Small Pages: 931 / 1862M, Empty: 1840M, Relocated: 1M, In-Place: 0
[2025-08-01T14:44:30.117+0000] GC(54) Medium Pages: 1 / 32M, Empty: 0M, Relocated: 0M, In-Place: 0
[2025-08-01T14:44:30.117+0000] GC(54) Large Pages: 0 / 0M, Empty: 0M, Relocated: 0M, In-Place: 0
[2025-08-01T14:44:30.117+0000] GC(54) Forwarding Usage: 0M
[2025-08-01T14:44:30.117+0000] GC(54) Min Capacity: 4096M(100%)
[2025-08-01T14:44:30.117+0000] GC(54) Max Capacity: 4096M(100%)
[2025-08-01T14:44:30.117+0000] GC(54) Soft Max Capacity: 4096M(100%)
[2025-08-01T14:44:30.117+0000] GC(54)                Mark Start          Mark End        Relocate Start      Relocate End           High               Low         
[2025-08-01T14:44:30.117+0000] GC(54)  Capacity:     4096M (100%)       4096M (100%)       4096M (100%)       4096M (100%)       4096M (100%)       4096M (100%)   
[2025-08-01T14:44:30.117+0000] GC(54)      Free:     2202M (54%)        2138M (52%)        3950M (96%)        3954M (97%)        3954M (97%)        2122M (52%)    
[2025-08-01T14:44:30.117+0000] GC(54)      Used:     1894M (46%)        1958M (48%)         146M (4%)          142M (3%)         1974M (48%)         142M (3%)     
[2025-08-01T14:44:30.117+0000] GC(54)      Live:         -                20M (1%)           20M (1%)           20M (1%)             -                  -          
[2025-08-01T14:44:30.117+0000] GC(54) Allocated:         -                64M (2%)           92M (2%)           92M (2%)             -                  -          
[2025-08-01T14:44:30.117+0000] GC(54)   Garbage:         -              1873M (46%)          33M (1%)           29M (1%)             -                  -          
[2025-08-01T14:44:30.117+0000] GC(54) Reclaimed:         -                  -              1840M (45%)        1844M (45%)            -                  -          
[2025-08-01T14:44:30.117+0000] GC(54) Garbage Collection (Allocation Rate) 1894M(46%)->142M(3%)
[2025-08-01T14:44:30.493+0000] GC(55) Heap before GC invocations=55 (full 55):
[2025-08-01T14:44:30.493+0000] GC(55)  ZHeap           used 1980M, capacity 4096M, max capacity 4096M
[2025-08-01T14:44:30.493+0000] GC(55)  Metaspace       used 10643K, committed 10880K, reserved 1114112K
[2025-08-01T14:44:30.493+0000] GC(55)   class space    used 1265K, committed 1344K, reserved 1048576K
[2025-08-01T14:44:30.493+0000] GC(55) Garbage Collection (Allocation Rate)
[2025-08-01T14:44:30.493+0000] GC(55) Using 2 workers
[2025-08-01T14:44:30.493+0000] GC(55) Pause Mark Start 0.011ms
[2025-08-01T14:44:30.534+0000] GC(55) Concurrent Mark 40.260ms
[2025-08-01T14:44:30.535+0000] GC(55) Pause Mark End 0.026ms
[2025-08-01T14:44:30.535+0000] GC(55) Concurrent Mark Free 0.002ms
[2025-08-01T14:44:30.538+0000] GC(55) Concurrent Process Non-Strong References 2.915ms
[2025-08-01T14:44:30.538+0000] GC(55) Concurrent Reset Relocation Set 0.002ms
[2025-08-01T14:44:30.540+0000] GC(55) Concurrent Select Relocation Set 2.182ms
[2025-08-01T14:44:30.541+0000] GC(55) Pause Relocate Start 0.016ms
[2025-08-01T14:44:30.544+0000] GC(55) Concurrent Relocate 2.153ms
[2025-08-01T14:44:30.544+0000] GC(55) Heap after GC invocations=56 (full 56):
[2025-08-01T14:44:30.544+0000] GC(55)  ZHeap           used 476M, capacity 4096M, max capacity 4096M
[2025-08-01T14:44:30.544+0000] GC(55)  Metaspace       used 10643K, committed 10880K, reserved 1114112K
[2025-08-01T14:44:30.544+0000] GC(55)   class space    used 1265K, committed 1344K, reserved 1048576K
[2025-08-01T14:44:30.544+0000] GC(55) Load: 1.15/0.35/0.17
[2025-08-01T14:44:30.544+0000] GC(55) MMU: 2ms/93.0%, 5ms/97.2%, 10ms/98.6%, 20ms/99.2%, 50ms/99.7%, 100ms/99.8%
[2025-08-01T14:44:30.544+0000] GC(55) Mark: 2 stripe(s), 3 proactive flush(es), 1 terminate flush(es), 0 completion(s), 0 continuation(s) 
[2025-08-01T14:44:30.544+0000] GC(55) Mark Stack Usage: 32M
[2025-08-01T14:44:30.544+0000] GC(55) NMethods: 1414 registered, 176 unregistered
[2025-08-01T14:44:30.544+0000] GC(55) Metaspace: 10M used, 10M committed, 1088M reserved
[2025-08-01T14:44:30.544+0000] GC(55) Soft: 228 encountered, 0 discovered, 0 enqueued
[2025-08-01T14:44:30.544+0000] GC(55) Weak: 934 encountered, 193 discovered, 0 enqueued
[2025-08-01T14:44:30.544+0000] GC(55) Final: 0 encountered, 0 discovered, 0 enqueued
[2025-08-01T14:44:30.544+0000] GC(55) Phantom: 3 encountered, 1 discovered, 0 enqueued
[2025-08-01T14:44:30.544+0000] GC(55) Small Pages: 974 / 1948M, Empty: 1838M, Relocated: 3M, In-Place: 0
[2025-08-01T14:44:30.544+0000] GC(55) Medium Pages: 1 / 32M, Empty: 0M, Relocated: 0M, In-Place: 0
[2025-08-01T14:44:30.544+0000] GC(55) Large Pages: 0 / 0M, Empty: 0M, Relocated: 0M, In-Place: 0
[2025-08-01T14:44:30.544+0000] GC(55) Forwarding Usage: 0M
[2025-08-01T14:44:30.544+0000] GC(55) Min Capacity: 4096M(100%)
[2025-08-01T14:44:30.544+0000] GC(55) Max Capacity: 4096M(100%)
[2025-08-01T14:44:30.544+0000] GC(55) Soft Max Capacity: 4096M(100%)
[2025-08-01T14:44:30.544+0000] GC(55)                Mark Start          Mark End        Relocate Start      Relocate End           High               Low         
[2025-08-01T14:44:30.544+0000] GC(55)  Capacity:     4096M (100%)       4096M (100%)       4096M (100%)       4096M (100%)       4096M (100%)       4096M (100%)   
[2025-08-01T14:44:30.544+0000] GC(55)      Free:     2116M (52%)        1846M (45%)        3630M (89%)        3622M (88%)        3634M (89%)        1814M (44%)    
[2025-08-01T14:44:30.544+0000] GC(55)      Used:     1980M (48%)        2250M (55%)         466M (11%)         474M (12%)        2282M (56%)         462M (11%)    
[2025-08-01T14:44:30.544+0000] GC(55)      Live:         -               108M (3%)          108M (3%)          108M (3%)             -                  -          
[2025-08-01T14:44:30.544+0000] GC(55) Allocated:         -               270M (7%)          324M (8%)          336M (8%)             -                  -          
[2025-08-01T14:44:30.544+0000] GC(55)   Garbage:         -              1871M (46%)          33M (1%)           29M (1%)             -                  -          
[2025-08-01T14:44:30.544+0000] GC(55) Reclaimed:         -                  -              1838M (45%)        1842M (45%)            -                  -          
[2025-08-01T14:44:30.544+0000] GC(55) Garbage Collection (Allocation Rate) 1980M(48%)->474M(12%)
[2025-08-01T14:44:30.993+0000] GC(56) Heap before GC invocations=56 (full 56):
[2025-08-01T14:44:30.993+0000] GC(56)  ZHeap           used 2542M, capacity 4096M, max capacity 4096M
[2025-08-01T14:44:30.993+0000] GC(56)  Metaspace       used 10643K, committed 10880K, reserved 1114112K
[2025-08-01T14:44:30.993+0000] GC(56)   class space    used 1265K, committed 1344K, reserved 1048576K
[2025-08-01T14:44:30.993+0000] GC(56) Garbage Collection (Allocation Rate)
[2025-08-01T14:44:30.993+0000] GC(56) Using 2 workers
[2025-08-01T14:44:30.995+0000] GC(56) Pause Mark Start 0.015ms
[2025-08-01T14:44:31.206+0000] GC(56) Concurrent Mark 211.033ms
[2025-08-01T14:44:31.207+0000] GC(56) Pause Mark End 0.015ms
[2025-08-01T14:44:31.207+0000] GC(56) Concurrent Mark Free 0.002ms
[2025-08-01T14:44:31.209+0000] GC(56) Concurrent Process Non-Strong References 2.582ms
[2025-08-01T14:44:31.209+0000] GC(56) Concurrent Reset Relocation Set 0.002ms
[2025-08-01T14:44:31.212+0000] GC(56) Concurrent Select Relocation Set 2.638ms
[2025-08-01T14:44:31.212+0000] GC(56) Pause Relocate Start 0.015ms
[2025-08-01T14:44:31.215+0000] GC(56) Concurrent Relocate 2.373ms
[2025-08-01T14:44:31.215+0000] GC(56) Heap after GC invocations=57 (full 57):
[2025-08-01T14:44:31.215+0000] GC(56)  ZHeap           used 1660M, capacity 4096M, max capacity 4096M
[2025-08-01T14:44:31.215+0000] GC(56)  Metaspace       used 10643K, committed 10880K, reserved 1114112K
[2025-08-01T14:44:31.215+0000] GC(56)   class space    used 1265K, committed 1344K, reserved 1048576K
[2025-08-01T14:44:31.215+0000] GC(56) Load: 1.15/0.35/0.17
[2025-08-01T14:44:31.215+0000] GC(56) MMU: 2ms/93.0%, 5ms/97.2%, 10ms/98.6%, 20ms/99.2%, 50ms/99.7%, 100ms/99.8%
[2025-08-01T14:44:31.215+0000] GC(56) Mark: 2 stripe(s), 2 proactive flush(es), 1 terminate flush(es), 0 completion(s), 0 continuation(s) 
[2025-08-01T14:44:31.215+0000] GC(56) Mark Stack Usage: 32M
[2025-08-01T14:44:31.215+0000] GC(56) NMethods: 1414 registered, 176 unregistered
[2025-08-01T14:44:31.215+0000] GC(56) Metaspace: 10M used, 10M committed, 1088M reserved
[2025-08-01T14:44:31.215+0000] GC(56) Soft: 228 encountered, 0 discovered, 0 enqueued
[2025-08-01T14:44:31.215+0000] GC(56) Weak: 934 encountered, 705 discovered, 0 enqueued
[2025-08-01T14:44:31.215+0000] GC(56) Final: 0 encountered, 0 discovered, 0 enqueued
[2025-08-01T14:44:31.215+0000] GC(56) Phantom: 3 encountered, 1 discovered, 0 enqueued
[2025-08-01T14:44:31.215+0000] GC(56) Small Pages: 1257 / 2514M, Empty: 1832M, Relocated: 2M, In-Place: 0
[2025-08-01T14:44:31.215+0000] GC(56) Medium Pages: 1 / 32M, Empty: 0M, Relocated: 0M, In-Place: 0
[2025-08-01T14:44:31.215+0000] GC(56) Large Pages: 0 / 0M, Empty: 0M, Relocated: 0M, In-Place: 0
[2025-08-01T14:44:31.215+0000] GC(56) Forwarding Usage: 0M
[2025-08-01T14:44:31.215+0000] GC(56) Min Capacity: 4096M(100%)
[2025-08-01T14:44:31.215+0000] GC(56) Max Capacity: 4096M(100%)
[2025-08-01T14:44:31.215+0000] GC(56) Soft Max Capacity: 4096M(100%)
[2025-08-01T14:44:31.215+0000] GC(56)                Mark Start          Mark End        Relocate Start      Relocate End           High               Low         
[2025-08-01T14:44:31.215+0000] GC(56)  Capacity:     4096M (100%)       4096M (100%)       4096M (100%)       4096M (100%)       4096M (100%)       4096M (100%)   
[2025-08-01T14:44:31.215+0000] GC(56)      Free:     1550M (38%)         680M (17%)        2450M (60%)        2438M (60%)        2450M (60%)         648M (16%)    
[2025-08-01T14:44:31.215+0000] GC(56)      Used:     2546M (62%)        3416M (83%)        1646M (40%)        1658M (40%)        3448M (84%)        1646M (40%)    
[2025-08-01T14:44:31.215+0000] GC(56)      Live:         -               671M (16%)         671M (16%)         671M (16%)            -                  -          
[2025-08-01T14:44:31.215+0000] GC(56) Allocated:         -               870M (21%)         932M (23%)         952M (23%)            -                  -          
[2025-08-01T14:44:31.215+0000] GC(56)   Garbage:         -              1874M (46%)          42M (1%)           34M (1%)             -                  -          
[2025-08-01T14:44:31.215+0000] GC(56) Reclaimed:         -                  -              1832M (45%)        1840M (45%)            -                  -          
[2025-08-01T14:44:31.215+0000] GC(56) Garbage Collection (Allocation Rate) 2546M(62%)->1658M(40%)
[2025-08-01T14:44:31.293+0000] GC(57) Heap before GC invocations=57 (full 57):
[2025-08-01T14:44:31.293+0000] GC(57)  ZHeap           used 2048M, capacity 4096M, max capacity 4096M
[2025-08-01T14:44:31.293+0000] GC(57)  Metaspace       used 10643K, committed 10880K, reserved 1114112K
[2025-08-01T14:44:31.293+0000] GC(57)   class space    used 1265K, committed 1344K, reserved 1048576K
[2025-08-01T14:44:31.293+0000] GC(57) Garbage Collection (Allocation Rate)
[2025-08-01T14:44:31.293+0000] GC(57) Using 2 workers
[2025-08-01T14:44:31.294+0000] GC(57) Pause Mark Start 0.063ms
[2025-08-01T14:44:31.335+0000] GC(57) Concurrent Mark 40.977ms
[2025-08-01T14:44:31.335+0000] GC(57) Pause Mark End 0.013ms
[2025-08-01T14:44:31.335+0000] GC(57) Concurrent Mark Free 0.001ms
[2025-08-01T14:44:31.339+0000] GC(57) Concurrent Process Non-Strong References 3.402ms
[2025-08-01T14:44:31.339+0000] GC(57) Concurrent Reset Relocation Set 0.002ms
[2025-08-01T14:44:31.341+0000] GC(57) Concurrent Select Relocation Set 2.720ms
[2025-08-01T14:44:31.343+0000] GC(57) Pause Relocate Start 0.012ms
[2025-08-01T14:44:31.344+0000] GC(57) Concurrent Relocate 0.697ms
[2025-08-01T14:44:31.344+0000] GC(57) Heap after GC invocations=58 (full 58):
[2025-08-01T14:44:31.344+0000] GC(57)  ZHeap           used 306M, capacity 4096M, max capacity 4096M
[2025-08-01T14:44:31.344+0000] GC(57)  Metaspace       used 10643K, committed 10880K, reserved 1114112K
[2025-08-01T14:44:31.344+0000] GC(57)   class space    used 1265K, committed 1344K, reserved 1048576K
[2025-08-01T14:44:31.344+0000] GC(57) Load: 1.15/0.35/0.17
[2025-08-01T14:44:31.344+0000] GC(57) MMU: 2ms/93.0%, 5ms/97.2%, 10ms/98.6%, 20ms/99.2%, 50ms/99.7%, 100ms/99.8%
[2025-08-01T14:44:31.344+0000] GC(57) Mark: 2 stripe(s), 2 proactive flush(es), 1 terminate flush(es), 0 completion(s), 0 continuation(s) 
[2025-08-01T14:44:31.344+0000] GC(57) Mark Stack Usage: 32M
[2025-08-01T14:44:31.344+0000] GC(57) NMethods: 1414 registered, 176 unregistered
[2025-08-01T14:44:31.344+0000] GC(57) Metaspace: 10M used, 10M committed, 1088M reserved
[2025-08-01T14:44:31.344+0000] GC(57) Soft: 228 encountered, 0 discovered, 0 enqueued
[2025-08-01T14:44:31.344+0000] GC(57) Weak: 934 encountered, 678 discovered, 0 enqueued
[2025-08-01T14:44:31.344+0000] GC(57) Final: 0 encountered, 0 discovered, 0 enqueued
[2025-08-01T14:44:31.344+0000] GC(57) Phantom: 3 encountered, 1 discovered, 0 enqueued
[2025-08-01T14:44:31.344+0000] GC(57) Small Pages: 1009 / 2018M, Empty: 1814M, Relocated: 0M, In-Place: 0
[2025-08-01T14:44:31.344+0000] GC(57) Medium Pages: 1 / 32M, Empty: 0M, Relocated: 0M, In-Place: 0
[2025-08-01T14:44:31.344+0000] GC(57) Large Pages: 0 / 0M, Empty: 0M, Relocated: 0M, In-Place: 0
[2025-08-01T14:44:31.344+0000] GC(57) Forwarding Usage: 0M
[2025-08-01T14:44:31.344+0000] GC(57) Min Capacity: 4096M(100%)
[2025-08-01T14:44:31.344+0000] GC(57) Max Capacity: 4096M(100%)
[2025-08-01T14:44:31.344+0000] GC(57) Soft Max Capacity: 4096M(100%)
[2025-08-01T14:44:31.344+0000] GC(57)                Mark Start          Mark End        Relocate Start      Relocate End           High               Low         
[2025-08-01T14:44:31.344+0000] GC(57)  Capacity:     4096M (100%)       4096M (100%)       4096M (100%)       4096M (100%)       4096M (100%)       4096M (100%)   
[2025-08-01T14:44:31.344+0000] GC(57)      Free:     2046M (50%)        2018M (49%)        3790M (93%)        3790M (93%)        3794M (93%)        2002M (49%)    
[2025-08-01T14:44:31.344+0000] GC(57)      Used:     2050M (50%)        2078M (51%)         306M (7%)          306M (7%)         2094M (51%)         302M (7%)     
[2025-08-01T14:44:31.344+0000] GC(57)      Live:         -               198M (5%)          198M (5%)          198M (5%)             -                  -          
[2025-08-01T14:44:31.344+0000] GC(57) Allocated:         -                28M (1%)           70M (2%)           76M (2%)             -                  -          
[2025-08-01T14:44:31.344+0000] GC(57)   Garbage:         -              1851M (45%)          37M (1%)           31M (1%)             -                  -          
[2025-08-01T14:44:31.344+0000] GC(57) Reclaimed:         -                  -              1814M (44%)        1820M (44%)            -                  -          
[2025-08-01T14:44:31.344+0000] GC(57) Garbage Collection (Allocation Rate) 2050M(50%)->306M(7%)
[2025-08-01T14:44:31.693+0000] GC(58) Heap before GC invocations=58 (full 58):
[2025-08-01T14:44:31.693+0000] GC(58)  ZHeap           used 1988M, capacity 4096M, max capacity 4096M
[2025-08-01T14:44:31.693+0000] GC(58)  Metaspace       used 10643K, committed 10880K, reserved 1114112K
[2025-08-01T14:44:31.693+0000] GC(58)   class space    used 1265K, committed 1344K, reserved 1048576K
[2025-08-01T14:44:31.693+0000] GC(58) Garbage Collection (Allocation Rate)
[2025-08-01T14:44:31.693+0000] GC(58) Using 2 workers
[2025-08-01T14:44:31.694+0000] GC(58) Pause Mark Start 0.013ms
[2025-08-01T14:44:31.756+0000] GC(58) Concurrent Mark 61.570ms
[2025-08-01T14:44:31.756+0000] GC(58) Pause Mark End 0.026ms
[2025-08-01T14:44:31.756+0000] GC(58) Concurrent Mark Free 0.002ms
[2025-08-01T14:44:31.764+0000] GC(58) Concurrent Process Non-Strong References 7.703ms
[2025-08-01T14:44:31.764+0000] GC(58) Concurrent Reset Relocation Set 0.004ms
[2025-08-01T14:44:31.770+0000] GC(58) Concurrent Select Relocation Set 5.667ms
[2025-08-01T14:44:31.771+0000] GC(58) Pause Relocate Start 0.021ms
[2025-08-01T14:44:31.776+0000] GC(58) Concurrent Relocate 4.539ms
[2025-08-01T14:44:31.776+0000] GC(58) Heap after GC invocations=59 (full 59):
[2025-08-01T14:44:31.776+0000] GC(58)  ZHeap           used 484M, capacity 4096M, max capacity 4096M
[2025-08-01T14:44:31.776+0000] GC(58)  Metaspace       used 10643K, committed 10880K, reserved 1114112K
[2025-08-01T14:44:31.776+0000] GC(58)   class space    used 1265K, committed 1344K, reserved 1048576K
[2025-08-01T14:44:31.776+0000] GC(58) Load: 1.06/0.35/0.17
[2025-08-01T14:44:31.776+0000] GC(58) MMU: 2ms/93.0%, 5ms/97.2%, 10ms/98.6%, 20ms/99.2%, 50ms/99.7%, 100ms/99.8%
[2025-08-01T14:44:31.776+0000] GC(58) Mark: 2 stripe(s), 2 proactive flush(es), 1 terminate flush(es), 0 completion(s), 0 continuation(s) 
[2025-08-01T14:44:31.776+0000] GC(58) Mark Stack Usage: 32M
[2025-08-01T14:44:31.776+0000] GC(58) NMethods: 1414 registered, 176 unregistered
[2025-08-01T14:44:31.776+0000] GC(58) Metaspace: 10M used, 10M committed, 1088M reserved
[2025-08-01T14:44:31.776+0000] GC(58) Soft: 228 encountered, 0 discovered, 0 enqueued
[2025-08-01T14:44:31.776+0000] GC(58) Weak: 934 encountered, 700 discovered, 0 enqueued
[2025-08-01T14:44:31.776+0000] GC(58) Final: 0 encountered, 0 discovered, 0 enqueued
[2025-08-01T14:44:31.776+0000] GC(58) Phantom: 3 encountered, 2 discovered, 0 enqueued
[2025-08-01T14:44:31.776+0000] GC(58) Small Pages: 978 / 1956M, Empty: 1770M, Relocated: 5M, In-Place: 0
[2025-08-01T14:44:31.776+0000] GC(58) Medium Pages: 1 / 32M, Empty: 0M, Relocated: 0M, In-Place: 0
[2025-08-01T14:44:31.776+0000] GC(58) Large Pages: 0 / 0M, Empty: 0M, Relocated: 0M, In-Place: 0
[2025-08-01T14:44:31.776+0000] GC(58) Forwarding Usage: 0M
[2025-08-01T14:44:31.776+0000] GC(58) Min Capacity: 4096M(100%)
[2025-08-01T14:44:31.776+0000] GC(58) Max Capacity: 4096M(100%)
[2025-08-01T14:44:31.776+0000] GC(58) Soft Max Capacity: 4096M(100%)
[2025-08-01T14:44:31.776+0000] GC(58)                Mark Start          Mark End        Relocate Start      Relocate End           High               Low         
[2025-08-01T14:44:31.776+0000] GC(58)  Capacity:     4096M (100%)       4096M (100%)       4096M (100%)       4096M (100%)       4096M (100%)       4096M (100%)   
[2025-08-01T14:44:31.776+0000] GC(58)      Free:     2108M (51%)        1964M (48%)        3638M (89%)        3612M (88%)        3646M (89%)        1926M (47%)    
[2025-08-01T14:44:31.776+0000] GC(58)      Used:     1988M (49%)        2132M (52%)         458M (11%)         484M (12%)        2170M (53%)         450M (11%)    
[2025-08-01T14:44:31.776+0000] GC(58)      Live:         -               176M (4%)          176M (4%)          176M (4%)             -                  -          
[2025-08-01T14:44:31.776+0000] GC(58) Allocated:         -               144M (4%)          240M (6%)          274M (7%)             -                  -          
[2025-08-01T14:44:31.776+0000] GC(58)   Garbage:         -              1811M (44%)          41M (1%)           33M (1%)             -                  -          
[2025-08-01T14:44:31.776+0000] GC(58) Reclaimed:         -                  -              1770M (43%)        1778M (43%)            -                  -          
[2025-08-01T14:44:31.776+0000] GC(58) Garbage Collection (Allocation Rate) 1988M(49%)->484M(12%)
[2025-08-01T14:44:32.293+0000] GC(59) Heap before GC invocations=59 (full 59):
[2025-08-01T14:44:32.293+0000] GC(59)  ZHeap           used 2906M, capacity 4096M, max capacity 4096M
[2025-08-01T14:44:32.293+0000] GC(59)  Metaspace       used 10643K, committed 10880K, reserved 1114112K
[2025-08-01T14:44:32.293+0000] GC(59)   class space    used 1265K, committed 1344K, reserved 1048576K
[2025-08-01T14:44:32.293+0000] GC(59) Garbage Collection (Allocation Rate)
[2025-08-01T14:44:32.293+0000] GC(59) Using 2 workers
[2025-08-01T14:44:32.294+0000] GC(59) Pause Mark Start 0.014ms
[2025-08-01T14:44:32.478+0000] GC(59) Concurrent Mark 183.824ms
[2025-08-01T14:44:32.478+0000] GC(59) Pause Mark End 0.014ms
[2025-08-01T14:44:32.479+0000] GC(59) Concurrent Mark Free 0.001ms
[2025-08-01T14:44:32.482+0000] GC(59) Concurrent Process Non-Strong References 3.552ms
[2025-08-01T14:44:32.482+0000] GC(59) Concurrent Reset Relocation Set 0.002ms
[2025-08-01T14:44:32.485+0000] GC(59) Concurrent Select Relocation Set 2.885ms
[2025-08-01T14:44:32.485+0000] GC(59) Pause Relocate Start 0.012ms
[2025-08-01T14:44:32.488+0000] GC(59) Concurrent Relocate 2.147ms
[2025-08-01T14:44:32.488+0000] GC(59) Heap after GC invocations=60 (full 60):
[2025-08-01T14:44:32.488+0000] GC(59)  ZHeap           used 1474M, capacity 4096M, max capacity 4096M
[2025-08-01T14:44:32.488+0000] GC(59)  Metaspace       used 10643K, committed 10880K, reserved 1114112K
[2025-08-01T14:44:32.488+0000] GC(59)   class space    used 1265K, committed 1344K, reserved 1048576K
[2025-08-01T14:44:32.488+0000] GC(59) Load: 1.06/0.35/0.17
[2025-08-01T14:44:32.488+0000] GC(59) MMU: 2ms/93.0%, 5ms/97.2%, 10ms/98.6%, 20ms/99.2%, 50ms/99.7%, 100ms/99.8%
[2025-08-01T14:44:32.488+0000] GC(59) Mark: 2 stripe(s), 2 proactive flush(es), 1 terminate flush(es), 0 completion(s), 0 continuation(s) 
[2025-08-01T14:44:32.488+0000] GC(59) Mark Stack Usage: 32M
[2025-08-01T14:44:32.488+0000] GC(59) NMethods: 1414 registered, 176 unregistered
[2025-08-01T14:44:32.488+0000] GC(59) Metaspace: 10M used, 10M committed, 1088M reserved
[2025-08-01T14:44:32.488+0000] GC(59) Soft: 228 encountered, 0 discovered, 0 enqueued
[2025-08-01T14:44:32.488+0000] GC(59) Weak: 934 encountered, 666 discovered, 0 enqueued
[2025-08-01T14:44:32.488+0000] GC(59) Final: 0 encountered, 0 discovered, 0 enqueued
[2025-08-01T14:44:32.488+0000] GC(59) Phantom: 3 encountered, 1 discovered, 0 enqueued
[2025-08-01T14:44:32.488+0000] GC(59) Small Pages: 1438 / 2876M, Empty: 2240M, Relocated: 6M, In-Place: 0
[2025-08-01T14:44:32.488+0000] GC(59) Medium Pages: 1 / 32M, Empty: 0M, Relocated: 0M, In-Place: 0
[2025-08-01T14:44:32.488+0000] GC(59) Large Pages: 0 / 0M, Empty: 0M, Relocated: 0M, In-Place: 0
[2025-08-01T14:44:32.488+0000] GC(59) Forwarding Usage: 0M
[2025-08-01T14:44:32.488+0000] GC(59) Min Capacity: 4096M(100%)
[2025-08-01T14:44:32.488+0000] GC(59) Max Capacity: 4096M(100%)
[2025-08-01T14:44:32.488+0000] GC(59) Soft Max Capacity: 4096M(100%)
[2025-08-01T14:44:32.488+0000] GC(59)                Mark Start          Mark End        Relocate Start      Relocate End           High               Low         
[2025-08-01T14:44:32.488+0000] GC(59)  Capacity:     4096M (100%)       4096M (100%)       4096M (100%)       4096M (100%)       4096M (100%)       4096M (100%)   
[2025-08-01T14:44:32.488+0000] GC(59)      Free:     1188M (29%)         408M (10%)        2606M (64%)        2622M (64%)        2622M (64%)         378M (9%)     
[2025-08-01T14:44:32.488+0000] GC(59)      Used:     2908M (71%)        3688M (90%)        1490M (36%)        1474M (36%)        3718M (91%)        1474M (36%)    
[2025-08-01T14:44:32.488+0000] GC(59)      Live:         -               619M (15%)         619M (15%)         619M (15%)            -                  -          
[2025-08-01T14:44:32.488+0000] GC(59) Allocated:         -               780M (19%)         822M (20%)         822M (20%)            -                  -          
[2025-08-01T14:44:32.488+0000] GC(59)   Garbage:         -              2288M (56%)          48M (1%)           32M (1%)             -                  -          
[2025-08-01T14:44:32.488+0000] GC(59) Reclaimed:         -                  -              2240M (55%)        2256M (55%)            -                  -          
[2025-08-01T14:44:32.488+0000] GC(59) Garbage Collection (Allocation Rate) 2908M(71%)->1474M(36%)
[2025-08-01T14:44:32.697+0000] GC(60) Heap before GC invocations=60 (full 60):
[2025-08-01T14:44:32.697+0000] GC(60)  ZHeap           used 2326M, capacity 4096M, max capacity 4096M
[2025-08-01T14:44:32.697+0000] GC(60)  Metaspace       used 10643K, committed 10880K, reserved 1114112K
[2025-08-01T14:44:32.697+0000] GC(60)   class space    used 1265K, committed 1344K, reserved 1048576K
[2025-08-01T14:44:32.698+0000] GC(60) Garbage Collection (Allocation Rate)
[2025-08-01T14:44:32.698+0000] GC(60) Using 2 workers
[2025-08-01T14:44:32.700+0000] GC(60) Pause Mark Start 0.011ms
[2025-08-01T14:44:32.866+0000] GC(60) Concurrent Mark 163.832ms
[2025-08-01T14:44:32.867+0000] GC(60) Pause Mark End 0.027ms
[2025-08-01T14:44:32.867+0000] GC(60) Concurrent Mark Free 0.001ms
[2025-08-01T14:44:32.870+0000] GC(60) Concurrent Process Non-Strong References 2.723ms
[2025-08-01T14:44:32.870+0000] GC(60) Concurrent Reset Relocation Set 0.002ms
[2025-08-01T14:44:32.873+0000] GC(60) Concurrent Select Relocation Set 3.571ms
[2025-08-01T14:44:32.874+0000] GC(60) Pause Relocate Start 0.014ms
[2025-08-01T14:44:32.876+0000] GC(60) Concurrent Relocate 1.829ms
[2025-08-01T14:44:32.876+0000] GC(60) Heap after GC invocations=61 (full 61):
[2025-08-01T14:44:32.876+0000] GC(60)  ZHeap           used 1244M, capacity 4096M, max capacity 4096M
[2025-08-01T14:44:32.876+0000] GC(60)  Metaspace       used 10643K, committed 10880K, reserved 1114112K
[2025-08-01T14:44:32.876+0000] GC(60)   class space    used 1265K, committed 1344K, reserved 1048576K
[2025-08-01T14:44:32.876+0000] GC(60) Load: 1.06/0.35/0.17
[2025-08-01T14:44:32.876+0000] GC(60) MMU: 2ms/93.0%, 5ms/97.2%, 10ms/98.6%, 20ms/99.2%, 50ms/99.7%, 100ms/99.8%
[2025-08-01T14:44:32.876+0000] GC(60) Mark: 2 stripe(s), 2 proactive flush(es), 1 terminate flush(es), 0 completion(s), 0 continuation(s) 
[2025-08-01T14:44:32.876+0000] GC(60) Mark Stack Usage: 32M
[2025-08-01T14:44:32.876+0000] GC(60) NMethods: 1414 registered, 176 unregistered
[2025-08-01T14:44:32.876+0000] GC(60) Metaspace: 10M used, 10M committed, 1088M reserved
[2025-08-01T14:44:32.876+0000] GC(60) Soft: 228 encountered, 0 discovered, 0 enqueued
[2025-08-01T14:44:32.876+0000] GC(60) Weak: 934 encountered, 707 discovered, 0 enqueued
[2025-08-01T14:44:32.876+0000] GC(60) Final: 0 encountered, 0 discovered, 0 enqueued
[2025-08-01T14:44:32.876+0000] GC(60) Phantom: 3 encountered, 1 discovered, 0 enqueued
[2025-08-01T14:44:32.876+0000] GC(60) Small Pages: 1152 / 2304M, Empty: 1782M, Relocated: 4M, In-Place: 0
[2025-08-01T14:44:32.876+0000] GC(60) Medium Pages: 1 / 32M, Empty: 0M, Relocated: 0M, In-Place: 0
[2025-08-01T14:44:32.876+0000] GC(60) Large Pages: 0 / 0M, Empty: 0M, Relocated: 0M, In-Place: 0
[2025-08-01T14:44:32.876+0000] GC(60) Forwarding Usage: 0M
[2025-08-01T14:44:32.876+0000] GC(60) Min Capacity: 4096M(100%)
[2025-08-01T14:44:32.876+0000] GC(60) Max Capacity: 4096M(100%)
[2025-08-01T14:44:32.876+0000] GC(60) Soft Max Capacity: 4096M(100%)
[2025-08-01T14:44:32.876+0000] GC(60)                Mark Start          Mark End        Relocate Start      Relocate End           High               Low         
[2025-08-01T14:44:32.876+0000] GC(60)  Capacity:     4096M (100%)       4096M (100%)       4096M (100%)       4096M (100%)       4096M (100%)       4096M (100%)   
[2025-08-01T14:44:32.876+0000] GC(60)      Free:     1760M (43%)        1102M (27%)        2850M (70%)        2852M (70%)        2860M (70%)        1088M (27%)    
[2025-08-01T14:44:32.876+0000] GC(60)      Used:     2336M (57%)        2994M (73%)        1246M (30%)        1244M (30%)        3008M (73%)        1236M (30%)    
[2025-08-01T14:44:32.876+0000] GC(60)      Live:         -               508M (12%)         508M (12%)         508M (12%)            -                  -          
[2025-08-01T14:44:32.876+0000] GC(60) Allocated:         -               658M (16%)         692M (17%)         704M (17%)            -                  -          
[2025-08-01T14:44:32.876+0000] GC(60)   Garbage:         -              1827M (45%)          45M (1%)           31M (1%)             -                  -          
[2025-08-01T14:44:32.876+0000] GC(60) Reclaimed:         -                  -              1782M (44%)        1796M (44%)            -                  -          
[2025-08-01T14:44:32.876+0000] GC(60) Garbage Collection (Allocation Rate) 2336M(57%)->1244M(30%)
[2025-08-01T14:44:33.093+0000] GC(61) Heap before GC invocations=61 (full 61):
[2025-08-01T14:44:33.093+0000] GC(61)  ZHeap           used 2360M, capacity 4096M, max capacity 4096M
[2025-08-01T14:44:33.093+0000] GC(61)  Metaspace       used 10643K, committed 10880K, reserved 1114112K
[2025-08-01T14:44:33.093+0000] GC(61)   class space    used 1265K, committed 1344K, reserved 1048576K
[2025-08-01T14:44:33.093+0000] GC(61) Garbage Collection (Allocation Rate)
[2025-08-01T14:44:33.093+0000] GC(61) Using 2 workers
[2025-08-01T14:44:33.095+0000] GC(61) Pause Mark Start 0.017ms
[2025-08-01T14:44:33.251+0000] GC(61) Concurrent Mark 155.812ms
[2025-08-01T14:44:33.251+0000] GC(61) Pause Mark End 0.023ms
[2025-08-01T14:44:33.251+0000] GC(61) Concurrent Mark Free 0.002ms
[2025-08-01T14:44:33.255+0000] GC(61) Concurrent Process Non-Strong References 3.571ms
[2025-08-01T14:44:33.255+0000] GC(61) Concurrent Reset Relocation Set 0.002ms
[2025-08-01T14:44:33.258+0000] GC(61) Concurrent Select Relocation Set 3.261ms
[2025-08-01T14:44:33.258+0000] GC(61) Pause Relocate Start 0.013ms
[2025-08-01T14:44:33.261+0000] GC(61) Concurrent Relocate 2.197ms
[2025-08-01T14:44:33.261+0000] GC(61) Heap after GC invocations=62 (full 62):
[2025-08-01T14:44:33.261+0000] GC(61)  ZHeap           used 1576M, capacity 4096M, max capacity 4096M
[2025-08-01T14:44:33.261+0000] GC(61)  Metaspace       used 10643K, committed 10880K, reserved 1114112K
[2025-08-01T14:44:33.261+0000] GC(61)   class space    used 1265K, committed 1344K, reserved 1048576K
[2025-08-01T14:44:33.261+0000] GC(61) Load: 1.06/0.35/0.17
[2025-08-01T14:44:33.261+0000] GC(61) MMU: 2ms/93.0%, 5ms/97.2%, 10ms/98.6%, 20ms/99.2%, 50ms/99.7%, 100ms/99.8%
[2025-08-01T14:44:33.261+0000] GC(61) Mark: 2 stripe(s), 5 proactive flush(es), 1 terminate flush(es), 0 completion(s), 0 continuation(s) 
[2025-08-01T14:44:33.261+0000] GC(61) Mark Stack Usage: 32M
[2025-08-01T14:44:33.261+0000] GC(61) NMethods: 1414 registered, 176 unregistered
[2025-08-01T14:44:33.261+0000] GC(61) Metaspace: 10M used, 10M committed, 1088M reserved
[2025-08-01T14:44:33.261+0000] GC(61) Soft: 228 encountered, 0 discovered, 0 enqueued
[2025-08-01T14:44:33.261+0000] GC(61) Weak: 934 encountered, 194 discovered, 0 enqueued
[2025-08-01T14:44:33.261+0000] GC(61) Final: 0 encountered, 0 discovered, 0 enqueued
[2025-08-01T14:44:33.261+0000] GC(61) Phantom: 3 encountered, 1 discovered, 0 enqueued
[2025-08-01T14:44:33.261+0000] GC(61) Small Pages: 1165 / 2330M, Empty: 1604M, Relocated: 6M, In-Place: 0
[2025-08-01T14:44:33.261+0000] GC(61) Medium Pages: 1 / 32M, Empty: 0M, Relocated: 0M, In-Place: 0
[2025-08-01T14:44:33.261+0000] GC(61) Large Pages: 0 / 0M, Empty: 0M, Relocated: 0M, In-Place: 0
[2025-08-01T14:44:33.261+0000] GC(61) Forwarding Usage: 0M
[2025-08-01T14:44:33.261+0000] GC(61) Min Capacity: 4096M(100%)
[2025-08-01T14:44:33.261+0000] GC(61) Max Capacity: 4096M(100%)
[2025-08-01T14:44:33.261+0000] GC(61) Soft Max Capacity: 4096M(100%)
[2025-08-01T14:44:33.261+0000] GC(61)                Mark Start          Mark End        Relocate Start      Relocate End           High               Low         
[2025-08-01T14:44:33.261+0000] GC(61)  Capacity:     4096M (100%)       4096M (100%)       4096M (100%)       4096M (100%)       4096M (100%)       4096M (100%)   
[2025-08-01T14:44:33.261+0000] GC(61)      Free:     1734M (42%)         934M (23%)        2516M (61%)        2520M (62%)        2524M (62%)         916M (22%)    
[2025-08-01T14:44:33.261+0000] GC(61)      Used:     2362M (58%)        3162M (77%)        1580M (39%)        1576M (38%)        3180M (78%)        1572M (38%)    
[2025-08-01T14:44:33.261+0000] GC(61)      Live:         -               710M (17%)         710M (17%)         710M (17%)            -                  -          
[2025-08-01T14:44:33.261+0000] GC(61) Allocated:         -               800M (20%)         822M (20%)         832M (20%)            -                  -          
[2025-08-01T14:44:33.261+0000] GC(61)   Garbage:         -              1651M (40%)          47M (1%)           33M (1%)             -                  -          
[2025-08-01T14:44:33.261+0000] GC(61) Reclaimed:         -                  -              1604M (39%)        1618M (40%)            -                  -          
[2025-08-01T14:44:33.261+0000] GC(61) Garbage Collection (Allocation Rate) 2362M(58%)->1576M(38%)
[2025-08-01T14:44:33.493+0000] GC(62) Heap before GC invocations=62 (full 62):
[2025-08-01T14:44:33.493+0000] GC(62)  ZHeap           used 2778M, capacity 4096M, max capacity 4096M
[2025-08-01T14:44:33.493+0000] GC(62)  Metaspace       used 10643K, committed 10880K, reserved 1114112K
[2025-08-01T14:44:33.493+0000] GC(62)   class space    used 1265K, committed 1344K, reserved 1048576K
[2025-08-01T14:44:33.493+0000] GC(62) Garbage Collection (Allocation Rate)
[2025-08-01T14:44:33.493+0000] GC(62) Using 2 workers
[2025-08-01T14:44:33.493+0000] GC(62) Pause Mark Start 0.011ms
[2025-08-01T14:44:33.612+0000] GC(62) Concurrent Mark 119.185ms
[2025-08-01T14:44:33.613+0000] GC(62) Pause Mark End 0.020ms
[2025-08-01T14:44:33.613+0000] GC(62) Concurrent Mark Free 0.002ms
[2025-08-01T14:44:33.618+0000] GC(62) Concurrent Process Non-Strong References 4.778ms
[2025-08-01T14:44:33.618+0000] GC(62) Concurrent Reset Relocation Set 0.003ms
[2025-08-01T14:44:33.622+0000] GC(62) Concurrent Select Relocation Set 4.389ms
[2025-08-01T14:44:33.623+0000] GC(62) Pause Relocate Start 0.013ms
[2025-08-01T14:44:33.625+0000] GC(62) Concurrent Relocate 2.294ms
[2025-08-01T14:44:33.626+0000] GC(62) Heap after GC invocations=63 (full 63):
[2025-08-01T14:44:33.626+0000] GC(62)  ZHeap           used 1232M, capacity 4096M, max capacity 4096M
[2025-08-01T14:44:33.626+0000] GC(62)  Metaspace       used 10643K, committed 10880K, reserved 1114112K
[2025-08-01T14:44:33.626+0000] GC(62)   class space    used 1265K, committed 1344K, reserved 1048576K
[2025-08-01T14:44:33.626+0000] GC(62) Load: 1.06/0.35/0.17
[2025-08-01T14:44:33.626+0000] GC(62) MMU: 2ms/93.0%, 5ms/97.2%, 10ms/98.6%, 20ms/99.2%, 50ms/99.7%, 100ms/99.8%
[2025-08-01T14:44:33.626+0000] GC(62) Mark: 2 stripe(s), 3 proactive flush(es), 1 terminate flush(es), 0 completion(s), 0 continuation(s) 
[2025-08-01T14:44:33.626+0000] GC(62) Mark Stack Usage: 32M
[2025-08-01T14:44:33.626+0000] GC(62) NMethods: 1414 registered, 176 unregistered
[2025-08-01T14:44:33.626+0000] GC(62) Metaspace: 10M used, 10M committed, 1088M reserved
[2025-08-01T14:44:33.626+0000] GC(62) Soft: 228 encountered, 0 discovered, 0 enqueued
[2025-08-01T14:44:33.626+0000] GC(62) Weak: 934 encountered, 192 discovered, 0 enqueued
[2025-08-01T14:44:33.626+0000] GC(62) Final: 0 encountered, 0 discovered, 0 enqueued
[2025-08-01T14:44:33.626+0000] GC(62) Phantom: 3 encountered, 1 discovered, 0 enqueued
[2025-08-01T14:44:33.626+0000] GC(62) Small Pages: 1373 / 2746M, Empty: 2218M, Relocated: 5M, In-Place: 0
[2025-08-01T14:44:33.626+0000] GC(62) Medium Pages: 1 / 32M, Empty: 0M, Relocated: 0M, In-Place: 0
[2025-08-01T14:44:33.626+0000] GC(62) Large Pages: 0 / 0M, Empty: 0M, Relocated: 0M, In-Place: 0
[2025-08-01T14:44:33.626+0000] GC(62) Forwarding Usage: 0M
[2025-08-01T14:44:33.626+0000] GC(62) Min Capacity: 4096M(100%)
[2025-08-01T14:44:33.626+0000] GC(62) Max Capacity: 4096M(100%)
[2025-08-01T14:44:33.626+0000] GC(62) Soft Max Capacity: 4096M(100%)
[2025-08-01T14:44:33.626+0000] GC(62)                Mark Start          Mark End        Relocate Start      Relocate End           High               Low         
[2025-08-01T14:44:33.626+0000] GC(62)  Capacity:     4096M (100%)       4096M (100%)       4096M (100%)       4096M (100%)       4096M (100%)       4096M (100%)   
[2025-08-01T14:44:33.626+0000] GC(62)      Free:     1318M (32%)         688M (17%)        2860M (70%)        2864M (70%)        2870M (70%)         666M (16%)    
[2025-08-01T14:44:33.626+0000] GC(62)      Used:     2778M (68%)        3408M (83%)        1236M (30%)        1232M (30%)        3430M (84%)        1226M (30%)    
[2025-08-01T14:44:33.626+0000] GC(62)      Live:         -               511M (12%)         511M (12%)         511M (12%)            -                  -          
[2025-08-01T14:44:33.626+0000] GC(62) Allocated:         -               630M (15%)         676M (17%)         686M (17%)            -                  -          
[2025-08-01T14:44:33.626+0000] GC(62)   Garbage:         -              2266M (55%)          48M (1%)           34M (1%)             -                  -          
[2025-08-01T14:44:33.626+0000] GC(62) Reclaimed:         -                  -              2218M (54%)        2232M (54%)            -                  -          
[2025-08-01T14:44:33.626+0000] GC(62) Garbage Collection (Allocation Rate) 2778M(68%)->1232M(30%)
[2025-08-01T14:44:33.692+0000] === Garbage Collection Statistics =======================================================================================================================
[2025-08-01T14:44:33.692+0000]                                                              Last 10s              Last 10m              Last 10h                Total
[2025-08-01T14:44:33.692+0000]                                                              Avg / Max             Avg / Max             Avg / Max             Avg / Max
[2025-08-01T14:44:33.692+0000]   Collector: Garbage Collection Cycle                    133.160 / 244.156     155.318 / 346.825     155.318 / 346.825     155.318 / 346.825     ms
[2025-08-01T14:44:33.692+0000]  Contention: Mark Segment Reset Contention                     0 / 1                 0 / 2                 0 / 2                 0 / 2           ops/s
[2025-08-01T14:44:33.692+0000]  Contention: Mark SeqNum Reset Contention                      0 / 1                 0 / 1                 0 / 1                 0 / 1           ops/s
[2025-08-01T14:44:33.692+0000]    Critical: Allocation Stall                                  0 / 0                 0 / 0                 0 / 0                 0 / 0           ops/s
[2025-08-01T14:44:33.692+0000]    Critical: Allocation Stall                              0.000 / 0.000         0.000 / 0.000         0.000 / 0.000         0.000 / 0.000       ms
[2025-08-01T14:44:33.692+0000]    Critical: GC Locker Stall                                   0 / 0                 0 / 0                 0 / 0                 0 / 0           ops/s
[2025-08-01T14:44:33.692+0000]    Critical: GC Locker Stall                               0.000 / 0.000         0.000 / 0.000         0.000 / 0.000         0.000 / 0.000       ms
[2025-08-01T14:44:33.692+0000]    Critical: Relocation Stall                                  0 / 0                 0 / 0                 0 / 0                 0 / 0           ops/s
[2025-08-01T14:44:33.692+0000]    Critical: Relocation Stall                              0.000 / 0.000         0.000 / 0.000         0.000 / 0.000         0.000 / 0.000       ms
[2025-08-01T14:44:33.692+0000]      Memory: Allocation Rate                                4630 / 4932           4090 / 4992           4090 / 4992           4090 / 4992        MB/s
[2025-08-01T14:44:33.692+0000]      Memory: Defragment                                        0 / 0                 0 / 0                 0 / 0                 0 / 0           ops/s
[2025-08-01T14:44:33.692+0000]      Memory: Out Of Memory                                     0 / 0                 0 / 0                 0 / 0                 0 / 0           ops/s
[2025-08-01T14:44:33.692+0000]      Memory: Page Cache Flush                                  0 / 0                 0 / 0                 0 / 0                 0 / 0           MB/s
[2025-08-01T14:44:33.692+0000]      Memory: Page Cache Hit L1                              2321 / 2476           1977 / 2494           1977 / 2494           1977 / 2494        ops/s
[2025-08-01T14:44:33.692+0000]      Memory: Page Cache Hit L2                                 0 / 0                 0 / 0                 0 / 0                 0 / 0           ops/s
[2025-08-01T14:44:33.692+0000]      Memory: Page Cache Hit L3                                 1 / 14               66 / 551              66 / 551              66 / 551         ops/s
[2025-08-01T14:44:33.692+0000]      Memory: Page Cache Miss                                   0 / 0                 0 / 1                 0 / 1                 0 / 1           ops/s
[2025-08-01T14:44:33.692+0000]      Memory: Uncommit                                          0 / 0                 0 / 0                 0 / 0                 0 / 0           MB/s
[2025-08-01T14:44:33.692+0000]      Memory: Undo Object Allocation Failed                     0 / 0                 0 / 3                 0 / 3                 0 / 3           ops/s
[2025-08-01T14:44:33.692+0000]      Memory: Undo Object Allocation Succeeded                  0 / 0                 0 / 3                 0 / 3                 0 / 3           ops/s
[2025-08-01T14:44:33.692+0000]      Memory: Undo Page Allocation                              0 / 0                 0 / 1                 0 / 1                 0 / 1           ops/s
[2025-08-01T14:44:33.692+0000]       Phase: Concurrent Mark                             120.314 / 231.749     141.805 / 335.006     141.805 / 335.006     141.805 / 335.006     ms
[2025-08-01T14:44:33.692+0000]       Phase: Concurrent Mark Continue                      0.000 / 0.000         0.000 / 0.000         0.000 / 0.000         0.000 / 0.000       ms
[2025-08-01T14:44:33.693+0000]       Phase: Concurrent Mark Free                          0.002 / 0.004         0.002 / 0.005         0.002 / 0.005         0.002 / 0.005       ms
[2025-08-01T14:44:33.693+0000]       Phase: Concurrent Process Non-Strong References      4.153 / 11.932        3.818 / 11.932        3.818 / 11.932        3.818 / 11.932      ms
[2025-08-01T14:44:33.693+0000]       Phase: Concurrent Relocate                           2.092 / 4.539         3.112 / 16.307        3.112 / 16.307        3.112 / 16.307      ms
[2025-08-01T14:44:33.693+0000]       Phase: Concurrent Reset Relocation Set               0.002 / 0.004         0.002 / 0.004         0.002 / 0.004         0.002 / 0.004       ms
[2025-08-01T14:44:33.693+0000]       Phase: Concurrent Select Relocation Set              3.576 / 6.903         3.839 / 16.702        3.839 / 16.702        3.839 / 16.702      ms
[2025-08-01T14:44:33.693+0000]       Phase: Pause Mark End                                0.020 / 0.033         0.023 / 0.141         0.023 / 0.141         0.023 / 0.141       ms
[2025-08-01T14:44:33.693+0000]       Phase: Pause Mark Start                              0.015 / 0.063         0.015 / 0.074         0.015 / 0.074         0.015 / 0.074       ms
[2025-08-01T14:44:33.693+0000]       Phase: Pause Relocate Start                          0.015 / 0.075         0.013 / 0.075         0.013 / 0.075         0.013 / 0.075       ms
[2025-08-01T14:44:33.693+0000]    Subphase: Concurrent Classes Purge                      0.026 / 0.055         0.030 / 0.147         0.030 / 0.147         0.030 / 0.147       ms
[2025-08-01T14:44:33.693+0000]    Subphase: Concurrent Classes Unlink                     2.686 / 6.492         2.457 / 6.492         2.457 / 6.492         2.457 / 6.492       ms
[2025-08-01T14:44:33.693+0000]    Subphase: Concurrent Mark                             118.869 / 231.244     140.152 / 334.367     140.152 / 334.367     140.152 / 334.367     ms
[2025-08-01T14:44:33.693+0000]    Subphase: Concurrent Mark Try Flush                     0.557 / 2.135         0.496 / 4.367         0.496 / 4.367         0.496 / 4.367       ms
[2025-08-01T14:44:33.693+0000]    Subphase: Concurrent Mark Try Terminate                 0.984 / 2.390         0.883 / 2.630         0.883 / 2.630         0.883 / 2.630       ms
[2025-08-01T14:44:33.693+0000]    Subphase: Concurrent References Enqueue                 0.001 / 0.001         0.001 / 0.006         0.001 / 0.006         0.001 / 0.006       ms
[2025-08-01T14:44:33.693+0000]    Subphase: Concurrent References Process                 0.261 / 1.029         0.251 / 1.029         0.251 / 1.029         0.251 / 1.029       ms
[2025-08-01T14:44:33.693+0000]    Subphase: Concurrent Roots ClassLoaderDataGraph         0.141 / 1.286         0.161 / 1.286         0.161 / 1.286         0.161 / 1.286       ms
[2025-08-01T14:44:33.693+0000]    Subphase: Concurrent Roots CodeCache                    0.000 / 0.000         0.000 / 0.000         0.000 / 0.000         0.000 / 0.000       ms
[2025-08-01T14:44:33.693+0000]    Subphase: Concurrent Roots JavaThreads                  0.104 / 0.347         0.123 / 0.614         0.123 / 0.614         0.123 / 0.614       ms
[2025-08-01T14:44:33.693+0000]    Subphase: Concurrent Roots OopStorageSet                0.030 / 0.132         0.046 / 0.238         0.046 / 0.238         0.046 / 0.238       ms
[2025-08-01T14:44:33.693+0000]    Subphase: Concurrent Weak Roots OopStorageSet           0.267 / 2.271         0.281 / 2.271         0.281 / 2.271         0.281 / 2.271       ms
[2025-08-01T14:44:33.693+0000]    Subphase: Pause Mark Try Complete                       0.000 / 0.000         0.000 / 0.000         0.000 / 0.000         0.000 / 0.000       ms
[2025-08-01T14:44:33.693+0000]      System: Java Threads                                     14 / 14               14 / 14               14 / 14               14 / 14          threads
[2025-08-01T14:44:33.693+0000] =========================================================================================================================================================
[2025-08-01T14:44:33.894+0000] GC(63) Heap before GC invocations=63 (full 63):
[2025-08-01T14:44:33.894+0000] GC(63)  ZHeap           used 2632M, capacity 4096M, max capacity 4096M
[2025-08-01T14:44:33.894+0000] GC(63)  Metaspace       used 10643K, committed 10880K, reserved 1114112K
[2025-08-01T14:44:33.894+0000] GC(63)   class space    used 1265K, committed 1344K, reserved 1048576K
[2025-08-01T14:44:33.894+0000] GC(63) Garbage Collection (Allocation Rate)
[2025-08-01T14:44:33.894+0000] GC(63) Using 2 workers
[2025-08-01T14:44:33.895+0000] GC(63) Pause Mark Start 0.010ms
[2025-08-01T14:44:34.006+0000] GC(63) Concurrent Mark 111.316ms
[2025-08-01T14:44:34.006+0000] GC(63) Pause Mark End 0.019ms
[2025-08-01T14:44:34.007+0000] GC(63) Concurrent Mark Free 0.002ms
[2025-08-01T14:44:34.010+0000] GC(63) Concurrent Process Non-Strong References 3.102ms
[2025-08-01T14:44:34.010+0000] GC(63) Concurrent Reset Relocation Set 0.002ms
[2025-08-01T14:44:34.015+0000] GC(63) Concurrent Select Relocation Set 5.418ms
[2025-08-01T14:44:34.016+0000] GC(63) Pause Relocate Start 0.016ms
[2025-08-01T14:44:34.018+0000] GC(63) Concurrent Relocate 1.795ms
[2025-08-01T14:44:34.018+0000] GC(63) Heap after GC invocations=64 (full 64):
[2025-08-01T14:44:34.018+0000] GC(63)  ZHeap           used 1016M, capacity 4096M, max capacity 4096M
[2025-08-01T14:44:34.018+0000] GC(63)  Metaspace       used 10643K, committed 10880K, reserved 1114112K
[2025-08-01T14:44:34.018+0000] GC(63)   class space    used 1265K, committed 1344K, reserved 1048576K
[2025-08-01T14:44:34.018+0000] GC(63) Load: 1.06/0.35/0.17
[2025-08-01T14:44:34.018+0000] GC(63) MMU: 2ms/93.0%, 5ms/97.2%, 10ms/98.6%, 20ms/99.2%, 50ms/99.7%, 100ms/99.8%
[2025-08-01T14:44:34.018+0000] GC(63) Mark: 2 stripe(s), 2 proactive flush(es), 1 terminate flush(es), 0 completion(s), 0 continuation(s) 
[2025-08-01T14:44:34.018+0000] GC(63) Mark Stack Usage: 32M
[2025-08-01T14:44:34.018+0000] GC(63) NMethods: 1414 registered, 176 unregistered
[2025-08-01T14:44:34.018+0000] GC(63) Metaspace: 10M used, 10M committed, 1088M reserved
[2025-08-01T14:44:34.018+0000] GC(63) Soft: 228 encountered, 0 discovered, 0 enqueued
[2025-08-01T14:44:34.018+0000] GC(63) Weak: 934 encountered, 194 discovered, 0 enqueued
[2025-08-01T14:44:34.018+0000] GC(63) Final: 0 encountered, 0 discovered, 0 enqueued
[2025-08-01T14:44:34.018+0000] GC(63) Phantom: 3 encountered, 0 discovered, 0 enqueued
[2025-08-01T14:44:34.018+0000] GC(63) Small Pages: 1301 / 2602M, Empty: 2114M, Relocated: 3M, In-Place: 0
[2025-08-01T14:44:34.018+0000] GC(63) Medium Pages: 1 / 32M, Empty: 0M, Relocated: 0M, In-Place: 0
[2025-08-01T14:44:34.018+0000] GC(63) Large Pages: 0 / 0M, Empty: 0M, Relocated: 0M, In-Place: 0
[2025-08-01T14:44:34.018+0000] GC(63) Forwarding Usage: 0M
[2025-08-01T14:44:34.018+0000] GC(63) Min Capacity: 4096M(100%)
[2025-08-01T14:44:34.018+0000] GC(63) Max Capacity: 4096M(100%)
[2025-08-01T14:44:34.018+0000] GC(63) Soft Max Capacity: 4096M(100%)
[2025-08-01T14:44:34.019+0000] GC(63)                Mark Start          Mark End        Relocate Start      Relocate End           High               Low         
[2025-08-01T14:44:34.019+0000] GC(63)  Capacity:     4096M (100%)       4096M (100%)       4096M (100%)       4096M (100%)       4096M (100%)       4096M (100%)   
[2025-08-01T14:44:34.019+0000] GC(63)      Free:     1462M (36%)         986M (24%)        3078M (75%)        3080M (75%)        3082M (75%)         986M (24%)    
[2025-08-01T14:44:34.019+0000] GC(63)      Used:     2634M (64%)        3110M (76%)        1018M (25%)        1016M (25%)        3110M (76%)        1014M (25%)    
[2025-08-01T14:44:34.019+0000] GC(63)      Live:         -               475M (12%)         475M (12%)         475M (12%)            -                  -          
[2025-08-01T14:44:34.019+0000] GC(63) Allocated:         -               476M (12%)         498M (12%)         506M (12%)            -                  -          
[2025-08-01T14:44:34.019+0000] GC(63)   Garbage:         -              2158M (53%)          44M (1%)           34M (1%)             -                  -          
[2025-08-01T14:44:34.019+0000] GC(63) Reclaimed:         -                  -              2114M (52%)        2124M (52%)            -                  -          
[2025-08-01T14:44:34.019+0000] GC(63) Garbage Collection (Allocation Rate) 2634M(64%)->1016M(25%)
[2025-08-01T14:44:34.294+0000] GC(64) Heap before GC invocations=64 (full 64):
[2025-08-01T14:44:34.294+0000] GC(64)  ZHeap           used 2470M, capacity 4096M, max capacity 4096M
[2025-08-01T14:44:34.294+0000] GC(64)  Metaspace       used 10643K, committed 10880K, reserved 1114112K
[2025-08-01T14:44:34.294+0000] GC(64)   class space    used 1265K, committed 1344K, reserved 1048576K
[2025-08-01T14:44:34.294+0000] GC(64) Garbage Collection (Allocation Rate)
[2025-08-01T14:44:34.294+0000] GC(64) Using 2 workers
[2025-08-01T14:44:34.295+0000] GC(64) Pause Mark Start 0.067ms
[2025-08-01T14:44:34.401+0000] GC(64) Concurrent Mark 105.713ms
[2025-08-01T14:44:34.401+0000] GC(64) Pause Mark End 0.018ms
[2025-08-01T14:44:34.401+0000] GC(64) Concurrent Mark Free 0.001ms
[2025-08-01T14:44:34.406+0000] GC(64) Concurrent Process Non-Strong References 4.645ms
[2025-08-01T14:44:34.406+0000] GC(64) Concurrent Reset Relocation Set 0.002ms
[2025-08-01T14:44:34.410+0000] GC(64) Concurrent Select Relocation Set 4.553ms
[2025-08-01T14:44:34.411+0000] GC(64) Pause Relocate Start 0.020ms
[2025-08-01T14:44:34.415+0000] GC(64) Concurrent Relocate 3.322ms
[2025-08-01T14:44:34.415+0000] GC(64) Heap after GC invocations=65 (full 65):
[2025-08-01T14:44:34.415+0000] GC(64)  ZHeap           used 816M, capacity 4096M, max capacity 4096M
[2025-08-01T14:44:34.415+0000] GC(64)  Metaspace       used 10643K, committed 10880K, reserved 1114112K
[2025-08-01T14:44:34.415+0000] GC(64)   class space    used 1265K, committed 1344K, reserved 1048576K
[2025-08-01T14:44:34.415+0000] GC(64) Load: 1.06/0.35/0.17
[2025-08-01T14:44:34.415+0000] GC(64) MMU: 2ms/93.0%, 5ms/97.2%, 10ms/98.6%, 20ms/99.2%, 50ms/99.7%, 100ms/99.8%
[2025-08-01T14:44:34.415+0000] GC(64) Mark: 2 stripe(s), 2 proactive flush(es), 1 terminate flush(es), 0 completion(s), 0 continuation(s) 
[2025-08-01T14:44:34.415+0000] GC(64) Mark Stack Usage: 32M
[2025-08-01T14:44:34.415+0000] GC(64) NMethods: 1414 registered, 176 unregistered
[2025-08-01T14:44:34.415+0000] GC(64) Metaspace: 10M used, 10M committed, 1088M reserved
[2025-08-01T14:44:34.415+0000] GC(64) Soft: 228 encountered, 0 discovered, 0 enqueued
[2025-08-01T14:44:34.415+0000] GC(64) Weak: 934 encountered, 186 discovered, 0 enqueued
[2025-08-01T14:44:34.415+0000] GC(64) Final: 0 encountered, 0 discovered, 0 enqueued
[2025-08-01T14:44:34.415+0000] GC(64) Phantom: 3 encountered, 1 discovered, 0 enqueued
[2025-08-01T14:44:34.415+0000] GC(64) Small Pages: 1220 / 2440M, Empty: 2114M, Relocated: 6M, In-Place: 0
[2025-08-01T14:44:34.415+0000] GC(64) Medium Pages: 1 / 32M, Empty: 0M, Relocated: 0M, In-Place: 0
[2025-08-01T14:44:34.415+0000] GC(64) Large Pages: 0 / 0M, Empty: 0M, Relocated: 0M, In-Place: 0
[2025-08-01T14:44:34.415+0000] GC(64) Forwarding Usage: 0M
[2025-08-01T14:44:34.415+0000] GC(64) Min Capacity: 4096M(100%)
[2025-08-01T14:44:34.415+0000] GC(64) Max Capacity: 4096M(100%)
[2025-08-01T14:44:34.415+0000] GC(64) Soft Max Capacity: 4096M(100%)
[2025-08-01T14:44:34.415+0000] GC(64)                Mark Start          Mark End        Relocate Start      Relocate End           High               Low         
[2025-08-01T14:44:34.415+0000] GC(64)  Capacity:     4096M (100%)       4096M (100%)       4096M (100%)       4096M (100%)       4096M (100%)       4096M (100%)   
[2025-08-01T14:44:34.415+0000] GC(64)      Free:     1624M (40%)        1174M (29%)        3276M (80%)        3280M (80%)        3284M (80%)        1174M (29%)    
[2025-08-01T14:44:34.415+0000] GC(64)      Used:     2472M (60%)        2922M (71%)         820M (20%)         816M (20%)        2922M (71%)         812M (20%)    
[2025-08-01T14:44:34.415+0000] GC(64)      Live:         -               308M (8%)          308M (8%)          308M (8%)             -                  -          
[2025-08-01T14:44:34.415+0000] GC(64) Allocated:         -               450M (11%)         462M (11%)         474M (12%)            -                  -          
[2025-08-01T14:44:34.415+0000] GC(64)   Garbage:         -              2163M (53%)          49M (1%)           33M (1%)             -                  -          
[2025-08-01T14:44:34.415+0000] GC(64) Reclaimed:         -                  -              2114M (52%)        2130M (52%)            -                  -          
[2025-08-01T14:44:34.415+0000] GC(64) Garbage Collection (Allocation Rate) 2472M(60%)->816M(20%)
[2025-08-01T14:44:34.794+0000] GC(65) Heap before GC invocations=65 (full 65):
[2025-08-01T14:44:34.794+0000] GC(65)  ZHeap           used 2722M, capacity 4096M, max capacity 4096M
[2025-08-01T14:44:34.794+0000] GC(65)  Metaspace       used 10643K, committed 10880K, reserved 1114112K
[2025-08-01T14:44:34.794+0000] GC(65)   class space    used 1265K, committed 1344K, reserved 1048576K
[2025-08-01T14:44:34.794+0000] GC(65) Garbage Collection (Allocation Rate)
[2025-08-01T14:44:34.794+0000] GC(65) Using 2 workers
[2025-08-01T14:44:34.794+0000] GC(65) Pause Mark Start 0.016ms
[2025-08-01T14:44:34.880+0000] GC(65) Concurrent Mark 85.820ms
[2025-08-01T14:44:34.880+0000] GC(65) Pause Mark End 0.018ms
[2025-08-01T14:44:34.881+0000] GC(65) Concurrent Mark Free 0.001ms
[2025-08-01T14:44:34.884+0000] GC(65) Concurrent Process Non-Strong References 3.375ms
[2025-08-01T14:44:34.884+0000] GC(65) Concurrent Reset Relocation Set 0.002ms
[2025-08-01T14:44:34.888+0000] GC(65) Concurrent Select Relocation Set 4.042ms
[2025-08-01T14:44:34.889+0000] GC(65) Pause Relocate Start 0.010ms
[2025-08-01T14:44:34.892+0000] GC(65) Concurrent Relocate 3.468ms
[2025-08-01T14:44:34.893+0000] GC(65) Heap after GC invocations=66 (full 66):
[2025-08-01T14:44:34.893+0000] GC(65)  ZHeap           used 798M, capacity 4096M, max capacity 4096M
[2025-08-01T14:44:34.893+0000] GC(65)  Metaspace       used 10643K, committed 10880K, reserved 1114112K
[2025-08-01T14:44:34.893+0000] GC(65)   class space    used 1265K, committed 1344K, reserved 1048576K
[2025-08-01T14:44:34.893+0000] GC(65) Load: 1.06/0.35/0.17
[2025-08-01T14:44:34.893+0000] GC(65) MMU: 2ms/93.0%, 5ms/97.2%, 10ms/98.6%, 20ms/99.2%, 50ms/99.7%, 100ms/99.8%
[2025-08-01T14:44:34.893+0000] GC(65) Mark: 2 stripe(s), 2 proactive flush(es), 1 terminate flush(es), 0 completion(s), 0 continuation(s) 
[2025-08-01T14:44:34.893+0000] GC(65) Mark Stack Usage: 32M
[2025-08-01T14:44:34.893+0000] GC(65) NMethods: 1414 registered, 176 unregistered
[2025-08-01T14:44:34.893+0000] GC(65) Metaspace: 10M used, 10M committed, 1088M reserved
[2025-08-01T14:44:34.893+0000] GC(65) Soft: 228 encountered, 0 discovered, 0 enqueued
[2025-08-01T14:44:34.893+0000] GC(65) Weak: 934 encountered, 194 discovered, 0 enqueued
[2025-08-01T14:44:34.893+0000] GC(65) Final: 0 encountered, 0 discovered, 0 enqueued
[2025-08-01T14:44:34.893+0000] GC(65) Phantom: 3 encountered, 1 discovered, 0 enqueued
[2025-08-01T14:44:34.893+0000] GC(65) Small Pages: 1345 / 2690M, Empty: 2332M, Relocated: 8M, In-Place: 0
[2025-08-01T14:44:34.893+0000] GC(65) Medium Pages: 1 / 32M, Empty: 0M, Relocated: 0M, In-Place: 0
[2025-08-01T14:44:34.893+0000] GC(65) Large Pages: 0 / 0M, Empty: 0M, Relocated: 0M, In-Place: 0
[2025-08-01T14:44:34.893+0000] GC(65) Forwarding Usage: 0M
[2025-08-01T14:44:34.893+0000] GC(65) Min Capacity: 4096M(100%)
[2025-08-01T14:44:34.893+0000] GC(65) Max Capacity: 4096M(100%)
[2025-08-01T14:44:34.893+0000] GC(65) Soft Max Capacity: 4096M(100%)
[2025-08-01T14:44:34.893+0000] GC(65)                Mark Start          Mark End        Relocate Start      Relocate End           High               Low         
[2025-08-01T14:44:34.893+0000] GC(65)  Capacity:     4096M (100%)       4096M (100%)       4096M (100%)       4096M (100%)       4096M (100%)       4096M (100%)   
[2025-08-01T14:44:34.893+0000] GC(65)      Free:     1374M (34%)        1004M (25%)        3300M (81%)        3300M (81%)        3308M (81%)         992M (24%)    
[2025-08-01T14:44:34.893+0000] GC(65)      Used:     2722M (66%)        3092M (75%)         796M (19%)         796M (19%)        3104M (76%)         788M (19%)    
[2025-08-01T14:44:34.893+0000] GC(65)      Live:         -               335M (8%)          335M (8%)          335M (8%)             -                  -          
[2025-08-01T14:44:34.893+0000] GC(65) Allocated:         -               370M (9%)          406M (10%)         428M (10%)            -                  -          
[2025-08-01T14:44:34.893+0000] GC(65)   Garbage:         -              2386M (58%)          54M (1%)           32M (1%)             -                  -          
[2025-08-01T14:44:34.893+0000] GC(65) Reclaimed:         -                  -              2332M (57%)        2354M (57%)            -                  -          
[2025-08-01T14:44:34.893+0000] GC(65) Garbage Collection (Allocation Rate) 2722M(66%)->796M(19%)
[2025-08-01T14:44:35.395+0000] GC(66) Heap before GC invocations=66 (full 66):
[2025-08-01T14:44:35.395+0000] GC(66)  ZHeap           used 3264M, capacity 4096M, max capacity 4096M
[2025-08-01T14:44:35.395+0000] GC(66)  Metaspace       used 10643K, committed 10880K, reserved 1114112K
[2025-08-01T14:44:35.395+0000] GC(66)   class space    used 1265K, committed 1344K, reserved 1048576K
[2025-08-01T14:44:35.395+0000] GC(66) Garbage Collection (Allocation Rate)
[2025-08-01T14:44:35.395+0000] GC(66) Using 2 workers
[2025-08-01T14:44:35.396+0000] GC(66) Pause Mark Start 0.009ms
[2025-08-01T14:44:35.627+0000] GC(66) Concurrent Mark 231.633ms
[2025-08-01T14:44:35.628+0000] GC(66) Pause Mark End 0.018ms
[2025-08-01T14:44:35.628+0000] GC(66) Concurrent Mark Free 0.001ms
[2025-08-01T14:44:35.636+0000] GC(66) Concurrent Process Non-Strong References 7.574ms
[2025-08-01T14:44:35.636+0000] GC(66) Concurrent Reset Relocation Set 0.003ms
[2025-08-01T14:44:35.642+0000] GC(66) Concurrent Select Relocation Set 5.775ms
[2025-08-01T14:44:35.642+0000] GC(66) Pause Relocate Start 0.014ms
[2025-08-01T14:44:35.647+0000] GC(66) Concurrent Relocate 4.969ms
[2025-08-01T14:44:35.647+0000] GC(66) Heap after GC invocations=67 (full 67):
[2025-08-01T14:44:35.647+0000] GC(66)  ZHeap           used 1786M, capacity 4096M, max capacity 4096M
[2025-08-01T14:44:35.647+0000] GC(66)  Metaspace       used 10643K, committed 10880K, reserved 1114112K
[2025-08-01T14:44:35.647+0000] GC(66)   class space    used 1265K, committed 1344K, reserved 1048576K
[2025-08-01T14:44:35.647+0000] GC(66) Load: 1.06/0.35/0.17
[2025-08-01T14:44:35.647+0000] GC(66) MMU: 2ms/93.0%, 5ms/97.2%, 10ms/98.6%, 20ms/99.2%, 50ms/99.7%, 100ms/99.8%
[2025-08-01T14:44:35.647+0000] GC(66) Mark: 2 stripe(s), 2 proactive flush(es), 1 terminate flush(es), 0 completion(s), 0 continuation(s) 
[2025-08-01T14:44:35.647+0000] GC(66) Mark Stack Usage: 32M
[2025-08-01T14:44:35.647+0000] GC(66) NMethods: 1414 registered, 176 unregistered
[2025-08-01T14:44:35.647+0000] GC(66) Metaspace: 10M used, 10M committed, 1088M reserved
[2025-08-01T14:44:35.647+0000] GC(66) Soft: 228 encountered, 0 discovered, 0 enqueued
[2025-08-01T14:44:35.647+0000] GC(66) Weak: 934 encountered, 192 discovered, 0 enqueued
[2025-08-01T14:44:35.647+0000] GC(66) Final: 0 encountered, 0 discovered, 0 enqueued
[2025-08-01T14:44:35.647+0000] GC(66) Phantom: 3 encountered, 2 discovered, 0 enqueued
[2025-08-01T14:44:35.647+0000] GC(66) Small Pages: 1616 / 3232M, Empty: 2236M, Relocated: 6M, In-Place: 0
[2025-08-01T14:44:35.647+0000] GC(66) Medium Pages: 1 / 32M, Empty: 0M, Relocated: 0M, In-Place: 0
[2025-08-01T14:44:35.647+0000] GC(66) Large Pages: 0 / 0M, Empty: 0M, Relocated: 0M, In-Place: 0
[2025-08-01T14:44:35.647+0000] GC(66) Forwarding Usage: 0M
[2025-08-01T14:44:35.647+0000] GC(66) Min Capacity: 4096M(100%)
[2025-08-01T14:44:35.647+0000] GC(66) Max Capacity: 4096M(100%)
[2025-08-01T14:44:35.647+0000] GC(66) Soft Max Capacity: 4096M(100%)
[2025-08-01T14:44:35.647+0000] GC(66)                Mark Start          Mark End        Relocate Start      Relocate End           High               Low         
[2025-08-01T14:44:35.647+0000] GC(66)  Capacity:     4096M (100%)       4096M (100%)       4096M (100%)       4096M (100%)       4096M (100%)       4096M (100%)   
[2025-08-01T14:44:35.647+0000] GC(66)      Free:      832M (20%)         160M (4%)         2342M (57%)        2312M (56%)        2354M (57%)         148M (4%)     
[2025-08-01T14:44:35.647+0000] GC(66)      Used:     3264M (80%)        3936M (96%)        1754M (43%)        1784M (44%)        3948M (96%)        1742M (43%)    
[2025-08-01T14:44:35.647+0000] GC(66)      Live:         -               980M (24%)         980M (24%)         980M (24%)            -                  -          
[2025-08-01T14:44:35.647+0000] GC(66) Allocated:         -               672M (16%)         726M (18%)         770M (19%)            -                  -          
[2025-08-01T14:44:35.647+0000] GC(66)   Garbage:         -              2283M (56%)          47M (1%)           33M (1%)             -                  -          
[2025-08-01T14:44:35.647+0000] GC(66) Reclaimed:         -                  -              2236M (55%)        2250M (55%)            -                  -          
[2025-08-01T14:44:35.647+0000] GC(66) Garbage Collection (Allocation Rate) 3264M(80%)->1784M(44%)
[2025-08-01T14:44:35.693+0000] GC(67) Heap before GC invocations=67 (full 67):
[2025-08-01T14:44:35.693+0000] GC(67)  ZHeap           used 1900M, capacity 4096M, max capacity 4096M
[2025-08-01T14:44:35.693+0000] GC(67)  Metaspace       used 10643K, committed 10880K, reserved 1114112K
[2025-08-01T14:44:35.693+0000] GC(67)   class space    used 1265K, committed 1344K, reserved 1048576K
[2025-08-01T14:44:35.693+0000] GC(67) Garbage Collection (Allocation Rate)
[2025-08-01T14:44:35.693+0000] GC(67) Using 2 workers
[2025-08-01T14:44:35.693+0000] GC(67) Pause Mark Start 0.008ms
[2025-08-01T14:44:35.799+0000] GC(67) Concurrent Mark 105.871ms
[2025-08-01T14:44:35.799+0000] GC(67) Pause Mark End 0.020ms
[2025-08-01T14:44:35.799+0000] GC(67) Concurrent Mark Free 0.001ms
[2025-08-01T14:44:35.806+0000] GC(67) Concurrent Process Non-Strong References 6.790ms
[2025-08-01T14:44:35.806+0000] GC(67) Concurrent Reset Relocation Set 0.003ms
[2025-08-01T14:44:35.812+0000] GC(67) Concurrent Select Relocation Set 5.458ms
[2025-08-01T14:44:35.814+0000] GC(67) Pause Relocate Start 0.016ms
[2025-08-01T14:44:35.823+0000] GC(67) Concurrent Relocate 8.989ms
[2025-08-01T14:44:35.823+0000] GC(67) Heap after GC invocations=68 (full 68):
[2025-08-01T14:44:35.823+0000] GC(67)  ZHeap           used 914M, capacity 4096M, max capacity 4096M
[2025-08-01T14:44:35.823+0000] GC(67)  Metaspace       used 10643K, committed 10880K, reserved 1114112K
[2025-08-01T14:44:35.823+0000] GC(67)   class space    used 1265K, committed 1344K, reserved 1048576K
[2025-08-01T14:44:35.823+0000] GC(67) Load: 1.06/0.35/0.17
[2025-08-01T14:44:35.823+0000] GC(67) MMU: 2ms/93.0%, 5ms/97.2%, 10ms/98.6%, 20ms/99.2%, 50ms/99.7%, 100ms/99.8%
[2025-08-01T14:44:35.823+0000] GC(67) Mark: 2 stripe(s), 2 proactive flush(es), 1 terminate flush(es), 0 completion(s), 0 continuation(s) 
[2025-08-01T14:44:35.823+0000] GC(67) Mark Stack Usage: 32M
[2025-08-01T14:44:35.823+0000] GC(67) NMethods: 1414 registered, 176 unregistered
[2025-08-01T14:44:35.823+0000] GC(67) Metaspace: 10M used, 10M committed, 1088M reserved
[2025-08-01T14:44:35.823+0000] GC(67) Soft: 228 encountered, 0 discovered, 0 enqueued
[2025-08-01T14:44:35.823+0000] GC(67) Weak: 934 encountered, 708 discovered, 0 enqueued
[2025-08-01T14:44:35.823+0000] GC(67) Final: 0 encountered, 0 discovered, 0 enqueued
[2025-08-01T14:44:35.823+0000] GC(67) Phantom: 3 encountered, 1 discovered, 0 enqueued
[2025-08-01T14:44:35.823+0000] GC(67) Small Pages: 934 / 1868M, Empty: 1522M, Relocated: 2M, In-Place: 0
[2025-08-01T14:44:35.823+0000] GC(67) Medium Pages: 1 / 32M, Empty: 0M, Relocated: 0M, In-Place: 0
[2025-08-01T14:44:35.823+0000] GC(67) Large Pages: 0 / 0M, Empty: 0M, Relocated: 0M, In-Place: 0
[2025-08-01T14:44:35.823+0000] GC(67) Forwarding Usage: 0M
[2025-08-01T14:44:35.823+0000] GC(67) Min Capacity: 4096M(100%)
[2025-08-01T14:44:35.823+0000] GC(67) Max Capacity: 4096M(100%)
[2025-08-01T14:44:35.823+0000] GC(67) Soft Max Capacity: 4096M(100%)
[2025-08-01T14:44:35.823+0000] GC(67)                Mark Start          Mark End        Relocate Start      Relocate End           High               Low         
[2025-08-01T14:44:35.823+0000] GC(67)  Capacity:     4096M (100%)       4096M (100%)       4096M (100%)       4096M (100%)       4096M (100%)       4096M (100%)   
[2025-08-01T14:44:35.823+0000] GC(67)      Free:     2196M (54%)        1768M (43%)        3196M (78%)        3182M (78%)        3198M (78%)        1714M (42%)    
[2025-08-01T14:44:35.823+0000] GC(67)      Used:     1900M (46%)        2328M (57%)         900M (22%)         914M (22%)        2382M (58%)         898M (22%)    
[2025-08-01T14:44:35.823+0000] GC(67)      Live:         -               335M (8%)          335M (8%)          335M (8%)             -                  -          
[2025-08-01T14:44:35.823+0000] GC(67) Allocated:         -               428M (10%)         522M (13%)         544M (13%)            -                  -          
[2025-08-01T14:44:35.823+0000] GC(67)   Garbage:         -              1564M (38%)          42M (1%)           34M (1%)             -                  -          
[2025-08-01T14:44:35.823+0000] GC(67) Reclaimed:         -                  -              1522M (37%)        1530M (37%)            -                  -          
[2025-08-01T14:44:35.823+0000] GC(67) Garbage Collection (Allocation Rate) 1900M(46%)->914M(22%)
[2025-08-01T14:44:35.994+0000] GC(68) Heap before GC invocations=68 (full 68):
[2025-08-01T14:44:35.994+0000] GC(68)  ZHeap           used 1568M, capacity 4096M, max capacity 4096M
[2025-08-01T14:44:35.994+0000] GC(68)  Metaspace       used 10643K, committed 10880K, reserved 1114112K
[2025-08-01T14:44:35.994+0000] GC(68)   class space    used 1265K, committed 1344K, reserved 1048576K
[2025-08-01T14:44:35.994+0000] GC(68) Garbage Collection (Allocation Rate)
[2025-08-01T14:44:35.994+0000] GC(68) Using 2 workers
[2025-08-01T14:44:35.995+0000] GC(68) Pause Mark Start 0.009ms
[2025-08-01T14:44:36.101+0000] GC(68) Concurrent Mark 106.154ms
[2025-08-01T14:44:36.101+0000] GC(68) Pause Mark End 0.021ms
[2025-08-01T14:44:36.101+0000] GC(68) Concurrent Mark Free 0.001ms
[2025-08-01T14:44:36.106+0000] GC(68) Concurrent Process Non-Strong References 4.654ms
[2025-08-01T14:44:36.106+0000] GC(68) Concurrent Reset Relocation Set 0.002ms
[2025-08-01T14:44:36.111+0000] GC(68) Concurrent Select Relocation Set 4.338ms
[2025-08-01T14:44:36.111+0000] GC(68) Pause Relocate Start 0.008ms
[2025-08-01T14:44:36.121+0000] GC(68) Concurrent Relocate 10.255ms
[2025-08-01T14:44:36.122+0000] GC(68) Heap after GC invocations=69 (full 69):
[2025-08-01T14:44:36.122+0000] GC(68)  ZHeap           used 996M, capacity 4096M, max capacity 4096M
[2025-08-01T14:44:36.122+0000] GC(68)  Metaspace       used 10643K, committed 10880K, reserved 1114112K
[2025-08-01T14:44:36.122+0000] GC(68)   class space    used 1265K, committed 1344K, reserved 1048576K
[2025-08-01T14:44:36.122+0000] GC(68) Load: 1.06/0.35/0.17
[2025-08-01T14:44:36.122+0000] GC(68) MMU: 2ms/93.0%, 5ms/97.2%, 10ms/98.6%, 20ms/99.2%, 50ms/99.7%, 100ms/99.8%
[2025-08-01T14:44:36.122+0000] GC(68) Mark: 2 stripe(s), 2 proactive flush(es), 1 terminate flush(es), 0 completion(s), 0 continuation(s) 
[2025-08-01T14:44:36.122+0000] GC(68) Mark Stack Usage: 32M
[2025-08-01T14:44:36.122+0000] GC(68) NMethods: 1414 registered, 176 unregistered
[2025-08-01T14:44:36.122+0000] GC(68) Metaspace: 10M used, 10M committed, 1088M reserved
[2025-08-01T14:44:36.122+0000] GC(68) Soft: 228 encountered, 0 discovered, 0 enqueued
[2025-08-01T14:44:36.122+0000] GC(68) Weak: 934 encountered, 722 discovered, 0 enqueued
[2025-08-01T14:44:36.122+0000] GC(68) Final: 0 encountered, 0 discovered, 0 enqueued
[2025-08-01T14:44:36.122+0000] GC(68) Phantom: 3 encountered, 2 discovered, 0 enqueued
[2025-08-01T14:44:36.122+0000] GC(68) Small Pages: 768 / 1536M, Empty: 1156M, Relocated: 10M, In-Place: 0
[2025-08-01T14:44:36.122+0000] GC(68) Medium Pages: 1 / 32M, Empty: 0M, Relocated: 0M, In-Place: 0
[2025-08-01T14:44:36.122+0000] GC(68) Large Pages: 0 / 0M, Empty: 0M, Relocated: 0M, In-Place: 0
[2025-08-01T14:44:36.122+0000] GC(68) Forwarding Usage: 0M
[2025-08-01T14:44:36.122+0000] GC(68) Min Capacity: 4096M(100%)
[2025-08-01T14:44:36.122+0000] GC(68) Max Capacity: 4096M(100%)
[2025-08-01T14:44:36.122+0000] GC(68) Soft Max Capacity: 4096M(100%)
[2025-08-01T14:44:36.122+0000] GC(68)                Mark Start          Mark End        Relocate Start      Relocate End           High               Low         
[2025-08-01T14:44:36.122+0000] GC(68)  Capacity:     4096M (100%)       4096M (100%)       4096M (100%)       4096M (100%)       4096M (100%)       4096M (100%)   
[2025-08-01T14:44:36.122+0000] GC(68)      Free:     2528M (62%)        2084M (51%)        3146M (77%)        3102M (76%)        3188M (78%)        2038M (50%)    
[2025-08-01T14:44:36.122+0000] GC(68)      Used:     1568M (38%)        2012M (49%)         950M (23%)         994M (24%)        2058M (50%)         908M (22%)    
[2025-08-01T14:44:36.122+0000] GC(68)      Live:         -               350M (9%)          350M (9%)          350M (9%)             -                  -          
[2025-08-01T14:44:36.122+0000] GC(68) Allocated:         -               444M (11%)         538M (13%)         606M (15%)            -                  -          
[2025-08-01T14:44:36.122+0000] GC(68)   Garbage:         -              1217M (30%)          61M (2%)           37M (1%)             -                  -          
[2025-08-01T14:44:36.122+0000] GC(68) Reclaimed:         -                  -              1156M (28%)        1180M (29%)            -                  -          
[2025-08-01T14:44:36.122+0000] GC(68) Garbage Collection (Allocation Rate) 1568M(38%)->994M(24%)
[2025-08-01T14:44:36.394+0000] GC(69) Heap before GC invocations=69 (full 69):
[2025-08-01T14:44:36.394+0000] GC(69)  ZHeap           used 2230M, capacity 4096M, max capacity 4096M
[2025-08-01T14:44:36.394+0000] GC(69)  Metaspace       used 10643K, committed 10880K, reserved 1114112K
[2025-08-01T14:44:36.394+0000] GC(69)   class space    used 1265K, committed 1344K, reserved 1048576K
[2025-08-01T14:44:36.394+0000] GC(69) Garbage Collection (Allocation Rate)
[2025-08-01T14:44:36.394+0000] GC(69) Using 2 workers
[2025-08-01T14:44:36.394+0000] GC(69) Pause Mark Start 0.006ms
[2025-08-01T14:44:36.509+0000] GC(69) Concurrent Mark 114.572ms
[2025-08-01T14:44:36.509+0000] GC(69) Pause Mark End 0.027ms
[2025-08-01T14:44:36.509+0000] GC(69) Concurrent Mark Free 0.001ms
[2025-08-01T14:44:36.512+0000] GC(69) Concurrent Process Non-Strong References 3.007ms
[2025-08-01T14:44:36.512+0000] GC(69) Concurrent Reset Relocation Set 0.003ms
[2025-08-01T14:44:36.516+0000] GC(69) Concurrent Select Relocation Set 4.171ms
[2025-08-01T14:44:36.517+0000] GC(69) Pause Relocate Start 0.014ms
[2025-08-01T14:44:36.519+0000] GC(69) Concurrent Relocate 2.465ms
[2025-08-01T14:44:36.520+0000] GC(69) Heap after GC invocations=70 (full 70):
[2025-08-01T14:44:36.520+0000] GC(69)  ZHeap           used 936M, capacity 4096M, max capacity 4096M
[2025-08-01T14:44:36.520+0000] GC(69)  Metaspace       used 10643K, committed 10880K, reserved 1114112K
[2025-08-01T14:44:36.520+0000] GC(69)   class space    used 1265K, committed 1344K, reserved 1048576K
[2025-08-01T14:44:36.520+0000] GC(69) Load: 1.22/0.39/0.19
[2025-08-01T14:44:36.520+0000] GC(69) MMU: 2ms/93.0%, 5ms/97.2%, 10ms/98.6%, 20ms/99.2%, 50ms/99.7%, 100ms/99.8%
[2025-08-01T14:44:36.521+0000] GC(69) Mark: 2 stripe(s), 2 proactive flush(es), 1 terminate flush(es), 0 completion(s), 0 continuation(s) 
[2025-08-01T14:44:36.521+0000] GC(69) Mark Stack Usage: 32M
[2025-08-01T14:44:36.521+0000] GC(69) NMethods: 1414 registered, 176 unregistered
[2025-08-01T14:44:36.521+0000] GC(69) Metaspace: 10M used, 10M committed, 1088M reserved
[2025-08-01T14:44:36.521+0000] GC(69) Soft: 228 encountered, 0 discovered, 0 enqueued
[2025-08-01T14:44:36.521+0000] GC(69) Weak: 934 encountered, 721 discovered, 0 enqueued
[2025-08-01T14:44:36.521+0000] GC(69) Final: 0 encountered, 0 discovered, 0 enqueued
[2025-08-01T14:44:36.521+0000] GC(69) Phantom: 3 encountered, 1 discovered, 0 enqueued
[2025-08-01T14:44:36.521+0000] GC(69) Small Pages: 1099 / 2198M, Empty: 1792M, Relocated: 1M, In-Place: 0
[2025-08-01T14:44:36.521+0000] GC(69) Medium Pages: 1 / 32M, Empty: 0M, Relocated: 0M, In-Place: 0
[2025-08-01T14:44:36.521+0000] GC(69) Large Pages: 0 / 0M, Empty: 0M, Relocated: 0M, In-Place: 0
[2025-08-01T14:44:36.521+0000] GC(69) Forwarding Usage: 0M
[2025-08-01T14:44:36.521+0000] GC(69) Min Capacity: 4096M(100%)
[2025-08-01T14:44:36.521+0000] GC(69) Max Capacity: 4096M(100%)
[2025-08-01T14:44:36.521+0000] GC(69) Soft Max Capacity: 4096M(100%)
[2025-08-01T14:44:36.521+0000] GC(69)                Mark Start          Mark End        Relocate Start      Relocate End           High               Low         
[2025-08-01T14:44:36.521+0000] GC(69)  Capacity:     4096M (100%)       4096M (100%)       4096M (100%)       4096M (100%)       4096M (100%)       4096M (100%)   
[2025-08-01T14:44:36.521+0000] GC(69)      Free:     1866M (46%)        1404M (34%)        3166M (77%)        3166M (77%)        3188M (78%)        1396M (34%)    
[2025-08-01T14:44:36.521+0000] GC(69)      Used:     2230M (54%)        2692M (66%)         930M (23%)         930M (23%)        2700M (66%)         908M (22%)    
[2025-08-01T14:44:36.521+0000] GC(69)      Live:         -               393M (10%)         393M (10%)         393M (10%)            -                  -          
[2025-08-01T14:44:36.521+0000] GC(69) Allocated:         -               462M (11%)         492M (12%)         502M (12%)            -                  -          
[2025-08-01T14:44:36.522+0000] GC(69)   Garbage:         -              1836M (45%)          44M (1%)           34M (1%)             -                  -          
[2025-08-01T14:44:36.522+0000] GC(69) Reclaimed:         -                  -              1792M (44%)        1802M (44%)            -                  -          
[2025-08-01T14:44:36.522+0000] GC(69) Garbage Collection (Allocation Rate) 2230M(54%)->930M(23%)
[2025-08-01T14:44:36.893+0000] GC(70) Heap before GC invocations=70 (full 70):
[2025-08-01T14:44:36.893+0000] GC(70)  ZHeap           used 2728M, capacity 4096M, max capacity 4096M
[2025-08-01T14:44:36.893+0000] GC(70)  Metaspace       used 10643K, committed 10880K, reserved 1114112K
[2025-08-01T14:44:36.893+0000] GC(70)   class space    used 1265K, committed 1344K, reserved 1048576K
[2025-08-01T14:44:36.893+0000] GC(70) Garbage Collection (Allocation Rate)
[2025-08-01T14:44:36.893+0000] GC(70) Using 2 workers
[2025-08-01T14:44:36.893+0000] GC(70) Pause Mark Start 0.022ms
[2025-08-01T14:44:37.003+0000] GC(70) Concurrent Mark 109.163ms
[2025-08-01T14:44:37.003+0000] GC(70) Pause Mark End 0.017ms
[2025-08-01T14:44:37.003+0000] GC(70) Concurrent Mark Free 0.001ms
[2025-08-01T14:44:37.006+0000] GC(70) Concurrent Process Non-Strong References 3.144ms
[2025-08-01T14:44:37.006+0000] GC(70) Concurrent Reset Relocation Set 0.002ms
[2025-08-01T14:44:37.010+0000] GC(70) Concurrent Select Relocation Set 3.253ms
[2025-08-01T14:44:37.010+0000] GC(70) Pause Relocate Start 0.011ms
[2025-08-01T14:44:37.010+0000] GC(70) Concurrent Relocate 0.545ms
[2025-08-01T14:44:37.011+0000] GC(70) Heap after GC invocations=71 (full 71):
[2025-08-01T14:44:37.011+0000] GC(70)  ZHeap           used 882M, capacity 4096M, max capacity 4096M
[2025-08-01T14:44:37.011+0000] GC(70)  Metaspace       used 10643K, committed 10880K, reserved 1114112K
[2025-08-01T14:44:37.011+0000] GC(70)   class space    used 1265K, committed 1344K, reserved 1048576K
[2025-08-01T14:44:37.011+0000] GC(70) Load: 1.22/0.39/0.19
[2025-08-01T14:44:37.011+0000] GC(70) MMU: 2ms/93.0%, 5ms/97.2%, 10ms/98.6%, 20ms/99.2%, 50ms/99.7%, 100ms/99.8%
[2025-08-01T14:44:37.011+0000] GC(70) Mark: 2 stripe(s), 2 proactive flush(es), 1 terminate flush(es), 0 completion(s), 0 continuation(s) 
[2025-08-01T14:44:37.011+0000] GC(70) Mark Stack Usage: 32M
[2025-08-01T14:44:37.011+0000] GC(70) NMethods: 1414 registered, 176 unregistered
[2025-08-01T14:44:37.011+0000] GC(70) Metaspace: 10M used, 10M committed, 1088M reserved
[2025-08-01T14:44:37.011+0000] GC(70) Soft: 228 encountered, 0 discovered, 0 enqueued
[2025-08-01T14:44:37.011+0000] GC(70) Weak: 934 encountered, 670 discovered, 0 enqueued
[2025-08-01T14:44:37.011+0000] GC(70) Final: 0 encountered, 0 discovered, 0 enqueued
[2025-08-01T14:44:37.011+0000] GC(70) Phantom: 3 encountered, 1 discovered, 0 enqueued
[2025-08-01T14:44:37.011+0000] GC(70) Small Pages: 1348 / 2696M, Empty: 2302M, Relocated: 1M, In-Place: 0
[2025-08-01T14:44:37.011+0000] GC(70) Medium Pages: 1 / 32M, Empty: 0M, Relocated: 0M, In-Place: 0
[2025-08-01T14:44:37.011+0000] GC(70) Large Pages: 0 / 0M, Empty: 0M, Relocated: 0M, In-Place: 0
[2025-08-01T14:44:37.011+0000] GC(70) Forwarding Usage: 0M
[2025-08-01T14:44:37.011+0000] GC(70) Min Capacity: 4096M(100%)
[2025-08-01T14:44:37.011+0000] GC(70) Max Capacity: 4096M(100%)
[2025-08-01T14:44:37.011+0000] GC(70) Soft Max Capacity: 4096M(100%)
[2025-08-01T14:44:37.011+0000] GC(70)                Mark Start          Mark End        Relocate Start      Relocate End           High               Low         
[2025-08-01T14:44:37.011+0000] GC(70)  Capacity:     4096M (100%)       4096M (100%)       4096M (100%)       4096M (100%)       4096M (100%)       4096M (100%)   
[2025-08-01T14:44:37.011+0000] GC(70)      Free:     1368M (33%)         906M (22%)        3208M (78%)        3214M (78%)        3214M (78%)         906M (22%)    
[2025-08-01T14:44:37.011+0000] GC(70)      Used:     2728M (67%)        3190M (78%)         888M (22%)         882M (22%)        3190M (78%)         882M (22%)    
[2025-08-01T14:44:37.011+0000] GC(70)      Live:         -               385M (9%)          385M (9%)          385M (9%)             -                  -          
[2025-08-01T14:44:37.011+0000] GC(70) Allocated:         -               462M (11%)         462M (11%)         462M (11%)            -                  -          
[2025-08-01T14:44:37.011+0000] GC(70)   Garbage:         -              2342M (57%)          40M (1%)           34M (1%)             -                  -          
[2025-08-01T14:44:37.011+0000] GC(70) Reclaimed:         -                  -              2302M (56%)        2308M (56%)            -                  -          
[2025-08-01T14:44:37.011+0000] GC(70) Garbage Collection (Allocation Rate) 2728M(67%)->882M(22%)
[2025-08-01T14:44:37.394+0000] GC(71) Heap before GC invocations=71 (full 71):
[2025-08-01T14:44:37.394+0000] GC(71)  ZHeap           used 2716M, capacity 4096M, max capacity 4096M
[2025-08-01T14:44:37.394+0000] GC(71)  Metaspace       used 10643K, committed 10880K, reserved 1114112K
[2025-08-01T14:44:37.394+0000] GC(71)   class space    used 1265K, committed 1344K, reserved 1048576K
[2025-08-01T14:44:37.394+0000] GC(71) Garbage Collection (Allocation Rate)
[2025-08-01T14:44:37.395+0000] GC(71) Using 2 workers
[2025-08-01T14:44:37.397+0000] GC(71) Pause Mark Start 0.009ms
[2025-08-01T14:44:37.571+0000] GC(71) Concurrent Mark 174.755ms
[2025-08-01T14:44:37.572+0000] GC(71) Pause Mark End 0.044ms
[2025-08-01T14:44:37.573+0000] GC(71) Concurrent Mark Free 0.002ms
[2025-08-01T14:44:37.576+0000] GC(71) Concurrent Process Non-Strong References 2.557ms
[2025-08-01T14:44:37.576+0000] GC(71) Concurrent Reset Relocation Set 0.002ms
[2025-08-01T14:44:37.579+0000] GC(71) Concurrent Select Relocation Set 3.033ms
[2025-08-01T14:44:37.579+0000] GC(71) Pause Relocate Start 0.013ms
[2025-08-01T14:44:37.580+0000] GC(71) Concurrent Relocate 0.919ms
[2025-08-01T14:44:37.580+0000] GC(71) Heap after GC invocations=72 (full 72):
[2025-08-01T14:44:37.580+0000] GC(71)  ZHeap           used 1578M, capacity 4096M, max capacity 4096M
[2025-08-01T14:44:37.580+0000] GC(71)  Metaspace       used 10643K, committed 10880K, reserved 1114112K
[2025-08-01T14:44:37.580+0000] GC(71)   class space    used 1265K, committed 1344K, reserved 1048576K
[2025-08-01T14:44:37.580+0000] GC(71) Load: 1.22/0.39/0.19
[2025-08-01T14:44:37.580+0000] GC(71) MMU: 2ms/93.0%, 5ms/97.2%, 10ms/98.6%, 20ms/99.2%, 50ms/99.7%, 100ms/99.8%
[2025-08-01T14:44:37.580+0000] GC(71) Mark: 2 stripe(s), 2 proactive flush(es), 1 terminate flush(es), 0 completion(s), 0 continuation(s) 
[2025-08-01T14:44:37.580+0000] GC(71) Mark Stack Usage: 32M
[2025-08-01T14:44:37.580+0000] GC(71) NMethods: 1414 registered, 176 unregistered
[2025-08-01T14:44:37.580+0000] GC(71) Metaspace: 10M used, 10M committed, 1088M reserved
[2025-08-01T14:44:37.580+0000] GC(71) Soft: 228 encountered, 0 discovered, 0 enqueued
[2025-08-01T14:44:37.580+0000] GC(71) Weak: 934 encountered, 682 discovered, 0 enqueued
[2025-08-01T14:44:37.580+0000] GC(71) Final: 0 encountered, 0 discovered, 0 enqueued
[2025-08-01T14:44:37.580+0000] GC(71) Phantom: 3 encountered, 1 discovered, 0 enqueued
[2025-08-01T14:44:37.580+0000] GC(71) Small Pages: 1343 / 2686M, Empty: 1958M, Relocated: 3M, In-Place: 0
[2025-08-01T14:44:37.580+0000] GC(71) Medium Pages: 1 / 32M, Empty: 0M, Relocated: 0M, In-Place: 0
[2025-08-01T14:44:37.580+0000] GC(71) Large Pages: 0 / 0M, Empty: 0M, Relocated: 0M, In-Place: 0
[2025-08-01T14:44:37.580+0000] GC(71) Forwarding Usage: 0M
[2025-08-01T14:44:37.580+0000] GC(71) Min Capacity: 4096M(100%)
[2025-08-01T14:44:37.580+0000] GC(71) Max Capacity: 4096M(100%)
[2025-08-01T14:44:37.580+0000] GC(71) Soft Max Capacity: 4096M(100%)
[2025-08-01T14:44:37.580+0000] GC(71)                Mark Start          Mark End        Relocate Start      Relocate End           High               Low         
[2025-08-01T14:44:37.580+0000] GC(71)  Capacity:     4096M (100%)       4096M (100%)       4096M (100%)       4096M (100%)       4096M (100%)       4096M (100%)   
[2025-08-01T14:44:37.580+0000] GC(71)      Free:     1378M (34%)         558M (14%)        2504M (61%)        2518M (61%)        2518M (61%)         546M (13%)    
[2025-08-01T14:44:37.580+0000] GC(71)      Used:     2718M (66%)        3538M (86%)        1592M (39%)        1578M (39%)        3550M (87%)        1578M (39%)    
[2025-08-01T14:44:37.580+0000] GC(71)      Live:         -               710M (17%)         710M (17%)         710M (17%)            -                  -          
[2025-08-01T14:44:37.580+0000] GC(71) Allocated:         -               820M (20%)         832M (20%)         832M (20%)            -                  -          
[2025-08-01T14:44:37.580+0000] GC(71)   Garbage:         -              2007M (49%)          49M (1%)           35M (1%)             -                  -          
[2025-08-01T14:44:37.580+0000] GC(71) Reclaimed:         -                  -              1958M (48%)        1972M (48%)            -                  -          
[2025-08-01T14:44:37.580+0000] GC(71) Garbage Collection (Allocation Rate) 2718M(66%)->1578M(39%)
[2025-08-01T14:44:37.794+0000] GC(72) Heap before GC invocations=72 (full 72):
[2025-08-01T14:44:37.794+0000] GC(72)  ZHeap           used 2682M, capacity 4096M, max capacity 4096M
[2025-08-01T14:44:37.794+0000] GC(72)  Metaspace       used 10643K, committed 10880K, reserved 1114112K
[2025-08-01T14:44:37.794+0000] GC(72)   class space    used 1265K, committed 1344K, reserved 1048576K
[2025-08-01T14:44:37.794+0000] GC(72) Garbage Collection (Allocation Rate)
[2025-08-01T14:44:37.794+0000] GC(72) Using 2 workers
[2025-08-01T14:44:37.794+0000] GC(72) Pause Mark Start 0.015ms
[2025-08-01T14:44:37.928+0000] GC(72) Concurrent Mark 133.990ms
[2025-08-01T14:44:37.929+0000] GC(72) Pause Mark End 0.020ms
[2025-08-01T14:44:37.929+0000] GC(72) Concurrent Mark Free 0.002ms
[2025-08-01T14:44:37.933+0000] GC(72) Concurrent Process Non-Strong References 4.211ms
[2025-08-01T14:44:37.934+0000] GC(72) Concurrent Reset Relocation Set 0.003ms
[2025-08-01T14:44:37.937+0000] GC(72) Concurrent Select Relocation Set 3.452ms
[2025-08-01T14:44:37.937+0000] GC(72) Pause Relocate Start 0.012ms
[2025-08-01T14:44:37.939+0000] GC(72) Concurrent Relocate 1.651ms
[2025-08-01T14:44:37.939+0000] GC(72) Heap after GC invocations=73 (full 73):
[2025-08-01T14:44:37.939+0000] GC(72)  ZHeap           used 1356M, capacity 4096M, max capacity 4096M
[2025-08-01T14:44:37.939+0000] GC(72)  Metaspace       used 10643K, committed 10880K, reserved 1114112K
[2025-08-01T14:44:37.939+0000] GC(72)   class space    used 1265K, committed 1344K, reserved 1048576K
[2025-08-01T14:44:37.939+0000] GC(72) Load: 1.22/0.39/0.19
[2025-08-01T14:44:37.939+0000] GC(72) MMU: 2ms/93.0%, 5ms/97.2%, 10ms/98.6%, 20ms/99.2%, 50ms/99.7%, 100ms/99.8%
[2025-08-01T14:44:37.939+0000] GC(72) Mark: 2 stripe(s), 2 proactive flush(es), 1 terminate flush(es), 0 completion(s), 0 continuation(s) 
[2025-08-01T14:44:37.939+0000] GC(72) Mark Stack Usage: 32M
[2025-08-01T14:44:37.939+0000] GC(72) NMethods: 1414 registered, 176 unregistered
[2025-08-01T14:44:37.939+0000] GC(72) Metaspace: 10M used, 10M committed, 1088M reserved
[2025-08-01T14:44:37.939+0000] GC(72) Soft: 228 encountered, 0 discovered, 0 enqueued
[2025-08-01T14:44:37.939+0000] GC(72) Weak: 934 encountered, 721 discovered, 0 enqueued
[2025-08-01T14:44:37.939+0000] GC(72) Final: 0 encountered, 0 discovered, 0 enqueued
[2025-08-01T14:44:37.939+0000] GC(72) Phantom: 3 encountered, 1 discovered, 0 enqueued
[2025-08-01T14:44:37.939+0000] GC(72) Small Pages: 1325 / 2650M, Empty: 2028M, Relocated: 3M, In-Place: 0
[2025-08-01T14:44:37.939+0000] GC(72) Medium Pages: 1 / 32M, Empty: 0M, Relocated: 0M, In-Place: 0
[2025-08-01T14:44:37.939+0000] GC(72) Large Pages: 0 / 0M, Empty: 0M, Relocated: 0M, In-Place: 0
[2025-08-01T14:44:37.939+0000] GC(72) Forwarding Usage: 0M
[2025-08-01T14:44:37.939+0000] GC(72) Min Capacity: 4096M(100%)
[2025-08-01T14:44:37.939+0000] GC(72) Max Capacity: 4096M(100%)
[2025-08-01T14:44:37.939+0000] GC(72) Soft Max Capacity: 4096M(100%)
[2025-08-01T14:44:37.939+0000] GC(72)                Mark Start          Mark End        Relocate Start      Relocate End           High               Low         
[2025-08-01T14:44:37.940+0000] GC(72)  Capacity:     4096M (100%)       4096M (100%)       4096M (100%)       4096M (100%)       4096M (100%)       4096M (100%)   
[2025-08-01T14:44:37.940+0000] GC(72)      Free:     1414M (35%)         778M (19%)        2738M (67%)        2740M (67%)        2742M (67%)         738M (18%)    
[2025-08-01T14:44:37.940+0000] GC(72)      Used:     2682M (65%)        3318M (81%)        1358M (33%)        1356M (33%)        3358M (82%)        1354M (33%)    
[2025-08-01T14:44:37.940+0000] GC(72)      Live:         -               608M (15%)         608M (15%)         608M (15%)            -                  -          
[2025-08-01T14:44:37.940+0000] GC(72) Allocated:         -               636M (16%)         704M (17%)         714M (17%)            -                  -          
[2025-08-01T14:44:37.940+0000] GC(72)   Garbage:         -              2073M (51%)          45M (1%)           33M (1%)             -                  -          
[2025-08-01T14:44:37.940+0000] GC(72) Reclaimed:         -                  -              2028M (50%)        2040M (50%)            -                  -          
[2025-08-01T14:44:37.940+0000] GC(72) Garbage Collection (Allocation Rate) 2682M(65%)->1356M(33%)
[2025-08-01T14:44:38.193+0000] GC(73) Heap before GC invocations=73 (full 73):
[2025-08-01T14:44:38.193+0000] GC(73)  ZHeap           used 2576M, capacity 4096M, max capacity 4096M
[2025-08-01T14:44:38.193+0000] GC(73)  Metaspace       used 10643K, committed 10880K, reserved 1114112K
[2025-08-01T14:44:38.193+0000] GC(73)   class space    used 1265K, committed 1344K, reserved 1048576K
[2025-08-01T14:44:38.193+0000] GC(73) Garbage Collection (Allocation Rate)
[2025-08-01T14:44:38.193+0000] GC(73) Using 2 workers
[2025-08-01T14:44:38.193+0000] GC(73) Pause Mark Start 0.005ms
[2025-08-01T14:44:38.327+0000] GC(73) Concurrent Mark 133.881ms
[2025-08-01T14:44:38.328+0000] GC(73) Pause Mark End 0.200ms
[2025-08-01T14:44:38.329+0000] GC(73) Concurrent Mark Free 0.002ms
[2025-08-01T14:44:38.333+0000] GC(73) Concurrent Process Non-Strong References 4.565ms
[2025-08-01T14:44:38.333+0000] GC(73) Concurrent Reset Relocation Set 0.003ms
[2025-08-01T14:44:38.338+0000] GC(73) Concurrent Select Relocation Set 4.218ms
[2025-08-01T14:44:38.338+0000] GC(73) Pause Relocate Start 0.013ms
[2025-08-01T14:44:38.340+0000] GC(73) Concurrent Relocate 1.600ms
[2025-08-01T14:44:38.340+0000] GC(73) Heap after GC invocations=74 (full 74):
[2025-08-01T14:44:38.340+0000] GC(73)  ZHeap           used 1336M, capacity 4096M, max capacity 4096M
[2025-08-01T14:44:38.340+0000] GC(73)  Metaspace       used 10643K, committed 10880K, reserved 1114112K
[2025-08-01T14:44:38.340+0000] GC(73)   class space    used 1265K, committed 1344K, reserved 1048576K
[2025-08-01T14:44:38.340+0000] GC(73) Load: 1.22/0.39/0.19
[2025-08-01T14:44:38.340+0000] GC(73) MMU: 2ms/90.0%, 5ms/96.0%, 10ms/97.9%, 20ms/98.9%, 50ms/99.6%, 100ms/99.8%
[2025-08-01T14:44:38.340+0000] GC(73) Mark: 2 stripe(s), 2 proactive flush(es), 1 terminate flush(es), 0 completion(s), 0 continuation(s) 
[2025-08-01T14:44:38.340+0000] GC(73) Mark Stack Usage: 32M
[2025-08-01T14:44:38.340+0000] GC(73) NMethods: 1414 registered, 176 unregistered
[2025-08-01T14:44:38.340+0000] GC(73) Metaspace: 10M used, 10M committed, 1088M reserved
[2025-08-01T14:44:38.340+0000] GC(73) Soft: 228 encountered, 0 discovered, 0 enqueued
[2025-08-01T14:44:38.340+0000] GC(73) Weak: 934 encountered, 704 discovered, 0 enqueued
[2025-08-01T14:44:38.340+0000] GC(73) Final: 0 encountered, 0 discovered, 0 enqueued
[2025-08-01T14:44:38.340+0000] GC(73) Phantom: 3 encountered, 2 discovered, 0 enqueued
[2025-08-01T14:44:38.340+0000] GC(73) Small Pages: 1272 / 2544M, Empty: 1966M, Relocated: 3M, In-Place: 0
[2025-08-01T14:44:38.340+0000] GC(73) Medium Pages: 1 / 32M, Empty: 0M, Relocated: 0M, In-Place: 0
[2025-08-01T14:44:38.340+0000] GC(73) Large Pages: 0 / 0M, Empty: 0M, Relocated: 0M, In-Place: 0
[2025-08-01T14:44:38.340+0000] GC(73) Forwarding Usage: 0M
[2025-08-01T14:44:38.340+0000] GC(73) Min Capacity: 4096M(100%)
[2025-08-01T14:44:38.340+0000] GC(73) Max Capacity: 4096M(100%)
[2025-08-01T14:44:38.340+0000] GC(73) Soft Max Capacity: 4096M(100%)
[2025-08-01T14:44:38.340+0000] GC(73)                Mark Start          Mark End        Relocate Start      Relocate End           High               Low         
[2025-08-01T14:44:38.340+0000] GC(73)  Capacity:     4096M (100%)       4096M (100%)       4096M (100%)       4096M (100%)       4096M (100%)       4096M (100%)   
[2025-08-01T14:44:38.340+0000] GC(73)      Free:     1520M (37%)         872M (21%)        2762M (67%)        2762M (67%)        2764M (67%)         824M (20%)    
[2025-08-01T14:44:38.340+0000] GC(73)      Used:     2576M (63%)        3224M (79%)        1334M (33%)        1334M (33%)        3272M (80%)        1332M (33%)    
[2025-08-01T14:44:38.340+0000] GC(73)      Live:         -               568M (14%)         568M (14%)         568M (14%)            -                  -          
[2025-08-01T14:44:38.340+0000] GC(73) Allocated:         -               648M (16%)         724M (18%)         732M (18%)            -                  -          
[2025-08-01T14:44:38.340+0000] GC(73)   Garbage:         -              2007M (49%)          41M (1%)           33M (1%)             -                  -          
[2025-08-01T14:44:38.340+0000] GC(73) Reclaimed:         -                  -              1966M (48%)        1974M (48%)            -                  -          
[2025-08-01T14:44:38.340+0000] GC(73) Garbage Collection (Allocation Rate) 2576M(63%)->1334M(33%)
[2025-08-01T14:44:38.595+0000] GC(74) Heap before GC invocations=74 (full 74):
[2025-08-01T14:44:38.595+0000] GC(74)  ZHeap           used 2536M, capacity 4096M, max capacity 4096M
[2025-08-01T14:44:38.595+0000] GC(74)  Metaspace       used 10643K, committed 10880K, reserved 1114112K
[2025-08-01T14:44:38.595+0000] GC(74)   class space    used 1265K, committed 1344K, reserved 1048576K
[2025-08-01T14:44:38.595+0000] GC(74) Garbage Collection (Allocation Rate)
[2025-08-01T14:44:38.595+0000] GC(74) Using 2 workers
[2025-08-01T14:44:38.595+0000] GC(74) Pause Mark Start 0.011ms
[2025-08-01T14:44:38.763+0000] GC(74) Concurrent Mark 168.227ms
[2025-08-01T14:44:38.764+0000] GC(74) Pause Mark End 0.017ms
[2025-08-01T14:44:38.764+0000] GC(74) Concurrent Mark Free 0.001ms
[2025-08-01T14:44:38.769+0000] GC(74) Concurrent Process Non-Strong References 4.599ms
[2025-08-01T14:44:38.769+0000] GC(74) Concurrent Reset Relocation Set 0.002ms
[2025-08-01T14:44:38.772+0000] GC(74) Concurrent Select Relocation Set 3.836ms
[2025-08-01T14:44:38.773+0000] GC(74) Pause Relocate Start 0.010ms
[2025-08-01T14:44:38.774+0000] GC(74) Concurrent Relocate 1.410ms
[2025-08-01T14:44:38.774+0000] GC(74) Heap after GC invocations=75 (full 75):
[2025-08-01T14:44:38.774+0000] GC(74)  ZHeap           used 1432M, capacity 4096M, max capacity 4096M
[2025-08-01T14:44:38.774+0000] GC(74)  Metaspace       used 10643K, committed 10880K, reserved 1114112K
[2025-08-01T14:44:38.774+0000] GC(74)   class space    used 1265K, committed 1344K, reserved 1048576K
[2025-08-01T14:44:38.774+0000] GC(74) Load: 1.22/0.39/0.19
[2025-08-01T14:44:38.774+0000] GC(74) MMU: 2ms/90.0%, 5ms/96.0%, 10ms/97.9%, 20ms/98.9%, 50ms/99.6%, 100ms/99.8%
[2025-08-01T14:44:38.774+0000] GC(74) Mark: 2 stripe(s), 2 proactive flush(es), 1 terminate flush(es), 0 completion(s), 0 continuation(s) 
[2025-08-01T14:44:38.774+0000] GC(74) Mark Stack Usage: 32M
[2025-08-01T14:44:38.774+0000] GC(74) NMethods: 1414 registered, 176 unregistered
[2025-08-01T14:44:38.774+0000] GC(74) Metaspace: 10M used, 10M committed, 1088M reserved
[2025-08-01T14:44:38.774+0000] GC(74) Soft: 228 encountered, 0 discovered, 0 enqueued
[2025-08-01T14:44:38.774+0000] GC(74) Weak: 934 encountered, 667 discovered, 0 enqueued
[2025-08-01T14:44:38.774+0000] GC(74) Final: 0 encountered, 0 discovered, 0 enqueued
[2025-08-01T14:44:38.774+0000] GC(74) Phantom: 3 encountered, 1 discovered, 0 enqueued
[2025-08-01T14:44:38.774+0000] GC(74) Small Pages: 1252 / 2504M, Empty: 1834M, Relocated: 3M, In-Place: 0
[2025-08-01T14:44:38.774+0000] GC(74) Medium Pages: 1 / 32M, Empty: 0M, Relocated: 0M, In-Place: 0
[2025-08-01T14:44:38.774+0000] GC(74) Large Pages: 0 / 0M, Empty: 0M, Relocated: 0M, In-Place: 0
[2025-08-01T14:44:38.774+0000] GC(74) Forwarding Usage: 0M
[2025-08-01T14:44:38.774+0000] GC(74) Min Capacity: 4096M(100%)
[2025-08-01T14:44:38.774+0000] GC(74) Max Capacity: 4096M(100%)
[2025-08-01T14:44:38.774+0000] GC(74) Soft Max Capacity: 4096M(100%)
[2025-08-01T14:44:38.774+0000] GC(74)                Mark Start          Mark End        Relocate Start      Relocate End           High               Low         
[2025-08-01T14:44:38.774+0000] GC(74)  Capacity:     4096M (100%)       4096M (100%)       4096M (100%)       4096M (100%)       4096M (100%)       4096M (100%)   
[2025-08-01T14:44:38.774+0000] GC(74)      Free:     1560M (38%)         844M (21%)        2656M (65%)        2664M (65%)        2664M (65%)         822M (20%)    
[2025-08-01T14:44:38.774+0000] GC(74)      Used:     2536M (62%)        3252M (79%)        1440M (35%)        1432M (35%)        3274M (80%)        1432M (35%)    
[2025-08-01T14:44:38.774+0000] GC(74)      Live:         -               660M (16%)         660M (16%)         660M (16%)            -                  -          
[2025-08-01T14:44:38.774+0000] GC(74) Allocated:         -               716M (17%)         738M (18%)         738M (18%)            -                  -          
[2025-08-01T14:44:38.774+0000] GC(74)   Garbage:         -              1875M (46%)          41M (1%)           33M (1%)             -                  -          
[2025-08-01T14:44:38.774+0000] GC(74) Reclaimed:         -                  -              1834M (45%)        1842M (45%)            -                  -          
[2025-08-01T14:44:38.774+0000] GC(74) Garbage Collection (Allocation Rate) 2536M(62%)->1432M(35%)
[2025-08-01T14:44:38.993+0000] GC(75) Heap before GC invocations=75 (full 75):
[2025-08-01T14:44:38.993+0000] GC(75)  ZHeap           used 2478M, capacity 4096M, max capacity 4096M
[2025-08-01T14:44:38.993+0000] GC(75)  Metaspace       used 10643K, committed 10880K, reserved 1114112K
[2025-08-01T14:44:38.993+0000] GC(75)   class space    used 1265K, committed 1344K, reserved 1048576K
[2025-08-01T14:44:38.994+0000] GC(75) Garbage Collection (Allocation Rate)
[2025-08-01T14:44:38.994+0000] GC(75) Using 2 workers
[2025-08-01T14:44:38.994+0000] GC(75) Pause Mark Start 0.013ms
[2025-08-01T14:44:39.175+0000] GC(75) Concurrent Mark 180.879ms
[2025-08-01T14:44:39.175+0000] GC(75) Pause Mark End 0.014ms
[2025-08-01T14:44:39.175+0000] GC(75) Concurrent Mark Free 0.001ms
[2025-08-01T14:44:39.178+0000] GC(75) Concurrent Process Non-Strong References 2.764ms
[2025-08-01T14:44:39.178+0000] GC(75) Concurrent Reset Relocation Set 0.002ms
[2025-08-01T14:44:39.182+0000] GC(75) Concurrent Select Relocation Set 3.460ms
[2025-08-01T14:44:39.182+0000] GC(75) Pause Relocate Start 0.012ms
[2025-08-01T14:44:39.185+0000] GC(75) Concurrent Relocate 3.131ms
[2025-08-01T14:44:39.185+0000] GC(75) Heap after GC invocations=76 (full 76):
[2025-08-01T14:44:39.185+0000] GC(75)  ZHeap           used 1472M, capacity 4096M, max capacity 4096M
[2025-08-01T14:44:39.185+0000] GC(75)  Metaspace       used 10643K, committed 10880K, reserved 1114112K
[2025-08-01T14:44:39.185+0000] GC(75)   class space    used 1265K, committed 1344K, reserved 1048576K
[2025-08-01T14:44:39.185+0000] GC(75) Load: 1.22/0.39/0.19
[2025-08-01T14:44:39.185+0000] GC(75) MMU: 2ms/90.0%, 5ms/96.0%, 10ms/97.9%, 20ms/98.9%, 50ms/99.6%, 100ms/99.8%
[2025-08-01T14:44:39.185+0000] GC(75) Mark: 2 stripe(s), 5 proactive flush(es), 1 terminate flush(es), 0 completion(s), 0 continuation(s) 
[2025-08-01T14:44:39.185+0000] GC(75) Mark Stack Usage: 32M
[2025-08-01T14:44:39.185+0000] GC(75) NMethods: 1414 registered, 176 unregistered
[2025-08-01T14:44:39.185+0000] GC(75) Metaspace: 10M used, 10M committed, 1088M reserved
[2025-08-01T14:44:39.185+0000] GC(75) Soft: 228 encountered, 0 discovered, 0 enqueued
[2025-08-01T14:44:39.185+0000] GC(75) Weak: 934 encountered, 176 discovered, 0 enqueued
[2025-08-01T14:44:39.185+0000] GC(75) Final: 0 encountered, 0 discovered, 0 enqueued
[2025-08-01T14:44:39.185+0000] GC(75) Phantom: 3 encountered, 2 discovered, 0 enqueued
[2025-08-01T14:44:39.185+0000] GC(75) Small Pages: 1224 / 2448M, Empty: 1862M, Relocated: 6M, In-Place: 0
[2025-08-01T14:44:39.185+0000] GC(75) Medium Pages: 1 / 32M, Empty: 0M, Relocated: 0M, In-Place: 0
[2025-08-01T14:44:39.186+0000] GC(75) Large Pages: 0 / 0M, Empty: 0M, Relocated: 0M, In-Place: 0
[2025-08-01T14:44:39.186+0000] GC(75) Forwarding Usage: 0M
[2025-08-01T14:44:39.186+0000] GC(75) Min Capacity: 4096M(100%)
[2025-08-01T14:44:39.186+0000] GC(75) Max Capacity: 4096M(100%)
[2025-08-01T14:44:39.186+0000] GC(75) Soft Max Capacity: 4096M(100%)
[2025-08-01T14:44:39.186+0000] GC(75)                Mark Start          Mark End        Relocate Start      Relocate End           High               Low         
[2025-08-01T14:44:39.186+0000] GC(75)  Capacity:     4096M (100%)       4096M (100%)       4096M (100%)       4096M (100%)       4096M (100%)       4096M (100%)   
[2025-08-01T14:44:39.186+0000] GC(75)      Free:     1616M (39%)         786M (19%)        2624M (64%)        2624M (64%)        2630M (64%)         770M (19%)    
[2025-08-01T14:44:39.186+0000] GC(75)      Used:     2480M (61%)        3310M (81%)        1472M (36%)        1472M (36%)        3326M (81%)        1466M (36%)    
[2025-08-01T14:44:39.186+0000] GC(75)      Live:         -               568M (14%)         568M (14%)         568M (14%)            -                  -          
[2025-08-01T14:44:39.186+0000] GC(75) Allocated:         -               830M (20%)         854M (21%)         868M (21%)            -                  -          
[2025-08-01T14:44:39.186+0000] GC(75)   Garbage:         -              1911M (47%)          49M (1%)           35M (1%)             -                  -          
[2025-08-01T14:44:39.186+0000] GC(75) Reclaimed:         -                  -              1862M (45%)        1876M (46%)            -                  -          
[2025-08-01T14:44:39.186+0000] GC(75) Garbage Collection (Allocation Rate) 2480M(61%)->1472M(36%)
[2025-08-01T14:44:39.395+0000] GC(76) Heap before GC invocations=76 (full 76):
[2025-08-01T14:44:39.395+0000] GC(76)  ZHeap           used 2450M, capacity 4096M, max capacity 4096M
[2025-08-01T14:44:39.395+0000] GC(76)  Metaspace       used 10643K, committed 10880K, reserved 1114112K
[2025-08-01T14:44:39.395+0000] GC(76)   class space    used 1265K, committed 1344K, reserved 1048576K
[2025-08-01T14:44:39.396+0000] GC(76) Garbage Collection (Allocation Rate)
[2025-08-01T14:44:39.396+0000] GC(76) Using 2 workers
[2025-08-01T14:44:39.396+0000] GC(76) Pause Mark Start 0.017ms
[2025-08-01T14:44:39.629+0000] GC(76) Concurrent Mark 232.553ms
[2025-08-01T14:44:39.629+0000] GC(76) Pause Mark End 0.013ms
[2025-08-01T14:44:39.629+0000] GC(76) Concurrent Mark Free 0.001ms
[2025-08-01T14:44:39.634+0000] GC(76) Concurrent Process Non-Strong References 4.597ms
[2025-08-01T14:44:39.634+0000] GC(76) Concurrent Reset Relocation Set 0.003ms
[2025-08-01T14:44:39.638+0000] GC(76) Concurrent Select Relocation Set 4.130ms
[2025-08-01T14:44:39.638+0000] GC(76) Pause Relocate Start 0.013ms
[2025-08-01T14:44:39.641+0000] GC(76) Concurrent Relocate 2.842ms
[2025-08-01T14:44:39.641+0000] GC(76) Heap after GC invocations=77 (full 77):
[2025-08-01T14:44:39.641+0000] GC(76)  ZHeap           used 1652M, capacity 4096M, max capacity 4096M
[2025-08-01T14:44:39.642+0000] GC(76)  Metaspace       used 10643K, committed 10880K, reserved 1114112K
[2025-08-01T14:44:39.642+0000] GC(76)   class space    used 1265K, committed 1344K, reserved 1048576K
[2025-08-01T14:44:39.642+0000] GC(76) Load: 1.22/0.39/0.19
[2025-08-01T14:44:39.642+0000] GC(76) MMU: 2ms/90.0%, 5ms/96.0%, 10ms/97.9%, 20ms/98.9%, 50ms/99.6%, 100ms/99.8%
[2025-08-01T14:44:39.642+0000] GC(76) Mark: 2 stripe(s), 2 proactive flush(es), 1 terminate flush(es), 0 completion(s), 0 continuation(s) 
[2025-08-01T14:44:39.642+0000] GC(76) Mark Stack Usage: 32M
[2025-08-01T14:44:39.642+0000] GC(76) NMethods: 1414 registered, 176 unregistered
[2025-08-01T14:44:39.642+0000] GC(76) Metaspace: 10M used, 10M committed, 1088M reserved
[2025-08-01T14:44:39.642+0000] GC(76) Soft: 228 encountered, 0 discovered, 0 enqueued
[2025-08-01T14:44:39.642+0000] GC(76) Weak: 934 encountered, 708 discovered, 0 enqueued
[2025-08-01T14:44:39.642+0000] GC(76) Final: 0 encountered, 0 discovered, 0 enqueued
[2025-08-01T14:44:39.642+0000] GC(76) Phantom: 3 encountered, 1 discovered, 0 enqueued
[2025-08-01T14:44:39.642+0000] GC(76) Small Pages: 1209 / 2418M, Empty: 1810M, Relocated: 8M, In-Place: 0
[2025-08-01T14:44:39.642+0000] GC(76) Medium Pages: 1 / 32M, Empty: 0M, Relocated: 0M, In-Place: 0
[2025-08-01T14:44:39.642+0000] GC(76) Large Pages: 0 / 0M, Empty: 0M, Relocated: 0M, In-Place: 0
[2025-08-01T14:44:39.642+0000] GC(76) Forwarding Usage: 0M
[2025-08-01T14:44:39.642+0000] GC(76) Min Capacity: 4096M(100%)
[2025-08-01T14:44:39.642+0000] GC(76) Max Capacity: 4096M(100%)
[2025-08-01T14:44:39.642+0000] GC(76) Soft Max Capacity: 4096M(100%)
[2025-08-01T14:44:39.642+0000] GC(76)                Mark Start          Mark End        Relocate Start      Relocate End           High               Low         
[2025-08-01T14:44:39.642+0000] GC(76)  Capacity:     4096M (100%)       4096M (100%)       4096M (100%)       4096M (100%)       4096M (100%)       4096M (100%)   
[2025-08-01T14:44:39.642+0000] GC(76)      Free:     1646M (40%)         678M (17%)        2438M (60%)        2444M (60%)        2448M (60%)         654M (16%)    
[2025-08-01T14:44:39.642+0000] GC(76)      Used:     2450M (60%)        3418M (83%)        1658M (40%)        1652M (40%)        3442M (84%)        1648M (40%)    
[2025-08-01T14:44:39.642+0000] GC(76)      Live:         -               588M (14%)         588M (14%)         588M (14%)            -                  -          
[2025-08-01T14:44:39.642+0000] GC(76) Allocated:         -               968M (24%)        1018M (25%)        1029M (25%)            -                  -          
[2025-08-01T14:44:39.642+0000] GC(76)   Garbage:         -              1861M (45%)          51M (1%)           33M (1%)             -                  -          
[2025-08-01T14:44:39.642+0000] GC(76) Reclaimed:         -                  -              1810M (44%)        1827M (45%)            -                  -          
[2025-08-01T14:44:39.642+0000] GC(76) Garbage Collection (Allocation Rate) 2450M(60%)->1652M(40%)
[2025-08-01T14:44:39.793+0000] GC(77) Heap before GC invocations=77 (full 77):
[2025-08-01T14:44:39.793+0000] GC(77)  ZHeap           used 2406M, capacity 4096M, max capacity 4096M
[2025-08-01T14:44:39.793+0000] GC(77)  Metaspace       used 10643K, committed 10880K, reserved 1114112K
[2025-08-01T14:44:39.793+0000] GC(77)   class space    used 1265K, committed 1344K, reserved 1048576K
[2025-08-01T14:44:39.793+0000] GC(77) Garbage Collection (Allocation Rate)
[2025-08-01T14:44:39.793+0000] GC(77) Using 2 workers
[2025-08-01T14:44:39.794+0000] GC(77) Pause Mark Start 0.024ms
[2025-08-01T14:44:39.952+0000] GC(77) Concurrent Mark 158.164ms
[2025-08-01T14:44:39.952+0000] GC(77) Pause Mark End 0.016ms
[2025-08-01T14:44:39.952+0000] GC(77) Concurrent Mark Free 0.001ms
[2025-08-01T14:44:39.956+0000] GC(77) Concurrent Process Non-Strong References 3.861ms
[2025-08-01T14:44:39.956+0000] GC(77) Concurrent Reset Relocation Set 0.004ms
[2025-08-01T14:44:39.960+0000] GC(77) Concurrent Select Relocation Set 3.664ms
[2025-08-01T14:44:39.961+0000] GC(77) Pause Relocate Start 0.014ms
[2025-08-01T14:44:39.962+0000] GC(77) Concurrent Relocate 0.572ms
[2025-08-01T14:44:39.962+0000] GC(77) Heap after GC invocations=78 (full 78):
[2025-08-01T14:44:39.962+0000] GC(77)  ZHeap           used 1372M, capacity 4096M, max capacity 4096M
[2025-08-01T14:44:39.962+0000] GC(77)  Metaspace       used 10643K, committed 10880K, reserved 1114112K
[2025-08-01T14:44:39.962+0000] GC(77)   class space    used 1265K, committed 1344K, reserved 1048576K
[2025-08-01T14:44:39.962+0000] GC(77) Load: 1.22/0.39/0.19
[2025-08-01T14:44:39.962+0000] GC(77) MMU: 2ms/90.0%, 5ms/96.0%, 10ms/97.9%, 20ms/98.9%, 50ms/99.6%, 100ms/99.8%
[2025-08-01T14:44:39.962+0000] GC(77) Mark: 2 stripe(s), 2 proactive flush(es), 1 terminate flush(es), 0 completion(s), 0 continuation(s) 
[2025-08-01T14:44:39.962+0000] GC(77) Mark Stack Usage: 32M
[2025-08-01T14:44:39.962+0000] GC(77) NMethods: 1414 registered, 176 unregistered
[2025-08-01T14:44:39.962+0000] GC(77) Metaspace: 10M used, 10M committed, 1088M reserved
[2025-08-01T14:44:39.962+0000] GC(77) Soft: 228 encountered, 0 discovered, 0 enqueued
[2025-08-01T14:44:39.962+0000] GC(77) Weak: 934 encountered, 698 discovered, 0 enqueued
[2025-08-01T14:44:39.962+0000] GC(77) Final: 0 encountered, 0 discovered, 0 enqueued
[2025-08-01T14:44:39.962+0000] GC(77) Phantom: 3 encountered, 1 discovered, 0 enqueued
[2025-08-01T14:44:39.962+0000] GC(77) Small Pages: 1189 / 2378M, Empty: 1814M, Relocated: 1M, In-Place: 0
[2025-08-01T14:44:39.962+0000] GC(77) Medium Pages: 1 / 32M, Empty: 0M, Relocated: 0M, In-Place: 0
[2025-08-01T14:44:39.962+0000] GC(77) Large Pages: 0 / 0M, Empty: 0M, Relocated: 0M, In-Place: 0
[2025-08-01T14:44:39.962+0000] GC(77) Forwarding Usage: 0M
[2025-08-01T14:44:39.962+0000] GC(77) Min Capacity: 4096M(100%)
[2025-08-01T14:44:39.962+0000] GC(77) Max Capacity: 4096M(100%)
[2025-08-01T14:44:39.962+0000] GC(77) Soft Max Capacity: 4096M(100%)
[2025-08-01T14:44:39.963+0000] GC(77)                Mark Start          Mark End        Relocate Start      Relocate End           High               Low         
[2025-08-01T14:44:39.963+0000] GC(77)  Capacity:     4096M (100%)       4096M (100%)       4096M (100%)       4096M (100%)       4096M (100%)       4096M (100%)   
[2025-08-01T14:44:39.963+0000] GC(77)      Free:     1686M (41%)         942M (23%)        2720M (66%)        2726M (67%)        2726M (67%)         912M (22%)    
[2025-08-01T14:44:39.963+0000] GC(77)      Used:     2410M (59%)        3154M (77%)        1376M (34%)        1370M (33%)        3184M (78%)        1370M (33%)    
[2025-08-01T14:44:39.963+0000] GC(77)      Live:         -               552M (13%)         552M (13%)         552M (13%)            -                  -          
[2025-08-01T14:44:39.963+0000] GC(77) Allocated:         -               744M (18%)         780M (19%)         782M (19%)            -                  -          
[2025-08-01T14:44:39.963+0000] GC(77)   Garbage:         -              1857M (45%)          43M (1%)           35M (1%)             -                  -          
[2025-08-01T14:44:39.963+0000] GC(77) Reclaimed:         -                  -              1814M (44%)        1822M (44%)            -                  -          
[2025-08-01T14:44:39.963+0000] GC(77) Garbage Collection (Allocation Rate) 2410M(59%)->1370M(33%)
[2025-08-01T14:44:40.193+0000] GC(78) Heap before GC invocations=78 (full 78):
[2025-08-01T14:44:40.193+0000] GC(78)  ZHeap           used 2540M, capacity 4096M, max capacity 4096M
[2025-08-01T14:44:40.193+0000] GC(78)  Metaspace       used 10643K, committed 10880K, reserved 1114112K
[2025-08-01T14:44:40.193+0000] GC(78)   class space    used 1265K, committed 1344K, reserved 1048576K
[2025-08-01T14:44:40.193+0000] GC(78) Garbage Collection (Allocation Rate)
[2025-08-01T14:44:40.193+0000] GC(78) Using 2 workers
[2025-08-01T14:44:40.193+0000] GC(78) Pause Mark Start 0.006ms
[2025-08-01T14:44:40.339+0000] GC(78) Concurrent Mark 145.612ms
[2025-08-01T14:44:40.339+0000] GC(78) Pause Mark End 0.018ms
[2025-08-01T14:44:40.340+0000] GC(78) Concurrent Mark Free 0.001ms
[2025-08-01T14:44:40.342+0000] GC(78) Concurrent Process Non-Strong References 2.506ms
[2025-08-01T14:44:40.342+0000] GC(78) Concurrent Reset Relocation Set 0.002ms
[2025-08-01T14:44:40.345+0000] GC(78) Concurrent Select Relocation Set 3.105ms
[2025-08-01T14:44:40.345+0000] GC(78) Pause Relocate Start 0.013ms
[2025-08-01T14:44:40.347+0000] GC(78) Concurrent Relocate 1.037ms
[2025-08-01T14:44:40.347+0000] GC(78) Heap after GC invocations=79 (full 79):
[2025-08-01T14:44:40.347+0000] GC(78)  ZHeap           used 1432M, capacity 4096M, max capacity 4096M
[2025-08-01T14:44:40.347+0000] GC(78)  Metaspace       used 10643K, committed 10880K, reserved 1114112K
[2025-08-01T14:44:40.347+0000] GC(78)   class space    used 1265K, committed 1344K, reserved 1048576K
[2025-08-01T14:44:40.347+0000] GC(78) Load: 1.22/0.39/0.19
[2025-08-01T14:44:40.347+0000] GC(78) MMU: 2ms/90.0%, 5ms/96.0%, 10ms/97.9%, 20ms/98.9%, 50ms/99.6%, 100ms/99.8%
[2025-08-01T14:44:40.347+0000] GC(78) Mark: 2 stripe(s), 3 proactive flush(es), 1 terminate flush(es), 0 completion(s), 0 continuation(s) 
[2025-08-01T14:44:40.347+0000] GC(78) Mark Stack Usage: 32M
[2025-08-01T14:44:40.347+0000] GC(78) NMethods: 1414 registered, 176 unregistered
[2025-08-01T14:44:40.347+0000] GC(78) Metaspace: 10M used, 10M committed, 1088M reserved
[2025-08-01T14:44:40.347+0000] GC(78) Soft: 228 encountered, 0 discovered, 0 enqueued
[2025-08-01T14:44:40.347+0000] GC(78) Weak: 934 encountered, 698 discovered, 0 enqueued
[2025-08-01T14:44:40.347+0000] GC(78) Final: 0 encountered, 0 discovered, 0 enqueued
[2025-08-01T14:44:40.347+0000] GC(78) Phantom: 3 encountered, 1 discovered, 0 enqueued
[2025-08-01T14:44:40.347+0000] GC(78) Small Pages: 1254 / 2508M, Empty: 1834M, Relocated: 3M, In-Place: 0
[2025-08-01T14:44:40.347+0000] GC(78) Medium Pages: 1 / 32M, Empty: 0M, Relocated: 0M, In-Place: 0
[2025-08-01T14:44:40.347+0000] GC(78) Large Pages: 0 / 0M, Empty: 0M, Relocated: 0M, In-Place: 0
[2025-08-01T14:44:40.347+0000] GC(78) Forwarding Usage: 0M
[2025-08-01T14:44:40.347+0000] GC(78) Min Capacity: 4096M(100%)
[2025-08-01T14:44:40.347+0000] GC(78) Max Capacity: 4096M(100%)
[2025-08-01T14:44:40.347+0000] GC(78) Soft Max Capacity: 4096M(100%)
[2025-08-01T14:44:40.347+0000] GC(78)                Mark Start          Mark End        Relocate Start      Relocate End           High               Low         
[2025-08-01T14:44:40.347+0000] GC(78)  Capacity:     4096M (100%)       4096M (100%)       4096M (100%)       4096M (100%)       4096M (100%)       4096M (100%)   
[2025-08-01T14:44:40.347+0000] GC(78)      Free:     1556M (38%)         836M (20%)        2652M (65%)        2664M (65%)        2664M (65%)         822M (20%)    
[2025-08-01T14:44:40.348+0000] GC(78)      Used:     2540M (62%)        3260M (80%)        1444M (35%)        1432M (35%)        3274M (80%)        1432M (35%)    
[2025-08-01T14:44:40.348+0000] GC(78)      Live:         -               661M (16%)         661M (16%)         661M (16%)            -                  -          
[2025-08-01T14:44:40.348+0000] GC(78) Allocated:         -               720M (18%)         738M (18%)         738M (18%)            -                  -          
[2025-08-01T14:44:40.348+0000] GC(78)   Garbage:         -              1878M (46%)          44M (1%)           32M (1%)             -                  -          
[2025-08-01T14:44:40.348+0000] GC(78) Reclaimed:         -                  -              1834M (45%)        1846M (45%)            -                  -          
[2025-08-01T14:44:40.348+0000] GC(78) Garbage Collection (Allocation Rate) 2540M(62%)->1432M(35%)
[2025-08-01T14:44:40.593+0000] GC(79) Heap before GC invocations=79 (full 79):
[2025-08-01T14:44:40.593+0000] GC(79)  ZHeap           used 2628M, capacity 4096M, max capacity 4096M
[2025-08-01T14:44:40.593+0000] GC(79)  Metaspace       used 10643K, committed 10880K, reserved 1114112K
[2025-08-01T14:44:40.593+0000] GC(79)   class space    used 1265K, committed 1344K, reserved 1048576K
[2025-08-01T14:44:40.593+0000] GC(79) Garbage Collection (Allocation Rate)
[2025-08-01T14:44:40.593+0000] GC(79) Using 2 workers
[2025-08-01T14:44:40.594+0000] GC(79) Pause Mark Start 0.007ms
[2025-08-01T14:44:40.718+0000] GC(79) Concurrent Mark 124.412ms
[2025-08-01T14:44:40.720+0000] GC(79) Pause Mark End 0.014ms
[2025-08-01T14:44:40.720+0000] GC(79) Concurrent Mark Free 0.002ms
[2025-08-01T14:44:40.724+0000] GC(79) Concurrent Process Non-Strong References 3.683ms
[2025-08-01T14:44:40.724+0000] GC(79) Concurrent Reset Relocation Set 0.003ms
[2025-08-01T14:44:40.728+0000] GC(79) Concurrent Select Relocation Set 3.688ms
[2025-08-01T14:44:40.728+0000] GC(79) Pause Relocate Start 0.014ms
[2025-08-01T14:44:40.730+0000] GC(79) Concurrent Relocate 1.586ms
[2025-08-01T14:44:40.730+0000] GC(79) Heap after GC invocations=80 (full 80):
[2025-08-01T14:44:40.730+0000] GC(79)  ZHeap           used 1290M, capacity 4096M, max capacity 4096M
[2025-08-01T14:44:40.730+0000] GC(79)  Metaspace       used 10643K, committed 10880K, reserved 1114112K
[2025-08-01T14:44:40.730+0000] GC(79)   class space    used 1265K, committed 1344K, reserved 1048576K
[2025-08-01T14:44:40.730+0000] GC(79) Load: 1.22/0.39/0.19
[2025-08-01T14:44:40.730+0000] GC(79) MMU: 2ms/90.0%, 5ms/96.0%, 10ms/97.9%, 20ms/98.9%, 50ms/99.6%, 100ms/99.8%
[2025-08-01T14:44:40.730+0000] GC(79) Mark: 2 stripe(s), 2 proactive flush(es), 1 terminate flush(es), 0 completion(s), 0 continuation(s) 
[2025-08-01T14:44:40.730+0000] GC(79) Mark Stack Usage: 32M
[2025-08-01T14:44:40.730+0000] GC(79) NMethods: 1414 registered, 176 unregistered
[2025-08-01T14:44:40.730+0000] GC(79) Metaspace: 10M used, 10M committed, 1088M reserved
[2025-08-01T14:44:40.730+0000] GC(79) Soft: 228 encountered, 0 discovered, 0 enqueued
[2025-08-01T14:44:40.730+0000] GC(79) Weak: 934 encountered, 706 discovered, 0 enqueued
[2025-08-01T14:44:40.730+0000] GC(79) Final: 0 encountered, 0 discovered, 0 enqueued
[2025-08-01T14:44:40.730+0000] GC(79) Phantom: 3 encountered, 1 discovered, 0 enqueued
[2025-08-01T14:44:40.730+0000] GC(79) Small Pages: 1298 / 2596M, Empty: 2068M, Relocated: 3M, In-Place: 0
[2025-08-01T14:44:40.730+0000] GC(79) Medium Pages: 1 / 32M, Empty: 0M, Relocated: 0M, In-Place: 0
[2025-08-01T14:44:40.730+0000] GC(79) Large Pages: 0 / 0M, Empty: 0M, Relocated: 0M, In-Place: 0
[2025-08-01T14:44:40.730+0000] GC(79) Forwarding Usage: 0M
[2025-08-01T14:44:40.730+0000] GC(79) Min Capacity: 4096M(100%)
[2025-08-01T14:44:40.730+0000] GC(79) Max Capacity: 4096M(100%)
[2025-08-01T14:44:40.730+0000] GC(79) Soft Max Capacity: 4096M(100%)
[2025-08-01T14:44:40.730+0000] GC(79)                Mark Start          Mark End        Relocate Start      Relocate End           High               Low         
[2025-08-01T14:44:40.730+0000] GC(79)  Capacity:     4096M (100%)       4096M (100%)       4096M (100%)       4096M (100%)       4096M (100%)       4096M (100%)   
[2025-08-01T14:44:40.730+0000] GC(79)      Free:     1468M (36%)         770M (19%)        2802M (68%)        2806M (69%)        2808M (69%)         754M (18%)    
[2025-08-01T14:44:40.730+0000] GC(79)      Used:     2628M (64%)        3326M (81%)        1294M (32%)        1290M (31%)        3342M (82%)        1288M (31%)    
[2025-08-01T14:44:40.730+0000] GC(79)      Live:         -               517M (13%)         517M (13%)         517M (13%)            -                  -          
[2025-08-01T14:44:40.730+0000] GC(79) Allocated:         -               698M (17%)         734M (18%)         738M (18%)            -                  -          
[2025-08-01T14:44:40.730+0000] GC(79)   Garbage:         -              2110M (52%)          42M (1%)           34M (1%)             -                  -          
[2025-08-01T14:44:40.730+0000] GC(79) Reclaimed:         -                  -              2068M (50%)        2076M (51%)            -                  -          
[2025-08-01T14:44:40.730+0000] GC(79) Garbage Collection (Allocation Rate) 2628M(64%)->1290M(31%)
[2025-08-01T14:44:40.996+0000] GC(80) Heap before GC invocations=80 (full 80):
[2025-08-01T14:44:40.996+0000] GC(80)  ZHeap           used 2652M, capacity 4096M, max capacity 4096M
[2025-08-01T14:44:40.996+0000] GC(80)  Metaspace       used 10643K, committed 10880K, reserved 1114112K
[2025-08-01T14:44:40.996+0000] GC(80)   class space    used 1265K, committed 1344K, reserved 1048576K
[2025-08-01T14:44:40.996+0000] GC(80) Garbage Collection (Allocation Rate)
[2025-08-01T14:44:40.996+0000] GC(80) Using 2 workers
[2025-08-01T14:44:40.996+0000] GC(80) Pause Mark Start 0.007ms
[2025-08-01T14:44:41.138+0000] GC(80) Concurrent Mark 141.300ms
[2025-08-01T14:44:41.138+0000] GC(80) Pause Mark End 0.020ms
[2025-08-01T14:44:41.138+0000] GC(80) Concurrent Mark Free 0.002ms
[2025-08-01T14:44:41.142+0000] GC(80) Concurrent Process Non-Strong References 3.826ms
[2025-08-01T14:44:41.142+0000] GC(80) Concurrent Reset Relocation Set 0.002ms
[2025-08-01T14:44:41.146+0000] GC(80) Concurrent Select Relocation Set 3.742ms
[2025-08-01T14:44:41.146+0000] GC(80) Pause Relocate Start 0.017ms
[2025-08-01T14:44:41.150+0000] GC(80) Concurrent Relocate 3.097ms
[2025-08-01T14:44:41.150+0000] GC(80) Heap after GC invocations=81 (full 81):
[2025-08-01T14:44:41.150+0000] GC(80)  ZHeap           used 1440M, capacity 4096M, max capacity 4096M
[2025-08-01T14:44:41.150+0000] GC(80)  Metaspace       used 10643K, committed 10880K, reserved 1114112K
[2025-08-01T14:44:41.150+0000] GC(80)   class space    used 1265K, committed 1344K, reserved 1048576K
[2025-08-01T14:44:41.150+0000] GC(80) Load: 1.22/0.39/0.19
[2025-08-01T14:44:41.150+0000] GC(80) MMU: 2ms/90.0%, 5ms/96.0%, 10ms/97.9%, 20ms/98.9%, 50ms/99.6%, 100ms/99.8%
[2025-08-01T14:44:41.150+0000] GC(80) Mark: 2 stripe(s), 2 proactive flush(es), 1 terminate flush(es), 0 completion(s), 0 continuation(s) 
[2025-08-01T14:44:41.150+0000] GC(80) Mark Stack Usage: 32M
[2025-08-01T14:44:41.150+0000] GC(80) NMethods: 1414 registered, 176 unregistered
[2025-08-01T14:44:41.150+0000] GC(80) Metaspace: 10M used, 10M committed, 1088M reserved
[2025-08-01T14:44:41.150+0000] GC(80) Soft: 228 encountered, 0 discovered, 0 enqueued
[2025-08-01T14:44:41.150+0000] GC(80) Weak: 934 encountered, 722 discovered, 0 enqueued
[2025-08-01T14:44:41.150+0000] GC(80) Final: 0 encountered, 0 discovered, 0 enqueued
[2025-08-01T14:44:41.150+0000] GC(80) Phantom: 3 encountered, 1 discovered, 0 enqueued
[2025-08-01T14:44:41.150+0000] GC(80) Small Pages: 1310 / 2620M, Empty: 1974M, Relocated: 6M, In-Place: 0
[2025-08-01T14:44:41.150+0000] GC(80) Medium Pages: 1 / 32M, Empty: 0M, Relocated: 0M, In-Place: 0
[2025-08-01T14:44:41.150+0000] GC(80) Large Pages: 0 / 0M, Empty: 0M, Relocated: 0M, In-Place: 0
[2025-08-01T14:44:41.150+0000] GC(80) Forwarding Usage: 0M
[2025-08-01T14:44:41.150+0000] GC(80) Min Capacity: 4096M(100%)
[2025-08-01T14:44:41.150+0000] GC(80) Max Capacity: 4096M(100%)
[2025-08-01T14:44:41.150+0000] GC(80) Soft Max Capacity: 4096M(100%)
[2025-08-01T14:44:41.150+0000] GC(80)                Mark Start          Mark End        Relocate Start      Relocate End           High               Low         
[2025-08-01T14:44:41.150+0000] GC(80)  Capacity:     4096M (100%)       4096M (100%)       4096M (100%)       4096M (100%)       4096M (100%)       4096M (100%)   
[2025-08-01T14:44:41.150+0000] GC(80)      Free:     1444M (35%)         738M (18%)        2662M (65%)        2658M (65%)        2666M (65%)         718M (18%)    
[2025-08-01T14:44:41.150+0000] GC(80)      Used:     2652M (65%)        3358M (82%)        1434M (35%)        1438M (35%)        3378M (82%)        1430M (35%)    
[2025-08-01T14:44:41.150+0000] GC(80)      Live:         -               624M (15%)         624M (15%)         624M (15%)            -                  -          
[2025-08-01T14:44:41.150+0000] GC(80) Allocated:         -               706M (17%)         756M (18%)         778M (19%)            -                  -          
[2025-08-01T14:44:41.150+0000] GC(80)   Garbage:         -              2027M (49%)          53M (1%)           35M (1%)             -                  -          
[2025-08-01T14:44:41.150+0000] GC(80) Reclaimed:         -                  -              1974M (48%)        1992M (49%)            -                  -          
[2025-08-01T14:44:41.150+0000] GC(80) Garbage Collection (Allocation Rate) 2652M(65%)->1438M(35%)
[2025-08-01T14:44:41.393+0000] GC(81) Heap before GC invocations=81 (full 81):
[2025-08-01T14:44:41.393+0000] GC(81)  ZHeap           used 2694M, capacity 4096M, max capacity 4096M
[2025-08-01T14:44:41.393+0000] GC(81)  Metaspace       used 10643K, committed 10880K, reserved 1114112K
[2025-08-01T14:44:41.393+0000] GC(81)   class space    used 1265K, committed 1344K, reserved 1048576K
[2025-08-01T14:44:41.393+0000] GC(81) Garbage Collection (Allocation Rate)
[2025-08-01T14:44:41.393+0000] GC(81) Using 2 workers
[2025-08-01T14:44:41.394+0000] GC(81) Pause Mark Start 0.014ms
[2025-08-01T14:44:41.581+0000] GC(81) Concurrent Mark 187.618ms
[2025-08-01T14:44:41.582+0000] GC(81) Pause Mark End 0.021ms
[2025-08-01T14:44:41.582+0000] GC(81) Concurrent Mark Free 0.002ms
[2025-08-01T14:44:41.588+0000] GC(81) Concurrent Process Non-Strong References 5.918ms
[2025-08-01T14:44:41.588+0000] GC(81) Concurrent Reset Relocation Set 0.003ms
[2025-08-01T14:44:41.593+0000] GC(81) Concurrent Select Relocation Set 4.653ms
[2025-08-01T14:44:41.593+0000] GC(81) Pause Relocate Start 0.020ms
[2025-08-01T14:44:41.596+0000] GC(81) Concurrent Relocate 2.154ms
[2025-08-01T14:44:41.596+0000] GC(81) Heap after GC invocations=82 (full 82):
[2025-08-01T14:44:41.596+0000] GC(81)  ZHeap           used 1560M, capacity 4096M, max capacity 4096M
[2025-08-01T14:44:41.596+0000] GC(81)  Metaspace       used 10643K, committed 10880K, reserved 1114112K
[2025-08-01T14:44:41.596+0000] GC(81)   class space    used 1265K, committed 1344K, reserved 1048576K
[2025-08-01T14:44:41.596+0000] GC(81) Load: 1.44/0.45/0.21
[2025-08-01T14:44:41.596+0000] GC(81) MMU: 2ms/90.0%, 5ms/96.0%, 10ms/97.9%, 20ms/98.9%, 50ms/99.6%, 100ms/99.8%
[2025-08-01T14:44:41.596+0000] GC(81) Mark: 2 stripe(s), 2 proactive flush(es), 1 terminate flush(es), 0 completion(s), 0 continuation(s) 
[2025-08-01T14:44:41.596+0000] GC(81) Mark Stack Usage: 32M
[2025-08-01T14:44:41.596+0000] GC(81) NMethods: 1414 registered, 176 unregistered
[2025-08-01T14:44:41.596+0000] GC(81) Metaspace: 10M used, 10M committed, 1088M reserved
[2025-08-01T14:44:41.596+0000] GC(81) Soft: 228 encountered, 0 discovered, 0 enqueued
[2025-08-01T14:44:41.596+0000] GC(81) Weak: 934 encountered, 681 discovered, 0 enqueued
[2025-08-01T14:44:41.596+0000] GC(81) Final: 0 encountered, 0 discovered, 0 enqueued
[2025-08-01T14:44:41.596+0000] GC(81) Phantom: 3 encountered, 1 discovered, 0 enqueued
[2025-08-01T14:44:41.596+0000] GC(81) Small Pages: 1332 / 2664M, Empty: 2050M, Relocated: 4M, In-Place: 0
[2025-08-01T14:44:41.596+0000] GC(81) Medium Pages: 1 / 32M, Empty: 0M, Relocated: 0M, In-Place: 0
[2025-08-01T14:44:41.596+0000] GC(81) Large Pages: 0 / 0M, Empty: 0M, Relocated: 0M, In-Place: 0
[2025-08-01T14:44:41.596+0000] GC(81) Forwarding Usage: 0M
[2025-08-01T14:44:41.596+0000] GC(81) Min Capacity: 4096M(100%)
[2025-08-01T14:44:41.596+0000] GC(81) Max Capacity: 4096M(100%)
[2025-08-01T14:44:41.596+0000] GC(81) Soft Max Capacity: 4096M(100%)
[2025-08-01T14:44:41.596+0000] GC(81)                Mark Start          Mark End        Relocate Start      Relocate End           High               Low         
[2025-08-01T14:44:41.596+0000] GC(81)  Capacity:     4096M (100%)       4096M (100%)       4096M (100%)       4096M (100%)       4096M (100%)       4096M (100%)   
[2025-08-01T14:44:41.596+0000] GC(81)      Free:     1400M (34%)         534M (13%)        2532M (62%)        2536M (62%)        2554M (62%)         506M (12%)    
[2025-08-01T14:44:41.596+0000] GC(81)      Used:     2696M (66%)        3562M (87%)        1564M (38%)        1560M (38%)        3590M (88%)        1542M (38%)    
[2025-08-01T14:44:41.596+0000] GC(81)      Live:         -               597M (15%)         597M (15%)         597M (15%)            -                  -          
[2025-08-01T14:44:41.596+0000] GC(81) Allocated:         -               866M (21%)         918M (22%)         926M (23%)            -                  -          
[2025-08-01T14:44:41.596+0000] GC(81)   Garbage:         -              2098M (51%)          48M (1%)           36M (1%)             -                  -          
[2025-08-01T14:44:41.596+0000] GC(81) Reclaimed:         -                  -              2050M (50%)        2062M (50%)            -                  -          
[2025-08-01T14:44:41.596+0000] GC(81) Garbage Collection (Allocation Rate) 2696M(66%)->1560M(38%)
[2025-08-01T14:44:41.793+0000] GC(82) Heap before GC invocations=82 (full 82):
[2025-08-01T14:44:41.793+0000] GC(82)  ZHeap           used 2534M, capacity 4096M, max capacity 4096M
[2025-08-01T14:44:41.793+0000] GC(82)  Metaspace       used 10643K, committed 10880K, reserved 1114112K
[2025-08-01T14:44:41.793+0000] GC(82)   class space    used 1265K, committed 1344K, reserved 1048576K
[2025-08-01T14:44:41.793+0000] GC(82) Garbage Collection (Allocation Rate)
[2025-08-01T14:44:41.793+0000] GC(82) Using 2 workers
[2025-08-01T14:44:41.794+0000] GC(82) Pause Mark Start 0.015ms
[2025-08-01T14:44:41.893+0000] GC(82) Concurrent Mark 98.895ms
[2025-08-01T14:44:41.894+0000] GC(82) Pause Mark End 0.021ms
[2025-08-01T14:44:41.894+0000] GC(82) Concurrent Mark Free 0.003ms
[2025-08-01T14:44:41.898+0000] GC(82) Concurrent Process Non-Strong References 3.415ms
[2025-08-01T14:44:41.898+0000] GC(82) Concurrent Reset Relocation Set 0.003ms
[2025-08-01T14:44:41.901+0000] GC(82) Concurrent Select Relocation Set 3.420ms
[2025-08-01T14:44:41.902+0000] GC(82) Pause Relocate Start 0.014ms
[2025-08-01T14:44:41.907+0000] GC(82) Concurrent Relocate 4.828ms
[2025-08-01T14:44:41.907+0000] GC(82) Heap after GC invocations=83 (full 83):
[2025-08-01T14:44:41.907+0000] GC(82)  ZHeap           used 1038M, capacity 4096M, max capacity 4096M
[2025-08-01T14:44:41.907+0000] GC(82)  Metaspace       used 10643K, committed 10880K, reserved 1114112K
[2025-08-01T14:44:41.907+0000] GC(82)   class space    used 1265K, committed 1344K, reserved 1048576K
[2025-08-01T14:44:41.907+0000] GC(82) Load: 1.44/0.45/0.21
[2025-08-01T14:44:41.907+0000] GC(82) MMU: 2ms/90.0%, 5ms/96.0%, 10ms/97.9%, 20ms/98.9%, 50ms/99.6%, 100ms/99.8%
[2025-08-01T14:44:41.907+0000] GC(82) Mark: 2 stripe(s), 3 proactive flush(es), 1 terminate flush(es), 0 completion(s), 0 continuation(s) 
[2025-08-01T14:44:41.907+0000] GC(82) Mark Stack Usage: 32M
[2025-08-01T14:44:41.907+0000] GC(82) NMethods: 1414 registered, 176 unregistered
[2025-08-01T14:44:41.907+0000] GC(82) Metaspace: 10M used, 10M committed, 1088M reserved
[2025-08-01T14:44:41.907+0000] GC(82) Soft: 228 encountered, 0 discovered, 0 enqueued
[2025-08-01T14:44:41.907+0000] GC(82) Weak: 934 encountered, 681 discovered, 0 enqueued
[2025-08-01T14:44:41.907+0000] GC(82) Final: 0 encountered, 0 discovered, 0 enqueued
[2025-08-01T14:44:41.907+0000] GC(82) Phantom: 3 encountered, 1 discovered, 0 enqueued
[2025-08-01T14:44:41.907+0000] GC(82) Small Pages: 1254 / 2508M, Empty: 2074M, Relocated: 13M, In-Place: 0
[2025-08-01T14:44:41.907+0000] GC(82) Medium Pages: 1 / 32M, Empty: 0M, Relocated: 0M, In-Place: 0
[2025-08-01T14:44:41.907+0000] GC(82) Large Pages: 0 / 0M, Empty: 0M, Relocated: 0M, In-Place: 0
[2025-08-01T14:44:41.907+0000] GC(82) Forwarding Usage: 0M
[2025-08-01T14:44:41.907+0000] GC(82) Min Capacity: 4096M(100%)
[2025-08-01T14:44:41.907+0000] GC(82) Max Capacity: 4096M(100%)
[2025-08-01T14:44:41.907+0000] GC(82) Soft Max Capacity: 4096M(100%)
[2025-08-01T14:44:41.907+0000] GC(82)                Mark Start          Mark End        Relocate Start      Relocate End           High               Low         
[2025-08-01T14:44:41.907+0000] GC(82)  Capacity:     4096M (100%)       4096M (100%)       4096M (100%)       4096M (100%)       4096M (100%)       4096M (100%)   
[2025-08-01T14:44:41.907+0000] GC(82)      Free:     1556M (38%)        1016M (25%)        3056M (75%)        3060M (75%)        3066M (75%)        1000M (24%)    
[2025-08-01T14:44:41.907+0000] GC(82)      Used:     2540M (62%)        3080M (75%)        1040M (25%)        1036M (25%)        3096M (76%)        1030M (25%)    
[2025-08-01T14:44:41.907+0000] GC(82)      Live:         -               408M (10%)         408M (10%)         408M (10%)            -                  -          
[2025-08-01T14:44:41.907+0000] GC(82) Allocated:         -               540M (13%)         574M (14%)         594M (15%)            -                  -          
[2025-08-01T14:44:41.907+0000] GC(82)   Garbage:         -              2131M (52%)          57M (1%)           33M (1%)             -                  -          
[2025-08-01T14:44:41.907+0000] GC(82) Reclaimed:         -                  -              2074M (51%)        2098M (51%)            -                  -          
[2025-08-01T14:44:41.908+0000] GC(82) Garbage Collection (Allocation Rate) 2540M(62%)->1036M(25%)
[2025-08-01T14:44:42.192+0000] GC(83) Heap before GC invocations=83 (full 83):
[2025-08-01T14:44:42.192+0000] GC(83)  ZHeap           used 2554M, capacity 4096M, max capacity 4096M
[2025-08-01T14:44:42.192+0000] GC(83)  Metaspace       used 10643K, committed 10880K, reserved 1114112K
[2025-08-01T14:44:42.193+0000] GC(83)   class space    used 1265K, committed 1344K, reserved 1048576K
[2025-08-01T14:44:42.193+0000] GC(83) Garbage Collection (Allocation Rate)
[2025-08-01T14:44:42.193+0000] GC(83) Using 2 workers
[2025-08-01T14:44:42.193+0000] GC(83) Pause Mark Start 0.009ms
[2025-08-01T14:44:42.310+0000] GC(83) Concurrent Mark 117.355ms
[2025-08-01T14:44:42.311+0000] GC(83) Pause Mark End 0.018ms
[2025-08-01T14:44:42.311+0000] GC(83) Concurrent Mark Free 0.002ms
[2025-08-01T14:44:42.314+0000] GC(83) Concurrent Process Non-Strong References 3.120ms
[2025-08-01T14:44:42.314+0000] GC(83) Concurrent Reset Relocation Set 0.004ms
[2025-08-01T14:44:42.318+0000] GC(83) Concurrent Select Relocation Set 3.877ms
[2025-08-01T14:44:42.318+0000] GC(83) Pause Relocate Start 0.015ms
[2025-08-01T14:44:42.321+0000] GC(83) Concurrent Relocate 3.053ms
[2025-08-01T14:44:42.322+0000] GC(83) Heap after GC invocations=84 (full 84):
[2025-08-01T14:44:42.322+0000] GC(83)  ZHeap           used 1158M, capacity 4096M, max capacity 4096M
[2025-08-01T14:44:42.322+0000] GC(83)  Metaspace       used 10643K, committed 10880K, reserved 1114112K
[2025-08-01T14:44:42.322+0000] GC(83)   class space    used 1265K, committed 1344K, reserved 1048576K
[2025-08-01T14:44:42.322+0000] GC(83) Load: 1.44/0.45/0.21
[2025-08-01T14:44:42.322+0000] GC(83) MMU: 2ms/90.0%, 5ms/96.0%, 10ms/97.9%, 20ms/98.9%, 50ms/99.6%, 100ms/99.8%
[2025-08-01T14:44:42.322+0000] GC(83) Mark: 2 stripe(s), 3 proactive flush(es), 1 terminate flush(es), 0 completion(s), 0 continuation(s) 
[2025-08-01T14:44:42.322+0000] GC(83) Mark Stack Usage: 32M
[2025-08-01T14:44:42.322+0000] GC(83) NMethods: 1414 registered, 176 unregistered
[2025-08-01T14:44:42.322+0000] GC(83) Metaspace: 10M used, 10M committed, 1088M reserved
[2025-08-01T14:44:42.322+0000] GC(83) Soft: 228 encountered, 0 discovered, 0 enqueued
[2025-08-01T14:44:42.322+0000] GC(83) Weak: 934 encountered, 693 discovered, 0 enqueued
[2025-08-01T14:44:42.322+0000] GC(83) Final: 0 encountered, 0 discovered, 0 enqueued
[2025-08-01T14:44:42.322+0000] GC(83) Phantom: 3 encountered, 2 discovered, 0 enqueued
[2025-08-01T14:44:42.322+0000] GC(83) Small Pages: 1262 / 2524M, Empty: 1992M, Relocated: 8M, In-Place: 0
[2025-08-01T14:44:42.322+0000] GC(83) Medium Pages: 1 / 32M, Empty: 0M, Relocated: 0M, In-Place: 0
[2025-08-01T14:44:42.322+0000] GC(83) Large Pages: 0 / 0M, Empty: 0M, Relocated: 0M, In-Place: 0
[2025-08-01T14:44:42.322+0000] GC(83) Forwarding Usage: 0M
[2025-08-01T14:44:42.322+0000] GC(83) Min Capacity: 4096M(100%)
[2025-08-01T14:44:42.322+0000] GC(83) Max Capacity: 4096M(100%)
[2025-08-01T14:44:42.322+0000] GC(83) Soft Max Capacity: 4096M(100%)
[2025-08-01T14:44:42.322+0000] GC(83)                Mark Start          Mark End        Relocate Start      Relocate End           High               Low         
[2025-08-01T14:44:42.322+0000] GC(83)  Capacity:     4096M (100%)       4096M (100%)       4096M (100%)       4096M (100%)       4096M (100%)       4096M (100%)   
[2025-08-01T14:44:42.322+0000] GC(83)      Free:     1540M (38%)         974M (24%)        2932M (72%)        2938M (72%)        2944M (72%)         958M (23%)    
[2025-08-01T14:44:42.322+0000] GC(83)      Used:     2556M (62%)        3122M (76%)        1164M (28%)        1158M (28%)        3138M (77%)        1152M (28%)    
[2025-08-01T14:44:42.322+0000] GC(83)      Live:         -               510M (12%)         510M (12%)         510M (12%)            -                  -          
[2025-08-01T14:44:42.322+0000] GC(83) Allocated:         -               566M (14%)         600M (15%)         612M (15%)            -                  -          
[2025-08-01T14:44:42.322+0000] GC(83)   Garbage:         -              2045M (50%)          53M (1%)           35M (1%)             -                  -          
[2025-08-01T14:44:42.322+0000] GC(83) Reclaimed:         -                  -              1992M (49%)        2010M (49%)            -                  -          
[2025-08-01T14:44:42.322+0000] GC(83) Garbage Collection (Allocation Rate) 2556M(62%)->1158M(28%)
[2025-08-01T14:44:42.594+0000] GC(84) Heap before GC invocations=84 (full 84):
[2025-08-01T14:44:42.594+0000] GC(84)  ZHeap           used 2616M, capacity 4096M, max capacity 4096M
[2025-08-01T14:44:42.594+0000] GC(84)  Metaspace       used 10643K, committed 10880K, reserved 1114112K
[2025-08-01T14:44:42.594+0000] GC(84)   class space    used 1265K, committed 1344K, reserved 1048576K
[2025-08-01T14:44:42.594+0000] GC(84) Garbage Collection (Allocation Rate)
[2025-08-01T14:44:42.594+0000] GC(84) Using 2 workers
[2025-08-01T14:44:42.595+0000] GC(84) Pause Mark Start 0.010ms
[2025-08-01T14:44:42.698+0000] GC(84) Concurrent Mark 103.194ms
[2025-08-01T14:44:42.698+0000] GC(84) Pause Mark End 0.017ms
[2025-08-01T14:44:42.699+0000] GC(84) Concurrent Mark Free 0.002ms
[2025-08-01T14:44:42.702+0000] GC(84) Concurrent Process Non-Strong References 3.431ms
[2025-08-01T14:44:42.702+0000] GC(84) Concurrent Reset Relocation Set 0.002ms
[2025-08-01T14:44:42.705+0000] GC(84) Concurrent Select Relocation Set 2.650ms
[2025-08-01T14:44:42.705+0000] GC(84) Pause Relocate Start 0.014ms
[2025-08-01T14:44:42.707+0000] GC(84) Concurrent Relocate 1.288ms
[2025-08-01T14:44:42.707+0000] GC(84) Heap after GC invocations=85 (full 85):
[2025-08-01T14:44:42.707+0000] GC(84)  ZHeap           used 922M, capacity 4096M, max capacity 4096M
[2025-08-01T14:44:42.707+0000] GC(84)  Metaspace       used 10643K, committed 10880K, reserved 1114112K
[2025-08-01T14:44:42.707+0000] GC(84)   class space    used 1265K, committed 1344K, reserved 1048576K
[2025-08-01T14:44:42.707+0000] GC(84) Load: 1.44/0.45/0.21
[2025-08-01T14:44:42.707+0000] GC(84) MMU: 2ms/90.0%, 5ms/96.0%, 10ms/97.9%, 20ms/98.9%, 50ms/99.6%, 100ms/99.8%
[2025-08-01T14:44:42.707+0000] GC(84) Mark: 2 stripe(s), 2 proactive flush(es), 1 terminate flush(es), 0 completion(s), 0 continuation(s) 
[2025-08-01T14:44:42.707+0000] GC(84) Mark Stack Usage: 32M
[2025-08-01T14:44:42.707+0000] GC(84) NMethods: 1414 registered, 176 unregistered
[2025-08-01T14:44:42.707+0000] GC(84) Metaspace: 10M used, 10M committed, 1088M reserved
[2025-08-01T14:44:42.707+0000] GC(84) Soft: 228 encountered, 0 discovered, 0 enqueued
[2025-08-01T14:44:42.707+0000] GC(84) Weak: 934 encountered, 702 discovered, 0 enqueued
[2025-08-01T14:44:42.707+0000] GC(84) Final: 0 encountered, 0 discovered, 0 enqueued
[2025-08-01T14:44:42.707+0000] GC(84) Phantom: 3 encountered, 1 discovered, 0 enqueued
[2025-08-01T14:44:42.707+0000] GC(84) Small Pages: 1292 / 2584M, Empty: 2188M, Relocated: 2M, In-Place: 0
[2025-08-01T14:44:42.707+0000] GC(84) Medium Pages: 1 / 32M, Empty: 0M, Relocated: 0M, In-Place: 0
[2025-08-01T14:44:42.707+0000] GC(84) Large Pages: 0 / 0M, Empty: 0M, Relocated: 0M, In-Place: 0
[2025-08-01T14:44:42.707+0000] GC(84) Forwarding Usage: 0M
[2025-08-01T14:44:42.707+0000] GC(84) Min Capacity: 4096M(100%)
[2025-08-01T14:44:42.707+0000] GC(84) Max Capacity: 4096M(100%)
[2025-08-01T14:44:42.707+0000] GC(84) Soft Max Capacity: 4096M(100%)
[2025-08-01T14:44:42.707+0000] GC(84)                Mark Start          Mark End        Relocate Start      Relocate End           High               Low         
[2025-08-01T14:44:42.707+0000] GC(84)  Capacity:     4096M (100%)       4096M (100%)       4096M (100%)       4096M (100%)       4096M (100%)       4096M (100%)   
[2025-08-01T14:44:42.707+0000] GC(84)      Free:     1480M (36%)        1024M (25%)        3172M (77%)        3174M (77%)        3176M (78%)        1000M (24%)    
[2025-08-01T14:44:42.707+0000] GC(84)      Used:     2616M (64%)        3072M (75%)         924M (23%)         922M (23%)        3096M (76%)         920M (22%)    
[2025-08-01T14:44:42.707+0000] GC(84)      Live:         -               387M (9%)          387M (9%)          387M (9%)             -                  -          
[2025-08-01T14:44:42.707+0000] GC(84) Allocated:         -               456M (11%)         496M (12%)         502M (12%)            -                  -          
[2025-08-01T14:44:42.707+0000] GC(84)   Garbage:         -              2228M (54%)          40M (1%)           32M (1%)             -                  -          
[2025-08-01T14:44:42.707+0000] GC(84) Reclaimed:         -                  -              2188M (53%)        2196M (54%)            -                  -          
[2025-08-01T14:44:42.707+0000] GC(84) Garbage Collection (Allocation Rate) 2616M(64%)->922M(23%)
[2025-08-01T14:44:43.094+0000] GC(85) Heap before GC invocations=85 (full 85):
[2025-08-01T14:44:43.094+0000] GC(85)  ZHeap           used 2910M, capacity 4096M, max capacity 4096M
[2025-08-01T14:44:43.094+0000] GC(85)  Metaspace       used 10643K, committed 10880K, reserved 1114112K
[2025-08-01T14:44:43.094+0000] GC(85)   class space    used 1265K, committed 1344K, reserved 1048576K
[2025-08-01T14:44:43.094+0000] GC(85) Garbage Collection (Allocation Rate)
[2025-08-01T14:44:43.094+0000] GC(85) Using 2 workers
[2025-08-01T14:44:43.095+0000] GC(85) Pause Mark Start 0.009ms
[2025-08-01T14:44:43.234+0000] GC(85) Concurrent Mark 139.271ms
[2025-08-01T14:44:43.235+0000] GC(85) Pause Mark End 0.021ms
[2025-08-01T14:44:43.236+0000] GC(85) Concurrent Mark Free 0.002ms
[2025-08-01T14:44:43.239+0000] GC(85) Concurrent Process Non-Strong References 3.464ms
[2025-08-01T14:44:43.239+0000] GC(85) Concurrent Reset Relocation Set 0.002ms
[2025-08-01T14:44:43.243+0000] GC(85) Concurrent Select Relocation Set 4.012ms
[2025-08-01T14:44:43.244+0000] GC(85) Pause Relocate Start 0.010ms
[2025-08-01T14:44:43.246+0000] GC(85) Concurrent Relocate 2.135ms
[2025-08-01T14:44:43.246+0000] GC(85) Heap after GC invocations=86 (full 86):
[2025-08-01T14:44:43.246+0000] GC(85)  ZHeap           used 1324M, capacity 4096M, max capacity 4096M
[2025-08-01T14:44:43.246+0000] GC(85)  Metaspace       used 10643K, committed 10880K, reserved 1114112K
[2025-08-01T14:44:43.246+0000] GC(85)   class space    used 1265K, committed 1344K, reserved 1048576K
[2025-08-01T14:44:43.246+0000] GC(85) Load: 1.44/0.45/0.21
[2025-08-01T14:44:43.246+0000] GC(85) MMU: 2ms/90.0%, 5ms/96.0%, 10ms/97.9%, 20ms/98.9%, 50ms/99.6%, 100ms/99.8%
[2025-08-01T14:44:43.246+0000] GC(85) Mark: 2 stripe(s), 2 proactive flush(es), 1 terminate flush(es), 0 completion(s), 0 continuation(s) 
[2025-08-01T14:44:43.246+0000] GC(85) Mark Stack Usage: 32M
[2025-08-01T14:44:43.246+0000] GC(85) NMethods: 1414 registered, 176 unregistered
[2025-08-01T14:44:43.246+0000] GC(85) Metaspace: 10M used, 10M committed, 1088M reserved
[2025-08-01T14:44:43.246+0000] GC(85) Soft: 228 encountered, 0 discovered, 0 enqueued
[2025-08-01T14:44:43.246+0000] GC(85) Weak: 934 encountered, 714 discovered, 0 enqueued
[2025-08-01T14:44:43.246+0000] GC(85) Final: 0 encountered, 0 discovered, 0 enqueued
[2025-08-01T14:44:43.246+0000] GC(85) Phantom: 3 encountered, 1 discovered, 0 enqueued
[2025-08-01T14:44:43.246+0000] GC(85) Small Pages: 1441 / 2882M, Empty: 2296M, Relocated: 5M, In-Place: 0
[2025-08-01T14:44:43.246+0000] GC(85) Medium Pages: 1 / 32M, Empty: 0M, Relocated: 0M, In-Place: 0
[2025-08-01T14:44:43.246+0000] GC(85) Large Pages: 0 / 0M, Empty: 0M, Relocated: 0M, In-Place: 0
[2025-08-01T14:44:43.246+0000] GC(85) Forwarding Usage: 0M
[2025-08-01T14:44:43.246+0000] GC(85) Min Capacity: 4096M(100%)
[2025-08-01T14:44:43.246+0000] GC(85) Max Capacity: 4096M(100%)
[2025-08-01T14:44:43.246+0000] GC(85) Soft Max Capacity: 4096M(100%)
[2025-08-01T14:44:43.246+0000] GC(85)                Mark Start          Mark End        Relocate Start      Relocate End           High               Low         
[2025-08-01T14:44:43.246+0000] GC(85)  Capacity:     4096M (100%)       4096M (100%)       4096M (100%)       4096M (100%)       4096M (100%)       4096M (100%)   
[2025-08-01T14:44:43.246+0000] GC(85)      Free:     1182M (29%)         516M (13%)        2782M (68%)        2776M (68%)        2784M (68%)         496M (12%)    
[2025-08-01T14:44:43.246+0000] GC(85)      Used:     2914M (71%)        3580M (87%)        1314M (32%)        1320M (32%)        3600M (88%)        1312M (32%)    
[2025-08-01T14:44:43.246+0000] GC(85)      Live:         -               574M (14%)         574M (14%)         574M (14%)            -                  -          
[2025-08-01T14:44:43.246+0000] GC(85) Allocated:         -               666M (16%)         696M (17%)         712M (17%)            -                  -          
[2025-08-01T14:44:43.246+0000] GC(85)   Garbage:         -              2339M (57%)          43M (1%)           33M (1%)             -                  -          
[2025-08-01T14:44:43.246+0000] GC(85) Reclaimed:         -                  -              2296M (56%)        2306M (56%)            -                  -          
[2025-08-01T14:44:43.246+0000] GC(85) Garbage Collection (Allocation Rate) 2914M(71%)->1320M(32%)
[2025-08-01T14:44:43.494+0000] GC(86) Heap before GC invocations=86 (full 86):
[2025-08-01T14:44:43.494+0000] GC(86)  ZHeap           used 2652M, capacity 4096M, max capacity 4096M
[2025-08-01T14:44:43.494+0000] GC(86)  Metaspace       used 10643K, committed 10880K, reserved 1114112K
[2025-08-01T14:44:43.494+0000] GC(86)   class space    used 1265K, committed 1344K, reserved 1048576K
[2025-08-01T14:44:43.494+0000] GC(86) Garbage Collection (Allocation Rate)
[2025-08-01T14:44:43.494+0000] GC(86) Using 2 workers
[2025-08-01T14:44:43.495+0000] GC(86) Pause Mark Start 0.009ms
[2025-08-01T14:44:43.657+0000] GC(86) Concurrent Mark 162.291ms
[2025-08-01T14:44:43.657+0000] GC(86) Pause Mark End 0.017ms
[2025-08-01T14:44:43.657+0000] GC(86) Concurrent Mark Free 0.003ms
[2025-08-01T14:44:43.661+0000] GC(86) Concurrent Process Non-Strong References 3.850ms
[2025-08-01T14:44:43.661+0000] GC(86) Concurrent Reset Relocation Set 0.004ms
[2025-08-01T14:44:43.666+0000] GC(86) Concurrent Select Relocation Set 4.214ms
[2025-08-01T14:44:43.666+0000] GC(86) Pause Relocate Start 0.009ms
[2025-08-01T14:44:43.669+0000] GC(86) Concurrent Relocate 3.102ms
[2025-08-01T14:44:43.669+0000] GC(86) Heap after GC invocations=87 (full 87):
[2025-08-01T14:44:43.669+0000] GC(86)  ZHeap           used 1572M, capacity 4096M, max capacity 4096M
[2025-08-01T14:44:43.669+0000] GC(86)  Metaspace       used 10643K, committed 10880K, reserved 1114112K
[2025-08-01T14:44:43.669+0000] GC(86)   class space    used 1265K, committed 1344K, reserved 1048576K
[2025-08-01T14:44:43.669+0000] GC(86) Load: 1.44/0.45/0.21
[2025-08-01T14:44:43.669+0000] GC(86) MMU: 2ms/90.0%, 5ms/96.0%, 10ms/97.9%, 20ms/98.9%, 50ms/99.6%, 100ms/99.8%
[2025-08-01T14:44:43.669+0000] GC(86) Mark: 2 stripe(s), 2 proactive flush(es), 1 terminate flush(es), 0 completion(s), 0 continuation(s) 
[2025-08-01T14:44:43.669+0000] GC(86) Mark Stack Usage: 32M
[2025-08-01T14:44:43.669+0000] GC(86) NMethods: 1414 registered, 176 unregistered
[2025-08-01T14:44:43.669+0000] GC(86) Metaspace: 10M used, 10M committed, 1088M reserved
[2025-08-01T14:44:43.669+0000] GC(86) Soft: 228 encountered, 0 discovered, 0 enqueued
[2025-08-01T14:44:43.669+0000] GC(86) Weak: 934 encountered, 722 discovered, 0 enqueued
[2025-08-01T14:44:43.669+0000] GC(86) Final: 0 encountered, 0 discovered, 0 enqueued
[2025-08-01T14:44:43.669+0000] GC(86) Phantom: 3 encountered, 1 discovered, 0 enqueued
[2025-08-01T14:44:43.669+0000] GC(86) Small Pages: 1312 / 2624M, Empty: 1894M, Relocated: 10M, In-Place: 0
[2025-08-01T14:44:43.669+0000] GC(86) Medium Pages: 1 / 32M, Empty: 0M, Relocated: 0M, In-Place: 0
[2025-08-01T14:44:43.669+0000] GC(86) Large Pages: 0 / 0M, Empty: 0M, Relocated: 0M, In-Place: 0
[2025-08-01T14:44:43.669+0000] GC(86) Forwarding Usage: 0M
[2025-08-01T14:44:43.669+0000] GC(86) Min Capacity: 4096M(100%)
[2025-08-01T14:44:43.669+0000] GC(86) Max Capacity: 4096M(100%)
[2025-08-01T14:44:43.669+0000] GC(86) Soft Max Capacity: 4096M(100%)
[2025-08-01T14:44:43.669+0000] GC(86)                Mark Start          Mark End        Relocate Start      Relocate End           High               Low         
[2025-08-01T14:44:43.669+0000] GC(86)  Capacity:     4096M (100%)       4096M (100%)       4096M (100%)       4096M (100%)       4096M (100%)       4096M (100%)   
[2025-08-01T14:44:43.669+0000] GC(86)      Free:     1440M (35%)         640M (16%)        2518M (61%)        2526M (62%)        2528M (62%)         630M (15%)    
[2025-08-01T14:44:43.669+0000] GC(86)      Used:     2656M (65%)        3456M (84%)        1578M (39%)        1570M (38%)        3466M (85%)        1568M (38%)    
[2025-08-01T14:44:43.670+0000] GC(86)      Live:         -               704M (17%)         704M (17%)         704M (17%)            -                  -          
[2025-08-01T14:44:43.670+0000] GC(86) Allocated:         -               800M (20%)         816M (20%)         830M (20%)            -                  -          
[2025-08-01T14:44:43.670+0000] GC(86)   Garbage:         -              1951M (48%)          57M (1%)           35M (1%)             -                  -          
[2025-08-01T14:44:43.670+0000] GC(86) Reclaimed:         -                  -              1894M (46%)        1916M (47%)            -                  -          
[2025-08-01T14:44:43.670+0000] GC(86) Garbage Collection (Allocation Rate) 2656M(65%)->1570M(38%)
[2025-08-01T14:44:43.693+0000] === Garbage Collection Statistics =======================================================================================================================
[2025-08-01T14:44:43.693+0000]                                                              Last 10s              Last 10m              Last 10h                Total
[2025-08-01T14:44:43.693+0000]                                                              Avg / Max             Avg / Max             Avg / Max             Avg / Max
[2025-08-01T14:44:43.693+0000]   Collector: Garbage Collection Cycle                    153.913 / 251.985     154.930 / 346.825     154.930 / 346.825     154.930 / 346.825     ms
[2025-08-01T14:44:43.693+0000]  Contention: Mark Segment Reset Contention                     0 / 1                 0 / 2                 0 / 2                 0 / 2           ops/s
[2025-08-01T14:44:43.693+0000]  Contention: Mark SeqNum Reset Contention                      0 / 0                 0 / 1                 0 / 1                 0 / 1           ops/s
[2025-08-01T14:44:43.693+0000]    Critical: Allocation Stall                                  0 / 0                 0 / 0                 0 / 0                 0 / 0           ops/s
[2025-08-01T14:44:43.693+0000]    Critical: Allocation Stall                              0.000 / 0.000         0.000 / 0.000         0.000 / 0.000         0.000 / 0.000       ms
[2025-08-01T14:44:43.693+0000]    Critical: GC Locker Stall                                   0 / 0                 0 / 0                 0 / 0                 0 / 0           ops/s
[2025-08-01T14:44:43.693+0000]    Critical: GC Locker Stall                               0.000 / 0.000         0.000 / 0.000         0.000 / 0.000         0.000 / 0.000       ms
[2025-08-01T14:44:43.693+0000]    Critical: Relocation Stall                                  0 / 0                 0 / 0                 0 / 0                 0 / 0           ops/s
[2025-08-01T14:44:43.693+0000]    Critical: Relocation Stall                              0.000 / 0.000         0.000 / 0.000         0.000 / 0.000         0.000 / 0.000       ms
[2025-08-01T14:44:43.693+0000]      Memory: Allocation Rate                                4759 / 5128           4266 / 5128           4266 / 5128           4266 / 5128        MB/s
[2025-08-01T14:44:43.693+0000]      Memory: Defragment                                        0 / 0                 0 / 0                 0 / 0                 0 / 0           ops/s
[2025-08-01T14:44:43.693+0000]      Memory: Out Of Memory                                     0 / 0                 0 / 0                 0 / 0                 0 / 0           ops/s
[2025-08-01T14:44:43.693+0000]      Memory: Page Cache Flush                                  0 / 0                 0 / 0                 0 / 0                 0 / 0           MB/s
[2025-08-01T14:44:43.693+0000]      Memory: Page Cache Hit L1                              2378 / 2578           2082 / 2578           2082 / 2578           2082 / 2578        ops/s
[2025-08-01T14:44:43.693+0000]      Memory: Page Cache Hit L2                                 0 / 0                 0 / 0                 0 / 0                 0 / 0           ops/s
[2025-08-01T14:44:43.694+0000]      Memory: Page Cache Hit L3                                10 / 101              51 / 551              51 / 551              51 / 551         ops/s
[2025-08-01T14:44:43.694+0000]      Memory: Page Cache Miss                                   0 / 0                 0 / 1                 0 / 1                 0 / 1           ops/s
[2025-08-01T14:44:43.694+0000]      Memory: Uncommit                                          0 / 0                 0 / 0                 0 / 0                 0 / 0           MB/s
[2025-08-01T14:44:43.694+0000]      Memory: Undo Object Allocation Failed                     0 / 0                 0 / 3                 0 / 3                 0 / 3           ops/s
[2025-08-01T14:44:43.694+0000]      Memory: Undo Object Allocation Succeeded                  0 / 0                 0 / 3                 0 / 3                 0 / 3           ops/s
[2025-08-01T14:44:43.694+0000]      Memory: Undo Page Allocation                              0 / 0                 0 / 1                 0 / 1                 0 / 1           ops/s
[2025-08-01T14:44:43.694+0000]       Phase: Concurrent Mark                             140.527 / 232.553     141.452 / 335.006     141.452 / 335.006     141.452 / 335.006     ms
[2025-08-01T14:44:43.694+0000]       Phase: Concurrent Mark Continue                      0.000 / 0.000         0.000 / 0.000         0.000 / 0.000         0.000 / 0.000       ms
[2025-08-01T14:44:43.694+0000]       Phase: Concurrent Mark Free                          0.002 / 0.003         0.002 / 0.005         0.002 / 0.005         0.002 / 0.005       ms
[2025-08-01T14:44:43.694+0000]       Phase: Concurrent Process Non-Strong References      4.027 / 7.574         3.876 / 11.932        3.876 / 11.932        3.876 / 11.932      ms
[2025-08-01T14:44:43.694+0000]       Phase: Concurrent Relocate                           2.926 / 10.255        3.061 / 16.307        3.061 / 16.307        3.061 / 16.307      ms
[2025-08-01T14:44:43.694+0000]       Phase: Concurrent Reset Relocation Set               0.003 / 0.004         0.002 / 0.004         0.002 / 0.004         0.002 / 0.004       ms
[2025-08-01T14:44:43.694+0000]       Phase: Concurrent Select Relocation Set              4.007 / 5.775         3.885 / 16.702        3.885 / 16.702        3.885 / 16.702      ms
[2025-08-01T14:44:43.694+0000]       Phase: Pause Mark End                                0.027 / 0.200         0.024 / 0.200         0.024 / 0.200         0.024 / 0.200       ms
[2025-08-01T14:44:43.694+0000]       Phase: Pause Mark Start                              0.014 / 0.067         0.015 / 0.074         0.015 / 0.074         0.015 / 0.074       ms
[2025-08-01T14:44:43.694+0000]       Phase: Pause Relocate Start                          0.013 / 0.020         0.013 / 0.075         0.013 / 0.075         0.013 / 0.075       ms
[2025-08-01T14:44:43.694+0000]    Subphase: Concurrent Classes Purge                      0.030 / 0.066         0.030 / 0.147         0.030 / 0.147         0.030 / 0.147       ms
[2025-08-01T14:44:43.694+0000]    Subphase: Concurrent Classes Unlink                     2.582 / 5.515         2.491 / 6.492         2.491 / 6.492         2.491 / 6.492       ms
[2025-08-01T14:44:43.694+0000]    Subphase: Concurrent Mark                             139.024 / 229.354     139.841 / 334.367     139.841 / 334.367     139.841 / 334.367     ms
[2025-08-01T14:44:43.694+0000]    Subphase: Concurrent Mark Try Flush                     0.599 / 7.713         0.524 / 7.713         0.524 / 7.713         0.524 / 7.713       ms
[2025-08-01T14:44:43.694+0000]    Subphase: Concurrent Mark Try Terminate                 0.909 / 2.461         0.891 / 2.630         0.891 / 2.630         0.891 / 2.630       ms
[2025-08-01T14:44:43.694+0000]    Subphase: Concurrent References Enqueue                 0.001 / 0.001         0.001 / 0.006         0.001 / 0.006         0.001 / 0.006       ms
[2025-08-01T14:44:43.694+0000]    Subphase: Concurrent References Process                 0.304 / 0.825         0.266 / 1.029         0.266 / 1.029         0.266 / 1.029       ms
[2025-08-01T14:44:43.694+0000]    Subphase: Concurrent Roots ClassLoaderDataGraph         0.121 / 0.722         0.149 / 1.286         0.149 / 1.286         0.149 / 1.286       ms
[2025-08-01T14:44:43.694+0000]    Subphase: Concurrent Roots CodeCache                    0.000 / 0.000         0.000 / 0.000         0.000 / 0.000         0.000 / 0.000       ms
[2025-08-01T14:44:43.694+0000]    Subphase: Concurrent Roots JavaThreads                  0.153 / 1.222         0.133 / 1.222         0.133 / 1.222         0.133 / 1.222       ms
[2025-08-01T14:44:43.694+0000]    Subphase: Concurrent Roots OopStorageSet                0.023 / 0.093         0.040 / 0.238         0.040 / 0.238         0.040 / 0.238       ms
[2025-08-01T14:44:43.694+0000]    Subphase: Concurrent Weak Roots OopStorageSet           0.193 / 0.385         0.256 / 2.271         0.256 / 2.271         0.256 / 2.271       ms
[2025-08-01T14:44:43.694+0000]    Subphase: Pause Mark Try Complete                       0.000 / 0.000         0.000 / 0.000         0.000 / 0.000         0.000 / 0.000       ms
[2025-08-01T14:44:43.694+0000]      System: Java Threads                                     14 / 14               14 / 14               14 / 14               14 / 14          threads
[2025-08-01T14:44:43.694+0000] =========================================================================================================================================================
[2025-08-01T14:44:43.894+0000] GC(87) Heap before GC invocations=87 (full 87):
[2025-08-01T14:44:43.894+0000] GC(87)  ZHeap           used 2742M, capacity 4096M, max capacity 4096M
[2025-08-01T14:44:43.894+0000] GC(87)  Metaspace       used 10643K, committed 10880K, reserved 1114112K
[2025-08-01T14:44:43.894+0000] GC(87)   class space    used 1265K, committed 1344K, reserved 1048576K
[2025-08-01T14:44:43.894+0000] GC(87) Garbage Collection (Allocation Rate)
[2025-08-01T14:44:43.894+0000] GC(87) Using 2 workers
[2025-08-01T14:44:43.895+0000] GC(87) Pause Mark Start 0.010ms
[2025-08-01T14:44:44.044+0000] GC(87) Concurrent Mark 149.039ms
[2025-08-01T14:44:44.044+0000] GC(87) Pause Mark End 0.012ms
[2025-08-01T14:44:44.044+0000] GC(87) Concurrent Mark Free 0.001ms
[2025-08-01T14:44:44.047+0000] GC(87) Concurrent Process Non-Strong References 2.732ms
[2025-08-01T14:44:44.047+0000] GC(87) Concurrent Reset Relocation Set 0.003ms
[2025-08-01T14:44:44.051+0000] GC(87) Concurrent Select Relocation Set 3.720ms
[2025-08-01T14:44:44.051+0000] GC(87) Pause Relocate Start 0.015ms
[2025-08-01T14:44:44.053+0000] GC(87) Concurrent Relocate 1.621ms
[2025-08-01T14:44:44.053+0000] GC(87) Heap after GC invocations=88 (full 88):
[2025-08-01T14:44:44.053+0000] GC(87)  ZHeap           used 1326M, capacity 4096M, max capacity 4096M
[2025-08-01T14:44:44.053+0000] GC(87)  Metaspace       used 10643K, committed 10880K, reserved 1114112K
[2025-08-01T14:44:44.053+0000] GC(87)   class space    used 1265K, committed 1344K, reserved 1048576K
[2025-08-01T14:44:44.053+0000] GC(87) Load: 1.44/0.45/0.21
[2025-08-01T14:44:44.053+0000] GC(87) MMU: 2ms/90.0%, 5ms/96.0%, 10ms/97.9%, 20ms/98.9%, 50ms/99.6%, 100ms/99.8%
[2025-08-01T14:44:44.053+0000] GC(87) Mark: 2 stripe(s), 2 proactive flush(es), 1 terminate flush(es), 0 completion(s), 0 continuation(s) 
[2025-08-01T14:44:44.053+0000] GC(87) Mark Stack Usage: 32M
[2025-08-01T14:44:44.053+0000] GC(87) NMethods: 1414 registered, 176 unregistered
[2025-08-01T14:44:44.053+0000] GC(87) Metaspace: 10M used, 10M committed, 1088M reserved
[2025-08-01T14:44:44.053+0000] GC(87) Soft: 228 encountered, 0 discovered, 0 enqueued
[2025-08-01T14:44:44.053+0000] GC(87) Weak: 934 encountered, 658 discovered, 0 enqueued
[2025-08-01T14:44:44.053+0000] GC(87) Final: 0 encountered, 0 discovered, 0 enqueued
[2025-08-01T14:44:44.053+0000] GC(87) Phantom: 3 encountered, 1 discovered, 0 enqueued
[2025-08-01T14:44:44.053+0000] GC(87) Small Pages: 1355 / 2710M, Empty: 2128M, Relocated: 3M, In-Place: 0
[2025-08-01T14:44:44.053+0000] GC(87) Medium Pages: 1 / 32M, Empty: 0M, Relocated: 0M, In-Place: 0
[2025-08-01T14:44:44.053+0000] GC(87) Large Pages: 0 / 0M, Empty: 0M, Relocated: 0M, In-Place: 0
[2025-08-01T14:44:44.053+0000] GC(87) Forwarding Usage: 0M
[2025-08-01T14:44:44.053+0000] GC(87) Min Capacity: 4096M(100%)
[2025-08-01T14:44:44.053+0000] GC(87) Max Capacity: 4096M(100%)
[2025-08-01T14:44:44.053+0000] GC(87) Soft Max Capacity: 4096M(100%)
[2025-08-01T14:44:44.053+0000] GC(87)                Mark Start          Mark End        Relocate Start      Relocate End           High               Low         
[2025-08-01T14:44:44.053+0000] GC(87)  Capacity:     4096M (100%)       4096M (100%)       4096M (100%)       4096M (100%)       4096M (100%)       4096M (100%)   
[2025-08-01T14:44:44.053+0000] GC(87)      Free:     1354M (33%)         676M (17%)        2768M (68%)        2770M (68%)        2774M (68%)         658M (16%)    
[2025-08-01T14:44:44.054+0000] GC(87)      Used:     2742M (67%)        3420M (83%)        1328M (32%)        1326M (32%)        3438M (84%)        1322M (32%)    
[2025-08-01T14:44:44.054+0000] GC(87)      Live:         -               570M (14%)         570M (14%)         570M (14%)            -                  -          
[2025-08-01T14:44:44.054+0000] GC(87) Allocated:         -               678M (17%)         714M (17%)         722M (18%)            -                  -          
[2025-08-01T14:44:44.054+0000] GC(87)   Garbage:         -              2171M (53%)          43M (1%)           33M (1%)             -                  -          
[2025-08-01T14:44:44.054+0000] GC(87) Reclaimed:         -                  -              2128M (52%)        2138M (52%)            -                  -          
[2025-08-01T14:44:44.054+0000] GC(87) Garbage Collection (Allocation Rate) 2742M(67%)->1326M(32%)
[2025-08-01T14:44:44.293+0000] GC(88) Heap before GC invocations=88 (full 88):
[2025-08-01T14:44:44.293+0000] GC(88)  ZHeap           used 2542M, capacity 4096M, max capacity 4096M
[2025-08-01T14:44:44.293+0000] GC(88)  Metaspace       used 10643K, committed 10880K, reserved 1114112K
[2025-08-01T14:44:44.293+0000] GC(88)   class space    used 1265K, committed 1344K, reserved 1048576K
[2025-08-01T14:44:44.293+0000] GC(88) Garbage Collection (Allocation Rate)
[2025-08-01T14:44:44.293+0000] GC(88) Using 2 workers
[2025-08-01T14:44:44.294+0000] GC(88) Pause Mark Start 0.013ms
[2025-08-01T14:44:44.412+0000] GC(88) Concurrent Mark 117.931ms
[2025-08-01T14:44:44.412+0000] GC(88) Pause Mark End 0.022ms
[2025-08-01T14:44:44.413+0000] GC(88) Concurrent Mark Free 0.002ms
[2025-08-01T14:44:44.416+0000] GC(88) Concurrent Process Non-Strong References 3.609ms
[2025-08-01T14:44:44.416+0000] GC(88) Concurrent Reset Relocation Set 0.003ms
[2025-08-01T14:44:44.420+0000] GC(88) Concurrent Select Relocation Set 3.930ms
[2025-08-01T14:44:44.421+0000] GC(88) Pause Relocate Start 0.013ms
[2025-08-01T14:44:44.423+0000] GC(88) Concurrent Relocate 1.862ms
[2025-08-01T14:44:44.423+0000] GC(88) Heap after GC invocations=89 (full 89):
[2025-08-01T14:44:44.423+0000] GC(88)  ZHeap           used 1122M, capacity 4096M, max capacity 4096M
[2025-08-01T14:44:44.423+0000] GC(88)  Metaspace       used 10643K, committed 10880K, reserved 1114112K
[2025-08-01T14:44:44.423+0000] GC(88)   class space    used 1265K, committed 1344K, reserved 1048576K
[2025-08-01T14:44:44.423+0000] GC(88) Load: 1.44/0.45/0.21
[2025-08-01T14:44:44.423+0000] GC(88) MMU: 2ms/90.0%, 5ms/96.0%, 10ms/97.9%, 20ms/98.9%, 50ms/99.6%, 100ms/99.8%
[2025-08-01T14:44:44.423+0000] GC(88) Mark: 2 stripe(s), 2 proactive flush(es), 1 terminate flush(es), 0 completion(s), 0 continuation(s) 
[2025-08-01T14:44:44.423+0000] GC(88) Mark Stack Usage: 32M
[2025-08-01T14:44:44.423+0000] GC(88) NMethods: 1414 registered, 176 unregistered
[2025-08-01T14:44:44.423+0000] GC(88) Metaspace: 10M used, 10M committed, 1088M reserved
[2025-08-01T14:44:44.423+0000] GC(88) Soft: 228 encountered, 0 discovered, 0 enqueued
[2025-08-01T14:44:44.423+0000] GC(88) Weak: 934 encountered, 704 discovered, 0 enqueued
[2025-08-01T14:44:44.423+0000] GC(88) Final: 0 encountered, 0 discovered, 0 enqueued
[2025-08-01T14:44:44.423+0000] GC(88) Phantom: 3 encountered, 1 discovered, 0 enqueued
[2025-08-01T14:44:44.423+0000] GC(88) Small Pages: 1255 / 2510M, Empty: 1998M, Relocated: 3M, In-Place: 0
[2025-08-01T14:44:44.423+0000] GC(88) Medium Pages: 1 / 32M, Empty: 0M, Relocated: 0M, In-Place: 0
[2025-08-01T14:44:44.423+0000] GC(88) Large Pages: 0 / 0M, Empty: 0M, Relocated: 0M, In-Place: 0
[2025-08-01T14:44:44.423+0000] GC(88) Forwarding Usage: 0M
[2025-08-01T14:44:44.423+0000] GC(88) Min Capacity: 4096M(100%)
[2025-08-01T14:44:44.423+0000] GC(88) Max Capacity: 4096M(100%)
[2025-08-01T14:44:44.423+0000] GC(88) Soft Max Capacity: 4096M(100%)
[2025-08-01T14:44:44.423+0000] GC(88)                Mark Start          Mark End        Relocate Start      Relocate End           High               Low         
[2025-08-01T14:44:44.423+0000] GC(88)  Capacity:     4096M (100%)       4096M (100%)       4096M (100%)       4096M (100%)       4096M (100%)       4096M (100%)   
[2025-08-01T14:44:44.423+0000] GC(88)      Free:     1554M (38%)        1062M (26%)        2984M (73%)        2976M (73%)        2986M (73%)        1032M (25%)    
[2025-08-01T14:44:44.423+0000] GC(88)      Used:     2542M (62%)        3034M (74%)        1112M (27%)        1120M (27%)        3064M (75%)        1110M (27%)    
[2025-08-01T14:44:44.423+0000] GC(88)      Live:         -               500M (12%)         500M (12%)         500M (12%)            -                  -          
[2025-08-01T14:44:44.423+0000] GC(88) Allocated:         -               492M (12%)         568M (14%)         586M (14%)            -                  -          
[2025-08-01T14:44:44.423+0000] GC(88)   Garbage:         -              2041M (50%)          43M (1%)           33M (1%)             -                  -          
[2025-08-01T14:44:44.423+0000] GC(88) Reclaimed:         -                  -              1998M (49%)        2008M (49%)            -                  -          
[2025-08-01T14:44:44.423+0000] GC(88) Garbage Collection (Allocation Rate) 2542M(62%)->1120M(27%)
[2025-08-01T14:44:44.794+0000] GC(89) Heap before GC invocations=89 (full 89):
[2025-08-01T14:44:44.794+0000] GC(89)  ZHeap           used 2834M, capacity 4096M, max capacity 4096M
[2025-08-01T14:44:44.794+0000] GC(89)  Metaspace       used 10643K, committed 10880K, reserved 1114112K
[2025-08-01T14:44:44.794+0000] GC(89)   class space    used 1265K, committed 1344K, reserved 1048576K
[2025-08-01T14:44:44.794+0000] GC(89) Garbage Collection (Allocation Rate)
[2025-08-01T14:44:44.794+0000] GC(89) Using 2 workers
[2025-08-01T14:44:44.794+0000] GC(89) Pause Mark Start 0.029ms
[2025-08-01T14:44:44.901+0000] GC(89) Concurrent Mark 106.802ms
[2025-08-01T14:44:44.901+0000] GC(89) Pause Mark End 0.019ms
[2025-08-01T14:44:44.901+0000] GC(89) Concurrent Mark Free 0.001ms
[2025-08-01T14:44:44.904+0000] GC(89) Concurrent Process Non-Strong References 2.723ms
[2025-08-01T14:44:44.904+0000] GC(89) Concurrent Reset Relocation Set 0.002ms
[2025-08-01T14:44:44.907+0000] GC(89) Concurrent Select Relocation Set 3.327ms
[2025-08-01T14:44:44.908+0000] GC(89) Pause Relocate Start 0.007ms
[2025-08-01T14:44:44.909+0000] GC(89) Concurrent Relocate 1.010ms
[2025-08-01T14:44:44.909+0000] GC(89) Heap after GC invocations=90 (full 90):
[2025-08-01T14:44:44.909+0000] GC(89)  ZHeap           used 644M, capacity 4096M, max capacity 4096M
[2025-08-01T14:44:44.909+0000] GC(89)  Metaspace       used 10643K, committed 10880K, reserved 1114112K
[2025-08-01T14:44:44.909+0000] GC(89)   class space    used 1265K, committed 1344K, reserved 1048576K
[2025-08-01T14:44:44.909+0000] GC(89) Load: 1.44/0.45/0.21
[2025-08-01T14:44:44.909+0000] GC(89) MMU: 2ms/90.0%, 5ms/96.0%, 10ms/97.9%, 20ms/98.9%, 50ms/99.6%, 100ms/99.8%
[2025-08-01T14:44:44.909+0000] GC(89) Mark: 2 stripe(s), 2 proactive flush(es), 1 terminate flush(es), 0 completion(s), 0 continuation(s) 
[2025-08-01T14:44:44.909+0000] GC(89) Mark Stack Usage: 32M
[2025-08-01T14:44:44.909+0000] GC(89) NMethods: 1414 registered, 176 unregistered
[2025-08-01T14:44:44.909+0000] GC(89) Metaspace: 10M used, 10M committed, 1088M reserved
[2025-08-01T14:44:44.909+0000] GC(89) Soft: 228 encountered, 0 discovered, 0 enqueued
[2025-08-01T14:44:44.909+0000] GC(89) Weak: 934 encountered, 701 discovered, 0 enqueued
[2025-08-01T14:44:44.909+0000] GC(89) Final: 0 encountered, 0 discovered, 0 enqueued
[2025-08-01T14:44:44.909+0000] GC(89) Phantom: 3 encountered, 1 discovered, 0 enqueued
[2025-08-01T14:44:44.909+0000] GC(89) Small Pages: 1401 / 2802M, Empty: 2554M, Relocated: 3M, In-Place: 0
[2025-08-01T14:44:44.909+0000] GC(89) Medium Pages: 1 / 32M, Empty: 0M, Relocated: 0M, In-Place: 0
[2025-08-01T14:44:44.909+0000] GC(89) Large Pages: 0 / 0M, Empty: 0M, Relocated: 0M, In-Place: 0
[2025-08-01T14:44:44.909+0000] GC(89) Forwarding Usage: 0M
[2025-08-01T14:44:44.909+0000] GC(89) Min Capacity: 4096M(100%)
[2025-08-01T14:44:44.909+0000] GC(89) Max Capacity: 4096M(100%)
[2025-08-01T14:44:44.909+0000] GC(89) Soft Max Capacity: 4096M(100%)
[2025-08-01T14:44:44.909+0000] GC(89)                Mark Start          Mark End        Relocate Start      Relocate End           High               Low         
[2025-08-01T14:44:44.909+0000] GC(89)  Capacity:     4096M (100%)       4096M (100%)       4096M (100%)       4096M (100%)       4096M (100%)       4096M (100%)   
[2025-08-01T14:44:44.909+0000] GC(89)      Free:     1262M (31%)         892M (22%)        3446M (84%)        3452M (84%)        3452M (84%)         892M (22%)    
[2025-08-01T14:44:44.909+0000] GC(89)      Used:     2834M (69%)        3204M (78%)         650M (16%)         644M (16%)        3204M (78%)         644M (16%)    
[2025-08-01T14:44:44.909+0000] GC(89)      Live:         -               242M (6%)          242M (6%)          242M (6%)             -                  -          
[2025-08-01T14:44:44.909+0000] GC(89) Allocated:         -               370M (9%)          370M (9%)          370M (9%)             -                  -          
[2025-08-01T14:44:44.909+0000] GC(89)   Garbage:         -              2591M (63%)          37M (1%)           31M (1%)             -                  -          
[2025-08-01T14:44:44.909+0000] GC(89) Reclaimed:         -                  -              2554M (62%)        2560M (62%)            -                  -          
[2025-08-01T14:44:44.909+0000] GC(89) Garbage Collection (Allocation Rate) 2834M(69%)->644M(16%)
[2025-08-01T14:44:45.393+0000] GC(90) Heap before GC invocations=90 (full 90):
[2025-08-01T14:44:45.393+0000] GC(90)  ZHeap           used 2942M, capacity 4096M, max capacity 4096M
[2025-08-01T14:44:45.393+0000] GC(90)  Metaspace       used 10643K, committed 10880K, reserved 1114112K
[2025-08-01T14:44:45.393+0000] GC(90)   class space    used 1265K, committed 1344K, reserved 1048576K
[2025-08-01T14:44:45.393+0000] GC(90) Garbage Collection (Allocation Rate)
[2025-08-01T14:44:45.393+0000] GC(90) Using 2 workers
[2025-08-01T14:44:45.393+0000] GC(90) Pause Mark Start 0.017ms
[2025-08-01T14:44:45.522+0000] GC(90) Concurrent Mark 128.423ms
[2025-08-01T14:44:45.523+0000] GC(90) Pause Mark End 0.023ms
[2025-08-01T14:44:45.523+0000] GC(90) Concurrent Mark Free 0.002ms
[2025-08-01T14:44:45.530+0000] GC(90) Concurrent Process Non-Strong References 7.101ms
[2025-08-01T14:44:45.530+0000] GC(90) Concurrent Reset Relocation Set 0.002ms
[2025-08-01T14:44:45.534+0000] GC(90) Concurrent Select Relocation Set 4.109ms
[2025-08-01T14:44:45.535+0000] GC(90) Pause Relocate Start 0.014ms
[2025-08-01T14:44:45.538+0000] GC(90) Concurrent Relocate 2.343ms
[2025-08-01T14:44:45.538+0000] GC(90) Heap after GC invocations=91 (full 91):
[2025-08-01T14:44:45.538+0000] GC(90)  ZHeap           used 1024M, capacity 4096M, max capacity 4096M
[2025-08-01T14:44:45.538+0000] GC(90)  Metaspace       used 10643K, committed 10880K, reserved 1114112K
[2025-08-01T14:44:45.538+0000] GC(90)   class space    used 1265K, committed 1344K, reserved 1048576K
[2025-08-01T14:44:45.538+0000] GC(90) Load: 1.44/0.45/0.21
[2025-08-01T14:44:45.538+0000] GC(90) MMU: 2ms/90.0%, 5ms/96.0%, 10ms/97.9%, 20ms/98.9%, 50ms/99.6%, 100ms/99.8%
[2025-08-01T14:44:45.538+0000] GC(90) Mark: 2 stripe(s), 2 proactive flush(es), 1 terminate flush(es), 0 completion(s), 0 continuation(s) 
[2025-08-01T14:44:45.538+0000] GC(90) Mark Stack Usage: 32M
[2025-08-01T14:44:45.538+0000] GC(90) NMethods: 1414 registered, 178 unregistered
[2025-08-01T14:44:45.538+0000] GC(90) Metaspace: 10M used, 10M committed, 1088M reserved
[2025-08-01T14:44:45.538+0000] GC(90) Soft: 228 encountered, 0 discovered, 0 enqueued
[2025-08-01T14:44:45.538+0000] GC(90) Weak: 934 encountered, 703 discovered, 0 enqueued
[2025-08-01T14:44:45.538+0000] GC(90) Final: 0 encountered, 0 discovered, 0 enqueued
[2025-08-01T14:44:45.538+0000] GC(90) Phantom: 3 encountered, 1 discovered, 0 enqueued
[2025-08-01T14:44:45.538+0000] GC(90) Small Pages: 1455 / 2910M, Empty: 2420M, Relocated: 1M, In-Place: 0
[2025-08-01T14:44:45.538+0000] GC(90) Medium Pages: 1 / 32M, Empty: 0M, Relocated: 0M, In-Place: 0
[2025-08-01T14:44:45.538+0000] GC(90) Large Pages: 0 / 0M, Empty: 0M, Relocated: 0M, In-Place: 0
[2025-08-01T14:44:45.538+0000] GC(90) Forwarding Usage: 0M
[2025-08-01T14:44:45.538+0000] GC(90) Min Capacity: 4096M(100%)
[2025-08-01T14:44:45.538+0000] GC(90) Max Capacity: 4096M(100%)
[2025-08-01T14:44:45.538+0000] GC(90) Soft Max Capacity: 4096M(100%)
[2025-08-01T14:44:45.538+0000] GC(90)                Mark Start          Mark End        Relocate Start      Relocate End           High               Low         
[2025-08-01T14:44:45.538+0000] GC(90)  Capacity:     4096M (100%)       4096M (100%)       4096M (100%)       4096M (100%)       4096M (100%)       4096M (100%)   
[2025-08-01T14:44:45.538+0000] GC(90)      Free:     1154M (28%)         758M (19%)        3086M (75%)        3072M (75%)        3088M (75%)         702M (17%)    
[2025-08-01T14:44:45.538+0000] GC(90)      Used:     2942M (72%)        3338M (81%)        1010M (25%)        1024M (25%)        3394M (83%)        1008M (25%)    
[2025-08-01T14:44:45.538+0000] GC(90)      Live:         -               479M (12%)         479M (12%)         479M (12%)            -                  -          
[2025-08-01T14:44:45.538+0000] GC(90) Allocated:         -               396M (10%)         488M (12%)         510M (12%)            -                  -          
[2025-08-01T14:44:45.538+0000] GC(90)   Garbage:         -              2462M (60%)          42M (1%)           34M (1%)             -                  -          
[2025-08-01T14:44:45.538+0000] GC(90) Reclaimed:         -                  -              2420M (59%)        2428M (59%)            -                  -          
[2025-08-01T14:44:45.538+0000] GC(90) Garbage Collection (Allocation Rate) 2942M(72%)->1024M(25%)
[2025-08-01T14:44:45.894+0000] GC(91) Heap before GC invocations=91 (full 91):
[2025-08-01T14:44:45.894+0000] GC(91)  ZHeap           used 2796M, capacity 4096M, max capacity 4096M
[2025-08-01T14:44:45.894+0000] GC(91)  Metaspace       used 10643K, committed 10880K, reserved 1114112K
[2025-08-01T14:44:45.894+0000] GC(91)   class space    used 1265K, committed 1344K, reserved 1048576K
[2025-08-01T14:44:45.894+0000] GC(91) Garbage Collection (Allocation Rate)
[2025-08-01T14:44:45.894+0000] GC(91) Using 2 workers
[2025-08-01T14:44:45.895+0000] GC(91) Pause Mark Start 0.007ms
[2025-08-01T14:44:46.024+0000] GC(91) Concurrent Mark 128.991ms
[2025-08-01T14:44:46.024+0000] GC(91) Pause Mark End 0.022ms
[2025-08-01T14:44:46.024+0000] GC(91) Concurrent Mark Free 0.001ms
[2025-08-01T14:44:46.031+0000] GC(91) Concurrent Process Non-Strong References 6.796ms
[2025-08-01T14:44:46.031+0000] GC(91) Concurrent Reset Relocation Set 0.003ms
[2025-08-01T14:44:46.035+0000] GC(91) Concurrent Select Relocation Set 3.784ms
[2025-08-01T14:44:46.036+0000] GC(91) Pause Relocate Start 0.014ms
[2025-08-01T14:44:46.037+0000] GC(91) Concurrent Relocate 0.842ms
[2025-08-01T14:44:46.037+0000] GC(91) Heap after GC invocations=92 (full 92):
[2025-08-01T14:44:46.037+0000] GC(91)  ZHeap           used 1284M, capacity 4096M, max capacity 4096M
[2025-08-01T14:44:46.037+0000] GC(91)  Metaspace       used 10643K, committed 10880K, reserved 1114112K
[2025-08-01T14:44:46.037+0000] GC(91)   class space    used 1265K, committed 1344K, reserved 1048576K
[2025-08-01T14:44:46.037+0000] GC(91) Load: 1.44/0.45/0.21
[2025-08-01T14:44:46.037+0000] GC(91) MMU: 2ms/90.0%, 5ms/96.0%, 10ms/97.9%, 20ms/98.9%, 50ms/99.6%, 100ms/99.8%
[2025-08-01T14:44:46.037+0000] GC(91) Mark: 2 stripe(s), 2 proactive flush(es), 1 terminate flush(es), 0 completion(s), 0 continuation(s) 
[2025-08-01T14:44:46.037+0000] GC(91) Mark Stack Usage: 32M
[2025-08-01T14:44:46.037+0000] GC(91) NMethods: 1414 registered, 178 unregistered
[2025-08-01T14:44:46.037+0000] GC(91) Metaspace: 10M used, 10M committed, 1088M reserved
[2025-08-01T14:44:46.037+0000] GC(91) Soft: 228 encountered, 0 discovered, 0 enqueued
[2025-08-01T14:44:46.037+0000] GC(91) Weak: 934 encountered, 680 discovered, 0 enqueued
[2025-08-01T14:44:46.037+0000] GC(91) Final: 0 encountered, 0 discovered, 0 enqueued
[2025-08-01T14:44:46.037+0000] GC(91) Phantom: 3 encountered, 1 discovered, 0 enqueued
[2025-08-01T14:44:46.037+0000] GC(91) Small Pages: 1382 / 2764M, Empty: 2182M, Relocated: 1M, In-Place: 0
[2025-08-01T14:44:46.037+0000] GC(91) Medium Pages: 1 / 32M, Empty: 0M, Relocated: 0M, In-Place: 0
[2025-08-01T14:44:46.037+0000] GC(91) Large Pages: 0 / 0M, Empty: 0M, Relocated: 0M, In-Place: 0
[2025-08-01T14:44:46.037+0000] GC(91) Forwarding Usage: 0M
[2025-08-01T14:44:46.037+0000] GC(91) Min Capacity: 4096M(100%)
[2025-08-01T14:44:46.037+0000] GC(91) Max Capacity: 4096M(100%)
[2025-08-01T14:44:46.037+0000] GC(91) Soft Max Capacity: 4096M(100%)
[2025-08-01T14:44:46.037+0000] GC(91)                Mark Start          Mark End        Relocate Start      Relocate End           High               Low         
[2025-08-01T14:44:46.037+0000] GC(91)  Capacity:     4096M (100%)       4096M (100%)       4096M (100%)       4096M (100%)       4096M (100%)       4096M (100%)   
[2025-08-01T14:44:46.037+0000] GC(91)      Free:     1300M (32%)         732M (18%)        2818M (69%)        2814M (69%)        2842M (69%)         666M (16%)    
[2025-08-01T14:44:46.037+0000] GC(91)      Used:     2796M (68%)        3364M (82%)        1278M (31%)        1282M (31%)        3430M (84%)        1254M (31%)    
[2025-08-01T14:44:46.037+0000] GC(91)      Live:         -               571M (14%)         571M (14%)         571M (14%)            -                  -          
[2025-08-01T14:44:46.037+0000] GC(91) Allocated:         -               568M (14%)         664M (16%)         674M (16%)            -                  -          
[2025-08-01T14:44:46.037+0000] GC(91)   Garbage:         -              2224M (54%)          42M (1%)           36M (1%)             -                  -          
[2025-08-01T14:44:46.037+0000] GC(91) Reclaimed:         -                  -              2182M (53%)        2188M (53%)            -                  -          
[2025-08-01T14:44:46.037+0000] GC(91) Garbage Collection (Allocation Rate) 2796M(68%)->1282M(31%)
[2025-08-01T14:44:46.393+0000] GC(92) Heap before GC invocations=92 (full 92):
[2025-08-01T14:44:46.393+0000] GC(92)  ZHeap           used 2942M, capacity 4096M, max capacity 4096M
[2025-08-01T14:44:46.393+0000] GC(92)  Metaspace       used 10643K, committed 10880K, reserved 1114112K
[2025-08-01T14:44:46.393+0000] GC(92)   class space    used 1265K, committed 1344K, reserved 1048576K
[2025-08-01T14:44:46.393+0000] GC(92) Garbage Collection (Allocation Rate)
[2025-08-01T14:44:46.393+0000] GC(92) Using 2 workers
[2025-08-01T14:44:46.394+0000] GC(92) Pause Mark Start 0.011ms
[2025-08-01T14:44:46.541+0000] GC(92) Concurrent Mark 146.509ms
[2025-08-01T14:44:46.541+0000] GC(92) Pause Mark End 0.095ms
[2025-08-01T14:44:46.541+0000] GC(92) Concurrent Mark Free 0.001ms
[2025-08-01T14:44:46.544+0000] GC(92) Concurrent Process Non-Strong References 3.017ms
[2025-08-01T14:44:46.544+0000] GC(92) Concurrent Reset Relocation Set 0.002ms
[2025-08-01T14:44:46.547+0000] GC(92) Concurrent Select Relocation Set 3.284ms
[2025-08-01T14:44:46.547+0000] GC(92) Pause Relocate Start 0.012ms
[2025-08-01T14:44:46.549+0000] GC(92) Concurrent Relocate 2.014ms
[2025-08-01T14:44:46.550+0000] GC(92) Heap after GC invocations=93 (full 93):
[2025-08-01T14:44:46.550+0000] GC(92)  ZHeap           used 1204M, capacity 4096M, max capacity 4096M
[2025-08-01T14:44:46.550+0000] GC(92)  Metaspace       used 10643K, committed 10880K, reserved 1114112K
[2025-08-01T14:44:46.550+0000] GC(92)   class space    used 1265K, committed 1344K, reserved 1048576K
[2025-08-01T14:44:46.550+0000] GC(92) Load: 1.64/0.51/0.23
[2025-08-01T14:44:46.550+0000] GC(92) MMU: 2ms/90.0%, 5ms/96.0%, 10ms/97.9%, 20ms/98.9%, 50ms/99.6%, 100ms/99.8%
[2025-08-01T14:44:46.550+0000] GC(92) Mark: 2 stripe(s), 2 proactive flush(es), 1 terminate flush(es), 0 completion(s), 0 continuation(s) 
[2025-08-01T14:44:46.550+0000] GC(92) Mark Stack Usage: 32M
[2025-08-01T14:44:46.550+0000] GC(92) NMethods: 1414 registered, 178 unregistered
[2025-08-01T14:44:46.550+0000] GC(92) Metaspace: 10M used, 10M committed, 1088M reserved
[2025-08-01T14:44:46.550+0000] GC(92) Soft: 228 encountered, 0 discovered, 0 enqueued
[2025-08-01T14:44:46.550+0000] GC(92) Weak: 934 encountered, 642 discovered, 0 enqueued
[2025-08-01T14:44:46.550+0000] GC(92) Final: 0 encountered, 0 discovered, 0 enqueued
[2025-08-01T14:44:46.550+0000] GC(92) Phantom: 3 encountered, 1 discovered, 0 enqueued
[2025-08-01T14:44:46.550+0000] GC(92) Small Pages: 1456 / 2912M, Empty: 2444M, Relocated: 6M, In-Place: 0
[2025-08-01T14:44:46.550+0000] GC(92) Medium Pages: 1 / 32M, Empty: 0M, Relocated: 0M, In-Place: 0
[2025-08-01T14:44:46.550+0000] GC(92) Large Pages: 0 / 0M, Empty: 0M, Relocated: 0M, In-Place: 0
[2025-08-01T14:44:46.550+0000] GC(92) Forwarding Usage: 0M
[2025-08-01T14:44:46.550+0000] GC(92) Min Capacity: 4096M(100%)
[2025-08-01T14:44:46.550+0000] GC(92) Max Capacity: 4096M(100%)
[2025-08-01T14:44:46.550+0000] GC(92) Soft Max Capacity: 4096M(100%)
[2025-08-01T14:44:46.550+0000] GC(92)                Mark Start          Mark End        Relocate Start      Relocate End           High               Low         
[2025-08-01T14:44:46.550+0000] GC(92)  Capacity:     4096M (100%)       4096M (100%)       4096M (100%)       4096M (100%)       4096M (100%)       4096M (100%)   
[2025-08-01T14:44:46.550+0000] GC(92)      Free:     1152M (28%)         450M (11%)        2870M (70%)        2892M (71%)        2892M (71%)         432M (11%)    
[2025-08-01T14:44:46.550+0000] GC(92)      Used:     2944M (72%)        3646M (89%)        1226M (30%)        1204M (29%)        3664M (89%)        1204M (29%)    
[2025-08-01T14:44:46.550+0000] GC(92)      Live:         -               440M (11%)         440M (11%)         440M (11%)            -                  -          
[2025-08-01T14:44:46.550+0000] GC(92) Allocated:         -               702M (17%)         726M (18%)         726M (18%)            -                  -          
[2025-08-01T14:44:46.550+0000] GC(92)   Garbage:         -              2503M (61%)          59M (1%)           37M (1%)             -                  -          
[2025-08-01T14:44:46.550+0000] GC(92) Reclaimed:         -                  -              2444M (60%)        2466M (60%)            -                  -          
[2025-08-01T14:44:46.550+0000] GC(92) Garbage Collection (Allocation Rate) 2944M(72%)->1204M(29%)
[2025-08-01T14:44:46.893+0000] GC(93) Heap before GC invocations=93 (full 93):
[2025-08-01T14:44:46.893+0000] GC(93)  ZHeap           used 2990M, capacity 4096M, max capacity 4096M
[2025-08-01T14:44:46.893+0000] GC(93)  Metaspace       used 10643K, committed 10880K, reserved 1114112K
[2025-08-01T14:44:46.893+0000] GC(93)   class space    used 1265K, committed 1344K, reserved 1048576K
[2025-08-01T14:44:46.893+0000] GC(93) Garbage Collection (Allocation Rate)
[2025-08-01T14:44:46.893+0000] GC(93) Using 2 workers
[2025-08-01T14:44:46.893+0000] GC(93) Pause Mark Start 0.009ms
[2025-08-01T14:44:47.008+0000] GC(93) Concurrent Mark 114.378ms
[2025-08-01T14:44:47.008+0000] GC(93) Pause Mark End 0.012ms
[2025-08-01T14:44:47.008+0000] GC(93) Concurrent Mark Free 0.001ms
[2025-08-01T14:44:47.011+0000] GC(93) Concurrent Process Non-Strong References 2.758ms
[2025-08-01T14:44:47.011+0000] GC(93) Concurrent Reset Relocation Set 0.003ms
[2025-08-01T14:44:47.014+0000] GC(93) Concurrent Select Relocation Set 3.294ms
[2025-08-01T14:44:47.014+0000] GC(93) Pause Relocate Start 0.009ms
[2025-08-01T14:44:47.016+0000] GC(93) Concurrent Relocate 1.280ms
[2025-08-01T14:44:47.016+0000] GC(93) Heap after GC invocations=94 (full 94):
[2025-08-01T14:44:47.016+0000] GC(93)  ZHeap           used 1096M, capacity 4096M, max capacity 4096M
[2025-08-01T14:44:47.016+0000] GC(93)  Metaspace       used 10643K, committed 10880K, reserved 1114112K
[2025-08-01T14:44:47.016+0000] GC(93)   class space    used 1265K, committed 1344K, reserved 1048576K
[2025-08-01T14:44:47.016+0000] GC(93) Load: 1.64/0.51/0.23
[2025-08-01T14:44:47.016+0000] GC(93) MMU: 2ms/90.0%, 5ms/96.0%, 10ms/97.9%, 20ms/98.9%, 50ms/99.6%, 100ms/99.8%
[2025-08-01T14:44:47.016+0000] GC(93) Mark: 2 stripe(s), 2 proactive flush(es), 1 terminate flush(es), 0 completion(s), 0 continuation(s) 
[2025-08-01T14:44:47.016+0000] GC(93) Mark Stack Usage: 32M
[2025-08-01T14:44:47.016+0000] GC(93) NMethods: 1414 registered, 178 unregistered
[2025-08-01T14:44:47.016+0000] GC(93) Metaspace: 10M used, 10M committed, 1088M reserved
[2025-08-01T14:44:47.016+0000] GC(93) Soft: 228 encountered, 0 discovered, 0 enqueued
[2025-08-01T14:44:47.016+0000] GC(93) Weak: 934 encountered, 701 discovered, 0 enqueued
[2025-08-01T14:44:47.016+0000] GC(93) Final: 0 encountered, 0 discovered, 0 enqueued
[2025-08-01T14:44:47.016+0000] GC(93) Phantom: 3 encountered, 2 discovered, 0 enqueued
[2025-08-01T14:44:47.016+0000] GC(93) Small Pages: 1479 / 2958M, Empty: 2414M, Relocated: 5M, In-Place: 0
[2025-08-01T14:44:47.016+0000] GC(93) Medium Pages: 1 / 32M, Empty: 0M, Relocated: 0M, In-Place: 0
[2025-08-01T14:44:47.016+0000] GC(93) Large Pages: 0 / 0M, Empty: 0M, Relocated: 0M, In-Place: 0
[2025-08-01T14:44:47.016+0000] GC(93) Forwarding Usage: 0M
[2025-08-01T14:44:47.016+0000] GC(93) Min Capacity: 4096M(100%)
[2025-08-01T14:44:47.016+0000] GC(93) Max Capacity: 4096M(100%)
[2025-08-01T14:44:47.016+0000] GC(93) Soft Max Capacity: 4096M(100%)
[2025-08-01T14:44:47.016+0000] GC(93)                Mark Start          Mark End        Relocate Start      Relocate End           High               Low         
[2025-08-01T14:44:47.016+0000] GC(93)  Capacity:     4096M (100%)       4096M (100%)       4096M (100%)       4096M (100%)       4096M (100%)       4096M (100%)   
[2025-08-01T14:44:47.016+0000] GC(93)      Free:     1106M (27%)         604M (15%)        2996M (73%)        3002M (73%)        3006M (73%)         590M (14%)    
[2025-08-01T14:44:47.016+0000] GC(93)      Used:     2990M (73%)        3492M (85%)        1100M (27%)        1094M (27%)        3506M (86%)        1090M (27%)    
[2025-08-01T14:44:47.016+0000] GC(93)      Live:         -               524M (13%)         524M (13%)         524M (13%)            -                  -          
[2025-08-01T14:44:47.016+0000] GC(93) Allocated:         -               502M (12%)         524M (13%)         532M (13%)            -                  -          
[2025-08-01T14:44:47.016+0000] GC(93)   Garbage:         -              2465M (60%)          51M (1%)           37M (1%)             -                  -          
[2025-08-01T14:44:47.016+0000] GC(93) Reclaimed:         -                  -              2414M (59%)        2428M (59%)            -                  -          
[2025-08-01T14:44:47.016+0000] GC(93) Garbage Collection (Allocation Rate) 2990M(73%)->1094M(27%)
[2025-08-01T14:44:47.294+0000] GC(94) Heap before GC invocations=94 (full 94):
[2025-08-01T14:44:47.294+0000] GC(94)  ZHeap           used 2584M, capacity 4096M, max capacity 4096M
[2025-08-01T14:44:47.294+0000] GC(94)  Metaspace       used 10643K, committed 10880K, reserved 1114112K
[2025-08-01T14:44:47.294+0000] GC(94)   class space    used 1265K, committed 1344K, reserved 1048576K
[2025-08-01T14:44:47.294+0000] GC(94) Garbage Collection (Allocation Rate)
[2025-08-01T14:44:47.294+0000] GC(94) Using 2 workers
[2025-08-01T14:44:47.296+0000] GC(94) Pause Mark Start 0.016ms
[2025-08-01T14:44:47.403+0000] GC(94) Concurrent Mark 106.618ms
[2025-08-01T14:44:47.403+0000] GC(94) Pause Mark End 0.020ms
[2025-08-01T14:44:47.403+0000] GC(94) Concurrent Mark Free 0.002ms
[2025-08-01T14:44:47.406+0000] GC(94) Concurrent Process Non-Strong References 3.108ms
[2025-08-01T14:44:47.406+0000] GC(94) Concurrent Reset Relocation Set 0.003ms
[2025-08-01T14:44:47.410+0000] GC(94) Concurrent Select Relocation Set 3.763ms
[2025-08-01T14:44:47.410+0000] GC(94) Pause Relocate Start 0.014ms
[2025-08-01T14:44:47.413+0000] GC(94) Concurrent Relocate 2.494ms
[2025-08-01T14:44:47.413+0000] GC(94) Heap after GC invocations=95 (full 95):
[2025-08-01T14:44:47.413+0000] GC(94)  ZHeap           used 1070M, capacity 4096M, max capacity 4096M
[2025-08-01T14:44:47.413+0000] GC(94)  Metaspace       used 10643K, committed 10880K, reserved 1114112K
[2025-08-01T14:44:47.413+0000] GC(94)   class space    used 1265K, committed 1344K, reserved 1048576K
[2025-08-01T14:44:47.413+0000] GC(94) Load: 1.64/0.51/0.23
[2025-08-01T14:44:47.413+0000] GC(94) MMU: 2ms/90.0%, 5ms/96.0%, 10ms/97.9%, 20ms/98.9%, 50ms/99.6%, 100ms/99.8%
[2025-08-01T14:44:47.413+0000] GC(94) Mark: 2 stripe(s), 3 proactive flush(es), 1 terminate flush(es), 0 completion(s), 0 continuation(s) 
[2025-08-01T14:44:47.413+0000] GC(94) Mark Stack Usage: 32M
[2025-08-01T14:44:47.413+0000] GC(94) NMethods: 1414 registered, 178 unregistered
[2025-08-01T14:44:47.413+0000] GC(94) Metaspace: 10M used, 10M committed, 1088M reserved
[2025-08-01T14:44:47.413+0000] GC(94) Soft: 228 encountered, 0 discovered, 0 enqueued
[2025-08-01T14:44:47.413+0000] GC(94) Weak: 934 encountered, 659 discovered, 0 enqueued
[2025-08-01T14:44:47.413+0000] GC(94) Final: 0 encountered, 0 discovered, 0 enqueued
[2025-08-01T14:44:47.413+0000] GC(94) Phantom: 3 encountered, 1 discovered, 0 enqueued
[2025-08-01T14:44:47.413+0000] GC(94) Small Pages: 1277 / 2554M, Empty: 2116M, Relocated: 5M, In-Place: 0
[2025-08-01T14:44:47.413+0000] GC(94) Medium Pages: 1 / 32M, Empty: 0M, Relocated: 0M, In-Place: 0
[2025-08-01T14:44:47.413+0000] GC(94) Large Pages: 0 / 0M, Empty: 0M, Relocated: 0M, In-Place: 0
[2025-08-01T14:44:47.413+0000] GC(94) Forwarding Usage: 0M
[2025-08-01T14:44:47.413+0000] GC(94) Min Capacity: 4096M(100%)
[2025-08-01T14:44:47.413+0000] GC(94) Max Capacity: 4096M(100%)
[2025-08-01T14:44:47.413+0000] GC(94) Soft Max Capacity: 4096M(100%)
[2025-08-01T14:44:47.413+0000] GC(94)                Mark Start          Mark End        Relocate Start      Relocate End           High               Low         
[2025-08-01T14:44:47.413+0000] GC(94)  Capacity:     4096M (100%)       4096M (100%)       4096M (100%)       4096M (100%)       4096M (100%)       4096M (100%)   
[2025-08-01T14:44:47.413+0000] GC(94)      Free:     1510M (37%)         990M (24%)        3036M (74%)        3028M (74%)        3042M (74%)         964M (24%)    
[2025-08-01T14:44:47.414+0000] GC(94)      Used:     2586M (63%)        3106M (76%)        1060M (26%)        1068M (26%)        3132M (76%)        1054M (26%)    
[2025-08-01T14:44:47.414+0000] GC(94)      Live:         -               425M (10%)         425M (10%)         425M (10%)            -                  -          
[2025-08-01T14:44:47.414+0000] GC(94) Allocated:         -               520M (13%)         590M (14%)         608M (15%)            -                  -          
[2025-08-01T14:44:47.414+0000] GC(94)   Garbage:         -              2160M (53%)          44M (1%)           34M (1%)             -                  -          
[2025-08-01T14:44:47.414+0000] GC(94) Reclaimed:         -                  -              2116M (52%)        2126M (52%)            -                  -          
[2025-08-01T14:44:47.414+0000] GC(94) Garbage Collection (Allocation Rate) 2586M(63%)->1068M(26%)
[2025-08-01T14:44:47.793+0000] GC(95) Heap before GC invocations=95 (full 95):
[2025-08-01T14:44:47.793+0000] GC(95)  ZHeap           used 2916M, capacity 4096M, max capacity 4096M
[2025-08-01T14:44:47.793+0000] GC(95)  Metaspace       used 10643K, committed 10880K, reserved 1114112K
[2025-08-01T14:44:47.793+0000] GC(95)   class space    used 1265K, committed 1344K, reserved 1048576K
[2025-08-01T14:44:47.793+0000] GC(95) Garbage Collection (Allocation Rate)
[2025-08-01T14:44:47.793+0000] GC(95) Using 2 workers
[2025-08-01T14:44:47.793+0000] GC(95) Pause Mark Start 0.008ms
[2025-08-01T14:44:47.903+0000] GC(95) Concurrent Mark 110.123ms
[2025-08-01T14:44:47.905+0000] GC(95) Pause Mark End 0.052ms
[2025-08-01T14:44:47.905+0000] GC(95) Concurrent Mark Free 0.001ms
[2025-08-01T14:44:47.908+0000] GC(95) Concurrent Process Non-Strong References 3.509ms
[2025-08-01T14:44:47.908+0000] GC(95) Concurrent Reset Relocation Set 0.003ms
[2025-08-01T14:44:47.913+0000] GC(95) Concurrent Select Relocation Set 4.101ms
[2025-08-01T14:44:47.914+0000] GC(95) Pause Relocate Start 0.014ms
[2025-08-01T14:44:47.916+0000] GC(95) Concurrent Relocate 2.550ms
[2025-08-01T14:44:47.916+0000] GC(95) Heap after GC invocations=96 (full 96):
[2025-08-01T14:44:47.916+0000] GC(95)  ZHeap           used 1108M, capacity 4096M, max capacity 4096M
[2025-08-01T14:44:47.916+0000] GC(95)  Metaspace       used 10643K, committed 10880K, reserved 1114112K
[2025-08-01T14:44:47.916+0000] GC(95)   class space    used 1265K, committed 1344K, reserved 1048576K
[2025-08-01T14:44:47.916+0000] GC(95) Load: 1.64/0.51/0.23
[2025-08-01T14:44:47.917+0000] GC(95) MMU: 2ms/90.0%, 5ms/96.0%, 10ms/97.9%, 20ms/98.9%, 50ms/99.6%, 100ms/99.8%
[2025-08-01T14:44:47.917+0000] GC(95) Mark: 2 stripe(s), 2 proactive flush(es), 1 terminate flush(es), 0 completion(s), 0 continuation(s) 
[2025-08-01T14:44:47.917+0000] GC(95) Mark Stack Usage: 32M
[2025-08-01T14:44:47.917+0000] GC(95) NMethods: 1414 registered, 178 unregistered
[2025-08-01T14:44:47.917+0000] GC(95) Metaspace: 10M used, 10M committed, 1088M reserved
[2025-08-01T14:44:47.917+0000] GC(95) Soft: 228 encountered, 0 discovered, 0 enqueued
[2025-08-01T14:44:47.917+0000] GC(95) Weak: 934 encountered, 685 discovered, 0 enqueued
[2025-08-01T14:44:47.917+0000] GC(95) Final: 0 encountered, 0 discovered, 0 enqueued
[2025-08-01T14:44:47.917+0000] GC(95) Phantom: 3 encountered, 2 discovered, 0 enqueued
[2025-08-01T14:44:47.917+0000] GC(95) Small Pages: 1445 / 2890M, Empty: 2442M, Relocated: 6M, In-Place: 0
[2025-08-01T14:44:47.917+0000] GC(95) Medium Pages: 1 / 32M, Empty: 0M, Relocated: 0M, In-Place: 0
[2025-08-01T14:44:47.917+0000] GC(95) Large Pages: 0 / 0M, Empty: 0M, Relocated: 0M, In-Place: 0
[2025-08-01T14:44:47.917+0000] GC(95) Forwarding Usage: 0M
[2025-08-01T14:44:47.917+0000] GC(95) Min Capacity: 4096M(100%)
[2025-08-01T14:44:47.917+0000] GC(95) Max Capacity: 4096M(100%)
[2025-08-01T14:44:47.917+0000] GC(95) Soft Max Capacity: 4096M(100%)
[2025-08-01T14:44:47.917+0000] GC(95)                Mark Start          Mark End        Relocate Start      Relocate End           High               Low         
[2025-08-01T14:44:47.917+0000] GC(95)  Capacity:     4096M (100%)       4096M (100%)       4096M (100%)       4096M (100%)       4096M (100%)       4096M (100%)   
[2025-08-01T14:44:47.917+0000] GC(95)      Free:     1174M (29%)         574M (14%)        2980M (73%)        2988M (73%)        2988M (73%)         554M (14%)    
[2025-08-01T14:44:47.917+0000] GC(95)      Used:     2922M (71%)        3522M (86%)        1116M (27%)        1108M (27%)        3542M (86%)        1108M (27%)    
[2025-08-01T14:44:47.917+0000] GC(95)      Live:         -               435M (11%)         435M (11%)         435M (11%)            -                  -          
[2025-08-01T14:44:47.917+0000] GC(95) Allocated:         -               600M (15%)         636M (16%)         637M (16%)            -                  -          
[2025-08-01T14:44:47.917+0000] GC(95)   Garbage:         -              2486M (61%)          44M (1%)           34M (1%)             -                  -          
[2025-08-01T14:44:47.917+0000] GC(95) Reclaimed:         -                  -              2442M (60%)        2451M (60%)            -                  -          
[2025-08-01T14:44:47.917+0000] GC(95) Garbage Collection (Allocation Rate) 2922M(71%)->1108M(27%)
[2025-08-01T14:44:48.293+0000] GC(96) Heap before GC invocations=96 (full 96):
[2025-08-01T14:44:48.293+0000] GC(96)  ZHeap           used 2992M, capacity 4096M, max capacity 4096M
[2025-08-01T14:44:48.293+0000] GC(96)  Metaspace       used 10643K, committed 10880K, reserved 1114112K
[2025-08-01T14:44:48.293+0000] GC(96)   class space    used 1265K, committed 1344K, reserved 1048576K
[2025-08-01T14:44:48.293+0000] GC(96) Garbage Collection (Allocation Rate)
[2025-08-01T14:44:48.293+0000] GC(96) Using 2 workers
[2025-08-01T14:44:48.294+0000] GC(96) Pause Mark Start 0.009ms
[2025-08-01T14:44:48.383+0000] GC(96) Concurrent Mark 89.013ms
[2025-08-01T14:44:48.383+0000] GC(96) Pause Mark End 0.020ms
[2025-08-01T14:44:48.383+0000] GC(96) Concurrent Mark Free 0.003ms
[2025-08-01T14:44:48.387+0000] GC(96) Concurrent Process Non-Strong References 3.277ms
[2025-08-01T14:44:48.387+0000] GC(96) Concurrent Reset Relocation Set 0.003ms
[2025-08-01T14:44:48.391+0000] GC(96) Concurrent Select Relocation Set 3.993ms
[2025-08-01T14:44:48.391+0000] GC(96) Pause Relocate Start 0.013ms
[2025-08-01T14:44:48.393+0000] GC(96) Concurrent Relocate 1.417ms
[2025-08-01T14:44:48.393+0000] GC(96) Heap after GC invocations=97 (full 97):
[2025-08-01T14:44:48.393+0000] GC(96)  ZHeap           used 804M, capacity 4096M, max capacity 4096M
[2025-08-01T14:44:48.393+0000] GC(96)  Metaspace       used 10643K, committed 10880K, reserved 1114112K
[2025-08-01T14:44:48.393+0000] GC(96)   class space    used 1265K, committed 1344K, reserved 1048576K
[2025-08-01T14:44:48.393+0000] GC(96) Load: 1.64/0.51/0.23
[2025-08-01T14:44:48.393+0000] GC(96) MMU: 2ms/90.0%, 5ms/96.0%, 10ms/97.9%, 20ms/98.9%, 50ms/99.6%, 100ms/99.8%
[2025-08-01T14:44:48.393+0000] GC(96) Mark: 2 stripe(s), 3 proactive flush(es), 1 terminate flush(es), 0 completion(s), 0 continuation(s) 
[2025-08-01T14:44:48.393+0000] GC(96) Mark Stack Usage: 32M
[2025-08-01T14:44:48.393+0000] GC(96) NMethods: 1414 registered, 178 unregistered
[2025-08-01T14:44:48.393+0000] GC(96) Metaspace: 10M used, 10M committed, 1088M reserved
[2025-08-01T14:44:48.393+0000] GC(96) Soft: 228 encountered, 0 discovered, 0 enqueued
[2025-08-01T14:44:48.393+0000] GC(96) Weak: 934 encountered, 667 discovered, 0 enqueued
[2025-08-01T14:44:48.393+0000] GC(96) Final: 0 encountered, 0 discovered, 0 enqueued
[2025-08-01T14:44:48.393+0000] GC(96) Phantom: 3 encountered, 1 discovered, 0 enqueued
[2025-08-01T14:44:48.393+0000] GC(96) Small Pages: 1480 / 2960M, Empty: 2602M, Relocated: 4M, In-Place: 0
[2025-08-01T14:44:48.393+0000] GC(96) Medium Pages: 1 / 32M, Empty: 0M, Relocated: 0M, In-Place: 0
[2025-08-01T14:44:48.393+0000] GC(96) Large Pages: 0 / 0M, Empty: 0M, Relocated: 0M, In-Place: 0
[2025-08-01T14:44:48.393+0000] GC(96) Forwarding Usage: 0M
[2025-08-01T14:44:48.393+0000] GC(96) Min Capacity: 4096M(100%)
[2025-08-01T14:44:48.393+0000] GC(96) Max Capacity: 4096M(100%)
[2025-08-01T14:44:48.393+0000] GC(96) Soft Max Capacity: 4096M(100%)
[2025-08-01T14:44:48.393+0000] GC(96)                Mark Start          Mark End        Relocate Start      Relocate End           High               Low         
[2025-08-01T14:44:48.393+0000] GC(96)  Capacity:     4096M (100%)       4096M (100%)       4096M (100%)       4096M (100%)       4096M (100%)       4096M (100%)   
[2025-08-01T14:44:48.393+0000] GC(96)      Free:     1104M (27%)         708M (17%)        3286M (80%)        3292M (80%)        3292M (80%)         692M (17%)    
[2025-08-01T14:44:48.393+0000] GC(96)      Used:     2992M (73%)        3388M (83%)         810M (20%)         804M (20%)        3404M (83%)         804M (20%)    
[2025-08-01T14:44:48.393+0000] GC(96)      Live:         -               349M (9%)          349M (9%)          349M (9%)             -                  -          
[2025-08-01T14:44:48.393+0000] GC(96) Allocated:         -               396M (10%)         420M (10%)         420M (10%)            -                  -          
[2025-08-01T14:44:48.393+0000] GC(96)   Garbage:         -              2642M (65%)          40M (1%)           34M (1%)             -                  -          
[2025-08-01T14:44:48.393+0000] GC(96) Reclaimed:         -                  -              2602M (64%)        2608M (64%)            -                  -          
[2025-08-01T14:44:48.393+0000] GC(96) Garbage Collection (Allocation Rate) 2992M(73%)->804M(20%)
[2025-08-01T14:44:48.794+0000] GC(97) Heap before GC invocations=97 (full 97):
[2025-08-01T14:44:48.794+0000] GC(97)  ZHeap           used 2788M, capacity 4096M, max capacity 4096M
[2025-08-01T14:44:48.794+0000] GC(97)  Metaspace       used 10643K, committed 10880K, reserved 1114112K
[2025-08-01T14:44:48.794+0000] GC(97)   class space    used 1265K, committed 1344K, reserved 1048576K
[2025-08-01T14:44:48.794+0000] GC(97) Garbage Collection (Allocation Rate)
[2025-08-01T14:44:48.794+0000] GC(97) Using 2 workers
[2025-08-01T14:44:48.795+0000] GC(97) Pause Mark Start 0.015ms
[2025-08-01T14:44:48.914+0000] GC(97) Concurrent Mark 118.044ms
[2025-08-01T14:44:48.914+0000] GC(97) Pause Mark End 0.018ms
[2025-08-01T14:44:48.914+0000] GC(97) Concurrent Mark Free 0.001ms
[2025-08-01T14:44:48.920+0000] GC(97) Concurrent Process Non-Strong References 5.274ms
[2025-08-01T14:44:48.920+0000] GC(97) Concurrent Reset Relocation Set 0.004ms
[2025-08-01T14:44:48.924+0000] GC(97) Concurrent Select Relocation Set 4.223ms
[2025-08-01T14:44:48.925+0000] GC(97) Pause Relocate Start 0.014ms
[2025-08-01T14:44:48.926+0000] GC(97) Concurrent Relocate 1.370ms
[2025-08-01T14:44:48.926+0000] GC(97) Heap after GC invocations=98 (full 98):
[2025-08-01T14:44:48.926+0000] GC(97)  ZHeap           used 1146M, capacity 4096M, max capacity 4096M
[2025-08-01T14:44:48.927+0000] GC(97)  Metaspace       used 10643K, committed 10880K, reserved 1114112K
[2025-08-01T14:44:48.927+0000] GC(97)   class space    used 1265K, committed 1344K, reserved 1048576K
[2025-08-01T14:44:48.927+0000] GC(97) Load: 1.64/0.51/0.23
[2025-08-01T14:44:48.927+0000] GC(97) MMU: 2ms/90.0%, 5ms/96.0%, 10ms/97.9%, 20ms/98.9%, 50ms/99.6%, 100ms/99.8%
[2025-08-01T14:44:48.927+0000] GC(97) Mark: 2 stripe(s), 2 proactive flush(es), 1 terminate flush(es), 0 completion(s), 0 continuation(s) 
[2025-08-01T14:44:48.927+0000] GC(97) Mark Stack Usage: 32M
[2025-08-01T14:44:48.927+0000] GC(97) NMethods: 1414 registered, 178 unregistered
[2025-08-01T14:44:48.927+0000] GC(97) Metaspace: 10M used, 10M committed, 1088M reserved
[2025-08-01T14:44:48.927+0000] GC(97) Soft: 228 encountered, 0 discovered, 0 enqueued
[2025-08-01T14:44:48.927+0000] GC(97) Weak: 934 encountered, 677 discovered, 0 enqueued
[2025-08-01T14:44:48.927+0000] GC(97) Final: 0 encountered, 0 discovered, 0 enqueued
[2025-08-01T14:44:48.927+0000] GC(97) Phantom: 3 encountered, 1 discovered, 0 enqueued
[2025-08-01T14:44:48.927+0000] GC(97) Small Pages: 1381 / 2762M, Empty: 2300M, Relocated: 3M, In-Place: 0
[2025-08-01T14:44:48.927+0000] GC(97) Medium Pages: 1 / 32M, Empty: 0M, Relocated: 0M, In-Place: 0
[2025-08-01T14:44:48.927+0000] GC(97) Large Pages: 0 / 0M, Empty: 0M, Relocated: 0M, In-Place: 0
[2025-08-01T14:44:48.927+0000] GC(97) Forwarding Usage: 0M
[2025-08-01T14:44:48.927+0000] GC(97) Min Capacity: 4096M(100%)
[2025-08-01T14:44:48.927+0000] GC(97) Max Capacity: 4096M(100%)
[2025-08-01T14:44:48.927+0000] GC(97) Soft Max Capacity: 4096M(100%)
[2025-08-01T14:44:48.927+0000] GC(97)                Mark Start          Mark End        Relocate Start      Relocate End           High               Low         
[2025-08-01T14:44:48.927+0000] GC(97)  Capacity:     4096M (100%)       4096M (100%)       4096M (100%)       4096M (100%)       4096M (100%)       4096M (100%)   
[2025-08-01T14:44:48.927+0000] GC(97)      Free:     1302M (32%)         702M (17%)        2946M (72%)        2950M (72%)        2954M (72%)         670M (16%)    
[2025-08-01T14:44:48.927+0000] GC(97)      Used:     2794M (68%)        3394M (83%)        1150M (28%)        1146M (28%)        3426M (84%)        1142M (28%)    
[2025-08-01T14:44:48.927+0000] GC(97)      Live:         -               448M (11%)         448M (11%)         448M (11%)            -                  -          
[2025-08-01T14:44:48.927+0000] GC(97) Allocated:         -               600M (15%)         656M (16%)         664M (16%)            -                  -          
[2025-08-01T14:44:48.927+0000] GC(97)   Garbage:         -              2345M (57%)          45M (1%)           33M (1%)             -                  -          
[2025-08-01T14:44:48.927+0000] GC(97) Reclaimed:         -                  -              2300M (56%)        2312M (56%)            -                  -          
[2025-08-01T14:44:48.927+0000] GC(97) Garbage Collection (Allocation Rate) 2794M(68%)->1146M(28%)
[2025-08-01T14:44:49.293+0000] GC(98) Heap before GC invocations=98 (full 98):
[2025-08-01T14:44:49.293+0000] GC(98)  ZHeap           used 2996M, capacity 4096M, max capacity 4096M
[2025-08-01T14:44:49.293+0000] GC(98)  Metaspace       used 10643K, committed 10880K, reserved 1114112K
[2025-08-01T14:44:49.293+0000] GC(98)   class space    used 1265K, committed 1344K, reserved 1048576K
[2025-08-01T14:44:49.293+0000] GC(98) Garbage Collection (Allocation Rate)
[2025-08-01T14:44:49.293+0000] GC(98) Using 2 workers
[2025-08-01T14:44:49.295+0000] GC(98) Pause Mark Start 0.017ms
[2025-08-01T14:44:49.423+0000] GC(98) Concurrent Mark 127.794ms
[2025-08-01T14:44:49.423+0000] GC(98) Pause Mark End 0.018ms
[2025-08-01T14:44:49.423+0000] GC(98) Concurrent Mark Free 0.001ms
[2025-08-01T14:44:49.426+0000] GC(98) Concurrent Process Non-Strong References 2.877ms
[2025-08-01T14:44:49.426+0000] GC(98) Concurrent Reset Relocation Set 0.002ms
[2025-08-01T14:44:49.429+0000] GC(98) Concurrent Select Relocation Set 3.346ms
[2025-08-01T14:44:49.430+0000] GC(98) Pause Relocate Start 0.012ms
[2025-08-01T14:44:49.431+0000] GC(98) Concurrent Relocate 0.840ms
[2025-08-01T14:44:49.431+0000] GC(98) Heap after GC invocations=99 (full 99):
[2025-08-01T14:44:49.431+0000] GC(98)  ZHeap           used 1132M, capacity 4096M, max capacity 4096M
[2025-08-01T14:44:49.431+0000] GC(98)  Metaspace       used 10643K, committed 10880K, reserved 1114112K
[2025-08-01T14:44:49.431+0000] GC(98)   class space    used 1265K, committed 1344K, reserved 1048576K
[2025-08-01T14:44:49.431+0000] GC(98) Load: 1.64/0.51/0.23
[2025-08-01T14:44:49.431+0000] GC(98) MMU: 2ms/90.0%, 5ms/96.0%, 10ms/97.9%, 20ms/98.9%, 50ms/99.6%, 100ms/99.8%
[2025-08-01T14:44:49.431+0000] GC(98) Mark: 2 stripe(s), 2 proactive flush(es), 1 terminate flush(es), 0 completion(s), 0 continuation(s) 
[2025-08-01T14:44:49.431+0000] GC(98) Mark Stack Usage: 32M
[2025-08-01T14:44:49.431+0000] GC(98) NMethods: 1414 registered, 178 unregistered
[2025-08-01T14:44:49.431+0000] GC(98) Metaspace: 10M used, 10M committed, 1088M reserved
[2025-08-01T14:44:49.431+0000] GC(98) Soft: 228 encountered, 0 discovered, 0 enqueued
[2025-08-01T14:44:49.431+0000] GC(98) Weak: 934 encountered, 710 discovered, 0 enqueued
[2025-08-01T14:44:49.431+0000] GC(98) Final: 0 encountered, 0 discovered, 0 enqueued
[2025-08-01T14:44:49.431+0000] GC(98) Phantom: 3 encountered, 1 discovered, 0 enqueued
[2025-08-01T14:44:49.431+0000] GC(98) Small Pages: 1483 / 2966M, Empty: 2500M, Relocated: 2M, In-Place: 0
[2025-08-01T14:44:49.431+0000] GC(98) Medium Pages: 1 / 32M, Empty: 0M, Relocated: 0M, In-Place: 0
[2025-08-01T14:44:49.431+0000] GC(98) Large Pages: 0 / 0M, Empty: 0M, Relocated: 0M, In-Place: 0
[2025-08-01T14:44:49.431+0000] GC(98) Forwarding Usage: 0M
[2025-08-01T14:44:49.431+0000] GC(98) Min Capacity: 4096M(100%)
[2025-08-01T14:44:49.431+0000] GC(98) Max Capacity: 4096M(100%)
[2025-08-01T14:44:49.431+0000] GC(98) Soft Max Capacity: 4096M(100%)
[2025-08-01T14:44:49.431+0000] GC(98)                Mark Start          Mark End        Relocate Start      Relocate End           High               Low         
[2025-08-01T14:44:49.431+0000] GC(98)  Capacity:     4096M (100%)       4096M (100%)       4096M (100%)       4096M (100%)       4096M (100%)       4096M (100%)   
[2025-08-01T14:44:49.431+0000] GC(98)      Free:     1098M (27%)         494M (12%)        2962M (72%)        2964M (72%)        2966M (72%)         480M (12%)    
[2025-08-01T14:44:49.431+0000] GC(98)      Used:     2998M (73%)        3602M (88%)        1134M (28%)        1132M (28%)        3616M (88%)        1130M (28%)    
[2025-08-01T14:44:49.431+0000] GC(98)      Live:         -               456M (11%)         456M (11%)         456M (11%)            -                  -          
[2025-08-01T14:44:49.431+0000] GC(98) Allocated:         -               604M (15%)         636M (16%)         640M (16%)            -                  -          
[2025-08-01T14:44:49.431+0000] GC(98)   Garbage:         -              2541M (62%)          41M (1%)           35M (1%)             -                  -          
[2025-08-01T14:44:49.431+0000] GC(98) Reclaimed:         -                  -              2500M (61%)        2506M (61%)            -                  -          
[2025-08-01T14:44:49.431+0000] GC(98) Garbage Collection (Allocation Rate) 2998M(73%)->1132M(28%)
[2025-08-01T14:44:49.793+0000] GC(99) Heap before GC invocations=99 (full 99):
[2025-08-01T14:44:49.793+0000] GC(99)  ZHeap           used 2968M, capacity 4096M, max capacity 4096M
[2025-08-01T14:44:49.793+0000] GC(99)  Metaspace       used 10643K, committed 10880K, reserved 1114112K
[2025-08-01T14:44:49.793+0000] GC(99)   class space    used 1265K, committed 1344K, reserved 1048576K
[2025-08-01T14:44:49.793+0000] GC(99) Garbage Collection (Allocation Rate)
[2025-08-01T14:44:49.793+0000] GC(99) Using 2 workers
[2025-08-01T14:44:49.793+0000] GC(99) Pause Mark Start 0.021ms
[2025-08-01T14:44:49.876+0000] GC(99) Concurrent Mark 82.789ms
[2025-08-01T14:44:49.876+0000] GC(99) Pause Mark End 0.018ms
[2025-08-01T14:44:49.876+0000] GC(99) Concurrent Mark Free 0.001ms
[2025-08-01T14:44:49.879+0000] GC(99) Concurrent Process Non-Strong References 2.640ms
[2025-08-01T14:44:49.879+0000] GC(99) Concurrent Reset Relocation Set 0.002ms
[2025-08-01T14:44:49.882+0000] GC(99) Concurrent Select Relocation Set 3.336ms
[2025-08-01T14:44:49.883+0000] GC(99) Pause Relocate Start 0.010ms
[2025-08-01T14:44:49.884+0000] GC(99) Concurrent Relocate 1.361ms
[2025-08-01T14:44:49.884+0000] GC(99) Heap after GC invocations=100 (full 100):
[2025-08-01T14:44:49.884+0000] GC(99)  ZHeap           used 796M, capacity 4096M, max capacity 4096M
[2025-08-01T14:44:49.884+0000] GC(99)  Metaspace       used 10643K, committed 10880K, reserved 1114112K
[2025-08-01T14:44:49.884+0000] GC(99)   class space    used 1265K, committed 1344K, reserved 1048576K
[2025-08-01T14:44:49.884+0000] GC(99) Load: 1.64/0.51/0.23
[2025-08-01T14:44:49.884+0000] GC(99) MMU: 2ms/90.0%, 5ms/96.0%, 10ms/97.9%, 20ms/98.9%, 50ms/99.6%, 100ms/99.8%
[2025-08-01T14:44:49.884+0000] GC(99) Mark: 2 stripe(s), 2 proactive flush(es), 1 terminate flush(es), 0 completion(s), 0 continuation(s) 
[2025-08-01T14:44:49.884+0000] GC(99) Mark Stack Usage: 32M
[2025-08-01T14:44:49.884+0000] GC(99) NMethods: 1414 registered, 178 unregistered
[2025-08-01T14:44:49.884+0000] GC(99) Metaspace: 10M used, 10M committed, 1088M reserved
[2025-08-01T14:44:49.884+0000] GC(99) Soft: 228 encountered, 0 discovered, 0 enqueued
[2025-08-01T14:44:49.884+0000] GC(99) Weak: 934 encountered, 717 discovered, 0 enqueued
[2025-08-01T14:44:49.884+0000] GC(99) Final: 0 encountered, 0 discovered, 0 enqueued
[2025-08-01T14:44:49.884+0000] GC(99) Phantom: 3 encountered, 1 discovered, 0 enqueued
[2025-08-01T14:44:49.884+0000] GC(99) Small Pages: 1468 / 2936M, Empty: 2552M, Relocated: 4M, In-Place: 0
[2025-08-01T14:44:49.884+0000] GC(99) Medium Pages: 1 / 32M, Empty: 0M, Relocated: 0M, In-Place: 0
[2025-08-01T14:44:49.884+0000] GC(99) Large Pages: 0 / 0M, Empty: 0M, Relocated: 0M, In-Place: 0
[2025-08-01T14:44:49.884+0000] GC(99) Forwarding Usage: 0M
[2025-08-01T14:44:49.884+0000] GC(99) Min Capacity: 4096M(100%)
[2025-08-01T14:44:49.884+0000] GC(99) Max Capacity: 4096M(100%)
[2025-08-01T14:44:49.884+0000] GC(99) Soft Max Capacity: 4096M(100%)
[2025-08-01T14:44:49.884+0000] GC(99)                Mark Start          Mark End        Relocate Start      Relocate End           High               Low         
[2025-08-01T14:44:49.884+0000] GC(99)  Capacity:     4096M (100%)       4096M (100%)       4096M (100%)       4096M (100%)       4096M (100%)       4096M (100%)   
[2025-08-01T14:44:49.884+0000] GC(99)      Free:     1128M (28%)         742M (18%)        3294M (80%)        3300M (81%)        3300M (81%)         742M (18%)    
[2025-08-01T14:44:49.884+0000] GC(99)      Used:     2968M (72%)        3354M (82%)         802M (20%)         796M (19%)        3354M (82%)         796M (19%)    
[2025-08-01T14:44:49.884+0000] GC(99)      Live:         -               375M (9%)          375M (9%)          375M (9%)             -                  -          
[2025-08-01T14:44:49.884+0000] GC(99) Allocated:         -               386M (9%)          386M (9%)          386M (9%)             -                  -          
[2025-08-01T14:44:49.884+0000] GC(99)   Garbage:         -              2592M (63%)          40M (1%)           34M (1%)             -                  -          
[2025-08-01T14:44:49.884+0000] GC(99) Reclaimed:         -                  -              2552M (62%)        2558M (62%)            -                  -          
[2025-08-01T14:44:49.884+0000] GC(99) Garbage Collection (Allocation Rate) 2968M(72%)->796M(19%)
[2025-08-01T14:44:50.294+0000] GC(100) Heap before GC invocations=100 (full 100):
[2025-08-01T14:44:50.294+0000] GC(100)  ZHeap           used 2742M, capacity 4096M, max capacity 4096M
[2025-08-01T14:44:50.294+0000] GC(100)  Metaspace       used 10643K, committed 10880K, reserved 1114112K
[2025-08-01T14:44:50.294+0000] GC(100)   class space    used 1265K, committed 1344K, reserved 1048576K
[2025-08-01T14:44:50.294+0000] GC(100) Garbage Collection (Allocation Rate)
[2025-08-01T14:44:50.294+0000] GC(100) Using 2 workers
[2025-08-01T14:44:50.295+0000] GC(100) Pause Mark Start 0.017ms
[2025-08-01T14:44:50.415+0000] GC(100) Concurrent Mark 120.392ms
[2025-08-01T14:44:50.416+0000] GC(100) Pause Mark End 0.019ms
[2025-08-01T14:44:50.416+0000] GC(100) Concurrent Mark Free 0.001ms
[2025-08-01T14:44:50.420+0000] GC(100) Concurrent Process Non-Strong References 3.840ms
[2025-08-01T14:44:50.420+0000] GC(100) Concurrent Reset Relocation Set 0.003ms
[2025-08-01T14:44:50.423+0000] GC(100) Concurrent Select Relocation Set 3.261ms
[2025-08-01T14:44:50.424+0000] GC(100) Pause Relocate Start 0.014ms
[2025-08-01T14:44:50.424+0000] GC(100) Concurrent Relocate 0.723ms
[2025-08-01T14:44:50.424+0000] GC(100) Heap after GC invocations=101 (full 101):
[2025-08-01T14:44:50.424+0000] GC(100)  ZHeap           used 1230M, capacity 4096M, max capacity 4096M
[2025-08-01T14:44:50.424+0000] GC(100)  Metaspace       used 10643K, committed 10880K, reserved 1114112K
[2025-08-01T14:44:50.424+0000] GC(100)   class space    used 1265K, committed 1344K, reserved 1048576K
[2025-08-01T14:44:50.425+0000] GC(100) Load: 1.64/0.51/0.23
[2025-08-01T14:44:50.425+0000] GC(100) MMU: 2ms/90.0%, 5ms/96.0%, 10ms/97.9%, 20ms/98.9%, 50ms/99.6%, 100ms/99.8%
[2025-08-01T14:44:50.425+0000] GC(100) Mark: 2 stripe(s), 2 proactive flush(es), 1 terminate flush(es), 0 completion(s), 0 continuation(s) 
[2025-08-01T14:44:50.425+0000] GC(100) Mark Stack Usage: 32M
[2025-08-01T14:44:50.425+0000] GC(100) NMethods: 1414 registered, 178 unregistered
[2025-08-01T14:44:50.425+0000] GC(100) Metaspace: 10M used, 10M committed, 1088M reserved
[2025-08-01T14:44:50.425+0000] GC(100) Soft: 228 encountered, 0 discovered, 0 enqueued
[2025-08-01T14:44:50.425+0000] GC(100) Weak: 934 encountered, 702 discovered, 0 enqueued
[2025-08-01T14:44:50.425+0000] GC(100) Final: 0 encountered, 0 discovered, 0 enqueued
[2025-08-01T14:44:50.425+0000] GC(100) Phantom: 3 encountered, 1 discovered, 0 enqueued
[2025-08-01T14:44:50.425+0000] GC(100) Small Pages: 1356 / 2712M, Empty: 2222M, Relocated: 1M, In-Place: 0
[2025-08-01T14:44:50.425+0000] GC(100) Medium Pages: 1 / 32M, Empty: 0M, Relocated: 0M, In-Place: 0
[2025-08-01T14:44:50.425+0000] GC(100) Large Pages: 0 / 0M, Empty: 0M, Relocated: 0M, In-Place: 0
[2025-08-01T14:44:50.425+0000] GC(100) Forwarding Usage: 0M
[2025-08-01T14:44:50.425+0000] GC(100) Min Capacity: 4096M(100%)
[2025-08-01T14:44:50.425+0000] GC(100) Max Capacity: 4096M(100%)
[2025-08-01T14:44:50.425+0000] GC(100) Soft Max Capacity: 4096M(100%)
[2025-08-01T14:44:50.425+0000] GC(100)                Mark Start          Mark End        Relocate Start      Relocate End           High               Low         
[2025-08-01T14:44:50.425+0000] GC(100)  Capacity:     4096M (100%)       4096M (100%)       4096M (100%)       4096M (100%)       4096M (100%)       4096M (100%)   
[2025-08-01T14:44:50.425+0000] GC(100)      Free:     1352M (33%)         684M (17%)        2864M (70%)        2866M (70%)        2866M (70%)         658M (16%)    
[2025-08-01T14:44:50.425+0000] GC(100)      Used:     2744M (67%)        3412M (83%)        1232M (30%)        1230M (30%)        3438M (84%)        1230M (30%)    
[2025-08-01T14:44:50.425+0000] GC(100)      Live:         -               481M (12%)         481M (12%)         481M (12%)            -                  -          
[2025-08-01T14:44:50.425+0000] GC(100) Allocated:         -               668M (16%)         710M (17%)         712M (17%)            -                  -          
[2025-08-01T14:44:50.425+0000] GC(100)   Garbage:         -              2262M (55%)          40M (1%)           36M (1%)             -                  -          
[2025-08-01T14:44:50.425+0000] GC(100) Reclaimed:         -                  -              2222M (54%)        2226M (54%)            -                  -          
[2025-08-01T14:44:50.425+0000] GC(100) Garbage Collection (Allocation Rate) 2744M(67%)->1230M(30%)
[2025-08-01T14:44:50.794+0000] GC(101) Heap before GC invocations=101 (full 101):
[2025-08-01T14:44:50.794+0000] GC(101)  ZHeap           used 3034M, capacity 4096M, max capacity 4096M
[2025-08-01T14:44:50.794+0000] GC(101)  Metaspace       used 10643K, committed 10880K, reserved 1114112K
[2025-08-01T14:44:50.794+0000] GC(101)   class space    used 1265K, committed 1344K, reserved 1048576K
[2025-08-01T14:44:50.794+0000] GC(101) Garbage Collection (Allocation Rate)
[2025-08-01T14:44:50.794+0000] GC(101) Using 2 workers
[2025-08-01T14:44:50.795+0000] GC(101) Pause Mark Start 0.012ms
[2025-08-01T14:44:50.901+0000] GC(101) Concurrent Mark 106.039ms
[2025-08-01T14:44:50.901+0000] GC(101) Pause Mark End 0.017ms
[2025-08-01T14:44:50.901+0000] GC(101) Concurrent Mark Free 0.001ms
[2025-08-01T14:44:50.905+0000] GC(101) Concurrent Process Non-Strong References 3.142ms
[2025-08-01T14:44:50.905+0000] GC(101) Concurrent Reset Relocation Set 0.002ms
[2025-08-01T14:44:50.908+0000] GC(101) Concurrent Select Relocation Set 3.140ms
[2025-08-01T14:44:50.908+0000] GC(101) Pause Relocate Start 0.007ms
[2025-08-01T14:44:50.909+0000] GC(101) Concurrent Relocate 0.518ms
[2025-08-01T14:44:50.909+0000] GC(101) Heap after GC invocations=102 (full 102):
[2025-08-01T14:44:50.909+0000] GC(101)  ZHeap           used 1000M, capacity 4096M, max capacity 4096M
[2025-08-01T14:44:50.909+0000] GC(101)  Metaspace       used 10643K, committed 10880K, reserved 1114112K
[2025-08-01T14:44:50.909+0000] GC(101)   class space    used 1265K, committed 1344K, reserved 1048576K
[2025-08-01T14:44:50.909+0000] GC(101) Load: 1.64/0.51/0.23
[2025-08-01T14:44:50.909+0000] GC(101) MMU: 2ms/90.0%, 5ms/96.0%, 10ms/97.9%, 20ms/98.9%, 50ms/99.6%, 100ms/99.8%
[2025-08-01T14:44:50.909+0000] GC(101) Mark: 2 stripe(s), 2 proactive flush(es), 1 terminate flush(es), 0 completion(s), 0 continuation(s) 
[2025-08-01T14:44:50.909+0000] GC(101) Mark Stack Usage: 32M
[2025-08-01T14:44:50.909+0000] GC(101) NMethods: 1414 registered, 178 unregistered
[2025-08-01T14:44:50.909+0000] GC(101) Metaspace: 10M used, 10M committed, 1088M reserved
[2025-08-01T14:44:50.909+0000] GC(101) Soft: 228 encountered, 0 discovered, 0 enqueued
[2025-08-01T14:44:50.909+0000] GC(101) Weak: 934 encountered, 680 discovered, 0 enqueued
[2025-08-01T14:44:50.909+0000] GC(101) Final: 0 encountered, 0 discovered, 0 enqueued
[2025-08-01T14:44:50.909+0000] GC(101) Phantom: 3 encountered, 1 discovered, 0 enqueued
[2025-08-01T14:44:50.909+0000] GC(101) Small Pages: 1503 / 3006M, Empty: 2534M, Relocated: 1M, In-Place: 0
[2025-08-01T14:44:50.909+0000] GC(101) Medium Pages: 1 / 32M, Empty: 0M, Relocated: 0M, In-Place: 0
[2025-08-01T14:44:50.909+0000] GC(101) Large Pages: 0 / 0M, Empty: 0M, Relocated: 0M, In-Place: 0
[2025-08-01T14:44:50.909+0000] GC(101) Forwarding Usage: 0M
[2025-08-01T14:44:50.909+0000] GC(101) Min Capacity: 4096M(100%)
[2025-08-01T14:44:50.909+0000] GC(101) Max Capacity: 4096M(100%)
[2025-08-01T14:44:50.909+0000] GC(101) Soft Max Capacity: 4096M(100%)
[2025-08-01T14:44:50.909+0000] GC(101)                Mark Start          Mark End        Relocate Start      Relocate End           High               Low         
[2025-08-01T14:44:50.909+0000] GC(101)  Capacity:     4096M (100%)       4096M (100%)       4096M (100%)       4096M (100%)       4096M (100%)       4096M (100%)   
[2025-08-01T14:44:50.909+0000] GC(101)      Free:     1058M (26%)         554M (14%)        3088M (75%)        3096M (76%)        3096M (76%)         554M (14%)    
[2025-08-01T14:44:50.909+0000] GC(101)      Used:     3038M (74%)        3542M (86%)        1008M (25%)        1000M (24%)        3542M (86%)        1000M (24%)    
[2025-08-01T14:44:50.909+0000] GC(101)      Live:         -               459M (11%)         459M (11%)         459M (11%)            -                  -          
[2025-08-01T14:44:50.909+0000] GC(101) Allocated:         -               504M (12%)         504M (12%)         504M (12%)            -                  -          
[2025-08-01T14:44:50.909+0000] GC(101)   Garbage:         -              2578M (63%)          44M (1%)           36M (1%)             -                  -          
[2025-08-01T14:44:50.909+0000] GC(101) Reclaimed:         -                  -              2534M (62%)        2542M (62%)            -                  -          
[2025-08-01T14:44:50.909+0000] GC(101) Garbage Collection (Allocation Rate) 3038M(74%)->1000M(24%)
[2025-08-01T14:44:51.294+0000] GC(102) Heap before GC invocations=102 (full 102):
[2025-08-01T14:44:51.294+0000] GC(102)  ZHeap           used 2930M, capacity 4096M, max capacity 4096M
[2025-08-01T14:44:51.294+0000] GC(102)  Metaspace       used 10643K, committed 10880K, reserved 1114112K
[2025-08-01T14:44:51.294+0000] GC(102)   class space    used 1265K, committed 1344K, reserved 1048576K
[2025-08-01T14:44:51.295+0000] GC(102) Garbage Collection (Allocation Rate)
[2025-08-01T14:44:51.295+0000] GC(102) Using 2 workers
[2025-08-01T14:44:51.295+0000] GC(102) Pause Mark Start 0.016ms
[2025-08-01T14:44:51.405+0000] GC(102) Concurrent Mark 109.759ms
[2025-08-01T14:44:51.406+0000] GC(102) Pause Mark End 0.027ms
[2025-08-01T14:44:51.406+0000] GC(102) Concurrent Mark Free 0.002ms
[2025-08-01T14:44:51.411+0000] GC(102) Concurrent Process Non-Strong References 5.036ms
[2025-08-01T14:44:51.411+0000] GC(102) Concurrent Reset Relocation Set 0.002ms
[2025-08-01T14:44:51.415+0000] GC(102) Concurrent Select Relocation Set 4.099ms
[2025-08-01T14:44:51.416+0000] GC(102) Pause Relocate Start 0.021ms
[2025-08-01T14:44:51.418+0000] GC(102) Concurrent Relocate 1.552ms
[2025-08-01T14:44:51.418+0000] GC(102) Heap after GC invocations=103 (full 103):
[2025-08-01T14:44:51.418+0000] GC(102)  ZHeap           used 900M, capacity 4096M, max capacity 4096M
[2025-08-01T14:44:51.418+0000] GC(102)  Metaspace       used 10643K, committed 10880K, reserved 1114112K
[2025-08-01T14:44:51.418+0000] GC(102)   class space    used 1265K, committed 1344K, reserved 1048576K
[2025-08-01T14:44:51.418+0000] GC(102) Load: 1.64/0.51/0.23
[2025-08-01T14:44:51.418+0000] GC(102) MMU: 2ms/90.0%, 5ms/96.0%, 10ms/97.9%, 20ms/98.9%, 50ms/99.6%, 100ms/99.8%
[2025-08-01T14:44:51.418+0000] GC(102) Mark: 2 stripe(s), 2 proactive flush(es), 1 terminate flush(es), 0 completion(s), 0 continuation(s) 
[2025-08-01T14:44:51.418+0000] GC(102) Mark Stack Usage: 32M
[2025-08-01T14:44:51.418+0000] GC(102) NMethods: 1414 registered, 178 unregistered
[2025-08-01T14:44:51.418+0000] GC(102) Metaspace: 10M used, 10M committed, 1088M reserved
[2025-08-01T14:44:51.418+0000] GC(102) Soft: 228 encountered, 0 discovered, 0 enqueued
[2025-08-01T14:44:51.418+0000] GC(102) Weak: 934 encountered, 678 discovered, 0 enqueued
[2025-08-01T14:44:51.418+0000] GC(102) Final: 0 encountered, 0 discovered, 0 enqueued
[2025-08-01T14:44:51.418+0000] GC(102) Phantom: 3 encountered, 1 discovered, 0 enqueued
[2025-08-01T14:44:51.418+0000] GC(102) Small Pages: 1450 / 2900M, Empty: 2590M, Relocated: 3M, In-Place: 0
[2025-08-01T14:44:51.418+0000] GC(102) Medium Pages: 1 / 32M, Empty: 0M, Relocated: 0M, In-Place: 0
[2025-08-01T14:44:51.418+0000] GC(102) Large Pages: 0 / 0M, Empty: 0M, Relocated: 0M, In-Place: 0
[2025-08-01T14:44:51.418+0000] GC(102) Forwarding Usage: 0M
[2025-08-01T14:44:51.418+0000] GC(102) Min Capacity: 4096M(100%)
[2025-08-01T14:44:51.418+0000] GC(102) Max Capacity: 4096M(100%)
[2025-08-01T14:44:51.418+0000] GC(102) Soft Max Capacity: 4096M(100%)
[2025-08-01T14:44:51.418+0000] GC(102)                Mark Start          Mark End        Relocate Start      Relocate End           High               Low         
[2025-08-01T14:44:51.418+0000] GC(102)  Capacity:     4096M (100%)       4096M (100%)       4096M (100%)       4096M (100%)       4096M (100%)       4096M (100%)   
[2025-08-01T14:44:51.418+0000] GC(102)      Free:     1164M (28%)         680M (17%)        3208M (78%)        3200M (78%)        3210M (78%)         644M (16%)    
[2025-08-01T14:44:51.418+0000] GC(102)      Used:     2932M (72%)        3416M (83%)         888M (22%)         896M (22%)        3452M (84%)         886M (22%)    
[2025-08-01T14:44:51.418+0000] GC(102)      Live:         -               300M (7%)          300M (7%)          300M (7%)             -                  -          
[2025-08-01T14:44:51.418+0000] GC(102) Allocated:         -               484M (12%)         546M (13%)         562M (14%)            -                  -          
[2025-08-01T14:44:51.419+0000] GC(102)   Garbage:         -              2631M (64%)          41M (1%)           33M (1%)             -                  -          
[2025-08-01T14:44:51.419+0000] GC(102) Reclaimed:         -                  -              2590M (63%)        2598M (63%)            -                  -          
[2025-08-01T14:44:51.419+0000] GC(102) Garbage Collection (Allocation Rate) 2932M(72%)->896M(22%)
[2025-08-01T14:44:51.894+0000] GC(103) Heap before GC invocations=103 (full 103):
[2025-08-01T14:44:51.894+0000] GC(103)  ZHeap           used 3262M, capacity 4096M, max capacity 4096M
[2025-08-01T14:44:51.894+0000] GC(103)  Metaspace       used 10643K, committed 10880K, reserved 1114112K
[2025-08-01T14:44:51.894+0000] GC(103)   class space    used 1265K, committed 1344K, reserved 1048576K
[2025-08-01T14:44:51.894+0000] GC(103) Garbage Collection (Allocation Rate)
[2025-08-01T14:44:51.894+0000] GC(103) Using 2 workers
[2025-08-01T14:44:51.894+0000] GC(103) Pause Mark Start 0.009ms
[2025-08-01T14:44:52.068+0000] GC(103) Concurrent Mark 173.203ms
[2025-08-01T14:44:52.068+0000] GC(103) Pause Mark End 0.019ms
[2025-08-01T14:44:52.068+0000] GC(103) Concurrent Mark Free 0.001ms
[2025-08-01T14:44:52.073+0000] GC(103) Concurrent Process Non-Strong References 4.686ms
[2025-08-01T14:44:52.073+0000] GC(103) Concurrent Reset Relocation Set 0.002ms
[2025-08-01T14:44:52.076+0000] GC(103) Concurrent Select Relocation Set 2.970ms
[2025-08-01T14:44:52.078+0000] GC(103) Pause Relocate Start 0.067ms
[2025-08-01T14:44:52.082+0000] GC(103) Concurrent Relocate 3.320ms
[2025-08-01T14:44:52.082+0000] GC(103) Heap after GC invocations=104 (full 104):
[2025-08-01T14:44:52.082+0000] GC(103)  ZHeap           used 1634M, capacity 4096M, max capacity 4096M
[2025-08-01T14:44:52.082+0000] GC(103)  Metaspace       used 10643K, committed 10880K, reserved 1114112K
[2025-08-01T14:44:52.082+0000] GC(103)   class space    used 1265K, committed 1344K, reserved 1048576K
[2025-08-01T14:44:52.082+0000] GC(103) Load: 1.59/0.52/0.23
[2025-08-01T14:44:52.082+0000] GC(103) MMU: 2ms/90.0%, 5ms/96.0%, 10ms/97.9%, 20ms/98.9%, 50ms/99.6%, 100ms/99.8%
[2025-08-01T14:44:52.082+0000] GC(103) Mark: 2 stripe(s), 2 proactive flush(es), 1 terminate flush(es), 0 completion(s), 0 continuation(s) 
[2025-08-01T14:44:52.082+0000] GC(103) Mark Stack Usage: 32M
[2025-08-01T14:44:52.082+0000] GC(103) NMethods: 1415 registered, 178 unregistered
[2025-08-01T14:44:52.082+0000] GC(103) Metaspace: 10M used, 10M committed, 1088M reserved
[2025-08-01T14:44:52.082+0000] GC(103) Soft: 228 encountered, 0 discovered, 0 enqueued
[2025-08-01T14:44:52.082+0000] GC(103) Weak: 934 encountered, 704 discovered, 0 enqueued
[2025-08-01T14:44:52.082+0000] GC(103) Final: 0 encountered, 0 discovered, 0 enqueued
[2025-08-01T14:44:52.082+0000] GC(103) Phantom: 3 encountered, 2 discovered, 0 enqueued
[2025-08-01T14:44:52.082+0000] GC(103) Small Pages: 1617 / 3234M, Empty: 2434M, Relocated: 5M, In-Place: 0
[2025-08-01T14:44:52.082+0000] GC(103) Medium Pages: 1 / 32M, Empty: 0M, Relocated: 0M, In-Place: 0
[2025-08-01T14:44:52.082+0000] GC(103) Large Pages: 0 / 0M, Empty: 0M, Relocated: 0M, In-Place: 0
[2025-08-01T14:44:52.082+0000] GC(103) Forwarding Usage: 0M
[2025-08-01T14:44:52.082+0000] GC(103) Min Capacity: 4096M(100%)
[2025-08-01T14:44:52.082+0000] GC(103) Max Capacity: 4096M(100%)
[2025-08-01T14:44:52.082+0000] GC(103) Soft Max Capacity: 4096M(100%)
[2025-08-01T14:44:52.082+0000] GC(103)                Mark Start          Mark End        Relocate Start      Relocate End           High               Low         
[2025-08-01T14:44:52.082+0000] GC(103)  Capacity:     4096M (100%)       4096M (100%)       4096M (100%)       4096M (100%)       4096M (100%)       4096M (100%)   
[2025-08-01T14:44:52.082+0000] GC(103)      Free:      830M (20%)          98M (2%)         2492M (61%)        2466M (60%)        2518M (61%)          86M (2%)     
[2025-08-01T14:44:52.082+0000] GC(103)      Used:     3266M (80%)        3998M (98%)        1604M (39%)        1630M (40%)        4010M (98%)        1578M (39%)    
[2025-08-01T14:44:52.082+0000] GC(103)      Live:         -               783M (19%)         783M (19%)         783M (19%)            -                  -          
[2025-08-01T14:44:52.082+0000] GC(103) Allocated:         -               732M (18%)         772M (19%)         811M (20%)            -                  -          
[2025-08-01T14:44:52.082+0000] GC(103)   Garbage:         -              2482M (61%)          48M (1%)           34M (1%)             -                  -          
[2025-08-01T14:44:52.082+0000] GC(103) Reclaimed:         -                  -              2434M (59%)        2447M (60%)            -                  -          
[2025-08-01T14:44:52.082+0000] GC(103) Garbage Collection (Allocation Rate) 3266M(80%)->1630M(40%)
[2025-08-01T14:44:52.294+0000] GC(104) Heap before GC invocations=104 (full 104):
[2025-08-01T14:44:52.294+0000] GC(104)  ZHeap           used 2594M, capacity 4096M, max capacity 4096M
[2025-08-01T14:44:52.294+0000] GC(104)  Metaspace       used 10643K, committed 10880K, reserved 1114112K
[2025-08-01T14:44:52.294+0000] GC(104)   class space    used 1265K, committed 1344K, reserved 1048576K
[2025-08-01T14:44:52.294+0000] GC(104) Garbage Collection (Allocation Rate)
[2025-08-01T14:44:52.294+0000] GC(104) Using 2 workers
[2025-08-01T14:44:52.295+0000] GC(104) Pause Mark Start 0.011ms
[2025-08-01T14:44:52.438+0000] GC(104) Concurrent Mark 142.973ms
[2025-08-01T14:44:52.438+0000] GC(104) Pause Mark End 0.019ms
[2025-08-01T14:44:52.438+0000] GC(104) Concurrent Mark Free 0.002ms
[2025-08-01T14:44:52.441+0000] GC(104) Concurrent Process Non-Strong References 2.782ms
[2025-08-01T14:44:52.441+0000] GC(104) Concurrent Reset Relocation Set 0.003ms
[2025-08-01T14:44:52.444+0000] GC(104) Concurrent Select Relocation Set 3.205ms
[2025-08-01T14:44:52.445+0000] GC(104) Pause Relocate Start 0.012ms
[2025-08-01T14:44:52.449+0000] GC(104) Concurrent Relocate 4.233ms
[2025-08-01T14:44:52.449+0000] GC(104) Heap after GC invocations=105 (full 105):
[2025-08-01T14:44:52.449+0000] GC(104)  ZHeap           used 1400M, capacity 4096M, max capacity 4096M
[2025-08-01T14:44:52.449+0000] GC(104)  Metaspace       used 10643K, committed 10880K, reserved 1114112K
[2025-08-01T14:44:52.449+0000] GC(104)   class space    used 1265K, committed 1344K, reserved 1048576K
[2025-08-01T14:44:52.449+0000] GC(104) Load: 1.59/0.52/0.23
[2025-08-01T14:44:52.449+0000] GC(104) MMU: 2ms/90.0%, 5ms/96.0%, 10ms/97.9%, 20ms/98.9%, 50ms/99.6%, 100ms/99.8%
[2025-08-01T14:44:52.449+0000] GC(104) Mark: 2 stripe(s), 3 proactive flush(es), 1 terminate flush(es), 0 completion(s), 0 continuation(s) 
[2025-08-01T14:44:52.449+0000] GC(104) Mark Stack Usage: 32M
[2025-08-01T14:44:52.449+0000] GC(104) NMethods: 1416 registered, 178 unregistered
[2025-08-01T14:44:52.449+0000] GC(104) Metaspace: 10M used, 10M committed, 1088M reserved
[2025-08-01T14:44:52.449+0000] GC(104) Soft: 228 encountered, 0 discovered, 0 enqueued
[2025-08-01T14:44:52.449+0000] GC(104) Weak: 934 encountered, 686 discovered, 0 enqueued
[2025-08-01T14:44:52.449+0000] GC(104) Final: 0 encountered, 0 discovered, 0 enqueued
[2025-08-01T14:44:52.449+0000] GC(104) Phantom: 3 encountered, 1 discovered, 0 enqueued
[2025-08-01T14:44:52.449+0000] GC(104) Small Pages: 1283 / 2566M, Empty: 1936M, Relocated: 5M, In-Place: 0
[2025-08-01T14:44:52.449+0000] GC(104) Medium Pages: 1 / 32M, Empty: 0M, Relocated: 0M, In-Place: 0
[2025-08-01T14:44:52.450+0000] GC(104) Large Pages: 0 / 0M, Empty: 0M, Relocated: 0M, In-Place: 0
[2025-08-01T14:44:52.450+0000] GC(104) Forwarding Usage: 0M
[2025-08-01T14:44:52.450+0000] GC(104) Min Capacity: 4096M(100%)
[2025-08-01T14:44:52.450+0000] GC(104) Max Capacity: 4096M(100%)
[2025-08-01T14:44:52.450+0000] GC(104) Soft Max Capacity: 4096M(100%)
[2025-08-01T14:44:52.450+0000] GC(104)                Mark Start          Mark End        Relocate Start      Relocate End           High               Low         
[2025-08-01T14:44:52.450+0000] GC(104)  Capacity:     4096M (100%)       4096M (100%)       4096M (100%)       4096M (100%)       4096M (100%)       4096M (100%)   
[2025-08-01T14:44:52.450+0000] GC(104)      Free:     1498M (37%)         768M (19%)        2692M (66%)        2696M (66%)        2704M (66%)         768M (19%)    
[2025-08-01T14:44:52.450+0000] GC(104)      Used:     2598M (63%)        3328M (81%)        1404M (34%)        1400M (34%)        3328M (81%)        1392M (34%)    
[2025-08-01T14:44:52.450+0000] GC(104)      Live:         -               613M (15%)         613M (15%)         613M (15%)            -                  -          
[2025-08-01T14:44:52.450+0000] GC(104) Allocated:         -               730M (18%)         742M (18%)         750M (18%)            -                  -          
[2025-08-01T14:44:52.450+0000] GC(104)   Garbage:         -              1984M (48%)          48M (1%)           36M (1%)             -                  -          
[2025-08-01T14:44:52.450+0000] GC(104) Reclaimed:         -                  -              1936M (47%)        1948M (48%)            -                  -          
[2025-08-01T14:44:52.450+0000] GC(104) Garbage Collection (Allocation Rate) 2598M(63%)->1400M(34%)
[2025-08-01T14:44:52.694+0000] GC(105) Heap before GC invocations=105 (full 105):
[2025-08-01T14:44:52.694+0000] GC(105)  ZHeap           used 2536M, capacity 4096M, max capacity 4096M
[2025-08-01T14:44:52.694+0000] GC(105)  Metaspace       used 10643K, committed 10880K, reserved 1114112K
[2025-08-01T14:44:52.694+0000] GC(105)   class space    used 1265K, committed 1344K, reserved 1048576K
[2025-08-01T14:44:52.694+0000] GC(105) Garbage Collection (Allocation Rate)
[2025-08-01T14:44:52.694+0000] GC(105) Using 2 workers
[2025-08-01T14:44:52.694+0000] GC(105) Pause Mark Start 0.012ms
[2025-08-01T14:44:52.834+0000] GC(105) Concurrent Mark 139.524ms
[2025-08-01T14:44:52.834+0000] GC(105) Pause Mark End 0.018ms
[2025-08-01T14:44:52.835+0000] GC(105) Concurrent Mark Free 0.001ms
[2025-08-01T14:44:52.837+0000] GC(105) Concurrent Process Non-Strong References 2.318ms
[2025-08-01T14:44:52.837+0000] GC(105) Concurrent Reset Relocation Set 0.002ms
[2025-08-01T14:44:52.840+0000] GC(105) Concurrent Select Relocation Set 2.791ms
[2025-08-01T14:44:52.840+0000] GC(105) Pause Relocate Start 0.005ms
[2025-08-01T14:44:52.841+0000] GC(105) Concurrent Relocate 0.759ms
[2025-08-01T14:44:52.841+0000] GC(105) Heap after GC invocations=106 (full 106):
[2025-08-01T14:44:52.841+0000] GC(105)  ZHeap           used 1304M, capacity 4096M, max capacity 4096M
[2025-08-01T14:44:52.841+0000] GC(105)  Metaspace       used 10643K, committed 10880K, reserved 1114112K
[2025-08-01T14:44:52.841+0000] GC(105)   class space    used 1265K, committed 1344K, reserved 1048576K
[2025-08-01T14:44:52.841+0000] GC(105) Load: 1.59/0.52/0.23
[2025-08-01T14:44:52.841+0000] GC(105) MMU: 2ms/90.0%, 5ms/96.0%, 10ms/97.9%, 20ms/98.9%, 50ms/99.6%, 100ms/99.8%
[2025-08-01T14:44:52.841+0000] GC(105) Mark: 2 stripe(s), 2 proactive flush(es), 1 terminate flush(es), 0 completion(s), 0 continuation(s) 
[2025-08-01T14:44:52.841+0000] GC(105) Mark Stack Usage: 32M
[2025-08-01T14:44:52.841+0000] GC(105) NMethods: 1415 registered, 179 unregistered
[2025-08-01T14:44:52.841+0000] GC(105) Metaspace: 10M used, 10M committed, 1088M reserved
[2025-08-01T14:44:52.841+0000] GC(105) Soft: 228 encountered, 0 discovered, 0 enqueued
[2025-08-01T14:44:52.841+0000] GC(105) Weak: 934 encountered, 709 discovered, 0 enqueued
[2025-08-01T14:44:52.841+0000] GC(105) Final: 0 encountered, 0 discovered, 0 enqueued
[2025-08-01T14:44:52.841+0000] GC(105) Phantom: 3 encountered, 1 discovered, 0 enqueued
[2025-08-01T14:44:52.841+0000] GC(105) Small Pages: 1252 / 2504M, Empty: 1910M, Relocated: 3M, In-Place: 0
[2025-08-01T14:44:52.841+0000] GC(105) Medium Pages: 1 / 32M, Empty: 0M, Relocated: 0M, In-Place: 0
[2025-08-01T14:44:52.841+0000] GC(105) Large Pages: 0 / 0M, Empty: 0M, Relocated: 0M, In-Place: 0
[2025-08-01T14:44:52.841+0000] GC(105) Forwarding Usage: 0M
[2025-08-01T14:44:52.841+0000] GC(105) Min Capacity: 4096M(100%)
[2025-08-01T14:44:52.841+0000] GC(105) Max Capacity: 4096M(100%)
[2025-08-01T14:44:52.841+0000] GC(105) Soft Max Capacity: 4096M(100%)
[2025-08-01T14:44:52.841+0000] GC(105)                Mark Start          Mark End        Relocate Start      Relocate End           High               Low         
[2025-08-01T14:44:52.841+0000] GC(105)  Capacity:     4096M (100%)       4096M (100%)       4096M (100%)       4096M (100%)       4096M (100%)       4096M (100%)   
[2025-08-01T14:44:52.841+0000] GC(105)      Free:     1560M (38%)         872M (21%)        2782M (68%)        2792M (68%)        2792M (68%)         872M (21%)    
[2025-08-01T14:44:52.841+0000] GC(105)      Used:     2536M (62%)        3224M (79%)        1314M (32%)        1304M (32%)        3224M (79%)        1304M (32%)    
[2025-08-01T14:44:52.841+0000] GC(105)      Live:         -               581M (14%)         581M (14%)         581M (14%)            -                  -          
[2025-08-01T14:44:52.841+0000] GC(105) Allocated:         -               688M (17%)         688M (17%)         688M (17%)            -                  -          
[2025-08-01T14:44:52.841+0000] GC(105)   Garbage:         -              1954M (48%)          44M (1%)           34M (1%)             -                  -          
[2025-08-01T14:44:52.841+0000] GC(105) Reclaimed:         -                  -              1910M (47%)        1920M (47%)            -                  -          
[2025-08-01T14:44:52.841+0000] GC(105) Garbage Collection (Allocation Rate) 2536M(62%)->1304M(32%)
[2025-08-01T14:44:53.193+0000] GC(106) Heap before GC invocations=106 (full 106):
[2025-08-01T14:44:53.193+0000] GC(106)  ZHeap           used 3112M, capacity 4096M, max capacity 4096M
[2025-08-01T14:44:53.193+0000] GC(106)  Metaspace       used 10643K, committed 10880K, reserved 1114112K
[2025-08-01T14:44:53.193+0000] GC(106)   class space    used 1265K, committed 1344K, reserved 1048576K
[2025-08-01T14:44:53.193+0000] GC(106) Garbage Collection (Allocation Rate)
[2025-08-01T14:44:53.194+0000] GC(106) Using 2 workers
[2025-08-01T14:44:53.194+0000] GC(106) Pause Mark Start 0.010ms
[2025-08-01T14:44:53.288+0000] GC(106) Concurrent Mark 92.885ms
[2025-08-01T14:44:53.288+0000] GC(106) Pause Mark End 0.019ms
[2025-08-01T14:44:53.288+0000] GC(106) Concurrent Mark Free 0.004ms
[2025-08-01T14:44:53.291+0000] GC(106) Concurrent Process Non-Strong References 2.940ms
[2025-08-01T14:44:53.291+0000] GC(106) Concurrent Reset Relocation Set 0.002ms
[2025-08-01T14:44:53.293+0000] GC(106) Concurrent Select Relocation Set 2.161ms
[2025-08-01T14:44:53.294+0000] GC(106) Pause Relocate Start 0.011ms
[2025-08-01T14:44:53.296+0000] GC(106) Concurrent Relocate 1.385ms
[2025-08-01T14:44:53.296+0000] GC(106) Heap after GC invocations=107 (full 107):
[2025-08-01T14:44:53.296+0000] GC(106)  ZHeap           used 960M, capacity 4096M, max capacity 4096M
[2025-08-01T14:44:53.296+0000] GC(106)  Metaspace       used 10643K, committed 10880K, reserved 1114112K
[2025-08-01T14:44:53.296+0000] GC(106)   class space    used 1265K, committed 1344K, reserved 1048576K
[2025-08-01T14:44:53.296+0000] GC(106) Load: 1.59/0.52/0.23
[2025-08-01T14:44:53.296+0000] GC(106) MMU: 2ms/90.0%, 5ms/96.0%, 10ms/97.9%, 20ms/98.9%, 50ms/99.6%, 100ms/99.8%
[2025-08-01T14:44:53.296+0000] GC(106) Mark: 2 stripe(s), 2 proactive flush(es), 1 terminate flush(es), 0 completion(s), 0 continuation(s) 
[2025-08-01T14:44:53.296+0000] GC(106) Mark Stack Usage: 32M
[2025-08-01T14:44:53.296+0000] GC(106) NMethods: 1415 registered, 179 unregistered
[2025-08-01T14:44:53.296+0000] GC(106) Metaspace: 10M used, 10M committed, 1088M reserved
[2025-08-01T14:44:53.296+0000] GC(106) Soft: 228 encountered, 0 discovered, 0 enqueued
[2025-08-01T14:44:53.296+0000] GC(106) Weak: 934 encountered, 677 discovered, 0 enqueued
[2025-08-01T14:44:53.296+0000] GC(106) Final: 0 encountered, 0 discovered, 0 enqueued
[2025-08-01T14:44:53.296+0000] GC(106) Phantom: 3 encountered, 1 discovered, 0 enqueued
[2025-08-01T14:44:53.296+0000] GC(106) Small Pages: 1541 / 3082M, Empty: 2642M, Relocated: 4M, In-Place: 0
[2025-08-01T14:44:53.296+0000] GC(106) Medium Pages: 1 / 32M, Empty: 0M, Relocated: 0M, In-Place: 0
[2025-08-01T14:44:53.296+0000] GC(106) Large Pages: 0 / 0M, Empty: 0M, Relocated: 0M, In-Place: 0
[2025-08-01T14:44:53.296+0000] GC(106) Forwarding Usage: 0M
[2025-08-01T14:44:53.296+0000] GC(106) Min Capacity: 4096M(100%)
[2025-08-01T14:44:53.296+0000] GC(106) Max Capacity: 4096M(100%)
[2025-08-01T14:44:53.296+0000] GC(106) Soft Max Capacity: 4096M(100%)
[2025-08-01T14:44:53.296+0000] GC(106)                Mark Start          Mark End        Relocate Start      Relocate End           High               Low         
[2025-08-01T14:44:53.296+0000] GC(106)  Capacity:     4096M (100%)       4096M (100%)       4096M (100%)       4096M (100%)       4096M (100%)       4096M (100%)   
[2025-08-01T14:44:53.296+0000] GC(106)      Free:      982M (24%)         524M (13%)        3132M (76%)        3136M (77%)        3136M (77%)         508M (12%)    
[2025-08-01T14:44:53.296+0000] GC(106)      Used:     3114M (76%)        3572M (87%)         964M (24%)         960M (23%)        3588M (88%)         960M (23%)    
[2025-08-01T14:44:53.296+0000] GC(106)      Live:         -               429M (10%)         429M (10%)         429M (10%)            -                  -          
[2025-08-01T14:44:53.296+0000] GC(106) Allocated:         -               458M (11%)         492M (12%)         494M (12%)            -                  -          
[2025-08-01T14:44:53.296+0000] GC(106)   Garbage:         -              2684M (66%)          42M (1%)           36M (1%)             -                  -          
[2025-08-01T14:44:53.296+0000] GC(106) Reclaimed:         -                  -              2642M (65%)        2648M (65%)            -                  -          
[2025-08-01T14:44:53.296+0000] GC(106) Garbage Collection (Allocation Rate) 3114M(76%)->960M(23%)
[2025-08-01T14:44:53.693+0000] === Garbage Collection Statistics =======================================================================================================================
[2025-08-01T14:44:53.693+0000]                                                              Last 10s              Last 10m              Last 10h                Total
[2025-08-01T14:44:53.693+0000]                                                              Avg / Max             Avg / Max             Avg / Max             Avg / Max
[2025-08-01T14:44:53.693+0000]   Collector: Garbage Collection Cycle                    131.825 / 188.064     150.611 / 346.825     150.611 / 346.825     150.611 / 346.825     ms
[2025-08-01T14:44:53.693+0000]  Contention: Mark Segment Reset Contention                     0 / 1                 0 / 2                 0 / 2                 0 / 2           ops/s
[2025-08-01T14:44:53.693+0000]  Contention: Mark SeqNum Reset Contention                      0 / 0                 0 / 1                 0 / 1                 0 / 1           ops/s
[2025-08-01T14:44:53.693+0000]    Critical: Allocation Stall                                  0 / 0                 0 / 0                 0 / 0                 0 / 0           ops/s
[2025-08-01T14:44:53.693+0000]    Critical: Allocation Stall                              0.000 / 0.000         0.000 / 0.000         0.000 / 0.000         0.000 / 0.000       ms
[2025-08-01T14:44:53.693+0000]    Critical: GC Locker Stall                                   0 / 0                 0 / 0                 0 / 0                 0 / 0           ops/s
[2025-08-01T14:44:53.693+0000]    Critical: GC Locker Stall                               0.000 / 0.000         0.000 / 0.000         0.000 / 0.000         0.000 / 0.000       ms
[2025-08-01T14:44:53.693+0000]    Critical: Relocation Stall                                  0 / 0                 0 / 0                 0 / 0                 0 / 0           ops/s
[2025-08-01T14:44:53.693+0000]    Critical: Relocation Stall                              0.000 / 0.000         0.000 / 0.000         0.000 / 0.000         0.000 / 0.000       ms
[2025-08-01T14:44:53.693+0000]      Memory: Allocation Rate                                4835 / 5040           4384 / 5128           4384 / 5128           4384 / 5128        MB/s
[2025-08-01T14:44:53.693+0000]      Memory: Defragment                                        0 / 0                 0 / 0                 0 / 0                 0 / 0           ops/s
[2025-08-01T14:44:53.693+0000]      Memory: Out Of Memory                                     0 / 0                 0 / 0                 0 / 0                 0 / 0           ops/s
[2025-08-01T14:44:53.693+0000]      Memory: Page Cache Flush                                  0 / 0                 0 / 0                 0 / 0                 0 / 0           MB/s
[2025-08-01T14:44:53.693+0000]      Memory: Page Cache Hit L1                              2420 / 2528           2153 / 2578           2153 / 2578           2153 / 2578        ops/s
[2025-08-01T14:44:53.693+0000]      Memory: Page Cache Hit L2                                 0 / 0                 0 / 0                 0 / 0                 0 / 0           ops/s
[2025-08-01T14:44:53.693+0000]      Memory: Page Cache Hit L3                                 2 / 29               41 / 551              41 / 551              41 / 551         ops/s
[2025-08-01T14:44:53.693+0000]      Memory: Page Cache Miss                                   0 / 0                 0 / 1                 0 / 1                 0 / 1           ops/s
[2025-08-01T14:44:53.693+0000]      Memory: Uncommit                                          0 / 0                 0 / 0                 0 / 0                 0 / 0           MB/s
[2025-08-01T14:44:53.693+0000]      Memory: Undo Object Allocation Failed                     0 / 0                 0 / 3                 0 / 3                 0 / 3           ops/s
[2025-08-01T14:44:53.693+0000]      Memory: Undo Object Allocation Succeeded                  0 / 0                 0 / 3                 0 / 3                 0 / 3           ops/s
[2025-08-01T14:44:53.693+0000]      Memory: Undo Page Allocation                              0 / 0                 0 / 1                 0 / 1                 0 / 1           ops/s
[2025-08-01T14:44:53.693+0000]       Phase: Concurrent Mark                             120.562 / 173.203     137.548 / 335.006     137.548 / 335.006     137.548 / 335.006     ms
[2025-08-01T14:44:53.693+0000]       Phase: Concurrent Mark Continue                      0.000 / 0.000         0.000 / 0.000         0.000 / 0.000         0.000 / 0.000       ms
[2025-08-01T14:44:53.693+0000]       Phase: Concurrent Mark Free                          0.002 / 0.004         0.002 / 0.005         0.002 / 0.005         0.002 / 0.005       ms
[2025-08-01T14:44:53.693+0000]       Phase: Concurrent Process Non-Strong References      3.708 / 7.101         3.844 / 11.932        3.844 / 11.932        3.844 / 11.932      ms
[2025-08-01T14:44:53.693+0000]       Phase: Concurrent Relocate                           1.675 / 4.233         2.802 / 16.307        2.802 / 16.307        2.802 / 16.307      ms
[2025-08-01T14:44:53.693+0000]       Phase: Concurrent Reset Relocation Set               0.003 / 0.004         0.002 / 0.004         0.002 / 0.004         0.002 / 0.004       ms
[2025-08-01T14:44:53.693+0000]       Phase: Concurrent Select Relocation Set              3.492 / 4.223         3.812 / 16.702        3.812 / 16.702        3.812 / 16.702      ms
[2025-08-01T14:44:53.693+0000]       Phase: Pause Mark End                                0.024 / 0.095         0.024 / 0.200         0.024 / 0.200         0.024 / 0.200       ms
[2025-08-01T14:44:53.693+0000]       Phase: Pause Mark Start                              0.014 / 0.029         0.014 / 0.074         0.014 / 0.074         0.014 / 0.074       ms
[2025-08-01T14:44:53.693+0000]       Phase: Pause Relocate Start                          0.015 / 0.067         0.014 / 0.075         0.014 / 0.075         0.014 / 0.075       ms
[2025-08-01T14:44:53.693+0000]    Subphase: Concurrent Classes Purge                      0.028 / 0.068         0.030 / 0.147         0.030 / 0.147         0.030 / 0.147       ms
[2025-08-01T14:44:53.693+0000]    Subphase: Concurrent Classes Unlink                     2.396 / 4.560         2.473 / 6.492         2.473 / 6.492         2.473 / 6.492       ms
[2025-08-01T14:44:53.693+0000]    Subphase: Concurrent Mark                             119.526 / 172.763     136.044 / 334.367     136.044 / 334.367     136.044 / 334.367     ms
[2025-08-01T14:44:53.693+0000]    Subphase: Concurrent Mark Try Flush                     0.476 / 2.040         0.515 / 7.713         0.515 / 7.713         0.515 / 7.713       ms
[2025-08-01T14:44:53.693+0000]    Subphase: Concurrent Mark Try Terminate                 0.936 / 3.103         0.900 / 3.103         0.900 / 3.103         0.900 / 3.103       ms
[2025-08-01T14:44:53.693+0000]    Subphase: Concurrent References Enqueue                 0.001 / 0.001         0.001 / 0.006         0.001 / 0.006         0.001 / 0.006       ms
[2025-08-01T14:44:53.693+0000]    Subphase: Concurrent References Process                 0.245 / 0.379         0.262 / 1.029         0.262 / 1.029         0.262 / 1.029       ms
[2025-08-01T14:44:53.693+0000]    Subphase: Concurrent Roots ClassLoaderDataGraph         0.104 / 0.394         0.141 / 1.286         0.141 / 1.286         0.141 / 1.286       ms
[2025-08-01T14:44:53.694+0000]    Subphase: Concurrent Roots CodeCache                    0.000 / 0.000         0.000 / 0.000         0.000 / 0.000         0.000 / 0.000       ms
[2025-08-01T14:44:53.694+0000]    Subphase: Concurrent Roots JavaThreads                  0.087 / 0.185         0.123 / 1.222         0.123 / 1.222         0.123 / 1.222       ms
[2025-08-01T14:44:53.694+0000]    Subphase: Concurrent Roots OopStorageSet                0.021 / 0.034         0.036 / 0.238         0.036 / 0.238         0.036 / 0.238       ms
[2025-08-01T14:44:53.694+0000]    Subphase: Concurrent Weak Roots OopStorageSet           0.201 / 0.383         0.246 / 2.271         0.246 / 2.271         0.246 / 2.271       ms
[2025-08-01T14:44:53.694+0000]    Subphase: Pause Mark Try Complete                       0.000 / 0.000         0.000 / 0.000         0.000 / 0.000         0.000 / 0.000       ms
[2025-08-01T14:44:53.694+0000]      System: Java Threads                                     14 / 14               14 / 14               14 / 14               14 / 14          threads
[2025-08-01T14:44:53.694+0000] =========================================================================================================================================================
[2025-08-01T14:44:53.694+0000] GC(107) Heap before GC invocations=107 (full 107):
[2025-08-01T14:44:53.694+0000] GC(107)  ZHeap           used 2892M, capacity 4096M, max capacity 4096M
[2025-08-01T14:44:53.694+0000] GC(107)  Metaspace       used 10643K, committed 10880K, reserved 1114112K
[2025-08-01T14:44:53.694+0000] GC(107)   class space    used 1265K, committed 1344K, reserved 1048576K
[2025-08-01T14:44:53.694+0000] GC(107) Garbage Collection (Allocation Rate)
[2025-08-01T14:44:53.694+0000] GC(107) Using 2 workers
[2025-08-01T14:44:53.694+0000] GC(107) Pause Mark Start 0.010ms
[2025-08-01T14:44:53.784+0000] GC(107) Concurrent Mark 90.345ms
[2025-08-01T14:44:53.785+0000] GC(107) Pause Mark End 0.013ms
[2025-08-01T14:44:53.785+0000] GC(107) Concurrent Mark Free 0.002ms
[2025-08-01T14:44:53.789+0000] GC(107) Concurrent Process Non-Strong References 4.024ms
[2025-08-01T14:44:53.789+0000] GC(107) Concurrent Reset Relocation Set 0.004ms
[2025-08-01T14:44:53.792+0000] GC(107) Concurrent Select Relocation Set 3.036ms
[2025-08-01T14:44:53.792+0000] GC(107) Pause Relocate Start 0.017ms
[2025-08-01T14:44:53.795+0000] GC(107) Concurrent Relocate 2.319ms
[2025-08-01T14:44:53.795+0000] GC(107) Heap after GC invocations=108 (full 108):
[2025-08-01T14:44:53.795+0000] GC(107)  ZHeap           used 994M, capacity 4096M, max capacity 4096M
[2025-08-01T14:44:53.795+0000] GC(107)  Metaspace       used 10643K, committed 10880K, reserved 1114112K
[2025-08-01T14:44:53.795+0000] GC(107)   class space    used 1265K, committed 1344K, reserved 1048576K
[2025-08-01T14:44:53.795+0000] GC(107) Load: 1.59/0.52/0.23
[2025-08-01T14:44:53.795+0000] GC(107) MMU: 2ms/90.0%, 5ms/96.0%, 10ms/97.9%, 20ms/98.9%, 50ms/99.6%, 100ms/99.8%
[2025-08-01T14:44:53.795+0000] GC(107) Mark: 2 stripe(s), 2 proactive flush(es), 1 terminate flush(es), 0 completion(s), 0 continuation(s) 
[2025-08-01T14:44:53.795+0000] GC(107) Mark Stack Usage: 32M
[2025-08-01T14:44:53.795+0000] GC(107) NMethods: 1415 registered, 179 unregistered
[2025-08-01T14:44:53.795+0000] GC(107) Metaspace: 10M used, 10M committed, 1088M reserved
[2025-08-01T14:44:53.795+0000] GC(107) Soft: 228 encountered, 0 discovered, 0 enqueued
[2025-08-01T14:44:53.795+0000] GC(107) Weak: 934 encountered, 701 discovered, 0 enqueued
[2025-08-01T14:44:53.795+0000] GC(107) Final: 0 encountered, 0 discovered, 0 enqueued
[2025-08-01T14:44:53.795+0000] GC(107) Phantom: 3 encountered, 2 discovered, 0 enqueued
[2025-08-01T14:44:53.795+0000] GC(107) Small Pages: 1430 / 2860M, Empty: 2418M, Relocated: 4M, In-Place: 0
[2025-08-01T14:44:53.795+0000] GC(107) Medium Pages: 1 / 32M, Empty: 0M, Relocated: 0M, In-Place: 0
[2025-08-01T14:44:53.795+0000] GC(107) Large Pages: 0 / 0M, Empty: 0M, Relocated: 0M, In-Place: 0
[2025-08-01T14:44:53.795+0000] GC(107) Forwarding Usage: 0M
[2025-08-01T14:44:53.795+0000] GC(107) Min Capacity: 4096M(100%)
[2025-08-01T14:44:53.795+0000] GC(107) Max Capacity: 4096M(100%)
[2025-08-01T14:44:53.795+0000] GC(107) Soft Max Capacity: 4096M(100%)
[2025-08-01T14:44:53.795+0000] GC(107)                Mark Start          Mark End        Relocate Start      Relocate End           High               Low         
[2025-08-01T14:44:53.795+0000] GC(107)  Capacity:     4096M (100%)       4096M (100%)       4096M (100%)       4096M (100%)       4096M (100%)       4096M (100%)   
[2025-08-01T14:44:53.795+0000] GC(107)      Free:     1204M (29%)         764M (19%)        3112M (76%)        3102M (76%)        3114M (76%)         720M (18%)    
[2025-08-01T14:44:53.795+0000] GC(107)      Used:     2892M (71%)        3332M (81%)         984M (24%)         994M (24%)        3376M (82%)         982M (24%)    
[2025-08-01T14:44:53.795+0000] GC(107)      Live:         -               432M (11%)         432M (11%)         432M (11%)            -                  -          
[2025-08-01T14:44:53.795+0000] GC(107) Allocated:         -               440M (11%)         510M (12%)         528M (13%)            -                  -          
[2025-08-01T14:44:53.795+0000] GC(107)   Garbage:         -              2459M (60%)          41M (1%)           33M (1%)             -                  -          
[2025-08-01T14:44:53.795+0000] GC(107) Reclaimed:         -                  -              2418M (59%)        2426M (59%)            -                  -          
[2025-08-01T14:44:53.795+0000] GC(107) Garbage Collection (Allocation Rate) 2892M(71%)->994M(24%)
[2025-08-01T14:44:54.193+0000] GC(108) Heap before GC invocations=108 (full 108):
[2025-08-01T14:44:54.193+0000] GC(108)  ZHeap           used 3066M, capacity 4096M, max capacity 4096M
[2025-08-01T14:44:54.193+0000] GC(108)  Metaspace       used 10643K, committed 10880K, reserved 1114112K
[2025-08-01T14:44:54.193+0000] GC(108)   class space    used 1265K, committed 1344K, reserved 1048576K
[2025-08-01T14:44:54.193+0000] GC(108) Garbage Collection (Allocation Rate)
[2025-08-01T14:44:54.193+0000] GC(108) Using 2 workers
[2025-08-01T14:44:54.194+0000] GC(108) Pause Mark Start 0.014ms
[2025-08-01T14:44:54.338+0000] GC(108) Concurrent Mark 144.244ms
[2025-08-01T14:44:54.339+0000] GC(108) Pause Mark End 0.018ms
[2025-08-01T14:44:54.339+0000] GC(108) Concurrent Mark Free 0.002ms
[2025-08-01T14:44:54.343+0000] GC(108) Concurrent Process Non-Strong References 4.116ms
[2025-08-01T14:44:54.343+0000] GC(108) Concurrent Reset Relocation Set 0.004ms
[2025-08-01T14:44:54.347+0000] GC(108) Concurrent Select Relocation Set 3.361ms
[2025-08-01T14:44:54.347+0000] GC(108) Pause Relocate Start 0.010ms
[2025-08-01T14:44:54.348+0000] GC(108) Concurrent Relocate 1.142ms
[2025-08-01T14:44:54.348+0000] GC(108) Heap after GC invocations=109 (full 109):
[2025-08-01T14:44:54.348+0000] GC(108)  ZHeap           used 1440M, capacity 4096M, max capacity 4096M
[2025-08-01T14:44:54.348+0000] GC(108)  Metaspace       used 10643K, committed 10880K, reserved 1114112K
[2025-08-01T14:44:54.348+0000] GC(108)   class space    used 1265K, committed 1344K, reserved 1048576K
[2025-08-01T14:44:54.348+0000] GC(108) Load: 1.59/0.52/0.23
[2025-08-01T14:44:54.348+0000] GC(108) MMU: 2ms/90.0%, 5ms/96.0%, 10ms/97.9%, 20ms/98.9%, 50ms/99.6%, 100ms/99.8%
[2025-08-01T14:44:54.348+0000] GC(108) Mark: 2 stripe(s), 2 proactive flush(es), 1 terminate flush(es), 0 completion(s), 0 continuation(s) 
[2025-08-01T14:44:54.348+0000] GC(108) Mark Stack Usage: 32M
[2025-08-01T14:44:54.348+0000] GC(108) NMethods: 1415 registered, 179 unregistered
[2025-08-01T14:44:54.348+0000] GC(108) Metaspace: 10M used, 10M committed, 1088M reserved
[2025-08-01T14:44:54.348+0000] GC(108) Soft: 228 encountered, 0 discovered, 0 enqueued
[2025-08-01T14:44:54.348+0000] GC(108) Weak: 934 encountered, 712 discovered, 0 enqueued
[2025-08-01T14:44:54.348+0000] GC(108) Final: 0 encountered, 0 discovered, 0 enqueued
[2025-08-01T14:44:54.348+0000] GC(108) Phantom: 3 encountered, 2 discovered, 0 enqueued
[2025-08-01T14:44:54.348+0000] GC(108) Small Pages: 1518 / 3036M, Empty: 2388M, Relocated: 3M, In-Place: 0
[2025-08-01T14:44:54.348+0000] GC(108) Medium Pages: 1 / 32M, Empty: 0M, Relocated: 0M, In-Place: 0
[2025-08-01T14:44:54.349+0000] GC(108) Large Pages: 0 / 0M, Empty: 0M, Relocated: 0M, In-Place: 0
[2025-08-01T14:44:54.349+0000] GC(108) Forwarding Usage: 0M
[2025-08-01T14:44:54.349+0000] GC(108) Min Capacity: 4096M(100%)
[2025-08-01T14:44:54.349+0000] GC(108) Max Capacity: 4096M(100%)
[2025-08-01T14:44:54.349+0000] GC(108) Soft Max Capacity: 4096M(100%)
[2025-08-01T14:44:54.349+0000] GC(108)                Mark Start          Mark End        Relocate Start      Relocate End           High               Low         
[2025-08-01T14:44:54.349+0000] GC(108)  Capacity:     4096M (100%)       4096M (100%)       4096M (100%)       4096M (100%)       4096M (100%)       4096M (100%)   
[2025-08-01T14:44:54.349+0000] GC(108)      Free:     1028M (25%)         336M (8%)         2648M (65%)        2656M (65%)        2656M (65%)         290M (7%)     
[2025-08-01T14:44:54.349+0000] GC(108)      Used:     3068M (75%)        3760M (92%)        1448M (35%)        1440M (35%)        3806M (93%)        1440M (35%)    
[2025-08-01T14:44:54.349+0000] GC(108)      Live:         -               632M (15%)         632M (15%)         632M (15%)            -                  -          
[2025-08-01T14:44:54.349+0000] GC(108) Allocated:         -               692M (17%)         768M (19%)         772M (19%)            -                  -          
[2025-08-01T14:44:54.349+0000] GC(108)   Garbage:         -              2435M (59%)          47M (1%)           35M (1%)             -                  -          
[2025-08-01T14:44:54.349+0000] GC(108) Reclaimed:         -                  -              2388M (58%)        2400M (59%)            -                  -          
[2025-08-01T14:44:54.349+0000] GC(108) Garbage Collection (Allocation Rate) 3068M(75%)->1440M(35%)
[2025-08-01T14:44:54.593+0000] GC(109) Heap before GC invocations=109 (full 109):
[2025-08-01T14:44:54.593+0000] GC(109)  ZHeap           used 2590M, capacity 4096M, max capacity 4096M
[2025-08-01T14:44:54.593+0000] GC(109)  Metaspace       used 10643K, committed 10880K, reserved 1114112K
[2025-08-01T14:44:54.593+0000] GC(109)   class space    used 1265K, committed 1344K, reserved 1048576K
[2025-08-01T14:44:54.593+0000] GC(109) Garbage Collection (Allocation Rate)
[2025-08-01T14:44:54.593+0000] GC(109) Using 2 workers
[2025-08-01T14:44:54.593+0000] GC(109) Pause Mark Start 0.009ms
[2025-08-01T14:44:54.704+0000] GC(109) Concurrent Mark 110.467ms
[2025-08-01T14:44:54.705+0000] GC(109) Pause Mark End 0.020ms
[2025-08-01T14:44:54.706+0000] GC(109) Concurrent Mark Free 0.001ms
[2025-08-01T14:44:54.709+0000] GC(109) Concurrent Process Non-Strong References 3.614ms
[2025-08-01T14:44:54.709+0000] GC(109) Concurrent Reset Relocation Set 0.003ms
[2025-08-01T14:44:54.713+0000] GC(109) Concurrent Select Relocation Set 3.864ms
[2025-08-01T14:44:54.714+0000] GC(109) Pause Relocate Start 0.014ms
[2025-08-01T14:44:54.715+0000] GC(109) Concurrent Relocate 0.644ms
[2025-08-01T14:44:54.715+0000] GC(109) Heap after GC invocations=110 (full 110):
[2025-08-01T14:44:54.715+0000] GC(109)  ZHeap           used 1112M, capacity 4096M, max capacity 4096M
[2025-08-01T14:44:54.715+0000] GC(109)  Metaspace       used 10643K, committed 10880K, reserved 1114112K
[2025-08-01T14:44:54.715+0000] GC(109)   class space    used 1265K, committed 1344K, reserved 1048576K
[2025-08-01T14:44:54.715+0000] GC(109) Load: 1.59/0.52/0.23
[2025-08-01T14:44:54.715+0000] GC(109) MMU: 2ms/90.0%, 5ms/96.0%, 10ms/97.9%, 20ms/98.9%, 50ms/99.6%, 100ms/99.8%
[2025-08-01T14:44:54.715+0000] GC(109) Mark: 2 stripe(s), 2 proactive flush(es), 1 terminate flush(es), 0 completion(s), 0 continuation(s) 
[2025-08-01T14:44:54.715+0000] GC(109) Mark Stack Usage: 32M
[2025-08-01T14:44:54.715+0000] GC(109) NMethods: 1415 registered, 179 unregistered
[2025-08-01T14:44:54.715+0000] GC(109) Metaspace: 10M used, 10M committed, 1088M reserved
[2025-08-01T14:44:54.715+0000] GC(109) Soft: 228 encountered, 0 discovered, 0 enqueued
[2025-08-01T14:44:54.715+0000] GC(109) Weak: 934 encountered, 721 discovered, 0 enqueued
[2025-08-01T14:44:54.715+0000] GC(109) Final: 0 encountered, 0 discovered, 0 enqueued
[2025-08-01T14:44:54.715+0000] GC(109) Phantom: 3 encountered, 1 discovered, 0 enqueued
[2025-08-01T14:44:54.715+0000] GC(109) Small Pages: 1280 / 2560M, Empty: 2028M, Relocated: 0M, In-Place: 0
[2025-08-01T14:44:54.715+0000] GC(109) Medium Pages: 1 / 32M, Empty: 0M, Relocated: 0M, In-Place: 0
[2025-08-01T14:44:54.715+0000] GC(109) Large Pages: 0 / 0M, Empty: 0M, Relocated: 0M, In-Place: 0
[2025-08-01T14:44:54.715+0000] GC(109) Forwarding Usage: 0M
[2025-08-01T14:44:54.715+0000] GC(109) Min Capacity: 4096M(100%)
[2025-08-01T14:44:54.715+0000] GC(109) Max Capacity: 4096M(100%)
[2025-08-01T14:44:54.715+0000] GC(109) Soft Max Capacity: 4096M(100%)
[2025-08-01T14:44:54.715+0000] GC(109)                Mark Start          Mark End        Relocate Start      Relocate End           High               Low         
[2025-08-01T14:44:54.715+0000] GC(109)  Capacity:     4096M (100%)       4096M (100%)       4096M (100%)       4096M (100%)       4096M (100%)       4096M (100%)   
[2025-08-01T14:44:54.715+0000] GC(109)      Free:     1504M (37%)        1028M (25%)        2986M (73%)        2984M (73%)        2990M (73%)         994M (24%)    
[2025-08-01T14:44:54.715+0000] GC(109)      Used:     2592M (63%)        3068M (75%)        1110M (27%)        1112M (27%)        3102M (76%)        1106M (27%)    
[2025-08-01T14:44:54.715+0000] GC(109)      Live:         -               518M (13%)         518M (13%)         518M (13%)            -                  -          
[2025-08-01T14:44:54.715+0000] GC(109) Allocated:         -               476M (12%)         546M (13%)         556M (14%)            -                  -          
[2025-08-01T14:44:54.715+0000] GC(109)   Garbage:         -              2073M (51%)          45M (1%)           37M (1%)             -                  -          
[2025-08-01T14:44:54.715+0000] GC(109) Reclaimed:         -                  -              2028M (50%)        2036M (50%)            -                  -          
[2025-08-01T14:44:54.715+0000] GC(109) Garbage Collection (Allocation Rate) 2592M(63%)->1112M(27%)
[2025-08-01T14:44:55.094+0000] GC(110) Heap before GC invocations=110 (full 110):
[2025-08-01T14:44:55.094+0000] GC(110)  ZHeap           used 2940M, capacity 4096M, max capacity 4096M
[2025-08-01T14:44:55.094+0000] GC(110)  Metaspace       used 10643K, committed 10880K, reserved 1114112K
[2025-08-01T14:44:55.094+0000] GC(110)   class space    used 1265K, committed 1344K, reserved 1048576K
[2025-08-01T14:44:55.094+0000] GC(110) Garbage Collection (Allocation Rate)
[2025-08-01T14:44:55.094+0000] GC(110) Using 2 workers
[2025-08-01T14:44:55.094+0000] GC(110) Pause Mark Start 0.007ms
[2025-08-01T14:44:55.248+0000] GC(110) Concurrent Mark 153.343ms
[2025-08-01T14:44:55.248+0000] GC(110) Pause Mark End 0.023ms
[2025-08-01T14:44:55.248+0000] GC(110) Concurrent Mark Free 0.003ms
[2025-08-01T14:44:55.252+0000] GC(110) Concurrent Process Non-Strong References 4.130ms
[2025-08-01T14:44:55.252+0000] GC(110) Concurrent Reset Relocation Set 0.003ms
[2025-08-01T14:44:55.257+0000] GC(110) Concurrent Select Relocation Set 4.702ms
[2025-08-01T14:44:55.257+0000] GC(110) Pause Relocate Start 0.023ms
[2025-08-01T14:44:55.258+0000] GC(110) Concurrent Relocate 0.949ms
[2025-08-01T14:44:55.258+0000] GC(110) Heap after GC invocations=111 (full 111):
[2025-08-01T14:44:55.258+0000] GC(110)  ZHeap           used 1258M, capacity 4096M, max capacity 4096M
[2025-08-01T14:44:55.258+0000] GC(110)  Metaspace       used 10643K, committed 10880K, reserved 1114112K
[2025-08-01T14:44:55.259+0000] GC(110)   class space    used 1265K, committed 1344K, reserved 1048576K
[2025-08-01T14:44:55.259+0000] GC(110) Load: 1.59/0.52/0.23
[2025-08-01T14:44:55.259+0000] GC(110) MMU: 2ms/90.0%, 5ms/96.0%, 10ms/97.9%, 20ms/98.9%, 50ms/99.6%, 100ms/99.8%
[2025-08-01T14:44:55.259+0000] GC(110) Mark: 2 stripe(s), 2 proactive flush(es), 1 terminate flush(es), 0 completion(s), 0 continuation(s) 
[2025-08-01T14:44:55.259+0000] GC(110) Mark Stack Usage: 32M
[2025-08-01T14:44:55.259+0000] GC(110) NMethods: 1415 registered, 179 unregistered
[2025-08-01T14:44:55.259+0000] GC(110) Metaspace: 10M used, 10M committed, 1088M reserved
[2025-08-01T14:44:55.259+0000] GC(110) Soft: 228 encountered, 0 discovered, 0 enqueued
[2025-08-01T14:44:55.259+0000] GC(110) Weak: 934 encountered, 684 discovered, 0 enqueued
[2025-08-01T14:44:55.259+0000] GC(110) Final: 0 encountered, 0 discovered, 0 enqueued
[2025-08-01T14:44:55.259+0000] GC(110) Phantom: 3 encountered, 1 discovered, 0 enqueued
[2025-08-01T14:44:55.259+0000] GC(110) Small Pages: 1454 / 2908M, Empty: 2412M, Relocated: 1M, In-Place: 0
[2025-08-01T14:44:55.259+0000] GC(110) Medium Pages: 1 / 32M, Empty: 0M, Relocated: 0M, In-Place: 0
[2025-08-01T14:44:55.259+0000] GC(110) Large Pages: 0 / 0M, Empty: 0M, Relocated: 0M, In-Place: 0
[2025-08-01T14:44:55.259+0000] GC(110) Forwarding Usage: 0M
[2025-08-01T14:44:55.259+0000] GC(110) Min Capacity: 4096M(100%)
[2025-08-01T14:44:55.259+0000] GC(110) Max Capacity: 4096M(100%)
[2025-08-01T14:44:55.259+0000] GC(110) Soft Max Capacity: 4096M(100%)
[2025-08-01T14:44:55.259+0000] GC(110)                Mark Start          Mark End        Relocate Start      Relocate End           High               Low         
[2025-08-01T14:44:55.259+0000] GC(110)  Capacity:     4096M (100%)       4096M (100%)       4096M (100%)       4096M (100%)       4096M (100%)       4096M (100%)   
[2025-08-01T14:44:55.259+0000] GC(110)      Free:     1156M (28%)         418M (10%)        2830M (69%)        2838M (69%)        2838M (69%)         418M (10%)    
[2025-08-01T14:44:55.259+0000] GC(110)      Used:     2940M (72%)        3678M (90%)        1266M (31%)        1258M (31%)        3678M (90%)        1258M (31%)    
[2025-08-01T14:44:55.259+0000] GC(110)      Live:         -               483M (12%)         483M (12%)         483M (12%)            -                  -          
[2025-08-01T14:44:55.259+0000] GC(110) Allocated:         -               738M (18%)         738M (18%)         738M (18%)            -                  -          
[2025-08-01T14:44:55.259+0000] GC(110)   Garbage:         -              2456M (60%)          44M (1%)           36M (1%)             -                  -          
[2025-08-01T14:44:55.259+0000] GC(110) Reclaimed:         -                  -              2412M (59%)        2420M (59%)            -                  -          
[2025-08-01T14:44:55.259+0000] GC(110) Garbage Collection (Allocation Rate) 2940M(72%)->1258M(31%)
[2025-08-01T14:44:55.493+0000] GC(111) Heap before GC invocations=111 (full 111):
[2025-08-01T14:44:55.493+0000] GC(111)  ZHeap           used 2362M, capacity 4096M, max capacity 4096M
[2025-08-01T14:44:55.493+0000] GC(111)  Metaspace       used 10643K, committed 10880K, reserved 1114112K
[2025-08-01T14:44:55.493+0000] GC(111)   class space    used 1265K, committed 1344K, reserved 1048576K
[2025-08-01T14:44:55.493+0000] GC(111) Garbage Collection (Allocation Rate)
[2025-08-01T14:44:55.493+0000] GC(111) Using 2 workers
[2025-08-01T14:44:55.493+0000] GC(111) Pause Mark Start 0.011ms
[2025-08-01T14:44:55.671+0000] GC(111) Concurrent Mark 177.243ms
[2025-08-01T14:44:55.672+0000] GC(111) Pause Mark End 0.040ms
[2025-08-01T14:44:55.672+0000] GC(111) Concurrent Mark Free 0.001ms
[2025-08-01T14:44:55.675+0000] GC(111) Concurrent Process Non-Strong References 2.886ms
[2025-08-01T14:44:55.675+0000] GC(111) Concurrent Reset Relocation Set 0.002ms
[2025-08-01T14:44:55.678+0000] GC(111) Concurrent Select Relocation Set 3.172ms
[2025-08-01T14:44:55.678+0000] GC(111) Pause Relocate Start 0.013ms
[2025-08-01T14:44:55.679+0000] GC(111) Concurrent Relocate 0.833ms
[2025-08-01T14:44:55.679+0000] GC(111) Heap after GC invocations=112 (full 112):
[2025-08-01T14:44:55.679+0000] GC(111)  ZHeap           used 1402M, capacity 4096M, max capacity 4096M
[2025-08-01T14:44:55.679+0000] GC(111)  Metaspace       used 10643K, committed 10880K, reserved 1114112K
[2025-08-01T14:44:55.679+0000] GC(111)   class space    used 1265K, committed 1344K, reserved 1048576K
[2025-08-01T14:44:55.679+0000] GC(111) Load: 1.59/0.52/0.23
[2025-08-01T14:44:55.679+0000] GC(111) MMU: 2ms/90.0%, 5ms/96.0%, 10ms/97.9%, 20ms/98.9%, 50ms/99.6%, 100ms/99.8%
[2025-08-01T14:44:55.679+0000] GC(111) Mark: 2 stripe(s), 2 proactive flush(es), 1 terminate flush(es), 0 completion(s), 0 continuation(s) 
[2025-08-01T14:44:55.679+0000] GC(111) Mark Stack Usage: 32M
[2025-08-01T14:44:55.679+0000] GC(111) NMethods: 1415 registered, 179 unregistered
[2025-08-01T14:44:55.679+0000] GC(111) Metaspace: 10M used, 10M committed, 1088M reserved
[2025-08-01T14:44:55.679+0000] GC(111) Soft: 228 encountered, 0 discovered, 0 enqueued
[2025-08-01T14:44:55.679+0000] GC(111) Weak: 934 encountered, 702 discovered, 0 enqueued
[2025-08-01T14:44:55.679+0000] GC(111) Final: 0 encountered, 0 discovered, 0 enqueued
[2025-08-01T14:44:55.680+0000] GC(111) Phantom: 3 encountered, 1 discovered, 0 enqueued
[2025-08-01T14:44:55.680+0000] GC(111) Small Pages: 1165 / 2330M, Empty: 1776M, Relocated: 2M, In-Place: 0
[2025-08-01T14:44:55.680+0000] GC(111) Medium Pages: 1 / 32M, Empty: 0M, Relocated: 0M, In-Place: 0
[2025-08-01T14:44:55.680+0000] GC(111) Large Pages: 0 / 0M, Empty: 0M, Relocated: 0M, In-Place: 0
[2025-08-01T14:44:55.680+0000] GC(111) Forwarding Usage: 0M
[2025-08-01T14:44:55.680+0000] GC(111) Min Capacity: 4096M(100%)
[2025-08-01T14:44:55.680+0000] GC(111) Max Capacity: 4096M(100%)
[2025-08-01T14:44:55.680+0000] GC(111) Soft Max Capacity: 4096M(100%)
[2025-08-01T14:44:55.680+0000] GC(111)                Mark Start          Mark End        Relocate Start      Relocate End           High               Low         
[2025-08-01T14:44:55.680+0000] GC(111)  Capacity:     4096M (100%)       4096M (100%)       4096M (100%)       4096M (100%)       4096M (100%)       4096M (100%)   
[2025-08-01T14:44:55.680+0000] GC(111)      Free:     1734M (42%)         914M (22%)        2680M (65%)        2694M (66%)        2694M (66%)         904M (22%)    
[2025-08-01T14:44:55.680+0000] GC(111)      Used:     2362M (58%)        3182M (78%)        1416M (35%)        1402M (34%)        3192M (78%)        1402M (34%)    
[2025-08-01T14:44:55.680+0000] GC(111)      Live:         -               536M (13%)         536M (13%)         536M (13%)            -                  -          
[2025-08-01T14:44:55.680+0000] GC(111) Allocated:         -               820M (20%)         830M (20%)         830M (20%)            -                  -          
[2025-08-01T14:44:55.680+0000] GC(111)   Garbage:         -              1825M (45%)          49M (1%)           35M (1%)             -                  -          
[2025-08-01T14:44:55.680+0000] GC(111) Reclaimed:         -                  -              1776M (43%)        1790M (44%)            -                  -          
[2025-08-01T14:44:55.680+0000] GC(111) Garbage Collection (Allocation Rate) 2362M(58%)->1402M(34%)
[2025-08-01T14:44:55.893+0000] GC(112) Heap before GC invocations=112 (full 112):
[2025-08-01T14:44:55.893+0000] GC(112)  ZHeap           used 2508M, capacity 4096M, max capacity 4096M
[2025-08-01T14:44:55.893+0000] GC(112)  Metaspace       used 10643K, committed 10880K, reserved 1114112K
[2025-08-01T14:44:55.893+0000] GC(112)   class space    used 1265K, committed 1344K, reserved 1048576K
[2025-08-01T14:44:55.893+0000] GC(112) Garbage Collection (Allocation Rate)
[2025-08-01T14:44:55.893+0000] GC(112) Using 2 workers
[2025-08-01T14:44:55.894+0000] GC(112) Pause Mark Start 0.011ms
[2025-08-01T14:44:56.012+0000] GC(112) Concurrent Mark 118.164ms
[2025-08-01T14:44:56.013+0000] GC(112) Pause Mark End 0.017ms
[2025-08-01T14:44:56.013+0000] GC(112) Concurrent Mark Free 0.001ms
[2025-08-01T14:44:56.016+0000] GC(112) Concurrent Process Non-Strong References 2.663ms
[2025-08-01T14:44:56.016+0000] GC(112) Concurrent Reset Relocation Set 0.002ms
[2025-08-01T14:44:56.020+0000] GC(112) Concurrent Select Relocation Set 3.658ms
[2025-08-01T14:44:56.020+0000] GC(112) Pause Relocate Start 0.013ms
[2025-08-01T14:44:56.022+0000] GC(112) Concurrent Relocate 1.867ms
[2025-08-01T14:44:56.022+0000] GC(112) Heap after GC invocations=113 (full 113):
[2025-08-01T14:44:56.022+0000] GC(112)  ZHeap           used 1182M, capacity 4096M, max capacity 4096M
[2025-08-01T14:44:56.022+0000] GC(112)  Metaspace       used 10643K, committed 10880K, reserved 1114112K
[2025-08-01T14:44:56.022+0000] GC(112)   class space    used 1265K, committed 1344K, reserved 1048576K
[2025-08-01T14:44:56.022+0000] GC(112) Load: 1.59/0.52/0.23
[2025-08-01T14:44:56.022+0000] GC(112) MMU: 2ms/90.0%, 5ms/96.0%, 10ms/97.9%, 20ms/98.9%, 50ms/99.6%, 100ms/99.8%
[2025-08-01T14:44:56.022+0000] GC(112) Mark: 2 stripe(s), 2 proactive flush(es), 1 terminate flush(es), 0 completion(s), 0 continuation(s) 
[2025-08-01T14:44:56.022+0000] GC(112) Mark Stack Usage: 32M
[2025-08-01T14:44:56.022+0000] GC(112) NMethods: 1415 registered, 179 unregistered
[2025-08-01T14:44:56.022+0000] GC(112) Metaspace: 10M used, 10M committed, 1088M reserved
[2025-08-01T14:44:56.022+0000] GC(112) Soft: 228 encountered, 0 discovered, 0 enqueued
[2025-08-01T14:44:56.022+0000] GC(112) Weak: 934 encountered, 702 discovered, 0 enqueued
[2025-08-01T14:44:56.022+0000] GC(112) Final: 0 encountered, 0 discovered, 0 enqueued
[2025-08-01T14:44:56.022+0000] GC(112) Phantom: 3 encountered, 1 discovered, 0 enqueued
[2025-08-01T14:44:56.022+0000] GC(112) Small Pages: 1238 / 2476M, Empty: 1978M, Relocated: 3M, In-Place: 0
[2025-08-01T14:44:56.022+0000] GC(112) Medium Pages: 1 / 32M, Empty: 0M, Relocated: 0M, In-Place: 0
[2025-08-01T14:44:56.022+0000] GC(112) Large Pages: 0 / 0M, Empty: 0M, Relocated: 0M, In-Place: 0
[2025-08-01T14:44:56.022+0000] GC(112) Forwarding Usage: 0M
[2025-08-01T14:44:56.022+0000] GC(112) Min Capacity: 4096M(100%)
[2025-08-01T14:44:56.022+0000] GC(112) Max Capacity: 4096M(100%)
[2025-08-01T14:44:56.022+0000] GC(112) Soft Max Capacity: 4096M(100%)
[2025-08-01T14:44:56.022+0000] GC(112)                Mark Start          Mark End        Relocate Start      Relocate End           High               Low         
[2025-08-01T14:44:56.023+0000] GC(112)  Capacity:     4096M (100%)       4096M (100%)       4096M (100%)       4096M (100%)       4096M (100%)       4096M (100%)   
[2025-08-01T14:44:56.023+0000] GC(112)      Free:     1588M (39%)         994M (24%)        2914M (71%)        2914M (71%)        2920M (71%)         968M (24%)    
[2025-08-01T14:44:56.023+0000] GC(112)      Used:     2508M (61%)        3102M (76%)        1182M (29%)        1182M (29%)        3128M (76%)        1176M (29%)    
[2025-08-01T14:44:56.023+0000] GC(112)      Live:         -               484M (12%)         484M (12%)         484M (12%)            -                  -          
[2025-08-01T14:44:56.023+0000] GC(112) Allocated:         -               594M (15%)         652M (16%)         664M (16%)            -                  -          
[2025-08-01T14:44:56.023+0000] GC(112)   Garbage:         -              2023M (49%)          45M (1%)           33M (1%)             -                  -          
[2025-08-01T14:44:56.023+0000] GC(112) Reclaimed:         -                  -              1978M (48%)        1990M (49%)            -                  -          
[2025-08-01T14:44:56.023+0000] GC(112) Garbage Collection (Allocation Rate) 2508M(61%)->1182M(29%)
[2025-08-01T14:44:56.293+0000] GC(113) Heap before GC invocations=113 (full 113):
[2025-08-01T14:44:56.293+0000] GC(113)  ZHeap           used 2542M, capacity 4096M, max capacity 4096M
[2025-08-01T14:44:56.293+0000] GC(113)  Metaspace       used 10643K, committed 10880K, reserved 1114112K
[2025-08-01T14:44:56.293+0000] GC(113)   class space    used 1265K, committed 1344K, reserved 1048576K
[2025-08-01T14:44:56.293+0000] GC(113) Garbage Collection (Allocation Rate)
[2025-08-01T14:44:56.293+0000] GC(113) Using 2 workers
[2025-08-01T14:44:56.293+0000] GC(113) Pause Mark Start 0.009ms
[2025-08-01T14:44:56.411+0000] GC(113) Concurrent Mark 117.470ms
[2025-08-01T14:44:56.411+0000] GC(113) Pause Mark End 0.015ms
[2025-08-01T14:44:56.411+0000] GC(113) Concurrent Mark Free 0.001ms
[2025-08-01T14:44:56.418+0000] GC(113) Concurrent Process Non-Strong References 6.445ms
[2025-08-01T14:44:56.418+0000] GC(113) Concurrent Reset Relocation Set 0.003ms
[2025-08-01T14:44:56.421+0000] GC(113) Concurrent Select Relocation Set 3.474ms
[2025-08-01T14:44:56.422+0000] GC(113) Pause Relocate Start 0.014ms
[2025-08-01T14:44:56.423+0000] GC(113) Concurrent Relocate 1.200ms
[2025-08-01T14:44:56.423+0000] GC(113) Heap after GC invocations=114 (full 114):
[2025-08-01T14:44:56.423+0000] GC(113)  ZHeap           used 1152M, capacity 4096M, max capacity 4096M
[2025-08-01T14:44:56.423+0000] GC(113)  Metaspace       used 10643K, committed 10880K, reserved 1114112K
[2025-08-01T14:44:56.423+0000] GC(113)   class space    used 1265K, committed 1344K, reserved 1048576K
[2025-08-01T14:44:56.423+0000] GC(113) Load: 1.59/0.52/0.23
[2025-08-01T14:44:56.423+0000] GC(113) MMU: 2ms/90.0%, 5ms/96.0%, 10ms/97.9%, 20ms/98.9%, 50ms/99.6%, 100ms/99.8%
[2025-08-01T14:44:56.423+0000] GC(113) Mark: 2 stripe(s), 2 proactive flush(es), 1 terminate flush(es), 0 completion(s), 0 continuation(s) 
[2025-08-01T14:44:56.423+0000] GC(113) Mark Stack Usage: 32M
[2025-08-01T14:44:56.423+0000] GC(113) NMethods: 1415 registered, 179 unregistered
[2025-08-01T14:44:56.423+0000] GC(113) Metaspace: 10M used, 10M committed, 1088M reserved
[2025-08-01T14:44:56.423+0000] GC(113) Soft: 228 encountered, 0 discovered, 0 enqueued
[2025-08-01T14:44:56.423+0000] GC(113) Weak: 934 encountered, 688 discovered, 0 enqueued
[2025-08-01T14:44:56.423+0000] GC(113) Final: 0 encountered, 0 discovered, 0 enqueued
[2025-08-01T14:44:56.423+0000] GC(113) Phantom: 3 encountered, 1 discovered, 0 enqueued
[2025-08-01T14:44:56.423+0000] GC(113) Small Pages: 1255 / 2510M, Empty: 2072M, Relocated: 3M, In-Place: 0
[2025-08-01T14:44:56.423+0000] GC(113) Medium Pages: 1 / 32M, Empty: 0M, Relocated: 0M, In-Place: 0
[2025-08-01T14:44:56.423+0000] GC(113) Large Pages: 0 / 0M, Empty: 0M, Relocated: 0M, In-Place: 0
[2025-08-01T14:44:56.423+0000] GC(113) Forwarding Usage: 0M
[2025-08-01T14:44:56.424+0000] GC(113) Min Capacity: 4096M(100%)
[2025-08-01T14:44:56.424+0000] GC(113) Max Capacity: 4096M(100%)
[2025-08-01T14:44:56.424+0000] GC(113) Soft Max Capacity: 4096M(100%)
[2025-08-01T14:44:56.424+0000] GC(113)                Mark Start          Mark End        Relocate Start      Relocate End           High               Low         
[2025-08-01T14:44:56.424+0000] GC(113)  Capacity:     4096M (100%)       4096M (100%)       4096M (100%)       4096M (100%)       4096M (100%)       4096M (100%)   
[2025-08-01T14:44:56.424+0000] GC(113)      Free:     1554M (38%)         932M (23%)        2938M (72%)        2944M (72%)        2946M (72%)         890M (22%)    
[2025-08-01T14:44:56.424+0000] GC(113)      Used:     2542M (62%)        3164M (77%)        1158M (28%)        1152M (28%)        3206M (78%)        1150M (28%)    
[2025-08-01T14:44:56.424+0000] GC(113)      Live:         -               423M (10%)         423M (10%)         423M (10%)            -                  -          
[2025-08-01T14:44:56.424+0000] GC(113) Allocated:         -               622M (15%)         688M (17%)         692M (17%)            -                  -          
[2025-08-01T14:44:56.424+0000] GC(113)   Garbage:         -              2118M (52%)          46M (1%)           36M (1%)             -                  -          
[2025-08-01T14:44:56.424+0000] GC(113) Reclaimed:         -                  -              2072M (51%)        2082M (51%)            -                  -          
[2025-08-01T14:44:56.424+0000] GC(113) Garbage Collection (Allocation Rate) 2542M(62%)->1152M(28%)
[2025-08-01T14:44:56.693+0000] GC(114) Heap before GC invocations=114 (full 114):
[2025-08-01T14:44:56.693+0000] GC(114)  ZHeap           used 2454M, capacity 4096M, max capacity 4096M
[2025-08-01T14:44:56.693+0000] GC(114)  Metaspace       used 10643K, committed 10880K, reserved 1114112K
[2025-08-01T14:44:56.693+0000] GC(114)   class space    used 1265K, committed 1344K, reserved 1048576K
[2025-08-01T14:44:56.693+0000] GC(114) Garbage Collection (Allocation Rate)
[2025-08-01T14:44:56.693+0000] GC(114) Using 2 workers
[2025-08-01T14:44:56.694+0000] GC(114) Pause Mark Start 0.013ms
[2025-08-01T14:44:56.819+0000] GC(114) Concurrent Mark 124.388ms
[2025-08-01T14:44:56.819+0000] GC(114) Pause Mark End 0.018ms
[2025-08-01T14:44:56.819+0000] GC(114) Concurrent Mark Free 0.001ms
[2025-08-01T14:44:56.822+0000] GC(114) Concurrent Process Non-Strong References 3.082ms
[2025-08-01T14:44:56.822+0000] GC(114) Concurrent Reset Relocation Set 0.003ms
[2025-08-01T14:44:56.826+0000] GC(114) Concurrent Select Relocation Set 3.286ms
[2025-08-01T14:44:56.826+0000] GC(114) Pause Relocate Start 0.010ms
[2025-08-01T14:44:56.827+0000] GC(114) Concurrent Relocate 1.158ms
[2025-08-01T14:44:56.827+0000] GC(114) Heap after GC invocations=115 (full 115):
[2025-08-01T14:44:56.827+0000] GC(114)  ZHeap           used 1234M, capacity 4096M, max capacity 4096M
[2025-08-01T14:44:56.827+0000] GC(114)  Metaspace       used 10643K, committed 10880K, reserved 1114112K
[2025-08-01T14:44:56.827+0000] GC(114)   class space    used 1265K, committed 1344K, reserved 1048576K
[2025-08-01T14:44:56.827+0000] GC(114) Load: 1.63/0.54/0.24
[2025-08-01T14:44:56.827+0000] GC(114) MMU: 2ms/90.0%, 5ms/96.0%, 10ms/97.9%, 20ms/98.9%, 50ms/99.6%, 100ms/99.8%
[2025-08-01T14:44:56.827+0000] GC(114) Mark: 2 stripe(s), 3 proactive flush(es), 1 terminate flush(es), 0 completion(s), 0 continuation(s) 
[2025-08-01T14:44:56.827+0000] GC(114) Mark Stack Usage: 32M
[2025-08-01T14:44:56.827+0000] GC(114) NMethods: 1415 registered, 179 unregistered
[2025-08-01T14:44:56.827+0000] GC(114) Metaspace: 10M used, 10M committed, 1088M reserved
[2025-08-01T14:44:56.827+0000] GC(114) Soft: 228 encountered, 0 discovered, 0 enqueued
[2025-08-01T14:44:56.827+0000] GC(114) Weak: 934 encountered, 680 discovered, 0 enqueued
[2025-08-01T14:44:56.827+0000] GC(114) Final: 0 encountered, 0 discovered, 0 enqueued
[2025-08-01T14:44:56.827+0000] GC(114) Phantom: 3 encountered, 1 discovered, 0 enqueued
[2025-08-01T14:44:56.827+0000] GC(114) Small Pages: 1211 / 2422M, Empty: 1892M, Relocated: 3M, In-Place: 0
[2025-08-01T14:44:56.827+0000] GC(114) Medium Pages: 1 / 32M, Empty: 0M, Relocated: 0M, In-Place: 0
[2025-08-01T14:44:56.827+0000] GC(114) Large Pages: 0 / 0M, Empty: 0M, Relocated: 0M, In-Place: 0
[2025-08-01T14:44:56.827+0000] GC(114) Forwarding Usage: 0M
[2025-08-01T14:44:56.827+0000] GC(114) Min Capacity: 4096M(100%)
[2025-08-01T14:44:56.827+0000] GC(114) Max Capacity: 4096M(100%)
[2025-08-01T14:44:56.827+0000] GC(114) Soft Max Capacity: 4096M(100%)
[2025-08-01T14:44:56.827+0000] GC(114)                Mark Start          Mark End        Relocate Start      Relocate End           High               Low         
[2025-08-01T14:44:56.827+0000] GC(114)  Capacity:     4096M (100%)       4096M (100%)       4096M (100%)       4096M (100%)       4096M (100%)       4096M (100%)   
[2025-08-01T14:44:56.827+0000] GC(114)      Free:     1642M (40%)         964M (24%)        2856M (70%)        2862M (70%)        2862M (70%)         964M (24%)    
[2025-08-01T14:44:56.827+0000] GC(114)      Used:     2454M (60%)        3132M (76%)        1240M (30%)        1234M (30%)        3132M (76%)        1234M (30%)    
[2025-08-01T14:44:56.827+0000] GC(114)      Live:         -               518M (13%)         518M (13%)         518M (13%)            -                  -          
[2025-08-01T14:44:56.828+0000] GC(114) Allocated:         -               678M (17%)         678M (17%)         682M (17%)            -                  -          
[2025-08-01T14:44:56.828+0000] GC(114)   Garbage:         -              1935M (47%)          43M (1%)           33M (1%)             -                  -          
[2025-08-01T14:44:56.828+0000] GC(114) Reclaimed:         -                  -              1892M (46%)        1902M (46%)            -                  -          
[2025-08-01T14:44:56.828+0000] GC(114) Garbage Collection (Allocation Rate) 2454M(60%)->1234M(30%)
[2025-08-01T14:44:57.093+0000] GC(115) Heap before GC invocations=115 (full 115):
[2025-08-01T14:44:57.093+0000] GC(115)  ZHeap           used 2648M, capacity 4096M, max capacity 4096M
[2025-08-01T14:44:57.093+0000] GC(115)  Metaspace       used 10643K, committed 10880K, reserved 1114112K
[2025-08-01T14:44:57.093+0000] GC(115)   class space    used 1265K, committed 1344K, reserved 1048576K
[2025-08-01T14:44:57.093+0000] GC(115) Garbage Collection (Allocation Rate)
[2025-08-01T14:44:57.093+0000] GC(115) Using 2 workers
[2025-08-01T14:44:57.094+0000] GC(115) Pause Mark Start 0.013ms
[2025-08-01T14:44:57.216+0000] GC(115) Concurrent Mark 121.786ms
[2025-08-01T14:44:57.216+0000] GC(115) Pause Mark End 0.019ms
[2025-08-01T14:44:57.216+0000] GC(115) Concurrent Mark Free 0.001ms
[2025-08-01T14:44:57.219+0000] GC(115) Concurrent Process Non-Strong References 3.285ms
[2025-08-01T14:44:57.220+0000] GC(115) Concurrent Reset Relocation Set 0.003ms
[2025-08-01T14:44:57.223+0000] GC(115) Concurrent Select Relocation Set 3.624ms
[2025-08-01T14:44:57.224+0000] GC(115) Pause Relocate Start 0.010ms
[2025-08-01T14:44:57.226+0000] GC(115) Concurrent Relocate 1.760ms
[2025-08-01T14:44:57.226+0000] GC(115) Heap after GC invocations=116 (full 116):
[2025-08-01T14:44:57.226+0000] GC(115)  ZHeap           used 1240M, capacity 4096M, max capacity 4096M
[2025-08-01T14:44:57.226+0000] GC(115)  Metaspace       used 10643K, committed 10880K, reserved 1114112K
[2025-08-01T14:44:57.226+0000] GC(115)   class space    used 1265K, committed 1344K, reserved 1048576K
[2025-08-01T14:44:57.226+0000] GC(115) Load: 1.63/0.54/0.24
[2025-08-01T14:44:57.226+0000] GC(115) MMU: 2ms/90.0%, 5ms/96.0%, 10ms/97.9%, 20ms/98.9%, 50ms/99.6%, 100ms/99.8%
[2025-08-01T14:44:57.226+0000] GC(115) Mark: 2 stripe(s), 2 proactive flush(es), 1 terminate flush(es), 0 completion(s), 0 continuation(s) 
[2025-08-01T14:44:57.226+0000] GC(115) Mark Stack Usage: 32M
[2025-08-01T14:44:57.226+0000] GC(115) NMethods: 1415 registered, 179 unregistered
[2025-08-01T14:44:57.226+0000] GC(115) Metaspace: 10M used, 10M committed, 1088M reserved
[2025-08-01T14:44:57.226+0000] GC(115) Soft: 228 encountered, 0 discovered, 0 enqueued
[2025-08-01T14:44:57.226+0000] GC(115) Weak: 934 encountered, 676 discovered, 0 enqueued
[2025-08-01T14:44:57.226+0000] GC(115) Final: 0 encountered, 0 discovered, 0 enqueued
[2025-08-01T14:44:57.226+0000] GC(115) Phantom: 3 encountered, 1 discovered, 0 enqueued
[2025-08-01T14:44:57.226+0000] GC(115) Small Pages: 1311 / 2622M, Empty: 2042M, Relocated: 3M, In-Place: 0
[2025-08-01T14:44:57.226+0000] GC(115) Medium Pages: 1 / 32M, Empty: 0M, Relocated: 0M, In-Place: 0
[2025-08-01T14:44:57.226+0000] GC(115) Large Pages: 0 / 0M, Empty: 0M, Relocated: 0M, In-Place: 0
[2025-08-01T14:44:57.226+0000] GC(115) Forwarding Usage: 0M
[2025-08-01T14:44:57.226+0000] GC(115) Min Capacity: 4096M(100%)
[2025-08-01T14:44:57.226+0000] GC(115) Max Capacity: 4096M(100%)
[2025-08-01T14:44:57.226+0000] GC(115) Soft Max Capacity: 4096M(100%)
[2025-08-01T14:44:57.226+0000] GC(115)                Mark Start          Mark End        Relocate Start      Relocate End           High               Low         
[2025-08-01T14:44:57.226+0000] GC(115)  Capacity:     4096M (100%)       4096M (100%)       4096M (100%)       4096M (100%)       4096M (100%)       4096M (100%)   
[2025-08-01T14:44:57.226+0000] GC(115)      Free:     1442M (35%)         840M (21%)        2862M (70%)        2856M (70%)        2864M (70%)         836M (20%)    
[2025-08-01T14:44:57.226+0000] GC(115)      Used:     2654M (65%)        3256M (79%)        1234M (30%)        1240M (30%)        3260M (80%)        1232M (30%)    
[2025-08-01T14:44:57.226+0000] GC(115)      Live:         -               571M (14%)         571M (14%)         571M (14%)            -                  -          
[2025-08-01T14:44:57.226+0000] GC(115) Allocated:         -               602M (15%)         622M (15%)         634M (15%)            -                  -          
[2025-08-01T14:44:57.226+0000] GC(115)   Garbage:         -              2082M (51%)          40M (1%)           34M (1%)             -                  -          
[2025-08-01T14:44:57.226+0000] GC(115) Reclaimed:         -                  -              2042M (50%)        2048M (50%)            -                  -          
[2025-08-01T14:44:57.226+0000] GC(115) Garbage Collection (Allocation Rate) 2654M(65%)->1240M(30%)
[2025-08-01T14:44:57.593+0000] GC(116) Heap before GC invocations=116 (full 116):
[2025-08-01T14:44:57.593+0000] GC(116)  ZHeap           used 3046M, capacity 4096M, max capacity 4096M
[2025-08-01T14:44:57.593+0000] GC(116)  Metaspace       used 10643K, committed 10880K, reserved 1114112K
[2025-08-01T14:44:57.593+0000] GC(116)   class space    used 1265K, committed 1344K, reserved 1048576K
[2025-08-01T14:44:57.593+0000] GC(116) Garbage Collection (Allocation Rate)
[2025-08-01T14:44:57.593+0000] GC(116) Using 2 workers
[2025-08-01T14:44:57.593+0000] GC(116) Pause Mark Start 0.006ms
[2025-08-01T14:44:57.687+0000] GC(116) Concurrent Mark 93.261ms
[2025-08-01T14:44:57.687+0000] GC(116) Pause Mark End 0.021ms
[2025-08-01T14:44:57.687+0000] GC(116) Concurrent Mark Free 0.002ms
[2025-08-01T14:44:57.691+0000] GC(116) Concurrent Process Non-Strong References 3.558ms
[2025-08-01T14:44:57.691+0000] GC(116) Concurrent Reset Relocation Set 0.002ms
[2025-08-01T14:44:57.695+0000] GC(116) Concurrent Select Relocation Set 3.988ms
[2025-08-01T14:44:57.695+0000] GC(116) Pause Relocate Start 0.013ms
[2025-08-01T14:44:57.697+0000] GC(116) Concurrent Relocate 1.364ms
[2025-08-01T14:44:57.697+0000] GC(116) Heap after GC invocations=117 (full 117):
[2025-08-01T14:44:57.697+0000] GC(116)  ZHeap           used 764M, capacity 4096M, max capacity 4096M
[2025-08-01T14:44:57.697+0000] GC(116)  Metaspace       used 10643K, committed 10880K, reserved 1114112K
[2025-08-01T14:44:57.697+0000] GC(116)   class space    used 1265K, committed 1344K, reserved 1048576K
[2025-08-01T14:44:57.697+0000] GC(116) Load: 1.63/0.54/0.24
[2025-08-01T14:44:57.697+0000] GC(116) MMU: 2ms/90.0%, 5ms/96.0%, 10ms/97.9%, 20ms/98.9%, 50ms/99.6%, 100ms/99.8%
[2025-08-01T14:44:57.697+0000] GC(116) Mark: 2 stripe(s), 2 proactive flush(es), 1 terminate flush(es), 0 completion(s), 0 continuation(s) 
[2025-08-01T14:44:57.697+0000] GC(116) Mark Stack Usage: 32M
[2025-08-01T14:44:57.697+0000] GC(116) NMethods: 1415 registered, 179 unregistered
[2025-08-01T14:44:57.697+0000] GC(116) Metaspace: 10M used, 10M committed, 1088M reserved
[2025-08-01T14:44:57.697+0000] GC(116) Soft: 228 encountered, 0 discovered, 0 enqueued
[2025-08-01T14:44:57.697+0000] GC(116) Weak: 934 encountered, 736 discovered, 0 enqueued
[2025-08-01T14:44:57.697+0000] GC(116) Final: 0 encountered, 0 discovered, 0 enqueued
[2025-08-01T14:44:57.697+0000] GC(116) Phantom: 3 encountered, 1 discovered, 0 enqueued
[2025-08-01T14:44:57.697+0000] GC(116) Small Pages: 1507 / 3014M, Empty: 2704M, Relocated: 3M, In-Place: 0
[2025-08-01T14:44:57.697+0000] GC(116) Medium Pages: 1 / 32M, Empty: 0M, Relocated: 0M, In-Place: 0
[2025-08-01T14:44:57.697+0000] GC(116) Large Pages: 0 / 0M, Empty: 0M, Relocated: 0M, In-Place: 0
[2025-08-01T14:44:57.697+0000] GC(116) Forwarding Usage: 0M
[2025-08-01T14:44:57.697+0000] GC(116) Min Capacity: 4096M(100%)
[2025-08-01T14:44:57.697+0000] GC(116) Max Capacity: 4096M(100%)
[2025-08-01T14:44:57.697+0000] GC(116) Soft Max Capacity: 4096M(100%)
[2025-08-01T14:44:57.697+0000] GC(116)                Mark Start          Mark End        Relocate Start      Relocate End           High               Low         
[2025-08-01T14:44:57.697+0000] GC(116)  Capacity:     4096M (100%)       4096M (100%)       4096M (100%)       4096M (100%)       4096M (100%)       4096M (100%)   
[2025-08-01T14:44:57.697+0000] GC(116)      Free:     1050M (26%)         662M (16%)        3328M (81%)        3332M (81%)        3332M (81%)         644M (16%)    
[2025-08-01T14:44:57.697+0000] GC(116)      Used:     3046M (74%)        3434M (84%)         768M (19%)         764M (19%)        3452M (84%)         764M (19%)    
[2025-08-01T14:44:57.697+0000] GC(116)      Live:         -               300M (7%)          300M (7%)          300M (7%)             -                  -          
[2025-08-01T14:44:57.697+0000] GC(116) Allocated:         -               388M (9%)          426M (10%)         430M (10%)            -                  -          
[2025-08-01T14:44:57.697+0000] GC(116)   Garbage:         -              2745M (67%)          41M (1%)           33M (1%)             -                  -          
[2025-08-01T14:44:57.697+0000] GC(116) Reclaimed:         -                  -              2704M (66%)        2712M (66%)            -                  -          
[2025-08-01T14:44:57.698+0000] GC(116) Garbage Collection (Allocation Rate) 3046M(74%)->764M(19%)
[2025-08-01T14:44:58.093+0000] GC(117) Heap before GC invocations=117 (full 117):
[2025-08-01T14:44:58.093+0000] GC(117)  ZHeap           used 2772M, capacity 4096M, max capacity 4096M
[2025-08-01T14:44:58.093+0000] GC(117)  Metaspace       used 10643K, committed 10880K, reserved 1114112K
[2025-08-01T14:44:58.093+0000] GC(117)   class space    used 1265K, committed 1344K, reserved 1048576K
[2025-08-01T14:44:58.093+0000] GC(117) Garbage Collection (Allocation Rate)
[2025-08-01T14:44:58.093+0000] GC(117) Using 2 workers
[2025-08-01T14:44:58.093+0000] GC(117) Pause Mark Start 0.018ms
[2025-08-01T14:44:58.215+0000] GC(117) Concurrent Mark 121.032ms
[2025-08-01T14:44:58.215+0000] GC(117) Pause Mark End 0.020ms
[2025-08-01T14:44:58.215+0000] GC(117) Concurrent Mark Free 0.002ms
[2025-08-01T14:44:58.218+0000] GC(117) Concurrent Process Non-Strong References 2.667ms
[2025-08-01T14:44:58.218+0000] GC(117) Concurrent Reset Relocation Set 0.002ms
[2025-08-01T14:44:58.222+0000] GC(117) Concurrent Select Relocation Set 3.513ms
[2025-08-01T14:44:58.222+0000] GC(117) Pause Relocate Start 0.012ms
[2025-08-01T14:44:58.223+0000] GC(117) Concurrent Relocate 0.904ms
[2025-08-01T14:44:58.223+0000] GC(117) Heap after GC invocations=118 (full 118):
[2025-08-01T14:44:58.223+0000] GC(117)  ZHeap           used 1238M, capacity 4096M, max capacity 4096M
[2025-08-01T14:44:58.223+0000] GC(117)  Metaspace       used 10643K, committed 10880K, reserved 1114112K
[2025-08-01T14:44:58.223+0000] GC(117)   class space    used 1265K, committed 1344K, reserved 1048576K
[2025-08-01T14:44:58.223+0000] GC(117) Load: 1.63/0.54/0.24
[2025-08-01T14:44:58.223+0000] GC(117) MMU: 2ms/90.0%, 5ms/96.0%, 10ms/97.9%, 20ms/98.9%, 50ms/99.6%, 100ms/99.8%
[2025-08-01T14:44:58.223+0000] GC(117) Mark: 2 stripe(s), 3 proactive flush(es), 1 terminate flush(es), 0 completion(s), 0 continuation(s) 
[2025-08-01T14:44:58.223+0000] GC(117) Mark Stack Usage: 32M
[2025-08-01T14:44:58.223+0000] GC(117) NMethods: 1415 registered, 179 unregistered
[2025-08-01T14:44:58.223+0000] GC(117) Metaspace: 10M used, 10M committed, 1088M reserved
[2025-08-01T14:44:58.223+0000] GC(117) Soft: 228 encountered, 0 discovered, 0 enqueued
[2025-08-01T14:44:58.223+0000] GC(117) Weak: 934 encountered, 686 discovered, 0 enqueued
[2025-08-01T14:44:58.223+0000] GC(117) Final: 0 encountered, 0 discovered, 0 enqueued
[2025-08-01T14:44:58.223+0000] GC(117) Phantom: 3 encountered, 1 discovered, 0 enqueued
[2025-08-01T14:44:58.223+0000] GC(117) Small Pages: 1370 / 2740M, Empty: 2224M, Relocated: 1M, In-Place: 0
[2025-08-01T14:44:58.223+0000] GC(117) Medium Pages: 1 / 32M, Empty: 0M, Relocated: 0M, In-Place: 0
[2025-08-01T14:44:58.223+0000] GC(117) Large Pages: 0 / 0M, Empty: 0M, Relocated: 0M, In-Place: 0
[2025-08-01T14:44:58.223+0000] GC(117) Forwarding Usage: 0M
[2025-08-01T14:44:58.224+0000] GC(117) Min Capacity: 4096M(100%)
[2025-08-01T14:44:58.224+0000] GC(117) Max Capacity: 4096M(100%)
[2025-08-01T14:44:58.224+0000] GC(117) Soft Max Capacity: 4096M(100%)
[2025-08-01T14:44:58.224+0000] GC(117)                Mark Start          Mark End        Relocate Start      Relocate End           High               Low         
[2025-08-01T14:44:58.224+0000] GC(117)  Capacity:     4096M (100%)       4096M (100%)       4096M (100%)       4096M (100%)       4096M (100%)       4096M (100%)   
[2025-08-01T14:44:58.224+0000] GC(117)      Free:     1324M (32%)         672M (16%)        2858M (70%)        2860M (70%)        2860M (70%)         656M (16%)    
[2025-08-01T14:44:58.224+0000] GC(117)      Used:     2772M (68%)        3424M (84%)        1238M (30%)        1236M (30%)        3440M (84%)        1236M (30%)    
[2025-08-01T14:44:58.224+0000] GC(117)      Live:         -               506M (12%)         506M (12%)         506M (12%)            -                  -          
[2025-08-01T14:44:58.224+0000] GC(117) Allocated:         -               652M (16%)         690M (17%)         692M (17%)            -                  -          
[2025-08-01T14:44:58.224+0000] GC(117)   Garbage:         -              2265M (55%)          41M (1%)           37M (1%)             -                  -          
[2025-08-01T14:44:58.224+0000] GC(117) Reclaimed:         -                  -              2224M (54%)        2228M (54%)            -                  -          
[2025-08-01T14:44:58.224+0000] GC(117) Garbage Collection (Allocation Rate) 2772M(68%)->1236M(30%)
[2025-08-01T14:44:58.593+0000] GC(118) Heap before GC invocations=118 (full 118):
[2025-08-01T14:44:58.593+0000] GC(118)  ZHeap           used 3068M, capacity 4096M, max capacity 4096M
[2025-08-01T14:44:58.593+0000] GC(118)  Metaspace       used 10643K, committed 10880K, reserved 1114112K
[2025-08-01T14:44:58.593+0000] GC(118)   class space    used 1265K, committed 1344K, reserved 1048576K
[2025-08-01T14:44:58.593+0000] GC(118) Garbage Collection (Allocation Rate)
[2025-08-01T14:44:58.593+0000] GC(118) Using 2 workers
[2025-08-01T14:44:58.595+0000] GC(118) Pause Mark Start 0.010ms
[2025-08-01T14:44:58.725+0000] GC(118) Concurrent Mark 129.864ms
[2025-08-01T14:44:58.726+0000] GC(118) Pause Mark End 0.020ms
[2025-08-01T14:44:58.726+0000] GC(118) Concurrent Mark Free 0.002ms
[2025-08-01T14:44:58.729+0000] GC(118) Concurrent Process Non-Strong References 3.516ms
[2025-08-01T14:44:58.729+0000] GC(118) Concurrent Reset Relocation Set 0.002ms
[2025-08-01T14:44:58.735+0000] GC(118) Concurrent Select Relocation Set 5.817ms
[2025-08-01T14:44:58.736+0000] GC(118) Pause Relocate Start 0.013ms
[2025-08-01T14:44:58.738+0000] GC(118) Concurrent Relocate 2.018ms
[2025-08-01T14:44:58.738+0000] GC(118) Heap after GC invocations=119 (full 119):
[2025-08-01T14:44:58.738+0000] GC(118)  ZHeap           used 1242M, capacity 4096M, max capacity 4096M
[2025-08-01T14:44:58.738+0000] GC(118)  Metaspace       used 10643K, committed 10880K, reserved 1114112K
[2025-08-01T14:44:58.738+0000] GC(118)   class space    used 1265K, committed 1344K, reserved 1048576K
[2025-08-01T14:44:58.738+0000] GC(118) Load: 1.63/0.54/0.24
[2025-08-01T14:44:58.738+0000] GC(118) MMU: 2ms/90.0%, 5ms/96.0%, 10ms/97.9%, 20ms/98.9%, 50ms/99.6%, 100ms/99.8%
[2025-08-01T14:44:58.738+0000] GC(118) Mark: 2 stripe(s), 2 proactive flush(es), 1 terminate flush(es), 0 completion(s), 0 continuation(s) 
[2025-08-01T14:44:58.738+0000] GC(118) Mark Stack Usage: 32M
[2025-08-01T14:44:58.738+0000] GC(118) NMethods: 1415 registered, 179 unregistered
[2025-08-01T14:44:58.738+0000] GC(118) Metaspace: 10M used, 10M committed, 1088M reserved
[2025-08-01T14:44:58.738+0000] GC(118) Soft: 228 encountered, 0 discovered, 0 enqueued
[2025-08-01T14:44:58.738+0000] GC(118) Weak: 934 encountered, 688 discovered, 0 enqueued
[2025-08-01T14:44:58.738+0000] GC(118) Final: 0 encountered, 0 discovered, 0 enqueued
[2025-08-01T14:44:58.738+0000] GC(118) Phantom: 3 encountered, 1 discovered, 0 enqueued
[2025-08-01T14:44:58.738+0000] GC(118) Small Pages: 1518 / 3036M, Empty: 2450M, Relocated: 4M, In-Place: 0
[2025-08-01T14:44:58.738+0000] GC(118) Medium Pages: 1 / 32M, Empty: 0M, Relocated: 0M, In-Place: 0
[2025-08-01T14:44:58.738+0000] GC(118) Large Pages: 0 / 0M, Empty: 0M, Relocated: 0M, In-Place: 0
[2025-08-01T14:44:58.738+0000] GC(118) Forwarding Usage: 0M
[2025-08-01T14:44:58.738+0000] GC(118) Min Capacity: 4096M(100%)
[2025-08-01T14:44:58.738+0000] GC(118) Max Capacity: 4096M(100%)
[2025-08-01T14:44:58.738+0000] GC(118) Soft Max Capacity: 4096M(100%)
[2025-08-01T14:44:58.738+0000] GC(118)                Mark Start          Mark End        Relocate Start      Relocate End           High               Low         
[2025-08-01T14:44:58.739+0000] GC(118)  Capacity:     4096M (100%)       4096M (100%)       4096M (100%)       4096M (100%)       4096M (100%)       4096M (100%)   
[2025-08-01T14:44:58.739+0000] GC(118)      Free:     1028M (25%)         486M (12%)        2864M (70%)        2854M (70%)        2888M (71%)         458M (11%)    
[2025-08-01T14:44:58.739+0000] GC(118)      Used:     3068M (75%)        3610M (88%)        1232M (30%)        1242M (30%)        3638M (89%)        1208M (29%)    
[2025-08-01T14:44:58.739+0000] GC(118)      Live:         -               575M (14%)         575M (14%)         575M (14%)            -                  -          
[2025-08-01T14:44:58.739+0000] GC(118) Allocated:         -               542M (13%)         614M (15%)         632M (15%)            -                  -          
[2025-08-01T14:44:58.739+0000] GC(118)   Garbage:         -              2492M (61%)          42M (1%)           34M (1%)             -                  -          
[2025-08-01T14:44:58.739+0000] GC(118) Reclaimed:         -                  -              2450M (60%)        2458M (60%)            -                  -          
[2025-08-01T14:44:58.739+0000] GC(118) Garbage Collection (Allocation Rate) 3068M(75%)->1242M(30%)
[2025-08-01T14:44:59.093+0000] GC(119) Heap before GC invocations=119 (full 119):
[2025-08-01T14:44:59.093+0000] GC(119)  ZHeap           used 2994M, capacity 4096M, max capacity 4096M
[2025-08-01T14:44:59.093+0000] GC(119)  Metaspace       used 10643K, committed 10880K, reserved 1114112K
[2025-08-01T14:44:59.093+0000] GC(119)   class space    used 1265K, committed 1344K, reserved 1048576K
[2025-08-01T14:44:59.093+0000] GC(119) Garbage Collection (Allocation Rate)
[2025-08-01T14:44:59.093+0000] GC(119) Using 2 workers
[2025-08-01T14:44:59.093+0000] GC(119) Pause Mark Start 0.011ms
[2025-08-01T14:44:59.187+0000] GC(119) Concurrent Mark 93.296ms
[2025-08-01T14:44:59.187+0000] GC(119) Pause Mark End 0.022ms
[2025-08-01T14:44:59.188+0000] GC(119) Concurrent Mark Free 0.002ms
[2025-08-01T14:44:59.192+0000] GC(119) Concurrent Process Non-Strong References 4.413ms
[2025-08-01T14:44:59.192+0000] GC(119) Concurrent Reset Relocation Set 0.002ms
[2025-08-01T14:44:59.196+0000] GC(119) Concurrent Select Relocation Set 3.387ms
[2025-08-01T14:44:59.196+0000] GC(119) Pause Relocate Start 0.015ms
[2025-08-01T14:44:59.199+0000] GC(119) Concurrent Relocate 3.247ms
[2025-08-01T14:44:59.199+0000] GC(119) Heap after GC invocations=120 (full 120):
[2025-08-01T14:44:59.199+0000] GC(119)  ZHeap           used 960M, capacity 4096M, max capacity 4096M
[2025-08-01T14:44:59.200+0000] GC(119)  Metaspace       used 10643K, committed 10880K, reserved 1114112K
[2025-08-01T14:44:59.200+0000] GC(119)   class space    used 1265K, committed 1344K, reserved 1048576K
[2025-08-01T14:44:59.200+0000] GC(119) Load: 1.63/0.54/0.24
[2025-08-01T14:44:59.200+0000] GC(119) MMU: 2ms/90.0%, 5ms/96.0%, 10ms/97.9%, 20ms/98.9%, 50ms/99.6%, 100ms/99.8%
[2025-08-01T14:44:59.200+0000] GC(119) Mark: 2 stripe(s), 2 proactive flush(es), 1 terminate flush(es), 0 completion(s), 0 continuation(s) 
[2025-08-01T14:44:59.200+0000] GC(119) Mark Stack Usage: 32M
[2025-08-01T14:44:59.200+0000] GC(119) NMethods: 1415 registered, 179 unregistered
[2025-08-01T14:44:59.200+0000] GC(119) Metaspace: 10M used, 10M committed, 1088M reserved
[2025-08-01T14:44:59.200+0000] GC(119) Soft: 228 encountered, 0 discovered, 0 enqueued
[2025-08-01T14:44:59.200+0000] GC(119) Weak: 934 encountered, 720 discovered, 0 enqueued
[2025-08-01T14:44:59.200+0000] GC(119) Final: 0 encountered, 0 discovered, 0 enqueued
[2025-08-01T14:44:59.200+0000] GC(119) Phantom: 3 encountered, 2 discovered, 0 enqueued
[2025-08-01T14:44:59.200+0000] GC(119) Small Pages: 1482 / 2964M, Empty: 2548M, Relocated: 4M, In-Place: 0
[2025-08-01T14:44:59.200+0000] GC(119) Medium Pages: 1 / 32M, Empty: 0M, Relocated: 0M, In-Place: 0
[2025-08-01T14:44:59.200+0000] GC(119) Large Pages: 0 / 0M, Empty: 0M, Relocated: 0M, In-Place: 0
[2025-08-01T14:44:59.200+0000] GC(119) Forwarding Usage: 0M
[2025-08-01T14:44:59.200+0000] GC(119) Min Capacity: 4096M(100%)
[2025-08-01T14:44:59.200+0000] GC(119) Max Capacity: 4096M(100%)
[2025-08-01T14:44:59.200+0000] GC(119) Soft Max Capacity: 4096M(100%)
[2025-08-01T14:44:59.200+0000] GC(119)                Mark Start          Mark End        Relocate Start      Relocate End           High               Low         
[2025-08-01T14:44:59.200+0000] GC(119)  Capacity:     4096M (100%)       4096M (100%)       4096M (100%)       4096M (100%)       4096M (100%)       4096M (100%)   
[2025-08-01T14:44:59.200+0000] GC(119)      Free:     1100M (27%)         648M (16%)        3144M (77%)        3136M (77%)        3150M (77%)         630M (15%)    
[2025-08-01T14:44:59.200+0000] GC(119)      Used:     2996M (73%)        3448M (84%)         952M (23%)         960M (23%)        3466M (85%)         946M (23%)    
[2025-08-01T14:44:59.200+0000] GC(119)      Live:         -               406M (10%)         406M (10%)         406M (10%)            -                  -          
[2025-08-01T14:44:59.200+0000] GC(119) Allocated:         -               452M (11%)         504M (12%)         520M (13%)            -                  -          
[2025-08-01T14:44:59.200+0000] GC(119)   Garbage:         -              2589M (63%)          41M (1%)           33M (1%)             -                  -          
[2025-08-01T14:44:59.200+0000] GC(119) Reclaimed:         -                  -              2548M (62%)        2556M (62%)            -                  -          
[2025-08-01T14:44:59.200+0000] GC(119) Garbage Collection (Allocation Rate) 2996M(73%)->960M(23%)
[2025-08-01T14:44:59.594+0000] GC(120) Heap before GC invocations=120 (full 120):
[2025-08-01T14:44:59.594+0000] GC(120)  ZHeap           used 2848M, capacity 4096M, max capacity 4096M
[2025-08-01T14:44:59.594+0000] GC(120)  Metaspace       used 10643K, committed 10880K, reserved 1114112K
[2025-08-01T14:44:59.594+0000] GC(120)   class space    used 1265K, committed 1344K, reserved 1048576K
[2025-08-01T14:44:59.594+0000] GC(120) Garbage Collection (Allocation Rate)
[2025-08-01T14:44:59.594+0000] GC(120) Using 2 workers
[2025-08-01T14:44:59.595+0000] GC(120) Pause Mark Start 0.012ms
[2025-08-01T14:44:59.814+0000] GC(120) Concurrent Mark 216.906ms
[2025-08-01T14:44:59.815+0000] GC(120) Pause Mark End 0.018ms
[2025-08-01T14:44:59.815+0000] GC(120) Concurrent Mark Free 0.001ms
[2025-08-01T14:44:59.820+0000] GC(120) Concurrent Process Non-Strong References 4.526ms
[2025-08-01T14:44:59.820+0000] GC(120) Concurrent Reset Relocation Set 0.003ms
[2025-08-01T14:44:59.823+0000] GC(120) Concurrent Select Relocation Set 3.773ms
[2025-08-01T14:44:59.824+0000] GC(120) Pause Relocate Start 0.014ms
[2025-08-01T14:44:59.825+0000] GC(120) Concurrent Relocate 1.544ms
[2025-08-01T14:44:59.826+0000] GC(120) Heap after GC invocations=121 (full 121):
[2025-08-01T14:44:59.826+0000] GC(120)  ZHeap           used 1778M, capacity 4096M, max capacity 4096M
[2025-08-01T14:44:59.826+0000] GC(120)  Metaspace       used 10643K, committed 10880K, reserved 1114112K
[2025-08-01T14:44:59.826+0000] GC(120)   class space    used 1265K, committed 1344K, reserved 1048576K
[2025-08-01T14:44:59.826+0000] GC(120) Load: 1.63/0.54/0.24
[2025-08-01T14:44:59.826+0000] GC(120) MMU: 2ms/90.0%, 5ms/96.0%, 10ms/97.9%, 20ms/98.9%, 50ms/99.6%, 100ms/99.8%
[2025-08-01T14:44:59.826+0000] GC(120) Mark: 2 stripe(s), 2 proactive flush(es), 1 terminate flush(es), 0 completion(s), 0 continuation(s) 
[2025-08-01T14:44:59.826+0000] GC(120) Mark Stack Usage: 32M
[2025-08-01T14:44:59.826+0000] GC(120) NMethods: 1415 registered, 179 unregistered
[2025-08-01T14:44:59.826+0000] GC(120) Metaspace: 10M used, 10M committed, 1088M reserved
[2025-08-01T14:44:59.826+0000] GC(120) Soft: 228 encountered, 0 discovered, 0 enqueued
[2025-08-01T14:44:59.826+0000] GC(120) Weak: 934 encountered, 704 discovered, 0 enqueued
[2025-08-01T14:44:59.826+0000] GC(120) Final: 0 encountered, 0 discovered, 0 enqueued
[2025-08-01T14:44:59.826+0000] GC(120) Phantom: 3 encountered, 2 discovered, 0 enqueued
[2025-08-01T14:44:59.826+0000] GC(120) Small Pages: 1410 / 2820M, Empty: 2078M, Relocated: 5M, In-Place: 0
[2025-08-01T14:44:59.826+0000] GC(120) Medium Pages: 1 / 32M, Empty: 0M, Relocated: 0M, In-Place: 0
[2025-08-01T14:44:59.826+0000] GC(120) Large Pages: 0 / 0M, Empty: 0M, Relocated: 0M, In-Place: 0
[2025-08-01T14:44:59.826+0000] GC(120) Forwarding Usage: 0M
[2025-08-01T14:44:59.826+0000] GC(120) Min Capacity: 4096M(100%)
[2025-08-01T14:44:59.826+0000] GC(120) Max Capacity: 4096M(100%)
[2025-08-01T14:44:59.826+0000] GC(120) Soft Max Capacity: 4096M(100%)
[2025-08-01T14:44:59.826+0000] GC(120)                Mark Start          Mark End        Relocate Start      Relocate End           High               Low         
[2025-08-01T14:44:59.826+0000] GC(120)  Capacity:     4096M (100%)       4096M (100%)       4096M (100%)       4096M (100%)       4096M (100%)       4096M (100%)   
[2025-08-01T14:44:59.826+0000] GC(120)      Free:     1244M (30%)         298M (7%)         2308M (56%)        2318M (57%)        2322M (57%)         262M (6%)     
[2025-08-01T14:44:59.826+0000] GC(120)      Used:     2852M (70%)        3798M (93%)        1788M (44%)        1778M (43%)        3834M (94%)        1774M (43%)    
[2025-08-01T14:44:59.826+0000] GC(120)      Live:         -               719M (18%)         719M (18%)         719M (18%)            -                  -          
[2025-08-01T14:44:59.826+0000] GC(120) Allocated:         -               946M (23%)        1014M (25%)        1020M (25%)            -                  -          
[2025-08-01T14:44:59.826+0000] GC(120)   Garbage:         -              2132M (52%)          54M (1%)           38M (1%)             -                  -          
[2025-08-01T14:44:59.826+0000] GC(120) Reclaimed:         -                  -              2078M (51%)        2094M (51%)            -                  -          
[2025-08-01T14:44:59.826+0000] GC(120) Garbage Collection (Allocation Rate) 2852M(70%)->1778M(43%)
[2025-08-01T14:44:59.894+0000] GC(121) Heap before GC invocations=121 (full 121):
[2025-08-01T14:44:59.894+0000] GC(121)  ZHeap           used 2090M, capacity 4096M, max capacity 4096M
[2025-08-01T14:44:59.894+0000] GC(121)  Metaspace       used 10643K, committed 10880K, reserved 1114112K
[2025-08-01T14:44:59.894+0000] GC(121)   class space    used 1265K, committed 1344K, reserved 1048576K
[2025-08-01T14:44:59.894+0000] GC(121) Garbage Collection (Allocation Rate)
[2025-08-01T14:44:59.894+0000] GC(121) Using 2 workers
[2025-08-01T14:44:59.895+0000] GC(121) Pause Mark Start 0.013ms
[2025-08-01T14:44:59.977+0000] GC(121) Concurrent Mark 82.523ms
[2025-08-01T14:44:59.978+0000] GC(121) Pause Mark End 0.020ms
[2025-08-01T14:44:59.978+0000] GC(121) Concurrent Mark Free 0.003ms
[2025-08-01T14:44:59.983+0000] GC(121) Concurrent Process Non-Strong References 4.617ms
[2025-08-01T14:44:59.983+0000] GC(121) Concurrent Reset Relocation Set 0.003ms
[2025-08-01T14:44:59.987+0000] GC(121) Concurrent Select Relocation Set 3.329ms
[2025-08-01T14:44:59.987+0000] GC(121) Pause Relocate Start 0.143ms
[2025-08-01T14:44:59.988+0000] GC(121) Concurrent Relocate 1.394ms
[2025-08-01T14:44:59.988+0000] GC(121) Heap after GC invocations=122 (full 122):
[2025-08-01T14:44:59.988+0000] GC(121)  ZHeap           used 762M, capacity 4096M, max capacity 4096M
[2025-08-01T14:44:59.988+0000] GC(121)  Metaspace       used 10643K, committed 10880K, reserved 1114112K
[2025-08-01T14:44:59.988+0000] GC(121)   class space    used 1265K, committed 1344K, reserved 1048576K
[2025-08-01T14:44:59.988+0000] GC(121) Load: 1.63/0.54/0.24
[2025-08-01T14:44:59.988+0000] GC(121) MMU: 2ms/90.0%, 5ms/96.0%, 10ms/97.9%, 20ms/98.9%, 50ms/99.6%, 100ms/99.8%
[2025-08-01T14:44:59.989+0000] GC(121) Mark: 2 stripe(s), 2 proactive flush(es), 1 terminate flush(es), 0 completion(s), 0 continuation(s) 
[2025-08-01T14:44:59.989+0000] GC(121) Mark Stack Usage: 32M
[2025-08-01T14:44:59.989+0000] GC(121) NMethods: 1415 registered, 179 unregistered
[2025-08-01T14:44:59.989+0000] GC(121) Metaspace: 10M used, 10M committed, 1088M reserved
[2025-08-01T14:44:59.989+0000] GC(121) Soft: 228 encountered, 0 discovered, 0 enqueued
[2025-08-01T14:44:59.989+0000] GC(121) Weak: 934 encountered, 672 discovered, 0 enqueued
[2025-08-01T14:44:59.989+0000] GC(121) Final: 0 encountered, 0 discovered, 0 enqueued
[2025-08-01T14:44:59.989+0000] GC(121) Phantom: 3 encountered, 2 discovered, 0 enqueued
[2025-08-01T14:44:59.989+0000] GC(121) Small Pages: 1031 / 2062M, Empty: 1750M, Relocated: 3M, In-Place: 0
[2025-08-01T14:44:59.989+0000] GC(121) Medium Pages: 1 / 32M, Empty: 0M, Relocated: 0M, In-Place: 0
[2025-08-01T14:44:59.989+0000] GC(121) Large Pages: 0 / 0M, Empty: 0M, Relocated: 0M, In-Place: 0
[2025-08-01T14:44:59.989+0000] GC(121) Forwarding Usage: 0M
[2025-08-01T14:44:59.989+0000] GC(121) Min Capacity: 4096M(100%)
[2025-08-01T14:44:59.989+0000] GC(121) Max Capacity: 4096M(100%)
[2025-08-01T14:44:59.989+0000] GC(121) Soft Max Capacity: 4096M(100%)
[2025-08-01T14:44:59.989+0000] GC(121)                Mark Start          Mark End        Relocate Start      Relocate End           High               Low         
[2025-08-01T14:44:59.989+0000] GC(121)  Capacity:     4096M (100%)       4096M (100%)       4096M (100%)       4096M (100%)       4096M (100%)       4096M (100%)   
[2025-08-01T14:44:59.989+0000] GC(121)      Free:     2002M (49%)        1606M (39%)        3326M (81%)        3334M (81%)        3334M (81%)        1576M (38%)    
[2025-08-01T14:44:59.989+0000] GC(121)      Used:     2094M (51%)        2490M (61%)         770M (19%)         762M (19%)        2520M (62%)         762M (19%)    
[2025-08-01T14:44:59.989+0000] GC(121)      Live:         -               301M (7%)          301M (7%)          301M (7%)             -                  -          
[2025-08-01T14:44:59.989+0000] GC(121) Allocated:         -               396M (10%)         426M (10%)         426M (10%)            -                  -          
[2025-08-01T14:44:59.989+0000] GC(121)   Garbage:         -              1792M (44%)          42M (1%)           34M (1%)             -                  -          
[2025-08-01T14:44:59.989+0000] GC(121) Reclaimed:         -                  -              1750M (43%)        1758M (43%)            -                  -          
[2025-08-01T14:44:59.989+0000] GC(121) Garbage Collection (Allocation Rate) 2094M(51%)->762M(19%)
[2025-08-01T14:45:00.293+0000] GC(122) Heap before GC invocations=122 (full 122):
[2025-08-01T14:45:00.293+0000] GC(122)  ZHeap           used 2234M, capacity 4096M, max capacity 4096M
[2025-08-01T14:45:00.293+0000] GC(122)  Metaspace       used 10643K, committed 10880K, reserved 1114112K
[2025-08-01T14:45:00.293+0000] GC(122)   class space    used 1265K, committed 1344K, reserved 1048576K
[2025-08-01T14:45:00.293+0000] GC(122) Garbage Collection (Allocation Rate)
[2025-08-01T14:45:00.293+0000] GC(122) Using 2 workers
[2025-08-01T14:45:00.293+0000] GC(122) Pause Mark Start 0.008ms
[2025-08-01T14:45:00.387+0000] GC(122) Concurrent Mark 93.109ms
[2025-08-01T14:45:00.387+0000] GC(122) Pause Mark End 0.020ms
[2025-08-01T14:45:00.387+0000] GC(122) Concurrent Mark Free 0.002ms
[2025-08-01T14:45:00.395+0000] GC(122) Concurrent Process Non-Strong References 7.909ms
[2025-08-01T14:45:00.395+0000] GC(122) Concurrent Reset Relocation Set 0.003ms
[2025-08-01T14:45:00.399+0000] GC(122) Concurrent Select Relocation Set 4.145ms
[2025-08-01T14:45:00.400+0000] GC(122) Pause Relocate Start 0.015ms
[2025-08-01T14:45:00.400+0000] GC(122) Concurrent Relocate 0.537ms
[2025-08-01T14:45:00.401+0000] GC(122) Heap after GC invocations=123 (full 123):
[2025-08-01T14:45:00.401+0000] GC(122)  ZHeap           used 870M, capacity 4096M, max capacity 4096M
[2025-08-01T14:45:00.401+0000] GC(122)  Metaspace       used 10643K, committed 10880K, reserved 1114112K
[2025-08-01T14:45:00.401+0000] GC(122)   class space    used 1265K, committed 1344K, reserved 1048576K
[2025-08-01T14:45:00.401+0000] GC(122) Load: 1.63/0.54/0.24
[2025-08-01T14:45:00.401+0000] GC(122) MMU: 2ms/90.0%, 5ms/96.0%, 10ms/97.9%, 20ms/98.9%, 50ms/99.6%, 100ms/99.8%
[2025-08-01T14:45:00.401+0000] GC(122) Mark: 2 stripe(s), 2 proactive flush(es), 1 terminate flush(es), 0 completion(s), 0 continuation(s) 
[2025-08-01T14:45:00.401+0000] GC(122) Mark Stack Usage: 32M
[2025-08-01T14:45:00.401+0000] GC(122) NMethods: 1415 registered, 179 unregistered
[2025-08-01T14:45:00.401+0000] GC(122) Metaspace: 10M used, 10M committed, 1088M reserved
[2025-08-01T14:45:00.401+0000] GC(122) Soft: 228 encountered, 0 discovered, 0 enqueued
[2025-08-01T14:45:00.401+0000] GC(122) Weak: 934 encountered, 706 discovered, 0 enqueued
[2025-08-01T14:45:00.401+0000] GC(122) Final: 0 encountered, 0 discovered, 0 enqueued
[2025-08-01T14:45:00.401+0000] GC(122) Phantom: 3 encountered, 1 discovered, 0 enqueued
[2025-08-01T14:45:00.401+0000] GC(122) Small Pages: 1101 / 2202M, Empty: 1890M, Relocated: 1M, In-Place: 0
[2025-08-01T14:45:00.401+0000] GC(122) Medium Pages: 1 / 32M, Empty: 0M, Relocated: 0M, In-Place: 0
[2025-08-01T14:45:00.401+0000] GC(122) Large Pages: 0 / 0M, Empty: 0M, Relocated: 0M, In-Place: 0
[2025-08-01T14:45:00.401+0000] GC(122) Forwarding Usage: 0M
[2025-08-01T14:45:00.401+0000] GC(122) Min Capacity: 4096M(100%)
[2025-08-01T14:45:00.401+0000] GC(122) Max Capacity: 4096M(100%)
[2025-08-01T14:45:00.401+0000] GC(122) Soft Max Capacity: 4096M(100%)
[2025-08-01T14:45:00.401+0000] GC(122)                Mark Start          Mark End        Relocate Start      Relocate End           High               Low         
[2025-08-01T14:45:00.401+0000] GC(122)  Capacity:     4096M (100%)       4096M (100%)       4096M (100%)       4096M (100%)       4096M (100%)       4096M (100%)   
[2025-08-01T14:45:00.401+0000] GC(122)      Free:     1862M (45%)        1412M (34%)        3222M (79%)        3226M (79%)        3228M (79%)        1372M (33%)    
[2025-08-01T14:45:00.401+0000] GC(122)      Used:     2234M (55%)        2684M (66%)         874M (21%)         870M (21%)        2724M (67%)         868M (21%)    
[2025-08-01T14:45:00.401+0000] GC(122)      Live:         -               301M (7%)          301M (7%)          301M (7%)             -                  -          
[2025-08-01T14:45:00.401+0000] GC(122) Allocated:         -               450M (11%)         530M (13%)         532M (13%)            -                  -          
[2025-08-01T14:45:00.401+0000] GC(122)   Garbage:         -              1932M (47%)          42M (1%)           36M (1%)             -                  -          
[2025-08-01T14:45:00.401+0000] GC(122) Reclaimed:         -                  -              1890M (46%)        1896M (46%)            -                  -          
[2025-08-01T14:45:00.401+0000] GC(122) Garbage Collection (Allocation Rate) 2234M(55%)->870M(21%)
[2025-08-01T14:45:00.793+0000] GC(123) Heap before GC invocations=123 (full 123):
[2025-08-01T14:45:00.793+0000] GC(123)  ZHeap           used 2808M, capacity 4096M, max capacity 4096M
[2025-08-01T14:45:00.793+0000] GC(123)  Metaspace       used 10643K, committed 10880K, reserved 1114112K
[2025-08-01T14:45:00.793+0000] GC(123)   class space    used 1265K, committed 1344K, reserved 1048576K
[2025-08-01T14:45:00.793+0000] GC(123) Garbage Collection (Allocation Rate)
[2025-08-01T14:45:00.793+0000] GC(123) Using 2 workers
[2025-08-01T14:45:00.794+0000] GC(123) Pause Mark Start 0.012ms
[2025-08-01T14:45:00.981+0000] GC(123) Concurrent Mark 187.209ms
[2025-08-01T14:45:00.981+0000] GC(123) Pause Mark End 0.021ms
[2025-08-01T14:45:00.982+0000] GC(123) Concurrent Mark Free 0.002ms
[2025-08-01T14:45:00.988+0000] GC(123) Concurrent Process Non-Strong References 6.495ms
[2025-08-01T14:45:00.988+0000] GC(123) Concurrent Reset Relocation Set 0.003ms
[2025-08-01T14:45:00.992+0000] GC(123) Concurrent Select Relocation Set 3.782ms
[2025-08-01T14:45:00.992+0000] GC(123) Pause Relocate Start 0.015ms
[2025-08-01T14:45:00.996+0000] GC(123) Concurrent Relocate 3.513ms
[2025-08-01T14:45:00.996+0000] GC(123) Heap after GC invocations=124 (full 124):
[2025-08-01T14:45:00.996+0000] GC(123)  ZHeap           used 1896M, capacity 4096M, max capacity 4096M
[2025-08-01T14:45:00.996+0000] GC(123)  Metaspace       used 10643K, committed 10880K, reserved 1114112K
[2025-08-01T14:45:00.996+0000] GC(123)   class space    used 1265K, committed 1344K, reserved 1048576K
[2025-08-01T14:45:00.996+0000] GC(123) Load: 1.63/0.54/0.24
[2025-08-01T14:45:00.996+0000] GC(123) MMU: 2ms/90.0%, 5ms/96.0%, 10ms/97.9%, 20ms/98.9%, 50ms/99.6%, 100ms/99.8%
[2025-08-01T14:45:00.996+0000] GC(123) Mark: 2 stripe(s), 2 proactive flush(es), 1 terminate flush(es), 0 completion(s), 0 continuation(s) 
[2025-08-01T14:45:00.996+0000] GC(123) Mark Stack Usage: 32M
[2025-08-01T14:45:00.996+0000] GC(123) NMethods: 1415 registered, 179 unregistered
[2025-08-01T14:45:00.996+0000] GC(123) Metaspace: 10M used, 10M committed, 1088M reserved
[2025-08-01T14:45:00.996+0000] GC(123) Soft: 228 encountered, 0 discovered, 0 enqueued
[2025-08-01T14:45:00.996+0000] GC(123) Weak: 934 encountered, 704 discovered, 0 enqueued
[2025-08-01T14:45:00.996+0000] GC(123) Final: 0 encountered, 0 discovered, 0 enqueued
[2025-08-01T14:45:00.996+0000] GC(123) Phantom: 3 encountered, 1 discovered, 0 enqueued
[2025-08-01T14:45:00.996+0000] GC(123) Small Pages: 1390 / 2780M, Empty: 1926M, Relocated: 10M, In-Place: 0
[2025-08-01T14:45:00.996+0000] GC(123) Medium Pages: 1 / 32M, Empty: 0M, Relocated: 0M, In-Place: 0
[2025-08-01T14:45:00.996+0000] GC(123) Large Pages: 0 / 0M, Empty: 0M, Relocated: 0M, In-Place: 0
[2025-08-01T14:45:00.996+0000] GC(123) Forwarding Usage: 0M
[2025-08-01T14:45:00.996+0000] GC(123) Min Capacity: 4096M(100%)
[2025-08-01T14:45:00.996+0000] GC(123) Max Capacity: 4096M(100%)
[2025-08-01T14:45:00.996+0000] GC(123) Soft Max Capacity: 4096M(100%)
[2025-08-01T14:45:00.996+0000] GC(123)                Mark Start          Mark End        Relocate Start      Relocate End           High               Low         
[2025-08-01T14:45:00.996+0000] GC(123)  Capacity:     4096M (100%)       4096M (100%)       4096M (100%)       4096M (100%)       4096M (100%)       4096M (100%)   
[2025-08-01T14:45:00.996+0000] GC(123)      Free:     1284M (31%)         324M (8%)         2180M (53%)        2200M (54%)        2200M (54%)         276M (7%)     
[2025-08-01T14:45:00.996+0000] GC(123)      Used:     2812M (69%)        3772M (92%)        1916M (47%)        1896M (46%)        3820M (93%)        1896M (46%)    
[2025-08-01T14:45:00.996+0000] GC(123)      Live:         -               828M (20%)         828M (20%)         828M (20%)            -                  -          
[2025-08-01T14:45:00.996+0000] GC(123) Allocated:         -               960M (23%)        1030M (25%)        1030M (25%)            -                  -          
[2025-08-01T14:45:00.996+0000] GC(123)   Garbage:         -              1983M (48%)          57M (1%)           37M (1%)             -                  -          
[2025-08-01T14:45:00.996+0000] GC(123) Reclaimed:         -                  -              1926M (47%)        1946M (48%)            -                  -          
[2025-08-01T14:45:00.996+0000] GC(123) Garbage Collection (Allocation Rate) 2812M(69%)->1896M(46%)
[2025-08-01T14:45:01.092+0000] GC(124) Heap before GC invocations=124 (full 124):
[2025-08-01T14:45:01.092+0000] GC(124)  ZHeap           used 2398M, capacity 4096M, max capacity 4096M
[2025-08-01T14:45:01.092+0000] GC(124)  Metaspace       used 10643K, committed 10880K, reserved 1114112K
[2025-08-01T14:45:01.092+0000] GC(124)   class space    used 1265K, committed 1344K, reserved 1048576K
[2025-08-01T14:45:01.092+0000] GC(124) Garbage Collection (Allocation Rate)
[2025-08-01T14:45:01.092+0000] GC(124) Using 2 workers
[2025-08-01T14:45:01.093+0000] GC(124) Pause Mark Start 0.007ms
[2025-08-01T14:45:01.246+0000] GC(124) Concurrent Mark 152.781ms
[2025-08-01T14:45:01.247+0000] GC(124) Pause Mark End 0.013ms
[2025-08-01T14:45:01.247+0000] GC(124) Concurrent Mark Free 0.001ms
[2025-08-01T14:45:01.249+0000] GC(124) Concurrent Process Non-Strong References 2.067ms
[2025-08-01T14:45:01.249+0000] GC(124) Concurrent Reset Relocation Set 0.002ms
[2025-08-01T14:45:01.252+0000] GC(124) Concurrent Select Relocation Set 3.037ms
[2025-08-01T14:45:01.252+0000] GC(124) Pause Relocate Start 0.013ms
[2025-08-01T14:45:01.254+0000] GC(124) Concurrent Relocate 1.343ms
[2025-08-01T14:45:01.254+0000] GC(124) Heap after GC invocations=125 (full 125):
[2025-08-01T14:45:01.254+0000] GC(124)  ZHeap           used 1444M, capacity 4096M, max capacity 4096M
[2025-08-01T14:45:01.254+0000] GC(124)  Metaspace       used 10643K, committed 10880K, reserved 1114112K
[2025-08-01T14:45:01.254+0000] GC(124)   class space    used 1265K, committed 1344K, reserved 1048576K
[2025-08-01T14:45:01.254+0000] GC(124) Load: 1.63/0.54/0.24
[2025-08-01T14:45:01.254+0000] GC(124) MMU: 2ms/90.0%, 5ms/96.0%, 10ms/97.9%, 20ms/98.9%, 50ms/99.6%, 100ms/99.8%
[2025-08-01T14:45:01.254+0000] GC(124) Mark: 2 stripe(s), 2 proactive flush(es), 1 terminate flush(es), 0 completion(s), 0 continuation(s) 
[2025-08-01T14:45:01.254+0000] GC(124) Mark Stack Usage: 32M
[2025-08-01T14:45:01.254+0000] GC(124) NMethods: 1415 registered, 179 unregistered
[2025-08-01T14:45:01.254+0000] GC(124) Metaspace: 10M used, 10M committed, 1088M reserved
[2025-08-01T14:45:01.254+0000] GC(124) Soft: 228 encountered, 0 discovered, 0 enqueued
[2025-08-01T14:45:01.254+0000] GC(124) Weak: 934 encountered, 676 discovered, 0 enqueued
[2025-08-01T14:45:01.254+0000] GC(124) Final: 0 encountered, 0 discovered, 0 enqueued
[2025-08-01T14:45:01.254+0000] GC(124) Phantom: 3 encountered, 1 discovered, 0 enqueued
[2025-08-01T14:45:01.254+0000] GC(124) Small Pages: 1185 / 2370M, Empty: 1730M, Relocated: 5M, In-Place: 0
[2025-08-01T14:45:01.254+0000] GC(124) Medium Pages: 1 / 32M, Empty: 0M, Relocated: 0M, In-Place: 0
[2025-08-01T14:45:01.254+0000] GC(124) Large Pages: 0 / 0M, Empty: 0M, Relocated: 0M, In-Place: 0
[2025-08-01T14:45:01.254+0000] GC(124) Forwarding Usage: 0M
[2025-08-01T14:45:01.254+0000] GC(124) Min Capacity: 4096M(100%)
[2025-08-01T14:45:01.254+0000] GC(124) Max Capacity: 4096M(100%)
[2025-08-01T14:45:01.254+0000] GC(124) Soft Max Capacity: 4096M(100%)
[2025-08-01T14:45:01.254+0000] GC(124)                Mark Start          Mark End        Relocate Start      Relocate End           High               Low         
[2025-08-01T14:45:01.254+0000] GC(124)  Capacity:     4096M (100%)       4096M (100%)       4096M (100%)       4096M (100%)       4096M (100%)       4096M (100%)   
[2025-08-01T14:45:01.254+0000] GC(124)      Free:     1694M (41%)         918M (22%)        2640M (64%)        2652M (65%)        2652M (65%)         910M (22%)    
[2025-08-01T14:45:01.254+0000] GC(124)      Used:     2402M (59%)        3178M (78%)        1456M (36%)        1444M (35%)        3186M (78%)        1444M (35%)    
[2025-08-01T14:45:01.254+0000] GC(124)      Live:         -               623M (15%)         623M (15%)         623M (15%)            -                  -          
[2025-08-01T14:45:01.254+0000] GC(124) Allocated:         -               776M (19%)         784M (19%)         784M (19%)            -                  -          
[2025-08-01T14:45:01.254+0000] GC(124)   Garbage:         -              1778M (43%)          48M (1%)           36M (1%)             -                  -          
[2025-08-01T14:45:01.254+0000] GC(124) Reclaimed:         -                  -              1730M (42%)        1742M (43%)            -                  -          
[2025-08-01T14:45:01.254+0000] GC(124) Garbage Collection (Allocation Rate) 2402M(59%)->1444M(35%)
[2025-08-01T14:45:01.393+0000] GC(125) Heap before GC invocations=125 (full 125):
[2025-08-01T14:45:01.393+0000] GC(125)  ZHeap           used 2168M, capacity 4096M, max capacity 4096M
[2025-08-01T14:45:01.393+0000] GC(125)  Metaspace       used 10643K, committed 10880K, reserved 1114112K
[2025-08-01T14:45:01.393+0000] GC(125)   class space    used 1265K, committed 1344K, reserved 1048576K
[2025-08-01T14:45:01.393+0000] GC(125) Garbage Collection (Allocation Rate)
[2025-08-01T14:45:01.393+0000] GC(125) Using 2 workers
[2025-08-01T14:45:01.394+0000] GC(125) Pause Mark Start 0.012ms
[2025-08-01T14:45:01.471+0000] GC(125) Concurrent Mark 77.456ms
[2025-08-01T14:45:01.472+0000] GC(125) Pause Mark End 0.018ms
[2025-08-01T14:45:01.472+0000] GC(125) Concurrent Mark Free 0.002ms
[2025-08-01T14:45:01.475+0000] GC(125) Concurrent Process Non-Strong References 3.329ms
[2025-08-01T14:45:01.475+0000] GC(125) Concurrent Reset Relocation Set 0.002ms
[2025-08-01T14:45:01.478+0000] GC(125) Concurrent Select Relocation Set 3.028ms
[2025-08-01T14:45:01.478+0000] GC(125) Pause Relocate Start 0.014ms
[2025-08-01T14:45:01.479+0000] GC(125) Concurrent Relocate 0.614ms
[2025-08-01T14:45:01.479+0000] GC(125) Heap after GC invocations=126 (full 126):
[2025-08-01T14:45:01.479+0000] GC(125)  ZHeap           used 720M, capacity 4096M, max capacity 4096M
[2025-08-01T14:45:01.479+0000] GC(125)  Metaspace       used 10643K, committed 10880K, reserved 1114112K
[2025-08-01T14:45:01.479+0000] GC(125)   class space    used 1265K, committed 1344K, reserved 1048576K
[2025-08-01T14:45:01.479+0000] GC(125) Load: 1.82/0.60/0.26
[2025-08-01T14:45:01.479+0000] GC(125) MMU: 2ms/90.0%, 5ms/96.0%, 10ms/97.9%, 20ms/98.9%, 50ms/99.6%, 100ms/99.8%
[2025-08-01T14:45:01.479+0000] GC(125) Mark: 2 stripe(s), 2 proactive flush(es), 1 terminate flush(es), 0 completion(s), 0 continuation(s) 
[2025-08-01T14:45:01.479+0000] GC(125) Mark Stack Usage: 32M
[2025-08-01T14:45:01.479+0000] GC(125) NMethods: 1415 registered, 179 unregistered
[2025-08-01T14:45:01.479+0000] GC(125) Metaspace: 10M used, 10M committed, 1088M reserved
[2025-08-01T14:45:01.479+0000] GC(125) Soft: 228 encountered, 0 discovered, 0 enqueued
[2025-08-01T14:45:01.479+0000] GC(125) Weak: 934 encountered, 707 discovered, 0 enqueued
[2025-08-01T14:45:01.479+0000] GC(125) Final: 0 encountered, 0 discovered, 0 enqueued
[2025-08-01T14:45:01.479+0000] GC(125) Phantom: 3 encountered, 1 discovered, 0 enqueued
[2025-08-01T14:45:01.479+0000] GC(125) Small Pages: 1068 / 2136M, Empty: 1824M, Relocated: 1M, In-Place: 0
[2025-08-01T14:45:01.479+0000] GC(125) Medium Pages: 1 / 32M, Empty: 0M, Relocated: 0M, In-Place: 0
[2025-08-01T14:45:01.479+0000] GC(125) Large Pages: 0 / 0M, Empty: 0M, Relocated: 0M, In-Place: 0
[2025-08-01T14:45:01.479+0000] GC(125) Forwarding Usage: 0M
[2025-08-01T14:45:01.479+0000] GC(125) Min Capacity: 4096M(100%)
[2025-08-01T14:45:01.479+0000] GC(125) Max Capacity: 4096M(100%)
[2025-08-01T14:45:01.479+0000] GC(125) Soft Max Capacity: 4096M(100%)
[2025-08-01T14:45:01.479+0000] GC(125)                Mark Start          Mark End        Relocate Start      Relocate End           High               Low         
[2025-08-01T14:45:01.479+0000] GC(125)  Capacity:     4096M (100%)       4096M (100%)       4096M (100%)       4096M (100%)       4096M (100%)       4096M (100%)   
[2025-08-01T14:45:01.479+0000] GC(125)      Free:     1928M (47%)        1560M (38%)        3370M (82%)        3376M (82%)        3376M (82%)        1546M (38%)    
[2025-08-01T14:45:01.479+0000] GC(125)      Used:     2168M (53%)        2536M (62%)         726M (18%)         720M (18%)        2550M (62%)         720M (18%)    
[2025-08-01T14:45:01.479+0000] GC(125)      Live:         -               302M (7%)          302M (7%)          302M (7%)             -                  -          
[2025-08-01T14:45:01.479+0000] GC(125) Allocated:         -               368M (9%)          382M (9%)          382M (9%)             -                  -          
[2025-08-01T14:45:01.480+0000] GC(125)   Garbage:         -              1865M (46%)          41M (1%)           35M (1%)             -                  -          
[2025-08-01T14:45:01.480+0000] GC(125) Reclaimed:         -                  -              1824M (45%)        1830M (45%)            -                  -          
[2025-08-01T14:45:01.480+0000] GC(125) Garbage Collection (Allocation Rate) 2168M(53%)->720M(18%)
[2025-08-01T14:45:01.894+0000] GC(126) Heap before GC invocations=126 (full 126):
[2025-08-01T14:45:01.894+0000] GC(126)  ZHeap           used 2744M, capacity 4096M, max capacity 4096M
[2025-08-01T14:45:01.894+0000] GC(126)  Metaspace       used 10643K, committed 10880K, reserved 1114112K
[2025-08-01T14:45:01.894+0000] GC(126)   class space    used 1265K, committed 1344K, reserved 1048576K
[2025-08-01T14:45:01.894+0000] GC(126) Garbage Collection (Allocation Rate)
[2025-08-01T14:45:01.894+0000] GC(126) Using 2 workers
[2025-08-01T14:45:01.894+0000] GC(126) Pause Mark Start 0.009ms
[2025-08-01T14:45:02.054+0000] GC(126) Concurrent Mark 159.249ms
[2025-08-01T14:45:02.054+0000] GC(126) Pause Mark End 0.026ms
[2025-08-01T14:45:02.055+0000] GC(126) Concurrent Mark Free 0.001ms
[2025-08-01T14:45:02.058+0000] GC(126) Concurrent Process Non-Strong References 3.218ms
[2025-08-01T14:45:02.058+0000] GC(126) Concurrent Reset Relocation Set 0.002ms
[2025-08-01T14:45:02.061+0000] GC(126) Concurrent Select Relocation Set 3.261ms
[2025-08-01T14:45:02.061+0000] GC(126) Pause Relocate Start 0.014ms
[2025-08-01T14:45:02.064+0000] GC(126) Concurrent Relocate 2.169ms
[2025-08-01T14:45:02.064+0000] GC(126) Heap after GC invocations=127 (full 127):
[2025-08-01T14:45:02.064+0000] GC(126)  ZHeap           used 1298M, capacity 4096M, max capacity 4096M
[2025-08-01T14:45:02.064+0000] GC(126)  Metaspace       used 10643K, committed 10880K, reserved 1114112K
[2025-08-01T14:45:02.064+0000] GC(126)   class space    used 1265K, committed 1344K, reserved 1048576K
[2025-08-01T14:45:02.064+0000] GC(126) Load: 1.82/0.60/0.26
[2025-08-01T14:45:02.064+0000] GC(126) MMU: 2ms/90.0%, 5ms/96.0%, 10ms/97.9%, 20ms/98.9%, 50ms/99.6%, 100ms/99.8%
[2025-08-01T14:45:02.064+0000] GC(126) Mark: 2 stripe(s), 3 proactive flush(es), 1 terminate flush(es), 0 completion(s), 0 continuation(s) 
[2025-08-01T14:45:02.064+0000] GC(126) Mark Stack Usage: 32M
[2025-08-01T14:45:02.064+0000] GC(126) NMethods: 1415 registered, 179 unregistered
[2025-08-01T14:45:02.064+0000] GC(126) Metaspace: 10M used, 10M committed, 1088M reserved
[2025-08-01T14:45:02.064+0000] GC(126) Soft: 228 encountered, 0 discovered, 0 enqueued
[2025-08-01T14:45:02.064+0000] GC(126) Weak: 934 encountered, 704 discovered, 0 enqueued
[2025-08-01T14:45:02.064+0000] GC(126) Final: 0 encountered, 0 discovered, 0 enqueued
[2025-08-01T14:45:02.064+0000] GC(126) Phantom: 3 encountered, 2 discovered, 0 enqueued
[2025-08-01T14:45:02.064+0000] GC(126) Small Pages: 1356 / 2712M, Empty: 2166M, Relocated: 8M, In-Place: 0
[2025-08-01T14:45:02.064+0000] GC(126) Medium Pages: 1 / 32M, Empty: 0M, Relocated: 0M, In-Place: 0
[2025-08-01T14:45:02.064+0000] GC(126) Large Pages: 0 / 0M, Empty: 0M, Relocated: 0M, In-Place: 0
[2025-08-01T14:45:02.064+0000] GC(126) Forwarding Usage: 0M
[2025-08-01T14:45:02.064+0000] GC(126) Min Capacity: 4096M(100%)
[2025-08-01T14:45:02.064+0000] GC(126) Max Capacity: 4096M(100%)
[2025-08-01T14:45:02.064+0000] GC(126) Soft Max Capacity: 4096M(100%)
[2025-08-01T14:45:02.064+0000] GC(126)                Mark Start          Mark End        Relocate Start      Relocate End           High               Low         
[2025-08-01T14:45:02.064+0000] GC(126)  Capacity:     4096M (100%)       4096M (100%)       4096M (100%)       4096M (100%)       4096M (100%)       4096M (100%)   
[2025-08-01T14:45:02.064+0000] GC(126)      Free:     1352M (33%)         614M (15%)        2780M (68%)        2798M (68%)        2798M (68%)         614M (15%)    
[2025-08-01T14:45:02.064+0000] GC(126)      Used:     2744M (67%)        3482M (85%)        1316M (32%)        1298M (32%)        3482M (85%)        1298M (32%)    
[2025-08-01T14:45:02.064+0000] GC(126)      Live:         -               523M (13%)         523M (13%)         523M (13%)            -                  -          
[2025-08-01T14:45:02.064+0000] GC(126) Allocated:         -               738M (18%)         738M (18%)         738M (18%)            -                  -          
[2025-08-01T14:45:02.064+0000] GC(126)   Garbage:         -              2220M (54%)          54M (1%)           36M (1%)             -                  -          
[2025-08-01T14:45:02.064+0000] GC(126) Reclaimed:         -                  -              2166M (53%)        2184M (53%)            -                  -          
[2025-08-01T14:45:02.064+0000] GC(126) Garbage Collection (Allocation Rate) 2744M(67%)->1298M(32%)
[2025-08-01T14:45:02.292+0000] GC(127) Heap before GC invocations=127 (full 127):
[2025-08-01T14:45:02.292+0000] GC(127)  ZHeap           used 2402M, capacity 4096M, max capacity 4096M
[2025-08-01T14:45:02.292+0000] GC(127)  Metaspace       used 10643K, committed 10880K, reserved 1114112K
[2025-08-01T14:45:02.292+0000] GC(127)   class space    used 1265K, committed 1344K, reserved 1048576K
[2025-08-01T14:45:02.292+0000] GC(127) Garbage Collection (Allocation Rate)
[2025-08-01T14:45:02.293+0000] GC(127) Using 2 workers
[2025-08-01T14:45:02.293+0000] GC(127) Pause Mark Start 0.012ms
[2025-08-01T14:45:02.448+0000] GC(127) Concurrent Mark 155.205ms
[2025-08-01T14:45:02.449+0000] GC(127) Pause Mark End 0.022ms
[2025-08-01T14:45:02.450+0000] GC(127) Concurrent Mark Free 0.003ms
[2025-08-01T14:45:02.453+0000] GC(127) Concurrent Process Non-Strong References 3.297ms
[2025-08-01T14:45:02.453+0000] GC(127) Concurrent Reset Relocation Set 0.003ms
[2025-08-01T14:45:02.456+0000] GC(127) Concurrent Select Relocation Set 3.094ms
[2025-08-01T14:45:02.456+0000] GC(127) Pause Relocate Start 0.012ms
[2025-08-01T14:45:02.457+0000] GC(127) Concurrent Relocate 0.870ms
[2025-08-01T14:45:02.457+0000] GC(127) Heap after GC invocations=128 (full 128):
[2025-08-01T14:45:02.458+0000] GC(127)  ZHeap           used 1260M, capacity 4096M, max capacity 4096M
[2025-08-01T14:45:02.458+0000] GC(127)  Metaspace       used 10643K, committed 10880K, reserved 1114112K
[2025-08-01T14:45:02.458+0000] GC(127)   class space    used 1265K, committed 1344K, reserved 1048576K
[2025-08-01T14:45:02.458+0000] GC(127) Load: 1.82/0.60/0.26
[2025-08-01T14:45:02.458+0000] GC(127) MMU: 2ms/90.0%, 5ms/96.0%, 10ms/97.9%, 20ms/98.9%, 50ms/99.6%, 100ms/99.8%
[2025-08-01T14:45:02.458+0000] GC(127) Mark: 2 stripe(s), 2 proactive flush(es), 1 terminate flush(es), 0 completion(s), 0 continuation(s) 
[2025-08-01T14:45:02.458+0000] GC(127) Mark Stack Usage: 32M
[2025-08-01T14:45:02.458+0000] GC(127) NMethods: 1415 registered, 180 unregistered
[2025-08-01T14:45:02.458+0000] GC(127) Metaspace: 10M used, 10M committed, 1088M reserved
[2025-08-01T14:45:02.458+0000] GC(127) Soft: 228 encountered, 0 discovered, 0 enqueued
[2025-08-01T14:45:02.458+0000] GC(127) Weak: 934 encountered, 653 discovered, 0 enqueued
[2025-08-01T14:45:02.458+0000] GC(127) Final: 0 encountered, 0 discovered, 0 enqueued
[2025-08-01T14:45:02.458+0000] GC(127) Phantom: 3 encountered, 1 discovered, 0 enqueued
[2025-08-01T14:45:02.458+0000] GC(127) Small Pages: 1185 / 2370M, Empty: 1866M, Relocated: 3M, In-Place: 0
[2025-08-01T14:45:02.458+0000] GC(127) Medium Pages: 1 / 32M, Empty: 0M, Relocated: 0M, In-Place: 0
[2025-08-01T14:45:02.458+0000] GC(127) Large Pages: 0 / 0M, Empty: 0M, Relocated: 0M, In-Place: 0
[2025-08-01T14:45:02.458+0000] GC(127) Forwarding Usage: 0M
[2025-08-01T14:45:02.458+0000] GC(127) Min Capacity: 4096M(100%)
[2025-08-01T14:45:02.458+0000] GC(127) Max Capacity: 4096M(100%)
[2025-08-01T14:45:02.458+0000] GC(127) Soft Max Capacity: 4096M(100%)
[2025-08-01T14:45:02.458+0000] GC(127)                Mark Start          Mark End        Relocate Start      Relocate End           High               Low         
[2025-08-01T14:45:02.458+0000] GC(127)  Capacity:     4096M (100%)       4096M (100%)       4096M (100%)       4096M (100%)       4096M (100%)       4096M (100%)   
[2025-08-01T14:45:02.458+0000] GC(127)      Free:     1694M (41%)         966M (24%)        2822M (69%)        2836M (69%)        2836M (69%)         956M (23%)    
[2025-08-01T14:45:02.458+0000] GC(127)      Used:     2402M (59%)        3130M (76%)        1274M (31%)        1260M (31%)        3140M (77%)        1260M (31%)    
[2025-08-01T14:45:02.458+0000] GC(127)      Live:         -               487M (12%)         487M (12%)         487M (12%)            -                  -          
[2025-08-01T14:45:02.458+0000] GC(127) Allocated:         -               728M (18%)         738M (18%)         738M (18%)            -                  -          
[2025-08-01T14:45:02.458+0000] GC(127)   Garbage:         -              1914M (47%)          48M (1%)           34M (1%)             -                  -          
[2025-08-01T14:45:02.458+0000] GC(127) Reclaimed:         -                  -              1866M (46%)        1880M (46%)            -                  -          
[2025-08-01T14:45:02.458+0000] GC(127) Garbage Collection (Allocation Rate) 2402M(59%)->1260M(31%)
[2025-08-01T14:45:02.694+0000] GC(128) Heap before GC invocations=128 (full 128):
[2025-08-01T14:45:02.694+0000] GC(128)  ZHeap           used 2364M, capacity 4096M, max capacity 4096M
[2025-08-01T14:45:02.694+0000] GC(128)  Metaspace       used 10643K, committed 10880K, reserved 1114112K
[2025-08-01T14:45:02.694+0000] GC(128)   class space    used 1265K, committed 1344K, reserved 1048576K
[2025-08-01T14:45:02.694+0000] GC(128) Garbage Collection (Allocation Rate)
[2025-08-01T14:45:02.694+0000] GC(128) Using 2 workers
[2025-08-01T14:45:02.694+0000] GC(128) Pause Mark Start 0.009ms
[2025-08-01T14:45:02.846+0000] GC(128) Concurrent Mark 151.518ms
[2025-08-01T14:45:02.846+0000] GC(128) Pause Mark End 0.019ms
[2025-08-01T14:45:02.846+0000] GC(128) Concurrent Mark Free 0.001ms
[2025-08-01T14:45:02.849+0000] GC(128) Concurrent Process Non-Strong References 2.706ms
[2025-08-01T14:45:02.849+0000] GC(128) Concurrent Reset Relocation Set 0.002ms
[2025-08-01T14:45:02.852+0000] GC(128) Concurrent Select Relocation Set 3.194ms
[2025-08-01T14:45:02.852+0000] GC(128) Pause Relocate Start 0.008ms
[2025-08-01T14:45:02.854+0000] GC(128) Concurrent Relocate 1.471ms
[2025-08-01T14:45:02.854+0000] GC(128) Heap after GC invocations=129 (full 129):
[2025-08-01T14:45:02.854+0000] GC(128)  ZHeap           used 1414M, capacity 4096M, max capacity 4096M
[2025-08-01T14:45:02.854+0000] GC(128)  Metaspace       used 10643K, committed 10880K, reserved 1114112K
[2025-08-01T14:45:02.854+0000] GC(128)   class space    used 1265K, committed 1344K, reserved 1048576K
[2025-08-01T14:45:02.854+0000] GC(128) Load: 1.82/0.60/0.26
[2025-08-01T14:45:02.854+0000] GC(128) MMU: 2ms/90.0%, 5ms/96.0%, 10ms/97.9%, 20ms/98.9%, 50ms/99.6%, 100ms/99.8%
[2025-08-01T14:45:02.854+0000] GC(128) Mark: 2 stripe(s), 2 proactive flush(es), 1 terminate flush(es), 0 completion(s), 0 continuation(s) 
[2025-08-01T14:45:02.854+0000] GC(128) Mark Stack Usage: 32M
[2025-08-01T14:45:02.854+0000] GC(128) NMethods: 1415 registered, 180 unregistered
[2025-08-01T14:45:02.854+0000] GC(128) Metaspace: 10M used, 10M committed, 1088M reserved
[2025-08-01T14:45:02.854+0000] GC(128) Soft: 228 encountered, 0 discovered, 0 enqueued
[2025-08-01T14:45:02.854+0000] GC(128) Weak: 934 encountered, 679 discovered, 0 enqueued
[2025-08-01T14:45:02.854+0000] GC(128) Final: 0 encountered, 0 discovered, 0 enqueued
[2025-08-01T14:45:02.854+0000] GC(128) Phantom: 3 encountered, 1 discovered, 0 enqueued
[2025-08-01T14:45:02.854+0000] GC(128) Small Pages: 1166 / 2332M, Empty: 1674M, Relocated: 4M, In-Place: 0
[2025-08-01T14:45:02.854+0000] GC(128) Medium Pages: 1 / 32M, Empty: 0M, Relocated: 0M, In-Place: 0
[2025-08-01T14:45:02.854+0000] GC(128) Large Pages: 0 / 0M, Empty: 0M, Relocated: 0M, In-Place: 0
[2025-08-01T14:45:02.854+0000] GC(128) Forwarding Usage: 0M
[2025-08-01T14:45:02.854+0000] GC(128) Min Capacity: 4096M(100%)
[2025-08-01T14:45:02.854+0000] GC(128) Max Capacity: 4096M(100%)
[2025-08-01T14:45:02.854+0000] GC(128) Soft Max Capacity: 4096M(100%)
[2025-08-01T14:45:02.854+0000] GC(128)                Mark Start          Mark End        Relocate Start      Relocate End           High               Low         
[2025-08-01T14:45:02.854+0000] GC(128)  Capacity:     4096M (100%)       4096M (100%)       4096M (100%)       4096M (100%)       4096M (100%)       4096M (100%)   
[2025-08-01T14:45:02.854+0000] GC(128)      Free:     1732M (42%)         994M (24%)        2668M (65%)        2682M (65%)        2682M (65%)         994M (24%)    
[2025-08-01T14:45:02.854+0000] GC(128)      Used:     2364M (58%)        3102M (76%)        1428M (35%)        1414M (35%)        3102M (76%)        1414M (35%)    
[2025-08-01T14:45:02.854+0000] GC(128)      Live:         -               637M (16%)         637M (16%)         637M (16%)            -                  -          
[2025-08-01T14:45:02.854+0000] GC(128) Allocated:         -               738M (18%)         738M (18%)         738M (18%)            -                  -          
[2025-08-01T14:45:02.854+0000] GC(128)   Garbage:         -              1726M (42%)          52M (1%)           38M (1%)             -                  -          
[2025-08-01T14:45:02.854+0000] GC(128) Reclaimed:         -                  -              1674M (41%)        1688M (41%)            -                  -          
[2025-08-01T14:45:02.854+0000] GC(128) Garbage Collection (Allocation Rate) 2364M(58%)->1414M(35%)
[2025-08-01T14:45:03.094+0000] GC(129) Heap before GC invocations=129 (full 129):
[2025-08-01T14:45:03.094+0000] GC(129)  ZHeap           used 2610M, capacity 4096M, max capacity 4096M
[2025-08-01T14:45:03.094+0000] GC(129)  Metaspace       used 10643K, committed 10880K, reserved 1114112K
[2025-08-01T14:45:03.094+0000] GC(129)   class space    used 1265K, committed 1344K, reserved 1048576K
[2025-08-01T14:45:03.094+0000] GC(129) Garbage Collection (Allocation Rate)
[2025-08-01T14:45:03.094+0000] GC(129) Using 2 workers
[2025-08-01T14:45:03.094+0000] GC(129) Pause Mark Start 0.016ms
[2025-08-01T14:45:03.258+0000] GC(129) Concurrent Mark 163.135ms
[2025-08-01T14:45:03.258+0000] GC(129) Pause Mark End 0.023ms
[2025-08-01T14:45:03.258+0000] GC(129) Concurrent Mark Free 0.002ms
[2025-08-01T14:45:03.264+0000] GC(129) Concurrent Process Non-Strong References 5.572ms
[2025-08-01T14:45:03.264+0000] GC(129) Concurrent Reset Relocation Set 0.003ms
[2025-08-01T14:45:03.268+0000] GC(129) Concurrent Select Relocation Set 4.105ms
[2025-08-01T14:45:03.270+0000] GC(129) Pause Relocate Start 0.065ms
[2025-08-01T14:45:03.271+0000] GC(129) Concurrent Relocate 1.433ms
[2025-08-01T14:45:03.271+0000] GC(129) Heap after GC invocations=130 (full 130):
[2025-08-01T14:45:03.271+0000] GC(129)  ZHeap           used 1430M, capacity 4096M, max capacity 4096M
[2025-08-01T14:45:03.271+0000] GC(129)  Metaspace       used 10643K, committed 10880K, reserved 1114112K
[2025-08-01T14:45:03.271+0000] GC(129)   class space    used 1265K, committed 1344K, reserved 1048576K
[2025-08-01T14:45:03.271+0000] GC(129) Load: 1.82/0.60/0.26
[2025-08-01T14:45:03.272+0000] GC(129) MMU: 2ms/90.0%, 5ms/96.0%, 10ms/97.9%, 20ms/98.9%, 50ms/99.6%, 100ms/99.8%
[2025-08-01T14:45:03.272+0000] GC(129) Mark: 2 stripe(s), 2 proactive flush(es), 1 terminate flush(es), 0 completion(s), 0 continuation(s) 
[2025-08-01T14:45:03.272+0000] GC(129) Mark Stack Usage: 32M
[2025-08-01T14:45:03.272+0000] GC(129) NMethods: 1415 registered, 180 unregistered
[2025-08-01T14:45:03.272+0000] GC(129) Metaspace: 10M used, 10M committed, 1088M reserved
[2025-08-01T14:45:03.272+0000] GC(129) Soft: 228 encountered, 0 discovered, 0 enqueued
[2025-08-01T14:45:03.272+0000] GC(129) Weak: 934 encountered, 720 discovered, 0 enqueued
[2025-08-01T14:45:03.272+0000] GC(129) Final: 0 encountered, 0 discovered, 0 enqueued
[2025-08-01T14:45:03.272+0000] GC(129) Phantom: 3 encountered, 1 discovered, 0 enqueued
[2025-08-01T14:45:03.272+0000] GC(129) Small Pages: 1289 / 2578M, Empty: 1986M, Relocated: 5M, In-Place: 0
[2025-08-01T14:45:03.272+0000] GC(129) Medium Pages: 1 / 32M, Empty: 0M, Relocated: 0M, In-Place: 0
[2025-08-01T14:45:03.272+0000] GC(129) Large Pages: 0 / 0M, Empty: 0M, Relocated: 0M, In-Place: 0
[2025-08-01T14:45:03.272+0000] GC(129) Forwarding Usage: 0M
[2025-08-01T14:45:03.272+0000] GC(129) Min Capacity: 4096M(100%)
[2025-08-01T14:45:03.272+0000] GC(129) Max Capacity: 4096M(100%)
[2025-08-01T14:45:03.272+0000] GC(129) Soft Max Capacity: 4096M(100%)
[2025-08-01T14:45:03.272+0000] GC(129)                Mark Start          Mark End        Relocate Start      Relocate End           High               Low         
[2025-08-01T14:45:03.272+0000] GC(129)  Capacity:     4096M (100%)       4096M (100%)       4096M (100%)       4096M (100%)       4096M (100%)       4096M (100%)   
[2025-08-01T14:45:03.272+0000] GC(129)      Free:     1486M (36%)         732M (18%)        2664M (65%)        2668M (65%)        2670M (65%)         698M (17%)    
[2025-08-01T14:45:03.272+0000] GC(129)      Used:     2610M (64%)        3364M (82%)        1432M (35%)        1428M (35%)        3398M (83%)        1426M (35%)    
[2025-08-01T14:45:03.272+0000] GC(129)      Live:         -               577M (14%)         577M (14%)         577M (14%)            -                  -          
[2025-08-01T14:45:03.272+0000] GC(129) Allocated:         -               754M (18%)         808M (20%)         814M (20%)            -                  -          
[2025-08-01T14:45:03.272+0000] GC(129)   Garbage:         -              2032M (50%)          46M (1%)           36M (1%)             -                  -          
[2025-08-01T14:45:03.272+0000] GC(129) Reclaimed:         -                  -              1986M (48%)        1996M (49%)            -                  -          
[2025-08-01T14:45:03.272+0000] GC(129) Garbage Collection (Allocation Rate) 2610M(64%)->1428M(35%)
[2025-08-01T14:45:03.594+0000] GC(130) Heap before GC invocations=130 (full 130):
[2025-08-01T14:45:03.594+0000] GC(130)  ZHeap           used 2762M, capacity 4096M, max capacity 4096M
[2025-08-01T14:45:03.595+0000] GC(130)  Metaspace       used 10643K, committed 10880K, reserved 1114112K
[2025-08-01T14:45:03.595+0000] GC(130)   class space    used 1265K, committed 1344K, reserved 1048576K
[2025-08-01T14:45:03.595+0000] GC(130) Garbage Collection (Allocation Rate)
[2025-08-01T14:45:03.595+0000] GC(130) Using 2 workers
[2025-08-01T14:45:03.596+0000] GC(130) Pause Mark Start 0.018ms
[2025-08-01T14:45:03.694+0000] === Garbage Collection Statistics =======================================================================================================================
[2025-08-01T14:45:03.694+0000]                                                              Last 10s              Last 10m              Last 10h                Total
[2025-08-01T14:45:03.694+0000]                                                              Avg / Max             Avg / Max             Avg / Max             Avg / Max
[2025-08-01T14:45:03.694+0000]   Collector: Garbage Collection Cycle                    143.386 / 231.301     149.333 / 346.825     149.333 / 346.825     149.333 / 346.825     ms
[2025-08-01T14:45:03.694+0000]  Contention: Mark Segment Reset Contention                     0 / 1                 0 / 2                 0 / 2                 0 / 2           ops/s
[2025-08-01T14:45:03.694+0000]  Contention: Mark SeqNum Reset Contention                      0 / 1                 0 / 1                 0 / 1                 0 / 1           ops/s
[2025-08-01T14:45:03.694+0000]    Critical: Allocation Stall                                  0 / 0                 0 / 0                 0 / 0                 0 / 0           ops/s
[2025-08-01T14:45:03.694+0000]    Critical: Allocation Stall                              0.000 / 0.000         0.000 / 0.000         0.000 / 0.000         0.000 / 0.000       ms
[2025-08-01T14:45:03.694+0000]    Critical: GC Locker Stall                                   0 / 0                 0 / 0                 0 / 0                 0 / 0           ops/s
[2025-08-01T14:45:03.694+0000]    Critical: GC Locker Stall                               0.000 / 0.000         0.000 / 0.000         0.000 / 0.000         0.000 / 0.000       ms
[2025-08-01T14:45:03.694+0000]    Critical: Relocation Stall                                  0 / 0                 0 / 0                 0 / 0                 0 / 0           ops/s
[2025-08-01T14:45:03.694+0000]    Critical: Relocation Stall                              0.000 / 0.000         0.000 / 0.000         0.000 / 0.000         0.000 / 0.000       ms
[2025-08-01T14:45:03.694+0000]      Memory: Allocation Rate                                4835 / 5080           4462 / 5128           4462 / 5128           4462 / 5128        MB/s
[2025-08-01T14:45:03.694+0000]      Memory: Defragment                                        0 / 0                 0 / 0                 0 / 0                 0 / 0           ops/s
[2025-08-01T14:45:03.694+0000]      Memory: Out Of Memory                                     0 / 0                 0 / 0                 0 / 0                 0 / 0           ops/s
[2025-08-01T14:45:03.694+0000]      Memory: Page Cache Flush                                  0 / 0                 0 / 0                 0 / 0                 0 / 0           MB/s
[2025-08-01T14:45:03.694+0000]      Memory: Page Cache Hit L1                              2424 / 2545           2199 / 2578           2199 / 2578           2199 / 2578        ops/s
[2025-08-01T14:45:03.694+0000]      Memory: Page Cache Hit L2                                 0 / 0                 0 / 0                 0 / 0                 0 / 0           ops/s
[2025-08-01T14:45:03.694+0000]      Memory: Page Cache Hit L3                                 0 / 0                34 / 551              34 / 551              34 / 551         ops/s
[2025-08-01T14:45:03.694+0000]      Memory: Page Cache Miss                                   0 / 0                 0 / 1                 0 / 1                 0 / 1           ops/s
[2025-08-01T14:45:03.694+0000]      Memory: Uncommit                                          0 / 0                 0 / 0                 0 / 0                 0 / 0           MB/s
[2025-08-01T14:45:03.694+0000]      Memory: Undo Object Allocation Failed                     0 / 0                 0 / 3                 0 / 3                 0 / 3           ops/s
[2025-08-01T14:45:03.694+0000]      Memory: Undo Object Allocation Succeeded                  0 / 0                 0 / 3                 0 / 3                 0 / 3           ops/s
[2025-08-01T14:45:03.695+0000]      Memory: Undo Page Allocation                              0 / 0                 0 / 1                 0 / 1                 0 / 1           ops/s
[2025-08-01T14:45:03.695+0000]       Phase: Concurrent Mark                             131.913 / 216.906     136.551 / 335.006     136.551 / 335.006     136.551 / 335.006     ms
[2025-08-01T14:45:03.695+0000]       Phase: Concurrent Mark Continue                      0.000 / 0.000         0.000 / 0.000         0.000 / 0.000         0.000 / 0.000       ms
[2025-08-01T14:45:03.695+0000]       Phase: Concurrent Mark Free                          0.002 / 0.003         0.002 / 0.005         0.002 / 0.005         0.002 / 0.005       ms
[2025-08-01T14:45:03.695+0000]       Phase: Concurrent Process Non-Strong References      4.006 / 7.909         3.873 / 11.932        3.873 / 11.932        3.873 / 11.932      ms
[2025-08-01T14:45:03.695+0000]       Phase: Concurrent Relocate                           1.491 / 3.513         2.570 / 16.307        2.570 / 16.307        2.570 / 16.307      ms
[2025-08-01T14:45:03.695+0000]       Phase: Concurrent Reset Relocation Set               0.003 / 0.004         0.002 / 0.004         0.002 / 0.004         0.002 / 0.004       ms
[2025-08-01T14:45:03.695+0000]       Phase: Concurrent Select Relocation Set              3.636 / 5.817         3.781 / 16.702        3.781 / 16.702        3.781 / 16.702      ms
[2025-08-01T14:45:03.695+0000]       Phase: Pause Mark End                                0.020 / 0.040         0.023 / 0.200         0.023 / 0.200         0.023 / 0.200       ms
[2025-08-01T14:45:03.695+0000]       Phase: Pause Mark Start                              0.011 / 0.018         0.014 / 0.074         0.014 / 0.074         0.014 / 0.074       ms
[2025-08-01T14:45:03.695+0000]       Phase: Pause Relocate Start                          0.021 / 0.143         0.015 / 0.143         0.015 / 0.143         0.015 / 0.143       ms
[2025-08-01T14:45:03.695+0000]    Subphase: Concurrent Classes Purge                      0.037 / 0.131         0.031 / 0.147         0.031 / 0.147         0.031 / 0.147       ms
[2025-08-01T14:45:03.695+0000]    Subphase: Concurrent Classes Unlink                     2.516 / 4.960         2.481 / 6.492         2.481 / 6.492         2.481 / 6.492       ms
[2025-08-01T14:45:03.695+0000]    Subphase: Concurrent Mark                             130.445 / 216.053     135.053 / 334.367     135.053 / 334.367     135.053 / 334.367     ms
[2025-08-01T14:45:03.695+0000]    Subphase: Concurrent Mark Try Flush                     0.599 / 2.743         0.530 / 7.713         0.530 / 7.713         0.530 / 7.713       ms
[2025-08-01T14:45:03.695+0000]    Subphase: Concurrent Mark Try Terminate                 0.931 / 2.422         0.905 / 3.103         0.905 / 3.103         0.905 / 3.103       ms
[2025-08-01T14:45:03.695+0000]    Subphase: Concurrent References Enqueue                 0.001 / 0.001         0.001 / 0.006         0.001 / 0.006         0.001 / 0.006       ms
[2025-08-01T14:45:03.695+0000]    Subphase: Concurrent References Process                 0.402 / 1.271         0.287 / 1.271         0.287 / 1.271         0.287 / 1.271       ms
[2025-08-01T14:45:03.695+0000]    Subphase: Concurrent Roots ClassLoaderDataGraph         0.098 / 0.248         0.133 / 1.286         0.133 / 1.286         0.133 / 1.286       ms
[2025-08-01T14:45:03.695+0000]    Subphase: Concurrent Roots CodeCache                    0.000 / 0.000         0.000 / 0.000         0.000 / 0.000         0.000 / 0.000       ms
[2025-08-01T14:45:03.695+0000]    Subphase: Concurrent Roots JavaThreads                  0.108 / 0.511         0.120 / 1.222         0.120 / 1.222         0.120 / 1.222       ms
[2025-08-01T14:45:03.695+0000]    Subphase: Concurrent Roots OopStorageSet                0.019 / 0.031         0.033 / 0.238         0.033 / 0.238         0.033 / 0.238       ms
[2025-08-01T14:45:03.695+0000]    Subphase: Concurrent Weak Roots OopStorageSet           0.195 / 0.375         0.237 / 2.271         0.237 / 2.271         0.237 / 2.271       ms
[2025-08-01T14:45:03.695+0000]    Subphase: Pause Mark Try Complete                       0.000 / 0.000         0.000 / 0.000         0.000 / 0.000         0.000 / 0.000       ms
[2025-08-01T14:45:03.695+0000]      System: Java Threads                                     14 / 14               14 / 14               14 / 14               14 / 14          threads
[2025-08-01T14:45:03.695+0000] =========================================================================================================================================================
[2025-08-01T14:45:03.745+0000] GC(130) Concurrent Mark 148.976ms
[2025-08-01T14:45:03.746+0000] GC(130) Pause Mark End 0.015ms
[2025-08-01T14:45:03.746+0000] GC(130) Concurrent Mark Free 0.001ms
[2025-08-01T14:45:03.749+0000] GC(130) Concurrent Process Non-Strong References 2.781ms
[2025-08-01T14:45:03.749+0000] GC(130) Concurrent Reset Relocation Set 0.003ms
[2025-08-01T14:45:03.753+0000] GC(130) Concurrent Select Relocation Set 3.601ms
[2025-08-01T14:45:03.753+0000] GC(130) Pause Relocate Start 0.016ms
[2025-08-01T14:45:03.755+0000] GC(130) Concurrent Relocate 1.618ms
[2025-08-01T14:45:03.755+0000] GC(130) Heap after GC invocations=131 (full 131):
[2025-08-01T14:45:03.755+0000] GC(130)  ZHeap           used 1162M, capacity 4096M, max capacity 4096M
[2025-08-01T14:45:03.755+0000] GC(130)  Metaspace       used 10643K, committed 10880K, reserved 1114112K
[2025-08-01T14:45:03.755+0000] GC(130)   class space    used 1265K, committed 1344K, reserved 1048576K
[2025-08-01T14:45:03.755+0000] GC(130) Load: 1.82/0.60/0.26
[2025-08-01T14:45:03.755+0000] GC(130) MMU: 2ms/90.0%, 5ms/96.0%, 10ms/97.9%, 20ms/98.9%, 50ms/99.6%, 100ms/99.8%
[2025-08-01T14:45:03.755+0000] GC(130) Mark: 2 stripe(s), 3 proactive flush(es), 1 terminate flush(es), 0 completion(s), 0 continuation(s) 
[2025-08-01T14:45:03.755+0000] GC(130) Mark Stack Usage: 32M
[2025-08-01T14:45:03.755+0000] GC(130) NMethods: 1415 registered, 180 unregistered
[2025-08-01T14:45:03.755+0000] GC(130) Metaspace: 10M used, 10M committed, 1088M reserved
[2025-08-01T14:45:03.755+0000] GC(130) Soft: 228 encountered, 0 discovered, 0 enqueued
[2025-08-01T14:45:03.755+0000] GC(130) Weak: 934 encountered, 686 discovered, 0 enqueued
[2025-08-01T14:45:03.755+0000] GC(130) Final: 0 encountered, 0 discovered, 0 enqueued
[2025-08-01T14:45:03.755+0000] GC(130) Phantom: 3 encountered, 1 discovered, 0 enqueued
[2025-08-01T14:45:03.755+0000] GC(130) Small Pages: 1367 / 2734M, Empty: 2236M, Relocated: 4M, In-Place: 0
[2025-08-01T14:45:03.755+0000] GC(130) Medium Pages: 1 / 32M, Empty: 0M, Relocated: 0M, In-Place: 0
[2025-08-01T14:45:03.755+0000] GC(130) Large Pages: 0 / 0M, Empty: 0M, Relocated: 0M, In-Place: 0
[2025-08-01T14:45:03.755+0000] GC(130) Forwarding Usage: 0M
[2025-08-01T14:45:03.755+0000] GC(130) Min Capacity: 4096M(100%)
[2025-08-01T14:45:03.755+0000] GC(130) Max Capacity: 4096M(100%)
[2025-08-01T14:45:03.755+0000] GC(130) Soft Max Capacity: 4096M(100%)
[2025-08-01T14:45:03.755+0000] GC(130)                Mark Start          Mark End        Relocate Start      Relocate End           High               Low         
[2025-08-01T14:45:03.755+0000] GC(130)  Capacity:     4096M (100%)       4096M (100%)       4096M (100%)       4096M (100%)       4096M (100%)       4096M (100%)   
[2025-08-01T14:45:03.755+0000] GC(130)      Free:     1330M (32%)         736M (18%)        2930M (72%)        2936M (72%)        2938M (72%)         720M (18%)    
[2025-08-01T14:45:03.755+0000] GC(130)      Used:     2766M (68%)        3360M (82%)        1166M (28%)        1160M (28%)        3376M (82%)        1158M (28%)    
[2025-08-01T14:45:03.755+0000] GC(130)      Live:         -               481M (12%)         481M (12%)         481M (12%)            -                  -          
[2025-08-01T14:45:03.755+0000] GC(130) Allocated:         -               594M (15%)         636M (16%)         642M (16%)            -                  -          
[2025-08-01T14:45:03.755+0000] GC(130)   Garbage:         -              2284M (56%)          48M (1%)           36M (1%)             -                  -          
[2025-08-01T14:45:03.755+0000] GC(130) Reclaimed:         -                  -              2236M (55%)        2248M (55%)            -                  -          
[2025-08-01T14:45:03.756+0000] GC(130) Garbage Collection (Allocation Rate) 2766M(68%)->1160M(28%)
[2025-08-01T14:45:04.093+0000] GC(131) Heap before GC invocations=131 (full 131):
[2025-08-01T14:45:04.093+0000] GC(131)  ZHeap           used 2934M, capacity 4096M, max capacity 4096M
[2025-08-01T14:45:04.093+0000] GC(131)  Metaspace       used 10643K, committed 10880K, reserved 1114112K
[2025-08-01T14:45:04.093+0000] GC(131)   class space    used 1265K, committed 1344K, reserved 1048576K
[2025-08-01T14:45:04.093+0000] GC(131) Garbage Collection (Allocation Rate)
[2025-08-01T14:45:04.093+0000] GC(131) Using 2 workers
[2025-08-01T14:45:04.094+0000] GC(131) Pause Mark Start 0.088ms
[2025-08-01T14:45:04.183+0000] GC(131) Concurrent Mark 89.272ms
[2025-08-01T14:45:04.183+0000] GC(131) Pause Mark End 0.012ms
[2025-08-01T14:45:04.183+0000] GC(131) Concurrent Mark Free 0.001ms
[2025-08-01T14:45:04.185+0000] GC(131) Concurrent Process Non-Strong References 1.880ms
[2025-08-01T14:45:04.185+0000] GC(131) Concurrent Reset Relocation Set 0.003ms
[2025-08-01T14:45:04.188+0000] GC(131) Concurrent Select Relocation Set 2.443ms
[2025-08-01T14:45:04.188+0000] GC(131) Pause Relocate Start 0.013ms
[2025-08-01T14:45:04.189+0000] GC(131) Concurrent Relocate 1.090ms
[2025-08-01T14:45:04.189+0000] GC(131) Heap after GC invocations=132 (full 132):
[2025-08-01T14:45:04.189+0000] GC(131)  ZHeap           used 832M, capacity 4096M, max capacity 4096M
[2025-08-01T14:45:04.189+0000] GC(131)  Metaspace       used 10643K, committed 10880K, reserved 1114112K
[2025-08-01T14:45:04.189+0000] GC(131)   class space    used 1265K, committed 1344K, reserved 1048576K
[2025-08-01T14:45:04.189+0000] GC(131) Load: 1.82/0.60/0.26
[2025-08-01T14:45:04.189+0000] GC(131) MMU: 2ms/90.0%, 5ms/96.0%, 10ms/97.9%, 20ms/98.9%, 50ms/99.6%, 100ms/99.8%
[2025-08-01T14:45:04.189+0000] GC(131) Mark: 2 stripe(s), 2 proactive flush(es), 1 terminate flush(es), 0 completion(s), 0 continuation(s) 
[2025-08-01T14:45:04.189+0000] GC(131) Mark Stack Usage: 32M
[2025-08-01T14:45:04.189+0000] GC(131) NMethods: 1415 registered, 180 unregistered
[2025-08-01T14:45:04.189+0000] GC(131) Metaspace: 10M used, 10M committed, 1088M reserved
[2025-08-01T14:45:04.189+0000] GC(131) Soft: 228 encountered, 0 discovered, 0 enqueued
[2025-08-01T14:45:04.189+0000] GC(131) Weak: 934 encountered, 700 discovered, 0 enqueued
[2025-08-01T14:45:04.189+0000] GC(131) Final: 0 encountered, 0 discovered, 0 enqueued
[2025-08-01T14:45:04.189+0000] GC(131) Phantom: 3 encountered, 1 discovered, 0 enqueued
[2025-08-01T14:45:04.189+0000] GC(131) Small Pages: 1452 / 2904M, Empty: 2532M, Relocated: 2M, In-Place: 0
[2025-08-01T14:45:04.189+0000] GC(131) Medium Pages: 1 / 32M, Empty: 0M, Relocated: 0M, In-Place: 0
[2025-08-01T14:45:04.189+0000] GC(131) Large Pages: 0 / 0M, Empty: 0M, Relocated: 0M, In-Place: 0
[2025-08-01T14:45:04.189+0000] GC(131) Forwarding Usage: 0M
[2025-08-01T14:45:04.189+0000] GC(131) Min Capacity: 4096M(100%)
[2025-08-01T14:45:04.189+0000] GC(131) Max Capacity: 4096M(100%)
[2025-08-01T14:45:04.189+0000] GC(131) Soft Max Capacity: 4096M(100%)
[2025-08-01T14:45:04.189+0000] GC(131)                Mark Start          Mark End        Relocate Start      Relocate End           High               Low         
[2025-08-01T14:45:04.189+0000] GC(131)  Capacity:     4096M (100%)       4096M (100%)       4096M (100%)       4096M (100%)       4096M (100%)       4096M (100%)   
[2025-08-01T14:45:04.189+0000] GC(131)      Free:     1160M (28%)         748M (18%)        3256M (79%)        3264M (80%)        3266M (80%)         736M (18%)    
[2025-08-01T14:45:04.189+0000] GC(131)      Used:     2936M (72%)        3348M (82%)         840M (21%)         832M (20%)        3360M (82%)         830M (20%)    
[2025-08-01T14:45:04.189+0000] GC(131)      Live:         -               354M (9%)          354M (9%)          354M (9%)             -                  -          
[2025-08-01T14:45:04.189+0000] GC(131) Allocated:         -               412M (10%)         436M (11%)         442M (11%)            -                  -          
[2025-08-01T14:45:04.189+0000] GC(131)   Garbage:         -              2581M (63%)          49M (1%)           35M (1%)             -                  -          
[2025-08-01T14:45:04.190+0000] GC(131) Reclaimed:         -                  -              2532M (62%)        2546M (62%)            -                  -          
[2025-08-01T14:45:04.190+0000] GC(131) Garbage Collection (Allocation Rate) 2936M(72%)->832M(20%)
[2025-08-01T14:45:04.593+0000] GC(132) Heap before GC invocations=132 (full 132):
[2025-08-01T14:45:04.593+0000] GC(132)  ZHeap           used 2824M, capacity 4096M, max capacity 4096M
[2025-08-01T14:45:04.593+0000] GC(132)  Metaspace       used 10643K, committed 10880K, reserved 1114112K
[2025-08-01T14:45:04.593+0000] GC(132)   class space    used 1265K, committed 1344K, reserved 1048576K
[2025-08-01T14:45:04.593+0000] GC(132) Garbage Collection (Allocation Rate)
[2025-08-01T14:45:04.593+0000] GC(132) Using 2 workers
[2025-08-01T14:45:04.594+0000] GC(132) Pause Mark Start 0.013ms
[2025-08-01T14:45:04.743+0000] GC(132) Concurrent Mark 148.524ms
[2025-08-01T14:45:04.743+0000] GC(132) Pause Mark End 0.042ms
[2025-08-01T14:45:04.743+0000] GC(132) Concurrent Mark Free 0.001ms
[2025-08-01T14:45:04.745+0000] GC(132) Concurrent Process Non-Strong References 2.097ms
[2025-08-01T14:45:04.745+0000] GC(132) Concurrent Reset Relocation Set 0.002ms
[2025-08-01T14:45:04.748+0000] GC(132) Concurrent Select Relocation Set 2.759ms
[2025-08-01T14:45:04.748+0000] GC(132) Pause Relocate Start 0.008ms
[2025-08-01T14:45:04.750+0000] GC(132) Concurrent Relocate 2.013ms
[2025-08-01T14:45:04.750+0000] GC(132) Heap after GC invocations=133 (full 133):
[2025-08-01T14:45:04.750+0000] GC(132)  ZHeap           used 1386M, capacity 4096M, max capacity 4096M
[2025-08-01T14:45:04.750+0000] GC(132)  Metaspace       used 10643K, committed 10880K, reserved 1114112K
[2025-08-01T14:45:04.750+0000] GC(132)   class space    used 1265K, committed 1344K, reserved 1048576K
[2025-08-01T14:45:04.750+0000] GC(132) Load: 1.82/0.60/0.26
[2025-08-01T14:45:04.750+0000] GC(132) MMU: 2ms/90.0%, 5ms/96.0%, 10ms/97.9%, 20ms/98.9%, 50ms/99.6%, 100ms/99.8%
[2025-08-01T14:45:04.750+0000] GC(132) Mark: 2 stripe(s), 2 proactive flush(es), 1 terminate flush(es), 0 completion(s), 0 continuation(s) 
[2025-08-01T14:45:04.750+0000] GC(132) Mark Stack Usage: 32M
[2025-08-01T14:45:04.750+0000] GC(132) NMethods: 1415 registered, 180 unregistered
[2025-08-01T14:45:04.750+0000] GC(132) Metaspace: 10M used, 10M committed, 1088M reserved
[2025-08-01T14:45:04.750+0000] GC(132) Soft: 228 encountered, 0 discovered, 0 enqueued
[2025-08-01T14:45:04.750+0000] GC(132) Weak: 934 encountered, 695 discovered, 0 enqueued
[2025-08-01T14:45:04.750+0000] GC(132) Final: 0 encountered, 0 discovered, 0 enqueued
[2025-08-01T14:45:04.750+0000] GC(132) Phantom: 3 encountered, 1 discovered, 0 enqueued
[2025-08-01T14:45:04.750+0000] GC(132) Small Pages: 1396 / 2792M, Empty: 2204M, Relocated: 5M, In-Place: 0
[2025-08-01T14:45:04.750+0000] GC(132) Medium Pages: 1 / 32M, Empty: 0M, Relocated: 0M, In-Place: 0
[2025-08-01T14:45:04.750+0000] GC(132) Large Pages: 0 / 0M, Empty: 0M, Relocated: 0M, In-Place: 0
[2025-08-01T14:45:04.750+0000] GC(132) Forwarding Usage: 0M
[2025-08-01T14:45:04.750+0000] GC(132) Min Capacity: 4096M(100%)
[2025-08-01T14:45:04.750+0000] GC(132) Max Capacity: 4096M(100%)
[2025-08-01T14:45:04.750+0000] GC(132) Soft Max Capacity: 4096M(100%)
[2025-08-01T14:45:04.750+0000] GC(132)                Mark Start          Mark End        Relocate Start      Relocate End           High               Low         
[2025-08-01T14:45:04.750+0000] GC(132)  Capacity:     4096M (100%)       4096M (100%)       4096M (100%)       4096M (100%)       4096M (100%)       4096M (100%)   
[2025-08-01T14:45:04.750+0000] GC(132)      Free:     1272M (31%)         532M (13%)        2712M (66%)        2712M (66%)        2716M (66%)         528M (13%)    
[2025-08-01T14:45:04.750+0000] GC(132)      Used:     2824M (69%)        3564M (87%)        1384M (34%)        1384M (34%)        3568M (87%)        1380M (34%)    
[2025-08-01T14:45:04.750+0000] GC(132)      Live:         -               575M (14%)         575M (14%)         575M (14%)            -                  -          
[2025-08-01T14:45:04.750+0000] GC(132) Allocated:         -               740M (18%)         764M (19%)         772M (19%)            -                  -          
[2025-08-01T14:45:04.750+0000] GC(132)   Garbage:         -              2248M (55%)          44M (1%)           36M (1%)             -                  -          
[2025-08-01T14:45:04.750+0000] GC(132) Reclaimed:         -                  -              2204M (54%)        2212M (54%)            -                  -          
[2025-08-01T14:45:04.750+0000] GC(132) Garbage Collection (Allocation Rate) 2824M(69%)->1384M(34%)
[2025-08-01T14:45:04.894+0000] GC(133) Heap before GC invocations=133 (full 133):
[2025-08-01T14:45:04.894+0000] GC(133)  ZHeap           used 2146M, capacity 4096M, max capacity 4096M
[2025-08-01T14:45:04.894+0000] GC(133)  Metaspace       used 10643K, committed 10880K, reserved 1114112K
[2025-08-01T14:45:04.894+0000] GC(133)   class space    used 1265K, committed 1344K, reserved 1048576K
[2025-08-01T14:45:04.894+0000] GC(133) Garbage Collection (Allocation Rate)
[2025-08-01T14:45:04.894+0000] GC(133) Using 2 workers
[2025-08-01T14:45:04.894+0000] GC(133) Pause Mark Start 0.009ms
[2025-08-01T14:45:04.969+0000] GC(133) Concurrent Mark 74.577ms
[2025-08-01T14:45:04.969+0000] GC(133) Pause Mark End 0.014ms
[2025-08-01T14:45:04.969+0000] GC(133) Concurrent Mark Free 0.001ms
[2025-08-01T14:45:04.971+0000] GC(133) Concurrent Process Non-Strong References 2.039ms
[2025-08-01T14:45:04.971+0000] GC(133) Concurrent Reset Relocation Set 0.003ms
[2025-08-01T14:45:04.974+0000] GC(133) Concurrent Select Relocation Set 3.143ms
[2025-08-01T14:45:04.974+0000] GC(133) Pause Relocate Start 0.009ms
[2025-08-01T14:45:04.975+0000] GC(133) Concurrent Relocate 0.449ms
[2025-08-01T14:45:04.975+0000] GC(133) Heap after GC invocations=134 (full 134):
[2025-08-01T14:45:04.975+0000] GC(133)  ZHeap           used 744M, capacity 4096M, max capacity 4096M
[2025-08-01T14:45:04.975+0000] GC(133)  Metaspace       used 10643K, committed 10880K, reserved 1114112K
[2025-08-01T14:45:04.975+0000] GC(133)   class space    used 1265K, committed 1344K, reserved 1048576K
[2025-08-01T14:45:04.975+0000] GC(133) Load: 1.82/0.60/0.26
[2025-08-01T14:45:04.975+0000] GC(133) MMU: 2ms/90.0%, 5ms/96.0%, 10ms/97.9%, 20ms/98.9%, 50ms/99.6%, 100ms/99.8%
[2025-08-01T14:45:04.975+0000] GC(133) Mark: 2 stripe(s), 2 proactive flush(es), 1 terminate flush(es), 0 completion(s), 0 continuation(s) 
[2025-08-01T14:45:04.975+0000] GC(133) Mark Stack Usage: 32M
[2025-08-01T14:45:04.975+0000] GC(133) NMethods: 1415 registered, 180 unregistered
[2025-08-01T14:45:04.975+0000] GC(133) Metaspace: 10M used, 10M committed, 1088M reserved
[2025-08-01T14:45:04.975+0000] GC(133) Soft: 228 encountered, 0 discovered, 0 enqueued
[2025-08-01T14:45:04.975+0000] GC(133) Weak: 934 encountered, 713 discovered, 0 enqueued
[2025-08-01T14:45:04.975+0000] GC(133) Final: 0 encountered, 0 discovered, 0 enqueued
[2025-08-01T14:45:04.975+0000] GC(133) Phantom: 3 encountered, 2 discovered, 0 enqueued
[2025-08-01T14:45:04.975+0000] GC(133) Small Pages: 1057 / 2114M, Empty: 1802M, Relocated: 1M, In-Place: 0
[2025-08-01T14:45:04.975+0000] GC(133) Medium Pages: 1 / 32M, Empty: 0M, Relocated: 0M, In-Place: 0
[2025-08-01T14:45:04.975+0000] GC(133) Large Pages: 0 / 0M, Empty: 0M, Relocated: 0M, In-Place: 0
[2025-08-01T14:45:04.975+0000] GC(133) Forwarding Usage: 0M
[2025-08-01T14:45:04.975+0000] GC(133) Min Capacity: 4096M(100%)
[2025-08-01T14:45:04.975+0000] GC(133) Max Capacity: 4096M(100%)
[2025-08-01T14:45:04.975+0000] GC(133) Soft Max Capacity: 4096M(100%)
[2025-08-01T14:45:04.975+0000] GC(133)                Mark Start          Mark End        Relocate Start      Relocate End           High               Low         
[2025-08-01T14:45:04.975+0000] GC(133)  Capacity:     4096M (100%)       4096M (100%)       4096M (100%)       4096M (100%)       4096M (100%)       4096M (100%)   
[2025-08-01T14:45:04.975+0000] GC(133)      Free:     1950M (48%)        1560M (38%)        3348M (82%)        3352M (82%)        3352M (82%)        1548M (38%)    
[2025-08-01T14:45:04.975+0000] GC(133)      Used:     2146M (52%)        2536M (62%)         748M (18%)         744M (18%)        2548M (62%)         744M (18%)    
[2025-08-01T14:45:04.975+0000] GC(133)      Live:         -               303M (7%)          303M (7%)          303M (7%)             -                  -          
[2025-08-01T14:45:04.975+0000] GC(133) Allocated:         -               390M (10%)         404M (10%)         404M (10%)            -                  -          
[2025-08-01T14:45:04.975+0000] GC(133)   Garbage:         -              1842M (45%)          40M (1%)           36M (1%)             -                  -          
[2025-08-01T14:45:04.975+0000] GC(133) Reclaimed:         -                  -              1802M (44%)        1806M (44%)            -                  -          
[2025-08-01T14:45:04.975+0000] GC(133) Garbage Collection (Allocation Rate) 2146M(52%)->744M(18%)
[2025-08-01T14:45:05.393+0000] GC(134) Heap before GC invocations=134 (full 134):
[2025-08-01T14:45:05.393+0000] GC(134)  ZHeap           used 2880M, capacity 4096M, max capacity 4096M
[2025-08-01T14:45:05.393+0000] GC(134)  Metaspace       used 10643K, committed 10880K, reserved 1114112K
[2025-08-01T14:45:05.393+0000] GC(134)   class space    used 1265K, committed 1344K, reserved 1048576K
[2025-08-01T14:45:05.393+0000] GC(134) Garbage Collection (Allocation Rate)
[2025-08-01T14:45:05.393+0000] GC(134) Using 2 workers
[2025-08-01T14:45:05.393+0000] GC(134) Pause Mark Start 0.011ms
[2025-08-01T14:45:05.601+0000] GC(134) Concurrent Mark 207.906ms
[2025-08-01T14:45:05.603+0000] GC(134) Pause Mark End 0.014ms
[2025-08-01T14:45:05.603+0000] GC(134) Concurrent Mark Free 0.001ms
[2025-08-01T14:45:05.606+0000] GC(134) Concurrent Process Non-Strong References 3.039ms
[2025-08-01T14:45:05.606+0000] GC(134) Concurrent Reset Relocation Set 0.002ms
[2025-08-01T14:45:05.609+0000] GC(134) Concurrent Select Relocation Set 3.100ms
[2025-08-01T14:45:05.609+0000] GC(134) Pause Relocate Start 0.014ms
[2025-08-01T14:45:05.612+0000] GC(134) Concurrent Relocate 3.046ms
[2025-08-01T14:45:05.612+0000] GC(134) Heap after GC invocations=135 (full 135):
[2025-08-01T14:45:05.612+0000] GC(134)  ZHeap           used 1698M, capacity 4096M, max capacity 4096M
[2025-08-01T14:45:05.612+0000] GC(134)  Metaspace       used 10643K, committed 10880K, reserved 1114112K
[2025-08-01T14:45:05.612+0000] GC(134)   class space    used 1265K, committed 1344K, reserved 1048576K
[2025-08-01T14:45:05.612+0000] GC(134) Load: 1.82/0.60/0.26
[2025-08-01T14:45:05.612+0000] GC(134) MMU: 2ms/90.0%, 5ms/96.0%, 10ms/97.9%, 20ms/98.9%, 50ms/99.6%, 100ms/99.8%
[2025-08-01T14:45:05.612+0000] GC(134) Mark: 2 stripe(s), 2 proactive flush(es), 1 terminate flush(es), 0 completion(s), 0 continuation(s) 
[2025-08-01T14:45:05.612+0000] GC(134) Mark Stack Usage: 32M
[2025-08-01T14:45:05.612+0000] GC(134) NMethods: 1415 registered, 180 unregistered
[2025-08-01T14:45:05.612+0000] GC(134) Metaspace: 10M used, 10M committed, 1088M reserved
[2025-08-01T14:45:05.612+0000] GC(134) Soft: 228 encountered, 0 discovered, 0 enqueued
[2025-08-01T14:45:05.612+0000] GC(134) Weak: 934 encountered, 718 discovered, 0 enqueued
[2025-08-01T14:45:05.612+0000] GC(134) Final: 0 encountered, 0 discovered, 0 enqueued
[2025-08-01T14:45:05.612+0000] GC(134) Phantom: 3 encountered, 1 discovered, 0 enqueued
[2025-08-01T14:45:05.612+0000] GC(134) Small Pages: 1424 / 2848M, Empty: 2152M, Relocated: 10M, In-Place: 0
[2025-08-01T14:45:05.612+0000] GC(134) Medium Pages: 1 / 32M, Empty: 0M, Relocated: 0M, In-Place: 0
[2025-08-01T14:45:05.612+0000] GC(134) Large Pages: 0 / 0M, Empty: 0M, Relocated: 0M, In-Place: 0
[2025-08-01T14:45:05.612+0000] GC(134) Forwarding Usage: 0M
[2025-08-01T14:45:05.612+0000] GC(134) Min Capacity: 4096M(100%)
[2025-08-01T14:45:05.612+0000] GC(134) Max Capacity: 4096M(100%)
[2025-08-01T14:45:05.612+0000] GC(134) Soft Max Capacity: 4096M(100%)
[2025-08-01T14:45:05.612+0000] GC(134)                Mark Start          Mark End        Relocate Start      Relocate End           High               Low         
[2025-08-01T14:45:05.612+0000] GC(134)  Capacity:     4096M (100%)       4096M (100%)       4096M (100%)       4096M (100%)       4096M (100%)       4096M (100%)   
[2025-08-01T14:45:05.612+0000] GC(134)      Free:     1216M (30%)         248M (6%)         2374M (58%)        2398M (59%)        2398M (59%)         230M (6%)     
[2025-08-01T14:45:05.612+0000] GC(134)      Used:     2880M (70%)        3848M (94%)        1722M (42%)        1698M (41%)        3866M (94%)        1698M (41%)    
[2025-08-01T14:45:05.613+0000] GC(134)      Live:         -               665M (16%)         665M (16%)         665M (16%)            -                  -          
[2025-08-01T14:45:05.613+0000] GC(134) Allocated:         -               968M (24%)         994M (24%)         994M (24%)            -                  -          
[2025-08-01T14:45:05.613+0000] GC(134)   Garbage:         -              2214M (54%)          62M (2%)           38M (1%)             -                  -          
[2025-08-01T14:45:05.613+0000] GC(134) Reclaimed:         -                  -              2152M (53%)        2176M (53%)            -                  -          
[2025-08-01T14:45:05.613+0000] GC(134) Garbage Collection (Allocation Rate) 2880M(70%)->1698M(41%)
[2025-08-01T14:45:05.693+0000] GC(135) Heap before GC invocations=135 (full 135):
[2025-08-01T14:45:05.693+0000] GC(135)  ZHeap           used 2078M, capacity 4096M, max capacity 4096M
[2025-08-01T14:45:05.693+0000] GC(135)  Metaspace       used 10643K, committed 10880K, reserved 1114112K
[2025-08-01T14:45:05.693+0000] GC(135)   class space    used 1265K, committed 1344K, reserved 1048576K
[2025-08-01T14:45:05.693+0000] GC(135) Garbage Collection (Allocation Rate)
[2025-08-01T14:45:05.693+0000] GC(135) Using 2 workers
[2025-08-01T14:45:05.693+0000] GC(135) Pause Mark Start 0.009ms
[2025-08-01T14:45:05.827+0000] GC(135) Concurrent Mark 134.274ms
[2025-08-01T14:45:05.829+0000] GC(135) Pause Mark End 0.090ms
[2025-08-01T14:45:05.829+0000] GC(135) Concurrent Mark Free 0.002ms
[2025-08-01T14:45:05.832+0000] GC(135) Concurrent Process Non-Strong References 3.401ms
[2025-08-01T14:45:05.832+0000] GC(135) Concurrent Reset Relocation Set 0.003ms
[2025-08-01T14:45:05.836+0000] GC(135) Concurrent Select Relocation Set 3.493ms
[2025-08-01T14:45:05.836+0000] GC(135) Pause Relocate Start 0.016ms
[2025-08-01T14:45:05.837+0000] GC(135) Concurrent Relocate 0.964ms
[2025-08-01T14:45:05.837+0000] GC(135) Heap after GC invocations=136 (full 136):
[2025-08-01T14:45:05.837+0000] GC(135)  ZHeap           used 1276M, capacity 4096M, max capacity 4096M
[2025-08-01T14:45:05.837+0000] GC(135)  Metaspace       used 10643K, committed 10880K, reserved 1114112K
[2025-08-01T14:45:05.837+0000] GC(135)   class space    used 1265K, committed 1344K, reserved 1048576K
[2025-08-01T14:45:05.837+0000] GC(135) Load: 1.82/0.60/0.26
[2025-08-01T14:45:05.837+0000] GC(135) MMU: 2ms/90.0%, 5ms/96.0%, 10ms/97.9%, 20ms/98.9%, 50ms/99.6%, 100ms/99.8%
[2025-08-01T14:45:05.837+0000] GC(135) Mark: 2 stripe(s), 2 proactive flush(es), 1 terminate flush(es), 0 completion(s), 0 continuation(s) 
[2025-08-01T14:45:05.837+0000] GC(135) Mark Stack Usage: 32M
[2025-08-01T14:45:05.837+0000] GC(135) NMethods: 1415 registered, 180 unregistered
[2025-08-01T14:45:05.837+0000] GC(135) Metaspace: 10M used, 10M committed, 1088M reserved
[2025-08-01T14:45:05.837+0000] GC(135) Soft: 228 encountered, 0 discovered, 0 enqueued
[2025-08-01T14:45:05.837+0000] GC(135) Weak: 934 encountered, 680 discovered, 0 enqueued
[2025-08-01T14:45:05.837+0000] GC(135) Final: 0 encountered, 0 discovered, 0 enqueued
[2025-08-01T14:45:05.837+0000] GC(135) Phantom: 3 encountered, 1 discovered, 0 enqueued
[2025-08-01T14:45:05.837+0000] GC(135) Small Pages: 1024 / 2048M, Empty: 1532M, Relocated: 2M, In-Place: 0
[2025-08-01T14:45:05.837+0000] GC(135) Medium Pages: 1 / 32M, Empty: 0M, Relocated: 0M, In-Place: 0
[2025-08-01T14:45:05.837+0000] GC(135) Large Pages: 0 / 0M, Empty: 0M, Relocated: 0M, In-Place: 0
[2025-08-01T14:45:05.837+0000] GC(135) Forwarding Usage: 0M
[2025-08-01T14:45:05.837+0000] GC(135) Min Capacity: 4096M(100%)
[2025-08-01T14:45:05.837+0000] GC(135) Max Capacity: 4096M(100%)
[2025-08-01T14:45:05.837+0000] GC(135) Soft Max Capacity: 4096M(100%)
[2025-08-01T14:45:05.837+0000] GC(135)                Mark Start          Mark End        Relocate Start      Relocate End           High               Low         
[2025-08-01T14:45:05.837+0000] GC(135)  Capacity:     4096M (100%)       4096M (100%)       4096M (100%)       4096M (100%)       4096M (100%)       4096M (100%)   
[2025-08-01T14:45:05.837+0000] GC(135)      Free:     2016M (49%)        1292M (32%)        2812M (69%)        2820M (69%)        2820M (69%)        1290M (31%)    
[2025-08-01T14:45:05.837+0000] GC(135)      Used:     2080M (51%)        2804M (68%)        1284M (31%)        1276M (31%)        2806M (69%)        1276M (31%)    
[2025-08-01T14:45:05.837+0000] GC(135)      Live:         -               499M (12%)         499M (12%)         499M (12%)            -                  -          
[2025-08-01T14:45:05.837+0000] GC(135) Allocated:         -               724M (18%)         736M (18%)         742M (18%)            -                  -          
[2025-08-01T14:45:05.837+0000] GC(135)   Garbage:         -              1580M (39%)          48M (1%)           34M (1%)             -                  -          
[2025-08-01T14:45:05.837+0000] GC(135) Reclaimed:         -                  -              1532M (37%)        1546M (38%)            -                  -          
[2025-08-01T14:45:05.837+0000] GC(135) Garbage Collection (Allocation Rate) 2080M(51%)->1276M(31%)
[2025-08-01T14:45:06.093+0000] GC(136) Heap before GC invocations=136 (full 136):
[2025-08-01T14:45:06.093+0000] GC(136)  ZHeap           used 2598M, capacity 4096M, max capacity 4096M
[2025-08-01T14:45:06.093+0000] GC(136)  Metaspace       used 10643K, committed 10880K, reserved 1114112K
[2025-08-01T14:45:06.093+0000] GC(136)   class space    used 1265K, committed 1344K, reserved 1048576K
[2025-08-01T14:45:06.093+0000] GC(136) Garbage Collection (Allocation Rate)
[2025-08-01T14:45:06.093+0000] GC(136) Using 2 workers
[2025-08-01T14:45:06.094+0000] GC(136) Pause Mark Start 0.054ms
[2025-08-01T14:45:06.228+0000] GC(136) Concurrent Mark 134.371ms
[2025-08-01T14:45:06.229+0000] GC(136) Pause Mark End 0.018ms
[2025-08-01T14:45:06.229+0000] GC(136) Concurrent Mark Free 0.002ms
[2025-08-01T14:45:06.233+0000] GC(136) Concurrent Process Non-Strong References 3.623ms
[2025-08-01T14:45:06.233+0000] GC(136) Concurrent Reset Relocation Set 0.003ms
[2025-08-01T14:45:06.236+0000] GC(136) Concurrent Select Relocation Set 3.531ms
[2025-08-01T14:45:06.237+0000] GC(136) Pause Relocate Start 0.013ms
[2025-08-01T14:45:06.239+0000] GC(136) Concurrent Relocate 1.796ms
[2025-08-01T14:45:06.239+0000] GC(136) Heap after GC invocations=137 (full 137):
[2025-08-01T14:45:06.239+0000] GC(136)  ZHeap           used 1340M, capacity 4096M, max capacity 4096M
[2025-08-01T14:45:06.239+0000] GC(136)  Metaspace       used 10643K, committed 10880K, reserved 1114112K
[2025-08-01T14:45:06.239+0000] GC(136)   class space    used 1265K, committed 1344K, reserved 1048576K
[2025-08-01T14:45:06.239+0000] GC(136) Load: 1.82/0.60/0.26
[2025-08-01T14:45:06.239+0000] GC(136) MMU: 2ms/90.0%, 5ms/96.0%, 10ms/97.9%, 20ms/98.9%, 50ms/99.6%, 100ms/99.8%
[2025-08-01T14:45:06.239+0000] GC(136) Mark: 2 stripe(s), 3 proactive flush(es), 1 terminate flush(es), 0 completion(s), 0 continuation(s) 
[2025-08-01T14:45:06.239+0000] GC(136) Mark Stack Usage: 32M
[2025-08-01T14:45:06.239+0000] GC(136) NMethods: 1415 registered, 180 unregistered
[2025-08-01T14:45:06.239+0000] GC(136) Metaspace: 10M used, 10M committed, 1088M reserved
[2025-08-01T14:45:06.239+0000] GC(136) Soft: 228 encountered, 0 discovered, 0 enqueued
[2025-08-01T14:45:06.239+0000] GC(136) Weak: 934 encountered, 648 discovered, 0 enqueued
[2025-08-01T14:45:06.239+0000] GC(136) Final: 0 encountered, 0 discovered, 0 enqueued
[2025-08-01T14:45:06.239+0000] GC(136) Phantom: 3 encountered, 2 discovered, 0 enqueued
[2025-08-01T14:45:06.239+0000] GC(136) Small Pages: 1283 / 2566M, Empty: 1990M, Relocated: 4M, In-Place: 0
[2025-08-01T14:45:06.239+0000] GC(136) Medium Pages: 1 / 32M, Empty: 0M, Relocated: 0M, In-Place: 0
[2025-08-01T14:45:06.239+0000] GC(136) Large Pages: 0 / 0M, Empty: 0M, Relocated: 0M, In-Place: 0
[2025-08-01T14:45:06.239+0000] GC(136) Forwarding Usage: 0M
[2025-08-01T14:45:06.239+0000] GC(136) Min Capacity: 4096M(100%)
[2025-08-01T14:45:06.239+0000] GC(136) Max Capacity: 4096M(100%)
[2025-08-01T14:45:06.239+0000] GC(136) Soft Max Capacity: 4096M(100%)
[2025-08-01T14:45:06.239+0000] GC(136)                Mark Start          Mark End        Relocate Start      Relocate End           High               Low         
[2025-08-01T14:45:06.239+0000] GC(136)  Capacity:     4096M (100%)       4096M (100%)       4096M (100%)       4096M (100%)       4096M (100%)       4096M (100%)   
[2025-08-01T14:45:06.239+0000] GC(136)      Free:     1498M (37%)         800M (20%)        2752M (67%)        2756M (67%)        2758M (67%)         782M (19%)    
[2025-08-01T14:45:06.239+0000] GC(136)      Used:     2598M (63%)        3296M (80%)        1344M (33%)        1340M (33%)        3314M (81%)        1338M (33%)    
[2025-08-01T14:45:06.239+0000] GC(136)      Live:         -               560M (14%)         560M (14%)         560M (14%)            -                  -          
[2025-08-01T14:45:06.239+0000] GC(136) Allocated:         -               698M (17%)         736M (18%)         742M (18%)            -                  -          
[2025-08-01T14:45:06.239+0000] GC(136)   Garbage:         -              2037M (50%)          47M (1%)           37M (1%)             -                  -          
[2025-08-01T14:45:06.239+0000] GC(136) Reclaimed:         -                  -              1990M (49%)        2000M (49%)            -                  -          
[2025-08-01T14:45:06.239+0000] GC(136) Garbage Collection (Allocation Rate) 2598M(63%)->1340M(33%)
[2025-08-01T14:45:06.493+0000] GC(137) Heap before GC invocations=137 (full 137):
[2025-08-01T14:45:06.494+0000] GC(137)  ZHeap           used 2670M, capacity 4096M, max capacity 4096M
[2025-08-01T14:45:06.494+0000] GC(137)  Metaspace       used 10643K, committed 10880K, reserved 1114112K
[2025-08-01T14:45:06.494+0000] GC(137)   class space    used 1265K, committed 1344K, reserved 1048576K
[2025-08-01T14:45:06.494+0000] GC(137) Garbage Collection (Allocation Rate)
[2025-08-01T14:45:06.494+0000] GC(137) Using 2 workers
[2025-08-01T14:45:06.495+0000] GC(137) Pause Mark Start 0.012ms
[2025-08-01T14:45:06.683+0000] GC(137) Concurrent Mark 187.216ms
[2025-08-01T14:45:06.684+0000] GC(137) Pause Mark End 0.025ms
[2025-08-01T14:45:06.685+0000] GC(137) Concurrent Mark Free 0.001ms
[2025-08-01T14:45:06.687+0000] GC(137) Concurrent Process Non-Strong References 2.162ms
[2025-08-01T14:45:06.687+0000] GC(137) Concurrent Reset Relocation Set 0.049ms
[2025-08-01T14:45:06.690+0000] GC(137) Concurrent Select Relocation Set 3.295ms
[2025-08-01T14:45:06.691+0000] GC(137) Pause Relocate Start 0.015ms
[2025-08-01T14:45:06.693+0000] GC(137) Concurrent Relocate 2.767ms
[2025-08-01T14:45:06.693+0000] GC(137) Heap after GC invocations=138 (full 138):
[2025-08-01T14:45:06.693+0000] GC(137)  ZHeap           used 1710M, capacity 4096M, max capacity 4096M
[2025-08-01T14:45:06.693+0000] GC(137)  Metaspace       used 10643K, committed 10880K, reserved 1114112K
[2025-08-01T14:45:06.694+0000] GC(137)   class space    used 1265K, committed 1344K, reserved 1048576K
[2025-08-01T14:45:06.694+0000] GC(137) Load: 1.83/0.62/0.27
[2025-08-01T14:45:06.694+0000] GC(137) MMU: 2ms/90.0%, 5ms/96.0%, 10ms/97.9%, 20ms/98.9%, 50ms/99.6%, 100ms/99.8%
[2025-08-01T14:45:06.694+0000] GC(137) Mark: 2 stripe(s), 2 proactive flush(es), 1 terminate flush(es), 0 completion(s), 0 continuation(s) 
[2025-08-01T14:45:06.694+0000] GC(137) Mark Stack Usage: 32M
[2025-08-01T14:45:06.694+0000] GC(137) NMethods: 1415 registered, 180 unregistered
[2025-08-01T14:45:06.694+0000] GC(137) Metaspace: 10M used, 10M committed, 1088M reserved
[2025-08-01T14:45:06.694+0000] GC(137) Soft: 228 encountered, 0 discovered, 0 enqueued
[2025-08-01T14:45:06.694+0000] GC(137) Weak: 934 encountered, 724 discovered, 0 enqueued
[2025-08-01T14:45:06.694+0000] GC(137) Final: 0 encountered, 0 discovered, 0 enqueued
[2025-08-01T14:45:06.694+0000] GC(137) Phantom: 3 encountered, 1 discovered, 0 enqueued
[2025-08-01T14:45:06.694+0000] GC(137) Small Pages: 1323 / 2646M, Empty: 1910M, Relocated: 8M, In-Place: 0
[2025-08-01T14:45:06.694+0000] GC(137) Medium Pages: 1 / 32M, Empty: 0M, Relocated: 0M, In-Place: 0
[2025-08-01T14:45:06.694+0000] GC(137) Large Pages: 0 / 0M, Empty: 0M, Relocated: 0M, In-Place: 0
[2025-08-01T14:45:06.694+0000] GC(137) Forwarding Usage: 0M
[2025-08-01T14:45:06.694+0000] GC(137) Min Capacity: 4096M(100%)
[2025-08-01T14:45:06.694+0000] GC(137) Max Capacity: 4096M(100%)
[2025-08-01T14:45:06.694+0000] GC(137) Soft Max Capacity: 4096M(100%)
[2025-08-01T14:45:06.694+0000] GC(137)                Mark Start          Mark End        Relocate Start      Relocate End           High               Low         
[2025-08-01T14:45:06.694+0000] GC(137)  Capacity:     4096M (100%)       4096M (100%)       4096M (100%)       4096M (100%)       4096M (100%)       4096M (100%)   
[2025-08-01T14:45:06.694+0000] GC(137)      Free:     1418M (35%)         494M (12%)        2374M (58%)        2386M (58%)        2386M (58%)         480M (12%)    
[2025-08-01T14:45:06.694+0000] GC(137)      Used:     2678M (65%)        3602M (88%)        1722M (42%)        1710M (42%)        3616M (88%)        1710M (42%)    
[2025-08-01T14:45:06.694+0000] GC(137)      Live:         -               706M (17%)         706M (17%)         706M (17%)            -                  -          
[2025-08-01T14:45:06.694+0000] GC(137) Allocated:         -               924M (23%)         954M (23%)         964M (24%)            -                  -          
[2025-08-01T14:45:06.694+0000] GC(137)   Garbage:         -              1971M (48%)          61M (2%)           39M (1%)             -                  -          
[2025-08-01T14:45:06.694+0000] GC(137) Reclaimed:         -                  -              1910M (47%)        1932M (47%)            -                  -          
[2025-08-01T14:45:06.694+0000] GC(137) Garbage Collection (Allocation Rate) 2678M(65%)->1710M(42%)
[2025-08-01T14:45:06.793+0000] GC(138) Heap before GC invocations=138 (full 138):
[2025-08-01T14:45:06.793+0000] GC(138)  ZHeap           used 2232M, capacity 4096M, max capacity 4096M
[2025-08-01T14:45:06.793+0000] GC(138)  Metaspace       used 10643K, committed 10880K, reserved 1114112K
[2025-08-01T14:45:06.793+0000] GC(138)   class space    used 1265K, committed 1344K, reserved 1048576K
[2025-08-01T14:45:06.793+0000] GC(138) Garbage Collection (Allocation Rate)
[2025-08-01T14:45:06.794+0000] GC(138) Using 2 workers
[2025-08-01T14:45:06.794+0000] GC(138) Pause Mark Start 0.008ms
[2025-08-01T14:45:06.916+0000] GC(138) Concurrent Mark 122.120ms
[2025-08-01T14:45:06.916+0000] GC(138) Pause Mark End 0.018ms
[2025-08-01T14:45:06.916+0000] GC(138) Concurrent Mark Free 0.002ms
[2025-08-01T14:45:06.920+0000] GC(138) Concurrent Process Non-Strong References 3.889ms
[2025-08-01T14:45:06.920+0000] GC(138) Concurrent Reset Relocation Set 0.007ms
[2025-08-01T14:45:06.924+0000] GC(138) Concurrent Select Relocation Set 3.927ms
[2025-08-01T14:45:06.925+0000] GC(138) Pause Relocate Start 0.013ms
[2025-08-01T14:45:06.926+0000] GC(138) Concurrent Relocate 1.416ms
[2025-08-01T14:45:06.926+0000] GC(138) Heap after GC invocations=139 (full 139):
[2025-08-01T14:45:06.926+0000] GC(138)  ZHeap           used 1334M, capacity 4096M, max capacity 4096M
[2025-08-01T14:45:06.926+0000] GC(138)  Metaspace       used 10643K, committed 10880K, reserved 1114112K
[2025-08-01T14:45:06.926+0000] GC(138)   class space    used 1265K, committed 1344K, reserved 1048576K
[2025-08-01T14:45:06.926+0000] GC(138) Load: 1.83/0.62/0.27
[2025-08-01T14:45:06.926+0000] GC(138) MMU: 2ms/90.0%, 5ms/96.0%, 10ms/97.9%, 20ms/98.9%, 50ms/99.6%, 100ms/99.8%
[2025-08-01T14:45:06.926+0000] GC(138) Mark: 2 stripe(s), 2 proactive flush(es), 1 terminate flush(es), 0 completion(s), 0 continuation(s) 
[2025-08-01T14:45:06.926+0000] GC(138) Mark Stack Usage: 32M
[2025-08-01T14:45:06.926+0000] GC(138) NMethods: 1415 registered, 180 unregistered
[2025-08-01T14:45:06.926+0000] GC(138) Metaspace: 10M used, 10M committed, 1088M reserved
[2025-08-01T14:45:06.926+0000] GC(138) Soft: 228 encountered, 0 discovered, 0 enqueued
[2025-08-01T14:45:06.926+0000] GC(138) Weak: 934 encountered, 705 discovered, 0 enqueued
[2025-08-01T14:45:06.926+0000] GC(138) Final: 0 encountered, 0 discovered, 0 enqueued
[2025-08-01T14:45:06.926+0000] GC(138) Phantom: 3 encountered, 1 discovered, 0 enqueued
[2025-08-01T14:45:06.927+0000] GC(138) Small Pages: 1100 / 2200M, Empty: 1584M, Relocated: 3M, In-Place: 0
[2025-08-01T14:45:06.927+0000] GC(138) Medium Pages: 1 / 32M, Empty: 0M, Relocated: 0M, In-Place: 0
[2025-08-01T14:45:06.927+0000] GC(138) Large Pages: 0 / 0M, Empty: 0M, Relocated: 0M, In-Place: 0
[2025-08-01T14:45:06.927+0000] GC(138) Forwarding Usage: 0M
[2025-08-01T14:45:06.927+0000] GC(138) Min Capacity: 4096M(100%)
[2025-08-01T14:45:06.927+0000] GC(138) Max Capacity: 4096M(100%)
[2025-08-01T14:45:06.927+0000] GC(138) Soft Max Capacity: 4096M(100%)
[2025-08-01T14:45:06.927+0000] GC(138)                Mark Start          Mark End        Relocate Start      Relocate End           High               Low         
[2025-08-01T14:45:06.927+0000] GC(138)  Capacity:     4096M (100%)       4096M (100%)       4096M (100%)       4096M (100%)       4096M (100%)       4096M (100%)   
[2025-08-01T14:45:06.927+0000] GC(138)      Free:     1864M (46%)        1218M (30%)        2758M (67%)        2762M (67%)        2766M (68%)        1196M (29%)    
[2025-08-01T14:45:06.927+0000] GC(138)      Used:     2232M (54%)        2878M (70%)        1338M (33%)        1334M (33%)        2900M (71%)        1330M (32%)    
[2025-08-01T14:45:06.927+0000] GC(138)      Live:         -               600M (15%)         600M (15%)         600M (15%)            -                  -          
[2025-08-01T14:45:06.927+0000] GC(138) Allocated:         -               646M (16%)         690M (17%)         696M (17%)            -                  -          
[2025-08-01T14:45:06.927+0000] GC(138)   Garbage:         -              1631M (40%)          47M (1%)           37M (1%)             -                  -          
[2025-08-01T14:45:06.927+0000] GC(138) Reclaimed:         -                  -              1584M (39%)        1594M (39%)            -                  -          
[2025-08-01T14:45:06.927+0000] GC(138) Garbage Collection (Allocation Rate) 2232M(54%)->1334M(33%)
[2025-08-01T14:45:07.193+0000] GC(139) Heap before GC invocations=139 (full 139):
[2025-08-01T14:45:07.193+0000] GC(139)  ZHeap           used 2750M, capacity 4096M, max capacity 4096M
[2025-08-01T14:45:07.193+0000] GC(139)  Metaspace       used 10643K, committed 10880K, reserved 1114112K
[2025-08-01T14:45:07.193+0000] GC(139)   class space    used 1265K, committed 1344K, reserved 1048576K
[2025-08-01T14:45:07.193+0000] GC(139) Garbage Collection (Allocation Rate)
[2025-08-01T14:45:07.193+0000] GC(139) Using 2 workers
[2025-08-01T14:45:07.193+0000] GC(139) Pause Mark Start 0.016ms
[2025-08-01T14:45:07.306+0000] GC(139) Concurrent Mark 112.494ms
[2025-08-01T14:45:07.306+0000] GC(139) Pause Mark End 0.014ms
[2025-08-01T14:45:07.306+0000] GC(139) Concurrent Mark Free 0.001ms
[2025-08-01T14:45:07.309+0000] GC(139) Concurrent Process Non-Strong References 2.215ms
[2025-08-01T14:45:07.309+0000] GC(139) Concurrent Reset Relocation Set 0.003ms
[2025-08-01T14:45:07.312+0000] GC(139) Concurrent Select Relocation Set 3.565ms
[2025-08-01T14:45:07.312+0000] GC(139) Pause Relocate Start 0.013ms
[2025-08-01T14:45:07.314+0000] GC(139) Concurrent Relocate 1.794ms
[2025-08-01T14:45:07.314+0000] GC(139) Heap after GC invocations=140 (full 140):
[2025-08-01T14:45:07.314+0000] GC(139)  ZHeap           used 1118M, capacity 4096M, max capacity 4096M
[2025-08-01T14:45:07.314+0000] GC(139)  Metaspace       used 10643K, committed 10880K, reserved 1114112K
[2025-08-01T14:45:07.315+0000] GC(139)   class space    used 1265K, committed 1344K, reserved 1048576K
[2025-08-01T14:45:07.315+0000] GC(139) Load: 1.83/0.62/0.27
[2025-08-01T14:45:07.315+0000] GC(139) MMU: 2ms/90.0%, 5ms/96.0%, 10ms/97.9%, 20ms/98.9%, 50ms/99.6%, 100ms/99.8%
[2025-08-01T14:45:07.315+0000] GC(139) Mark: 2 stripe(s), 2 proactive flush(es), 1 terminate flush(es), 0 completion(s), 0 continuation(s) 
[2025-08-01T14:45:07.315+0000] GC(139) Mark Stack Usage: 32M
[2025-08-01T14:45:07.315+0000] GC(139) NMethods: 1415 registered, 180 unregistered
[2025-08-01T14:45:07.315+0000] GC(139) Metaspace: 10M used, 10M committed, 1088M reserved
[2025-08-01T14:45:07.315+0000] GC(139) Soft: 228 encountered, 0 discovered, 0 enqueued
[2025-08-01T14:45:07.315+0000] GC(139) Weak: 934 encountered, 701 discovered, 0 enqueued
[2025-08-01T14:45:07.315+0000] GC(139) Final: 0 encountered, 0 discovered, 0 enqueued
[2025-08-01T14:45:07.315+0000] GC(139) Phantom: 3 encountered, 1 discovered, 0 enqueued
[2025-08-01T14:45:07.315+0000] GC(139) Small Pages: 1359 / 2718M, Empty: 2178M, Relocated: 5M, In-Place: 0
[2025-08-01T14:45:07.315+0000] GC(139) Medium Pages: 1 / 32M, Empty: 0M, Relocated: 0M, In-Place: 0
[2025-08-01T14:45:07.315+0000] GC(139) Large Pages: 0 / 0M, Empty: 0M, Relocated: 0M, In-Place: 0
[2025-08-01T14:45:07.315+0000] GC(139) Forwarding Usage: 0M
[2025-08-01T14:45:07.315+0000] GC(139) Min Capacity: 4096M(100%)
[2025-08-01T14:45:07.315+0000] GC(139) Max Capacity: 4096M(100%)
[2025-08-01T14:45:07.315+0000] GC(139) Soft Max Capacity: 4096M(100%)
[2025-08-01T14:45:07.315+0000] GC(139)                Mark Start          Mark End        Relocate Start      Relocate End           High               Low         
[2025-08-01T14:45:07.315+0000] GC(139)  Capacity:     4096M (100%)       4096M (100%)       4096M (100%)       4096M (100%)       4096M (100%)       4096M (100%)   
[2025-08-01T14:45:07.315+0000] GC(139)      Free:     1346M (33%)         810M (20%)        2974M (73%)        2978M (73%)        2986M (73%)         810M (20%)    
[2025-08-01T14:45:07.315+0000] GC(139)      Used:     2750M (67%)        3286M (80%)        1122M (27%)        1118M (27%)        3286M (80%)        1110M (27%)    
[2025-08-01T14:45:07.315+0000] GC(139)      Live:         -               524M (13%)         524M (13%)         524M (13%)            -                  -          
[2025-08-01T14:45:07.315+0000] GC(139) Allocated:         -               536M (13%)         550M (13%)         558M (14%)            -                  -          
[2025-08-01T14:45:07.315+0000] GC(139)   Garbage:         -              2225M (54%)          47M (1%)           35M (1%)             -                  -          
[2025-08-01T14:45:07.315+0000] GC(139) Reclaimed:         -                  -              2178M (53%)        2190M (53%)            -                  -          
[2025-08-01T14:45:07.315+0000] GC(139) Garbage Collection (Allocation Rate) 2750M(67%)->1118M(27%)
[2025-08-01T14:45:07.592+0000] GC(140) Heap before GC invocations=140 (full 140):
[2025-08-01T14:45:07.592+0000] GC(140)  ZHeap           used 2570M, capacity 4096M, max capacity 4096M
[2025-08-01T14:45:07.592+0000] GC(140)  Metaspace       used 10643K, committed 10880K, reserved 1114112K
[2025-08-01T14:45:07.592+0000] GC(140)   class space    used 1265K, committed 1344K, reserved 1048576K
[2025-08-01T14:45:07.592+0000] GC(140) Garbage Collection (Allocation Rate)
[2025-08-01T14:45:07.592+0000] GC(140) Using 2 workers
[2025-08-01T14:45:07.593+0000] GC(140) Pause Mark Start 0.006ms
[2025-08-01T14:45:07.699+0000] GC(140) Concurrent Mark 106.714ms
[2025-08-01T14:45:07.700+0000] GC(140) Pause Mark End 0.022ms
[2025-08-01T14:45:07.700+0000] GC(140) Concurrent Mark Free 0.002ms
[2025-08-01T14:45:07.703+0000] GC(140) Concurrent Process Non-Strong References 3.007ms
[2025-08-01T14:45:07.703+0000] GC(140) Concurrent Reset Relocation Set 0.002ms
[2025-08-01T14:45:07.706+0000] GC(140) Concurrent Select Relocation Set 2.830ms
[2025-08-01T14:45:07.706+0000] GC(140) Pause Relocate Start 0.014ms
[2025-08-01T14:45:07.707+0000] GC(140) Concurrent Relocate 0.855ms
[2025-08-01T14:45:07.707+0000] GC(140) Heap after GC invocations=141 (full 141):
[2025-08-01T14:45:07.707+0000] GC(140)  ZHeap           used 1074M, capacity 4096M, max capacity 4096M
[2025-08-01T14:45:07.707+0000] GC(140)  Metaspace       used 10643K, committed 10880K, reserved 1114112K
[2025-08-01T14:45:07.707+0000] GC(140)   class space    used 1265K, committed 1344K, reserved 1048576K
[2025-08-01T14:45:07.707+0000] GC(140) Load: 1.83/0.62/0.27
[2025-08-01T14:45:07.707+0000] GC(140) MMU: 2ms/90.0%, 5ms/96.0%, 10ms/97.9%, 20ms/98.9%, 50ms/99.6%, 100ms/99.8%
[2025-08-01T14:45:07.707+0000] GC(140) Mark: 2 stripe(s), 2 proactive flush(es), 1 terminate flush(es), 0 completion(s), 0 continuation(s) 
[2025-08-01T14:45:07.707+0000] GC(140) Mark Stack Usage: 32M
[2025-08-01T14:45:07.707+0000] GC(140) NMethods: 1415 registered, 180 unregistered
[2025-08-01T14:45:07.707+0000] GC(140) Metaspace: 10M used, 10M committed, 1088M reserved
[2025-08-01T14:45:07.707+0000] GC(140) Soft: 228 encountered, 0 discovered, 0 enqueued
[2025-08-01T14:45:07.707+0000] GC(140) Weak: 934 encountered, 657 discovered, 0 enqueued
[2025-08-01T14:45:07.707+0000] GC(140) Final: 0 encountered, 0 discovered, 0 enqueued
[2025-08-01T14:45:07.707+0000] GC(140) Phantom: 3 encountered, 1 discovered, 0 enqueued
[2025-08-01T14:45:07.707+0000] GC(140) Small Pages: 1269 / 2538M, Empty: 2046M, Relocated: 1M, In-Place: 0
[2025-08-01T14:45:07.707+0000] GC(140) Medium Pages: 1 / 32M, Empty: 0M, Relocated: 0M, In-Place: 0
[2025-08-01T14:45:07.707+0000] GC(140) Large Pages: 0 / 0M, Empty: 0M, Relocated: 0M, In-Place: 0
[2025-08-01T14:45:07.707+0000] GC(140) Forwarding Usage: 0M
[2025-08-01T14:45:07.707+0000] GC(140) Min Capacity: 4096M(100%)
[2025-08-01T14:45:07.707+0000] GC(140) Max Capacity: 4096M(100%)
[2025-08-01T14:45:07.707+0000] GC(140) Soft Max Capacity: 4096M(100%)
[2025-08-01T14:45:07.707+0000] GC(140)                Mark Start          Mark End        Relocate Start      Relocate End           High               Low         
[2025-08-01T14:45:07.707+0000] GC(140)  Capacity:     4096M (100%)       4096M (100%)       4096M (100%)       4096M (100%)       4096M (100%)       4096M (100%)   
[2025-08-01T14:45:07.707+0000] GC(140)      Free:     1526M (37%)        1026M (25%)        3020M (74%)        3026M (74%)        3026M (74%)        1002M (24%)    
[2025-08-01T14:45:07.707+0000] GC(140)      Used:     2570M (63%)        3070M (75%)        1076M (26%)        1070M (26%)        3094M (76%)        1070M (26%)    
[2025-08-01T14:45:07.707+0000] GC(140)      Live:         -               474M (12%)         474M (12%)         474M (12%)            -                  -          
[2025-08-01T14:45:07.707+0000] GC(140) Allocated:         -               500M (12%)         552M (13%)         556M (14%)            -                  -          
[2025-08-01T14:45:07.707+0000] GC(140)   Garbage:         -              2095M (51%)          49M (1%)           39M (1%)             -                  -          
[2025-08-01T14:45:07.707+0000] GC(140) Reclaimed:         -                  -              2046M (50%)        2056M (50%)            -                  -          
[2025-08-01T14:45:07.708+0000] GC(140) Garbage Collection (Allocation Rate) 2570M(63%)->1070M(26%)
[2025-08-01T14:45:08.094+0000] GC(141) Heap before GC invocations=141 (full 141):
[2025-08-01T14:45:08.094+0000] GC(141)  ZHeap           used 3050M, capacity 4096M, max capacity 4096M
[2025-08-01T14:45:08.094+0000] GC(141)  Metaspace       used 10643K, committed 10880K, reserved 1114112K
[2025-08-01T14:45:08.094+0000] GC(141)   class space    used 1265K, committed 1344K, reserved 1048576K
[2025-08-01T14:45:08.094+0000] GC(141) Garbage Collection (Allocation Rate)
[2025-08-01T14:45:08.094+0000] GC(141) Using 2 workers
[2025-08-01T14:45:08.094+0000] GC(141) Pause Mark Start 0.014ms
[2025-08-01T14:45:08.184+0000] GC(141) Concurrent Mark 89.603ms
[2025-08-01T14:45:08.184+0000] GC(141) Pause Mark End 0.018ms
[2025-08-01T14:45:08.185+0000] GC(141) Concurrent Mark Free 0.001ms
[2025-08-01T14:45:08.189+0000] GC(141) Concurrent Process Non-Strong References 4.024ms
[2025-08-01T14:45:08.189+0000] GC(141) Concurrent Reset Relocation Set 0.003ms
[2025-08-01T14:45:08.192+0000] GC(141) Concurrent Select Relocation Set 3.704ms
[2025-08-01T14:45:08.193+0000] GC(141) Pause Relocate Start 0.014ms
[2025-08-01T14:45:08.196+0000] GC(141) Concurrent Relocate 3.097ms
[2025-08-01T14:45:08.196+0000] GC(141) Heap after GC invocations=142 (full 142):
[2025-08-01T14:45:08.196+0000] GC(141)  ZHeap           used 1002M, capacity 4096M, max capacity 4096M
[2025-08-01T14:45:08.196+0000] GC(141)  Metaspace       used 10643K, committed 10880K, reserved 1114112K
[2025-08-01T14:45:08.196+0000] GC(141)   class space    used 1265K, committed 1344K, reserved 1048576K
[2025-08-01T14:45:08.196+0000] GC(141) Load: 1.83/0.62/0.27
[2025-08-01T14:45:08.196+0000] GC(141) MMU: 2ms/90.0%, 5ms/96.0%, 10ms/97.9%, 20ms/98.9%, 50ms/99.6%, 100ms/99.8%
[2025-08-01T14:45:08.196+0000] GC(141) Mark: 2 stripe(s), 2 proactive flush(es), 1 terminate flush(es), 0 completion(s), 0 continuation(s) 
[2025-08-01T14:45:08.196+0000] GC(141) Mark Stack Usage: 32M
[2025-08-01T14:45:08.196+0000] GC(141) NMethods: 1415 registered, 180 unregistered
[2025-08-01T14:45:08.196+0000] GC(141) Metaspace: 10M used, 10M committed, 1088M reserved
[2025-08-01T14:45:08.196+0000] GC(141) Soft: 228 encountered, 0 discovered, 0 enqueued
[2025-08-01T14:45:08.196+0000] GC(141) Weak: 934 encountered, 708 discovered, 0 enqueued
[2025-08-01T14:45:08.196+0000] GC(141) Final: 0 encountered, 0 discovered, 0 enqueued
[2025-08-01T14:45:08.196+0000] GC(141) Phantom: 3 encountered, 1 discovered, 0 enqueued
[2025-08-01T14:45:08.196+0000] GC(141) Small Pages: 1511 / 3022M, Empty: 2604M, Relocated: 8M, In-Place: 0
[2025-08-01T14:45:08.196+0000] GC(141) Medium Pages: 1 / 32M, Empty: 0M, Relocated: 0M, In-Place: 0
[2025-08-01T14:45:08.196+0000] GC(141) Large Pages: 0 / 0M, Empty: 0M, Relocated: 0M, In-Place: 0
[2025-08-01T14:45:08.196+0000] GC(141) Forwarding Usage: 0M
[2025-08-01T14:45:08.196+0000] GC(141) Min Capacity: 4096M(100%)
[2025-08-01T14:45:08.196+0000] GC(141) Max Capacity: 4096M(100%)
[2025-08-01T14:45:08.196+0000] GC(141) Soft Max Capacity: 4096M(100%)
[2025-08-01T14:45:08.196+0000] GC(141)                Mark Start          Mark End        Relocate Start      Relocate End           High               Low         
[2025-08-01T14:45:08.196+0000] GC(141)  Capacity:     4096M (100%)       4096M (100%)       4096M (100%)       4096M (100%)       4096M (100%)       4096M (100%)   
[2025-08-01T14:45:08.196+0000] GC(141)      Free:     1042M (25%)         534M (13%)        3090M (75%)        3094M (76%)        3100M (76%)         508M (12%)    
[2025-08-01T14:45:08.196+0000] GC(141)      Used:     3054M (75%)        3562M (87%)        1006M (25%)        1002M (24%)        3588M (88%)         996M (24%)    
[2025-08-01T14:45:08.196+0000] GC(141)      Live:         -               393M (10%)         393M (10%)         393M (10%)            -                  -          
[2025-08-01T14:45:08.196+0000] GC(141) Allocated:         -               508M (12%)         556M (14%)         570M (14%)            -                  -          
[2025-08-01T14:45:08.196+0000] GC(141)   Garbage:         -              2660M (65%)          56M (1%)           38M (1%)             -                  -          
[2025-08-01T14:45:08.196+0000] GC(141) Reclaimed:         -                  -              2604M (64%)        2622M (64%)            -                  -          
[2025-08-01T14:45:08.196+0000] GC(141) Garbage Collection (Allocation Rate) 3054M(75%)->1002M(24%)
[2025-08-01T14:45:08.593+0000] GC(142) Heap before GC invocations=142 (full 142):
[2025-08-01T14:45:08.593+0000] GC(142)  ZHeap           used 2984M, capacity 4096M, max capacity 4096M
[2025-08-01T14:45:08.593+0000] GC(142)  Metaspace       used 10643K, committed 10880K, reserved 1114112K
[2025-08-01T14:45:08.593+0000] GC(142)   class space    used 1265K, committed 1344K, reserved 1048576K
[2025-08-01T14:45:08.593+0000] GC(142) Garbage Collection (Allocation Rate)
[2025-08-01T14:45:08.593+0000] GC(142) Using 2 workers
[2025-08-01T14:45:08.593+0000] GC(142) Pause Mark Start 0.011ms
[2025-08-01T14:45:08.732+0000] GC(142) Concurrent Mark 138.056ms
[2025-08-01T14:45:08.732+0000] GC(142) Pause Mark End 0.017ms
[2025-08-01T14:45:08.732+0000] GC(142) Concurrent Mark Free 0.002ms
[2025-08-01T14:45:08.736+0000] GC(142) Concurrent Process Non-Strong References 3.772ms
[2025-08-01T14:45:08.736+0000] GC(142) Concurrent Reset Relocation Set 0.002ms
[2025-08-01T14:45:08.740+0000] GC(142) Concurrent Select Relocation Set 3.610ms
[2025-08-01T14:45:08.740+0000] GC(142) Pause Relocate Start 0.011ms
[2025-08-01T14:45:08.742+0000] GC(142) Concurrent Relocate 1.747ms
[2025-08-01T14:45:08.742+0000] GC(142) Heap after GC invocations=143 (full 143):
[2025-08-01T14:45:08.742+0000] GC(142)  ZHeap           used 1436M, capacity 4096M, max capacity 4096M
[2025-08-01T14:45:08.742+0000] GC(142)  Metaspace       used 10643K, committed 10880K, reserved 1114112K
[2025-08-01T14:45:08.742+0000] GC(142)   class space    used 1265K, committed 1344K, reserved 1048576K
[2025-08-01T14:45:08.742+0000] GC(142) Load: 1.83/0.62/0.27
[2025-08-01T14:45:08.742+0000] GC(142) MMU: 2ms/90.0%, 5ms/96.0%, 10ms/97.9%, 20ms/98.9%, 50ms/99.6%, 100ms/99.8%
[2025-08-01T14:45:08.742+0000] GC(142) Mark: 2 stripe(s), 2 proactive flush(es), 1 terminate flush(es), 0 completion(s), 0 continuation(s) 
[2025-08-01T14:45:08.742+0000] GC(142) Mark Stack Usage: 32M
[2025-08-01T14:45:08.742+0000] GC(142) NMethods: 1415 registered, 180 unregistered
[2025-08-01T14:45:08.742+0000] GC(142) Metaspace: 10M used, 10M committed, 1088M reserved
[2025-08-01T14:45:08.742+0000] GC(142) Soft: 228 encountered, 0 discovered, 0 enqueued
[2025-08-01T14:45:08.742+0000] GC(142) Weak: 934 encountered, 711 discovered, 0 enqueued
[2025-08-01T14:45:08.742+0000] GC(142) Final: 0 encountered, 0 discovered, 0 enqueued
[2025-08-01T14:45:08.742+0000] GC(142) Phantom: 3 encountered, 1 discovered, 0 enqueued
[2025-08-01T14:45:08.742+0000] GC(142) Small Pages: 1476 / 2952M, Empty: 2330M, Relocated: 5M, In-Place: 0
[2025-08-01T14:45:08.742+0000] GC(142) Medium Pages: 1 / 32M, Empty: 0M, Relocated: 0M, In-Place: 0
[2025-08-01T14:45:08.742+0000] GC(142) Large Pages: 0 / 0M, Empty: 0M, Relocated: 0M, In-Place: 0
[2025-08-01T14:45:08.742+0000] GC(142) Forwarding Usage: 0M
[2025-08-01T14:45:08.742+0000] GC(142) Min Capacity: 4096M(100%)
[2025-08-01T14:45:08.742+0000] GC(142) Max Capacity: 4096M(100%)
[2025-08-01T14:45:08.742+0000] GC(142) Soft Max Capacity: 4096M(100%)
[2025-08-01T14:45:08.742+0000] GC(142)                Mark Start          Mark End        Relocate Start      Relocate End           High               Low         
[2025-08-01T14:45:08.742+0000] GC(142)  Capacity:     4096M (100%)       4096M (100%)       4096M (100%)       4096M (100%)       4096M (100%)       4096M (100%)   
[2025-08-01T14:45:08.742+0000] GC(142)      Free:     1112M (27%)         368M (9%)         2660M (65%)        2660M (65%)        2666M (65%)         346M (8%)     
[2025-08-01T14:45:08.742+0000] GC(142)      Used:     2984M (73%)        3728M (91%)        1436M (35%)        1436M (35%)        3750M (92%)        1430M (35%)    
[2025-08-01T14:45:08.742+0000] GC(142)      Live:         -               604M (15%)         604M (15%)         604M (15%)            -                  -          
[2025-08-01T14:45:08.742+0000] GC(142) Allocated:         -               744M (18%)         782M (19%)         794M (19%)            -                  -          
[2025-08-01T14:45:08.742+0000] GC(142)   Garbage:         -              2379M (58%)          49M (1%)           37M (1%)             -                  -          
[2025-08-01T14:45:08.742+0000] GC(142) Reclaimed:         -                  -              2330M (57%)        2342M (57%)            -                  -          
[2025-08-01T14:45:08.742+0000] GC(142) Garbage Collection (Allocation Rate) 2984M(73%)->1436M(35%)
[2025-08-01T14:45:08.994+0000] GC(143) Heap before GC invocations=143 (full 143):
[2025-08-01T14:45:08.994+0000] GC(143)  ZHeap           used 2552M, capacity 4096M, max capacity 4096M
[2025-08-01T14:45:08.994+0000] GC(143)  Metaspace       used 10643K, committed 10880K, reserved 1114112K
[2025-08-01T14:45:08.994+0000] GC(143)   class space    used 1265K, committed 1344K, reserved 1048576K
[2025-08-01T14:45:08.994+0000] GC(143) Garbage Collection (Allocation Rate)
[2025-08-01T14:45:08.994+0000] GC(143) Using 2 workers
[2025-08-01T14:45:08.994+0000] GC(143) Pause Mark Start 0.009ms
[2025-08-01T14:45:09.136+0000] GC(143) Concurrent Mark 142.063ms
[2025-08-01T14:45:09.136+0000] GC(143) Pause Mark End 0.016ms
[2025-08-01T14:45:09.136+0000] GC(143) Concurrent Mark Free 0.002ms
[2025-08-01T14:45:09.139+0000] GC(143) Concurrent Process Non-Strong References 2.795ms
[2025-08-01T14:45:09.139+0000] GC(143) Concurrent Reset Relocation Set 0.002ms
[2025-08-01T14:45:09.143+0000] GC(143) Concurrent Select Relocation Set 3.350ms
[2025-08-01T14:45:09.143+0000] GC(143) Pause Relocate Start 0.010ms
[2025-08-01T14:45:09.144+0000] GC(143) Concurrent Relocate 0.644ms
[2025-08-01T14:45:09.144+0000] GC(143) Heap after GC invocations=144 (full 144):
[2025-08-01T14:45:09.144+0000] GC(143)  ZHeap           used 1374M, capacity 4096M, max capacity 4096M
[2025-08-01T14:45:09.144+0000] GC(143)  Metaspace       used 10643K, committed 10880K, reserved 1114112K
[2025-08-01T14:45:09.144+0000] GC(143)   class space    used 1265K, committed 1344K, reserved 1048576K
[2025-08-01T14:45:09.144+0000] GC(143) Load: 1.83/0.62/0.27
[2025-08-01T14:45:09.144+0000] GC(143) MMU: 2ms/90.0%, 5ms/96.0%, 10ms/97.9%, 20ms/98.9%, 50ms/99.6%, 100ms/99.8%
[2025-08-01T14:45:09.144+0000] GC(143) Mark: 2 stripe(s), 4 proactive flush(es), 1 terminate flush(es), 0 completion(s), 0 continuation(s) 
[2025-08-01T14:45:09.144+0000] GC(143) Mark Stack Usage: 32M
[2025-08-01T14:45:09.144+0000] GC(143) NMethods: 1415 registered, 180 unregistered
[2025-08-01T14:45:09.144+0000] GC(143) Metaspace: 10M used, 10M committed, 1088M reserved
[2025-08-01T14:45:09.144+0000] GC(143) Soft: 228 encountered, 0 discovered, 0 enqueued
[2025-08-01T14:45:09.144+0000] GC(143) Weak: 934 encountered, 688 discovered, 0 enqueued
[2025-08-01T14:45:09.144+0000] GC(143) Final: 0 encountered, 0 discovered, 0 enqueued
[2025-08-01T14:45:09.144+0000] GC(143) Phantom: 3 encountered, 1 discovered, 0 enqueued
[2025-08-01T14:45:09.144+0000] GC(143) Small Pages: 1260 / 2520M, Empty: 1906M, Relocated: 1M, In-Place: 0
[2025-08-01T14:45:09.144+0000] GC(143) Medium Pages: 1 / 32M, Empty: 0M, Relocated: 0M, In-Place: 0
[2025-08-01T14:45:09.144+0000] GC(143) Large Pages: 0 / 0M, Empty: 0M, Relocated: 0M, In-Place: 0
[2025-08-01T14:45:09.144+0000] GC(143) Forwarding Usage: 0M
[2025-08-01T14:45:09.144+0000] GC(143) Min Capacity: 4096M(100%)
[2025-08-01T14:45:09.144+0000] GC(143) Max Capacity: 4096M(100%)
[2025-08-01T14:45:09.144+0000] GC(143) Soft Max Capacity: 4096M(100%)
[2025-08-01T14:45:09.144+0000] GC(143)                Mark Start          Mark End        Relocate Start      Relocate End           High               Low         
[2025-08-01T14:45:09.144+0000] GC(143)  Capacity:     4096M (100%)       4096M (100%)       4096M (100%)       4096M (100%)       4096M (100%)       4096M (100%)   
[2025-08-01T14:45:09.144+0000] GC(143)      Free:     1544M (38%)         806M (20%)        2712M (66%)        2722M (66%)        2722M (66%)         806M (20%)    
[2025-08-01T14:45:09.144+0000] GC(143)      Used:     2552M (62%)        3290M (80%)        1384M (34%)        1374M (34%)        3290M (80%)        1374M (34%)    
[2025-08-01T14:45:09.144+0000] GC(143)      Live:         -               597M (15%)         597M (15%)         597M (15%)            -                  -          
[2025-08-01T14:45:09.144+0000] GC(143) Allocated:         -               738M (18%)         738M (18%)         738M (18%)            -                  -          
[2025-08-01T14:45:09.144+0000] GC(143)   Garbage:         -              1954M (48%)          48M (1%)           38M (1%)             -                  -          
[2025-08-01T14:45:09.144+0000] GC(143) Reclaimed:         -                  -              1906M (47%)        1916M (47%)            -                  -          
[2025-08-01T14:45:09.144+0000] GC(143) Garbage Collection (Allocation Rate) 2552M(62%)->1374M(34%)
[2025-08-01T14:45:09.393+0000] GC(144) Heap before GC invocations=144 (full 144):
[2025-08-01T14:45:09.393+0000] GC(144)  ZHeap           used 2570M, capacity 4096M, max capacity 4096M
[2025-08-01T14:45:09.393+0000] GC(144)  Metaspace       used 10643K, committed 10880K, reserved 1114112K
[2025-08-01T14:45:09.393+0000] GC(144)   class space    used 1265K, committed 1344K, reserved 1048576K
[2025-08-01T14:45:09.393+0000] GC(144) Garbage Collection (Allocation Rate)
[2025-08-01T14:45:09.393+0000] GC(144) Using 2 workers
[2025-08-01T14:45:09.393+0000] GC(144) Pause Mark Start 0.006ms
[2025-08-01T14:45:09.538+0000] GC(144) Concurrent Mark 144.308ms
[2025-08-01T14:45:09.538+0000] GC(144) Pause Mark End 0.018ms
[2025-08-01T14:45:09.538+0000] GC(144) Concurrent Mark Free 0.001ms
[2025-08-01T14:45:09.541+0000] GC(144) Concurrent Process Non-Strong References 2.885ms
[2025-08-01T14:45:09.541+0000] GC(144) Concurrent Reset Relocation Set 0.003ms
[2025-08-01T14:45:09.545+0000] GC(144) Concurrent Select Relocation Set 3.920ms
[2025-08-01T14:45:09.545+0000] GC(144) Pause Relocate Start 0.011ms
[2025-08-01T14:45:09.546+0000] GC(144) Concurrent Relocate 0.713ms
[2025-08-01T14:45:09.546+0000] GC(144) Heap after GC invocations=145 (full 145):
[2025-08-01T14:45:09.546+0000] GC(144)  ZHeap           used 1424M, capacity 4096M, max capacity 4096M
[2025-08-01T14:45:09.546+0000] GC(144)  Metaspace       used 10643K, committed 10880K, reserved 1114112K
[2025-08-01T14:45:09.546+0000] GC(144)   class space    used 1265K, committed 1344K, reserved 1048576K
[2025-08-01T14:45:09.546+0000] GC(144) Load: 1.83/0.62/0.27
[2025-08-01T14:45:09.546+0000] GC(144) MMU: 2ms/90.0%, 5ms/96.0%, 10ms/97.9%, 20ms/98.9%, 50ms/99.6%, 100ms/99.8%
[2025-08-01T14:45:09.546+0000] GC(144) Mark: 2 stripe(s), 5 proactive flush(es), 1 terminate flush(es), 0 completion(s), 0 continuation(s) 
[2025-08-01T14:45:09.546+0000] GC(144) Mark Stack Usage: 32M
[2025-08-01T14:45:09.546+0000] GC(144) NMethods: 1415 registered, 180 unregistered
[2025-08-01T14:45:09.546+0000] GC(144) Metaspace: 10M used, 10M committed, 1088M reserved
[2025-08-01T14:45:09.546+0000] GC(144) Soft: 228 encountered, 0 discovered, 0 enqueued
[2025-08-01T14:45:09.546+0000] GC(144) Weak: 934 encountered, 712 discovered, 0 enqueued
[2025-08-01T14:45:09.546+0000] GC(144) Final: 0 encountered, 0 discovered, 0 enqueued
[2025-08-01T14:45:09.546+0000] GC(144) Phantom: 3 encountered, 1 discovered, 0 enqueued
[2025-08-01T14:45:09.546+0000] GC(144) Small Pages: 1269 / 2538M, Empty: 1876M, Relocated: 1M, In-Place: 0
[2025-08-01T14:45:09.546+0000] GC(144) Medium Pages: 1 / 32M, Empty: 0M, Relocated: 0M, In-Place: 0
[2025-08-01T14:45:09.546+0000] GC(144) Large Pages: 0 / 0M, Empty: 0M, Relocated: 0M, In-Place: 0
[2025-08-01T14:45:09.546+0000] GC(144) Forwarding Usage: 0M
[2025-08-01T14:45:09.546+0000] GC(144) Min Capacity: 4096M(100%)
[2025-08-01T14:45:09.546+0000] GC(144) Max Capacity: 4096M(100%)
[2025-08-01T14:45:09.546+0000] GC(144) Soft Max Capacity: 4096M(100%)
[2025-08-01T14:45:09.546+0000] GC(144)                Mark Start          Mark End        Relocate Start      Relocate End           High               Low         
[2025-08-01T14:45:09.546+0000] GC(144)  Capacity:     4096M (100%)       4096M (100%)       4096M (100%)       4096M (100%)       4096M (100%)       4096M (100%)   
[2025-08-01T14:45:09.546+0000] GC(144)      Free:     1526M (37%)         788M (19%)        2664M (65%)        2672M (65%)        2672M (65%)         788M (19%)    
[2025-08-01T14:45:09.546+0000] GC(144)      Used:     2570M (63%)        3308M (81%)        1432M (35%)        1424M (35%)        3308M (81%)        1424M (35%)    
[2025-08-01T14:45:09.546+0000] GC(144)      Live:         -               647M (16%)         647M (16%)         647M (16%)            -                  -          
[2025-08-01T14:45:09.546+0000] GC(144) Allocated:         -               738M (18%)         738M (18%)         738M (18%)            -                  -          
[2025-08-01T14:45:09.546+0000] GC(144)   Garbage:         -              1922M (47%)          46M (1%)           38M (1%)             -                  -          
[2025-08-01T14:45:09.547+0000] GC(144) Reclaimed:         -                  -              1876M (46%)        1884M (46%)            -                  -          
[2025-08-01T14:45:09.547+0000] GC(144) Garbage Collection (Allocation Rate) 2570M(63%)->1424M(35%)
[2025-08-01T14:45:09.793+0000] GC(145) Heap before GC invocations=145 (full 145):
[2025-08-01T14:45:09.793+0000] GC(145)  ZHeap           used 2620M, capacity 4096M, max capacity 4096M
[2025-08-01T14:45:09.793+0000] GC(145)  Metaspace       used 10643K, committed 10880K, reserved 1114112K
[2025-08-01T14:45:09.793+0000] GC(145)   class space    used 1265K, committed 1344K, reserved 1048576K
[2025-08-01T14:45:09.793+0000] GC(145) Garbage Collection (Allocation Rate)
[2025-08-01T14:45:09.793+0000] GC(145) Using 2 workers
[2025-08-01T14:45:09.794+0000] GC(145) Pause Mark Start 0.015ms
[2025-08-01T14:45:09.933+0000] GC(145) Concurrent Mark 138.964ms
[2025-08-01T14:45:09.933+0000] GC(145) Pause Mark End 0.018ms
[2025-08-01T14:45:09.933+0000] GC(145) Concurrent Mark Free 0.001ms
[2025-08-01T14:45:09.937+0000] GC(145) Concurrent Process Non-Strong References 3.333ms
[2025-08-01T14:45:09.937+0000] GC(145) Concurrent Reset Relocation Set 0.003ms
[2025-08-01T14:45:09.941+0000] GC(145) Concurrent Select Relocation Set 4.660ms
[2025-08-01T14:45:09.942+0000] GC(145) Pause Relocate Start 0.012ms
[2025-08-01T14:45:09.943+0000] GC(145) Concurrent Relocate 1.695ms
[2025-08-01T14:45:09.943+0000] GC(145) Heap after GC invocations=146 (full 146):
[2025-08-01T14:45:09.943+0000] GC(145)  ZHeap           used 1354M, capacity 4096M, max capacity 4096M
[2025-08-01T14:45:09.943+0000] GC(145)  Metaspace       used 10643K, committed 10880K, reserved 1114112K
[2025-08-01T14:45:09.943+0000] GC(145)   class space    used 1265K, committed 1344K, reserved 1048576K
[2025-08-01T14:45:09.943+0000] GC(145) Load: 1.83/0.62/0.27
[2025-08-01T14:45:09.944+0000] GC(145) MMU: 2ms/90.0%, 5ms/96.0%, 10ms/97.9%, 20ms/98.9%, 50ms/99.6%, 100ms/99.8%
[2025-08-01T14:45:09.944+0000] GC(145) Mark: 2 stripe(s), 2 proactive flush(es), 1 terminate flush(es), 0 completion(s), 0 continuation(s) 
[2025-08-01T14:45:09.944+0000] GC(145) Mark Stack Usage: 32M
[2025-08-01T14:45:09.944+0000] GC(145) NMethods: 1415 registered, 180 unregistered
[2025-08-01T14:45:09.944+0000] GC(145) Metaspace: 10M used, 10M committed, 1088M reserved
[2025-08-01T14:45:09.944+0000] GC(145) Soft: 228 encountered, 0 discovered, 0 enqueued
[2025-08-01T14:45:09.944+0000] GC(145) Weak: 934 encountered, 678 discovered, 0 enqueued
[2025-08-01T14:45:09.944+0000] GC(145) Final: 0 encountered, 0 discovered, 0 enqueued
[2025-08-01T14:45:09.944+0000] GC(145) Phantom: 3 encountered, 1 discovered, 0 enqueued
[2025-08-01T14:45:09.944+0000] GC(145) Small Pages: 1294 / 2588M, Empty: 1990M, Relocated: 3M, In-Place: 0
[2025-08-01T14:45:09.944+0000] GC(145) Medium Pages: 1 / 32M, Empty: 0M, Relocated: 0M, In-Place: 0
[2025-08-01T14:45:09.944+0000] GC(145) Large Pages: 0 / 0M, Empty: 0M, Relocated: 0M, In-Place: 0
[2025-08-01T14:45:09.944+0000] GC(145) Forwarding Usage: 0M
[2025-08-01T14:45:09.944+0000] GC(145) Min Capacity: 4096M(100%)
[2025-08-01T14:45:09.944+0000] GC(145) Max Capacity: 4096M(100%)
[2025-08-01T14:45:09.944+0000] GC(145) Soft Max Capacity: 4096M(100%)
[2025-08-01T14:45:09.944+0000] GC(145)                Mark Start          Mark End        Relocate Start      Relocate End           High               Low         
[2025-08-01T14:45:09.944+0000] GC(145)  Capacity:     4096M (100%)       4096M (100%)       4096M (100%)       4096M (100%)       4096M (100%)       4096M (100%)   
[2025-08-01T14:45:09.944+0000] GC(145)      Free:     1476M (36%)         738M (18%)        2728M (67%)        2742M (67%)        2742M (67%)         738M (18%)    
[2025-08-01T14:45:09.944+0000] GC(145)      Used:     2620M (64%)        3358M (82%)        1368M (33%)        1354M (33%)        3358M (82%)        1354M (33%)    
[2025-08-01T14:45:09.944+0000] GC(145)      Live:         -               577M (14%)         577M (14%)         577M (14%)            -                  -          
[2025-08-01T14:45:09.944+0000] GC(145) Allocated:         -               738M (18%)         738M (18%)         738M (18%)            -                  -          
[2025-08-01T14:45:09.944+0000] GC(145)   Garbage:         -              2042M (50%)          52M (1%)           38M (1%)             -                  -          
[2025-08-01T14:45:09.944+0000] GC(145) Reclaimed:         -                  -              1990M (49%)        2004M (49%)            -                  -          
[2025-08-01T14:45:09.944+0000] GC(145) Garbage Collection (Allocation Rate) 2620M(64%)->1354M(33%)
[2025-08-01T14:45:10.293+0000] GC(146) Heap before GC invocations=146 (full 146):
[2025-08-01T14:45:10.293+0000] GC(146)  ZHeap           used 2918M, capacity 4096M, max capacity 4096M
[2025-08-01T14:45:10.293+0000] GC(146)  Metaspace       used 10643K, committed 10880K, reserved 1114112K
[2025-08-01T14:45:10.293+0000] GC(146)   class space    used 1265K, committed 1344K, reserved 1048576K
[2025-08-01T14:45:10.293+0000] GC(146) Garbage Collection (Allocation Rate)
[2025-08-01T14:45:10.293+0000] GC(146) Using 2 workers
[2025-08-01T14:45:10.293+0000] GC(146) Pause Mark Start 0.011ms
[2025-08-01T14:45:10.451+0000] GC(146) Concurrent Mark 157.492ms
[2025-08-01T14:45:10.451+0000] GC(146) Pause Mark End 0.021ms
[2025-08-01T14:45:10.451+0000] GC(146) Concurrent Mark Free 0.003ms
[2025-08-01T14:45:10.455+0000] GC(146) Concurrent Process Non-Strong References 3.711ms
[2025-08-01T14:45:10.455+0000] GC(146) Concurrent Reset Relocation Set 0.002ms
[2025-08-01T14:45:10.460+0000] GC(146) Concurrent Select Relocation Set 4.878ms
[2025-08-01T14:45:10.460+0000] GC(146) Pause Relocate Start 0.009ms
[2025-08-01T14:45:10.462+0000] GC(146) Concurrent Relocate 1.898ms
[2025-08-01T14:45:10.462+0000] GC(146) Heap after GC invocations=147 (full 147):
[2025-08-01T14:45:10.462+0000] GC(146)  ZHeap           used 1238M, capacity 4096M, max capacity 4096M
[2025-08-01T14:45:10.462+0000] GC(146)  Metaspace       used 10643K, committed 10880K, reserved 1114112K
[2025-08-01T14:45:10.462+0000] GC(146)   class space    used 1265K, committed 1344K, reserved 1048576K
[2025-08-01T14:45:10.463+0000] GC(146) Load: 1.83/0.62/0.27
[2025-08-01T14:45:10.463+0000] GC(146) MMU: 2ms/90.0%, 5ms/96.0%, 10ms/97.9%, 20ms/98.9%, 50ms/99.6%, 100ms/99.8%
[2025-08-01T14:45:10.463+0000] GC(146) Mark: 2 stripe(s), 2 proactive flush(es), 1 terminate flush(es), 0 completion(s), 0 continuation(s) 
[2025-08-01T14:45:10.463+0000] GC(146) Mark Stack Usage: 32M
[2025-08-01T14:45:10.463+0000] GC(146) NMethods: 1415 registered, 180 unregistered
[2025-08-01T14:45:10.463+0000] GC(146) Metaspace: 10M used, 10M committed, 1088M reserved
[2025-08-01T14:45:10.463+0000] GC(146) Soft: 228 encountered, 0 discovered, 0 enqueued
[2025-08-01T14:45:10.463+0000] GC(146) Weak: 934 encountered, 705 discovered, 0 enqueued
[2025-08-01T14:45:10.463+0000] GC(146) Final: 0 encountered, 0 discovered, 0 enqueued
[2025-08-01T14:45:10.463+0000] GC(146) Phantom: 3 encountered, 1 discovered, 0 enqueued
[2025-08-01T14:45:10.463+0000] GC(146) Small Pages: 1443 / 2886M, Empty: 2406M, Relocated: 3M, In-Place: 0
[2025-08-01T14:45:10.463+0000] GC(146) Medium Pages: 1 / 32M, Empty: 0M, Relocated: 0M, In-Place: 0
[2025-08-01T14:45:10.463+0000] GC(146) Large Pages: 0 / 0M, Empty: 0M, Relocated: 0M, In-Place: 0
[2025-08-01T14:45:10.463+0000] GC(146) Forwarding Usage: 0M
[2025-08-01T14:45:10.463+0000] GC(146) Min Capacity: 4096M(100%)
[2025-08-01T14:45:10.463+0000] GC(146) Max Capacity: 4096M(100%)
[2025-08-01T14:45:10.463+0000] GC(146) Soft Max Capacity: 4096M(100%)
[2025-08-01T14:45:10.463+0000] GC(146)                Mark Start          Mark End        Relocate Start      Relocate End           High               Low         
[2025-08-01T14:45:10.463+0000] GC(146)  Capacity:     4096M (100%)       4096M (100%)       4096M (100%)       4096M (100%)       4096M (100%)       4096M (100%)   
[2025-08-01T14:45:10.463+0000] GC(146)      Free:     1178M (29%)         440M (11%)        2846M (69%)        2858M (70%)        2858M (70%)         440M (11%)    
[2025-08-01T14:45:10.463+0000] GC(146)      Used:     2918M (71%)        3656M (89%)        1250M (31%)        1238M (30%)        3656M (89%)        1238M (30%)    
[2025-08-01T14:45:10.463+0000] GC(146)      Live:         -               464M (11%)         464M (11%)         464M (11%)            -                  -          
[2025-08-01T14:45:10.463+0000] GC(146) Allocated:         -               738M (18%)         738M (18%)         738M (18%)            -                  -          
[2025-08-01T14:45:10.463+0000] GC(146)   Garbage:         -              2453M (60%)          47M (1%)           35M (1%)             -                  -          
[2025-08-01T14:45:10.463+0000] GC(146) Reclaimed:         -                  -              2406M (59%)        2418M (59%)            -                  -          
[2025-08-01T14:45:10.463+0000] GC(146) Garbage Collection (Allocation Rate) 2918M(71%)->1238M(30%)
[2025-08-01T14:45:10.793+0000] GC(147) Heap before GC invocations=147 (full 147):
[2025-08-01T14:45:10.793+0000] GC(147)  ZHeap           used 2692M, capacity 4096M, max capacity 4096M
[2025-08-01T14:45:10.793+0000] GC(147)  Metaspace       used 10643K, committed 10880K, reserved 1114112K
[2025-08-01T14:45:10.793+0000] GC(147)   class space    used 1265K, committed 1344K, reserved 1048576K
[2025-08-01T14:45:10.793+0000] GC(147) Garbage Collection (Allocation Rate)
[2025-08-01T14:45:10.793+0000] GC(147) Using 2 workers
[2025-08-01T14:45:10.794+0000] GC(147) Pause Mark Start 0.020ms
[2025-08-01T14:45:10.975+0000] GC(147) Concurrent Mark 180.551ms
[2025-08-01T14:45:10.976+0000] GC(147) Pause Mark End 0.021ms
[2025-08-01T14:45:10.976+0000] GC(147) Concurrent Mark Free 0.003ms
[2025-08-01T14:45:10.983+0000] GC(147) Concurrent Process Non-Strong References 7.286ms
[2025-08-01T14:45:10.983+0000] GC(147) Concurrent Reset Relocation Set 0.006ms
[2025-08-01T14:45:10.989+0000] GC(147) Concurrent Select Relocation Set 5.603ms
[2025-08-01T14:45:10.989+0000] GC(147) Pause Relocate Start 0.010ms
[2025-08-01T14:45:10.990+0000] GC(147) Concurrent Relocate 0.451ms
[2025-08-01T14:45:10.990+0000] GC(147) Heap after GC invocations=148 (full 148):
[2025-08-01T14:45:10.990+0000] GC(147)  ZHeap           used 1270M, capacity 4096M, max capacity 4096M
[2025-08-01T14:45:10.990+0000] GC(147)  Metaspace       used 10643K, committed 10880K, reserved 1114112K
[2025-08-01T14:45:10.990+0000] GC(147)   class space    used 1265K, committed 1344K, reserved 1048576K
[2025-08-01T14:45:10.990+0000] GC(147) Load: 1.83/0.62/0.27
[2025-08-01T14:45:10.990+0000] GC(147) MMU: 2ms/90.0%, 5ms/96.0%, 10ms/97.9%, 20ms/98.9%, 50ms/99.6%, 100ms/99.8%
[2025-08-01T14:45:10.990+0000] GC(147) Mark: 2 stripe(s), 2 proactive flush(es), 1 terminate flush(es), 0 completion(s), 0 continuation(s) 
[2025-08-01T14:45:10.990+0000] GC(147) Mark Stack Usage: 32M
[2025-08-01T14:45:10.990+0000] GC(147) NMethods: 1415 registered, 180 unregistered
[2025-08-01T14:45:10.990+0000] GC(147) Metaspace: 10M used, 10M committed, 1088M reserved
[2025-08-01T14:45:10.990+0000] GC(147) Soft: 228 encountered, 0 discovered, 0 enqueued
[2025-08-01T14:45:10.990+0000] GC(147) Weak: 934 encountered, 704 discovered, 0 enqueued
[2025-08-01T14:45:10.990+0000] GC(147) Final: 0 encountered, 0 discovered, 0 enqueued
[2025-08-01T14:45:10.990+0000] GC(147) Phantom: 3 encountered, 2 discovered, 0 enqueued
[2025-08-01T14:45:10.990+0000] GC(147) Small Pages: 1330 / 2660M, Empty: 2170M, Relocated: 1M, In-Place: 0
[2025-08-01T14:45:10.990+0000] GC(147) Medium Pages: 1 / 32M, Empty: 0M, Relocated: 0M, In-Place: 0
[2025-08-01T14:45:10.990+0000] GC(147) Large Pages: 0 / 0M, Empty: 0M, Relocated: 0M, In-Place: 0
[2025-08-01T14:45:10.990+0000] GC(147) Forwarding Usage: 0M
[2025-08-01T14:45:10.990+0000] GC(147) Min Capacity: 4096M(100%)
[2025-08-01T14:45:10.990+0000] GC(147) Max Capacity: 4096M(100%)
[2025-08-01T14:45:10.990+0000] GC(147) Soft Max Capacity: 4096M(100%)
[2025-08-01T14:45:10.990+0000] GC(147)                Mark Start          Mark End        Relocate Start      Relocate End           High               Low         
[2025-08-01T14:45:10.990+0000] GC(147)  Capacity:     4096M (100%)       4096M (100%)       4096M (100%)       4096M (100%)       4096M (100%)       4096M (100%)   
[2025-08-01T14:45:10.990+0000] GC(147)      Free:     1404M (34%)         726M (18%)        2818M (69%)        2826M (69%)        2826M (69%)         680M (17%)    
[2025-08-01T14:45:10.990+0000] GC(147)      Used:     2692M (66%)        3370M (82%)        1278M (31%)        1270M (31%)        3416M (83%)        1270M (31%)    
[2025-08-01T14:45:10.990+0000] GC(147)      Live:         -               476M (12%)         476M (12%)         476M (12%)            -                  -          
[2025-08-01T14:45:10.990+0000] GC(147) Allocated:         -               678M (17%)         756M (18%)         756M (18%)            -                  -          
[2025-08-01T14:45:10.990+0000] GC(147)   Garbage:         -              2215M (54%)          45M (1%)           37M (1%)             -                  -          
[2025-08-01T14:45:10.990+0000] GC(147) Reclaimed:         -                  -              2170M (53%)        2178M (53%)            -                  -          
[2025-08-01T14:45:10.990+0000] GC(147) Garbage Collection (Allocation Rate) 2692M(66%)->1270M(31%)
[2025-08-01T14:45:11.294+0000] GC(148) Heap before GC invocations=148 (full 148):
[2025-08-01T14:45:11.294+0000] GC(148)  ZHeap           used 2552M, capacity 4096M, max capacity 4096M
[2025-08-01T14:45:11.294+0000] GC(148)  Metaspace       used 10643K, committed 10880K, reserved 1114112K
[2025-08-01T14:45:11.294+0000] GC(148)   class space    used 1265K, committed 1344K, reserved 1048576K
[2025-08-01T14:45:11.294+0000] GC(148) Garbage Collection (Allocation Rate)
[2025-08-01T14:45:11.294+0000] GC(148) Using 2 workers
[2025-08-01T14:45:11.294+0000] GC(148) Pause Mark Start 0.011ms
[2025-08-01T14:45:11.362+0000] GC(148) Concurrent Mark 67.906ms
[2025-08-01T14:45:11.363+0000] GC(148) Pause Mark End 0.020ms
[2025-08-01T14:45:11.363+0000] GC(148) Concurrent Mark Free 0.001ms
[2025-08-01T14:45:11.365+0000] GC(148) Concurrent Process Non-Strong References 2.612ms
[2025-08-01T14:45:11.365+0000] GC(148) Concurrent Reset Relocation Set 0.002ms
[2025-08-01T14:45:11.369+0000] GC(148) Concurrent Select Relocation Set 3.775ms
[2025-08-01T14:45:11.369+0000] GC(148) Pause Relocate Start 0.009ms
[2025-08-01T14:45:11.370+0000] GC(148) Concurrent Relocate 0.790ms
[2025-08-01T14:45:11.370+0000] GC(148) Heap after GC invocations=149 (full 149):
[2025-08-01T14:45:11.370+0000] GC(148)  ZHeap           used 534M, capacity 4096M, max capacity 4096M
[2025-08-01T14:45:11.370+0000] GC(148)  Metaspace       used 10643K, committed 10880K, reserved 1114112K
[2025-08-01T14:45:11.370+0000] GC(148)   class space    used 1265K, committed 1344K, reserved 1048576K
[2025-08-01T14:45:11.370+0000] GC(148) Load: 1.83/0.62/0.27
[2025-08-01T14:45:11.370+0000] GC(148) MMU: 2ms/90.0%, 5ms/96.0%, 10ms/97.9%, 20ms/98.9%, 50ms/99.6%, 100ms/99.8%
[2025-08-01T14:45:11.370+0000] GC(148) Mark: 2 stripe(s), 2 proactive flush(es), 1 terminate flush(es), 0 completion(s), 0 continuation(s) 
[2025-08-01T14:45:11.370+0000] GC(148) Mark Stack Usage: 32M
[2025-08-01T14:45:11.370+0000] GC(148) NMethods: 1415 registered, 180 unregistered
[2025-08-01T14:45:11.370+0000] GC(148) Metaspace: 10M used, 10M committed, 1088M reserved
[2025-08-01T14:45:11.370+0000] GC(148) Soft: 228 encountered, 0 discovered, 0 enqueued
[2025-08-01T14:45:11.370+0000] GC(148) Weak: 934 encountered, 645 discovered, 0 enqueued
[2025-08-01T14:45:11.370+0000] GC(148) Final: 0 encountered, 0 discovered, 0 enqueued
[2025-08-01T14:45:11.370+0000] GC(148) Phantom: 3 encountered, 2 discovered, 0 enqueued
[2025-08-01T14:45:11.370+0000] GC(148) Small Pages: 1260 / 2520M, Empty: 2294M, Relocated: 3M, In-Place: 0
[2025-08-01T14:45:11.370+0000] GC(148) Medium Pages: 1 / 32M, Empty: 0M, Relocated: 0M, In-Place: 0
[2025-08-01T14:45:11.370+0000] GC(148) Large Pages: 0 / 0M, Empty: 0M, Relocated: 0M, In-Place: 0
[2025-08-01T14:45:11.370+0000] GC(148) Forwarding Usage: 0M
[2025-08-01T14:45:11.370+0000] GC(148) Min Capacity: 4096M(100%)
[2025-08-01T14:45:11.370+0000] GC(148) Max Capacity: 4096M(100%)
[2025-08-01T14:45:11.370+0000] GC(148) Soft Max Capacity: 4096M(100%)
[2025-08-01T14:45:11.370+0000] GC(148)                Mark Start          Mark End        Relocate Start      Relocate End           High               Low         
[2025-08-01T14:45:11.370+0000] GC(148)  Capacity:     4096M (100%)       4096M (100%)       4096M (100%)       4096M (100%)       4096M (100%)       4096M (100%)   
[2025-08-01T14:45:11.370+0000] GC(148)      Free:     1544M (38%)        1258M (31%)        3552M (87%)        3562M (87%)        3562M (87%)        1258M (31%)    
[2025-08-01T14:45:11.370+0000] GC(148)      Used:     2552M (62%)        2838M (69%)         544M (13%)         534M (13%)        2838M (69%)         534M (13%)    
[2025-08-01T14:45:11.370+0000] GC(148)      Live:         -               213M (5%)          213M (5%)          213M (5%)             -                  -          
[2025-08-01T14:45:11.370+0000] GC(148) Allocated:         -               286M (7%)          286M (7%)          286M (7%)             -                  -          
[2025-08-01T14:45:11.370+0000] GC(148)   Garbage:         -              2338M (57%)          44M (1%)           34M (1%)             -                  -          
[2025-08-01T14:45:11.370+0000] GC(148) Reclaimed:         -                  -              2294M (56%)        2304M (56%)            -                  -          
[2025-08-01T14:45:11.370+0000] GC(148) Garbage Collection (Allocation Rate) 2552M(62%)->534M(13%)
[2025-08-01T14:45:11.793+0000] GC(149) Heap before GC invocations=149 (full 149):
[2025-08-01T14:45:11.793+0000] GC(149)  ZHeap           used 2374M, capacity 4096M, max capacity 4096M
[2025-08-01T14:45:11.793+0000] GC(149)  Metaspace       used 10643K, committed 10880K, reserved 1114112K
[2025-08-01T14:45:11.793+0000] GC(149)   class space    used 1265K, committed 1344K, reserved 1048576K
[2025-08-01T14:45:11.793+0000] GC(149) Garbage Collection (Allocation Rate)
[2025-08-01T14:45:11.793+0000] GC(149) Using 2 workers
[2025-08-01T14:45:11.793+0000] GC(149) Pause Mark Start 0.009ms
[2025-08-01T14:45:11.889+0000] GC(149) Concurrent Mark 95.116ms
[2025-08-01T14:45:11.889+0000] GC(149) Pause Mark End 0.018ms
[2025-08-01T14:45:11.889+0000] GC(149) Concurrent Mark Free 0.001ms
[2025-08-01T14:45:11.892+0000] GC(149) Concurrent Process Non-Strong References 2.634ms
[2025-08-01T14:45:11.892+0000] GC(149) Concurrent Reset Relocation Set 0.002ms
[2025-08-01T14:45:11.895+0000] GC(149) Concurrent Select Relocation Set 3.347ms
[2025-08-01T14:45:11.895+0000] GC(149) Pause Relocate Start 0.008ms
[2025-08-01T14:45:11.896+0000] GC(149) Concurrent Relocate 0.998ms
[2025-08-01T14:45:11.896+0000] GC(149) Heap after GC invocations=150 (full 150):
[2025-08-01T14:45:11.896+0000] GC(149)  ZHeap           used 718M, capacity 4096M, max capacity 4096M
[2025-08-01T14:45:11.896+0000] GC(149)  Metaspace       used 10643K, committed 10880K, reserved 1114112K
[2025-08-01T14:45:11.896+0000] GC(149)   class space    used 1265K, committed 1344K, reserved 1048576K
[2025-08-01T14:45:11.896+0000] GC(149) Load: 1.68/0.61/0.27
[2025-08-01T14:45:11.896+0000] GC(149) MMU: 2ms/90.0%, 5ms/96.0%, 10ms/97.9%, 20ms/98.9%, 50ms/99.6%, 100ms/99.8%
[2025-08-01T14:45:11.896+0000] GC(149) Mark: 2 stripe(s), 2 proactive flush(es), 1 terminate flush(es), 0 completion(s), 0 continuation(s) 
[2025-08-01T14:45:11.896+0000] GC(149) Mark Stack Usage: 32M
[2025-08-01T14:45:11.896+0000] GC(149) NMethods: 1415 registered, 180 unregistered
[2025-08-01T14:45:11.896+0000] GC(149) Metaspace: 10M used, 10M committed, 1088M reserved
[2025-08-01T14:45:11.896+0000] GC(149) Soft: 228 encountered, 0 discovered, 0 enqueued
[2025-08-01T14:45:11.897+0000] GC(149) Weak: 934 encountered, 669 discovered, 0 enqueued
[2025-08-01T14:45:11.897+0000] GC(149) Final: 0 encountered, 0 discovered, 0 enqueued
[2025-08-01T14:45:11.897+0000] GC(149) Phantom: 3 encountered, 2 discovered, 0 enqueued
[2025-08-01T14:45:11.897+0000] GC(149) Small Pages: 1171 / 2342M, Empty: 2028M, Relocated: 3M, In-Place: 0
[2025-08-01T14:45:11.897+0000] GC(149) Medium Pages: 1 / 32M, Empty: 0M, Relocated: 0M, In-Place: 0
[2025-08-01T14:45:11.897+0000] GC(149) Large Pages: 0 / 0M, Empty: 0M, Relocated: 0M, In-Place: 0
[2025-08-01T14:45:11.897+0000] GC(149) Forwarding Usage: 0M
[2025-08-01T14:45:11.897+0000] GC(149) Min Capacity: 4096M(100%)
[2025-08-01T14:45:11.897+0000] GC(149) Max Capacity: 4096M(100%)
[2025-08-01T14:45:11.897+0000] GC(149) Soft Max Capacity: 4096M(100%)
[2025-08-01T14:45:11.897+0000] GC(149)                Mark Start          Mark End        Relocate Start      Relocate End           High               Low         
[2025-08-01T14:45:11.897+0000] GC(149)  Capacity:     4096M (100%)       4096M (100%)       4096M (100%)       4096M (100%)       4096M (100%)       4096M (100%)   
[2025-08-01T14:45:11.897+0000] GC(149)      Free:     1722M (42%)        1352M (33%)        3378M (82%)        3378M (82%)        3380M (83%)        1352M (33%)    
[2025-08-01T14:45:11.897+0000] GC(149)      Used:     2374M (58%)        2744M (67%)         718M (18%)         718M (18%)        2744M (67%)         716M (17%)    
[2025-08-01T14:45:11.897+0000] GC(149)      Live:         -               305M (7%)          305M (7%)          305M (7%)             -                  -          
[2025-08-01T14:45:11.897+0000] GC(149) Allocated:         -               370M (9%)          372M (9%)          378M (9%)             -                  -          
[2025-08-01T14:45:11.897+0000] GC(149)   Garbage:         -              2068M (50%)          40M (1%)           34M (1%)             -                  -          
[2025-08-01T14:45:11.897+0000] GC(149) Reclaimed:         -                  -              2028M (50%)        2034M (50%)            -                  -          
[2025-08-01T14:45:11.897+0000] GC(149) Garbage Collection (Allocation Rate) 2374M(58%)->718M(18%)
[2025-08-01T14:45:12.294+0000] GC(150) Heap before GC invocations=150 (full 150):
[2025-08-01T14:45:12.294+0000] GC(150)  ZHeap           used 2642M, capacity 4096M, max capacity 4096M
[2025-08-01T14:45:12.294+0000] GC(150)  Metaspace       used 10643K, committed 10880K, reserved 1114112K
[2025-08-01T14:45:12.294+0000] GC(150)   class space    used 1265K, committed 1344K, reserved 1048576K
[2025-08-01T14:45:12.294+0000] GC(150) Garbage Collection (Allocation Rate)
[2025-08-01T14:45:12.294+0000] GC(150) Using 2 workers
[2025-08-01T14:45:12.294+0000] GC(150) Pause Mark Start 0.005ms
[2025-08-01T14:45:12.430+0000] GC(150) Concurrent Mark 136.700ms
[2025-08-01T14:45:12.431+0000] GC(150) Pause Mark End 0.022ms
[2025-08-01T14:45:12.432+0000] GC(150) Concurrent Mark Free 0.002ms
[2025-08-01T14:45:12.437+0000] GC(150) Concurrent Process Non-Strong References 5.402ms
[2025-08-01T14:45:12.437+0000] GC(150) Concurrent Reset Relocation Set 0.003ms
[2025-08-01T14:45:12.441+0000] GC(150) Concurrent Select Relocation Set 3.383ms
[2025-08-01T14:45:12.441+0000] GC(150) Pause Relocate Start 0.016ms
[2025-08-01T14:45:12.443+0000] GC(150) Concurrent Relocate 1.793ms
[2025-08-01T14:45:12.443+0000] GC(150) Heap after GC invocations=151 (full 151):
[2025-08-01T14:45:12.443+0000] GC(150)  ZHeap           used 1356M, capacity 4096M, max capacity 4096M
[2025-08-01T14:45:12.443+0000] GC(150)  Metaspace       used 10643K, committed 10880K, reserved 1114112K
[2025-08-01T14:45:12.443+0000] GC(150)   class space    used 1265K, committed 1344K, reserved 1048576K
[2025-08-01T14:45:12.444+0000] GC(150) Load: 1.68/0.61/0.27
[2025-08-01T14:45:12.444+0000] GC(150) MMU: 2ms/90.0%, 5ms/96.0%, 10ms/97.9%, 20ms/98.9%, 50ms/99.6%, 100ms/99.8%
[2025-08-01T14:45:12.444+0000] GC(150) Mark: 2 stripe(s), 2 proactive flush(es), 1 terminate flush(es), 0 completion(s), 0 continuation(s) 
[2025-08-01T14:45:12.444+0000] GC(150) Mark Stack Usage: 32M
[2025-08-01T14:45:12.444+0000] GC(150) NMethods: 1415 registered, 180 unregistered
[2025-08-01T14:45:12.444+0000] GC(150) Metaspace: 10M used, 10M committed, 1088M reserved
[2025-08-01T14:45:12.444+0000] GC(150) Soft: 228 encountered, 0 discovered, 0 enqueued
[2025-08-01T14:45:12.444+0000] GC(150) Weak: 934 encountered, 679 discovered, 0 enqueued
[2025-08-01T14:45:12.444+0000] GC(150) Final: 0 encountered, 0 discovered, 0 enqueued
[2025-08-01T14:45:12.444+0000] GC(150) Phantom: 3 encountered, 1 discovered, 0 enqueued
[2025-08-01T14:45:12.444+0000] GC(150) Small Pages: 1305 / 2610M, Empty: 2012M, Relocated: 5M, In-Place: 0
[2025-08-01T14:45:12.444+0000] GC(150) Medium Pages: 1 / 32M, Empty: 0M, Relocated: 0M, In-Place: 0
[2025-08-01T14:45:12.444+0000] GC(150) Large Pages: 0 / 0M, Empty: 0M, Relocated: 0M, In-Place: 0
[2025-08-01T14:45:12.444+0000] GC(150) Forwarding Usage: 0M
[2025-08-01T14:45:12.444+0000] GC(150) Min Capacity: 4096M(100%)
[2025-08-01T14:45:12.444+0000] GC(150) Max Capacity: 4096M(100%)
[2025-08-01T14:45:12.444+0000] GC(150) Soft Max Capacity: 4096M(100%)
[2025-08-01T14:45:12.444+0000] GC(150)                Mark Start          Mark End        Relocate Start      Relocate End           High               Low         
[2025-08-01T14:45:12.444+0000] GC(150)  Capacity:     4096M (100%)       4096M (100%)       4096M (100%)       4096M (100%)       4096M (100%)       4096M (100%)   
[2025-08-01T14:45:12.444+0000] GC(150)      Free:     1454M (35%)         798M (19%)        2736M (67%)        2740M (67%)        2744M (67%)         744M (18%)    
[2025-08-01T14:45:12.444+0000] GC(150)      Used:     2642M (65%)        3298M (81%)        1360M (33%)        1356M (33%)        3352M (82%)        1352M (33%)    
[2025-08-01T14:45:12.444+0000] GC(150)      Live:         -               579M (14%)         579M (14%)         579M (14%)            -                  -          
[2025-08-01T14:45:12.444+0000] GC(150) Allocated:         -               656M (16%)         730M (18%)         738M (18%)            -                  -          
[2025-08-01T14:45:12.444+0000] GC(150)   Garbage:         -              2062M (50%)          50M (1%)           38M (1%)             -                  -          
[2025-08-01T14:45:12.444+0000] GC(150) Reclaimed:         -                  -              2012M (49%)        2024M (49%)            -                  -          
[2025-08-01T14:45:12.444+0000] GC(150) Garbage Collection (Allocation Rate) 2642M(65%)->1356M(33%)
[2025-08-01T14:45:12.793+0000] GC(151) Heap before GC invocations=151 (full 151):
[2025-08-01T14:45:12.793+0000] GC(151)  ZHeap           used 2858M, capacity 4096M, max capacity 4096M
[2025-08-01T14:45:12.793+0000] GC(151)  Metaspace       used 10643K, committed 10880K, reserved 1114112K
[2025-08-01T14:45:12.793+0000] GC(151)   class space    used 1265K, committed 1344K, reserved 1048576K
[2025-08-01T14:45:12.793+0000] GC(151) Garbage Collection (Allocation Rate)
[2025-08-01T14:45:12.793+0000] GC(151) Using 2 workers
[2025-08-01T14:45:12.794+0000] GC(151) Pause Mark Start 0.016ms
[2025-08-01T14:45:12.951+0000] GC(151) Concurrent Mark 157.078ms
[2025-08-01T14:45:12.951+0000] GC(151) Pause Mark End 0.023ms
[2025-08-01T14:45:12.952+0000] GC(151) Concurrent Mark Free 0.001ms
[2025-08-01T14:45:12.956+0000] GC(151) Concurrent Process Non-Strong References 4.369ms
[2025-08-01T14:45:12.956+0000] GC(151) Concurrent Reset Relocation Set 0.004ms
[2025-08-01T14:45:12.961+0000] GC(151) Concurrent Select Relocation Set 5.069ms
[2025-08-01T14:45:12.961+0000] GC(151) Pause Relocate Start 0.013ms
[2025-08-01T14:45:12.963+0000] GC(151) Concurrent Relocate 1.040ms
[2025-08-01T14:45:12.963+0000] GC(151) Heap after GC invocations=152 (full 152):
[2025-08-01T14:45:12.963+0000] GC(151)  ZHeap           used 1520M, capacity 4096M, max capacity 4096M
[2025-08-01T14:45:12.963+0000] GC(151)  Metaspace       used 10643K, committed 10880K, reserved 1114112K
[2025-08-01T14:45:12.963+0000] GC(151)   class space    used 1265K, committed 1344K, reserved 1048576K
[2025-08-01T14:45:12.963+0000] GC(151) Load: 1.68/0.61/0.27
[2025-08-01T14:45:12.963+0000] GC(151) MMU: 2ms/90.0%, 5ms/96.0%, 10ms/97.9%, 20ms/98.9%, 50ms/99.6%, 100ms/99.8%
[2025-08-01T14:45:12.963+0000] GC(151) Mark: 2 stripe(s), 2 proactive flush(es), 1 terminate flush(es), 0 completion(s), 0 continuation(s) 
[2025-08-01T14:45:12.963+0000] GC(151) Mark Stack Usage: 32M
[2025-08-01T14:45:12.963+0000] GC(151) NMethods: 1415 registered, 180 unregistered
[2025-08-01T14:45:12.963+0000] GC(151) Metaspace: 10M used, 10M committed, 1088M reserved
[2025-08-01T14:45:12.963+0000] GC(151) Soft: 228 encountered, 0 discovered, 0 enqueued
[2025-08-01T14:45:12.963+0000] GC(151) Weak: 934 encountered, 702 discovered, 0 enqueued
[2025-08-01T14:45:12.963+0000] GC(151) Final: 0 encountered, 0 discovered, 0 enqueued
[2025-08-01T14:45:12.963+0000] GC(151) Phantom: 3 encountered, 1 discovered, 0 enqueued
[2025-08-01T14:45:12.963+0000] GC(151) Small Pages: 1413 / 2826M, Empty: 2126M, Relocated: 2M, In-Place: 0
[2025-08-01T14:45:12.963+0000] GC(151) Medium Pages: 1 / 32M, Empty: 0M, Relocated: 0M, In-Place: 0
[2025-08-01T14:45:12.963+0000] GC(151) Large Pages: 0 / 0M, Empty: 0M, Relocated: 0M, In-Place: 0
[2025-08-01T14:45:12.963+0000] GC(151) Forwarding Usage: 0M
[2025-08-01T14:45:12.963+0000] GC(151) Min Capacity: 4096M(100%)
[2025-08-01T14:45:12.963+0000] GC(151) Max Capacity: 4096M(100%)
[2025-08-01T14:45:12.963+0000] GC(151) Soft Max Capacity: 4096M(100%)
[2025-08-01T14:45:12.963+0000] GC(151)                Mark Start          Mark End        Relocate Start      Relocate End           High               Low         
[2025-08-01T14:45:12.963+0000] GC(151)  Capacity:     4096M (100%)       4096M (100%)       4096M (100%)       4096M (100%)       4096M (100%)       4096M (100%)   
[2025-08-01T14:45:12.963+0000] GC(151)      Free:     1238M (30%)         438M (11%)        2564M (63%)        2576M (63%)        2576M (63%)         438M (11%)    
[2025-08-01T14:45:12.963+0000] GC(151)      Used:     2858M (70%)        3658M (89%)        1532M (37%)        1520M (37%)        3658M (89%)        1520M (37%)    
[2025-08-01T14:45:12.963+0000] GC(151)      Live:         -               681M (17%)         681M (17%)         681M (17%)            -                  -          
[2025-08-01T14:45:12.963+0000] GC(151) Allocated:         -               800M (20%)         800M (20%)         800M (20%)            -                  -          
[2025-08-01T14:45:12.963+0000] GC(151)   Garbage:         -              2176M (53%)          50M (1%)           38M (1%)             -                  -          
[2025-08-01T14:45:12.963+0000] GC(151) Reclaimed:         -                  -              2126M (52%)        2138M (52%)            -                  -          
[2025-08-01T14:45:12.963+0000] GC(151) Garbage Collection (Allocation Rate) 2858M(70%)->1520M(37%)
[2025-08-01T14:45:13.194+0000] GC(152) Heap before GC invocations=152 (full 152):
[2025-08-01T14:45:13.194+0000] GC(152)  ZHeap           used 2624M, capacity 4096M, max capacity 4096M
[2025-08-01T14:45:13.194+0000] GC(152)  Metaspace       used 10643K, committed 10880K, reserved 1114112K
[2025-08-01T14:45:13.194+0000] GC(152)   class space    used 1265K, committed 1344K, reserved 1048576K
[2025-08-01T14:45:13.194+0000] GC(152) Garbage Collection (Allocation Rate)
[2025-08-01T14:45:13.194+0000] GC(152) Using 2 workers
[2025-08-01T14:45:13.194+0000] GC(152) Pause Mark Start 0.009ms
[2025-08-01T14:45:13.330+0000] GC(152) Concurrent Mark 135.761ms
[2025-08-01T14:45:13.331+0000] GC(152) Pause Mark End 0.018ms
[2025-08-01T14:45:13.331+0000] GC(152) Concurrent Mark Free 0.002ms
[2025-08-01T14:45:13.335+0000] GC(152) Concurrent Process Non-Strong References 4.474ms
[2025-08-01T14:45:13.336+0000] GC(152) Concurrent Reset Relocation Set 0.003ms
[2025-08-01T14:45:13.338+0000] GC(152) Concurrent Select Relocation Set 2.841ms
[2025-08-01T14:45:13.339+0000] GC(152) Pause Relocate Start 0.013ms
[2025-08-01T14:45:13.342+0000] GC(152) Concurrent Relocate 2.097ms
[2025-08-01T14:45:13.342+0000] GC(152) Heap after GC invocations=153 (full 153):
[2025-08-01T14:45:13.342+0000] GC(152)  ZHeap           used 1314M, capacity 4096M, max capacity 4096M
[2025-08-01T14:45:13.342+0000] GC(152)  Metaspace       used 10643K, committed 10880K, reserved 1114112K
[2025-08-01T14:45:13.342+0000] GC(152)   class space    used 1265K, committed 1344K, reserved 1048576K
[2025-08-01T14:45:13.342+0000] GC(152) Load: 1.68/0.61/0.27
[2025-08-01T14:45:13.342+0000] GC(152) MMU: 2ms/90.0%, 5ms/96.0%, 10ms/97.9%, 20ms/98.9%, 50ms/99.6%, 100ms/99.8%
[2025-08-01T14:45:13.342+0000] GC(152) Mark: 2 stripe(s), 2 proactive flush(es), 1 terminate flush(es), 0 completion(s), 0 continuation(s) 
[2025-08-01T14:45:13.342+0000] GC(152) Mark Stack Usage: 32M
[2025-08-01T14:45:13.342+0000] GC(152) NMethods: 1415 registered, 180 unregistered
[2025-08-01T14:45:13.342+0000] GC(152) Metaspace: 10M used, 10M committed, 1088M reserved
[2025-08-01T14:45:13.342+0000] GC(152) Soft: 228 encountered, 0 discovered, 0 enqueued
[2025-08-01T14:45:13.342+0000] GC(152) Weak: 934 encountered, 727 discovered, 0 enqueued
[2025-08-01T14:45:13.342+0000] GC(152) Final: 0 encountered, 0 discovered, 0 enqueued
[2025-08-01T14:45:13.342+0000] GC(152) Phantom: 3 encountered, 1 discovered, 0 enqueued
[2025-08-01T14:45:13.342+0000] GC(152) Small Pages: 1296 / 2592M, Empty: 2010M, Relocated: 3M, In-Place: 0
[2025-08-01T14:45:13.342+0000] GC(152) Medium Pages: 1 / 32M, Empty: 0M, Relocated: 0M, In-Place: 0
[2025-08-01T14:45:13.342+0000] GC(152) Large Pages: 0 / 0M, Empty: 0M, Relocated: 0M, In-Place: 0
[2025-08-01T14:45:13.342+0000] GC(152) Forwarding Usage: 0M
[2025-08-01T14:45:13.342+0000] GC(152) Min Capacity: 4096M(100%)
[2025-08-01T14:45:13.342+0000] GC(152) Max Capacity: 4096M(100%)
[2025-08-01T14:45:13.342+0000] GC(152) Soft Max Capacity: 4096M(100%)
[2025-08-01T14:45:13.342+0000] GC(152)                Mark Start          Mark End        Relocate Start      Relocate End           High               Low         
[2025-08-01T14:45:13.342+0000] GC(152)  Capacity:     4096M (100%)       4096M (100%)       4096M (100%)       4096M (100%)       4096M (100%)       4096M (100%)   
[2025-08-01T14:45:13.342+0000] GC(152)      Free:     1472M (36%)         846M (21%)        2786M (68%)        2782M (68%)        2790M (68%)         804M (20%)    
[2025-08-01T14:45:13.342+0000] GC(152)      Used:     2624M (64%)        3250M (79%)        1310M (32%)        1314M (32%)        3292M (80%)        1306M (32%)    
[2025-08-01T14:45:13.342+0000] GC(152)      Live:         -               568M (14%)         568M (14%)         568M (14%)            -                  -          
[2025-08-01T14:45:13.342+0000] GC(152) Allocated:         -               626M (15%)         696M (17%)         710M (17%)            -                  -          
[2025-08-01T14:45:13.342+0000] GC(152)   Garbage:         -              2055M (50%)          45M (1%)           35M (1%)             -                  -          
[2025-08-01T14:45:13.342+0000] GC(152) Reclaimed:         -                  -              2010M (49%)        2020M (49%)            -                  -          
[2025-08-01T14:45:13.342+0000] GC(152) Garbage Collection (Allocation Rate) 2624M(64%)->1314M(32%)
[2025-08-01T14:45:13.693+0000] GC(153) Heap before GC invocations=153 (full 153):
[2025-08-01T14:45:13.694+0000] GC(153)  ZHeap           used 2948M, capacity 4096M, max capacity 4096M
[2025-08-01T14:45:13.694+0000] GC(153)  Metaspace       used 10643K, committed 10880K, reserved 1114112K
[2025-08-01T14:45:13.694+0000] GC(153)   class space    used 1265K, committed 1344K, reserved 1048576K
[2025-08-01T14:45:13.694+0000] GC(153) Garbage Collection (Allocation Rate)
[2025-08-01T14:45:13.694+0000] GC(153) Using 2 workers
[2025-08-01T14:45:13.694+0000] === Garbage Collection Statistics =======================================================================================================================
[2025-08-01T14:45:13.695+0000]                                                              Last 10s              Last 10m              Last 10h                Total
[2025-08-01T14:45:13.695+0000]                                                              Avg / Max             Avg / Max             Avg / Max             Avg / Max
[2025-08-01T14:45:13.695+0000]   Collector: Garbage Collection Cycle                    143.072 / 219.432     148.392 / 346.825     148.392 / 346.825     148.392 / 346.825     ms
[2025-08-01T14:45:13.695+0000]  Contention: Mark Segment Reset Contention                     0 / 1                 0 / 2                 0 / 2                 0 / 2           ops/s
[2025-08-01T14:45:13.695+0000]  Contention: Mark SeqNum Reset Contention                      0 / 0                 0 / 1                 0 / 1                 0 / 1           ops/s
[2025-08-01T14:45:13.695+0000]    Critical: Allocation Stall                                  0 / 0                 0 / 0                 0 / 0                 0 / 0           ops/s
[2025-08-01T14:45:13.695+0000]    Critical: Allocation Stall                              0.000 / 0.000         0.000 / 0.000         0.000 / 0.000         0.000 / 0.000       ms
[2025-08-01T14:45:13.695+0000]    Critical: GC Locker Stall                                   0 / 0                 0 / 0                 0 / 0                 0 / 0           ops/s
[2025-08-01T14:45:13.695+0000]    Critical: GC Locker Stall                               0.000 / 0.000         0.000 / 0.000         0.000 / 0.000         0.000 / 0.000       ms
[2025-08-01T14:45:13.695+0000]    Critical: Relocation Stall                                  0 / 0                 0 / 0                 0 / 0                 0 / 0           ops/s
[2025-08-01T14:45:13.695+0000]    Critical: Relocation Stall                              0.000 / 0.000         0.000 / 0.000         0.000 / 0.000         0.000 / 0.000       ms
[2025-08-01T14:45:13.695+0000]      Memory: Allocation Rate                                4795 / 5116           4511 / 5128           4511 / 5128           4511 / 5128        MB/s
[2025-08-01T14:45:13.695+0000]      Memory: Defragment                                        0 / 0                 0 / 0                 0 / 0                 0 / 0           ops/s
[2025-08-01T14:45:13.695+0000]      Memory: Out Of Memory                                     0 / 0                 0 / 0                 0 / 0                 0 / 0           ops/s
[2025-08-01T14:45:13.695+0000]      Memory: Page Cache Flush                                  0 / 0                 0 / 0                 0 / 0                 0 / 0           MB/s
[2025-08-01T14:45:13.695+0000]      Memory: Page Cache Hit L1                              2405 / 2566           2229 / 2578           2229 / 2578           2229 / 2578        ops/s
[2025-08-01T14:45:13.695+0000]      Memory: Page Cache Hit L2                                 0 / 0                 0 / 0                 0 / 0                 0 / 0           ops/s
[2025-08-01T14:45:13.695+0000]      Memory: Page Cache Hit L3                                 0 / 0                29 / 551              29 / 551              29 / 551         ops/s
[2025-08-01T14:45:13.695+0000]      Memory: Page Cache Miss                                   0 / 0                 0 / 1                 0 / 1                 0 / 1           ops/s
[2025-08-01T14:45:13.695+0000]      Memory: Uncommit                                          0 / 0                 0 / 0                 0 / 0                 0 / 0           MB/s
[2025-08-01T14:45:13.695+0000]      Memory: Undo Object Allocation Failed                     0 / 0                 0 / 3                 0 / 3                 0 / 3           ops/s
[2025-08-01T14:45:13.695+0000]      Memory: Undo Object Allocation Succeeded                  0 / 0                 0 / 3                 0 / 3                 0 / 3           ops/s
[2025-08-01T14:45:13.695+0000]      Memory: Undo Page Allocation                              0 / 0                 0 / 1                 0 / 1                 0 / 1           ops/s
[2025-08-01T14:45:13.695+0000]       Phase: Concurrent Mark                             132.611 / 207.906     135.958 / 335.006     135.958 / 335.006     135.958 / 335.006     ms
[2025-08-01T14:45:13.695+0000]       Phase: Concurrent Mark Continue                      0.000 / 0.000         0.000 / 0.000         0.000 / 0.000         0.000 / 0.000       ms
[2025-08-01T14:45:13.695+0000]       Phase: Concurrent Mark Free                          0.001 / 0.003         0.002 / 0.005         0.002 / 0.005         0.002 / 0.005       ms
[2025-08-01T14:45:13.695+0000]       Phase: Concurrent Process Non-Strong References      3.366 / 7.286         3.797 / 11.932        3.797 / 11.932        3.797 / 11.932      ms
[2025-08-01T14:45:13.695+0000]       Phase: Concurrent Relocate                           1.512 / 3.097         2.411 / 16.307        2.411 / 16.307        2.411 / 16.307      ms
[2025-08-01T14:45:13.695+0000]       Phase: Concurrent Reset Relocation Set               0.005 / 0.049         0.003 / 0.049         0.003 / 0.049         0.003 / 0.049       ms
[2025-08-01T14:45:13.696+0000]       Phase: Concurrent Select Relocation Set              3.645 / 5.603         3.760 / 16.702        3.760 / 16.702        3.760 / 16.702      ms
[2025-08-01T14:45:13.696+0000]       Phase: Pause Mark End                                0.022 / 0.090         0.023 / 0.200         0.023 / 0.200         0.023 / 0.200       ms
[2025-08-01T14:45:13.696+0000]       Phase: Pause Mark Start                              0.016 / 0.088         0.014 / 0.088         0.014 / 0.088         0.014 / 0.088       ms
[2025-08-01T14:45:13.696+0000]       Phase: Pause Relocate Start                          0.012 / 0.016         0.015 / 0.143         0.015 / 0.143         0.015 / 0.143       ms
[2025-08-01T14:45:13.696+0000]    Subphase: Concurrent Classes Purge                      0.025 / 0.042         0.030 / 0.147         0.030 / 0.147         0.030 / 0.147       ms
[2025-08-01T14:45:13.696+0000]    Subphase: Concurrent Classes Unlink                     2.260 / 5.019         2.448 / 6.492         2.448 / 6.492         2.448 / 6.492       ms
[2025-08-01T14:45:13.696+0000]    Subphase: Concurrent Mark                             131.204 / 205.992     134.474 / 334.367     134.474 / 334.367     134.474 / 334.367     ms
[2025-08-01T14:45:13.696+0000]    Subphase: Concurrent Mark Try Flush                     0.514 / 3.823         0.527 / 7.713         0.527 / 7.713         0.527 / 7.713       ms
[2025-08-01T14:45:13.696+0000]    Subphase: Concurrent Mark Try Terminate                 0.873 / 2.803         0.900 / 3.103         0.900 / 3.103         0.900 / 3.103       ms
[2025-08-01T14:45:13.696+0000]    Subphase: Concurrent References Enqueue                 0.001 / 0.001         0.001 / 0.006         0.001 / 0.006         0.001 / 0.006       ms
[2025-08-01T14:45:13.696+0000]    Subphase: Concurrent References Process                 0.315 / 0.532         0.291 / 1.271         0.291 / 1.271         0.291 / 1.271       ms
[2025-08-01T14:45:13.696+0000]    Subphase: Concurrent Roots ClassLoaderDataGraph         0.112 / 0.428         0.130 / 1.286         0.130 / 1.286         0.130 / 1.286       ms
[2025-08-01T14:45:13.696+0000]    Subphase: Concurrent Roots CodeCache                    0.000 / 0.000         0.000 / 0.000         0.000 / 0.000         0.000 / 0.000       ms
[2025-08-01T14:45:13.696+0000]    Subphase: Concurrent Roots JavaThreads                  0.096 / 0.257         0.116 / 1.222         0.116 / 1.222         0.116 / 1.222       ms
[2025-08-01T14:45:13.696+0000]    Subphase: Concurrent Roots OopStorageSet                0.029 / 0.151         0.033 / 0.238         0.033 / 0.238         0.033 / 0.238       ms
[2025-08-01T14:45:13.696+0000]    Subphase: Concurrent Weak Roots OopStorageSet           0.189 / 0.504         0.230 / 2.271         0.230 / 2.271         0.230 / 2.271       ms
[2025-08-01T14:45:13.696+0000]    Subphase: Pause Mark Try Complete                       0.000 / 0.000         0.000 / 0.000         0.000 / 0.000         0.000 / 0.000       ms
[2025-08-01T14:45:13.696+0000]      System: Java Threads                                     14 / 14               14 / 14               14 / 14               14 / 14          threads
[2025-08-01T14:45:13.696+0000] =========================================================================================================================================================
[2025-08-01T14:45:13.695+0000] GC(153) Pause Mark Start 0.019ms
[2025-08-01T14:45:13.797+0000] GC(153) Concurrent Mark 100.949ms
[2025-08-01T14:45:13.797+0000] GC(153) Pause Mark End 0.014ms
[2025-08-01T14:45:13.797+0000] GC(153) Concurrent Mark Free 0.001ms
[2025-08-01T14:45:13.800+0000] GC(153) Concurrent Process Non-Strong References 2.588ms
[2025-08-01T14:45:13.800+0000] GC(153) Concurrent Reset Relocation Set 0.002ms
[2025-08-01T14:45:13.803+0000] GC(153) Concurrent Select Relocation Set 2.971ms
[2025-08-01T14:45:13.803+0000] GC(153) Pause Relocate Start 0.010ms
[2025-08-01T14:45:13.808+0000] GC(153) Concurrent Relocate 4.881ms
[2025-08-01T14:45:13.808+0000] GC(153) Heap after GC invocations=154 (full 154):
[2025-08-01T14:45:13.808+0000] GC(153)  ZHeap           used 774M, capacity 4096M, max capacity 4096M
[2025-08-01T14:45:13.808+0000] GC(153)  Metaspace       used 10643K, committed 10880K, reserved 1114112K
[2025-08-01T14:45:13.808+0000] GC(153)   class space    used 1265K, committed 1344K, reserved 1048576K
[2025-08-01T14:45:13.808+0000] GC(153) Load: 1.68/0.61/0.27
[2025-08-01T14:45:13.808+0000] GC(153) MMU: 2ms/90.0%, 5ms/96.0%, 10ms/97.9%, 20ms/98.9%, 50ms/99.6%, 100ms/99.8%
[2025-08-01T14:45:13.808+0000] GC(153) Mark: 2 stripe(s), 2 proactive flush(es), 1 terminate flush(es), 0 completion(s), 0 continuation(s) 
[2025-08-01T14:45:13.808+0000] GC(153) Mark Stack Usage: 32M
[2025-08-01T14:45:13.808+0000] GC(153) NMethods: 1415 registered, 180 unregistered
[2025-08-01T14:45:13.808+0000] GC(153) Metaspace: 10M used, 10M committed, 1088M reserved
[2025-08-01T14:45:13.808+0000] GC(153) Soft: 228 encountered, 0 discovered, 0 enqueued
[2025-08-01T14:45:13.808+0000] GC(153) Weak: 934 encountered, 668 discovered, 0 enqueued
[2025-08-01T14:45:13.808+0000] GC(153) Final: 0 encountered, 0 discovered, 0 enqueued
[2025-08-01T14:45:13.808+0000] GC(153) Phantom: 3 encountered, 1 discovered, 0 enqueued
[2025-08-01T14:45:13.808+0000] GC(153) Small Pages: 1458 / 2916M, Empty: 2572M, Relocated: 13M, In-Place: 0
[2025-08-01T14:45:13.808+0000] GC(153) Medium Pages: 1 / 32M, Empty: 0M, Relocated: 0M, In-Place: 0
[2025-08-01T14:45:13.808+0000] GC(153) Large Pages: 0 / 0M, Empty: 0M, Relocated: 0M, In-Place: 0
[2025-08-01T14:45:13.808+0000] GC(153) Forwarding Usage: 0M
[2025-08-01T14:45:13.808+0000] GC(153) Min Capacity: 4096M(100%)
[2025-08-01T14:45:13.808+0000] GC(153) Max Capacity: 4096M(100%)
[2025-08-01T14:45:13.808+0000] GC(153) Soft Max Capacity: 4096M(100%)
[2025-08-01T14:45:13.808+0000] GC(153)                Mark Start          Mark End        Relocate Start      Relocate End           High               Low         
[2025-08-01T14:45:13.808+0000] GC(153)  Capacity:     4096M (100%)       4096M (100%)       4096M (100%)       4096M (100%)       4096M (100%)       4096M (100%)   
[2025-08-01T14:45:13.808+0000] GC(153)      Free:     1148M (28%)         728M (18%)        3300M (81%)        3322M (81%)        3326M (81%)         728M (18%)    
[2025-08-01T14:45:13.808+0000] GC(153)      Used:     2948M (72%)        3368M (82%)         796M (19%)         774M (19%)        3368M (82%)         770M (19%)    
[2025-08-01T14:45:13.808+0000] GC(153)      Live:         -               300M (7%)          300M (7%)          300M (7%)             -                  -          
[2025-08-01T14:45:13.808+0000] GC(153) Allocated:         -               420M (10%)         420M (10%)         430M (10%)            -                  -          
[2025-08-01T14:45:13.808+0000] GC(153)   Garbage:         -              2647M (65%)          75M (2%)           43M (1%)             -                  -          
[2025-08-01T14:45:13.808+0000] GC(153) Reclaimed:         -                  -              2572M (63%)        2604M (64%)            -                  -          
[2025-08-01T14:45:13.808+0000] GC(153) Garbage Collection (Allocation Rate) 2948M(72%)->774M(19%)
[2025-08-01T14:45:14.193+0000] GC(154) Heap before GC invocations=154 (full 154):
[2025-08-01T14:45:14.193+0000] GC(154)  ZHeap           used 2736M, capacity 4096M, max capacity 4096M
[2025-08-01T14:45:14.193+0000] GC(154)  Metaspace       used 10643K, committed 10880K, reserved 1114112K
[2025-08-01T14:45:14.193+0000] GC(154)   class space    used 1265K, committed 1344K, reserved 1048576K
[2025-08-01T14:45:14.193+0000] GC(154) Garbage Collection (Allocation Rate)
[2025-08-01T14:45:14.193+0000] GC(154) Using 2 workers
[2025-08-01T14:45:14.193+0000] GC(154) Pause Mark Start 0.015ms
[2025-08-01T14:45:14.293+0000] GC(154) Concurrent Mark 99.435ms
[2025-08-01T14:45:14.294+0000] GC(154) Pause Mark End 0.022ms
[2025-08-01T14:45:14.294+0000] GC(154) Concurrent Mark Free 0.001ms
[2025-08-01T14:45:14.298+0000] GC(154) Concurrent Process Non-Strong References 3.587ms
[2025-08-01T14:45:14.298+0000] GC(154) Concurrent Reset Relocation Set 0.003ms
[2025-08-01T14:45:14.301+0000] GC(154) Concurrent Select Relocation Set 2.624ms
[2025-08-01T14:45:14.301+0000] GC(154) Pause Relocate Start 0.013ms
[2025-08-01T14:45:14.302+0000] GC(154) Concurrent Relocate 1.050ms
[2025-08-01T14:45:14.302+0000] GC(154) Heap after GC invocations=155 (full 155):
[2025-08-01T14:45:14.302+0000] GC(154)  ZHeap           used 1100M, capacity 4096M, max capacity 4096M
[2025-08-01T14:45:14.302+0000] GC(154)  Metaspace       used 10643K, committed 10880K, reserved 1114112K
[2025-08-01T14:45:14.302+0000] GC(154)   class space    used 1265K, committed 1344K, reserved 1048576K
[2025-08-01T14:45:14.302+0000] GC(154) Load: 1.68/0.61/0.27
[2025-08-01T14:45:14.302+0000] GC(154) MMU: 2ms/90.0%, 5ms/96.0%, 10ms/97.9%, 20ms/98.9%, 50ms/99.6%, 100ms/99.8%
[2025-08-01T14:45:14.302+0000] GC(154) Mark: 2 stripe(s), 2 proactive flush(es), 1 terminate flush(es), 0 completion(s), 0 continuation(s) 
[2025-08-01T14:45:14.302+0000] GC(154) Mark Stack Usage: 32M
[2025-08-01T14:45:14.302+0000] GC(154) NMethods: 1415 registered, 180 unregistered
[2025-08-01T14:45:14.302+0000] GC(154) Metaspace: 10M used, 10M committed, 1088M reserved
[2025-08-01T14:45:14.302+0000] GC(154) Soft: 228 encountered, 0 discovered, 0 enqueued
[2025-08-01T14:45:14.302+0000] GC(154) Weak: 934 encountered, 670 discovered, 0 enqueued
[2025-08-01T14:45:14.302+0000] GC(154) Final: 0 encountered, 0 discovered, 0 enqueued
[2025-08-01T14:45:14.302+0000] GC(154) Phantom: 3 encountered, 1 discovered, 0 enqueued
[2025-08-01T14:45:14.302+0000] GC(154) Small Pages: 1352 / 2704M, Empty: 2252M, Relocated: 3M, In-Place: 0
[2025-08-01T14:45:14.302+0000] GC(154) Medium Pages: 1 / 32M, Empty: 0M, Relocated: 0M, In-Place: 0
[2025-08-01T14:45:14.303+0000] GC(154) Large Pages: 0 / 0M, Empty: 0M, Relocated: 0M, In-Place: 0
[2025-08-01T14:45:14.303+0000] GC(154) Forwarding Usage: 0M
[2025-08-01T14:45:14.303+0000] GC(154) Min Capacity: 4096M(100%)
[2025-08-01T14:45:14.303+0000] GC(154) Max Capacity: 4096M(100%)
[2025-08-01T14:45:14.303+0000] GC(154) Soft Max Capacity: 4096M(100%)
[2025-08-01T14:45:14.303+0000] GC(154)                Mark Start          Mark End        Relocate Start      Relocate End           High               Low         
[2025-08-01T14:45:14.303+0000] GC(154)  Capacity:     4096M (100%)       4096M (100%)       4096M (100%)       4096M (100%)       4096M (100%)       4096M (100%)   
[2025-08-01T14:45:14.303+0000] GC(154)      Free:     1360M (33%)         768M (19%)        2990M (73%)        2996M (73%)        2996M (73%)         752M (18%)    
[2025-08-01T14:45:14.303+0000] GC(154)      Used:     2736M (67%)        3328M (81%)        1106M (27%)        1100M (27%)        3344M (82%)        1100M (27%)    
[2025-08-01T14:45:14.303+0000] GC(154)      Live:         -               437M (11%)         437M (11%)         437M (11%)            -                  -          
[2025-08-01T14:45:14.303+0000] GC(154) Allocated:         -               592M (14%)         622M (15%)         626M (15%)            -                  -          
[2025-08-01T14:45:14.303+0000] GC(154)   Garbage:         -              2298M (56%)          46M (1%)           36M (1%)             -                  -          
[2025-08-01T14:45:14.303+0000] GC(154) Reclaimed:         -                  -              2252M (55%)        2262M (55%)            -                  -          
[2025-08-01T14:45:14.303+0000] GC(154) Garbage Collection (Allocation Rate) 2736M(67%)->1100M(27%)
[2025-08-01T14:45:14.693+0000] GC(155) Heap before GC invocations=155 (full 155):
[2025-08-01T14:45:14.693+0000] GC(155)  ZHeap           used 3100M, capacity 4096M, max capacity 4096M
[2025-08-01T14:45:14.693+0000] GC(155)  Metaspace       used 10643K, committed 10880K, reserved 1114112K
[2025-08-01T14:45:14.693+0000] GC(155)   class space    used 1265K, committed 1344K, reserved 1048576K
[2025-08-01T14:45:14.693+0000] GC(155) Garbage Collection (Allocation Rate)
[2025-08-01T14:45:14.693+0000] GC(155) Using 2 workers
[2025-08-01T14:45:14.694+0000] GC(155) Pause Mark Start 0.011ms
[2025-08-01T14:45:14.833+0000] GC(155) Concurrent Mark 138.658ms
[2025-08-01T14:45:14.833+0000] GC(155) Pause Mark End 0.018ms
[2025-08-01T14:45:14.834+0000] GC(155) Concurrent Mark Free 0.002ms
[2025-08-01T14:45:14.838+0000] GC(155) Concurrent Process Non-Strong References 3.928ms
[2025-08-01T14:45:14.838+0000] GC(155) Concurrent Reset Relocation Set 0.002ms
[2025-08-01T14:45:14.840+0000] GC(155) Concurrent Select Relocation Set 2.172ms
[2025-08-01T14:45:14.840+0000] GC(155) Pause Relocate Start 0.014ms
[2025-08-01T14:45:14.842+0000] GC(155) Concurrent Relocate 2.289ms
[2025-08-01T14:45:14.842+0000] GC(155) Heap after GC invocations=156 (full 156):
[2025-08-01T14:45:14.842+0000] GC(155)  ZHeap           used 1406M, capacity 4096M, max capacity 4096M
[2025-08-01T14:45:14.843+0000] GC(155)  Metaspace       used 10643K, committed 10880K, reserved 1114112K
[2025-08-01T14:45:14.843+0000] GC(155)   class space    used 1265K, committed 1344K, reserved 1048576K
[2025-08-01T14:45:14.843+0000] GC(155) Load: 1.68/0.61/0.27
[2025-08-01T14:45:14.843+0000] GC(155) MMU: 2ms/90.0%, 5ms/96.0%, 10ms/97.9%, 20ms/98.9%, 50ms/99.6%, 100ms/99.8%
[2025-08-01T14:45:14.843+0000] GC(155) Mark: 2 stripe(s), 2 proactive flush(es), 1 terminate flush(es), 0 completion(s), 0 continuation(s) 
[2025-08-01T14:45:14.843+0000] GC(155) Mark Stack Usage: 32M
[2025-08-01T14:45:14.843+0000] GC(155) NMethods: 1415 registered, 180 unregistered
[2025-08-01T14:45:14.843+0000] GC(155) Metaspace: 10M used, 10M committed, 1088M reserved
[2025-08-01T14:45:14.843+0000] GC(155) Soft: 228 encountered, 0 discovered, 0 enqueued
[2025-08-01T14:45:14.843+0000] GC(155) Weak: 934 encountered, 686 discovered, 0 enqueued
[2025-08-01T14:45:14.843+0000] GC(155) Final: 0 encountered, 0 discovered, 0 enqueued
[2025-08-01T14:45:14.843+0000] GC(155) Phantom: 3 encountered, 1 discovered, 0 enqueued
[2025-08-01T14:45:14.843+0000] GC(155) Small Pages: 1534 / 3068M, Empty: 2426M, Relocated: 6M, In-Place: 0
[2025-08-01T14:45:14.843+0000] GC(155) Medium Pages: 1 / 32M, Empty: 0M, Relocated: 0M, In-Place: 0
[2025-08-01T14:45:14.843+0000] GC(155) Large Pages: 0 / 0M, Empty: 0M, Relocated: 0M, In-Place: 0
[2025-08-01T14:45:14.843+0000] GC(155) Forwarding Usage: 0M
[2025-08-01T14:45:14.843+0000] GC(155) Min Capacity: 4096M(100%)
[2025-08-01T14:45:14.843+0000] GC(155) Max Capacity: 4096M(100%)
[2025-08-01T14:45:14.843+0000] GC(155) Soft Max Capacity: 4096M(100%)
[2025-08-01T14:45:14.843+0000] GC(155)                Mark Start          Mark End        Relocate Start      Relocate End           High               Low         
[2025-08-01T14:45:14.843+0000] GC(155)  Capacity:     4096M (100%)       4096M (100%)       4096M (100%)       4096M (100%)       4096M (100%)       4096M (100%)   
[2025-08-01T14:45:14.843+0000] GC(155)      Free:      996M (24%)         280M (7%)         2680M (65%)        2690M (66%)        2690M (66%)         258M (6%)     
[2025-08-01T14:45:14.843+0000] GC(155)      Used:     3100M (76%)        3816M (93%)        1416M (35%)        1406M (34%)        3838M (94%)        1406M (34%)    
[2025-08-01T14:45:14.843+0000] GC(155)      Live:         -               628M (15%)         628M (15%)         628M (15%)            -                  -          
[2025-08-01T14:45:14.843+0000] GC(155) Allocated:         -               716M (17%)         742M (18%)         742M (18%)            -                  -          
[2025-08-01T14:45:14.843+0000] GC(155)   Garbage:         -              2471M (60%)          45M (1%)           35M (1%)             -                  -          
[2025-08-01T14:45:14.843+0000] GC(155) Reclaimed:         -                  -              2426M (59%)        2436M (59%)            -                  -          
[2025-08-01T14:45:14.843+0000] GC(155) Garbage Collection (Allocation Rate) 3100M(76%)->1406M(34%)
[2025-08-01T14:45:15.094+0000] GC(156) Heap before GC invocations=156 (full 156):
[2025-08-01T14:45:15.094+0000] GC(156)  ZHeap           used 2632M, capacity 4096M, max capacity 4096M
[2025-08-01T14:45:15.094+0000] GC(156)  Metaspace       used 10643K, committed 10880K, reserved 1114112K
[2025-08-01T14:45:15.094+0000] GC(156)   class space    used 1265K, committed 1344K, reserved 1048576K
[2025-08-01T14:45:15.094+0000] GC(156) Garbage Collection (Allocation Rate)
[2025-08-01T14:45:15.094+0000] GC(156) Using 2 workers
[2025-08-01T14:45:15.094+0000] GC(156) Pause Mark Start 0.009ms
[2025-08-01T14:45:15.241+0000] GC(156) Concurrent Mark 146.574ms
[2025-08-01T14:45:15.241+0000] GC(156) Pause Mark End 0.018ms
[2025-08-01T14:45:15.241+0000] GC(156) Concurrent Mark Free 0.001ms
[2025-08-01T14:45:15.245+0000] GC(156) Concurrent Process Non-Strong References 3.216ms
[2025-08-01T14:45:15.245+0000] GC(156) Concurrent Reset Relocation Set 0.003ms
[2025-08-01T14:45:15.249+0000] GC(156) Concurrent Select Relocation Set 4.024ms
[2025-08-01T14:45:15.249+0000] GC(156) Pause Relocate Start 0.017ms
[2025-08-01T14:45:15.252+0000] GC(156) Concurrent Relocate 2.211ms
[2025-08-01T14:45:15.252+0000] GC(156) Heap after GC invocations=157 (full 157):
[2025-08-01T14:45:15.252+0000] GC(156)  ZHeap           used 1476M, capacity 4096M, max capacity 4096M
[2025-08-01T14:45:15.252+0000] GC(156)  Metaspace       used 10643K, committed 10880K, reserved 1114112K
[2025-08-01T14:45:15.252+0000] GC(156)   class space    used 1265K, committed 1344K, reserved 1048576K
[2025-08-01T14:45:15.252+0000] GC(156) Load: 1.68/0.61/0.27
[2025-08-01T14:45:15.252+0000] GC(156) MMU: 2ms/90.0%, 5ms/96.0%, 10ms/97.9%, 20ms/98.9%, 50ms/99.6%, 100ms/99.8%
[2025-08-01T14:45:15.252+0000] GC(156) Mark: 2 stripe(s), 2 proactive flush(es), 1 terminate flush(es), 0 completion(s), 0 continuation(s) 
[2025-08-01T14:45:15.252+0000] GC(156) Mark Stack Usage: 32M
[2025-08-01T14:45:15.252+0000] GC(156) NMethods: 1415 registered, 180 unregistered
[2025-08-01T14:45:15.252+0000] GC(156) Metaspace: 10M used, 10M committed, 1088M reserved
[2025-08-01T14:45:15.252+0000] GC(156) Soft: 228 encountered, 0 discovered, 0 enqueued
[2025-08-01T14:45:15.252+0000] GC(156) Weak: 934 encountered, 700 discovered, 0 enqueued
[2025-08-01T14:45:15.252+0000] GC(156) Final: 0 encountered, 0 discovered, 0 enqueued
[2025-08-01T14:45:15.252+0000] GC(156) Phantom: 3 encountered, 1 discovered, 0 enqueued
[2025-08-01T14:45:15.252+0000] GC(156) Small Pages: 1301 / 2602M, Empty: 1914M, Relocated: 6M, In-Place: 0
[2025-08-01T14:45:15.252+0000] GC(156) Medium Pages: 1 / 32M, Empty: 0M, Relocated: 0M, In-Place: 0
[2025-08-01T14:45:15.252+0000] GC(156) Large Pages: 0 / 0M, Empty: 0M, Relocated: 0M, In-Place: 0
[2025-08-01T14:45:15.252+0000] GC(156) Forwarding Usage: 0M
[2025-08-01T14:45:15.252+0000] GC(156) Min Capacity: 4096M(100%)
[2025-08-01T14:45:15.252+0000] GC(156) Max Capacity: 4096M(100%)
[2025-08-01T14:45:15.252+0000] GC(156) Soft Max Capacity: 4096M(100%)
[2025-08-01T14:45:15.252+0000] GC(156)                Mark Start          Mark End        Relocate Start      Relocate End           High               Low         
[2025-08-01T14:45:15.252+0000] GC(156)  Capacity:     4096M (100%)       4096M (100%)       4096M (100%)       4096M (100%)       4096M (100%)       4096M (100%)   
[2025-08-01T14:45:15.252+0000] GC(156)      Free:     1462M (36%)         732M (18%)        2610M (64%)        2620M (64%)        2620M (64%)         716M (17%)    
[2025-08-01T14:45:15.252+0000] GC(156)      Used:     2634M (64%)        3364M (82%)        1486M (36%)        1476M (36%)        3380M (83%)        1476M (36%)    
[2025-08-01T14:45:15.252+0000] GC(156)      Live:         -               661M (16%)         661M (16%)         661M (16%)            -                  -          
[2025-08-01T14:45:15.252+0000] GC(156) Allocated:         -               730M (18%)         766M (19%)         776M (19%)            -                  -          
[2025-08-01T14:45:15.252+0000] GC(156)   Garbage:         -              1972M (48%)          58M (1%)           38M (1%)             -                  -          
[2025-08-01T14:45:15.252+0000] GC(156) Reclaimed:         -                  -              1914M (47%)        1934M (47%)            -                  -          
[2025-08-01T14:45:15.252+0000] GC(156) Garbage Collection (Allocation Rate) 2634M(64%)->1476M(36%)
[2025-08-01T14:45:15.494+0000] GC(157) Heap before GC invocations=157 (full 157):
[2025-08-01T14:45:15.494+0000] GC(157)  ZHeap           used 2604M, capacity 4096M, max capacity 4096M
[2025-08-01T14:45:15.494+0000] GC(157)  Metaspace       used 10643K, committed 10880K, reserved 1114112K
[2025-08-01T14:45:15.494+0000] GC(157)   class space    used 1265K, committed 1344K, reserved 1048576K
[2025-08-01T14:45:15.494+0000] GC(157) Garbage Collection (Allocation Rate)
[2025-08-01T14:45:15.494+0000] GC(157) Using 2 workers
[2025-08-01T14:45:15.494+0000] GC(157) Pause Mark Start 0.021ms
[2025-08-01T14:45:15.616+0000] GC(157) Concurrent Mark 121.608ms
[2025-08-01T14:45:15.616+0000] GC(157) Pause Mark End 0.030ms
[2025-08-01T14:45:15.617+0000] GC(157) Concurrent Mark Free 0.002ms
[2025-08-01T14:45:15.623+0000] GC(157) Concurrent Process Non-Strong References 6.313ms
[2025-08-01T14:45:15.623+0000] GC(157) Concurrent Reset Relocation Set 0.007ms
[2025-08-01T14:45:15.634+0000] GC(157) Concurrent Select Relocation Set 11.141ms
[2025-08-01T14:45:15.635+0000] GC(157) Pause Relocate Start 0.034ms
[2025-08-01T14:45:15.641+0000] GC(157) Concurrent Relocate 5.306ms
[2025-08-01T14:45:15.641+0000] GC(157) Heap after GC invocations=158 (full 158):
[2025-08-01T14:45:15.641+0000] GC(157)  ZHeap           used 1100M, capacity 4096M, max capacity 4096M
[2025-08-01T14:45:15.641+0000] GC(157)  Metaspace       used 10643K, committed 10880K, reserved 1114112K
[2025-08-01T14:45:15.641+0000] GC(157)   class space    used 1265K, committed 1344K, reserved 1048576K
[2025-08-01T14:45:15.641+0000] GC(157) Load: 1.68/0.61/0.27
[2025-08-01T14:45:15.641+0000] GC(157) MMU: 2ms/90.0%, 5ms/96.0%, 10ms/97.9%, 20ms/98.9%, 50ms/99.6%, 100ms/99.8%
[2025-08-01T14:45:15.641+0000] GC(157) Mark: 2 stripe(s), 2 proactive flush(es), 1 terminate flush(es), 0 completion(s), 0 continuation(s) 
[2025-08-01T14:45:15.641+0000] GC(157) Mark Stack Usage: 32M
[2025-08-01T14:45:15.641+0000] GC(157) NMethods: 1415 registered, 180 unregistered
[2025-08-01T14:45:15.641+0000] GC(157) Metaspace: 10M used, 10M committed, 1088M reserved
[2025-08-01T14:45:15.641+0000] GC(157) Soft: 228 encountered, 0 discovered, 0 enqueued
[2025-08-01T14:45:15.641+0000] GC(157) Weak: 934 encountered, 703 discovered, 0 enqueued
[2025-08-01T14:45:15.641+0000] GC(157) Final: 0 encountered, 0 discovered, 0 enqueued
[2025-08-01T14:45:15.641+0000] GC(157) Phantom: 3 encountered, 1 discovered, 0 enqueued
[2025-08-01T14:45:15.641+0000] GC(157) Small Pages: 1286 / 2572M, Empty: 2200M, Relocated: 6M, In-Place: 0
[2025-08-01T14:45:15.641+0000] GC(157) Medium Pages: 1 / 32M, Empty: 0M, Relocated: 0M, In-Place: 0
[2025-08-01T14:45:15.641+0000] GC(157) Large Pages: 0 / 0M, Empty: 0M, Relocated: 0M, In-Place: 0
[2025-08-01T14:45:15.641+0000] GC(157) Forwarding Usage: 0M
[2025-08-01T14:45:15.641+0000] GC(157) Min Capacity: 4096M(100%)
[2025-08-01T14:45:15.641+0000] GC(157) Max Capacity: 4096M(100%)
[2025-08-01T14:45:15.641+0000] GC(157) Soft Max Capacity: 4096M(100%)
[2025-08-01T14:45:15.641+0000] GC(157)                Mark Start          Mark End        Relocate Start      Relocate End           High               Low         
[2025-08-01T14:45:15.641+0000] GC(157)  Capacity:     4096M (100%)       4096M (100%)       4096M (100%)       4096M (100%)       4096M (100%)       4096M (100%)   
[2025-08-01T14:45:15.641+0000] GC(157)      Free:     1492M (36%)         928M (23%)        3000M (73%)        2998M (73%)        3050M (74%)         876M (21%)    
[2025-08-01T14:45:15.641+0000] GC(157)      Used:     2604M (64%)        3168M (77%)        1096M (27%)        1098M (27%)        3220M (79%)        1046M (26%)    
[2025-08-01T14:45:15.641+0000] GC(157)      Live:         -               353M (9%)          353M (9%)          353M (9%)             -                  -          
[2025-08-01T14:45:15.641+0000] GC(157) Allocated:         -               564M (14%)         692M (17%)         708M (17%)            -                  -          
[2025-08-01T14:45:15.641+0000] GC(157)   Garbage:         -              2250M (55%)          50M (1%)           36M (1%)             -                  -          
[2025-08-01T14:45:15.641+0000] GC(157) Reclaimed:         -                  -              2200M (54%)        2214M (54%)            -                  -          
[2025-08-01T14:45:15.641+0000] GC(157) Garbage Collection (Allocation Rate) 2604M(64%)->1098M(27%)
[2025-08-01T14:45:15.993+0000] GC(158) Heap before GC invocations=158 (full 158):
[2025-08-01T14:45:15.993+0000] GC(158)  ZHeap           used 2784M, capacity 4096M, max capacity 4096M
[2025-08-01T14:45:15.993+0000] GC(158)  Metaspace       used 10643K, committed 10880K, reserved 1114112K
[2025-08-01T14:45:15.993+0000] GC(158)   class space    used 1265K, committed 1344K, reserved 1048576K
[2025-08-01T14:45:15.993+0000] GC(158) Garbage Collection (Allocation Rate)
[2025-08-01T14:45:15.993+0000] GC(158) Using 2 workers
[2025-08-01T14:45:15.993+0000] GC(158) Pause Mark Start 0.016ms
[2025-08-01T14:45:16.087+0000] GC(158) Concurrent Mark 93.307ms
[2025-08-01T14:45:16.088+0000] GC(158) Pause Mark End 0.014ms
[2025-08-01T14:45:16.088+0000] GC(158) Concurrent Mark Free 0.002ms
[2025-08-01T14:45:16.093+0000] GC(158) Concurrent Process Non-Strong References 4.967ms
[2025-08-01T14:45:16.093+0000] GC(158) Concurrent Reset Relocation Set 0.003ms
[2025-08-01T14:45:16.096+0000] GC(158) Concurrent Select Relocation Set 2.413ms
[2025-08-01T14:45:16.096+0000] GC(158) Pause Relocate Start 0.013ms
[2025-08-01T14:45:16.100+0000] GC(158) Concurrent Relocate 3.637ms
[2025-08-01T14:45:16.100+0000] GC(158) Heap after GC invocations=159 (full 159):
[2025-08-01T14:45:16.100+0000] GC(158)  ZHeap           used 788M, capacity 4096M, max capacity 4096M
[2025-08-01T14:45:16.100+0000] GC(158)  Metaspace       used 10643K, committed 10880K, reserved 1114112K
[2025-08-01T14:45:16.100+0000] GC(158)   class space    used 1265K, committed 1344K, reserved 1048576K
[2025-08-01T14:45:16.100+0000] GC(158) Load: 1.68/0.61/0.27
[2025-08-01T14:45:16.100+0000] GC(158) MMU: 2ms/90.0%, 5ms/96.0%, 10ms/97.9%, 20ms/98.9%, 50ms/99.6%, 100ms/99.8%
[2025-08-01T14:45:16.100+0000] GC(158) Mark: 2 stripe(s), 2 proactive flush(es), 1 terminate flush(es), 0 completion(s), 0 continuation(s) 
[2025-08-01T14:45:16.100+0000] GC(158) Mark Stack Usage: 32M
[2025-08-01T14:45:16.100+0000] GC(158) NMethods: 1415 registered, 180 unregistered
[2025-08-01T14:45:16.100+0000] GC(158) Metaspace: 10M used, 10M committed, 1088M reserved
[2025-08-01T14:45:16.100+0000] GC(158) Soft: 228 encountered, 0 discovered, 0 enqueued
[2025-08-01T14:45:16.100+0000] GC(158) Weak: 934 encountered, 685 discovered, 0 enqueued
[2025-08-01T14:45:16.100+0000] GC(158) Final: 0 encountered, 0 discovered, 0 enqueued
[2025-08-01T14:45:16.100+0000] GC(158) Phantom: 3 encountered, 1 discovered, 0 enqueued
[2025-08-01T14:45:16.100+0000] GC(158) Small Pages: 1376 / 2752M, Empty: 2410M, Relocated: 6M, In-Place: 0
[2025-08-01T14:45:16.100+0000] GC(158) Medium Pages: 1 / 32M, Empty: 0M, Relocated: 0M, In-Place: 0
[2025-08-01T14:45:16.100+0000] GC(158) Large Pages: 0 / 0M, Empty: 0M, Relocated: 0M, In-Place: 0
[2025-08-01T14:45:16.100+0000] GC(158) Forwarding Usage: 0M
[2025-08-01T14:45:16.100+0000] GC(158) Min Capacity: 4096M(100%)
[2025-08-01T14:45:16.100+0000] GC(158) Max Capacity: 4096M(100%)
[2025-08-01T14:45:16.100+0000] GC(158) Soft Max Capacity: 4096M(100%)
[2025-08-01T14:45:16.100+0000] GC(158)                Mark Start          Mark End        Relocate Start      Relocate End           High               Low         
[2025-08-01T14:45:16.100+0000] GC(158)  Capacity:     4096M (100%)       4096M (100%)       4096M (100%)       4096M (100%)       4096M (100%)       4096M (100%)   
[2025-08-01T14:45:16.100+0000] GC(158)      Free:     1312M (32%)         930M (23%)        3308M (81%)        3310M (81%)        3316M (81%)         912M (22%)    
[2025-08-01T14:45:16.100+0000] GC(158)      Used:     2784M (68%)        3166M (77%)         788M (19%)         786M (19%)        3184M (78%)         780M (19%)    
[2025-08-01T14:45:16.100+0000] GC(158)      Live:         -               318M (8%)          318M (8%)          318M (8%)             -                  -          
[2025-08-01T14:45:16.100+0000] GC(158) Allocated:         -               382M (9%)          414M (10%)         430M (10%)            -                  -          
[2025-08-01T14:45:16.100+0000] GC(158)   Garbage:         -              2465M (60%)          55M (1%)           37M (1%)             -                  -          
[2025-08-01T14:45:16.100+0000] GC(158) Reclaimed:         -                  -              2410M (59%)        2428M (59%)            -                  -          
[2025-08-01T14:45:16.100+0000] GC(158) Garbage Collection (Allocation Rate) 2784M(68%)->786M(19%)
[2025-08-01T14:45:16.493+0000] GC(159) Heap before GC invocations=159 (full 159):
[2025-08-01T14:45:16.493+0000] GC(159)  ZHeap           used 2690M, capacity 4096M, max capacity 4096M
[2025-08-01T14:45:16.493+0000] GC(159)  Metaspace       used 10643K, committed 10880K, reserved 1114112K
[2025-08-01T14:45:16.493+0000] GC(159)   class space    used 1265K, committed 1344K, reserved 1048576K
[2025-08-01T14:45:16.493+0000] GC(159) Garbage Collection (Allocation Rate)
[2025-08-01T14:45:16.493+0000] GC(159) Using 2 workers
[2025-08-01T14:45:16.493+0000] GC(159) Pause Mark Start 0.017ms
[2025-08-01T14:45:16.654+0000] GC(159) Concurrent Mark 160.016ms
[2025-08-01T14:45:16.654+0000] GC(159) Pause Mark End 0.013ms
[2025-08-01T14:45:16.654+0000] GC(159) Concurrent Mark Free 0.002ms
[2025-08-01T14:45:16.658+0000] GC(159) Concurrent Process Non-Strong References 3.462ms
[2025-08-01T14:45:16.658+0000] GC(159) Concurrent Reset Relocation Set 0.010ms
[2025-08-01T14:45:16.662+0000] GC(159) Concurrent Select Relocation Set 3.670ms
[2025-08-01T14:45:16.662+0000] GC(159) Pause Relocate Start 0.011ms
[2025-08-01T14:45:16.664+0000] GC(159) Concurrent Relocate 2.170ms
[2025-08-01T14:45:16.664+0000] GC(159) Heap after GC invocations=160 (full 160):
[2025-08-01T14:45:16.664+0000] GC(159)  ZHeap           used 1426M, capacity 4096M, max capacity 4096M
[2025-08-01T14:45:16.664+0000] GC(159)  Metaspace       used 10643K, committed 10880K, reserved 1114112K
[2025-08-01T14:45:16.664+0000] GC(159)   class space    used 1265K, committed 1344K, reserved 1048576K
[2025-08-01T14:45:16.664+0000] GC(159) Load: 1.71/0.64/0.28
[2025-08-01T14:45:16.664+0000] GC(159) MMU: 2ms/90.0%, 5ms/96.0%, 10ms/97.9%, 20ms/98.9%, 50ms/99.6%, 100ms/99.8%
[2025-08-01T14:45:16.664+0000] GC(159) Mark: 2 stripe(s), 2 proactive flush(es), 1 terminate flush(es), 0 completion(s), 0 continuation(s) 
[2025-08-01T14:45:16.664+0000] GC(159) Mark Stack Usage: 32M
[2025-08-01T14:45:16.664+0000] GC(159) NMethods: 1415 registered, 180 unregistered
[2025-08-01T14:45:16.664+0000] GC(159) Metaspace: 10M used, 10M committed, 1088M reserved
[2025-08-01T14:45:16.664+0000] GC(159) Soft: 228 encountered, 0 discovered, 0 enqueued
[2025-08-01T14:45:16.664+0000] GC(159) Weak: 934 encountered, 722 discovered, 0 enqueued
[2025-08-01T14:45:16.664+0000] GC(159) Final: 0 encountered, 0 discovered, 0 enqueued
[2025-08-01T14:45:16.664+0000] GC(159) Phantom: 3 encountered, 2 discovered, 0 enqueued
[2025-08-01T14:45:16.664+0000] GC(159) Small Pages: 1329 / 2658M, Empty: 2026M, Relocated: 6M, In-Place: 0
[2025-08-01T14:45:16.665+0000] GC(159) Medium Pages: 1 / 32M, Empty: 0M, Relocated: 0M, In-Place: 0
[2025-08-01T14:45:16.665+0000] GC(159) Large Pages: 0 / 0M, Empty: 0M, Relocated: 0M, In-Place: 0
[2025-08-01T14:45:16.665+0000] GC(159) Forwarding Usage: 0M
[2025-08-01T14:45:16.665+0000] GC(159) Min Capacity: 4096M(100%)
[2025-08-01T14:45:16.665+0000] GC(159) Max Capacity: 4096M(100%)
[2025-08-01T14:45:16.665+0000] GC(159) Soft Max Capacity: 4096M(100%)
[2025-08-01T14:45:16.665+0000] GC(159)                Mark Start          Mark End        Relocate Start      Relocate End           High               Low         
[2025-08-01T14:45:16.665+0000] GC(159)  Capacity:     4096M (100%)       4096M (100%)       4096M (100%)       4096M (100%)       4096M (100%)       4096M (100%)   
[2025-08-01T14:45:16.665+0000] GC(159)      Free:     1406M (34%)         682M (17%)        2668M (65%)        2672M (65%)        2676M (65%)         666M (16%)    
[2025-08-01T14:45:16.665+0000] GC(159)      Used:     2690M (66%)        3414M (83%)        1428M (35%)        1424M (35%)        3430M (84%)        1420M (35%)    
[2025-08-01T14:45:16.665+0000] GC(159)      Live:         -               613M (15%)         613M (15%)         613M (15%)            -                  -          
[2025-08-01T14:45:16.665+0000] GC(159) Allocated:         -               724M (18%)         764M (19%)         772M (19%)            -                  -          
[2025-08-01T14:45:16.665+0000] GC(159)   Garbage:         -              2076M (51%)          50M (1%)           38M (1%)             -                  -          
[2025-08-01T14:45:16.665+0000] GC(159) Reclaimed:         -                  -              2026M (49%)        2038M (50%)            -                  -          
[2025-08-01T14:45:16.665+0000] GC(159) Garbage Collection (Allocation Rate) 2690M(66%)->1424M(35%)
[2025-08-01T14:45:16.894+0000] GC(160) Heap before GC invocations=160 (full 160):
[2025-08-01T14:45:16.894+0000] GC(160)  ZHeap           used 2554M, capacity 4096M, max capacity 4096M
[2025-08-01T14:45:16.894+0000] GC(160)  Metaspace       used 10643K, committed 10880K, reserved 1114112K
[2025-08-01T14:45:16.894+0000] GC(160)   class space    used 1265K, committed 1344K, reserved 1048576K
[2025-08-01T14:45:16.894+0000] GC(160) Garbage Collection (Allocation Rate)
[2025-08-01T14:45:16.894+0000] GC(160) Using 2 workers
[2025-08-01T14:45:16.894+0000] GC(160) Pause Mark Start 0.010ms
[2025-08-01T14:45:17.075+0000] GC(160) Concurrent Mark 181.011ms
[2025-08-01T14:45:17.075+0000] GC(160) Pause Mark End 0.018ms
[2025-08-01T14:45:17.076+0000] GC(160) Concurrent Mark Free 0.001ms
[2025-08-01T14:45:17.079+0000] GC(160) Concurrent Process Non-Strong References 3.120ms
[2025-08-01T14:45:17.079+0000] GC(160) Concurrent Reset Relocation Set 0.002ms
[2025-08-01T14:45:17.082+0000] GC(160) Concurrent Select Relocation Set 3.209ms
[2025-08-01T14:45:17.082+0000] GC(160) Pause Relocate Start 0.008ms
[2025-08-01T14:45:17.084+0000] GC(160) Concurrent Relocate 1.683ms
[2025-08-01T14:45:17.084+0000] GC(160) Heap after GC invocations=161 (full 161):
[2025-08-01T14:45:17.084+0000] GC(160)  ZHeap           used 1448M, capacity 4096M, max capacity 4096M
[2025-08-01T14:45:17.084+0000] GC(160)  Metaspace       used 10643K, committed 10880K, reserved 1114112K
[2025-08-01T14:45:17.084+0000] GC(160)   class space    used 1265K, committed 1344K, reserved 1048576K
[2025-08-01T14:45:17.084+0000] GC(160) Load: 1.71/0.64/0.28
[2025-08-01T14:45:17.084+0000] GC(160) MMU: 2ms/90.0%, 5ms/96.0%, 10ms/97.9%, 20ms/98.9%, 50ms/99.6%, 100ms/99.8%
[2025-08-01T14:45:17.084+0000] GC(160) Mark: 2 stripe(s), 2 proactive flush(es), 1 terminate flush(es), 0 completion(s), 0 continuation(s) 
[2025-08-01T14:45:17.084+0000] GC(160) Mark Stack Usage: 32M
[2025-08-01T14:45:17.084+0000] GC(160) NMethods: 1415 registered, 180 unregistered
[2025-08-01T14:45:17.084+0000] GC(160) Metaspace: 10M used, 10M committed, 1088M reserved
[2025-08-01T14:45:17.084+0000] GC(160) Soft: 228 encountered, 0 discovered, 0 enqueued
[2025-08-01T14:45:17.084+0000] GC(160) Weak: 934 encountered, 708 discovered, 0 enqueued
[2025-08-01T14:45:17.084+0000] GC(160) Final: 0 encountered, 0 discovered, 0 enqueued
[2025-08-01T14:45:17.084+0000] GC(160) Phantom: 3 encountered, 1 discovered, 0 enqueued
[2025-08-01T14:45:17.084+0000] GC(160) Small Pages: 1261 / 2522M, Empty: 1830M, Relocated: 5M, In-Place: 0
[2025-08-01T14:45:17.084+0000] GC(160) Medium Pages: 1 / 32M, Empty: 0M, Relocated: 0M, In-Place: 0
[2025-08-01T14:45:17.084+0000] GC(160) Large Pages: 0 / 0M, Empty: 0M, Relocated: 0M, In-Place: 0
[2025-08-01T14:45:17.084+0000] GC(160) Forwarding Usage: 0M
[2025-08-01T14:45:17.084+0000] GC(160) Min Capacity: 4096M(100%)
[2025-08-01T14:45:17.084+0000] GC(160) Max Capacity: 4096M(100%)
[2025-08-01T14:45:17.084+0000] GC(160) Soft Max Capacity: 4096M(100%)
[2025-08-01T14:45:17.084+0000] GC(160)                Mark Start          Mark End        Relocate Start      Relocate End           High               Low         
[2025-08-01T14:45:17.084+0000] GC(160)  Capacity:     4096M (100%)       4096M (100%)       4096M (100%)       4096M (100%)       4096M (100%)       4096M (100%)   
[2025-08-01T14:45:17.084+0000] GC(160)      Free:     1542M (38%)         804M (20%)        2634M (64%)        2648M (65%)        2648M (65%)         804M (20%)    
[2025-08-01T14:45:17.084+0000] GC(160)      Used:     2554M (62%)        3292M (80%)        1462M (36%)        1448M (35%)        3292M (80%)        1448M (35%)    
[2025-08-01T14:45:17.084+0000] GC(160)      Live:         -               673M (16%)         673M (16%)         673M (16%)            -                  -          
[2025-08-01T14:45:17.084+0000] GC(160) Allocated:         -               738M (18%)         738M (18%)         738M (18%)            -                  -          
[2025-08-01T14:45:17.084+0000] GC(160)   Garbage:         -              1880M (46%)          50M (1%)           36M (1%)             -                  -          
[2025-08-01T14:45:17.084+0000] GC(160) Reclaimed:         -                  -              1830M (45%)        1844M (45%)            -                  -          
[2025-08-01T14:45:17.084+0000] GC(160) Garbage Collection (Allocation Rate) 2554M(62%)->1448M(35%)
[2025-08-01T14:45:17.294+0000] GC(161) Heap before GC invocations=161 (full 161):
[2025-08-01T14:45:17.295+0000] GC(161)  ZHeap           used 2504M, capacity 4096M, max capacity 4096M
[2025-08-01T14:45:17.295+0000] GC(161)  Metaspace       used 10643K, committed 10880K, reserved 1114112K
[2025-08-01T14:45:17.295+0000] GC(161)   class space    used 1265K, committed 1344K, reserved 1048576K
[2025-08-01T14:45:17.295+0000] GC(161) Garbage Collection (Allocation Rate)
[2025-08-01T14:45:17.295+0000] GC(161) Using 2 workers
[2025-08-01T14:45:17.296+0000] GC(161) Pause Mark Start 0.012ms
[2025-08-01T14:45:17.505+0000] GC(161) Concurrent Mark 208.779ms
[2025-08-01T14:45:17.506+0000] GC(161) Pause Mark End 0.020ms
[2025-08-01T14:45:17.506+0000] GC(161) Concurrent Mark Free 0.002ms
[2025-08-01T14:45:17.512+0000] GC(161) Concurrent Process Non-Strong References 6.159ms
[2025-08-01T14:45:17.512+0000] GC(161) Concurrent Reset Relocation Set 0.004ms
[2025-08-01T14:45:17.517+0000] GC(161) Concurrent Select Relocation Set 4.955ms
[2025-08-01T14:45:17.518+0000] GC(161) Pause Relocate Start 0.014ms
[2025-08-01T14:45:17.519+0000] GC(161) Concurrent Relocate 1.047ms
[2025-08-01T14:45:17.519+0000] GC(161) Heap after GC invocations=162 (full 162):
[2025-08-01T14:45:17.519+0000] GC(161)  ZHeap           used 1544M, capacity 4096M, max capacity 4096M
[2025-08-01T14:45:17.519+0000] GC(161)  Metaspace       used 10643K, committed 10880K, reserved 1114112K
[2025-08-01T14:45:17.519+0000] GC(161)   class space    used 1265K, committed 1344K, reserved 1048576K
[2025-08-01T14:45:17.519+0000] GC(161) Load: 1.71/0.64/0.28
[2025-08-01T14:45:17.519+0000] GC(161) MMU: 2ms/90.0%, 5ms/96.0%, 10ms/97.9%, 20ms/98.9%, 50ms/99.6%, 100ms/99.8%
[2025-08-01T14:45:17.519+0000] GC(161) Mark: 2 stripe(s), 2 proactive flush(es), 1 terminate flush(es), 0 completion(s), 0 continuation(s) 
[2025-08-01T14:45:17.519+0000] GC(161) Mark Stack Usage: 32M
[2025-08-01T14:45:17.519+0000] GC(161) NMethods: 1415 registered, 180 unregistered
[2025-08-01T14:45:17.519+0000] GC(161) Metaspace: 10M used, 10M committed, 1088M reserved
[2025-08-01T14:45:17.519+0000] GC(161) Soft: 228 encountered, 0 discovered, 0 enqueued
[2025-08-01T14:45:17.519+0000] GC(161) Weak: 934 encountered, 702 discovered, 0 enqueued
[2025-08-01T14:45:17.519+0000] GC(161) Final: 0 encountered, 0 discovered, 0 enqueued
[2025-08-01T14:45:17.519+0000] GC(161) Phantom: 3 encountered, 1 discovered, 0 enqueued
[2025-08-01T14:45:17.519+0000] GC(161) Small Pages: 1236 / 2472M, Empty: 1832M, Relocated: 2M, In-Place: 0
[2025-08-01T14:45:17.519+0000] GC(161) Medium Pages: 1 / 32M, Empty: 0M, Relocated: 0M, In-Place: 0
[2025-08-01T14:45:17.519+0000] GC(161) Large Pages: 0 / 0M, Empty: 0M, Relocated: 0M, In-Place: 0
[2025-08-01T14:45:17.519+0000] GC(161) Forwarding Usage: 0M
[2025-08-01T14:45:17.519+0000] GC(161) Min Capacity: 4096M(100%)
[2025-08-01T14:45:17.519+0000] GC(161) Max Capacity: 4096M(100%)
[2025-08-01T14:45:17.519+0000] GC(161) Soft Max Capacity: 4096M(100%)
[2025-08-01T14:45:17.519+0000] GC(161)                Mark Start          Mark End        Relocate Start      Relocate End           High               Low         
[2025-08-01T14:45:17.519+0000] GC(161)  Capacity:     4096M (100%)       4096M (100%)       4096M (100%)       4096M (100%)       4096M (100%)       4096M (100%)   
[2025-08-01T14:45:17.519+0000] GC(161)      Free:     1592M (39%)         740M (18%)        2542M (62%)        2552M (62%)        2552M (62%)         718M (18%)    
[2025-08-01T14:45:17.519+0000] GC(161)      Used:     2504M (61%)        3356M (82%)        1554M (38%)        1544M (38%)        3378M (82%)        1544M (38%)    
[2025-08-01T14:45:17.519+0000] GC(161)      Live:         -               624M (15%)         624M (15%)         624M (15%)            -                  -          
[2025-08-01T14:45:17.519+0000] GC(161) Allocated:         -               852M (21%)         882M (22%)         882M (22%)            -                  -          
[2025-08-01T14:45:17.519+0000] GC(161)   Garbage:         -              1879M (46%)          47M (1%)           37M (1%)             -                  -          
[2025-08-01T14:45:17.519+0000] GC(161) Reclaimed:         -                  -              1832M (45%)        1842M (45%)            -                  -          
[2025-08-01T14:45:17.519+0000] GC(161) Garbage Collection (Allocation Rate) 2504M(61%)->1544M(38%)
[2025-08-01T14:45:17.695+0000] GC(162) Heap before GC invocations=162 (full 162):
[2025-08-01T14:45:17.695+0000] GC(162)  ZHeap           used 2372M, capacity 4096M, max capacity 4096M
[2025-08-01T14:45:17.695+0000] GC(162)  Metaspace       used 10643K, committed 10880K, reserved 1114112K
[2025-08-01T14:45:17.695+0000] GC(162)   class space    used 1265K, committed 1344K, reserved 1048576K
[2025-08-01T14:45:17.695+0000] GC(162) Garbage Collection (Allocation Rate)
[2025-08-01T14:45:17.695+0000] GC(162) Using 2 workers
[2025-08-01T14:45:17.695+0000] GC(162) Pause Mark Start 0.009ms
[2025-08-01T14:45:17.817+0000] GC(162) Concurrent Mark 121.825ms
[2025-08-01T14:45:17.817+0000] GC(162) Pause Mark End 0.018ms
[2025-08-01T14:45:17.817+0000] GC(162) Concurrent Mark Free 0.002ms
[2025-08-01T14:45:17.821+0000] GC(162) Concurrent Process Non-Strong References 3.815ms
[2025-08-01T14:45:17.821+0000] GC(162) Concurrent Reset Relocation Set 0.002ms
[2025-08-01T14:45:17.825+0000] GC(162) Concurrent Select Relocation Set 3.958ms
[2025-08-01T14:45:17.827+0000] GC(162) Pause Relocate Start 0.014ms
[2025-08-01T14:45:17.829+0000] GC(162) Concurrent Relocate 2.284ms
[2025-08-01T14:45:17.829+0000] GC(162) Heap after GC invocations=163 (full 163):
[2025-08-01T14:45:17.829+0000] GC(162)  ZHeap           used 1232M, capacity 4096M, max capacity 4096M
[2025-08-01T14:45:17.829+0000] GC(162)  Metaspace       used 10643K, committed 10880K, reserved 1114112K
[2025-08-01T14:45:17.829+0000] GC(162)   class space    used 1265K, committed 1344K, reserved 1048576K
[2025-08-01T14:45:17.829+0000] GC(162) Load: 1.71/0.64/0.28
[2025-08-01T14:45:17.829+0000] GC(162) MMU: 2ms/90.0%, 5ms/96.0%, 10ms/97.9%, 20ms/98.9%, 50ms/99.6%, 100ms/99.8%
[2025-08-01T14:45:17.829+0000] GC(162) Mark: 2 stripe(s), 2 proactive flush(es), 1 terminate flush(es), 0 completion(s), 0 continuation(s) 
[2025-08-01T14:45:17.829+0000] GC(162) Mark Stack Usage: 32M
[2025-08-01T14:45:17.830+0000] GC(162) NMethods: 1415 registered, 180 unregistered
[2025-08-01T14:45:17.830+0000] GC(162) Metaspace: 10M used, 10M committed, 1088M reserved
[2025-08-01T14:45:17.830+0000] GC(162) Soft: 228 encountered, 0 discovered, 0 enqueued
[2025-08-01T14:45:17.830+0000] GC(162) Weak: 934 encountered, 678 discovered, 0 enqueued
[2025-08-01T14:45:17.830+0000] GC(162) Final: 0 encountered, 0 discovered, 0 enqueued
[2025-08-01T14:45:17.830+0000] GC(162) Phantom: 3 encountered, 1 discovered, 0 enqueued
[2025-08-01T14:45:17.830+0000] GC(162) Small Pages: 1170 / 2340M, Empty: 1836M, Relocated: 5M, In-Place: 0
[2025-08-01T14:45:17.830+0000] GC(162) Medium Pages: 1 / 32M, Empty: 0M, Relocated: 0M, In-Place: 0
[2025-08-01T14:45:17.830+0000] GC(162) Large Pages: 0 / 0M, Empty: 0M, Relocated: 0M, In-Place: 0
[2025-08-01T14:45:17.830+0000] GC(162) Forwarding Usage: 0M
[2025-08-01T14:45:17.830+0000] GC(162) Min Capacity: 4096M(100%)
[2025-08-01T14:45:17.830+0000] GC(162) Max Capacity: 4096M(100%)
[2025-08-01T14:45:17.830+0000] GC(162) Soft Max Capacity: 4096M(100%)
[2025-08-01T14:45:17.830+0000] GC(162)                Mark Start          Mark End        Relocate Start      Relocate End           High               Low         
[2025-08-01T14:45:17.830+0000] GC(162)  Capacity:     4096M (100%)       4096M (100%)       4096M (100%)       4096M (100%)       4096M (100%)       4096M (100%)   
[2025-08-01T14:45:17.830+0000] GC(162)      Free:     1724M (42%)        1080M (26%)        2864M (70%)        2864M (70%)        2868M (70%)        1050M (26%)    
[2025-08-01T14:45:17.830+0000] GC(162)      Used:     2372M (58%)        3016M (74%)        1232M (30%)        1232M (30%)        3046M (74%)        1228M (30%)    
[2025-08-01T14:45:17.830+0000] GC(162)      Live:         -               490M (12%)         490M (12%)         490M (12%)            -                  -          
[2025-08-01T14:45:17.830+0000] GC(162) Allocated:         -               644M (16%)         696M (17%)         704M (17%)            -                  -          
[2025-08-01T14:45:17.830+0000] GC(162)   Garbage:         -              1881M (46%)          45M (1%)           37M (1%)             -                  -          
[2025-08-01T14:45:17.830+0000] GC(162) Reclaimed:         -                  -              1836M (45%)        1844M (45%)            -                  -          
[2025-08-01T14:45:17.830+0000] GC(162) Garbage Collection (Allocation Rate) 2372M(58%)->1232M(30%)
[2025-08-01T14:45:18.094+0000] GC(163) Heap before GC invocations=163 (full 163):
[2025-08-01T14:45:18.094+0000] GC(163)  ZHeap           used 2462M, capacity 4096M, max capacity 4096M
[2025-08-01T14:45:18.094+0000] GC(163)  Metaspace       used 10643K, committed 10880K, reserved 1114112K
[2025-08-01T14:45:18.094+0000] GC(163)   class space    used 1265K, committed 1344K, reserved 1048576K
[2025-08-01T14:45:18.094+0000] GC(163) Garbage Collection (Allocation Rate)
[2025-08-01T14:45:18.094+0000] GC(163) Using 2 workers
[2025-08-01T14:45:18.094+0000] GC(163) Pause Mark Start 0.012ms
[2025-08-01T14:45:18.224+0000] GC(163) Concurrent Mark 129.913ms
[2025-08-01T14:45:18.224+0000] GC(163) Pause Mark End 0.017ms
[2025-08-01T14:45:18.225+0000] GC(163) Concurrent Mark Free 0.001ms
[2025-08-01T14:45:18.228+0000] GC(163) Concurrent Process Non-Strong References 3.355ms
[2025-08-01T14:45:18.228+0000] GC(163) Concurrent Reset Relocation Set 0.002ms
[2025-08-01T14:45:18.231+0000] GC(163) Concurrent Select Relocation Set 2.469ms
[2025-08-01T14:45:18.231+0000] GC(163) Pause Relocate Start 0.010ms
[2025-08-01T14:45:18.231+0000] GC(163) Concurrent Relocate 0.653ms
[2025-08-01T14:45:18.232+0000] GC(163) Heap after GC invocations=164 (full 164):
[2025-08-01T14:45:18.232+0000] GC(163)  ZHeap           used 1336M, capacity 4096M, max capacity 4096M
[2025-08-01T14:45:18.232+0000] GC(163)  Metaspace       used 10643K, committed 10880K, reserved 1114112K
[2025-08-01T14:45:18.232+0000] GC(163)   class space    used 1265K, committed 1344K, reserved 1048576K
[2025-08-01T14:45:18.232+0000] GC(163) Load: 1.71/0.64/0.28
[2025-08-01T14:45:18.232+0000] GC(163) MMU: 2ms/90.0%, 5ms/96.0%, 10ms/97.9%, 20ms/98.9%, 50ms/99.6%, 100ms/99.8%
[2025-08-01T14:45:18.232+0000] GC(163) Mark: 2 stripe(s), 2 proactive flush(es), 1 terminate flush(es), 0 completion(s), 0 continuation(s) 
[2025-08-01T14:45:18.232+0000] GC(163) Mark Stack Usage: 32M
[2025-08-01T14:45:18.232+0000] GC(163) NMethods: 1415 registered, 180 unregistered
[2025-08-01T14:45:18.232+0000] GC(163) Metaspace: 10M used, 10M committed, 1088M reserved
[2025-08-01T14:45:18.232+0000] GC(163) Soft: 228 encountered, 0 discovered, 0 enqueued
[2025-08-01T14:45:18.232+0000] GC(163) Weak: 934 encountered, 703 discovered, 0 enqueued
[2025-08-01T14:45:18.232+0000] GC(163) Final: 0 encountered, 0 discovered, 0 enqueued
[2025-08-01T14:45:18.232+0000] GC(163) Phantom: 3 encountered, 1 discovered, 0 enqueued
[2025-08-01T14:45:18.232+0000] GC(163) Small Pages: 1215 / 2430M, Empty: 1832M, Relocated: 1M, In-Place: 0
[2025-08-01T14:45:18.232+0000] GC(163) Medium Pages: 1 / 32M, Empty: 0M, Relocated: 0M, In-Place: 0
[2025-08-01T14:45:18.232+0000] GC(163) Large Pages: 0 / 0M, Empty: 0M, Relocated: 0M, In-Place: 0
[2025-08-01T14:45:18.232+0000] GC(163) Forwarding Usage: 0M
[2025-08-01T14:45:18.232+0000] GC(163) Min Capacity: 4096M(100%)
[2025-08-01T14:45:18.232+0000] GC(163) Max Capacity: 4096M(100%)
[2025-08-01T14:45:18.232+0000] GC(163) Soft Max Capacity: 4096M(100%)
[2025-08-01T14:45:18.232+0000] GC(163)                Mark Start          Mark End        Relocate Start      Relocate End           High               Low         
[2025-08-01T14:45:18.232+0000] GC(163)  Capacity:     4096M (100%)       4096M (100%)       4096M (100%)       4096M (100%)       4096M (100%)       4096M (100%)   
[2025-08-01T14:45:18.232+0000] GC(163)      Free:     1634M (40%)         964M (24%)        2756M (67%)        2762M (67%)        2762M (67%)         944M (23%)    
[2025-08-01T14:45:18.232+0000] GC(163)      Used:     2462M (60%)        3132M (76%)        1340M (33%)        1334M (33%)        3152M (77%)        1334M (33%)    
[2025-08-01T14:45:18.232+0000] GC(163)      Live:         -               582M (14%)         582M (14%)         582M (14%)            -                  -          
[2025-08-01T14:45:18.232+0000] GC(163) Allocated:         -               670M (16%)         710M (17%)         712M (17%)            -                  -          
[2025-08-01T14:45:18.232+0000] GC(163)   Garbage:         -              1879M (46%)          47M (1%)           39M (1%)             -                  -          
[2025-08-01T14:45:18.232+0000] GC(163) Reclaimed:         -                  -              1832M (45%)        1840M (45%)            -                  -          
[2025-08-01T14:45:18.232+0000] GC(163) Garbage Collection (Allocation Rate) 2462M(60%)->1334M(33%)
[2025-08-01T14:45:18.494+0000] GC(164) Heap before GC invocations=164 (full 164):
[2025-08-01T14:45:18.494+0000] GC(164)  ZHeap           used 2652M, capacity 4096M, max capacity 4096M
[2025-08-01T14:45:18.494+0000] GC(164)  Metaspace       used 10643K, committed 10880K, reserved 1114112K
[2025-08-01T14:45:18.494+0000] GC(164)   class space    used 1265K, committed 1344K, reserved 1048576K
[2025-08-01T14:45:18.494+0000] GC(164) Garbage Collection (Allocation Rate)
[2025-08-01T14:45:18.494+0000] GC(164) Using 2 workers
[2025-08-01T14:45:18.495+0000] GC(164) Pause Mark Start 0.011ms
[2025-08-01T14:45:18.668+0000] GC(164) Concurrent Mark 172.947ms
[2025-08-01T14:45:18.669+0000] GC(164) Pause Mark End 0.015ms
[2025-08-01T14:45:18.669+0000] GC(164) Concurrent Mark Free 0.001ms
[2025-08-01T14:45:18.673+0000] GC(164) Concurrent Process Non-Strong References 3.633ms
[2025-08-01T14:45:18.673+0000] GC(164) Concurrent Reset Relocation Set 0.003ms
[2025-08-01T14:45:18.677+0000] GC(164) Concurrent Select Relocation Set 4.308ms
[2025-08-01T14:45:18.677+0000] GC(164) Pause Relocate Start 0.014ms
[2025-08-01T14:45:18.681+0000] GC(164) Concurrent Relocate 3.273ms
[2025-08-01T14:45:18.681+0000] GC(164) Heap after GC invocations=165 (full 165):
[2025-08-01T14:45:18.681+0000] GC(164)  ZHeap           used 1712M, capacity 4096M, max capacity 4096M
[2025-08-01T14:45:18.681+0000] GC(164)  Metaspace       used 10643K, committed 10880K, reserved 1114112K
[2025-08-01T14:45:18.681+0000] GC(164)   class space    used 1265K, committed 1344K, reserved 1048576K
[2025-08-01T14:45:18.681+0000] GC(164) Load: 1.71/0.64/0.28
[2025-08-01T14:45:18.681+0000] GC(164) MMU: 2ms/90.0%, 5ms/96.0%, 10ms/97.9%, 20ms/98.9%, 50ms/99.6%, 100ms/99.8%
[2025-08-01T14:45:18.681+0000] GC(164) Mark: 2 stripe(s), 2 proactive flush(es), 1 terminate flush(es), 0 completion(s), 0 continuation(s) 
[2025-08-01T14:45:18.681+0000] GC(164) Mark Stack Usage: 32M
[2025-08-01T14:45:18.681+0000] GC(164) NMethods: 1415 registered, 180 unregistered
[2025-08-01T14:45:18.681+0000] GC(164) Metaspace: 10M used, 10M committed, 1088M reserved
[2025-08-01T14:45:18.681+0000] GC(164) Soft: 228 encountered, 0 discovered, 0 enqueued
[2025-08-01T14:45:18.681+0000] GC(164) Weak: 934 encountered, 723 discovered, 0 enqueued
[2025-08-01T14:45:18.681+0000] GC(164) Final: 0 encountered, 0 discovered, 0 enqueued
[2025-08-01T14:45:18.681+0000] GC(164) Phantom: 3 encountered, 1 discovered, 0 enqueued
[2025-08-01T14:45:18.681+0000] GC(164) Small Pages: 1310 / 2620M, Empty: 1888M, Relocated: 6M, In-Place: 0
[2025-08-01T14:45:18.681+0000] GC(164) Medium Pages: 1 / 32M, Empty: 0M, Relocated: 0M, In-Place: 0
[2025-08-01T14:45:18.681+0000] GC(164) Large Pages: 0 / 0M, Empty: 0M, Relocated: 0M, In-Place: 0
[2025-08-01T14:45:18.681+0000] GC(164) Forwarding Usage: 0M
[2025-08-01T14:45:18.681+0000] GC(164) Min Capacity: 4096M(100%)
[2025-08-01T14:45:18.681+0000] GC(164) Max Capacity: 4096M(100%)
[2025-08-01T14:45:18.681+0000] GC(164) Soft Max Capacity: 4096M(100%)
[2025-08-01T14:45:18.681+0000] GC(164)                Mark Start          Mark End        Relocate Start      Relocate End           High               Low         
[2025-08-01T14:45:18.681+0000] GC(164)  Capacity:     4096M (100%)       4096M (100%)       4096M (100%)       4096M (100%)       4096M (100%)       4096M (100%)   
[2025-08-01T14:45:18.681+0000] GC(164)      Free:     1444M (35%)         572M (14%)        2390M (58%)        2388M (58%)        2396M (58%)         540M (13%)    
[2025-08-01T14:45:18.681+0000] GC(164)      Used:     2652M (65%)        3524M (86%)        1706M (42%)        1708M (42%)        3556M (87%)        1700M (42%)    
[2025-08-01T14:45:18.681+0000] GC(164)      Live:         -               707M (17%)         707M (17%)         707M (17%)            -                  -          
[2025-08-01T14:45:18.681+0000] GC(164) Allocated:         -               872M (21%)         942M (23%)         962M (23%)            -                  -          
[2025-08-01T14:45:18.681+0000] GC(164)   Garbage:         -              1944M (47%)          56M (1%)           38M (1%)             -                  -          
[2025-08-01T14:45:18.681+0000] GC(164) Reclaimed:         -                  -              1888M (46%)        1906M (47%)            -                  -          
[2025-08-01T14:45:18.681+0000] GC(164) Garbage Collection (Allocation Rate) 2652M(65%)->1708M(42%)
[2025-08-01T14:45:18.798+0000] GC(165) Heap before GC invocations=165 (full 165):
[2025-08-01T14:45:18.798+0000] GC(165)  ZHeap           used 2218M, capacity 4096M, max capacity 4096M
[2025-08-01T14:45:18.798+0000] GC(165)  Metaspace       used 10643K, committed 10880K, reserved 1114112K
[2025-08-01T14:45:18.798+0000] GC(165)   class space    used 1265K, committed 1344K, reserved 1048576K
[2025-08-01T14:45:18.798+0000] GC(165) Garbage Collection (Allocation Rate)
[2025-08-01T14:45:18.798+0000] GC(165) Using 2 workers
[2025-08-01T14:45:18.798+0000] GC(165) Pause Mark Start 0.010ms
[2025-08-01T14:45:18.911+0000] GC(165) Concurrent Mark 110.331ms
[2025-08-01T14:45:18.912+0000] GC(165) Pause Mark End 0.019ms
[2025-08-01T14:45:18.912+0000] GC(165) Concurrent Mark Free 0.002ms
[2025-08-01T14:45:18.916+0000] GC(165) Concurrent Process Non-Strong References 3.777ms
[2025-08-01T14:45:18.916+0000] GC(165) Concurrent Reset Relocation Set 0.003ms
[2025-08-01T14:45:18.920+0000] GC(165) Concurrent Select Relocation Set 3.840ms
[2025-08-01T14:45:18.921+0000] GC(165) Pause Relocate Start 0.011ms
[2025-08-01T14:45:18.923+0000] GC(165) Concurrent Relocate 1.993ms
[2025-08-01T14:45:18.923+0000] GC(165) Heap after GC invocations=166 (full 166):
[2025-08-01T14:45:18.923+0000] GC(165)  ZHeap           used 1082M, capacity 4096M, max capacity 4096M
[2025-08-01T14:45:18.923+0000] GC(165)  Metaspace       used 10643K, committed 10880K, reserved 1114112K
[2025-08-01T14:45:18.923+0000] GC(165)   class space    used 1265K, committed 1344K, reserved 1048576K
[2025-08-01T14:45:18.923+0000] GC(165) Load: 1.71/0.64/0.28
[2025-08-01T14:45:18.923+0000] GC(165) MMU: 2ms/90.0%, 5ms/96.0%, 10ms/97.9%, 20ms/98.9%, 50ms/99.6%, 100ms/99.8%
[2025-08-01T14:45:18.923+0000] GC(165) Mark: 2 stripe(s), 2 proactive flush(es), 1 terminate flush(es), 0 completion(s), 0 continuation(s) 
[2025-08-01T14:45:18.923+0000] GC(165) Mark Stack Usage: 32M
[2025-08-01T14:45:18.923+0000] GC(165) NMethods: 1415 registered, 180 unregistered
[2025-08-01T14:45:18.923+0000] GC(165) Metaspace: 10M used, 10M committed, 1088M reserved
[2025-08-01T14:45:18.923+0000] GC(165) Soft: 228 encountered, 0 discovered, 0 enqueued
[2025-08-01T14:45:18.923+0000] GC(165) Weak: 934 encountered, 716 discovered, 0 enqueued
[2025-08-01T14:45:18.923+0000] GC(165) Final: 0 encountered, 0 discovered, 0 enqueued
[2025-08-01T14:45:18.923+0000] GC(165) Phantom: 3 encountered, 1 discovered, 0 enqueued
[2025-08-01T14:45:18.923+0000] GC(165) Small Pages: 1093 / 2186M, Empty: 1772M, Relocated: 4M, In-Place: 0
[2025-08-01T14:45:18.923+0000] GC(165) Medium Pages: 1 / 32M, Empty: 0M, Relocated: 0M, In-Place: 0
[2025-08-01T14:45:18.923+0000] GC(165) Large Pages: 0 / 0M, Empty: 0M, Relocated: 0M, In-Place: 0
[2025-08-01T14:45:18.923+0000] GC(165) Forwarding Usage: 0M
[2025-08-01T14:45:18.923+0000] GC(165) Min Capacity: 4096M(100%)
[2025-08-01T14:45:18.923+0000] GC(165) Max Capacity: 4096M(100%)
[2025-08-01T14:45:18.923+0000] GC(165) Soft Max Capacity: 4096M(100%)
[2025-08-01T14:45:18.923+0000] GC(165)                Mark Start          Mark End        Relocate Start      Relocate End           High               Low         
[2025-08-01T14:45:18.923+0000] GC(165)  Capacity:     4096M (100%)       4096M (100%)       4096M (100%)       4096M (100%)       4096M (100%)       4096M (100%)   
[2025-08-01T14:45:18.923+0000] GC(165)      Free:     1878M (46%)        1304M (32%)        3010M (73%)        3014M (74%)        3018M (74%)        1278M (31%)    
[2025-08-01T14:45:18.923+0000] GC(165)      Used:     2218M (54%)        2792M (68%)        1086M (27%)        1082M (26%)        2818M (69%)        1078M (26%)    
[2025-08-01T14:45:18.923+0000] GC(165)      Live:         -               398M (10%)         398M (10%)         398M (10%)            -                  -          
[2025-08-01T14:45:18.923+0000] GC(165) Allocated:         -               574M (14%)         640M (16%)         648M (16%)            -                  -          
[2025-08-01T14:45:18.923+0000] GC(165)   Garbage:         -              1819M (44%)          47M (1%)           35M (1%)             -                  -          
[2025-08-01T14:45:18.924+0000] GC(165) Reclaimed:         -                  -              1772M (43%)        1784M (44%)            -                  -          
[2025-08-01T14:45:18.924+0000] GC(165) Garbage Collection (Allocation Rate) 2218M(54%)->1082M(26%)
[2025-08-01T14:45:19.192+0000] GC(166) Heap before GC invocations=166 (full 166):
[2025-08-01T14:45:19.192+0000] GC(166)  ZHeap           used 2370M, capacity 4096M, max capacity 4096M
[2025-08-01T14:45:19.192+0000] GC(166)  Metaspace       used 10643K, committed 10880K, reserved 1114112K
[2025-08-01T14:45:19.192+0000] GC(166)   class space    used 1265K, committed 1344K, reserved 1048576K
[2025-08-01T14:45:19.192+0000] GC(166) Garbage Collection (Allocation Rate)
[2025-08-01T14:45:19.192+0000] GC(166) Using 2 workers
[2025-08-01T14:45:19.192+0000] GC(166) Pause Mark Start 0.010ms
[2025-08-01T14:45:19.316+0000] GC(166) Concurrent Mark 123.503ms
[2025-08-01T14:45:19.317+0000] GC(166) Pause Mark End 0.025ms
[2025-08-01T14:45:19.318+0000] GC(166) Concurrent Mark Free 0.003ms
[2025-08-01T14:45:19.322+0000] GC(166) Concurrent Process Non-Strong References 3.501ms
[2025-08-01T14:45:19.322+0000] GC(166) Concurrent Reset Relocation Set 0.002ms
[2025-08-01T14:45:19.325+0000] GC(166) Concurrent Select Relocation Set 3.090ms
[2025-08-01T14:45:19.325+0000] GC(166) Pause Relocate Start 0.014ms
[2025-08-01T14:45:19.326+0000] GC(166) Concurrent Relocate 0.765ms
[2025-08-01T14:45:19.326+0000] GC(166) Heap after GC invocations=167 (full 167):
[2025-08-01T14:45:19.326+0000] GC(166)  ZHeap           used 1266M, capacity 4096M, max capacity 4096M
[2025-08-01T14:45:19.326+0000] GC(166)  Metaspace       used 10643K, committed 10880K, reserved 1114112K
[2025-08-01T14:45:19.326+0000] GC(166)   class space    used 1265K, committed 1344K, reserved 1048576K
[2025-08-01T14:45:19.326+0000] GC(166) Load: 1.71/0.64/0.28
[2025-08-01T14:45:19.326+0000] GC(166) MMU: 2ms/90.0%, 5ms/96.0%, 10ms/97.9%, 20ms/98.9%, 50ms/99.6%, 100ms/99.8%
[2025-08-01T14:45:19.326+0000] GC(166) Mark: 2 stripe(s), 2 proactive flush(es), 1 terminate flush(es), 0 completion(s), 0 continuation(s) 
[2025-08-01T14:45:19.326+0000] GC(166) Mark Stack Usage: 32M
[2025-08-01T14:45:19.326+0000] GC(166) NMethods: 1415 registered, 180 unregistered
[2025-08-01T14:45:19.327+0000] GC(166) Metaspace: 10M used, 10M committed, 1088M reserved
[2025-08-01T14:45:19.327+0000] GC(166) Soft: 228 encountered, 0 discovered, 0 enqueued
[2025-08-01T14:45:19.327+0000] GC(166) Weak: 934 encountered, 702 discovered, 0 enqueued
[2025-08-01T14:45:19.327+0000] GC(166) Final: 0 encountered, 0 discovered, 0 enqueued
[2025-08-01T14:45:19.327+0000] GC(166) Phantom: 3 encountered, 1 discovered, 0 enqueued
[2025-08-01T14:45:19.327+0000] GC(166) Small Pages: 1169 / 2338M, Empty: 1834M, Relocated: 2M, In-Place: 0
[2025-08-01T14:45:19.327+0000] GC(166) Medium Pages: 1 / 32M, Empty: 0M, Relocated: 0M, In-Place: 0
[2025-08-01T14:45:19.327+0000] GC(166) Large Pages: 0 / 0M, Empty: 0M, Relocated: 0M, In-Place: 0
[2025-08-01T14:45:19.327+0000] GC(166) Forwarding Usage: 0M
[2025-08-01T14:45:19.327+0000] GC(166) Min Capacity: 4096M(100%)
[2025-08-01T14:45:19.327+0000] GC(166) Max Capacity: 4096M(100%)
[2025-08-01T14:45:19.327+0000] GC(166) Soft Max Capacity: 4096M(100%)
[2025-08-01T14:45:19.327+0000] GC(166)                Mark Start          Mark End        Relocate Start      Relocate End           High               Low         
[2025-08-01T14:45:19.327+0000] GC(166)  Capacity:     4096M (100%)       4096M (100%)       4096M (100%)       4096M (100%)       4096M (100%)       4096M (100%)   
[2025-08-01T14:45:19.327+0000] GC(166)      Free:     1726M (42%)        1020M (25%)        2822M (69%)        2830M (69%)        2830M (69%)         994M (24%)    
[2025-08-01T14:45:19.327+0000] GC(166)      Used:     2370M (58%)        3076M (75%)        1274M (31%)        1266M (31%)        3102M (76%)        1266M (31%)    
[2025-08-01T14:45:19.327+0000] GC(166)      Live:         -               491M (12%)         491M (12%)         491M (12%)            -                  -          
[2025-08-01T14:45:19.327+0000] GC(166) Allocated:         -               706M (17%)         738M (18%)         738M (18%)            -                  -          
[2025-08-01T14:45:19.327+0000] GC(166)   Garbage:         -              1878M (46%)          44M (1%)           36M (1%)             -                  -          
[2025-08-01T14:45:19.327+0000] GC(166) Reclaimed:         -                  -              1834M (45%)        1842M (45%)            -                  -          
[2025-08-01T14:45:19.327+0000] GC(166) Garbage Collection (Allocation Rate) 2370M(58%)->1266M(31%)
[2025-08-01T14:45:19.693+0000] GC(167) Heap before GC invocations=167 (full 167):
[2025-08-01T14:45:19.693+0000] GC(167)  ZHeap           used 3076M, capacity 4096M, max capacity 4096M
[2025-08-01T14:45:19.693+0000] GC(167)  Metaspace       used 10643K, committed 10880K, reserved 1114112K
[2025-08-01T14:45:19.693+0000] GC(167)   class space    used 1265K, committed 1344K, reserved 1048576K
[2025-08-01T14:45:19.693+0000] GC(167) Garbage Collection (Allocation Rate)
[2025-08-01T14:45:19.693+0000] GC(167) Using 2 workers
[2025-08-01T14:45:19.693+0000] GC(167) Pause Mark Start 0.009ms
[2025-08-01T14:45:19.800+0000] GC(167) Concurrent Mark 106.626ms
[2025-08-01T14:45:19.802+0000] GC(167) Pause Mark End 0.019ms
[2025-08-01T14:45:19.802+0000] GC(167) Concurrent Mark Free 0.003ms
[2025-08-01T14:45:19.805+0000] GC(167) Concurrent Process Non-Strong References 3.041ms
[2025-08-01T14:45:19.805+0000] GC(167) Concurrent Reset Relocation Set 0.002ms
[2025-08-01T14:45:19.809+0000] GC(167) Concurrent Select Relocation Set 3.906ms
[2025-08-01T14:45:19.809+0000] GC(167) Pause Relocate Start 0.015ms
[2025-08-01T14:45:19.812+0000] GC(167) Concurrent Relocate 2.302ms
[2025-08-01T14:45:19.812+0000] GC(167) Heap after GC invocations=168 (full 168):
[2025-08-01T14:45:19.812+0000] GC(167)  ZHeap           used 1116M, capacity 4096M, max capacity 4096M
[2025-08-01T14:45:19.812+0000] GC(167)  Metaspace       used 10643K, committed 10880K, reserved 1114112K
[2025-08-01T14:45:19.812+0000] GC(167)   class space    used 1265K, committed 1344K, reserved 1048576K
[2025-08-01T14:45:19.812+0000] GC(167) Load: 1.71/0.64/0.28
[2025-08-01T14:45:19.812+0000] GC(167) MMU: 2ms/90.0%, 5ms/96.0%, 10ms/97.9%, 20ms/98.9%, 50ms/99.6%, 100ms/99.8%
[2025-08-01T14:45:19.812+0000] GC(167) Mark: 2 stripe(s), 2 proactive flush(es), 1 terminate flush(es), 0 completion(s), 0 continuation(s) 
[2025-08-01T14:45:19.812+0000] GC(167) Mark Stack Usage: 32M
[2025-08-01T14:45:19.812+0000] GC(167) NMethods: 1415 registered, 180 unregistered
[2025-08-01T14:45:19.812+0000] GC(167) Metaspace: 10M used, 10M committed, 1088M reserved
[2025-08-01T14:45:19.812+0000] GC(167) Soft: 228 encountered, 0 discovered, 0 enqueued
[2025-08-01T14:45:19.812+0000] GC(167) Weak: 934 encountered, 678 discovered, 0 enqueued
[2025-08-01T14:45:19.812+0000] GC(167) Final: 0 encountered, 0 discovered, 0 enqueued
[2025-08-01T14:45:19.812+0000] GC(167) Phantom: 3 encountered, 2 discovered, 0 enqueued
[2025-08-01T14:45:19.812+0000] GC(167) Small Pages: 1522 / 3044M, Empty: 2532M, Relocated: 6M, In-Place: 0
[2025-08-01T14:45:19.812+0000] GC(167) Medium Pages: 1 / 32M, Empty: 0M, Relocated: 0M, In-Place: 0
[2025-08-01T14:45:19.812+0000] GC(167) Large Pages: 0 / 0M, Empty: 0M, Relocated: 0M, In-Place: 0
[2025-08-01T14:45:19.812+0000] GC(167) Forwarding Usage: 0M
[2025-08-01T14:45:19.812+0000] GC(167) Min Capacity: 4096M(100%)
[2025-08-01T14:45:19.812+0000] GC(167) Max Capacity: 4096M(100%)
[2025-08-01T14:45:19.812+0000] GC(167) Soft Max Capacity: 4096M(100%)
[2025-08-01T14:45:19.812+0000] GC(167)                Mark Start          Mark End        Relocate Start      Relocate End           High               Low         
[2025-08-01T14:45:19.812+0000] GC(167)  Capacity:     4096M (100%)       4096M (100%)       4096M (100%)       4096M (100%)       4096M (100%)       4096M (100%)   
[2025-08-01T14:45:19.812+0000] GC(167)      Free:     1020M (25%)         488M (12%)        2978M (73%)        2980M (73%)        2982M (73%)         470M (11%)    
[2025-08-01T14:45:19.812+0000] GC(167)      Used:     3076M (75%)        3608M (88%)        1118M (27%)        1116M (27%)        3626M (89%)        1114M (27%)    
[2025-08-01T14:45:19.812+0000] GC(167)      Live:         -               496M (12%)         496M (12%)         496M (12%)            -                  -          
[2025-08-01T14:45:19.812+0000] GC(167) Allocated:         -               532M (13%)         574M (14%)         584M (14%)            -                  -          
[2025-08-01T14:45:19.812+0000] GC(167)   Garbage:         -              2579M (63%)          47M (1%)           35M (1%)             -                  -          
[2025-08-01T14:45:19.812+0000] GC(167) Reclaimed:         -                  -              2532M (62%)        2544M (62%)            -                  -          
[2025-08-01T14:45:19.812+0000] GC(167) Garbage Collection (Allocation Rate) 3076M(75%)->1116M(27%)
[2025-08-01T14:45:20.193+0000] GC(168) Heap before GC invocations=168 (full 168):
[2025-08-01T14:45:20.193+0000] GC(168)  ZHeap           used 2956M, capacity 4096M, max capacity 4096M
[2025-08-01T14:45:20.193+0000] GC(168)  Metaspace       used 10643K, committed 10880K, reserved 1114112K
[2025-08-01T14:45:20.193+0000] GC(168)   class space    used 1265K, committed 1344K, reserved 1048576K
[2025-08-01T14:45:20.193+0000] GC(168) Garbage Collection (Allocation Rate)
[2025-08-01T14:45:20.193+0000] GC(168) Using 2 workers
[2025-08-01T14:45:20.194+0000] GC(168) Pause Mark Start 0.010ms
[2025-08-01T14:45:20.255+0000] GC(168) Concurrent Mark 60.021ms
[2025-08-01T14:45:20.255+0000] GC(168) Pause Mark End 0.019ms
[2025-08-01T14:45:20.255+0000] GC(168) Concurrent Mark Free 0.001ms
[2025-08-01T14:45:20.258+0000] GC(168) Concurrent Process Non-Strong References 2.737ms
[2025-08-01T14:45:20.258+0000] GC(168) Concurrent Reset Relocation Set 0.002ms
[2025-08-01T14:45:20.262+0000] GC(168) Concurrent Select Relocation Set 3.557ms
[2025-08-01T14:45:20.262+0000] GC(168) Pause Relocate Start 0.011ms
[2025-08-01T14:45:20.263+0000] GC(168) Concurrent Relocate 1.281ms
[2025-08-01T14:45:20.263+0000] GC(168) Heap after GC invocations=169 (full 169):
[2025-08-01T14:45:20.263+0000] GC(168)  ZHeap           used 612M, capacity 4096M, max capacity 4096M
[2025-08-01T14:45:20.263+0000] GC(168)  Metaspace       used 10643K, committed 10880K, reserved 1114112K
[2025-08-01T14:45:20.263+0000] GC(168)   class space    used 1265K, committed 1344K, reserved 1048576K
[2025-08-01T14:45:20.263+0000] GC(168) Load: 1.71/0.64/0.28
[2025-08-01T14:45:20.263+0000] GC(168) MMU: 2ms/90.0%, 5ms/96.0%, 10ms/97.9%, 20ms/98.9%, 50ms/99.6%, 100ms/99.8%
[2025-08-01T14:45:20.263+0000] GC(168) Mark: 2 stripe(s), 3 proactive flush(es), 1 terminate flush(es), 0 completion(s), 0 continuation(s) 
[2025-08-01T14:45:20.263+0000] GC(168) Mark Stack Usage: 32M
[2025-08-01T14:45:20.263+0000] GC(168) NMethods: 1415 registered, 180 unregistered
[2025-08-01T14:45:20.263+0000] GC(168) Metaspace: 10M used, 10M committed, 1088M reserved
[2025-08-01T14:45:20.263+0000] GC(168) Soft: 228 encountered, 0 discovered, 0 enqueued
[2025-08-01T14:45:20.263+0000] GC(168) Weak: 934 encountered, 686 discovered, 0 enqueued
[2025-08-01T14:45:20.263+0000] GC(168) Final: 0 encountered, 0 discovered, 0 enqueued
[2025-08-01T14:45:20.263+0000] GC(168) Phantom: 3 encountered, 2 discovered, 0 enqueued
[2025-08-01T14:45:20.263+0000] GC(168) Small Pages: 1463 / 2926M, Empty: 2706M, Relocated: 5M, In-Place: 0
[2025-08-01T14:45:20.263+0000] GC(168) Medium Pages: 1 / 32M, Empty: 0M, Relocated: 0M, In-Place: 0
[2025-08-01T14:45:20.263+0000] GC(168) Large Pages: 0 / 0M, Empty: 0M, Relocated: 0M, In-Place: 0
[2025-08-01T14:45:20.263+0000] GC(168) Forwarding Usage: 0M
[2025-08-01T14:45:20.263+0000] GC(168) Min Capacity: 4096M(100%)
[2025-08-01T14:45:20.263+0000] GC(168) Max Capacity: 4096M(100%)
[2025-08-01T14:45:20.263+0000] GC(168) Soft Max Capacity: 4096M(100%)
[2025-08-01T14:45:20.263+0000] GC(168)                Mark Start          Mark End        Relocate Start      Relocate End           High               Low         
[2025-08-01T14:45:20.264+0000] GC(168)  Capacity:     4096M (100%)       4096M (100%)       4096M (100%)       4096M (100%)       4096M (100%)       4096M (100%)   
[2025-08-01T14:45:20.264+0000] GC(168)      Free:     1138M (28%)         770M (19%)        3476M (85%)        3484M (85%)        3484M (85%)         770M (19%)    
[2025-08-01T14:45:20.264+0000] GC(168)      Used:     2958M (72%)        3326M (81%)         620M (15%)         612M (15%)        3326M (81%)         612M (15%)    
[2025-08-01T14:45:20.264+0000] GC(168)      Live:         -               208M (5%)          208M (5%)          208M (5%)             -                  -          
[2025-08-01T14:45:20.264+0000] GC(168) Allocated:         -               368M (9%)          368M (9%)          368M (9%)             -                  -          
[2025-08-01T14:45:20.264+0000] GC(168)   Garbage:         -              2749M (67%)          43M (1%)           35M (1%)             -                  -          
[2025-08-01T14:45:20.264+0000] GC(168) Reclaimed:         -                  -              2706M (66%)        2714M (66%)            -                  -          
[2025-08-01T14:45:20.264+0000] GC(168) Garbage Collection (Allocation Rate) 2958M(72%)->612M(15%)
[2025-08-01T14:45:20.693+0000] GC(169) Heap before GC invocations=169 (full 169):
[2025-08-01T14:45:20.693+0000] GC(169)  ZHeap           used 2672M, capacity 4096M, max capacity 4096M
[2025-08-01T14:45:20.693+0000] GC(169)  Metaspace       used 10643K, committed 10880K, reserved 1114112K
[2025-08-01T14:45:20.693+0000] GC(169)   class space    used 1265K, committed 1344K, reserved 1048576K
[2025-08-01T14:45:20.693+0000] GC(169) Garbage Collection (Allocation Rate)
[2025-08-01T14:45:20.693+0000] GC(169) Using 2 workers
[2025-08-01T14:45:20.694+0000] GC(169) Pause Mark Start 0.066ms
[2025-08-01T14:45:20.861+0000] GC(169) Concurrent Mark 166.299ms
[2025-08-01T14:45:20.861+0000] GC(169) Pause Mark End 0.029ms
[2025-08-01T14:45:20.861+0000] GC(169) Concurrent Mark Free 0.002ms
[2025-08-01T14:45:20.868+0000] GC(169) Concurrent Process Non-Strong References 6.487ms
[2025-08-01T14:45:20.868+0000] GC(169) Concurrent Reset Relocation Set 0.004ms
[2025-08-01T14:45:20.874+0000] GC(169) Concurrent Select Relocation Set 6.356ms
[2025-08-01T14:45:20.875+0000] GC(169) Pause Relocate Start 0.024ms
[2025-08-01T14:45:20.880+0000] GC(169) Concurrent Relocate 4.166ms
[2025-08-01T14:45:20.880+0000] GC(169) Heap after GC invocations=170 (full 170):
[2025-08-01T14:45:20.880+0000] GC(169)  ZHeap           used 1402M, capacity 4096M, max capacity 4096M
[2025-08-01T14:45:20.880+0000] GC(169)  Metaspace       used 10643K, committed 10880K, reserved 1114112K
[2025-08-01T14:45:20.880+0000] GC(169)   class space    used 1265K, committed 1344K, reserved 1048576K
[2025-08-01T14:45:20.880+0000] GC(169) Load: 1.71/0.64/0.28
[2025-08-01T14:45:20.880+0000] GC(169) MMU: 2ms/90.0%, 5ms/96.0%, 10ms/97.9%, 20ms/98.9%, 50ms/99.6%, 100ms/99.8%
[2025-08-01T14:45:20.880+0000] GC(169) Mark: 2 stripe(s), 2 proactive flush(es), 1 terminate flush(es), 0 completion(s), 0 continuation(s) 
[2025-08-01T14:45:20.880+0000] GC(169) Mark Stack Usage: 32M
[2025-08-01T14:45:20.880+0000] GC(169) NMethods: 1415 registered, 180 unregistered
[2025-08-01T14:45:20.880+0000] GC(169) Metaspace: 10M used, 10M committed, 1088M reserved
[2025-08-01T14:45:20.880+0000] GC(169) Soft: 228 encountered, 0 discovered, 0 enqueued
[2025-08-01T14:45:20.880+0000] GC(169) Weak: 934 encountered, 688 discovered, 0 enqueued
[2025-08-01T14:45:20.880+0000] GC(169) Final: 0 encountered, 0 discovered, 0 enqueued
[2025-08-01T14:45:20.880+0000] GC(169) Phantom: 3 encountered, 1 discovered, 0 enqueued
[2025-08-01T14:45:20.880+0000] GC(169) Small Pages: 1321 / 2642M, Empty: 2096M, Relocated: 5M, In-Place: 0
[2025-08-01T14:45:20.880+0000] GC(169) Medium Pages: 1 / 32M, Empty: 0M, Relocated: 0M, In-Place: 0
[2025-08-01T14:45:20.880+0000] GC(169) Large Pages: 0 / 0M, Empty: 0M, Relocated: 0M, In-Place: 0
[2025-08-01T14:45:20.880+0000] GC(169) Forwarding Usage: 0M
[2025-08-01T14:45:20.880+0000] GC(169) Min Capacity: 4096M(100%)
[2025-08-01T14:45:20.881+0000] GC(169) Max Capacity: 4096M(100%)
[2025-08-01T14:45:20.881+0000] GC(169) Soft Max Capacity: 4096M(100%)
[2025-08-01T14:45:20.881+0000] GC(169)                Mark Start          Mark End        Relocate Start      Relocate End           High               Low         
[2025-08-01T14:45:20.881+0000] GC(169)  Capacity:     4096M (100%)       4096M (100%)       4096M (100%)       4096M (100%)       4096M (100%)       4096M (100%)   
[2025-08-01T14:45:20.881+0000] GC(169)      Free:     1422M (35%)         670M (16%)        2694M (66%)        2696M (66%)        2700M (66%)         646M (16%)    
[2025-08-01T14:45:20.881+0000] GC(169)      Used:     2674M (65%)        3426M (84%)        1402M (34%)        1400M (34%)        3450M (84%)        1396M (34%)    
[2025-08-01T14:45:20.881+0000] GC(169)      Live:         -               527M (13%)         527M (13%)         527M (13%)            -                  -          
[2025-08-01T14:45:20.881+0000] GC(169) Allocated:         -               752M (18%)         824M (20%)         836M (20%)            -                  -          
[2025-08-01T14:45:20.881+0000] GC(169)   Garbage:         -              2146M (52%)          50M (1%)           36M (1%)             -                  -          
[2025-08-01T14:45:20.881+0000] GC(169) Reclaimed:         -                  -              2096M (51%)        2110M (52%)            -                  -          
[2025-08-01T14:45:20.881+0000] GC(169) Garbage Collection (Allocation Rate) 2674M(65%)->1400M(34%)
[2025-08-01T14:45:20.994+0000] GC(170) Heap before GC invocations=170 (full 170):
[2025-08-01T14:45:20.994+0000] GC(170)  ZHeap           used 2004M, capacity 4096M, max capacity 4096M
[2025-08-01T14:45:20.994+0000] GC(170)  Metaspace       used 10643K, committed 10880K, reserved 1114112K
[2025-08-01T14:45:20.994+0000] GC(170)   class space    used 1265K, committed 1344K, reserved 1048576K
[2025-08-01T14:45:20.994+0000] GC(170) Garbage Collection (Allocation Rate)
[2025-08-01T14:45:20.994+0000] GC(170) Using 2 workers
[2025-08-01T14:45:20.994+0000] GC(170) Pause Mark Start 0.009ms
[2025-08-01T14:45:21.071+0000] GC(170) Concurrent Mark 76.823ms
[2025-08-01T14:45:21.071+0000] GC(170) Pause Mark End 0.018ms
[2025-08-01T14:45:21.071+0000] GC(170) Concurrent Mark Free 0.001ms
[2025-08-01T14:45:21.074+0000] GC(170) Concurrent Process Non-Strong References 2.523ms
[2025-08-01T14:45:21.074+0000] GC(170) Concurrent Reset Relocation Set 0.002ms
[2025-08-01T14:45:21.077+0000] GC(170) Concurrent Select Relocation Set 3.361ms
[2025-08-01T14:45:21.077+0000] GC(170) Pause Relocate Start 0.011ms
[2025-08-01T14:45:21.079+0000] GC(170) Concurrent Relocate 1.965ms
[2025-08-01T14:45:21.079+0000] GC(170) Heap after GC invocations=171 (full 171):
[2025-08-01T14:45:21.079+0000] GC(170)  ZHeap           used 710M, capacity 4096M, max capacity 4096M
[2025-08-01T14:45:21.079+0000] GC(170)  Metaspace       used 10643K, committed 10880K, reserved 1114112K
[2025-08-01T14:45:21.079+0000] GC(170)   class space    used 1265K, committed 1344K, reserved 1048576K
[2025-08-01T14:45:21.079+0000] GC(170) Load: 1.71/0.64/0.28
[2025-08-01T14:45:21.079+0000] GC(170) MMU: 2ms/90.0%, 5ms/96.0%, 10ms/97.9%, 20ms/98.9%, 50ms/99.6%, 100ms/99.8%
[2025-08-01T14:45:21.079+0000] GC(170) Mark: 2 stripe(s), 2 proactive flush(es), 1 terminate flush(es), 0 completion(s), 0 continuation(s) 
[2025-08-01T14:45:21.079+0000] GC(170) Mark Stack Usage: 32M
[2025-08-01T14:45:21.079+0000] GC(170) NMethods: 1415 registered, 180 unregistered
[2025-08-01T14:45:21.079+0000] GC(170) Metaspace: 10M used, 10M committed, 1088M reserved
[2025-08-01T14:45:21.079+0000] GC(170) Soft: 228 encountered, 0 discovered, 0 enqueued
[2025-08-01T14:45:21.079+0000] GC(170) Weak: 934 encountered, 672 discovered, 0 enqueued
[2025-08-01T14:45:21.079+0000] GC(170) Final: 0 encountered, 0 discovered, 0 enqueued
[2025-08-01T14:45:21.079+0000] GC(170) Phantom: 3 encountered, 1 discovered, 0 enqueued
[2025-08-01T14:45:21.079+0000] GC(170) Small Pages: 986 / 1972M, Empty: 1648M, Relocated: 4M, In-Place: 0
[2025-08-01T14:45:21.079+0000] GC(170) Medium Pages: 1 / 32M, Empty: 0M, Relocated: 0M, In-Place: 0
[2025-08-01T14:45:21.079+0000] GC(170) Large Pages: 0 / 0M, Empty: 0M, Relocated: 0M, In-Place: 0
[2025-08-01T14:45:21.079+0000] GC(170) Forwarding Usage: 0M
[2025-08-01T14:45:21.079+0000] GC(170) Min Capacity: 4096M(100%)
[2025-08-01T14:45:21.079+0000] GC(170) Max Capacity: 4096M(100%)
[2025-08-01T14:45:21.079+0000] GC(170) Soft Max Capacity: 4096M(100%)
[2025-08-01T14:45:21.079+0000] GC(170)                Mark Start          Mark End        Relocate Start      Relocate End           High               Low         
[2025-08-01T14:45:21.079+0000] GC(170)  Capacity:     4096M (100%)       4096M (100%)       4096M (100%)       4096M (100%)       4096M (100%)       4096M (100%)   
[2025-08-01T14:45:21.079+0000] GC(170)      Free:     2092M (51%)        1722M (42%)        3370M (82%)        3386M (83%)        3386M (83%)        1722M (42%)    
[2025-08-01T14:45:21.079+0000] GC(170)      Used:     2004M (49%)        2374M (58%)         726M (18%)         710M (17%)        2374M (58%)         710M (17%)    
[2025-08-01T14:45:21.079+0000] GC(170)      Live:         -               301M (7%)          301M (7%)          301M (7%)             -                  -          
[2025-08-01T14:45:21.079+0000] GC(170) Allocated:         -               370M (9%)          370M (9%)          370M (9%)             -                  -          
[2025-08-01T14:45:21.079+0000] GC(170)   Garbage:         -              1702M (42%)          54M (1%)           38M (1%)             -                  -          
[2025-08-01T14:45:21.079+0000] GC(170) Reclaimed:         -                  -              1648M (40%)        1664M (41%)            -                  -          
[2025-08-01T14:45:21.079+0000] GC(170) Garbage Collection (Allocation Rate) 2004M(49%)->710M(17%)
[2025-08-01T14:45:21.393+0000] GC(171) Heap before GC invocations=171 (full 171):
[2025-08-01T14:45:21.393+0000] GC(171)  ZHeap           used 2280M, capacity 4096M, max capacity 4096M
[2025-08-01T14:45:21.393+0000] GC(171)  Metaspace       used 10643K, committed 10880K, reserved 1114112K
[2025-08-01T14:45:21.393+0000] GC(171)   class space    used 1265K, committed 1344K, reserved 1048576K
[2025-08-01T14:45:21.393+0000] GC(171) Garbage Collection (Allocation Rate)
[2025-08-01T14:45:21.393+0000] GC(171) Using 2 workers
[2025-08-01T14:45:21.394+0000] GC(171) Pause Mark Start 0.015ms
[2025-08-01T14:45:21.479+0000] GC(171) Concurrent Mark 84.376ms
[2025-08-01T14:45:21.479+0000] GC(171) Pause Mark End 0.019ms
[2025-08-01T14:45:21.480+0000] GC(171) Concurrent Mark Free 0.003ms
[2025-08-01T14:45:21.484+0000] GC(171) Concurrent Process Non-Strong References 4.332ms
[2025-08-01T14:45:21.484+0000] GC(171) Concurrent Reset Relocation Set 0.003ms
[2025-08-01T14:45:21.488+0000] GC(171) Concurrent Select Relocation Set 3.705ms
[2025-08-01T14:45:21.488+0000] GC(171) Pause Relocate Start 0.016ms
[2025-08-01T14:45:21.489+0000] GC(171) Concurrent Relocate 0.840ms
[2025-08-01T14:45:21.489+0000] GC(171) Heap after GC invocations=172 (full 172):
[2025-08-01T14:45:21.489+0000] GC(171)  ZHeap           used 768M, capacity 4096M, max capacity 4096M
[2025-08-01T14:45:21.489+0000] GC(171)  Metaspace       used 10643K, committed 10880K, reserved 1114112K
[2025-08-01T14:45:21.489+0000] GC(171)   class space    used 1265K, committed 1344K, reserved 1048576K
[2025-08-01T14:45:21.489+0000] GC(171) Load: 1.97/0.71/0.31
[2025-08-01T14:45:21.489+0000] GC(171) MMU: 2ms/90.0%, 5ms/96.0%, 10ms/97.9%, 20ms/98.9%, 50ms/99.6%, 100ms/99.8%
[2025-08-01T14:45:21.489+0000] GC(171) Mark: 2 stripe(s), 2 proactive flush(es), 1 terminate flush(es), 0 completion(s), 0 continuation(s) 
[2025-08-01T14:45:21.489+0000] GC(171) Mark Stack Usage: 32M
[2025-08-01T14:45:21.489+0000] GC(171) NMethods: 1415 registered, 180 unregistered
[2025-08-01T14:45:21.489+0000] GC(171) Metaspace: 10M used, 10M committed, 1088M reserved
[2025-08-01T14:45:21.489+0000] GC(171) Soft: 228 encountered, 0 discovered, 0 enqueued
[2025-08-01T14:45:21.489+0000] GC(171) Weak: 934 encountered, 692 discovered, 0 enqueued
[2025-08-01T14:45:21.489+0000] GC(171) Final: 0 encountered, 0 discovered, 0 enqueued
[2025-08-01T14:45:21.489+0000] GC(171) Phantom: 3 encountered, 1 discovered, 0 enqueued
[2025-08-01T14:45:21.489+0000] GC(171) Small Pages: 1127 / 2254M, Empty: 1960M, Relocated: 2M, In-Place: 0
[2025-08-01T14:45:21.489+0000] GC(171) Medium Pages: 1 / 32M, Empty: 0M, Relocated: 0M, In-Place: 0
[2025-08-01T14:45:21.489+0000] GC(171) Large Pages: 0 / 0M, Empty: 0M, Relocated: 0M, In-Place: 0
[2025-08-01T14:45:21.489+0000] GC(171) Forwarding Usage: 0M
[2025-08-01T14:45:21.489+0000] GC(171) Min Capacity: 4096M(100%)
[2025-08-01T14:45:21.489+0000] GC(171) Max Capacity: 4096M(100%)
[2025-08-01T14:45:21.489+0000] GC(171) Soft Max Capacity: 4096M(100%)
[2025-08-01T14:45:21.489+0000] GC(171)                Mark Start          Mark End        Relocate Start      Relocate End           High               Low         
[2025-08-01T14:45:21.489+0000] GC(171)  Capacity:     4096M (100%)       4096M (100%)       4096M (100%)       4096M (100%)       4096M (100%)       4096M (100%)   
[2025-08-01T14:45:21.489+0000] GC(171)      Free:     1810M (44%)        1414M (35%)        3316M (81%)        3328M (81%)        3328M (81%)        1378M (34%)    
[2025-08-01T14:45:21.489+0000] GC(171)      Used:     2286M (56%)        2682M (65%)         780M (19%)         768M (19%)        2718M (66%)         768M (19%)    
[2025-08-01T14:45:21.489+0000] GC(171)      Live:         -               278M (7%)          278M (7%)          278M (7%)             -                  -          
[2025-08-01T14:45:21.489+0000] GC(171) Allocated:         -               396M (10%)         454M (11%)         454M (11%)            -                  -          
[2025-08-01T14:45:21.489+0000] GC(171)   Garbage:         -              2007M (49%)          47M (1%)           35M (1%)             -                  -          
[2025-08-01T14:45:21.489+0000] GC(171) Reclaimed:         -                  -              1960M (48%)        1972M (48%)            -                  -          
[2025-08-01T14:45:21.489+0000] GC(171) Garbage Collection (Allocation Rate) 2286M(56%)->768M(19%)
[2025-08-01T14:45:21.893+0000] GC(172) Heap before GC invocations=172 (full 172):
[2025-08-01T14:45:21.893+0000] GC(172)  ZHeap           used 2790M, capacity 4096M, max capacity 4096M
[2025-08-01T14:45:21.893+0000] GC(172)  Metaspace       used 10643K, committed 10880K, reserved 1114112K
[2025-08-01T14:45:21.893+0000] GC(172)   class space    used 1265K, committed 1344K, reserved 1048576K
[2025-08-01T14:45:21.893+0000] GC(172) Garbage Collection (Allocation Rate)
[2025-08-01T14:45:21.893+0000] GC(172) Using 2 workers
[2025-08-01T14:45:21.893+0000] GC(172) Pause Mark Start 0.011ms
[2025-08-01T14:45:22.043+0000] GC(172) Concurrent Mark 148.934ms
[2025-08-01T14:45:22.043+0000] GC(172) Pause Mark End 0.019ms
[2025-08-01T14:45:22.043+0000] GC(172) Concurrent Mark Free 0.001ms
[2025-08-01T14:45:22.046+0000] GC(172) Concurrent Process Non-Strong References 2.926ms
[2025-08-01T14:45:22.046+0000] GC(172) Concurrent Reset Relocation Set 0.002ms
[2025-08-01T14:45:22.049+0000] GC(172) Concurrent Select Relocation Set 3.113ms
[2025-08-01T14:45:22.049+0000] GC(172) Pause Relocate Start 0.012ms
[2025-08-01T14:45:22.053+0000] GC(172) Concurrent Relocate 3.508ms
[2025-08-01T14:45:22.053+0000] GC(172) Heap after GC invocations=173 (full 173):
[2025-08-01T14:45:22.053+0000] GC(172)  ZHeap           used 1352M, capacity 4096M, max capacity 4096M
[2025-08-01T14:45:22.053+0000] GC(172)  Metaspace       used 10643K, committed 10880K, reserved 1114112K
[2025-08-01T14:45:22.053+0000] GC(172)   class space    used 1265K, committed 1344K, reserved 1048576K
[2025-08-01T14:45:22.053+0000] GC(172) Load: 1.97/0.71/0.31
[2025-08-01T14:45:22.053+0000] GC(172) MMU: 2ms/90.0%, 5ms/96.0%, 10ms/97.9%, 20ms/98.9%, 50ms/99.6%, 100ms/99.8%
[2025-08-01T14:45:22.053+0000] GC(172) Mark: 2 stripe(s), 2 proactive flush(es), 1 terminate flush(es), 0 completion(s), 0 continuation(s) 
[2025-08-01T14:45:22.053+0000] GC(172) Mark Stack Usage: 32M
[2025-08-01T14:45:22.053+0000] GC(172) NMethods: 1415 registered, 180 unregistered
[2025-08-01T14:45:22.053+0000] GC(172) Metaspace: 10M used, 10M committed, 1088M reserved
[2025-08-01T14:45:22.053+0000] GC(172) Soft: 228 encountered, 0 discovered, 0 enqueued
[2025-08-01T14:45:22.053+0000] GC(172) Weak: 934 encountered, 656 discovered, 0 enqueued
[2025-08-01T14:45:22.053+0000] GC(172) Final: 0 encountered, 0 discovered, 0 enqueued
[2025-08-01T14:45:22.053+0000] GC(172) Phantom: 3 encountered, 1 discovered, 0 enqueued
[2025-08-01T14:45:22.053+0000] GC(172) Small Pages: 1379 / 2758M, Empty: 2154M, Relocated: 13M, In-Place: 0
[2025-08-01T14:45:22.053+0000] GC(172) Medium Pages: 1 / 32M, Empty: 0M, Relocated: 0M, In-Place: 0
[2025-08-01T14:45:22.053+0000] GC(172) Large Pages: 0 / 0M, Empty: 0M, Relocated: 0M, In-Place: 0
[2025-08-01T14:45:22.053+0000] GC(172) Forwarding Usage: 0M
[2025-08-01T14:45:22.053+0000] GC(172) Min Capacity: 4096M(100%)
[2025-08-01T14:45:22.053+0000] GC(172) Max Capacity: 4096M(100%)
[2025-08-01T14:45:22.053+0000] GC(172) Soft Max Capacity: 4096M(100%)
[2025-08-01T14:45:22.053+0000] GC(172)                Mark Start          Mark End        Relocate Start      Relocate End           High               Low         
[2025-08-01T14:45:22.053+0000] GC(172)  Capacity:     4096M (100%)       4096M (100%)       4096M (100%)       4096M (100%)       4096M (100%)       4096M (100%)   
[2025-08-01T14:45:22.053+0000] GC(172)      Free:     1306M (32%)         568M (14%)        2722M (66%)        2744M (67%)        2744M (67%)         568M (14%)    
[2025-08-01T14:45:22.053+0000] GC(172)      Used:     2790M (68%)        3528M (86%)        1374M (34%)        1352M (33%)        3528M (86%)        1352M (33%)    
[2025-08-01T14:45:22.053+0000] GC(172)      Live:         -               575M (14%)         575M (14%)         575M (14%)            -                  -          
[2025-08-01T14:45:22.053+0000] GC(172) Allocated:         -               738M (18%)         738M (18%)         738M (18%)            -                  -          
[2025-08-01T14:45:22.053+0000] GC(172)   Garbage:         -              2214M (54%)          60M (1%)           38M (1%)             -                  -          
[2025-08-01T14:45:22.053+0000] GC(172) Reclaimed:         -                  -              2154M (53%)        2176M (53%)            -                  -          
[2025-08-01T14:45:22.053+0000] GC(172) Garbage Collection (Allocation Rate) 2790M(68%)->1352M(33%)
[2025-08-01T14:45:22.293+0000] GC(173) Heap before GC invocations=173 (full 173):
[2025-08-01T14:45:22.293+0000] GC(173)  ZHeap           used 2610M, capacity 4096M, max capacity 4096M
[2025-08-01T14:45:22.293+0000] GC(173)  Metaspace       used 10643K, committed 10880K, reserved 1114112K
[2025-08-01T14:45:22.293+0000] GC(173)   class space    used 1265K, committed 1344K, reserved 1048576K
[2025-08-01T14:45:22.293+0000] GC(173) Garbage Collection (Allocation Rate)
[2025-08-01T14:45:22.293+0000] GC(173) Using 2 workers
[2025-08-01T14:45:22.294+0000] GC(173) Pause Mark Start 0.008ms
[2025-08-01T14:45:22.417+0000] GC(173) Concurrent Mark 122.608ms
[2025-08-01T14:45:22.417+0000] GC(173) Pause Mark End 0.011ms
[2025-08-01T14:45:22.417+0000] GC(173) Concurrent Mark Free 0.001ms
[2025-08-01T14:45:22.420+0000] GC(173) Concurrent Process Non-Strong References 3.324ms
[2025-08-01T14:45:22.420+0000] GC(173) Concurrent Reset Relocation Set 0.004ms
[2025-08-01T14:45:22.424+0000] GC(173) Concurrent Select Relocation Set 4.190ms
[2025-08-01T14:45:22.425+0000] GC(173) Pause Relocate Start 0.010ms
[2025-08-01T14:45:22.427+0000] GC(173) Concurrent Relocate 1.829ms
[2025-08-01T14:45:22.427+0000] GC(173) Heap after GC invocations=174 (full 174):
[2025-08-01T14:45:22.427+0000] GC(173)  ZHeap           used 1186M, capacity 4096M, max capacity 4096M
[2025-08-01T14:45:22.427+0000] GC(173)  Metaspace       used 10643K, committed 10880K, reserved 1114112K
[2025-08-01T14:45:22.427+0000] GC(173)   class space    used 1265K, committed 1344K, reserved 1048576K
[2025-08-01T14:45:22.427+0000] GC(173) Load: 1.97/0.71/0.31
[2025-08-01T14:45:22.427+0000] GC(173) MMU: 2ms/90.0%, 5ms/96.0%, 10ms/97.9%, 20ms/98.9%, 50ms/99.6%, 100ms/99.8%
[2025-08-01T14:45:22.427+0000] GC(173) Mark: 2 stripe(s), 3 proactive flush(es), 1 terminate flush(es), 0 completion(s), 0 continuation(s) 
[2025-08-01T14:45:22.427+0000] GC(173) Mark Stack Usage: 32M
[2025-08-01T14:45:22.427+0000] GC(173) NMethods: 1415 registered, 180 unregistered
[2025-08-01T14:45:22.427+0000] GC(173) Metaspace: 10M used, 10M committed, 1088M reserved
[2025-08-01T14:45:22.427+0000] GC(173) Soft: 228 encountered, 0 discovered, 0 enqueued
[2025-08-01T14:45:22.427+0000] GC(173) Weak: 934 encountered, 703 discovered, 0 enqueued
[2025-08-01T14:45:22.427+0000] GC(173) Final: 0 encountered, 0 discovered, 0 enqueued
[2025-08-01T14:45:22.427+0000] GC(173) Phantom: 3 encountered, 1 discovered, 0 enqueued
[2025-08-01T14:45:22.427+0000] GC(173) Small Pages: 1290 / 2580M, Empty: 2038M, Relocated: 5M, In-Place: 0
[2025-08-01T14:45:22.427+0000] GC(173) Medium Pages: 1 / 32M, Empty: 0M, Relocated: 0M, In-Place: 0
[2025-08-01T14:45:22.427+0000] GC(173) Large Pages: 0 / 0M, Empty: 0M, Relocated: 0M, In-Place: 0
[2025-08-01T14:45:22.427+0000] GC(173) Forwarding Usage: 0M
[2025-08-01T14:45:22.427+0000] GC(173) Min Capacity: 4096M(100%)
[2025-08-01T14:45:22.427+0000] GC(173) Max Capacity: 4096M(100%)
[2025-08-01T14:45:22.427+0000] GC(173) Soft Max Capacity: 4096M(100%)
[2025-08-01T14:45:22.427+0000] GC(173)                Mark Start          Mark End        Relocate Start      Relocate End           High               Low         
[2025-08-01T14:45:22.427+0000] GC(173)  Capacity:     4096M (100%)       4096M (100%)       4096M (100%)       4096M (100%)       4096M (100%)       4096M (100%)   
[2025-08-01T14:45:22.427+0000] GC(173)      Free:     1484M (36%)         900M (22%)        2908M (71%)        2910M (71%)        2916M (71%)         896M (22%)    
[2025-08-01T14:45:22.427+0000] GC(173)      Used:     2612M (64%)        3196M (78%)        1188M (29%)        1186M (29%)        3200M (78%)        1180M (29%)    
[2025-08-01T14:45:22.427+0000] GC(173)      Live:         -               517M (13%)         517M (13%)         517M (13%)            -                  -          
[2025-08-01T14:45:22.427+0000] GC(173) Allocated:         -               584M (14%)         614M (15%)         632M (15%)            -                  -          
[2025-08-01T14:45:22.427+0000] GC(173)   Garbage:         -              2094M (51%)          56M (1%)           36M (1%)             -                  -          
[2025-08-01T14:45:22.427+0000] GC(173) Reclaimed:         -                  -              2038M (50%)        2058M (50%)            -                  -          
[2025-08-01T14:45:22.427+0000] GC(173) Garbage Collection (Allocation Rate) 2612M(64%)->1186M(29%)
[2025-08-01T14:45:22.693+0000] GC(174) Heap before GC invocations=174 (full 174):
[2025-08-01T14:45:22.693+0000] GC(174)  ZHeap           used 2510M, capacity 4096M, max capacity 4096M
[2025-08-01T14:45:22.693+0000] GC(174)  Metaspace       used 10643K, committed 10880K, reserved 1114112K
[2025-08-01T14:45:22.693+0000] GC(174)   class space    used 1265K, committed 1344K, reserved 1048576K
[2025-08-01T14:45:22.693+0000] GC(174) Garbage Collection (Allocation Rate)
[2025-08-01T14:45:22.693+0000] GC(174) Using 2 workers
[2025-08-01T14:45:22.694+0000] GC(174) Pause Mark Start 0.015ms
[2025-08-01T14:45:22.847+0000] GC(174) Concurrent Mark 152.936ms
[2025-08-01T14:45:22.847+0000] GC(174) Pause Mark End 0.016ms
[2025-08-01T14:45:22.848+0000] GC(174) Concurrent Mark Free 0.002ms
[2025-08-01T14:45:22.852+0000] GC(174) Concurrent Process Non-Strong References 4.098ms
[2025-08-01T14:45:22.852+0000] GC(174) Concurrent Reset Relocation Set 0.004ms
[2025-08-01T14:45:22.856+0000] GC(174) Concurrent Select Relocation Set 3.703ms
[2025-08-01T14:45:22.856+0000] GC(174) Pause Relocate Start 0.013ms
[2025-08-01T14:45:22.861+0000] GC(174) Concurrent Relocate 4.302ms
[2025-08-01T14:45:22.861+0000] GC(174) Heap after GC invocations=175 (full 175):
[2025-08-01T14:45:22.861+0000] GC(174)  ZHeap           used 1390M, capacity 4096M, max capacity 4096M
[2025-08-01T14:45:22.861+0000] GC(174)  Metaspace       used 10643K, committed 10880K, reserved 1114112K
[2025-08-01T14:45:22.861+0000] GC(174)   class space    used 1265K, committed 1344K, reserved 1048576K
[2025-08-01T14:45:22.861+0000] GC(174) Load: 1.97/0.71/0.31
[2025-08-01T14:45:22.861+0000] GC(174) MMU: 2ms/90.0%, 5ms/96.0%, 10ms/97.9%, 20ms/98.9%, 50ms/99.6%, 100ms/99.8%
[2025-08-01T14:45:22.861+0000] GC(174) Mark: 2 stripe(s), 2 proactive flush(es), 1 terminate flush(es), 0 completion(s), 0 continuation(s) 
[2025-08-01T14:45:22.861+0000] GC(174) Mark Stack Usage: 32M
[2025-08-01T14:45:22.861+0000] GC(174) NMethods: 1415 registered, 180 unregistered
[2025-08-01T14:45:22.861+0000] GC(174) Metaspace: 10M used, 10M committed, 1088M reserved
[2025-08-01T14:45:22.861+0000] GC(174) Soft: 228 encountered, 0 discovered, 0 enqueued
[2025-08-01T14:45:22.861+0000] GC(174) Weak: 934 encountered, 664 discovered, 0 enqueued
[2025-08-01T14:45:22.861+0000] GC(174) Final: 0 encountered, 0 discovered, 0 enqueued
[2025-08-01T14:45:22.861+0000] GC(174) Phantom: 3 encountered, 1 discovered, 0 enqueued
[2025-08-01T14:45:22.861+0000] GC(174) Small Pages: 1239 / 2478M, Empty: 1890M, Relocated: 6M, In-Place: 0
[2025-08-01T14:45:22.861+0000] GC(174) Medium Pages: 1 / 32M, Empty: 0M, Relocated: 0M, In-Place: 0
[2025-08-01T14:45:22.861+0000] GC(174) Large Pages: 0 / 0M, Empty: 0M, Relocated: 0M, In-Place: 0
[2025-08-01T14:45:22.861+0000] GC(174) Forwarding Usage: 0M
[2025-08-01T14:45:22.861+0000] GC(174) Min Capacity: 4096M(100%)
[2025-08-01T14:45:22.861+0000] GC(174) Max Capacity: 4096M(100%)
[2025-08-01T14:45:22.861+0000] GC(174) Soft Max Capacity: 4096M(100%)
[2025-08-01T14:45:22.861+0000] GC(174)                Mark Start          Mark End        Relocate Start      Relocate End           High               Low         
[2025-08-01T14:45:22.861+0000] GC(174)  Capacity:     4096M (100%)       4096M (100%)       4096M (100%)       4096M (100%)       4096M (100%)       4096M (100%)   
[2025-08-01T14:45:22.861+0000] GC(174)      Free:     1586M (39%)         892M (22%)        2718M (66%)        2710M (66%)        2724M (67%)         860M (21%)    
[2025-08-01T14:45:22.861+0000] GC(174)      Used:     2510M (61%)        3204M (78%)        1378M (34%)        1386M (34%)        3236M (79%)        1372M (33%)    
[2025-08-01T14:45:22.861+0000] GC(174)      Live:         -               572M (14%)         572M (14%)         572M (14%)            -                  -          
[2025-08-01T14:45:22.861+0000] GC(174) Allocated:         -               694M (17%)         758M (19%)         776M (19%)            -                  -          
[2025-08-01T14:45:22.861+0000] GC(174)   Garbage:         -              1937M (47%)          47M (1%)           37M (1%)             -                  -          
[2025-08-01T14:45:22.861+0000] GC(174) Reclaimed:         -                  -              1890M (46%)        1900M (46%)            -                  -          
[2025-08-01T14:45:22.861+0000] GC(174) Garbage Collection (Allocation Rate) 2510M(61%)->1386M(34%)
[2025-08-01T14:45:23.093+0000] GC(175) Heap before GC invocations=175 (full 175):
[2025-08-01T14:45:23.093+0000] GC(175)  ZHeap           used 2552M, capacity 4096M, max capacity 4096M
[2025-08-01T14:45:23.093+0000] GC(175)  Metaspace       used 10643K, committed 10880K, reserved 1114112K
[2025-08-01T14:45:23.093+0000] GC(175)   class space    used 1265K, committed 1344K, reserved 1048576K
[2025-08-01T14:45:23.093+0000] GC(175) Garbage Collection (Allocation Rate)
[2025-08-01T14:45:23.093+0000] GC(175) Using 2 workers
[2025-08-01T14:45:23.093+0000] GC(175) Pause Mark Start 0.010ms
[2025-08-01T14:45:23.207+0000] GC(175) Concurrent Mark 113.251ms
[2025-08-01T14:45:23.207+0000] GC(175) Pause Mark End 0.019ms
[2025-08-01T14:45:23.207+0000] GC(175) Concurrent Mark Free 0.001ms
[2025-08-01T14:45:23.210+0000] GC(175) Concurrent Process Non-Strong References 2.811ms
[2025-08-01T14:45:23.210+0000] GC(175) Concurrent Reset Relocation Set 0.003ms
[2025-08-01T14:45:23.214+0000] GC(175) Concurrent Select Relocation Set 3.697ms
[2025-08-01T14:45:23.214+0000] GC(175) Pause Relocate Start 0.015ms
[2025-08-01T14:45:23.215+0000] GC(175) Concurrent Relocate 0.680ms
[2025-08-01T14:45:23.215+0000] GC(175) Heap after GC invocations=176 (full 176):
[2025-08-01T14:45:23.215+0000] GC(175)  ZHeap           used 1132M, capacity 4096M, max capacity 4096M
[2025-08-01T14:45:23.215+0000] GC(175)  Metaspace       used 10643K, committed 10880K, reserved 1114112K
[2025-08-01T14:45:23.215+0000] GC(175)   class space    used 1265K, committed 1344K, reserved 1048576K
[2025-08-01T14:45:23.215+0000] GC(175) Load: 1.97/0.71/0.31
[2025-08-01T14:45:23.215+0000] GC(175) MMU: 2ms/90.0%, 5ms/96.0%, 10ms/97.9%, 20ms/98.9%, 50ms/99.6%, 100ms/99.8%
[2025-08-01T14:45:23.215+0000] GC(175) Mark: 2 stripe(s), 4 proactive flush(es), 1 terminate flush(es), 0 completion(s), 0 continuation(s) 
[2025-08-01T14:45:23.215+0000] GC(175) Mark Stack Usage: 32M
[2025-08-01T14:45:23.215+0000] GC(175) NMethods: 1415 registered, 180 unregistered
[2025-08-01T14:45:23.215+0000] GC(175) Metaspace: 10M used, 10M committed, 1088M reserved
[2025-08-01T14:45:23.215+0000] GC(175) Soft: 228 encountered, 0 discovered, 0 enqueued
[2025-08-01T14:45:23.215+0000] GC(175) Weak: 934 encountered, 674 discovered, 0 enqueued
[2025-08-01T14:45:23.215+0000] GC(175) Final: 0 encountered, 0 discovered, 0 enqueued
[2025-08-01T14:45:23.215+0000] GC(175) Phantom: 3 encountered, 2 discovered, 0 enqueued
[2025-08-01T14:45:23.215+0000] GC(175) Small Pages: 1260 / 2520M, Empty: 1994M, Relocated: 1M, In-Place: 0
[2025-08-01T14:45:23.215+0000] GC(175) Medium Pages: 1 / 32M, Empty: 0M, Relocated: 0M, In-Place: 0
[2025-08-01T14:45:23.215+0000] GC(175) Large Pages: 0 / 0M, Empty: 0M, Relocated: 0M, In-Place: 0
[2025-08-01T14:45:23.215+0000] GC(175) Forwarding Usage: 0M
[2025-08-01T14:45:23.215+0000] GC(175) Min Capacity: 4096M(100%)
[2025-08-01T14:45:23.215+0000] GC(175) Max Capacity: 4096M(100%)
[2025-08-01T14:45:23.215+0000] GC(175) Soft Max Capacity: 4096M(100%)
[2025-08-01T14:45:23.215+0000] GC(175)                Mark Start          Mark End        Relocate Start      Relocate End           High               Low         
[2025-08-01T14:45:23.215+0000] GC(175)  Capacity:     4096M (100%)       4096M (100%)       4096M (100%)       4096M (100%)       4096M (100%)       4096M (100%)   
[2025-08-01T14:45:23.215+0000] GC(175)      Free:     1544M (38%)         990M (24%)        2964M (72%)        2966M (72%)        2966M (72%)         990M (24%)    
[2025-08-01T14:45:23.215+0000] GC(175)      Used:     2552M (62%)        3106M (76%)        1132M (28%)        1130M (28%)        3106M (76%)        1130M (28%)    
[2025-08-01T14:45:23.215+0000] GC(175)      Live:         -               511M (12%)         511M (12%)         511M (12%)            -                  -          
[2025-08-01T14:45:23.215+0000] GC(175) Allocated:         -               554M (14%)         574M (14%)         580M (14%)            -                  -          
[2025-08-01T14:45:23.215+0000] GC(175)   Garbage:         -              2040M (50%)          46M (1%)           38M (1%)             -                  -          
[2025-08-01T14:45:23.215+0000] GC(175) Reclaimed:         -                  -              1994M (49%)        2002M (49%)            -                  -          
[2025-08-01T14:45:23.215+0000] GC(175) Garbage Collection (Allocation Rate) 2552M(62%)->1130M(28%)
[2025-08-01T14:45:23.495+0000] GC(176) Heap before GC invocations=176 (full 176):
[2025-08-01T14:45:23.495+0000] GC(176)  ZHeap           used 2576M, capacity 4096M, max capacity 4096M
[2025-08-01T14:45:23.495+0000] GC(176)  Metaspace       used 10643K, committed 10880K, reserved 1114112K
[2025-08-01T14:45:23.495+0000] GC(176)   class space    used 1265K, committed 1344K, reserved 1048576K
[2025-08-01T14:45:23.495+0000] GC(176) Garbage Collection (Allocation Rate)
[2025-08-01T14:45:23.495+0000] GC(176) Using 2 workers
[2025-08-01T14:45:23.495+0000] GC(176) Pause Mark Start 0.010ms
[2025-08-01T14:45:23.634+0000] GC(176) Concurrent Mark 138.456ms
[2025-08-01T14:45:23.634+0000] GC(176) Pause Mark End 0.021ms
[2025-08-01T14:45:23.634+0000] GC(176) Concurrent Mark Free 0.002ms
[2025-08-01T14:45:23.638+0000] GC(176) Concurrent Process Non-Strong References 3.799ms
[2025-08-01T14:45:23.638+0000] GC(176) Concurrent Reset Relocation Set 0.003ms
[2025-08-01T14:45:23.642+0000] GC(176) Concurrent Select Relocation Set 3.409ms
[2025-08-01T14:45:23.642+0000] GC(176) Pause Relocate Start 0.014ms
[2025-08-01T14:45:23.642+0000] GC(176) Concurrent Relocate 0.498ms
[2025-08-01T14:45:23.642+0000] GC(176) Heap after GC invocations=177 (full 177):
[2025-08-01T14:45:23.642+0000] GC(176)  ZHeap           used 1330M, capacity 4096M, max capacity 4096M
[2025-08-01T14:45:23.642+0000] GC(176)  Metaspace       used 10643K, committed 10880K, reserved 1114112K
[2025-08-01T14:45:23.642+0000] GC(176)   class space    used 1265K, committed 1344K, reserved 1048576K
[2025-08-01T14:45:23.643+0000] GC(176) Load: 1.97/0.71/0.31
[2025-08-01T14:45:23.643+0000] GC(176) MMU: 2ms/90.0%, 5ms/96.0%, 10ms/97.9%, 20ms/98.9%, 50ms/99.6%, 100ms/99.8%
[2025-08-01T14:45:23.643+0000] GC(176) Mark: 2 stripe(s), 2 proactive flush(es), 1 terminate flush(es), 0 completion(s), 0 continuation(s) 
[2025-08-01T14:45:23.643+0000] GC(176) Mark Stack Usage: 32M
[2025-08-01T14:45:23.643+0000] GC(176) NMethods: 1415 registered, 180 unregistered
[2025-08-01T14:45:23.643+0000] GC(176) Metaspace: 10M used, 10M committed, 1088M reserved
[2025-08-01T14:45:23.643+0000] GC(176) Soft: 228 encountered, 0 discovered, 0 enqueued
[2025-08-01T14:45:23.643+0000] GC(176) Weak: 934 encountered, 704 discovered, 0 enqueued
[2025-08-01T14:45:23.643+0000] GC(176) Final: 0 encountered, 0 discovered, 0 enqueued
[2025-08-01T14:45:23.643+0000] GC(176) Phantom: 3 encountered, 2 discovered, 0 enqueued
[2025-08-01T14:45:23.643+0000] GC(176) Small Pages: 1272 / 2544M, Empty: 1976M, Relocated: 1M, In-Place: 0
[2025-08-01T14:45:23.643+0000] GC(176) Medium Pages: 1 / 32M, Empty: 0M, Relocated: 0M, In-Place: 0
[2025-08-01T14:45:23.643+0000] GC(176) Large Pages: 0 / 0M, Empty: 0M, Relocated: 0M, In-Place: 0
[2025-08-01T14:45:23.643+0000] GC(176) Forwarding Usage: 0M
[2025-08-01T14:45:23.643+0000] GC(176) Min Capacity: 4096M(100%)
[2025-08-01T14:45:23.643+0000] GC(176) Max Capacity: 4096M(100%)
[2025-08-01T14:45:23.643+0000] GC(176) Soft Max Capacity: 4096M(100%)
[2025-08-01T14:45:23.643+0000] GC(176)                Mark Start          Mark End        Relocate Start      Relocate End           High               Low         
[2025-08-01T14:45:23.643+0000] GC(176)  Capacity:     4096M (100%)       4096M (100%)       4096M (100%)       4096M (100%)       4096M (100%)       4096M (100%)   
[2025-08-01T14:45:23.643+0000] GC(176)      Free:     1520M (37%)         832M (20%)        2758M (67%)        2766M (68%)        2766M (68%)         800M (20%)    
[2025-08-01T14:45:23.643+0000] GC(176)      Used:     2576M (63%)        3264M (80%)        1338M (33%)        1330M (32%)        3296M (80%)        1330M (32%)    
[2025-08-01T14:45:23.643+0000] GC(176)      Live:         -               553M (14%)         553M (14%)         553M (14%)            -                  -          
[2025-08-01T14:45:23.643+0000] GC(176) Allocated:         -               688M (17%)         738M (18%)         738M (18%)            -                  -          
[2025-08-01T14:45:23.643+0000] GC(176)   Garbage:         -              2022M (49%)          46M (1%)           38M (1%)             -                  -          
[2025-08-01T14:45:23.643+0000] GC(176) Reclaimed:         -                  -              1976M (48%)        1984M (48%)            -                  -          
[2025-08-01T14:45:23.643+0000] GC(176) Garbage Collection (Allocation Rate) 2576M(63%)->1330M(32%)
[2025-08-01T14:45:23.692+0000] === Garbage Collection Statistics =======================================================================================================================
[2025-08-01T14:45:23.693+0000]                                                              Last 10s              Last 10m              Last 10h                Total
[2025-08-01T14:45:23.693+0000]                                                              Avg / Max             Avg / Max             Avg / Max             Avg / Max
[2025-08-01T14:45:23.693+0000]   Collector: Garbage Collection Cycle                    140.810 / 225.266     147.364 / 346.825     147.364 / 346.825     147.364 / 346.825     ms
[2025-08-01T14:45:23.693+0000]  Contention: Mark Segment Reset Contention                     0 / 1                 0 / 2                 0 / 2                 0 / 2           ops/s
[2025-08-01T14:45:23.693+0000]  Contention: Mark SeqNum Reset Contention                      0 / 0                 0 / 1                 0 / 1                 0 / 1           ops/s
[2025-08-01T14:45:23.693+0000]    Critical: Allocation Stall                                  0 / 0                 0 / 0                 0 / 0                 0 / 0           ops/s
[2025-08-01T14:45:23.693+0000]    Critical: Allocation Stall                              0.000 / 0.000         0.000 / 0.000         0.000 / 0.000         0.000 / 0.000       ms
[2025-08-01T14:45:23.693+0000]    Critical: GC Locker Stall                                   0 / 0                 0 / 0                 0 / 0                 0 / 0           ops/s
[2025-08-01T14:45:23.693+0000]    Critical: GC Locker Stall                               0.000 / 0.000         0.000 / 0.000         0.000 / 0.000         0.000 / 0.000       ms
[2025-08-01T14:45:23.693+0000]    Critical: Relocation Stall                                  0 / 0                 0 / 0                 0 / 0                 0 / 0           ops/s
[2025-08-01T14:45:23.693+0000]    Critical: Relocation Stall                              0.000 / 0.000         0.000 / 0.000         0.000 / 0.000         0.000 / 0.000       ms
[2025-08-01T14:45:23.693+0000]      Memory: Allocation Rate                                4852 / 5018           4555 / 5128           4555 / 5128           4555 / 5128        MB/s
[2025-08-01T14:45:23.693+0000]      Memory: Defragment                                        0 / 0                 0 / 0                 0 / 0                 0 / 0           ops/s
[2025-08-01T14:45:23.693+0000]      Memory: Out Of Memory                                     0 / 0                 0 / 0                 0 / 0                 0 / 0           ops/s
[2025-08-01T14:45:23.693+0000]      Memory: Page Cache Flush                                  0 / 0                 0 / 0                 0 / 0                 0 / 0           MB/s
[2025-08-01T14:45:23.693+0000]      Memory: Page Cache Hit L1                              2434 / 2519           2256 / 2578           2256 / 2578           2256 / 2578        ops/s
[2025-08-01T14:45:23.693+0000]      Memory: Page Cache Hit L2                                 0 / 0                 0 / 0                 0 / 0                 0 / 0           ops/s
[2025-08-01T14:45:23.693+0000]      Memory: Page Cache Hit L3                                 0 / 0                25 / 551              25 / 551              25 / 551         ops/s
[2025-08-01T14:45:23.693+0000]      Memory: Page Cache Miss                                   0 / 0                 0 / 1                 0 / 1                 0 / 1           ops/s
[2025-08-01T14:45:23.693+0000]      Memory: Uncommit                                          0 / 0                 0 / 0                 0 / 0                 0 / 0           MB/s
[2025-08-01T14:45:23.693+0000]      Memory: Undo Object Allocation Failed                     0 / 0                 0 / 3                 0 / 3                 0 / 3           ops/s
[2025-08-01T14:45:23.693+0000]      Memory: Undo Object Allocation Succeeded                  0 / 0                 0 / 3                 0 / 3                 0 / 3           ops/s
[2025-08-01T14:45:23.693+0000]      Memory: Undo Page Allocation                              0 / 0                 0 / 1                 0 / 1                 0 / 1           ops/s
[2025-08-01T14:45:23.693+0000]       Phase: Concurrent Mark                             128.299 / 208.779     134.920 / 335.006     134.920 / 335.006     134.920 / 335.006     ms
[2025-08-01T14:45:23.693+0000]       Phase: Concurrent Mark Continue                      0.000 / 0.000         0.000 / 0.000         0.000 / 0.000         0.000 / 0.000       ms
[2025-08-01T14:45:23.693+0000]       Phase: Concurrent Mark Free                          0.002 / 0.003         0.002 / 0.005         0.002 / 0.005         0.002 / 0.005       ms
[2025-08-01T14:45:23.693+0000]       Phase: Concurrent Process Non-Strong References      3.812 / 6.487         3.799 / 11.932        3.799 / 11.932        3.799 / 11.932      ms
[2025-08-01T14:45:23.693+0000]       Phase: Concurrent Relocate                           2.276 / 5.306         2.392 / 16.307        2.392 / 16.307        2.392 / 16.307      ms
[2025-08-01T14:45:23.693+0000]       Phase: Concurrent Reset Relocation Set               0.003 / 0.010         0.003 / 0.049         0.003 / 0.049         0.003 / 0.049       ms
[2025-08-01T14:45:23.693+0000]       Phase: Concurrent Select Relocation Set              3.910 / 11.141        3.781 / 16.702        3.781 / 16.702        3.781 / 16.702      ms
[2025-08-01T14:45:23.693+0000]       Phase: Pause Mark End                                0.019 / 0.030         0.023 / 0.200         0.023 / 0.200         0.023 / 0.200       ms
[2025-08-01T14:45:23.693+0000]       Phase: Pause Mark Start                              0.014 / 0.066         0.014 / 0.088         0.014 / 0.088         0.014 / 0.088       ms
[2025-08-01T14:45:23.693+0000]       Phase: Pause Relocate Start                          0.014 / 0.034         0.015 / 0.143         0.015 / 0.143         0.015 / 0.143       ms
[2025-08-01T14:45:23.693+0000]    Subphase: Concurrent Classes Purge                      0.026 / 0.047         0.030 / 0.147         0.030 / 0.147         0.030 / 0.147       ms
[2025-08-01T14:45:23.693+0000]    Subphase: Concurrent Classes Unlink                     2.445 / 4.994         2.447 / 6.492         2.447 / 6.492         2.447 / 6.492       ms
[2025-08-01T14:45:23.693+0000]    Subphase: Concurrent Mark                             126.897 / 207.931     133.447 / 334.367     133.447 / 334.367     133.447 / 334.367     ms
[2025-08-01T14:45:23.693+0000]    Subphase: Concurrent Mark Try Flush                     0.562 / 4.793         0.532 / 7.713         0.532 / 7.713         0.532 / 7.713       ms
[2025-08-01T14:45:23.693+0000]    Subphase: Concurrent Mark Try Terminate                 1.036 / 4.798         0.918 / 4.798         0.918 / 4.798         0.918 / 4.798       ms
[2025-08-01T14:45:23.693+0000]    Subphase: Concurrent References Enqueue                 0.001 / 0.001         0.001 / 0.006         0.001 / 0.006         0.001 / 0.006       ms
[2025-08-01T14:45:23.693+0000]    Subphase: Concurrent References Process                 0.360 / 0.786         0.300 / 1.271         0.300 / 1.271         0.300 / 1.271       ms
[2025-08-01T14:45:23.693+0000]    Subphase: Concurrent Roots ClassLoaderDataGraph         0.110 / 0.379         0.127 / 1.286         0.127 / 1.286         0.127 / 1.286       ms
[2025-08-01T14:45:23.693+0000]    Subphase: Concurrent Roots CodeCache                    0.000 / 0.000         0.000 / 0.000         0.000 / 0.000         0.000 / 0.000       ms
[2025-08-01T14:45:23.693+0000]    Subphase: Concurrent Roots JavaThreads                  0.111 / 0.307         0.116 / 1.222         0.116 / 1.222         0.116 / 1.222       ms
[2025-08-01T14:45:23.693+0000]    Subphase: Concurrent Roots OopStorageSet                0.024 / 0.099         0.032 / 0.238         0.032 / 0.238         0.032 / 0.238       ms
[2025-08-01T14:45:23.693+0000]    Subphase: Concurrent Weak Roots OopStorageSet           0.207 / 0.495         0.227 / 2.271         0.227 / 2.271         0.227 / 2.271       ms
[2025-08-01T14:45:23.693+0000]    Subphase: Pause Mark Try Complete                       0.000 / 0.000         0.000 / 0.000         0.000 / 0.000         0.000 / 0.000       ms
[2025-08-01T14:45:23.693+0000]      System: Java Threads                                     14 / 14               14 / 14               14 / 14               14 / 14          threads
[2025-08-01T14:45:23.693+0000] =========================================================================================================================================================
[2025-08-01T14:45:23.993+0000] GC(177) Heap before GC invocations=177 (full 177):
[2025-08-01T14:45:23.993+0000] GC(177)  ZHeap           used 3046M, capacity 4096M, max capacity 4096M
[2025-08-01T14:45:23.993+0000] GC(177)  Metaspace       used 10643K, committed 10880K, reserved 1114112K
[2025-08-01T14:45:23.993+0000] GC(177)   class space    used 1265K, committed 1344K, reserved 1048576K
[2025-08-01T14:45:23.993+0000] GC(177) Garbage Collection (Allocation Rate)
[2025-08-01T14:45:23.993+0000] GC(177) Using 2 workers
[2025-08-01T14:45:23.994+0000] GC(177) Pause Mark Start 0.013ms
[2025-08-01T14:45:24.065+0000] GC(177) Concurrent Mark 70.804ms
[2025-08-01T14:45:24.066+0000] GC(177) Pause Mark End 0.025ms
[2025-08-01T14:45:24.066+0000] GC(177) Concurrent Mark Free 0.002ms
[2025-08-01T14:45:24.069+0000] GC(177) Concurrent Process Non-Strong References 2.754ms
[2025-08-01T14:45:24.069+0000] GC(177) Concurrent Reset Relocation Set 0.002ms
[2025-08-01T14:45:24.074+0000] GC(177) Concurrent Select Relocation Set 4.117ms
[2025-08-01T14:45:24.074+0000] GC(177) Pause Relocate Start 0.013ms
[2025-08-01T14:45:24.075+0000] GC(177) Concurrent Relocate 0.719ms
[2025-08-01T14:45:24.075+0000] GC(177) Heap after GC invocations=178 (full 178):
[2025-08-01T14:45:24.075+0000] GC(177)  ZHeap           used 694M, capacity 4096M, max capacity 4096M
[2025-08-01T14:45:24.075+0000] GC(177)  Metaspace       used 10643K, committed 10880K, reserved 1114112K
[2025-08-01T14:45:24.075+0000] GC(177)   class space    used 1265K, committed 1344K, reserved 1048576K
[2025-08-01T14:45:24.075+0000] GC(177) Load: 1.97/0.71/0.31
[2025-08-01T14:45:24.075+0000] GC(177) MMU: 2ms/90.0%, 5ms/96.0%, 10ms/97.9%, 20ms/98.9%, 50ms/99.6%, 100ms/99.8%
[2025-08-01T14:45:24.075+0000] GC(177) Mark: 2 stripe(s), 3 proactive flush(es), 1 terminate flush(es), 0 completion(s), 0 continuation(s) 
[2025-08-01T14:45:24.075+0000] GC(177) Mark Stack Usage: 32M
[2025-08-01T14:45:24.075+0000] GC(177) NMethods: 1415 registered, 180 unregistered
[2025-08-01T14:45:24.075+0000] GC(177) Metaspace: 10M used, 10M committed, 1088M reserved
[2025-08-01T14:45:24.075+0000] GC(177) Soft: 228 encountered, 0 discovered, 0 enqueued
[2025-08-01T14:45:24.075+0000] GC(177) Weak: 934 encountered, 704 discovered, 0 enqueued
[2025-08-01T14:45:24.075+0000] GC(177) Final: 0 encountered, 0 discovered, 0 enqueued
[2025-08-01T14:45:24.075+0000] GC(177) Phantom: 3 encountered, 2 discovered, 0 enqueued
[2025-08-01T14:45:24.075+0000] GC(177) Small Pages: 1512 / 3024M, Empty: 2756M, Relocated: 1M, In-Place: 0
[2025-08-01T14:45:24.075+0000] GC(177) Medium Pages: 1 / 32M, Empty: 0M, Relocated: 0M, In-Place: 0
[2025-08-01T14:45:24.075+0000] GC(177) Large Pages: 0 / 0M, Empty: 0M, Relocated: 0M, In-Place: 0
[2025-08-01T14:45:24.075+0000] GC(177) Forwarding Usage: 0M
[2025-08-01T14:45:24.075+0000] GC(177) Min Capacity: 4096M(100%)
[2025-08-01T14:45:24.075+0000] GC(177) Max Capacity: 4096M(100%)
[2025-08-01T14:45:24.075+0000] GC(177) Soft Max Capacity: 4096M(100%)
[2025-08-01T14:45:24.075+0000] GC(177)                Mark Start          Mark End        Relocate Start      Relocate End           High               Low         
[2025-08-01T14:45:24.075+0000] GC(177)  Capacity:     4096M (100%)       4096M (100%)       4096M (100%)       4096M (100%)       4096M (100%)       4096M (100%)   
[2025-08-01T14:45:24.075+0000] GC(177)      Free:     1040M (25%)         716M (17%)        3402M (83%)        3402M (83%)        3408M (83%)         690M (17%)    
[2025-08-01T14:45:24.075+0000] GC(177)      Used:     3056M (75%)        3380M (83%)         694M (17%)         694M (17%)        3406M (83%)         688M (17%)    
[2025-08-01T14:45:24.075+0000] GC(177)      Live:         -               256M (6%)          256M (6%)          256M (6%)             -                  -          
[2025-08-01T14:45:24.075+0000] GC(177) Allocated:         -               324M (8%)          394M (10%)         400M (10%)            -                  -          
[2025-08-01T14:45:24.075+0000] GC(177)   Garbage:         -              2799M (68%)          43M (1%)           37M (1%)             -                  -          
[2025-08-01T14:45:24.075+0000] GC(177) Reclaimed:         -                  -              2756M (67%)        2762M (67%)            -                  -          
[2025-08-01T14:45:24.075+0000] GC(177) Garbage Collection (Allocation Rate) 3056M(75%)->694M(17%)
[2025-08-01T14:45:24.492+0000] GC(178) Heap before GC invocations=178 (full 178):
[2025-08-01T14:45:24.492+0000] GC(178)  ZHeap           used 2790M, capacity 4096M, max capacity 4096M
[2025-08-01T14:45:24.492+0000] GC(178)  Metaspace       used 10643K, committed 10880K, reserved 1114112K
[2025-08-01T14:45:24.492+0000] GC(178)   class space    used 1265K, committed 1344K, reserved 1048576K
[2025-08-01T14:45:24.492+0000] GC(178) Garbage Collection (Allocation Rate)
[2025-08-01T14:45:24.492+0000] GC(178) Using 2 workers
[2025-08-01T14:45:24.493+0000] GC(178) Pause Mark Start 0.009ms
[2025-08-01T14:45:24.646+0000] GC(178) Concurrent Mark 152.590ms
[2025-08-01T14:45:24.646+0000] GC(178) Pause Mark End 0.020ms
[2025-08-01T14:45:24.646+0000] GC(178) Concurrent Mark Free 0.003ms
[2025-08-01T14:45:24.649+0000] GC(178) Concurrent Process Non-Strong References 2.636ms
[2025-08-01T14:45:24.649+0000] GC(178) Concurrent Reset Relocation Set 0.002ms
[2025-08-01T14:45:24.652+0000] GC(178) Concurrent Select Relocation Set 3.172ms
[2025-08-01T14:45:24.652+0000] GC(178) Pause Relocate Start 0.011ms
[2025-08-01T14:45:24.655+0000] GC(178) Concurrent Relocate 2.795ms
[2025-08-01T14:45:24.655+0000] GC(178) Heap after GC invocations=179 (full 179):
[2025-08-01T14:45:24.655+0000] GC(178)  ZHeap           used 1458M, capacity 4096M, max capacity 4096M
[2025-08-01T14:45:24.655+0000] GC(178)  Metaspace       used 10643K, committed 10880K, reserved 1114112K
[2025-08-01T14:45:24.655+0000] GC(178)   class space    used 1265K, committed 1344K, reserved 1048576K
[2025-08-01T14:45:24.655+0000] GC(178) Load: 1.97/0.71/0.31
[2025-08-01T14:45:24.655+0000] GC(178) MMU: 2ms/90.0%, 5ms/96.0%, 10ms/97.9%, 20ms/98.9%, 50ms/99.6%, 100ms/99.8%
[2025-08-01T14:45:24.655+0000] GC(178) Mark: 2 stripe(s), 3 proactive flush(es), 1 terminate flush(es), 0 completion(s), 0 continuation(s) 
[2025-08-01T14:45:24.655+0000] GC(178) Mark Stack Usage: 32M
[2025-08-01T14:45:24.655+0000] GC(178) NMethods: 1415 registered, 180 unregistered
[2025-08-01T14:45:24.655+0000] GC(178) Metaspace: 10M used, 10M committed, 1088M reserved
[2025-08-01T14:45:24.655+0000] GC(178) Soft: 228 encountered, 0 discovered, 0 enqueued
[2025-08-01T14:45:24.655+0000] GC(178) Weak: 934 encountered, 765 discovered, 0 enqueued
[2025-08-01T14:45:24.655+0000] GC(178) Final: 0 encountered, 0 discovered, 0 enqueued
[2025-08-01T14:45:24.655+0000] GC(178) Phantom: 3 encountered, 1 discovered, 0 enqueued
[2025-08-01T14:45:24.655+0000] GC(178) Small Pages: 1380 / 2760M, Empty: 2070M, Relocated: 10M, In-Place: 0
[2025-08-01T14:45:24.655+0000] GC(178) Medium Pages: 1 / 32M, Empty: 0M, Relocated: 0M, In-Place: 0
[2025-08-01T14:45:24.655+0000] GC(178) Large Pages: 0 / 0M, Empty: 0M, Relocated: 0M, In-Place: 0
[2025-08-01T14:45:24.655+0000] GC(178) Forwarding Usage: 0M
[2025-08-01T14:45:24.655+0000] GC(178) Min Capacity: 4096M(100%)
[2025-08-01T14:45:24.655+0000] GC(178) Max Capacity: 4096M(100%)
[2025-08-01T14:45:24.655+0000] GC(178) Soft Max Capacity: 4096M(100%)
[2025-08-01T14:45:24.655+0000] GC(178)                Mark Start          Mark End        Relocate Start      Relocate End           High               Low         
[2025-08-01T14:45:24.655+0000] GC(178)  Capacity:     4096M (100%)       4096M (100%)       4096M (100%)       4096M (100%)       4096M (100%)       4096M (100%)   
[2025-08-01T14:45:24.655+0000] GC(178)      Free:     1304M (32%)         554M (14%)        2624M (64%)        2640M (64%)        2642M (65%)         554M (14%)    
[2025-08-01T14:45:24.655+0000] GC(178)      Used:     2792M (68%)        3542M (86%)        1472M (36%)        1456M (36%)        3542M (86%)        1454M (35%)    
[2025-08-01T14:45:24.655+0000] GC(178)      Live:         -               662M (16%)         662M (16%)         662M (16%)            -                  -          
[2025-08-01T14:45:24.655+0000] GC(178) Allocated:         -               750M (18%)         750M (18%)         756M (18%)            -                  -          
[2025-08-01T14:45:24.655+0000] GC(178)   Garbage:         -              2129M (52%)          59M (1%)           37M (1%)             -                  -          
[2025-08-01T14:45:24.656+0000] GC(178) Reclaimed:         -                  -              2070M (51%)        2092M (51%)            -                  -          
[2025-08-01T14:45:24.656+0000] GC(178) Garbage Collection (Allocation Rate) 2792M(68%)->1456M(36%)
[2025-08-01T14:45:24.893+0000] GC(179) Heap before GC invocations=179 (full 179):
[2025-08-01T14:45:24.894+0000] GC(179)  ZHeap           used 2688M, capacity 4096M, max capacity 4096M
[2025-08-01T14:45:24.894+0000] GC(179)  Metaspace       used 10643K, committed 10880K, reserved 1114112K
[2025-08-01T14:45:24.894+0000] GC(179)   class space    used 1265K, committed 1344K, reserved 1048576K
[2025-08-01T14:45:24.894+0000] GC(179) Garbage Collection (Allocation Rate)
[2025-08-01T14:45:24.894+0000] GC(179) Using 2 workers
[2025-08-01T14:45:24.895+0000] GC(179) Pause Mark Start 0.007ms
[2025-08-01T14:45:25.048+0000] GC(179) Concurrent Mark 153.327ms
[2025-08-01T14:45:25.049+0000] GC(179) Pause Mark End 0.019ms
[2025-08-01T14:45:25.049+0000] GC(179) Concurrent Mark Free 0.003ms
[2025-08-01T14:45:25.053+0000] GC(179) Concurrent Process Non-Strong References 4.098ms
[2025-08-01T14:45:25.053+0000] GC(179) Concurrent Reset Relocation Set 0.005ms
[2025-08-01T14:45:25.057+0000] GC(179) Concurrent Select Relocation Set 3.644ms
[2025-08-01T14:45:25.057+0000] GC(179) Pause Relocate Start 0.014ms
[2025-08-01T14:45:25.060+0000] GC(179) Concurrent Relocate 2.589ms
[2025-08-01T14:45:25.060+0000] GC(179) Heap after GC invocations=180 (full 180):
[2025-08-01T14:45:25.060+0000] GC(179)  ZHeap           used 1460M, capacity 4096M, max capacity 4096M
[2025-08-01T14:45:25.060+0000] GC(179)  Metaspace       used 10643K, committed 10880K, reserved 1114112K
[2025-08-01T14:45:25.060+0000] GC(179)   class space    used 1265K, committed 1344K, reserved 1048576K
[2025-08-01T14:45:25.060+0000] GC(179) Load: 1.97/0.71/0.31
[2025-08-01T14:45:25.060+0000] GC(179) MMU: 2ms/90.0%, 5ms/96.0%, 10ms/97.9%, 20ms/98.9%, 50ms/99.6%, 100ms/99.8%
[2025-08-01T14:45:25.060+0000] GC(179) Mark: 2 stripe(s), 2 proactive flush(es), 1 terminate flush(es), 0 completion(s), 0 continuation(s) 
[2025-08-01T14:45:25.060+0000] GC(179) Mark Stack Usage: 32M
[2025-08-01T14:45:25.060+0000] GC(179) NMethods: 1415 registered, 180 unregistered
[2025-08-01T14:45:25.060+0000] GC(179) Metaspace: 10M used, 10M committed, 1088M reserved
[2025-08-01T14:45:25.060+0000] GC(179) Soft: 228 encountered, 0 discovered, 0 enqueued
[2025-08-01T14:45:25.060+0000] GC(179) Weak: 934 encountered, 685 discovered, 0 enqueued
[2025-08-01T14:45:25.060+0000] GC(179) Final: 0 encountered, 0 discovered, 0 enqueued
[2025-08-01T14:45:25.060+0000] GC(179) Phantom: 3 encountered, 1 discovered, 0 enqueued
[2025-08-01T14:45:25.060+0000] GC(179) Small Pages: 1328 / 2656M, Empty: 2004M, Relocated: 8M, In-Place: 0
[2025-08-01T14:45:25.060+0000] GC(179) Medium Pages: 1 / 32M, Empty: 0M, Relocated: 0M, In-Place: 0
[2025-08-01T14:45:25.060+0000] GC(179) Large Pages: 0 / 0M, Empty: 0M, Relocated: 0M, In-Place: 0
[2025-08-01T14:45:25.060+0000] GC(179) Forwarding Usage: 0M
[2025-08-01T14:45:25.060+0000] GC(179) Min Capacity: 4096M(100%)
[2025-08-01T14:45:25.060+0000] GC(179) Max Capacity: 4096M(100%)
[2025-08-01T14:45:25.060+0000] GC(179) Soft Max Capacity: 4096M(100%)
[2025-08-01T14:45:25.060+0000] GC(179)                Mark Start          Mark End        Relocate Start      Relocate End           High               Low         
[2025-08-01T14:45:25.060+0000] GC(179)  Capacity:     4096M (100%)       4096M (100%)       4096M (100%)       4096M (100%)       4096M (100%)       4096M (100%)   
[2025-08-01T14:45:25.060+0000] GC(179)      Free:     1408M (34%)         664M (16%)        2624M (64%)        2636M (64%)        2636M (64%)         636M (16%)    
[2025-08-01T14:45:25.060+0000] GC(179)      Used:     2688M (66%)        3432M (84%)        1472M (36%)        1460M (36%)        3460M (84%)        1460M (36%)    
[2025-08-01T14:45:25.060+0000] GC(179)      Live:         -               633M (15%)         633M (15%)         633M (15%)            -                  -          
[2025-08-01T14:45:25.060+0000] GC(179) Allocated:         -               744M (18%)         788M (19%)         788M (19%)            -                  -          
[2025-08-01T14:45:25.060+0000] GC(179)   Garbage:         -              2054M (50%)          50M (1%)           38M (1%)             -                  -          
[2025-08-01T14:45:25.060+0000] GC(179) Reclaimed:         -                  -              2004M (49%)        2016M (49%)            -                  -          
[2025-08-01T14:45:25.060+0000] GC(179) Garbage Collection (Allocation Rate) 2688M(66%)->1460M(36%)
[2025-08-01T14:45:25.293+0000] GC(180) Heap before GC invocations=180 (full 180):
[2025-08-01T14:45:25.293+0000] GC(180)  ZHeap           used 2654M, capacity 4096M, max capacity 4096M
[2025-08-01T14:45:25.293+0000] GC(180)  Metaspace       used 10643K, committed 10880K, reserved 1114112K
[2025-08-01T14:45:25.293+0000] GC(180)   class space    used 1265K, committed 1344K, reserved 1048576K
[2025-08-01T14:45:25.293+0000] GC(180) Garbage Collection (Allocation Rate)
[2025-08-01T14:45:25.293+0000] GC(180) Using 2 workers
[2025-08-01T14:45:25.294+0000] GC(180) Pause Mark Start 0.012ms
[2025-08-01T14:45:25.424+0000] GC(180) Concurrent Mark 129.839ms
[2025-08-01T14:45:25.424+0000] GC(180) Pause Mark End 0.019ms
[2025-08-01T14:45:25.424+0000] GC(180) Concurrent Mark Free 0.002ms
[2025-08-01T14:45:25.428+0000] GC(180) Concurrent Process Non-Strong References 3.807ms
[2025-08-01T14:45:25.428+0000] GC(180) Concurrent Reset Relocation Set 0.004ms
[2025-08-01T14:45:25.431+0000] GC(180) Concurrent Select Relocation Set 3.397ms
[2025-08-01T14:45:25.432+0000] GC(180) Pause Relocate Start 0.015ms
[2025-08-01T14:45:25.433+0000] GC(180) Concurrent Relocate 1.763ms
[2025-08-01T14:45:25.433+0000] GC(180) Heap after GC invocations=181 (full 181):
[2025-08-01T14:45:25.434+0000] GC(180)  ZHeap           used 1150M, capacity 4096M, max capacity 4096M
[2025-08-01T14:45:25.434+0000] GC(180)  Metaspace       used 10643K, committed 10880K, reserved 1114112K
[2025-08-01T14:45:25.434+0000] GC(180)   class space    used 1265K, committed 1344K, reserved 1048576K
[2025-08-01T14:45:25.434+0000] GC(180) Load: 1.97/0.71/0.31
[2025-08-01T14:45:25.434+0000] GC(180) MMU: 2ms/90.0%, 5ms/96.0%, 10ms/97.9%, 20ms/98.9%, 50ms/99.6%, 100ms/99.8%
[2025-08-01T14:45:25.434+0000] GC(180) Mark: 2 stripe(s), 3 proactive flush(es), 1 terminate flush(es), 0 completion(s), 0 continuation(s) 
[2025-08-01T14:45:25.434+0000] GC(180) Mark Stack Usage: 32M
[2025-08-01T14:45:25.434+0000] GC(180) NMethods: 1415 registered, 180 unregistered
[2025-08-01T14:45:25.434+0000] GC(180) Metaspace: 10M used, 10M committed, 1088M reserved
[2025-08-01T14:45:25.434+0000] GC(180) Soft: 228 encountered, 0 discovered, 0 enqueued
[2025-08-01T14:45:25.434+0000] GC(180) Weak: 934 encountered, 694 discovered, 0 enqueued
[2025-08-01T14:45:25.434+0000] GC(180) Final: 0 encountered, 0 discovered, 0 enqueued
[2025-08-01T14:45:25.434+0000] GC(180) Phantom: 3 encountered, 1 discovered, 0 enqueued
[2025-08-01T14:45:25.434+0000] GC(180) Small Pages: 1312 / 2624M, Empty: 2138M, Relocated: 6M, In-Place: 0
[2025-08-01T14:45:25.434+0000] GC(180) Medium Pages: 1 / 32M, Empty: 0M, Relocated: 0M, In-Place: 0
[2025-08-01T14:45:25.434+0000] GC(180) Large Pages: 0 / 0M, Empty: 0M, Relocated: 0M, In-Place: 0
[2025-08-01T14:45:25.434+0000] GC(180) Forwarding Usage: 0M
[2025-08-01T14:45:25.434+0000] GC(180) Min Capacity: 4096M(100%)
[2025-08-01T14:45:25.434+0000] GC(180) Max Capacity: 4096M(100%)
[2025-08-01T14:45:25.434+0000] GC(180) Soft Max Capacity: 4096M(100%)
[2025-08-01T14:45:25.434+0000] GC(180)                Mark Start          Mark End        Relocate Start      Relocate End           High               Low         
[2025-08-01T14:45:25.434+0000] GC(180)  Capacity:     4096M (100%)       4096M (100%)       4096M (100%)       4096M (100%)       4096M (100%)       4096M (100%)   
[2025-08-01T14:45:25.434+0000] GC(180)      Free:     1440M (35%)         840M (21%)        2932M (72%)        2946M (72%)        2946M (72%)         808M (20%)    
[2025-08-01T14:45:25.434+0000] GC(180)      Used:     2656M (65%)        3256M (79%)        1164M (28%)        1150M (28%)        3288M (80%)        1150M (28%)    
[2025-08-01T14:45:25.434+0000] GC(180)      Live:         -               468M (11%)         468M (11%)         468M (11%)            -                  -          
[2025-08-01T14:45:25.434+0000] GC(180) Allocated:         -               600M (15%)         646M (16%)         646M (16%)            -                  -          
[2025-08-01T14:45:25.434+0000] GC(180)   Garbage:         -              2187M (53%)          49M (1%)           35M (1%)             -                  -          
[2025-08-01T14:45:25.434+0000] GC(180) Reclaimed:         -                  -              2138M (52%)        2152M (53%)            -                  -          
[2025-08-01T14:45:25.434+0000] GC(180) Garbage Collection (Allocation Rate) 2656M(65%)->1150M(28%)
[2025-08-01T14:45:25.794+0000] GC(181) Heap before GC invocations=181 (full 181):
[2025-08-01T14:45:25.795+0000] GC(181)  ZHeap           used 2904M, capacity 4096M, max capacity 4096M
[2025-08-01T14:45:25.795+0000] GC(181)  Metaspace       used 10643K, committed 10880K, reserved 1114112K
[2025-08-01T14:45:25.795+0000] GC(181)   class space    used 1265K, committed 1344K, reserved 1048576K
[2025-08-01T14:45:25.795+0000] GC(181) Garbage Collection (Allocation Rate)
[2025-08-01T14:45:25.795+0000] GC(181) Using 2 workers
[2025-08-01T14:45:25.796+0000] GC(181) Pause Mark Start 0.012ms
[2025-08-01T14:45:25.895+0000] GC(181) Concurrent Mark 98.510ms
[2025-08-01T14:45:25.895+0000] GC(181) Pause Mark End 0.017ms
[2025-08-01T14:45:25.895+0000] GC(181) Concurrent Mark Free 0.001ms
[2025-08-01T14:45:25.898+0000] GC(181) Concurrent Process Non-Strong References 2.767ms
[2025-08-01T14:45:25.898+0000] GC(181) Concurrent Reset Relocation Set 0.003ms
[2025-08-01T14:45:25.903+0000] GC(181) Concurrent Select Relocation Set 4.928ms
[2025-08-01T14:45:25.904+0000] GC(181) Pause Relocate Start 0.016ms
[2025-08-01T14:45:25.914+0000] GC(181) Concurrent Relocate 9.593ms
[2025-08-01T14:45:25.914+0000] GC(181) Heap after GC invocations=182 (full 182):
[2025-08-01T14:45:25.914+0000] GC(181)  ZHeap           used 930M, capacity 4096M, max capacity 4096M
[2025-08-01T14:45:25.914+0000] GC(181)  Metaspace       used 10643K, committed 10880K, reserved 1114112K
[2025-08-01T14:45:25.914+0000] GC(181)   class space    used 1265K, committed 1344K, reserved 1048576K
[2025-08-01T14:45:25.914+0000] GC(181) Load: 1.97/0.71/0.31
[2025-08-01T14:45:25.914+0000] GC(181) MMU: 2ms/90.0%, 5ms/96.0%, 10ms/97.9%, 20ms/98.9%, 50ms/99.6%, 100ms/99.8%
[2025-08-01T14:45:25.914+0000] GC(181) Mark: 2 stripe(s), 4 proactive flush(es), 1 terminate flush(es), 0 completion(s), 0 continuation(s) 
[2025-08-01T14:45:25.914+0000] GC(181) Mark Stack Usage: 32M
[2025-08-01T14:45:25.914+0000] GC(181) NMethods: 1415 registered, 180 unregistered
[2025-08-01T14:45:25.914+0000] GC(181) Metaspace: 10M used, 10M committed, 1088M reserved
[2025-08-01T14:45:25.914+0000] GC(181) Soft: 228 encountered, 0 discovered, 0 enqueued
[2025-08-01T14:45:25.914+0000] GC(181) Weak: 934 encountered, 740 discovered, 0 enqueued
[2025-08-01T14:45:25.914+0000] GC(181) Final: 0 encountered, 0 discovered, 0 enqueued
[2025-08-01T14:45:25.914+0000] GC(181) Phantom: 3 encountered, 1 discovered, 0 enqueued
[2025-08-01T14:45:25.914+0000] GC(181) Small Pages: 1436 / 2872M, Empty: 2516M, Relocated: 22M, In-Place: 0
[2025-08-01T14:45:25.914+0000] GC(181) Medium Pages: 1 / 32M, Empty: 0M, Relocated: 0M, In-Place: 0
[2025-08-01T14:45:25.914+0000] GC(181) Large Pages: 0 / 0M, Empty: 0M, Relocated: 0M, In-Place: 0
[2025-08-01T14:45:25.914+0000] GC(181) Forwarding Usage: 1M
[2025-08-01T14:45:25.914+0000] GC(181) Min Capacity: 4096M(100%)
[2025-08-01T14:45:25.914+0000] GC(181) Max Capacity: 4096M(100%)
[2025-08-01T14:45:25.914+0000] GC(181) Soft Max Capacity: 4096M(100%)
[2025-08-01T14:45:25.914+0000] GC(181)                Mark Start          Mark End        Relocate Start      Relocate End           High               Low         
[2025-08-01T14:45:25.914+0000] GC(181)  Capacity:     4096M (100%)       4096M (100%)       4096M (100%)       4096M (100%)       4096M (100%)       4096M (100%)   
[2025-08-01T14:45:25.914+0000] GC(181)      Free:     1192M (29%)         732M (18%)        3196M (78%)        3166M (77%)        3210M (78%)         720M (18%)    
[2025-08-01T14:45:25.914+0000] GC(181)      Used:     2904M (71%)        3364M (82%)         900M (22%)         930M (23%)        3376M (82%)         886M (22%)    
[2025-08-01T14:45:25.914+0000] GC(181)      Live:         -               309M (8%)          309M (8%)          309M (8%)             -                  -          
[2025-08-01T14:45:25.914+0000] GC(181) Allocated:         -               460M (11%)         512M (12%)         580M (14%)            -                  -          
[2025-08-01T14:45:25.914+0000] GC(181)   Garbage:         -              2594M (63%)          78M (2%)           40M (1%)             -                  -          
[2025-08-01T14:45:25.914+0000] GC(181) Reclaimed:         -                  -              2516M (61%)        2554M (62%)            -                  -          
[2025-08-01T14:45:25.914+0000] GC(181) Garbage Collection (Allocation Rate) 2904M(71%)->930M(23%)
[2025-08-01T14:45:26.293+0000] GC(182) Heap before GC invocations=182 (full 182):
[2025-08-01T14:45:26.293+0000] GC(182)  ZHeap           used 2832M, capacity 4096M, max capacity 4096M
[2025-08-01T14:45:26.293+0000] GC(182)  Metaspace       used 10643K, committed 10880K, reserved 1114112K
[2025-08-01T14:45:26.293+0000] GC(182)   class space    used 1265K, committed 1344K, reserved 1048576K
[2025-08-01T14:45:26.293+0000] GC(182) Garbage Collection (Allocation Rate)
[2025-08-01T14:45:26.294+0000] GC(182) Using 2 workers
[2025-08-01T14:45:26.294+0000] GC(182) Pause Mark Start 0.010ms
[2025-08-01T14:45:26.482+0000] GC(182) Concurrent Mark 188.108ms
[2025-08-01T14:45:26.483+0000] GC(182) Pause Mark End 0.018ms
[2025-08-01T14:45:26.483+0000] GC(182) Concurrent Mark Free 0.002ms
[2025-08-01T14:45:26.486+0000] GC(182) Concurrent Process Non-Strong References 3.138ms
[2025-08-01T14:45:26.486+0000] GC(182) Concurrent Reset Relocation Set 0.006ms
[2025-08-01T14:45:26.490+0000] GC(182) Concurrent Select Relocation Set 3.562ms
[2025-08-01T14:45:26.490+0000] GC(182) Pause Relocate Start 0.011ms
[2025-08-01T14:45:26.491+0000] GC(182) Concurrent Relocate 0.605ms
[2025-08-01T14:45:26.491+0000] GC(182) Heap after GC invocations=183 (full 183):
[2025-08-01T14:45:26.491+0000] GC(182)  ZHeap           used 1336M, capacity 4096M, max capacity 4096M
[2025-08-01T14:45:26.491+0000] GC(182)  Metaspace       used 10643K, committed 10880K, reserved 1114112K
[2025-08-01T14:45:26.491+0000] GC(182)   class space    used 1265K, committed 1344K, reserved 1048576K
[2025-08-01T14:45:26.491+0000] GC(182) Load: 2.06/0.75/0.32
[2025-08-01T14:45:26.491+0000] GC(182) MMU: 2ms/90.0%, 5ms/96.0%, 10ms/97.9%, 20ms/98.9%, 50ms/99.6%, 100ms/99.8%
[2025-08-01T14:45:26.491+0000] GC(182) Mark: 2 stripe(s), 2 proactive flush(es), 1 terminate flush(es), 0 completion(s), 0 continuation(s) 
[2025-08-01T14:45:26.491+0000] GC(182) Mark Stack Usage: 32M
[2025-08-01T14:45:26.491+0000] GC(182) NMethods: 1415 registered, 180 unregistered
[2025-08-01T14:45:26.491+0000] GC(182) Metaspace: 10M used, 10M committed, 1088M reserved
[2025-08-01T14:45:26.491+0000] GC(182) Soft: 228 encountered, 0 discovered, 0 enqueued
[2025-08-01T14:45:26.491+0000] GC(182) Weak: 934 encountered, 701 discovered, 0 enqueued
[2025-08-01T14:45:26.491+0000] GC(182) Final: 0 encountered, 0 discovered, 0 enqueued
[2025-08-01T14:45:26.491+0000] GC(182) Phantom: 3 encountered, 1 discovered, 0 enqueued
[2025-08-01T14:45:26.491+0000] GC(182) Small Pages: 1400 / 2800M, Empty: 2294M, Relocated: 1M, In-Place: 0
[2025-08-01T14:45:26.491+0000] GC(182) Medium Pages: 1 / 32M, Empty: 0M, Relocated: 0M, In-Place: 0
[2025-08-01T14:45:26.491+0000] GC(182) Large Pages: 0 / 0M, Empty: 0M, Relocated: 0M, In-Place: 0
[2025-08-01T14:45:26.491+0000] GC(182) Forwarding Usage: 0M
[2025-08-01T14:45:26.491+0000] GC(182) Min Capacity: 4096M(100%)
[2025-08-01T14:45:26.491+0000] GC(182) Max Capacity: 4096M(100%)
[2025-08-01T14:45:26.491+0000] GC(182) Soft Max Capacity: 4096M(100%)
[2025-08-01T14:45:26.491+0000] GC(182)                Mark Start          Mark End        Relocate Start      Relocate End           High               Low         
[2025-08-01T14:45:26.491+0000] GC(182)  Capacity:     4096M (100%)       4096M (100%)       4096M (100%)       4096M (100%)       4096M (100%)       4096M (100%)   
[2025-08-01T14:45:26.491+0000] GC(182)      Free:     1264M (31%)         502M (12%)        2758M (67%)        2760M (67%)        2760M (67%)         486M (12%)    
[2025-08-01T14:45:26.491+0000] GC(182)      Used:     2832M (69%)        3594M (88%)        1338M (33%)        1336M (33%)        3610M (88%)        1336M (33%)    
[2025-08-01T14:45:26.491+0000] GC(182)      Live:         -               493M (12%)         493M (12%)         493M (12%)            -                  -          
[2025-08-01T14:45:26.491+0000] GC(182) Allocated:         -               762M (19%)         800M (20%)         804M (20%)            -                  -          
[2025-08-01T14:45:26.491+0000] GC(182)   Garbage:         -              2338M (57%)          44M (1%)           38M (1%)             -                  -          
[2025-08-01T14:45:26.491+0000] GC(182) Reclaimed:         -                  -              2294M (56%)        2300M (56%)            -                  -          
[2025-08-01T14:45:26.491+0000] GC(182) Garbage Collection (Allocation Rate) 2832M(69%)->1336M(33%)
[2025-08-01T14:45:26.694+0000] GC(183) Heap before GC invocations=183 (full 183):
[2025-08-01T14:45:26.694+0000] GC(183)  ZHeap           used 2246M, capacity 4096M, max capacity 4096M
[2025-08-01T14:45:26.694+0000] GC(183)  Metaspace       used 10643K, committed 10880K, reserved 1114112K
[2025-08-01T14:45:26.694+0000] GC(183)   class space    used 1265K, committed 1344K, reserved 1048576K
[2025-08-01T14:45:26.694+0000] GC(183) Garbage Collection (Allocation Rate)
[2025-08-01T14:45:26.694+0000] GC(183) Using 2 workers
[2025-08-01T14:45:26.694+0000] GC(183) Pause Mark Start 0.014ms
[2025-08-01T14:45:26.803+0000] GC(183) Concurrent Mark 108.338ms
[2025-08-01T14:45:26.803+0000] GC(183) Pause Mark End 0.020ms
[2025-08-01T14:45:26.803+0000] GC(183) Concurrent Mark Free 0.002ms
[2025-08-01T14:45:26.809+0000] GC(183) Concurrent Process Non-Strong References 5.622ms
[2025-08-01T14:45:26.809+0000] GC(183) Concurrent Reset Relocation Set 0.003ms
[2025-08-01T14:45:26.814+0000] GC(183) Concurrent Select Relocation Set 4.821ms
[2025-08-01T14:45:26.814+0000] GC(183) Pause Relocate Start 0.015ms
[2025-08-01T14:45:26.815+0000] GC(183) Concurrent Relocate 0.684ms
[2025-08-01T14:45:26.815+0000] GC(183) Heap after GC invocations=184 (full 184):
[2025-08-01T14:45:26.815+0000] GC(183)  ZHeap           used 1062M, capacity 4096M, max capacity 4096M
[2025-08-01T14:45:26.815+0000] GC(183)  Metaspace       used 10643K, committed 10880K, reserved 1114112K
[2025-08-01T14:45:26.815+0000] GC(183)   class space    used 1265K, committed 1344K, reserved 1048576K
[2025-08-01T14:45:26.815+0000] GC(183) Load: 2.06/0.75/0.32
[2025-08-01T14:45:26.815+0000] GC(183) MMU: 2ms/90.0%, 5ms/96.0%, 10ms/97.9%, 20ms/98.9%, 50ms/99.6%, 100ms/99.8%
[2025-08-01T14:45:26.815+0000] GC(183) Mark: 2 stripe(s), 2 proactive flush(es), 1 terminate flush(es), 0 completion(s), 0 continuation(s) 
[2025-08-01T14:45:26.815+0000] GC(183) Mark Stack Usage: 32M
[2025-08-01T14:45:26.815+0000] GC(183) NMethods: 1415 registered, 180 unregistered
[2025-08-01T14:45:26.815+0000] GC(183) Metaspace: 10M used, 10M committed, 1088M reserved
[2025-08-01T14:45:26.815+0000] GC(183) Soft: 228 encountered, 0 discovered, 0 enqueued
[2025-08-01T14:45:26.815+0000] GC(183) Weak: 934 encountered, 698 discovered, 0 enqueued
[2025-08-01T14:45:26.815+0000] GC(183) Final: 0 encountered, 0 discovered, 0 enqueued
[2025-08-01T14:45:26.815+0000] GC(183) Phantom: 3 encountered, 2 discovered, 0 enqueued
[2025-08-01T14:45:26.815+0000] GC(183) Small Pages: 1108 / 2216M, Empty: 1834M, Relocated: 1M, In-Place: 0
[2025-08-01T14:45:26.815+0000] GC(183) Medium Pages: 1 / 32M, Empty: 0M, Relocated: 0M, In-Place: 0
[2025-08-01T14:45:26.816+0000] GC(183) Large Pages: 0 / 0M, Empty: 0M, Relocated: 0M, In-Place: 0
[2025-08-01T14:45:26.816+0000] GC(183) Forwarding Usage: 0M
[2025-08-01T14:45:26.816+0000] GC(183) Min Capacity: 4096M(100%)
[2025-08-01T14:45:26.816+0000] GC(183) Max Capacity: 4096M(100%)
[2025-08-01T14:45:26.816+0000] GC(183) Soft Max Capacity: 4096M(100%)
[2025-08-01T14:45:26.816+0000] GC(183)                Mark Start          Mark End        Relocate Start      Relocate End           High               Low         
[2025-08-01T14:45:26.816+0000] GC(183)  Capacity:     4096M (100%)       4096M (100%)       4096M (100%)       4096M (100%)       4096M (100%)       4096M (100%)   
[2025-08-01T14:45:26.816+0000] GC(183)      Free:     1848M (45%)        1266M (31%)        3028M (74%)        3034M (74%)        3034M (74%)        1230M (30%)    
[2025-08-01T14:45:26.816+0000] GC(183)      Used:     2248M (55%)        2830M (69%)        1068M (26%)        1062M (26%)        2866M (70%)        1062M (26%)    
[2025-08-01T14:45:26.816+0000] GC(183)      Live:         -               367M (9%)          367M (9%)          367M (9%)             -                  -          
[2025-08-01T14:45:26.816+0000] GC(183) Allocated:         -               582M (14%)         654M (16%)         656M (16%)            -                  -          
[2025-08-01T14:45:26.816+0000] GC(183)   Garbage:         -              1880M (46%)          46M (1%)           38M (1%)             -                  -          
[2025-08-01T14:45:26.816+0000] GC(183) Reclaimed:         -                  -              1834M (45%)        1842M (45%)            -                  -          
[2025-08-01T14:45:26.816+0000] GC(183) Garbage Collection (Allocation Rate) 2248M(55%)->1062M(26%)
[2025-08-01T14:45:27.093+0000] GC(184) Heap before GC invocations=184 (full 184):
[2025-08-01T14:45:27.093+0000] GC(184)  ZHeap           used 2400M, capacity 4096M, max capacity 4096M
[2025-08-01T14:45:27.093+0000] GC(184)  Metaspace       used 10643K, committed 10880K, reserved 1114112K
[2025-08-01T14:45:27.093+0000] GC(184)   class space    used 1265K, committed 1344K, reserved 1048576K
[2025-08-01T14:45:27.094+0000] GC(184) Garbage Collection (Allocation Rate)
[2025-08-01T14:45:27.094+0000] GC(184) Using 2 workers
[2025-08-01T14:45:27.094+0000] GC(184) Pause Mark Start 0.014ms
[2025-08-01T14:45:27.224+0000] GC(184) Concurrent Mark 129.731ms
[2025-08-01T14:45:27.224+0000] GC(184) Pause Mark End 0.019ms
[2025-08-01T14:45:27.224+0000] GC(184) Concurrent Mark Free 0.001ms
[2025-08-01T14:45:27.228+0000] GC(184) Concurrent Process Non-Strong References 3.264ms
[2025-08-01T14:45:27.228+0000] GC(184) Concurrent Reset Relocation Set 0.002ms
[2025-08-01T14:45:27.231+0000] GC(184) Concurrent Select Relocation Set 3.543ms
[2025-08-01T14:45:27.231+0000] GC(184) Pause Relocate Start 0.011ms
[2025-08-01T14:45:27.233+0000] GC(184) Concurrent Relocate 1.580ms
[2025-08-01T14:45:27.233+0000] GC(184) Heap after GC invocations=185 (full 185):
[2025-08-01T14:45:27.233+0000] GC(184)  ZHeap           used 1272M, capacity 4096M, max capacity 4096M
[2025-08-01T14:45:27.233+0000] GC(184)  Metaspace       used 10643K, committed 10880K, reserved 1114112K
[2025-08-01T14:45:27.233+0000] GC(184)   class space    used 1265K, committed 1344K, reserved 1048576K
[2025-08-01T14:45:27.233+0000] GC(184) Load: 2.06/0.75/0.32
[2025-08-01T14:45:27.233+0000] GC(184) MMU: 2ms/90.0%, 5ms/96.0%, 10ms/97.9%, 20ms/98.9%, 50ms/99.6%, 100ms/99.8%
[2025-08-01T14:45:27.233+0000] GC(184) Mark: 2 stripe(s), 2 proactive flush(es), 1 terminate flush(es), 0 completion(s), 0 continuation(s) 
[2025-08-01T14:45:27.233+0000] GC(184) Mark Stack Usage: 32M
[2025-08-01T14:45:27.233+0000] GC(184) NMethods: 1415 registered, 180 unregistered
[2025-08-01T14:45:27.233+0000] GC(184) Metaspace: 10M used, 10M committed, 1088M reserved
[2025-08-01T14:45:27.233+0000] GC(184) Soft: 228 encountered, 0 discovered, 0 enqueued
[2025-08-01T14:45:27.233+0000] GC(184) Weak: 934 encountered, 657 discovered, 0 enqueued
[2025-08-01T14:45:27.233+0000] GC(184) Final: 0 encountered, 0 discovered, 0 enqueued
[2025-08-01T14:45:27.233+0000] GC(184) Phantom: 3 encountered, 1 discovered, 0 enqueued
[2025-08-01T14:45:27.233+0000] GC(184) Small Pages: 1185 / 2370M, Empty: 1834M, Relocated: 4M, In-Place: 0
[2025-08-01T14:45:27.233+0000] GC(184) Medium Pages: 1 / 32M, Empty: 0M, Relocated: 0M, In-Place: 0
[2025-08-01T14:45:27.233+0000] GC(184) Large Pages: 0 / 0M, Empty: 0M, Relocated: 0M, In-Place: 0
[2025-08-01T14:45:27.233+0000] GC(184) Forwarding Usage: 0M
[2025-08-01T14:45:27.233+0000] GC(184) Min Capacity: 4096M(100%)
[2025-08-01T14:45:27.233+0000] GC(184) Max Capacity: 4096M(100%)
[2025-08-01T14:45:27.233+0000] GC(184) Soft Max Capacity: 4096M(100%)
[2025-08-01T14:45:27.233+0000] GC(184)                Mark Start          Mark End        Relocate Start      Relocate End           High               Low         
[2025-08-01T14:45:27.233+0000] GC(184)  Capacity:     4096M (100%)       4096M (100%)       4096M (100%)       4096M (100%)       4096M (100%)       4096M (100%)   
[2025-08-01T14:45:27.234+0000] GC(184)      Free:     1694M (41%)         988M (24%)        2812M (69%)        2824M (69%)        2824M (69%)         978M (24%)    
[2025-08-01T14:45:27.234+0000] GC(184)      Used:     2402M (59%)        3108M (76%)        1284M (31%)        1272M (31%)        3118M (76%)        1272M (31%)    
[2025-08-01T14:45:27.234+0000] GC(184)      Live:         -               518M (13%)         518M (13%)         518M (13%)            -                  -          
[2025-08-01T14:45:27.234+0000] GC(184) Allocated:         -               706M (17%)         716M (17%)         716M (17%)            -                  -          
[2025-08-01T14:45:27.234+0000] GC(184)   Garbage:         -              1883M (46%)          49M (1%)           37M (1%)             -                  -          
[2025-08-01T14:45:27.234+0000] GC(184) Reclaimed:         -                  -              1834M (45%)        1846M (45%)            -                  -          
[2025-08-01T14:45:27.234+0000] GC(184) Garbage Collection (Allocation Rate) 2402M(59%)->1272M(31%)
[2025-08-01T14:45:27.593+0000] GC(185) Heap before GC invocations=185 (full 185):
[2025-08-01T14:45:27.593+0000] GC(185)  ZHeap           used 3032M, capacity 4096M, max capacity 4096M
[2025-08-01T14:45:27.593+0000] GC(185)  Metaspace       used 10643K, committed 10880K, reserved 1114112K
[2025-08-01T14:45:27.593+0000] GC(185)   class space    used 1265K, committed 1344K, reserved 1048576K
[2025-08-01T14:45:27.593+0000] GC(185) Garbage Collection (Allocation Rate)
[2025-08-01T14:45:27.593+0000] GC(185) Using 2 workers
[2025-08-01T14:45:27.594+0000] GC(185) Pause Mark Start 0.013ms
[2025-08-01T14:45:27.724+0000] GC(185) Concurrent Mark 129.843ms
[2025-08-01T14:45:27.725+0000] GC(185) Pause Mark End 0.018ms
[2025-08-01T14:45:27.725+0000] GC(185) Concurrent Mark Free 0.001ms
[2025-08-01T14:45:27.727+0000] GC(185) Concurrent Process Non-Strong References 2.629ms
[2025-08-01T14:45:27.727+0000] GC(185) Concurrent Reset Relocation Set 0.002ms
[2025-08-01T14:45:27.731+0000] GC(185) Concurrent Select Relocation Set 3.802ms
[2025-08-01T14:45:27.732+0000] GC(185) Pause Relocate Start 0.009ms
[2025-08-01T14:45:27.733+0000] GC(185) Concurrent Relocate 1.236ms
[2025-08-01T14:45:27.733+0000] GC(185) Heap after GC invocations=186 (full 186):
[2025-08-01T14:45:27.733+0000] GC(185)  ZHeap           used 1132M, capacity 4096M, max capacity 4096M
[2025-08-01T14:45:27.733+0000] GC(185)  Metaspace       used 10643K, committed 10880K, reserved 1114112K
[2025-08-01T14:45:27.733+0000] GC(185)   class space    used 1265K, committed 1344K, reserved 1048576K
[2025-08-01T14:45:27.733+0000] GC(185) Load: 2.06/0.75/0.32
[2025-08-01T14:45:27.733+0000] GC(185) MMU: 2ms/90.0%, 5ms/96.0%, 10ms/97.9%, 20ms/98.9%, 50ms/99.6%, 100ms/99.8%
[2025-08-01T14:45:27.733+0000] GC(185) Mark: 2 stripe(s), 2 proactive flush(es), 1 terminate flush(es), 0 completion(s), 0 continuation(s) 
[2025-08-01T14:45:27.733+0000] GC(185) Mark Stack Usage: 32M
[2025-08-01T14:45:27.733+0000] GC(185) NMethods: 1415 registered, 180 unregistered
[2025-08-01T14:45:27.733+0000] GC(185) Metaspace: 10M used, 10M committed, 1088M reserved
[2025-08-01T14:45:27.733+0000] GC(185) Soft: 228 encountered, 0 discovered, 0 enqueued
[2025-08-01T14:45:27.733+0000] GC(185) Weak: 934 encountered, 722 discovered, 0 enqueued
[2025-08-01T14:45:27.733+0000] GC(185) Final: 0 encountered, 0 discovered, 0 enqueued
[2025-08-01T14:45:27.733+0000] GC(185) Phantom: 3 encountered, 2 discovered, 0 enqueued
[2025-08-01T14:45:27.733+0000] GC(185) Small Pages: 1502 / 3004M, Empty: 2450M, Relocated: 3M, In-Place: 0
[2025-08-01T14:45:27.733+0000] GC(185) Medium Pages: 1 / 32M, Empty: 0M, Relocated: 0M, In-Place: 0
[2025-08-01T14:45:27.733+0000] GC(185) Large Pages: 0 / 0M, Empty: 0M, Relocated: 0M, In-Place: 0
[2025-08-01T14:45:27.733+0000] GC(185) Forwarding Usage: 0M
[2025-08-01T14:45:27.733+0000] GC(185) Min Capacity: 4096M(100%)
[2025-08-01T14:45:27.733+0000] GC(185) Max Capacity: 4096M(100%)
[2025-08-01T14:45:27.733+0000] GC(185) Soft Max Capacity: 4096M(100%)
[2025-08-01T14:45:27.733+0000] GC(185)                Mark Start          Mark End        Relocate Start      Relocate End           High               Low         
[2025-08-01T14:45:27.733+0000] GC(185)  Capacity:     4096M (100%)       4096M (100%)       4096M (100%)       4096M (100%)       4096M (100%)       4096M (100%)   
[2025-08-01T14:45:27.733+0000] GC(185)      Free:     1060M (26%)         520M (13%)        2958M (72%)        2964M (72%)        2964M (72%)         520M (13%)    
[2025-08-01T14:45:27.733+0000] GC(185)      Used:     3036M (74%)        3576M (87%)        1138M (28%)        1132M (28%)        3576M (87%)        1132M (28%)    
[2025-08-01T14:45:27.733+0000] GC(185)      Live:         -               536M (13%)         536M (13%)         536M (13%)            -                  -          
[2025-08-01T14:45:27.733+0000] GC(185) Allocated:         -               540M (13%)         552M (13%)         558M (14%)            -                  -          
[2025-08-01T14:45:27.733+0000] GC(185)   Garbage:         -              2499M (61%)          49M (1%)           37M (1%)             -                  -          
[2025-08-01T14:45:27.733+0000] GC(185) Reclaimed:         -                  -              2450M (60%)        2462M (60%)            -                  -          
[2025-08-01T14:45:27.733+0000] GC(185) Garbage Collection (Allocation Rate) 3036M(74%)->1132M(28%)
[2025-08-01T14:45:28.094+0000] GC(186) Heap before GC invocations=186 (full 186):
[2025-08-01T14:45:28.094+0000] GC(186)  ZHeap           used 2952M, capacity 4096M, max capacity 4096M
[2025-08-01T14:45:28.094+0000] GC(186)  Metaspace       used 10643K, committed 10880K, reserved 1114112K
[2025-08-01T14:45:28.094+0000] GC(186)   class space    used 1265K, committed 1344K, reserved 1048576K
[2025-08-01T14:45:28.094+0000] GC(186) Garbage Collection (Allocation Rate)
[2025-08-01T14:45:28.094+0000] GC(186) Using 2 workers
[2025-08-01T14:45:28.094+0000] GC(186) Pause Mark Start 0.010ms
[2025-08-01T14:45:28.190+0000] GC(186) Concurrent Mark 95.415ms
[2025-08-01T14:45:28.191+0000] GC(186) Pause Mark End 0.013ms
[2025-08-01T14:45:28.191+0000] GC(186) Concurrent Mark Free 0.001ms
[2025-08-01T14:45:28.193+0000] GC(186) Concurrent Process Non-Strong References 2.426ms
[2025-08-01T14:45:28.193+0000] GC(186) Concurrent Reset Relocation Set 0.002ms
[2025-08-01T14:45:28.195+0000] GC(186) Concurrent Select Relocation Set 1.965ms
[2025-08-01T14:45:28.195+0000] GC(186) Pause Relocate Start 0.008ms
[2025-08-01T14:45:28.196+0000] GC(186) Concurrent Relocate 0.771ms
[2025-08-01T14:45:28.196+0000] GC(186) Heap after GC invocations=187 (full 187):
[2025-08-01T14:45:28.196+0000] GC(186)  ZHeap           used 836M, capacity 4096M, max capacity 4096M
[2025-08-01T14:45:28.196+0000] GC(186)  Metaspace       used 10643K, committed 10880K, reserved 1114112K
[2025-08-01T14:45:28.196+0000] GC(186)   class space    used 1265K, committed 1344K, reserved 1048576K
[2025-08-01T14:45:28.196+0000] GC(186) Load: 2.06/0.75/0.32
[2025-08-01T14:45:28.196+0000] GC(186) MMU: 2ms/90.0%, 5ms/96.0%, 10ms/97.9%, 20ms/98.9%, 50ms/99.6%, 100ms/99.8%
[2025-08-01T14:45:28.196+0000] GC(186) Mark: 2 stripe(s), 2 proactive flush(es), 1 terminate flush(es), 0 completion(s), 0 continuation(s) 
[2025-08-01T14:45:28.196+0000] GC(186) Mark Stack Usage: 32M
[2025-08-01T14:45:28.196+0000] GC(186) NMethods: 1415 registered, 180 unregistered
[2025-08-01T14:45:28.196+0000] GC(186) Metaspace: 10M used, 10M committed, 1088M reserved
[2025-08-01T14:45:28.196+0000] GC(186) Soft: 228 encountered, 0 discovered, 0 enqueued
[2025-08-01T14:45:28.196+0000] GC(186) Weak: 934 encountered, 703 discovered, 0 enqueued
[2025-08-01T14:45:28.196+0000] GC(186) Final: 0 encountered, 0 discovered, 0 enqueued
[2025-08-01T14:45:28.196+0000] GC(186) Phantom: 3 encountered, 1 discovered, 0 enqueued
[2025-08-01T14:45:28.196+0000] GC(186) Small Pages: 1460 / 2920M, Empty: 2570M, Relocated: 2M, In-Place: 0
[2025-08-01T14:45:28.196+0000] GC(186) Medium Pages: 1 / 32M, Empty: 0M, Relocated: 0M, In-Place: 0
[2025-08-01T14:45:28.196+0000] GC(186) Large Pages: 0 / 0M, Empty: 0M, Relocated: 0M, In-Place: 0
[2025-08-01T14:45:28.196+0000] GC(186) Forwarding Usage: 0M
[2025-08-01T14:45:28.196+0000] GC(186) Min Capacity: 4096M(100%)
[2025-08-01T14:45:28.196+0000] GC(186) Max Capacity: 4096M(100%)
[2025-08-01T14:45:28.196+0000] GC(186) Soft Max Capacity: 4096M(100%)
[2025-08-01T14:45:28.196+0000] GC(186)                Mark Start          Mark End        Relocate Start      Relocate End           High               Low         
[2025-08-01T14:45:28.196+0000] GC(186)  Capacity:     4096M (100%)       4096M (100%)       4096M (100%)       4096M (100%)       4096M (100%)       4096M (100%)   
[2025-08-01T14:45:28.196+0000] GC(186)      Free:     1144M (28%)         692M (17%)        3252M (79%)        3260M (80%)        3260M (80%)         682M (17%)    
[2025-08-01T14:45:28.196+0000] GC(186)      Used:     2952M (72%)        3404M (83%)         844M (21%)         836M (20%)        3414M (83%)         836M (20%)    
[2025-08-01T14:45:28.196+0000] GC(186)      Live:         -               338M (8%)          338M (8%)          338M (8%)             -                  -          
[2025-08-01T14:45:28.196+0000] GC(186) Allocated:         -               452M (11%)         462M (11%)         462M (11%)            -                  -          
[2025-08-01T14:45:28.196+0000] GC(186)   Garbage:         -              2613M (64%)          43M (1%)           35M (1%)             -                  -          
[2025-08-01T14:45:28.196+0000] GC(186) Reclaimed:         -                  -              2570M (63%)        2578M (63%)            -                  -          
[2025-08-01T14:45:28.196+0000] GC(186) Garbage Collection (Allocation Rate) 2952M(72%)->836M(20%)
[2025-08-01T14:45:28.593+0000] GC(187) Heap before GC invocations=187 (full 187):
[2025-08-01T14:45:28.593+0000] GC(187)  ZHeap           used 2646M, capacity 4096M, max capacity 4096M
[2025-08-01T14:45:28.593+0000] GC(187)  Metaspace       used 10643K, committed 10880K, reserved 1114112K
[2025-08-01T14:45:28.593+0000] GC(187)   class space    used 1265K, committed 1344K, reserved 1048576K
[2025-08-01T14:45:28.593+0000] GC(187) Garbage Collection (Allocation Rate)
[2025-08-01T14:45:28.593+0000] GC(187) Using 2 workers
[2025-08-01T14:45:28.594+0000] GC(187) Pause Mark Start 0.013ms
[2025-08-01T14:45:28.669+0000] GC(187) Concurrent Mark 74.614ms
[2025-08-01T14:45:28.670+0000] GC(187) Pause Mark End 0.016ms
[2025-08-01T14:45:28.671+0000] GC(187) Concurrent Mark Free 0.002ms
[2025-08-01T14:45:28.676+0000] GC(187) Concurrent Process Non-Strong References 4.549ms
[2025-08-01T14:45:28.676+0000] GC(187) Concurrent Reset Relocation Set 0.003ms
[2025-08-01T14:45:28.680+0000] GC(187) Concurrent Select Relocation Set 4.016ms
[2025-08-01T14:45:28.680+0000] GC(187) Pause Relocate Start 0.013ms
[2025-08-01T14:45:28.683+0000] GC(187) Concurrent Relocate 2.285ms
[2025-08-01T14:45:28.683+0000] GC(187) Heap after GC invocations=188 (full 188):
[2025-08-01T14:45:28.683+0000] GC(187)  ZHeap           used 718M, capacity 4096M, max capacity 4096M
[2025-08-01T14:45:28.683+0000] GC(187)  Metaspace       used 10643K, committed 10880K, reserved 1114112K
[2025-08-01T14:45:28.683+0000] GC(187)   class space    used 1265K, committed 1344K, reserved 1048576K
[2025-08-01T14:45:28.683+0000] GC(187) Load: 2.06/0.75/0.32
[2025-08-01T14:45:28.683+0000] GC(187) MMU: 2ms/90.0%, 5ms/96.0%, 10ms/97.9%, 20ms/98.9%, 50ms/99.6%, 100ms/99.8%
[2025-08-01T14:45:28.683+0000] GC(187) Mark: 2 stripe(s), 2 proactive flush(es), 1 terminate flush(es), 0 completion(s), 0 continuation(s) 
[2025-08-01T14:45:28.683+0000] GC(187) Mark Stack Usage: 32M
[2025-08-01T14:45:28.683+0000] GC(187) NMethods: 1415 registered, 180 unregistered
[2025-08-01T14:45:28.683+0000] GC(187) Metaspace: 10M used, 10M committed, 1088M reserved
[2025-08-01T14:45:28.683+0000] GC(187) Soft: 228 encountered, 0 discovered, 0 enqueued
[2025-08-01T14:45:28.683+0000] GC(187) Weak: 934 encountered, 673 discovered, 0 enqueued
[2025-08-01T14:45:28.683+0000] GC(187) Final: 0 encountered, 0 discovered, 0 enqueued
[2025-08-01T14:45:28.683+0000] GC(187) Phantom: 3 encountered, 1 discovered, 0 enqueued
[2025-08-01T14:45:28.683+0000] GC(187) Small Pages: 1308 / 2616M, Empty: 2310M, Relocated: 5M, In-Place: 0
[2025-08-01T14:45:28.683+0000] GC(187) Medium Pages: 1 / 32M, Empty: 0M, Relocated: 0M, In-Place: 0
[2025-08-01T14:45:28.683+0000] GC(187) Large Pages: 0 / 0M, Empty: 0M, Relocated: 0M, In-Place: 0
[2025-08-01T14:45:28.683+0000] GC(187) Forwarding Usage: 0M
[2025-08-01T14:45:28.683+0000] GC(187) Min Capacity: 4096M(100%)
[2025-08-01T14:45:28.683+0000] GC(187) Max Capacity: 4096M(100%)
[2025-08-01T14:45:28.683+0000] GC(187) Soft Max Capacity: 4096M(100%)
[2025-08-01T14:45:28.683+0000] GC(187)                Mark Start          Mark End        Relocate Start      Relocate End           High               Low         
[2025-08-01T14:45:28.683+0000] GC(187)  Capacity:     4096M (100%)       4096M (100%)       4096M (100%)       4096M (100%)       4096M (100%)       4096M (100%)   
[2025-08-01T14:45:28.683+0000] GC(187)      Free:     1448M (35%)        1158M (28%)        3388M (83%)        3378M (82%)        3418M (83%)        1116M (27%)    
[2025-08-01T14:45:28.683+0000] GC(187)      Used:     2648M (65%)        2938M (72%)         708M (17%)         718M (18%)        2980M (73%)         678M (17%)    
[2025-08-01T14:45:28.683+0000] GC(187)      Live:         -               295M (7%)          295M (7%)          295M (7%)             -                  -          
[2025-08-01T14:45:28.683+0000] GC(187) Allocated:         -               290M (7%)          370M (9%)          386M (9%)             -                  -          
[2025-08-01T14:45:28.683+0000] GC(187)   Garbage:         -              2352M (57%)          42M (1%)           36M (1%)             -                  -          
[2025-08-01T14:45:28.683+0000] GC(187) Reclaimed:         -                  -              2310M (56%)        2316M (57%)            -                  -          
[2025-08-01T14:45:28.683+0000] GC(187) Garbage Collection (Allocation Rate) 2648M(65%)->718M(18%)
[2025-08-01T14:45:29.193+0000] GC(188) Heap before GC invocations=188 (full 188):
[2025-08-01T14:45:29.193+0000] GC(188)  ZHeap           used 3096M, capacity 4096M, max capacity 4096M
[2025-08-01T14:45:29.193+0000] GC(188)  Metaspace       used 10643K, committed 10880K, reserved 1114112K
[2025-08-01T14:45:29.194+0000] GC(188)   class space    used 1265K, committed 1344K, reserved 1048576K
[2025-08-01T14:45:29.194+0000] GC(188) Garbage Collection (Allocation Rate)
[2025-08-01T14:45:29.194+0000] GC(188) Using 2 workers
[2025-08-01T14:45:29.194+0000] GC(188) Pause Mark Start 0.013ms
[2025-08-01T14:45:29.307+0000] GC(188) Concurrent Mark 112.897ms
[2025-08-01T14:45:29.307+0000] GC(188) Pause Mark End 0.017ms
[2025-08-01T14:45:29.307+0000] GC(188) Concurrent Mark Free 0.001ms
[2025-08-01T14:45:29.311+0000] GC(188) Concurrent Process Non-Strong References 3.505ms
[2025-08-01T14:45:29.311+0000] GC(188) Concurrent Reset Relocation Set 0.002ms
[2025-08-01T14:45:29.313+0000] GC(188) Concurrent Select Relocation Set 2.519ms
[2025-08-01T14:45:29.314+0000] GC(188) Pause Relocate Start 0.011ms
[2025-08-01T14:45:29.316+0000] GC(188) Concurrent Relocate 2.562ms
[2025-08-01T14:45:29.317+0000] GC(188) Heap after GC invocations=189 (full 189):
[2025-08-01T14:45:29.317+0000] GC(188)  ZHeap           used 1216M, capacity 4096M, max capacity 4096M
[2025-08-01T14:45:29.317+0000] GC(188)  Metaspace       used 10643K, committed 10880K, reserved 1114112K
[2025-08-01T14:45:29.317+0000] GC(188)   class space    used 1265K, committed 1344K, reserved 1048576K
[2025-08-01T14:45:29.317+0000] GC(188) Load: 2.06/0.75/0.32
[2025-08-01T14:45:29.317+0000] GC(188) MMU: 2ms/90.0%, 5ms/96.0%, 10ms/97.9%, 20ms/98.9%, 50ms/99.6%, 100ms/99.8%
[2025-08-01T14:45:29.317+0000] GC(188) Mark: 2 stripe(s), 2 proactive flush(es), 1 terminate flush(es), 0 completion(s), 0 continuation(s) 
[2025-08-01T14:45:29.317+0000] GC(188) Mark Stack Usage: 32M
[2025-08-01T14:45:29.317+0000] GC(188) NMethods: 1415 registered, 180 unregistered
[2025-08-01T14:45:29.317+0000] GC(188) Metaspace: 10M used, 10M committed, 1088M reserved
[2025-08-01T14:45:29.317+0000] GC(188) Soft: 228 encountered, 0 discovered, 0 enqueued
[2025-08-01T14:45:29.317+0000] GC(188) Weak: 934 encountered, 705 discovered, 0 enqueued
[2025-08-01T14:45:29.317+0000] GC(188) Final: 0 encountered, 0 discovered, 0 enqueued
[2025-08-01T14:45:29.317+0000] GC(188) Phantom: 3 encountered, 1 discovered, 0 enqueued
[2025-08-01T14:45:29.317+0000] GC(188) Small Pages: 1532 / 3064M, Empty: 2540M, Relocated: 6M, In-Place: 0
[2025-08-01T14:45:29.317+0000] GC(188) Medium Pages: 1 / 32M, Empty: 0M, Relocated: 0M, In-Place: 0
[2025-08-01T14:45:29.317+0000] GC(188) Large Pages: 0 / 0M, Empty: 0M, Relocated: 0M, In-Place: 0
[2025-08-01T14:45:29.317+0000] GC(188) Forwarding Usage: 0M
[2025-08-01T14:45:29.317+0000] GC(188) Min Capacity: 4096M(100%)
[2025-08-01T14:45:29.317+0000] GC(188) Max Capacity: 4096M(100%)
[2025-08-01T14:45:29.317+0000] GC(188) Soft Max Capacity: 4096M(100%)
[2025-08-01T14:45:29.317+0000] GC(188)                Mark Start          Mark End        Relocate Start      Relocate End           High               Low         
[2025-08-01T14:45:29.317+0000] GC(188)  Capacity:     4096M (100%)       4096M (100%)       4096M (100%)       4096M (100%)       4096M (100%)       4096M (100%)   
[2025-08-01T14:45:29.317+0000] GC(188)      Free:     1000M (24%)         368M (9%)         2868M (70%)        2880M (70%)        2880M (70%)         348M (8%)     
[2025-08-01T14:45:29.317+0000] GC(188)      Used:     3096M (76%)        3728M (91%)        1228M (30%)        1216M (30%)        3748M (92%)        1216M (30%)    
[2025-08-01T14:45:29.317+0000] GC(188)      Live:         -               507M (12%)         507M (12%)         507M (12%)            -                  -          
[2025-08-01T14:45:29.317+0000] GC(188) Allocated:         -               632M (15%)         672M (16%)         672M (16%)            -                  -          
[2025-08-01T14:45:29.317+0000] GC(188)   Garbage:         -              2588M (63%)          48M (1%)           36M (1%)             -                  -          
[2025-08-01T14:45:29.317+0000] GC(188) Reclaimed:         -                  -              2540M (62%)        2552M (62%)            -                  -          
[2025-08-01T14:45:29.317+0000] GC(188) Garbage Collection (Allocation Rate) 3096M(76%)->1216M(30%)
[2025-08-01T14:45:29.693+0000] GC(189) Heap before GC invocations=189 (full 189):
[2025-08-01T14:45:29.693+0000] GC(189)  ZHeap           used 2984M, capacity 4096M, max capacity 4096M
[2025-08-01T14:45:29.693+0000] GC(189)  Metaspace       used 10643K, committed 10880K, reserved 1114112K
[2025-08-01T14:45:29.693+0000] GC(189)   class space    used 1265K, committed 1344K, reserved 1048576K
[2025-08-01T14:45:29.693+0000] GC(189) Garbage Collection (Allocation Rate)
[2025-08-01T14:45:29.693+0000] GC(189) Using 2 workers
[2025-08-01T14:45:29.693+0000] GC(189) Pause Mark Start 0.009ms
[2025-08-01T14:45:29.779+0000] GC(189) Concurrent Mark 85.891ms
[2025-08-01T14:45:29.780+0000] GC(189) Pause Mark End 0.031ms
[2025-08-01T14:45:29.780+0000] GC(189) Concurrent Mark Free 0.002ms
[2025-08-01T14:45:29.783+0000] GC(189) Concurrent Process Non-Strong References 3.115ms
[2025-08-01T14:45:29.783+0000] GC(189) Concurrent Reset Relocation Set 0.003ms
[2025-08-01T14:45:29.790+0000] GC(189) Concurrent Select Relocation Set 6.142ms
[2025-08-01T14:45:29.790+0000] GC(189) Pause Relocate Start 0.011ms
[2025-08-01T14:45:29.792+0000] GC(189) Concurrent Relocate 1.942ms
[2025-08-01T14:45:29.792+0000] GC(189) Heap after GC invocations=190 (full 190):
[2025-08-01T14:45:29.792+0000] GC(189)  ZHeap           used 918M, capacity 4096M, max capacity 4096M
[2025-08-01T14:45:29.792+0000] GC(189)  Metaspace       used 10643K, committed 10880K, reserved 1114112K
[2025-08-01T14:45:29.792+0000] GC(189)   class space    used 1265K, committed 1344K, reserved 1048576K
[2025-08-01T14:45:29.792+0000] GC(189) Load: 2.06/0.75/0.32
[2025-08-01T14:45:29.792+0000] GC(189) MMU: 2ms/90.0%, 5ms/96.0%, 10ms/97.9%, 20ms/98.9%, 50ms/99.6%, 100ms/99.8%
[2025-08-01T14:45:29.792+0000] GC(189) Mark: 2 stripe(s), 2 proactive flush(es), 1 terminate flush(es), 0 completion(s), 0 continuation(s) 
[2025-08-01T14:45:29.792+0000] GC(189) Mark Stack Usage: 32M
[2025-08-01T14:45:29.792+0000] GC(189) NMethods: 1415 registered, 180 unregistered
[2025-08-01T14:45:29.792+0000] GC(189) Metaspace: 10M used, 10M committed, 1088M reserved
[2025-08-01T14:45:29.792+0000] GC(189) Soft: 228 encountered, 0 discovered, 0 enqueued
[2025-08-01T14:45:29.792+0000] GC(189) Weak: 934 encountered, 684 discovered, 0 enqueued
[2025-08-01T14:45:29.792+0000] GC(189) Final: 0 encountered, 0 discovered, 0 enqueued
[2025-08-01T14:45:29.792+0000] GC(189) Phantom: 3 encountered, 1 discovered, 0 enqueued
[2025-08-01T14:45:29.792+0000] GC(189) Small Pages: 1476 / 2952M, Empty: 2584M, Relocated: 5M, In-Place: 0
[2025-08-01T14:45:29.792+0000] GC(189) Medium Pages: 1 / 32M, Empty: 0M, Relocated: 0M, In-Place: 0
[2025-08-01T14:45:29.792+0000] GC(189) Large Pages: 0 / 0M, Empty: 0M, Relocated: 0M, In-Place: 0
[2025-08-01T14:45:29.792+0000] GC(189) Forwarding Usage: 0M
[2025-08-01T14:45:29.792+0000] GC(189) Min Capacity: 4096M(100%)
[2025-08-01T14:45:29.793+0000] GC(189) Max Capacity: 4096M(100%)
[2025-08-01T14:45:29.793+0000] GC(189) Soft Max Capacity: 4096M(100%)
[2025-08-01T14:45:29.793+0000] GC(189)                Mark Start          Mark End        Relocate Start      Relocate End           High               Low         
[2025-08-01T14:45:29.793+0000] GC(189)  Capacity:     4096M (100%)       4096M (100%)       4096M (100%)       4096M (100%)       4096M (100%)       4096M (100%)   
[2025-08-01T14:45:29.793+0000] GC(189)      Free:     1112M (27%)         650M (16%)        3178M (78%)        3178M (78%)        3182M (78%)         626M (15%)    
[2025-08-01T14:45:29.793+0000] GC(189)      Used:     2984M (73%)        3446M (84%)         918M (22%)         918M (22%)        3470M (85%)         914M (22%)    
[2025-08-01T14:45:29.793+0000] GC(189)      Live:         -               352M (9%)          352M (9%)          352M (9%)             -                  -          
[2025-08-01T14:45:29.793+0000] GC(189) Allocated:         -               462M (11%)         518M (13%)         528M (13%)            -                  -          
[2025-08-01T14:45:29.793+0000] GC(189)   Garbage:         -              2631M (64%)          47M (1%)           37M (1%)             -                  -          
[2025-08-01T14:45:29.793+0000] GC(189) Reclaimed:         -                  -              2584M (63%)        2594M (63%)            -                  -          
[2025-08-01T14:45:29.793+0000] GC(189) Garbage Collection (Allocation Rate) 2984M(73%)->918M(22%)
[2025-08-01T14:45:30.293+0000] GC(190) Heap before GC invocations=190 (full 190):
[2025-08-01T14:45:30.293+0000] GC(190)  ZHeap           used 3212M, capacity 4096M, max capacity 4096M
[2025-08-01T14:45:30.293+0000] GC(190)  Metaspace       used 10643K, committed 10880K, reserved 1114112K
[2025-08-01T14:45:30.293+0000] GC(190)   class space    used 1265K, committed 1344K, reserved 1048576K
[2025-08-01T14:45:30.293+0000] GC(190) Garbage Collection (Allocation Rate)
[2025-08-01T14:45:30.293+0000] GC(190) Using 2 workers
[2025-08-01T14:45:30.293+0000] GC(190) Pause Mark Start 0.010ms
[2025-08-01T14:45:30.466+0000] GC(190) Concurrent Mark 172.854ms
[2025-08-01T14:45:30.467+0000] GC(190) Pause Mark End 0.015ms
[2025-08-01T14:45:30.467+0000] GC(190) Concurrent Mark Free 0.002ms
[2025-08-01T14:45:30.477+0000] GC(190) Concurrent Process Non-Strong References 9.708ms
[2025-08-01T14:45:30.477+0000] GC(190) Concurrent Reset Relocation Set 0.003ms
[2025-08-01T14:45:30.485+0000] GC(190) Concurrent Select Relocation Set 8.190ms
[2025-08-01T14:45:30.485+0000] GC(190) Pause Relocate Start 0.023ms
[2025-08-01T14:45:30.490+0000] GC(190) Concurrent Relocate 4.062ms
[2025-08-01T14:45:30.490+0000] GC(190) Heap after GC invocations=191 (full 191):
[2025-08-01T14:45:30.490+0000] GC(190)  ZHeap           used 1552M, capacity 4096M, max capacity 4096M
[2025-08-01T14:45:30.490+0000] GC(190)  Metaspace       used 10643K, committed 10880K, reserved 1114112K
[2025-08-01T14:45:30.490+0000] GC(190)   class space    used 1265K, committed 1344K, reserved 1048576K
[2025-08-01T14:45:30.490+0000] GC(190) Load: 2.06/0.75/0.32
[2025-08-01T14:45:30.490+0000] GC(190) MMU: 2ms/90.0%, 5ms/96.0%, 10ms/97.9%, 20ms/98.9%, 50ms/99.6%, 100ms/99.8%
[2025-08-01T14:45:30.490+0000] GC(190) Mark: 2 stripe(s), 2 proactive flush(es), 1 terminate flush(es), 0 completion(s), 0 continuation(s) 
[2025-08-01T14:45:30.490+0000] GC(190) Mark Stack Usage: 32M
[2025-08-01T14:45:30.490+0000] GC(190) NMethods: 1415 registered, 180 unregistered
[2025-08-01T14:45:30.490+0000] GC(190) Metaspace: 10M used, 10M committed, 1088M reserved
[2025-08-01T14:45:30.490+0000] GC(190) Soft: 228 encountered, 0 discovered, 0 enqueued
[2025-08-01T14:45:30.490+0000] GC(190) Weak: 934 encountered, 724 discovered, 0 enqueued
[2025-08-01T14:45:30.490+0000] GC(190) Final: 0 encountered, 0 discovered, 0 enqueued
[2025-08-01T14:45:30.490+0000] GC(190) Phantom: 3 encountered, 1 discovered, 0 enqueued
[2025-08-01T14:45:30.490+0000] GC(190) Small Pages: 1592 / 3184M, Empty: 2534M, Relocated: 6M, In-Place: 0
[2025-08-01T14:45:30.490+0000] GC(190) Medium Pages: 1 / 32M, Empty: 0M, Relocated: 0M, In-Place: 0
[2025-08-01T14:45:30.490+0000] GC(190) Large Pages: 0 / 0M, Empty: 0M, Relocated: 0M, In-Place: 0
[2025-08-01T14:45:30.490+0000] GC(190) Forwarding Usage: 0M
[2025-08-01T14:45:30.490+0000] GC(190) Min Capacity: 4096M(100%)
[2025-08-01T14:45:30.490+0000] GC(190) Max Capacity: 4096M(100%)
[2025-08-01T14:45:30.490+0000] GC(190) Soft Max Capacity: 4096M(100%)
[2025-08-01T14:45:30.490+0000] GC(190)                Mark Start          Mark End        Relocate Start      Relocate End           High               Low         
[2025-08-01T14:45:30.490+0000] GC(190)  Capacity:     4096M (100%)       4096M (100%)       4096M (100%)       4096M (100%)       4096M (100%)       4096M (100%)   
[2025-08-01T14:45:30.490+0000] GC(190)      Free:      880M (21%)          78M (2%)         2564M (63%)        2544M (62%)        2568M (63%)          68M (2%)     
[2025-08-01T14:45:30.490+0000] GC(190)      Used:     3216M (79%)        4018M (98%)        1532M (37%)        1552M (38%)        4028M (98%)        1528M (37%)    
[2025-08-01T14:45:30.490+0000] GC(190)      Live:         -               634M (15%)         634M (15%)         634M (15%)            -                  -          
[2025-08-01T14:45:30.490+0000] GC(190) Allocated:         -               802M (20%)         850M (21%)         880M (21%)            -                  -          
[2025-08-01T14:45:30.490+0000] GC(190)   Garbage:         -              2581M (63%)          47M (1%)           37M (1%)             -                  -          
[2025-08-01T14:45:30.490+0000] GC(190) Reclaimed:         -                  -              2534M (62%)        2544M (62%)            -                  -          
[2025-08-01T14:45:30.490+0000] GC(190) Garbage Collection (Allocation Rate) 3216M(79%)->1552M(38%)
[2025-08-01T14:45:30.593+0000] GC(191) Heap before GC invocations=191 (full 191):
[2025-08-01T14:45:30.593+0000] GC(191)  ZHeap           used 2066M, capacity 4096M, max capacity 4096M
[2025-08-01T14:45:30.593+0000] GC(191)  Metaspace       used 10643K, committed 10880K, reserved 1114112K
[2025-08-01T14:45:30.593+0000] GC(191)   class space    used 1265K, committed 1344K, reserved 1048576K
[2025-08-01T14:45:30.593+0000] GC(191) Garbage Collection (Allocation Rate)
[2025-08-01T14:45:30.593+0000] GC(191) Using 2 workers
[2025-08-01T14:45:30.593+0000] GC(191) Pause Mark Start 0.010ms
[2025-08-01T14:45:30.694+0000] GC(191) Concurrent Mark 101.226ms
[2025-08-01T14:45:30.695+0000] GC(191) Pause Mark End 0.020ms
[2025-08-01T14:45:30.695+0000] GC(191) Concurrent Mark Free 0.003ms
[2025-08-01T14:45:30.699+0000] GC(191) Concurrent Process Non-Strong References 3.729ms
[2025-08-01T14:45:30.699+0000] GC(191) Concurrent Reset Relocation Set 0.004ms
[2025-08-01T14:45:30.702+0000] GC(191) Concurrent Select Relocation Set 3.268ms
[2025-08-01T14:45:30.703+0000] GC(191) Pause Relocate Start 0.011ms
[2025-08-01T14:45:30.705+0000] GC(191) Concurrent Relocate 1.666ms
[2025-08-01T14:45:30.705+0000] GC(191) Heap after GC invocations=192 (full 192):
[2025-08-01T14:45:30.705+0000] GC(191)  ZHeap           used 1070M, capacity 4096M, max capacity 4096M
[2025-08-01T14:45:30.705+0000] GC(191)  Metaspace       used 10643K, committed 10880K, reserved 1114112K
[2025-08-01T14:45:30.705+0000] GC(191)   class space    used 1265K, committed 1344K, reserved 1048576K
[2025-08-01T14:45:30.705+0000] GC(191) Load: 2.06/0.75/0.32
[2025-08-01T14:45:30.705+0000] GC(191) MMU: 2ms/90.0%, 5ms/96.0%, 10ms/97.9%, 20ms/98.9%, 50ms/99.6%, 100ms/99.8%
[2025-08-01T14:45:30.705+0000] GC(191) Mark: 2 stripe(s), 2 proactive flush(es), 1 terminate flush(es), 0 completion(s), 0 continuation(s) 
[2025-08-01T14:45:30.705+0000] GC(191) Mark Stack Usage: 32M
[2025-08-01T14:45:30.705+0000] GC(191) NMethods: 1415 registered, 180 unregistered
[2025-08-01T14:45:30.705+0000] GC(191) Metaspace: 10M used, 10M committed, 1088M reserved
[2025-08-01T14:45:30.705+0000] GC(191) Soft: 228 encountered, 0 discovered, 0 enqueued
[2025-08-01T14:45:30.705+0000] GC(191) Weak: 934 encountered, 689 discovered, 0 enqueued
[2025-08-01T14:45:30.705+0000] GC(191) Final: 0 encountered, 0 discovered, 0 enqueued
[2025-08-01T14:45:30.705+0000] GC(191) Phantom: 3 encountered, 1 discovered, 0 enqueued
[2025-08-01T14:45:30.705+0000] GC(191) Small Pages: 1017 / 2034M, Empty: 1524M, Relocated: 3M, In-Place: 0
[2025-08-01T14:45:30.705+0000] GC(191) Medium Pages: 1 / 32M, Empty: 0M, Relocated: 0M, In-Place: 0
[2025-08-01T14:45:30.705+0000] GC(191) Large Pages: 0 / 0M, Empty: 0M, Relocated: 0M, In-Place: 0
[2025-08-01T14:45:30.705+0000] GC(191) Forwarding Usage: 0M
[2025-08-01T14:45:30.705+0000] GC(191) Min Capacity: 4096M(100%)
[2025-08-01T14:45:30.705+0000] GC(191) Max Capacity: 4096M(100%)
[2025-08-01T14:45:30.705+0000] GC(191) Soft Max Capacity: 4096M(100%)
[2025-08-01T14:45:30.705+0000] GC(191)                Mark Start          Mark End        Relocate Start      Relocate End           High               Low         
[2025-08-01T14:45:30.705+0000] GC(191)  Capacity:     4096M (100%)       4096M (100%)       4096M (100%)       4096M (100%)       4096M (100%)       4096M (100%)   
[2025-08-01T14:45:30.705+0000] GC(191)      Free:     2030M (50%)        1576M (38%)        3040M (74%)        3028M (74%)        3044M (74%)        1546M (38%)    
[2025-08-01T14:45:30.705+0000] GC(191)      Used:     2066M (50%)        2520M (62%)        1056M (26%)        1068M (26%)        2550M (62%)        1052M (26%)    
[2025-08-01T14:45:30.705+0000] GC(191)      Live:         -               495M (12%)         495M (12%)         495M (12%)            -                  -          
[2025-08-01T14:45:30.705+0000] GC(191) Allocated:         -               454M (11%)         514M (13%)         534M (13%)            -                  -          
[2025-08-01T14:45:30.705+0000] GC(191)   Garbage:         -              1570M (38%)          46M (1%)           38M (1%)             -                  -          
[2025-08-01T14:45:30.705+0000] GC(191) Reclaimed:         -                  -              1524M (37%)        1532M (37%)            -                  -          
[2025-08-01T14:45:30.705+0000] GC(191) Garbage Collection (Allocation Rate) 2066M(50%)->1068M(26%)
[2025-08-01T14:45:30.993+0000] GC(192) Heap before GC invocations=192 (full 192):
[2025-08-01T14:45:30.993+0000] GC(192)  ZHeap           used 2468M, capacity 4096M, max capacity 4096M
[2025-08-01T14:45:30.993+0000] GC(192)  Metaspace       used 10643K, committed 10880K, reserved 1114112K
[2025-08-01T14:45:30.993+0000] GC(192)   class space    used 1265K, committed 1344K, reserved 1048576K
[2025-08-01T14:45:30.993+0000] GC(192) Garbage Collection (Allocation Rate)
[2025-08-01T14:45:30.993+0000] GC(192) Using 2 workers
[2025-08-01T14:45:30.993+0000] GC(192) Pause Mark Start 0.016ms
[2025-08-01T14:45:31.129+0000] GC(192) Concurrent Mark 135.584ms
[2025-08-01T14:45:31.129+0000] GC(192) Pause Mark End 0.019ms
[2025-08-01T14:45:31.129+0000] GC(192) Concurrent Mark Free 0.001ms
[2025-08-01T14:45:31.133+0000] GC(192) Concurrent Process Non-Strong References 3.314ms
[2025-08-01T14:45:31.133+0000] GC(192) Concurrent Reset Relocation Set 0.065ms
[2025-08-01T14:45:31.136+0000] GC(192) Concurrent Select Relocation Set 3.159ms
[2025-08-01T14:45:31.136+0000] GC(192) Pause Relocate Start 0.009ms
[2025-08-01T14:45:31.137+0000] GC(192) Concurrent Relocate 0.760ms
[2025-08-01T14:45:31.137+0000] GC(192) Heap after GC invocations=193 (full 193):
[2025-08-01T14:45:31.137+0000] GC(192)  ZHeap           used 1364M, capacity 4096M, max capacity 4096M
[2025-08-01T14:45:31.137+0000] GC(192)  Metaspace       used 10643K, committed 10880K, reserved 1114112K
[2025-08-01T14:45:31.137+0000] GC(192)   class space    used 1265K, committed 1344K, reserved 1048576K
[2025-08-01T14:45:31.137+0000] GC(192) Load: 2.06/0.75/0.32
[2025-08-01T14:45:31.137+0000] GC(192) MMU: 2ms/90.0%, 5ms/96.0%, 10ms/97.9%, 20ms/98.9%, 50ms/99.6%, 100ms/99.8%
[2025-08-01T14:45:31.137+0000] GC(192) Mark: 2 stripe(s), 2 proactive flush(es), 1 terminate flush(es), 0 completion(s), 0 continuation(s) 
[2025-08-01T14:45:31.137+0000] GC(192) Mark Stack Usage: 32M
[2025-08-01T14:45:31.137+0000] GC(192) NMethods: 1415 registered, 180 unregistered
[2025-08-01T14:45:31.137+0000] GC(192) Metaspace: 10M used, 10M committed, 1088M reserved
[2025-08-01T14:45:31.137+0000] GC(192) Soft: 228 encountered, 0 discovered, 0 enqueued
[2025-08-01T14:45:31.137+0000] GC(192) Weak: 934 encountered, 704 discovered, 0 enqueued
[2025-08-01T14:45:31.137+0000] GC(192) Final: 0 encountered, 0 discovered, 0 enqueued
[2025-08-01T14:45:31.137+0000] GC(192) Phantom: 3 encountered, 1 discovered, 0 enqueued
[2025-08-01T14:45:31.137+0000] GC(192) Small Pages: 1218 / 2436M, Empty: 1834M, Relocated: 1M, In-Place: 0
[2025-08-01T14:45:31.137+0000] GC(192) Medium Pages: 1 / 32M, Empty: 0M, Relocated: 0M, In-Place: 0
[2025-08-01T14:45:31.137+0000] GC(192) Large Pages: 0 / 0M, Empty: 0M, Relocated: 0M, In-Place: 0
[2025-08-01T14:45:31.137+0000] GC(192) Forwarding Usage: 0M
[2025-08-01T14:45:31.137+0000] GC(192) Min Capacity: 4096M(100%)
[2025-08-01T14:45:31.137+0000] GC(192) Max Capacity: 4096M(100%)
[2025-08-01T14:45:31.137+0000] GC(192) Soft Max Capacity: 4096M(100%)
[2025-08-01T14:45:31.137+0000] GC(192)                Mark Start          Mark End        Relocate Start      Relocate End           High               Low         
[2025-08-01T14:45:31.137+0000] GC(192)  Capacity:     4096M (100%)       4096M (100%)       4096M (100%)       4096M (100%)       4096M (100%)       4096M (100%)   
[2025-08-01T14:45:31.137+0000] GC(192)      Free:     1628M (40%)         890M (22%)        2724M (67%)        2732M (67%)        2732M (67%)         890M (22%)    
[2025-08-01T14:45:31.137+0000] GC(192)      Used:     2468M (60%)        3206M (78%)        1372M (33%)        1364M (33%)        3206M (78%)        1364M (33%)    
[2025-08-01T14:45:31.137+0000] GC(192)      Live:         -               586M (14%)         586M (14%)         586M (14%)            -                  -          
[2025-08-01T14:45:31.137+0000] GC(192) Allocated:         -               738M (18%)         738M (18%)         738M (18%)            -                  -          
[2025-08-01T14:45:31.137+0000] GC(192)   Garbage:         -              1881M (46%)          47M (1%)           39M (1%)             -                  -          
[2025-08-01T14:45:31.137+0000] GC(192) Reclaimed:         -                  -              1834M (45%)        1842M (45%)            -                  -          
[2025-08-01T14:45:31.138+0000] GC(192) Garbage Collection (Allocation Rate) 2468M(60%)->1364M(33%)
[2025-08-01T14:45:31.492+0000] GC(193) Heap before GC invocations=193 (full 193):
[2025-08-01T14:45:31.492+0000] GC(193)  ZHeap           used 2928M, capacity 4096M, max capacity 4096M
[2025-08-01T14:45:31.492+0000] GC(193)  Metaspace       used 10643K, committed 10880K, reserved 1114112K
[2025-08-01T14:45:31.492+0000] GC(193)   class space    used 1265K, committed 1344K, reserved 1048576K
[2025-08-01T14:45:31.492+0000] GC(193) Garbage Collection (Allocation Rate)
[2025-08-01T14:45:31.492+0000] GC(193) Using 2 workers
[2025-08-01T14:45:31.492+0000] GC(193) Pause Mark Start 0.010ms
[2025-08-01T14:45:31.661+0000] GC(193) Concurrent Mark 168.422ms
[2025-08-01T14:45:31.661+0000] GC(193) Pause Mark End 0.018ms
[2025-08-01T14:45:31.661+0000] GC(193) Concurrent Mark Free 0.001ms
[2025-08-01T14:45:31.663+0000] GC(193) Concurrent Process Non-Strong References 2.198ms
[2025-08-01T14:45:31.663+0000] GC(193) Concurrent Reset Relocation Set 0.002ms
[2025-08-01T14:45:31.666+0000] GC(193) Concurrent Select Relocation Set 2.562ms
[2025-08-01T14:45:31.666+0000] GC(193) Pause Relocate Start 0.007ms
[2025-08-01T14:45:31.669+0000] GC(193) Concurrent Relocate 2.922ms
[2025-08-01T14:45:31.669+0000] GC(193) Heap after GC invocations=194 (full 194):
[2025-08-01T14:45:31.669+0000] GC(193)  ZHeap           used 1514M, capacity 4096M, max capacity 4096M
[2025-08-01T14:45:31.669+0000] GC(193)  Metaspace       used 10643K, committed 10880K, reserved 1114112K
[2025-08-01T14:45:31.669+0000] GC(193)   class space    used 1265K, committed 1344K, reserved 1048576K
[2025-08-01T14:45:31.669+0000] GC(193) Load: 1.89/0.74/0.32
[2025-08-01T14:45:31.669+0000] GC(193) MMU: 2ms/90.0%, 5ms/96.0%, 10ms/97.9%, 20ms/98.9%, 50ms/99.6%, 100ms/99.8%
[2025-08-01T14:45:31.669+0000] GC(193) Mark: 2 stripe(s), 2 proactive flush(es), 1 terminate flush(es), 0 completion(s), 0 continuation(s) 
[2025-08-01T14:45:31.669+0000] GC(193) Mark Stack Usage: 32M
[2025-08-01T14:45:31.669+0000] GC(193) NMethods: 1415 registered, 180 unregistered
[2025-08-01T14:45:31.669+0000] GC(193) Metaspace: 10M used, 10M committed, 1088M reserved
[2025-08-01T14:45:31.669+0000] GC(193) Soft: 228 encountered, 0 discovered, 0 enqueued
[2025-08-01T14:45:31.669+0000] GC(193) Weak: 934 encountered, 686 discovered, 0 enqueued
[2025-08-01T14:45:31.669+0000] GC(193) Final: 0 encountered, 0 discovered, 0 enqueued
[2025-08-01T14:45:31.669+0000] GC(193) Phantom: 3 encountered, 1 discovered, 0 enqueued
[2025-08-01T14:45:31.669+0000] GC(193) Small Pages: 1448 / 2896M, Empty: 2220M, Relocated: 12M, In-Place: 0
[2025-08-01T14:45:31.669+0000] GC(193) Medium Pages: 1 / 32M, Empty: 0M, Relocated: 0M, In-Place: 0
[2025-08-01T14:45:31.669+0000] GC(193) Large Pages: 0 / 0M, Empty: 0M, Relocated: 0M, In-Place: 0
[2025-08-01T14:45:31.669+0000] GC(193) Forwarding Usage: 0M
[2025-08-01T14:45:31.669+0000] GC(193) Min Capacity: 4096M(100%)
[2025-08-01T14:45:31.669+0000] GC(193) Max Capacity: 4096M(100%)
[2025-08-01T14:45:31.669+0000] GC(193) Soft Max Capacity: 4096M(100%)
[2025-08-01T14:45:31.669+0000] GC(193)                Mark Start          Mark End        Relocate Start      Relocate End           High               Low         
[2025-08-01T14:45:31.670+0000] GC(193)  Capacity:     4096M (100%)       4096M (100%)       4096M (100%)       4096M (100%)       4096M (100%)       4096M (100%)   
[2025-08-01T14:45:31.670+0000] GC(193)      Free:     1168M (29%)         338M (8%)         2558M (62%)        2582M (63%)        2582M (63%)         338M (8%)     
[2025-08-01T14:45:31.670+0000] GC(193)      Used:     2928M (71%)        3758M (92%)        1538M (38%)        1514M (37%)        3758M (92%)        1514M (37%)    
[2025-08-01T14:45:31.670+0000] GC(193)      Live:         -               646M (16%)         646M (16%)         646M (16%)            -                  -          
[2025-08-01T14:45:31.670+0000] GC(193) Allocated:         -               830M (20%)         830M (20%)         830M (20%)            -                  -          
[2025-08-01T14:45:31.670+0000] GC(193)   Garbage:         -              2281M (56%)          61M (2%)           37M (1%)             -                  -          
[2025-08-01T14:45:31.670+0000] GC(193) Reclaimed:         -                  -              2220M (54%)        2244M (55%)            -                  -          
[2025-08-01T14:45:31.670+0000] GC(193) Garbage Collection (Allocation Rate) 2928M(71%)->1514M(37%)
[2025-08-01T14:45:31.893+0000] GC(194) Heap before GC invocations=194 (full 194):
[2025-08-01T14:45:31.893+0000] GC(194)  ZHeap           used 2618M, capacity 4096M, max capacity 4096M
[2025-08-01T14:45:31.893+0000] GC(194)  Metaspace       used 10643K, committed 10880K, reserved 1114112K
[2025-08-01T14:45:31.893+0000] GC(194)   class space    used 1265K, committed 1344K, reserved 1048576K
[2025-08-01T14:45:31.893+0000] GC(194) Garbage Collection (Allocation Rate)
[2025-08-01T14:45:31.893+0000] GC(194) Using 2 workers
[2025-08-01T14:45:31.893+0000] GC(194) Pause Mark Start 0.009ms
[2025-08-01T14:45:32.077+0000] GC(194) Concurrent Mark 183.303ms
[2025-08-01T14:45:32.077+0000] GC(194) Pause Mark End 0.015ms
[2025-08-01T14:45:32.077+0000] GC(194) Concurrent Mark Free 0.002ms
[2025-08-01T14:45:32.081+0000] GC(194) Concurrent Process Non-Strong References 4.020ms
[2025-08-01T14:45:32.081+0000] GC(194) Concurrent Reset Relocation Set 0.003ms
[2025-08-01T14:45:32.084+0000] GC(194) Concurrent Select Relocation Set 2.459ms
[2025-08-01T14:45:32.084+0000] GC(194) Pause Relocate Start 0.009ms
[2025-08-01T14:45:32.085+0000] GC(194) Concurrent Relocate 1.015ms
[2025-08-01T14:45:32.085+0000] GC(194) Heap after GC invocations=195 (full 195):
[2025-08-01T14:45:32.085+0000] GC(194)  ZHeap           used 1742M, capacity 4096M, max capacity 4096M
[2025-08-01T14:45:32.085+0000] GC(194)  Metaspace       used 10643K, committed 10880K, reserved 1114112K
[2025-08-01T14:45:32.085+0000] GC(194)   class space    used 1265K, committed 1344K, reserved 1048576K
[2025-08-01T14:45:32.085+0000] GC(194) Load: 1.89/0.74/0.32
[2025-08-01T14:45:32.085+0000] GC(194) MMU: 2ms/90.0%, 5ms/96.0%, 10ms/97.9%, 20ms/98.9%, 50ms/99.6%, 100ms/99.8%
[2025-08-01T14:45:32.085+0000] GC(194) Mark: 2 stripe(s), 2 proactive flush(es), 1 terminate flush(es), 0 completion(s), 0 continuation(s) 
[2025-08-01T14:45:32.085+0000] GC(194) Mark Stack Usage: 32M
[2025-08-01T14:45:32.085+0000] GC(194) NMethods: 1415 registered, 180 unregistered
[2025-08-01T14:45:32.085+0000] GC(194) Metaspace: 10M used, 10M committed, 1088M reserved
[2025-08-01T14:45:32.085+0000] GC(194) Soft: 228 encountered, 0 discovered, 0 enqueued
[2025-08-01T14:45:32.085+0000] GC(194) Weak: 934 encountered, 704 discovered, 0 enqueued
[2025-08-01T14:45:32.085+0000] GC(194) Final: 0 encountered, 0 discovered, 0 enqueued
[2025-08-01T14:45:32.085+0000] GC(194) Phantom: 3 encountered, 1 discovered, 0 enqueued
[2025-08-01T14:45:32.085+0000] GC(194) Small Pages: 1293 / 2586M, Empty: 1786M, Relocated: 1M, In-Place: 0
[2025-08-01T14:45:32.085+0000] GC(194) Medium Pages: 1 / 32M, Empty: 0M, Relocated: 0M, In-Place: 0
[2025-08-01T14:45:32.085+0000] GC(194) Large Pages: 0 / 0M, Empty: 0M, Relocated: 0M, In-Place: 0
[2025-08-01T14:45:32.085+0000] GC(194) Forwarding Usage: 0M
[2025-08-01T14:45:32.085+0000] GC(194) Min Capacity: 4096M(100%)
[2025-08-01T14:45:32.085+0000] GC(194) Max Capacity: 4096M(100%)
[2025-08-01T14:45:32.085+0000] GC(194) Soft Max Capacity: 4096M(100%)
[2025-08-01T14:45:32.085+0000] GC(194)                Mark Start          Mark End        Relocate Start      Relocate End           High               Low         
[2025-08-01T14:45:32.085+0000] GC(194)  Capacity:     4096M (100%)       4096M (100%)       4096M (100%)       4096M (100%)       4096M (100%)       4096M (100%)   
[2025-08-01T14:45:32.086+0000] GC(194)      Free:     1478M (36%)         618M (15%)        2350M (57%)        2356M (58%)        2360M (58%)         588M (14%)    
[2025-08-01T14:45:32.086+0000] GC(194)      Used:     2618M (64%)        3478M (85%)        1746M (43%)        1740M (42%)        3508M (86%)        1736M (42%)    
[2025-08-01T14:45:32.086+0000] GC(194)      Live:         -               778M (19%)         778M (19%)         778M (19%)            -                  -          
[2025-08-01T14:45:32.086+0000] GC(194) Allocated:         -               860M (21%)         914M (22%)         920M (22%)            -                  -          
[2025-08-01T14:45:32.086+0000] GC(194)   Garbage:         -              1839M (45%)          53M (1%)           41M (1%)             -                  -          
[2025-08-01T14:45:32.086+0000] GC(194) Reclaimed:         -                  -              1786M (44%)        1798M (44%)            -                  -          
[2025-08-01T14:45:32.086+0000] GC(194) Garbage Collection (Allocation Rate) 2618M(64%)->1740M(42%)
[2025-08-01T14:45:32.293+0000] GC(195) Heap before GC invocations=195 (full 195):
[2025-08-01T14:45:32.293+0000] GC(195)  ZHeap           used 2762M, capacity 4096M, max capacity 4096M
[2025-08-01T14:45:32.293+0000] GC(195)  Metaspace       used 10643K, committed 10880K, reserved 1114112K
[2025-08-01T14:45:32.293+0000] GC(195)   class space    used 1265K, committed 1344K, reserved 1048576K
[2025-08-01T14:45:32.293+0000] GC(195) Garbage Collection (Allocation Rate)
[2025-08-01T14:45:32.293+0000] GC(195) Using 2 workers
[2025-08-01T14:45:32.293+0000] GC(195) Pause Mark Start 0.014ms
[2025-08-01T14:45:32.440+0000] GC(195) Concurrent Mark 146.138ms
[2025-08-01T14:45:32.440+0000] GC(195) Pause Mark End 0.018ms
[2025-08-01T14:45:32.440+0000] GC(195) Concurrent Mark Free 0.002ms
[2025-08-01T14:45:32.444+0000] GC(195) Concurrent Process Non-Strong References 3.586ms
[2025-08-01T14:45:32.444+0000] GC(195) Concurrent Reset Relocation Set 0.002ms
[2025-08-01T14:45:32.447+0000] GC(195) Concurrent Select Relocation Set 3.018ms
[2025-08-01T14:45:32.447+0000] GC(195) Pause Relocate Start 0.012ms
[2025-08-01T14:45:32.450+0000] GC(195) Concurrent Relocate 2.750ms
[2025-08-01T14:45:32.450+0000] GC(195) Heap after GC invocations=196 (full 196):
[2025-08-01T14:45:32.450+0000] GC(195)  ZHeap           used 1306M, capacity 4096M, max capacity 4096M
[2025-08-01T14:45:32.450+0000] GC(195)  Metaspace       used 10643K, committed 10880K, reserved 1114112K
[2025-08-01T14:45:32.450+0000] GC(195)   class space    used 1265K, committed 1344K, reserved 1048576K
[2025-08-01T14:45:32.450+0000] GC(195) Load: 1.89/0.74/0.32
[2025-08-01T14:45:32.450+0000] GC(195) MMU: 2ms/90.0%, 5ms/96.0%, 10ms/97.9%, 20ms/98.9%, 50ms/99.6%, 100ms/99.8%
[2025-08-01T14:45:32.450+0000] GC(195) Mark: 2 stripe(s), 2 proactive flush(es), 1 terminate flush(es), 0 completion(s), 0 continuation(s) 
[2025-08-01T14:45:32.450+0000] GC(195) Mark Stack Usage: 32M
[2025-08-01T14:45:32.450+0000] GC(195) NMethods: 1415 registered, 180 unregistered
[2025-08-01T14:45:32.450+0000] GC(195) Metaspace: 10M used, 10M committed, 1088M reserved
[2025-08-01T14:45:32.450+0000] GC(195) Soft: 228 encountered, 0 discovered, 0 enqueued
[2025-08-01T14:45:32.450+0000] GC(195) Weak: 934 encountered, 704 discovered, 0 enqueued
[2025-08-01T14:45:32.450+0000] GC(195) Final: 0 encountered, 0 discovered, 0 enqueued
[2025-08-01T14:45:32.450+0000] GC(195) Phantom: 3 encountered, 1 discovered, 0 enqueued
[2025-08-01T14:45:32.450+0000] GC(195) Small Pages: 1366 / 2732M, Empty: 2170M, Relocated: 6M, In-Place: 0
[2025-08-01T14:45:32.450+0000] GC(195) Medium Pages: 1 / 32M, Empty: 0M, Relocated: 0M, In-Place: 0
[2025-08-01T14:45:32.450+0000] GC(195) Large Pages: 0 / 0M, Empty: 0M, Relocated: 0M, In-Place: 0
[2025-08-01T14:45:32.450+0000] GC(195) Forwarding Usage: 0M
[2025-08-01T14:45:32.450+0000] GC(195) Min Capacity: 4096M(100%)
[2025-08-01T14:45:32.450+0000] GC(195) Max Capacity: 4096M(100%)
[2025-08-01T14:45:32.450+0000] GC(195) Soft Max Capacity: 4096M(100%)
[2025-08-01T14:45:32.450+0000] GC(195)                Mark Start          Mark End        Relocate Start      Relocate End           High               Low         
[2025-08-01T14:45:32.450+0000] GC(195)  Capacity:     4096M (100%)       4096M (100%)       4096M (100%)       4096M (100%)       4096M (100%)       4096M (100%)   
[2025-08-01T14:45:32.450+0000] GC(195)      Free:     1332M (33%)         624M (15%)        2772M (68%)        2790M (68%)        2792M (68%)         606M (15%)    
[2025-08-01T14:45:32.450+0000] GC(195)      Used:     2764M (67%)        3472M (85%)        1324M (32%)        1306M (32%)        3490M (85%)        1304M (32%)    
[2025-08-01T14:45:32.450+0000] GC(195)      Live:         -               534M (13%)         534M (13%)         534M (13%)            -                  -          
[2025-08-01T14:45:32.450+0000] GC(195) Allocated:         -               708M (17%)         730M (18%)         732M (18%)            -                  -          
[2025-08-01T14:45:32.450+0000] GC(195)   Garbage:         -              2229M (54%)          59M (1%)           39M (1%)             -                  -          
[2025-08-01T14:45:32.450+0000] GC(195) Reclaimed:         -                  -              2170M (53%)        2190M (53%)            -                  -          
[2025-08-01T14:45:32.450+0000] GC(195) Garbage Collection (Allocation Rate) 2764M(67%)->1306M(32%)
[2025-08-01T14:45:32.693+0000] GC(196) Heap before GC invocations=196 (full 196):
[2025-08-01T14:45:32.694+0000] GC(196)  ZHeap           used 2500M, capacity 4096M, max capacity 4096M
[2025-08-01T14:45:32.694+0000] GC(196)  Metaspace       used 10643K, committed 10880K, reserved 1114112K
[2025-08-01T14:45:32.694+0000] GC(196)   class space    used 1265K, committed 1344K, reserved 1048576K
[2025-08-01T14:45:32.694+0000] GC(196) Garbage Collection (Allocation Rate)
[2025-08-01T14:45:32.694+0000] GC(196) Using 2 workers
[2025-08-01T14:45:32.694+0000] GC(196) Pause Mark Start 0.018ms
[2025-08-01T14:45:32.835+0000] GC(196) Concurrent Mark 140.972ms
[2025-08-01T14:45:32.835+0000] GC(196) Pause Mark End 0.017ms
[2025-08-01T14:45:32.835+0000] GC(196) Concurrent Mark Free 0.002ms
[2025-08-01T14:45:32.838+0000] GC(196) Concurrent Process Non-Strong References 3.119ms
[2025-08-01T14:45:32.838+0000] GC(196) Concurrent Reset Relocation Set 0.003ms
[2025-08-01T14:45:32.841+0000] GC(196) Concurrent Select Relocation Set 3.114ms
[2025-08-01T14:45:32.842+0000] GC(196) Pause Relocate Start 0.010ms
[2025-08-01T14:45:32.843+0000] GC(196) Concurrent Relocate 1.431ms
[2025-08-01T14:45:32.843+0000] GC(196) Heap after GC invocations=197 (full 197):
[2025-08-01T14:45:32.843+0000] GC(196)  ZHeap           used 1320M, capacity 4096M, max capacity 4096M
[2025-08-01T14:45:32.843+0000] GC(196)  Metaspace       used 10643K, committed 10880K, reserved 1114112K
[2025-08-01T14:45:32.843+0000] GC(196)   class space    used 1265K, committed 1344K, reserved 1048576K
[2025-08-01T14:45:32.843+0000] GC(196) Load: 1.89/0.74/0.32
[2025-08-01T14:45:32.843+0000] GC(196) MMU: 2ms/90.0%, 5ms/96.0%, 10ms/97.9%, 20ms/98.9%, 50ms/99.6%, 100ms/99.8%
[2025-08-01T14:45:32.843+0000] GC(196) Mark: 2 stripe(s), 2 proactive flush(es), 1 terminate flush(es), 0 completion(s), 0 continuation(s) 
[2025-08-01T14:45:32.843+0000] GC(196) Mark Stack Usage: 32M
[2025-08-01T14:45:32.843+0000] GC(196) NMethods: 1415 registered, 180 unregistered
[2025-08-01T14:45:32.843+0000] GC(196) Metaspace: 10M used, 10M committed, 1088M reserved
[2025-08-01T14:45:32.843+0000] GC(196) Soft: 228 encountered, 0 discovered, 0 enqueued
[2025-08-01T14:45:32.843+0000] GC(196) Weak: 934 encountered, 699 discovered, 0 enqueued
[2025-08-01T14:45:32.843+0000] GC(196) Final: 0 encountered, 0 discovered, 0 enqueued
[2025-08-01T14:45:32.843+0000] GC(196) Phantom: 3 encountered, 1 discovered, 0 enqueued
[2025-08-01T14:45:32.843+0000] GC(196) Small Pages: 1234 / 2468M, Empty: 1908M, Relocated: 4M, In-Place: 0
[2025-08-01T14:45:32.843+0000] GC(196) Medium Pages: 1 / 32M, Empty: 0M, Relocated: 0M, In-Place: 0
[2025-08-01T14:45:32.843+0000] GC(196) Large Pages: 0 / 0M, Empty: 0M, Relocated: 0M, In-Place: 0
[2025-08-01T14:45:32.843+0000] GC(196) Forwarding Usage: 0M
[2025-08-01T14:45:32.843+0000] GC(196) Min Capacity: 4096M(100%)
[2025-08-01T14:45:32.843+0000] GC(196) Max Capacity: 4096M(100%)
[2025-08-01T14:45:32.844+0000] GC(196) Soft Max Capacity: 4096M(100%)
[2025-08-01T14:45:32.844+0000] GC(196)                Mark Start          Mark End        Relocate Start      Relocate End           High               Low         
[2025-08-01T14:45:32.844+0000] GC(196)  Capacity:     4096M (100%)       4096M (100%)       4096M (100%)       4096M (100%)       4096M (100%)       4096M (100%)   
[2025-08-01T14:45:32.844+0000] GC(196)      Free:     1596M (39%)         858M (21%)        2766M (68%)        2776M (68%)        2776M (68%)         858M (21%)    
[2025-08-01T14:45:32.844+0000] GC(196)      Used:     2500M (61%)        3238M (79%)        1330M (32%)        1320M (32%)        3238M (79%)        1320M (32%)    
[2025-08-01T14:45:32.844+0000] GC(196)      Live:         -               542M (13%)         542M (13%)         542M (13%)            -                  -          
[2025-08-01T14:45:32.844+0000] GC(196) Allocated:         -               738M (18%)         738M (18%)         738M (18%)            -                  -          
[2025-08-01T14:45:32.844+0000] GC(196)   Garbage:         -              1957M (48%)          49M (1%)           39M (1%)             -                  -          
[2025-08-01T14:45:32.844+0000] GC(196) Reclaimed:         -                  -              1908M (47%)        1918M (47%)            -                  -          
[2025-08-01T14:45:32.844+0000] GC(196) Garbage Collection (Allocation Rate) 2500M(61%)->1320M(32%)
[2025-08-01T14:45:33.194+0000] GC(197) Heap before GC invocations=197 (full 197):
[2025-08-01T14:45:33.194+0000] GC(197)  ZHeap           used 2948M, capacity 4096M, max capacity 4096M
[2025-08-01T14:45:33.194+0000] GC(197)  Metaspace       used 10643K, committed 10880K, reserved 1114112K
[2025-08-01T14:45:33.194+0000] GC(197)   class space    used 1265K, committed 1344K, reserved 1048576K
[2025-08-01T14:45:33.194+0000] GC(197) Garbage Collection (Allocation Rate)
[2025-08-01T14:45:33.194+0000] GC(197) Using 2 workers
[2025-08-01T14:45:33.194+0000] GC(197) Pause Mark Start 0.011ms
[2025-08-01T14:45:33.237+0000] GC(197) Concurrent Mark 42.723ms
[2025-08-01T14:45:33.238+0000] GC(197) Pause Mark End 0.013ms
[2025-08-01T14:45:33.238+0000] GC(197) Concurrent Mark Free 0.001ms
[2025-08-01T14:45:33.244+0000] GC(197) Concurrent Process Non-Strong References 6.642ms
[2025-08-01T14:45:33.245+0000] GC(197) Concurrent Reset Relocation Set 0.003ms
[2025-08-01T14:45:33.249+0000] GC(197) Concurrent Select Relocation Set 4.093ms
[2025-08-01T14:45:33.249+0000] GC(197) Pause Relocate Start 0.014ms
[2025-08-01T14:45:33.250+0000] GC(197) Concurrent Relocate 0.848ms
[2025-08-01T14:45:33.250+0000] GC(197) Heap after GC invocations=198 (full 198):
[2025-08-01T14:45:33.250+0000] GC(197)  ZHeap           used 474M, capacity 4096M, max capacity 4096M
[2025-08-01T14:45:33.250+0000] GC(197)  Metaspace       used 10643K, committed 10880K, reserved 1114112K
[2025-08-01T14:45:33.250+0000] GC(197)   class space    used 1265K, committed 1344K, reserved 1048576K
[2025-08-01T14:45:33.250+0000] GC(197) Load: 1.89/0.74/0.32
[2025-08-01T14:45:33.250+0000] GC(197) MMU: 2ms/90.0%, 5ms/96.0%, 10ms/97.9%, 20ms/98.9%, 50ms/99.6%, 100ms/99.8%
[2025-08-01T14:45:33.250+0000] GC(197) Mark: 2 stripe(s), 2 proactive flush(es), 1 terminate flush(es), 0 completion(s), 0 continuation(s) 
[2025-08-01T14:45:33.250+0000] GC(197) Mark Stack Usage: 32M
[2025-08-01T14:45:33.250+0000] GC(197) NMethods: 1415 registered, 180 unregistered
[2025-08-01T14:45:33.250+0000] GC(197) Metaspace: 10M used, 10M committed, 1088M reserved
[2025-08-01T14:45:33.250+0000] GC(197) Soft: 228 encountered, 0 discovered, 0 enqueued
[2025-08-01T14:45:33.250+0000] GC(197) Weak: 934 encountered, 677 discovered, 0 enqueued
[2025-08-01T14:45:33.250+0000] GC(197) Final: 0 encountered, 0 discovered, 0 enqueued
[2025-08-01T14:45:33.250+0000] GC(197) Phantom: 3 encountered, 2 discovered, 0 enqueued
[2025-08-01T14:45:33.250+0000] GC(197) Small Pages: 1458 / 2916M, Empty: 2780M, Relocated: 1M, In-Place: 0
[2025-08-01T14:45:33.250+0000] GC(197) Medium Pages: 1 / 32M, Empty: 0M, Relocated: 0M, In-Place: 0
[2025-08-01T14:45:33.250+0000] GC(197) Large Pages: 0 / 0M, Empty: 0M, Relocated: 0M, In-Place: 0
[2025-08-01T14:45:33.250+0000] GC(197) Forwarding Usage: 0M
[2025-08-01T14:45:33.250+0000] GC(197) Min Capacity: 4096M(100%)
[2025-08-01T14:45:33.250+0000] GC(197) Max Capacity: 4096M(100%)
[2025-08-01T14:45:33.250+0000] GC(197) Soft Max Capacity: 4096M(100%)
[2025-08-01T14:45:33.250+0000] GC(197)                Mark Start          Mark End        Relocate Start      Relocate End           High               Low         
[2025-08-01T14:45:33.250+0000] GC(197)  Capacity:     4096M (100%)       4096M (100%)       4096M (100%)       4096M (100%)       4096M (100%)       4096M (100%)   
[2025-08-01T14:45:33.250+0000] GC(197)      Free:     1148M (28%)         896M (22%)        3622M (88%)        3622M (88%)        3626M (89%)         862M (21%)    
[2025-08-01T14:45:33.250+0000] GC(197)      Used:     2948M (72%)        3200M (78%)         474M (12%)         474M (12%)        3234M (79%)         470M (11%)    
[2025-08-01T14:45:33.250+0000] GC(197)      Live:         -               129M (3%)          129M (3%)          129M (3%)             -                  -          
[2025-08-01T14:45:33.250+0000] GC(197) Allocated:         -               252M (6%)          306M (7%)          308M (8%)             -                  -          
[2025-08-01T14:45:33.250+0000] GC(197)   Garbage:         -              2818M (69%)          38M (1%)           36M (1%)             -                  -          
[2025-08-01T14:45:33.250+0000] GC(197) Reclaimed:         -                  -              2780M (68%)        2782M (68%)            -                  -          
[2025-08-01T14:45:33.250+0000] GC(197) Garbage Collection (Allocation Rate) 2948M(72%)->474M(12%)
[2025-08-01T14:45:33.692+0000] === Garbage Collection Statistics =======================================================================================================================
[2025-08-01T14:45:33.693+0000]                                                              Last 10s              Last 10m              Last 10h                Total
[2025-08-01T14:45:33.693+0000]                                                              Avg / Max             Avg / Max             Avg / Max             Avg / Max
[2025-08-01T14:45:33.693+0000]   Collector: Garbage Collection Cycle                    136.685 / 197.746     146.231 / 346.825     146.231 / 346.825     146.231 / 346.825     ms
[2025-08-01T14:45:33.693+0000]  Contention: Mark Segment Reset Contention                     0 / 1                 0 / 2                 0 / 2                 0 / 2           ops/s
[2025-08-01T14:45:33.693+0000]  Contention: Mark SeqNum Reset Contention                      0 / 1                 0 / 1                 0 / 1                 0 / 1           ops/s
[2025-08-01T14:45:33.693+0000]    Critical: Allocation Stall                                  0 / 0                 0 / 0                 0 / 0                 0 / 0           ops/s
[2025-08-01T14:45:33.693+0000]    Critical: Allocation Stall                              0.000 / 0.000         0.000 / 0.000         0.000 / 0.000         0.000 / 0.000       ms
[2025-08-01T14:45:33.693+0000]    Critical: GC Locker Stall                                   0 / 0                 0 / 0                 0 / 0                 0 / 0           ops/s
[2025-08-01T14:45:33.693+0000]    Critical: GC Locker Stall                               0.000 / 0.000         0.000 / 0.000         0.000 / 0.000         0.000 / 0.000       ms
[2025-08-01T14:45:33.693+0000]    Critical: Relocation Stall                                  0 / 0                 0 / 0                 0 / 0                 0 / 0           ops/s
[2025-08-01T14:45:33.693+0000]    Critical: Relocation Stall                              0.000 / 0.000         0.000 / 0.000         0.000 / 0.000         0.000 / 0.000       ms
[2025-08-01T14:45:33.693+0000]      Memory: Allocation Rate                                4811 / 4970           4584 / 5128           4584 / 5128           4584 / 5128        MB/s
[2025-08-01T14:45:33.693+0000]      Memory: Defragment                                        0 / 0                 0 / 0                 0 / 0                 0 / 0           ops/s
[2025-08-01T14:45:33.693+0000]      Memory: Out Of Memory                                     0 / 0                 0 / 0                 0 / 0                 0 / 0           ops/s
[2025-08-01T14:45:33.693+0000]      Memory: Page Cache Flush                                  0 / 0                 0 / 0                 0 / 0                 0 / 0           MB/s
[2025-08-01T14:45:33.693+0000]      Memory: Page Cache Hit L1                              2413 / 2493           2274 / 2578           2274 / 2578           2274 / 2578        ops/s
[2025-08-01T14:45:33.693+0000]      Memory: Page Cache Hit L2                                 0 / 0                 0 / 0                 0 / 0                 0 / 0           ops/s
[2025-08-01T14:45:33.693+0000]      Memory: Page Cache Hit L3                                 0 / 9                22 / 551              22 / 551              22 / 551         ops/s
[2025-08-01T14:45:33.693+0000]      Memory: Page Cache Miss                                   0 / 0                 0 / 1                 0 / 1                 0 / 1           ops/s
[2025-08-01T14:45:33.693+0000]      Memory: Uncommit                                          0 / 0                 0 / 0                 0 / 0                 0 / 0           MB/s
[2025-08-01T14:45:33.693+0000]      Memory: Undo Object Allocation Failed                     0 / 0                 0 / 3                 0 / 3                 0 / 3           ops/s
[2025-08-01T14:45:33.693+0000]      Memory: Undo Object Allocation Succeeded                  0 / 0                 0 / 3                 0 / 3                 0 / 3           ops/s
[2025-08-01T14:45:33.693+0000]      Memory: Undo Page Allocation                              0 / 0                 0 / 1                 0 / 1                 0 / 1           ops/s
[2025-08-01T14:45:33.693+0000]       Phase: Concurrent Mark                             124.816 / 188.108     133.848 / 335.006     133.848 / 335.006     133.848 / 335.006     ms
[2025-08-01T14:45:33.693+0000]       Phase: Concurrent Mark Continue                      0.000 / 0.000         0.000 / 0.000         0.000 / 0.000         0.000 / 0.000       ms
[2025-08-01T14:45:33.693+0000]       Phase: Concurrent Mark Free                          0.002 / 0.003         0.002 / 0.005         0.002 / 0.005         0.002 / 0.005       ms
[2025-08-01T14:45:33.693+0000]       Phase: Concurrent Process Non-Strong References      3.839 / 9.708         3.803 / 11.932        3.803 / 11.932        3.803 / 11.932      ms
[2025-08-01T14:45:33.693+0000]       Phase: Concurrent Relocate                           2.123 / 9.593         2.364 / 16.307        2.364 / 16.307        2.364 / 16.307      ms
[2025-08-01T14:45:33.693+0000]       Phase: Concurrent Reset Relocation Set               0.006 / 0.065         0.003 / 0.065         0.003 / 0.065         0.003 / 0.065       ms
[2025-08-01T14:45:33.693+0000]       Phase: Concurrent Select Relocation Set              3.785 / 8.190         3.781 / 16.702        3.781 / 16.702        3.781 / 16.702      ms
[2025-08-01T14:45:33.693+0000]       Phase: Pause Mark End                                0.018 / 0.031         0.022 / 0.200         0.022 / 0.200         0.022 / 0.200       ms
[2025-08-01T14:45:33.693+0000]       Phase: Pause Mark Start                              0.012 / 0.018         0.014 / 0.088         0.014 / 0.088         0.014 / 0.088       ms
[2025-08-01T14:45:33.693+0000]       Phase: Pause Relocate Start                          0.012 / 0.023         0.014 / 0.143         0.014 / 0.143         0.014 / 0.143       ms
[2025-08-01T14:45:33.693+0000]    Subphase: Concurrent Classes Purge                      0.026 / 0.060         0.029 / 0.147         0.029 / 0.147         0.029 / 0.147       ms
[2025-08-01T14:45:33.693+0000]    Subphase: Concurrent Classes Unlink                     2.320 / 4.823         2.434 / 6.492         2.434 / 6.492         2.434 / 6.492       ms
[2025-08-01T14:45:33.693+0000]    Subphase: Concurrent Mark                             123.420 / 187.295     132.383 / 334.367     132.383 / 334.367     132.383 / 334.367     ms
[2025-08-01T14:45:33.693+0000]    Subphase: Concurrent Mark Try Flush                     0.425 / 3.099         0.521 / 7.713         0.521 / 7.713         0.521 / 7.713       ms
[2025-08-01T14:45:33.693+0000]    Subphase: Concurrent Mark Try Terminate                 0.881 / 3.854         0.915 / 4.798         0.915 / 4.798         0.915 / 4.798       ms
[2025-08-01T14:45:33.693+0000]    Subphase: Concurrent References Enqueue                 0.001 / 0.001         0.001 / 0.006         0.001 / 0.006         0.001 / 0.006       ms
[2025-08-01T14:45:33.693+0000]    Subphase: Concurrent References Process                 0.314 / 0.750         0.302 / 1.271         0.302 / 1.271         0.302 / 1.271       ms
[2025-08-01T14:45:33.693+0000]    Subphase: Concurrent Roots ClassLoaderDataGraph         0.127 / 0.760         0.127 / 1.286         0.127 / 1.286         0.127 / 1.286       ms
[2025-08-01T14:45:33.693+0000]    Subphase: Concurrent Roots CodeCache                    0.000 / 0.000         0.000 / 0.000         0.000 / 0.000         0.000 / 0.000       ms
[2025-08-01T14:45:33.693+0000]    Subphase: Concurrent Roots JavaThreads                  0.115 / 0.543         0.115 / 1.222         0.115 / 1.222         0.115 / 1.222       ms
[2025-08-01T14:45:33.693+0000]    Subphase: Concurrent Roots OopStorageSet                0.022 / 0.066         0.031 / 0.238         0.031 / 0.238         0.031 / 0.238       ms
[2025-08-01T14:45:33.693+0000]    Subphase: Concurrent Weak Roots OopStorageSet           0.209 / 0.394         0.225 / 2.271         0.225 / 2.271         0.225 / 2.271       ms
[2025-08-01T14:45:33.693+0000]    Subphase: Pause Mark Try Complete                       0.000 / 0.000         0.000 / 0.000         0.000 / 0.000         0.000 / 0.000       ms
[2025-08-01T14:45:33.693+0000]      System: Java Threads                                     14 / 14               14 / 14               14 / 14               14 / 14          threads
[2025-08-01T14:45:33.693+0000] =========================================================================================================================================================
[2025-08-01T14:45:33.693+0000] GC(198) Heap before GC invocations=198 (full 198):
[2025-08-01T14:45:33.693+0000] GC(198)  ZHeap           used 2728M, capacity 4096M, max capacity 4096M
[2025-08-01T14:45:33.693+0000] GC(198)  Metaspace       used 10643K, committed 10880K, reserved 1114112K
[2025-08-01T14:45:33.693+0000] GC(198)   class space    used 1265K, committed 1344K, reserved 1048576K
[2025-08-01T14:45:33.693+0000] GC(198) Garbage Collection (Allocation Rate)
[2025-08-01T14:45:33.693+0000] GC(198) Using 2 workers
[2025-08-01T14:45:33.694+0000] GC(198) Pause Mark Start 0.042ms
[2025-08-01T14:45:33.858+0000] GC(198) Concurrent Mark 163.914ms
[2025-08-01T14:45:33.858+0000] GC(198) Pause Mark End 0.016ms
[2025-08-01T14:45:33.858+0000] GC(198) Concurrent Mark Free 0.002ms
[2025-08-01T14:45:33.861+0000] GC(198) Concurrent Process Non-Strong References 2.741ms
[2025-08-01T14:45:33.861+0000] GC(198) Concurrent Reset Relocation Set 0.002ms
[2025-08-01T14:45:33.865+0000] GC(198) Concurrent Select Relocation Set 3.625ms
[2025-08-01T14:45:33.865+0000] GC(198) Pause Relocate Start 0.011ms
[2025-08-01T14:45:33.868+0000] GC(198) Concurrent Relocate 2.961ms
[2025-08-01T14:45:33.868+0000] GC(198) Heap after GC invocations=199 (full 199):
[2025-08-01T14:45:33.868+0000] GC(198)  ZHeap           used 1538M, capacity 4096M, max capacity 4096M
[2025-08-01T14:45:33.868+0000] GC(198)  Metaspace       used 10643K, committed 10880K, reserved 1114112K
[2025-08-01T14:45:33.868+0000] GC(198)   class space    used 1265K, committed 1344K, reserved 1048576K
[2025-08-01T14:45:33.868+0000] GC(198) Load: 1.89/0.74/0.32
[2025-08-01T14:45:33.868+0000] GC(198) MMU: 2ms/90.0%, 5ms/96.0%, 10ms/97.9%, 20ms/98.9%, 50ms/99.6%, 100ms/99.8%
[2025-08-01T14:45:33.868+0000] GC(198) Mark: 2 stripe(s), 2 proactive flush(es), 1 terminate flush(es), 0 completion(s), 0 continuation(s) 
[2025-08-01T14:45:33.868+0000] GC(198) Mark Stack Usage: 32M
[2025-08-01T14:45:33.868+0000] GC(198) NMethods: 1415 registered, 180 unregistered
[2025-08-01T14:45:33.868+0000] GC(198) Metaspace: 10M used, 10M committed, 1088M reserved
[2025-08-01T14:45:33.868+0000] GC(198) Soft: 228 encountered, 0 discovered, 0 enqueued
[2025-08-01T14:45:33.868+0000] GC(198) Weak: 934 encountered, 700 discovered, 0 enqueued
[2025-08-01T14:45:33.868+0000] GC(198) Final: 0 encountered, 0 discovered, 0 enqueued
[2025-08-01T14:45:33.868+0000] GC(198) Phantom: 3 encountered, 1 discovered, 0 enqueued
[2025-08-01T14:45:33.868+0000] GC(198) Small Pages: 1349 / 2698M, Empty: 1960M, Relocated: 8M, In-Place: 0
[2025-08-01T14:45:33.868+0000] GC(198) Medium Pages: 1 / 32M, Empty: 0M, Relocated: 0M, In-Place: 0
[2025-08-01T14:45:33.868+0000] GC(198) Large Pages: 0 / 0M, Empty: 0M, Relocated: 0M, In-Place: 0
[2025-08-01T14:45:33.868+0000] GC(198) Forwarding Usage: 0M
[2025-08-01T14:45:33.868+0000] GC(198) Min Capacity: 4096M(100%)
[2025-08-01T14:45:33.868+0000] GC(198) Max Capacity: 4096M(100%)
[2025-08-01T14:45:33.868+0000] GC(198) Soft Max Capacity: 4096M(100%)
[2025-08-01T14:45:33.868+0000] GC(198)                Mark Start          Mark End        Relocate Start      Relocate End           High               Low         
[2025-08-01T14:45:33.868+0000] GC(198)  Capacity:     4096M (100%)       4096M (100%)       4096M (100%)       4096M (100%)       4096M (100%)       4096M (100%)   
[2025-08-01T14:45:33.868+0000] GC(198)      Free:     1366M (33%)         584M (14%)        2544M (62%)        2558M (62%)        2558M (62%)         584M (14%)    
[2025-08-01T14:45:33.868+0000] GC(198)      Used:     2730M (67%)        3512M (86%)        1552M (38%)        1538M (38%)        3512M (86%)        1538M (38%)    
[2025-08-01T14:45:33.868+0000] GC(198)      Live:         -               718M (18%)         718M (18%)         718M (18%)            -                  -          
[2025-08-01T14:45:33.868+0000] GC(198) Allocated:         -               782M (19%)         782M (19%)         782M (19%)            -                  -          
[2025-08-01T14:45:33.868+0000] GC(198)   Garbage:         -              2011M (49%)          51M (1%)           37M (1%)             -                  -          
[2025-08-01T14:45:33.868+0000] GC(198) Reclaimed:         -                  -              1960M (48%)        1974M (48%)            -                  -          
[2025-08-01T14:45:33.868+0000] GC(198) Garbage Collection (Allocation Rate) 2730M(67%)->1538M(38%)
[2025-08-01T14:45:33.994+0000] GC(199) Heap before GC invocations=199 (full 199):
[2025-08-01T14:45:33.994+0000] GC(199)  ZHeap           used 2228M, capacity 4096M, max capacity 4096M
[2025-08-01T14:45:33.994+0000] GC(199)  Metaspace       used 10643K, committed 10880K, reserved 1114112K
[2025-08-01T14:45:33.994+0000] GC(199)   class space    used 1265K, committed 1344K, reserved 1048576K
[2025-08-01T14:45:33.994+0000] GC(199) Garbage Collection (Allocation Rate)
[2025-08-01T14:45:33.994+0000] GC(199) Using 2 workers
[2025-08-01T14:45:33.995+0000] GC(199) Pause Mark Start 0.012ms
[2025-08-01T14:45:34.080+0000] GC(199) Concurrent Mark 85.394ms
[2025-08-01T14:45:34.081+0000] GC(199) Pause Mark End 0.019ms
[2025-08-01T14:45:34.081+0000] GC(199) Concurrent Mark Free 0.002ms
[2025-08-01T14:45:34.085+0000] GC(199) Concurrent Process Non-Strong References 4.399ms
[2025-08-01T14:45:34.086+0000] GC(199) Concurrent Reset Relocation Set 0.003ms
[2025-08-01T14:45:34.088+0000] GC(199) Concurrent Select Relocation Set 2.819ms
[2025-08-01T14:45:34.090+0000] GC(199) Pause Relocate Start 0.014ms
[2025-08-01T14:45:34.091+0000] GC(199) Concurrent Relocate 1.145ms
[2025-08-01T14:45:34.091+0000] GC(199) Heap after GC invocations=200 (full 200):
[2025-08-01T14:45:34.091+0000] GC(199)  ZHeap           used 856M, capacity 4096M, max capacity 4096M
[2025-08-01T14:45:34.091+0000] GC(199)  Metaspace       used 10643K, committed 10880K, reserved 1114112K
[2025-08-01T14:45:34.091+0000] GC(199)   class space    used 1265K, committed 1344K, reserved 1048576K
[2025-08-01T14:45:34.091+0000] GC(199) Load: 1.89/0.74/0.32
[2025-08-01T14:45:34.091+0000] GC(199) MMU: 2ms/90.0%, 5ms/96.0%, 10ms/97.9%, 20ms/98.9%, 50ms/99.6%, 100ms/99.8%
[2025-08-01T14:45:34.091+0000] GC(199) Mark: 2 stripe(s), 2 proactive flush(es), 1 terminate flush(es), 0 completion(s), 0 continuation(s) 
[2025-08-01T14:45:34.091+0000] GC(199) Mark Stack Usage: 32M
[2025-08-01T14:45:34.091+0000] GC(199) NMethods: 1415 registered, 180 unregistered
[2025-08-01T14:45:34.091+0000] GC(199) Metaspace: 10M used, 10M committed, 1088M reserved
[2025-08-01T14:45:34.091+0000] GC(199) Soft: 228 encountered, 0 discovered, 0 enqueued
[2025-08-01T14:45:34.091+0000] GC(199) Weak: 934 encountered, 747 discovered, 0 enqueued
[2025-08-01T14:45:34.091+0000] GC(199) Final: 0 encountered, 0 discovered, 0 enqueued
[2025-08-01T14:45:34.091+0000] GC(199) Phantom: 3 encountered, 2 discovered, 0 enqueued
[2025-08-01T14:45:34.091+0000] GC(199) Small Pages: 1100 / 2200M, Empty: 1824M, Relocated: 3M, In-Place: 0
[2025-08-01T14:45:34.091+0000] GC(199) Medium Pages: 1 / 32M, Empty: 0M, Relocated: 0M, In-Place: 0
[2025-08-01T14:45:34.091+0000] GC(199) Large Pages: 0 / 0M, Empty: 0M, Relocated: 0M, In-Place: 0
[2025-08-01T14:45:34.091+0000] GC(199) Forwarding Usage: 0M
[2025-08-01T14:45:34.091+0000] GC(199) Min Capacity: 4096M(100%)
[2025-08-01T14:45:34.091+0000] GC(199) Max Capacity: 4096M(100%)
[2025-08-01T14:45:34.091+0000] GC(199) Soft Max Capacity: 4096M(100%)
[2025-08-01T14:45:34.091+0000] GC(199)                Mark Start          Mark End        Relocate Start      Relocate End           High               Low         
[2025-08-01T14:45:34.091+0000] GC(199)  Capacity:     4096M (100%)       4096M (100%)       4096M (100%)       4096M (100%)       4096M (100%)       4096M (100%)   
[2025-08-01T14:45:34.091+0000] GC(199)      Free:     1864M (46%)        1446M (35%)        3234M (79%)        3240M (79%)        3240M (79%)        1428M (35%)    
[2025-08-01T14:45:34.091+0000] GC(199)      Used:     2232M (54%)        2650M (65%)         862M (21%)         856M (21%)        2668M (65%)         856M (21%)    
[2025-08-01T14:45:34.091+0000] GC(199)      Live:         -               360M (9%)          360M (9%)          360M (9%)             -                  -          
[2025-08-01T14:45:34.091+0000] GC(199) Allocated:         -               418M (10%)         454M (11%)         460M (11%)            -                  -          
[2025-08-01T14:45:34.091+0000] GC(199)   Garbage:         -              1871M (46%)          47M (1%)           35M (1%)             -                  -          
[2025-08-01T14:45:34.091+0000] GC(199) Reclaimed:         -                  -              1824M (45%)        1836M (45%)            -                  -          
[2025-08-01T14:45:34.091+0000] GC(199) Garbage Collection (Allocation Rate) 2232M(54%)->856M(21%)
[2025-08-01T14:45:34.395+0000] GC(200) Heap before GC invocations=200 (full 200):
[2025-08-01T14:45:34.395+0000] GC(200)  ZHeap           used 2424M, capacity 4096M, max capacity 4096M
[2025-08-01T14:45:34.395+0000] GC(200)  Metaspace       used 10643K, committed 10880K, reserved 1114112K
[2025-08-01T14:45:34.395+0000] GC(200)   class space    used 1265K, committed 1344K, reserved 1048576K
[2025-08-01T14:45:34.395+0000] GC(200) Garbage Collection (Allocation Rate)
[2025-08-01T14:45:34.395+0000] GC(200) Using 2 workers
[2025-08-01T14:45:34.397+0000] GC(200) Pause Mark Start 0.012ms
[2025-08-01T14:45:34.538+0000] GC(200) Concurrent Mark 141.494ms
[2025-08-01T14:45:34.539+0000] GC(200) Pause Mark End 0.023ms
[2025-08-01T14:45:34.539+0000] GC(200) Concurrent Mark Free 0.002ms
[2025-08-01T14:45:34.543+0000] GC(200) Concurrent Process Non-Strong References 4.338ms
[2025-08-01T14:45:34.543+0000] GC(200) Concurrent Reset Relocation Set 0.002ms
[2025-08-01T14:45:34.547+0000] GC(200) Concurrent Select Relocation Set 4.125ms
[2025-08-01T14:45:34.549+0000] GC(200) Pause Relocate Start 0.014ms
[2025-08-01T14:45:34.551+0000] GC(200) Concurrent Relocate 1.756ms
[2025-08-01T14:45:34.551+0000] GC(200) Heap after GC invocations=201 (full 201):
[2025-08-01T14:45:34.551+0000] GC(200)  ZHeap           used 1358M, capacity 4096M, max capacity 4096M
[2025-08-01T14:45:34.551+0000] GC(200)  Metaspace       used 10643K, committed 10880K, reserved 1114112K
[2025-08-01T14:45:34.551+0000] GC(200)   class space    used 1265K, committed 1344K, reserved 1048576K
[2025-08-01T14:45:34.551+0000] GC(200) Load: 1.89/0.74/0.32
[2025-08-01T14:45:34.551+0000] GC(200) MMU: 2ms/90.0%, 5ms/96.0%, 10ms/97.9%, 20ms/98.9%, 50ms/99.6%, 100ms/99.8%
[2025-08-01T14:45:34.551+0000] GC(200) Mark: 2 stripe(s), 2 proactive flush(es), 1 terminate flush(es), 0 completion(s), 0 continuation(s) 
[2025-08-01T14:45:34.551+0000] GC(200) Mark Stack Usage: 32M
[2025-08-01T14:45:34.551+0000] GC(200) NMethods: 1415 registered, 180 unregistered
[2025-08-01T14:45:34.551+0000] GC(200) Metaspace: 10M used, 10M committed, 1088M reserved
[2025-08-01T14:45:34.551+0000] GC(200) Soft: 228 encountered, 0 discovered, 0 enqueued
[2025-08-01T14:45:34.551+0000] GC(200) Weak: 934 encountered, 704 discovered, 0 enqueued
[2025-08-01T14:45:34.551+0000] GC(200) Final: 0 encountered, 0 discovered, 0 enqueued
[2025-08-01T14:45:34.551+0000] GC(200) Phantom: 3 encountered, 1 discovered, 0 enqueued
[2025-08-01T14:45:34.551+0000] GC(200) Small Pages: 1199 / 2398M, Empty: 1832M, Relocated: 3M, In-Place: 0
[2025-08-01T14:45:34.551+0000] GC(200) Medium Pages: 1 / 32M, Empty: 0M, Relocated: 0M, In-Place: 0
[2025-08-01T14:45:34.551+0000] GC(200) Large Pages: 0 / 0M, Empty: 0M, Relocated: 0M, In-Place: 0
[2025-08-01T14:45:34.551+0000] GC(200) Forwarding Usage: 0M
[2025-08-01T14:45:34.551+0000] GC(200) Min Capacity: 4096M(100%)
[2025-08-01T14:45:34.551+0000] GC(200) Max Capacity: 4096M(100%)
[2025-08-01T14:45:34.551+0000] GC(200) Soft Max Capacity: 4096M(100%)
[2025-08-01T14:45:34.551+0000] GC(200)                Mark Start          Mark End        Relocate Start      Relocate End           High               Low         
[2025-08-01T14:45:34.551+0000] GC(200)  Capacity:     4096M (100%)       4096M (100%)       4096M (100%)       4096M (100%)       4096M (100%)       4096M (100%)   
[2025-08-01T14:45:34.551+0000] GC(200)      Free:     1666M (41%)         952M (23%)        2732M (67%)        2738M (67%)        2740M (67%)         924M (23%)    
[2025-08-01T14:45:34.551+0000] GC(200)      Used:     2430M (59%)        3144M (77%)        1364M (33%)        1358M (33%)        3172M (77%)        1356M (33%)    
[2025-08-01T14:45:34.551+0000] GC(200)      Live:         -               549M (13%)         549M (13%)         549M (13%)            -                  -          
[2025-08-01T14:45:34.551+0000] GC(200) Allocated:         -               714M (17%)         766M (19%)         772M (19%)            -                  -          
[2025-08-01T14:45:34.551+0000] GC(200)   Garbage:         -              1880M (46%)          48M (1%)           36M (1%)             -                  -          
[2025-08-01T14:45:34.551+0000] GC(200) Reclaimed:         -                  -              1832M (45%)        1844M (45%)            -                  -          
[2025-08-01T14:45:34.551+0000] GC(200) Garbage Collection (Allocation Rate) 2430M(59%)->1358M(33%)
[2025-08-01T14:45:34.792+0000] GC(201) Heap before GC invocations=201 (full 201):
[2025-08-01T14:45:34.792+0000] GC(201)  ZHeap           used 2574M, capacity 4096M, max capacity 4096M
[2025-08-01T14:45:34.792+0000] GC(201)  Metaspace       used 10643K, committed 10880K, reserved 1114112K
[2025-08-01T14:45:34.792+0000] GC(201)   class space    used 1265K, committed 1344K, reserved 1048576K
[2025-08-01T14:45:34.792+0000] GC(201) Garbage Collection (Allocation Rate)
[2025-08-01T14:45:34.792+0000] GC(201) Using 2 workers
[2025-08-01T14:45:34.793+0000] GC(201) Pause Mark Start 0.008ms
[2025-08-01T14:45:34.968+0000] GC(201) Concurrent Mark 174.972ms
[2025-08-01T14:45:34.968+0000] GC(201) Pause Mark End 0.022ms
[2025-08-01T14:45:34.968+0000] GC(201) Concurrent Mark Free 0.002ms
[2025-08-01T14:45:34.973+0000] GC(201) Concurrent Process Non-Strong References 4.780ms
[2025-08-01T14:45:34.973+0000] GC(201) Concurrent Reset Relocation Set 0.003ms
[2025-08-01T14:45:34.977+0000] GC(201) Concurrent Select Relocation Set 3.953ms
[2025-08-01T14:45:34.977+0000] GC(201) Pause Relocate Start 0.012ms
[2025-08-01T14:45:34.978+0000] GC(201) Concurrent Relocate 0.994ms
[2025-08-01T14:45:34.979+0000] GC(201) Heap after GC invocations=202 (full 202):
[2025-08-01T14:45:34.979+0000] GC(201)  ZHeap           used 1642M, capacity 4096M, max capacity 4096M
[2025-08-01T14:45:34.979+0000] GC(201)  Metaspace       used 10643K, committed 10880K, reserved 1114112K
[2025-08-01T14:45:34.979+0000] GC(201)   class space    used 1265K, committed 1344K, reserved 1048576K
[2025-08-01T14:45:34.979+0000] GC(201) Load: 1.89/0.74/0.32
[2025-08-01T14:45:34.979+0000] GC(201) MMU: 2ms/90.0%, 5ms/96.0%, 10ms/97.9%, 20ms/98.9%, 50ms/99.6%, 100ms/99.8%
[2025-08-01T14:45:34.979+0000] GC(201) Mark: 2 stripe(s), 2 proactive flush(es), 1 terminate flush(es), 0 completion(s), 0 continuation(s) 
[2025-08-01T14:45:34.979+0000] GC(201) Mark Stack Usage: 32M
[2025-08-01T14:45:34.979+0000] GC(201) NMethods: 1415 registered, 180 unregistered
[2025-08-01T14:45:34.979+0000] GC(201) Metaspace: 10M used, 10M committed, 1088M reserved
[2025-08-01T14:45:34.979+0000] GC(201) Soft: 228 encountered, 0 discovered, 0 enqueued
[2025-08-01T14:45:34.979+0000] GC(201) Weak: 934 encountered, 705 discovered, 0 enqueued
[2025-08-01T14:45:34.979+0000] GC(201) Final: 0 encountered, 0 discovered, 0 enqueued
[2025-08-01T14:45:34.979+0000] GC(201) Phantom: 3 encountered, 1 discovered, 0 enqueued
[2025-08-01T14:45:34.979+0000] GC(201) Small Pages: 1272 / 2544M, Empty: 1830M, Relocated: 3M, In-Place: 0
[2025-08-01T14:45:34.979+0000] GC(201) Medium Pages: 1 / 32M, Empty: 0M, Relocated: 0M, In-Place: 0
[2025-08-01T14:45:34.979+0000] GC(201) Large Pages: 0 / 0M, Empty: 0M, Relocated: 0M, In-Place: 0
[2025-08-01T14:45:34.979+0000] GC(201) Forwarding Usage: 0M
[2025-08-01T14:45:34.979+0000] GC(201) Min Capacity: 4096M(100%)
[2025-08-01T14:45:34.979+0000] GC(201) Max Capacity: 4096M(100%)
[2025-08-01T14:45:34.979+0000] GC(201) Soft Max Capacity: 4096M(100%)
[2025-08-01T14:45:34.979+0000] GC(201)                Mark Start          Mark End        Relocate Start      Relocate End           High               Low         
[2025-08-01T14:45:34.979+0000] GC(201)  Capacity:     4096M (100%)       4096M (100%)       4096M (100%)       4096M (100%)       4096M (100%)       4096M (100%)   
[2025-08-01T14:45:34.979+0000] GC(201)      Free:     1520M (37%)         650M (16%)        2442M (60%)        2454M (60%)        2454M (60%)         630M (15%)    
[2025-08-01T14:45:34.979+0000] GC(201)      Used:     2576M (63%)        3446M (84%)        1654M (40%)        1642M (40%)        3466M (85%)        1642M (40%)    
[2025-08-01T14:45:34.979+0000] GC(201)      Live:         -               695M (17%)         695M (17%)         695M (17%)            -                  -          
[2025-08-01T14:45:34.979+0000] GC(201) Allocated:         -               870M (21%)         908M (22%)         908M (22%)            -                  -          
[2025-08-01T14:45:34.979+0000] GC(201)   Garbage:         -              1880M (46%)          50M (1%)           38M (1%)             -                  -          
[2025-08-01T14:45:34.979+0000] GC(201) Reclaimed:         -                  -              1830M (45%)        1842M (45%)            -                  -          
[2025-08-01T14:45:34.979+0000] GC(201) Garbage Collection (Allocation Rate) 2576M(63%)->1642M(40%)
[2025-08-01T14:45:35.094+0000] GC(202) Heap before GC invocations=202 (full 202):
[2025-08-01T14:45:35.094+0000] GC(202)  ZHeap           used 2272M, capacity 4096M, max capacity 4096M
[2025-08-01T14:45:35.094+0000] GC(202)  Metaspace       used 10643K, committed 10880K, reserved 1114112K
[2025-08-01T14:45:35.094+0000] GC(202)   class space    used 1265K, committed 1344K, reserved 1048576K
[2025-08-01T14:45:35.094+0000] GC(202) Garbage Collection (Allocation Rate)
[2025-08-01T14:45:35.094+0000] GC(202) Using 2 workers
[2025-08-01T14:45:35.095+0000] GC(202) Pause Mark Start 0.009ms
[2025-08-01T14:45:35.194+0000] GC(202) Concurrent Mark 99.331ms
[2025-08-01T14:45:35.194+0000] GC(202) Pause Mark End 0.011ms
[2025-08-01T14:45:35.194+0000] GC(202) Concurrent Mark Free 0.001ms
[2025-08-01T14:45:35.196+0000] GC(202) Concurrent Process Non-Strong References 2.008ms
[2025-08-01T14:45:35.196+0000] GC(202) Concurrent Reset Relocation Set 0.002ms
[2025-08-01T14:45:35.200+0000] GC(202) Concurrent Select Relocation Set 3.846ms
[2025-08-01T14:45:35.200+0000] GC(202) Pause Relocate Start 0.011ms
[2025-08-01T14:45:35.201+0000] GC(202) Concurrent Relocate 0.498ms
[2025-08-01T14:45:35.201+0000] GC(202) Heap after GC invocations=203 (full 203):
[2025-08-01T14:45:35.201+0000] GC(202)  ZHeap           used 926M, capacity 4096M, max capacity 4096M
[2025-08-01T14:45:35.201+0000] GC(202)  Metaspace       used 10643K, committed 10880K, reserved 1114112K
[2025-08-01T14:45:35.201+0000] GC(202)   class space    used 1265K, committed 1344K, reserved 1048576K
[2025-08-01T14:45:35.201+0000] GC(202) Load: 1.89/0.74/0.32
[2025-08-01T14:45:35.201+0000] GC(202) MMU: 2ms/90.0%, 5ms/96.0%, 10ms/97.9%, 20ms/98.9%, 50ms/99.6%, 100ms/99.8%
[2025-08-01T14:45:35.201+0000] GC(202) Mark: 2 stripe(s), 3 proactive flush(es), 1 terminate flush(es), 0 completion(s), 0 continuation(s) 
[2025-08-01T14:45:35.201+0000] GC(202) Mark Stack Usage: 32M
[2025-08-01T14:45:35.201+0000] GC(202) NMethods: 1415 registered, 180 unregistered
[2025-08-01T14:45:35.201+0000] GC(202) Metaspace: 10M used, 10M committed, 1088M reserved
[2025-08-01T14:45:35.201+0000] GC(202) Soft: 228 encountered, 0 discovered, 0 enqueued
[2025-08-01T14:45:35.201+0000] GC(202) Weak: 934 encountered, 708 discovered, 0 enqueued
[2025-08-01T14:45:35.201+0000] GC(202) Final: 0 encountered, 0 discovered, 0 enqueued
[2025-08-01T14:45:35.201+0000] GC(202) Phantom: 3 encountered, 2 discovered, 0 enqueued
[2025-08-01T14:45:35.201+0000] GC(202) Small Pages: 1120 / 2240M, Empty: 1832M, Relocated: 0M, In-Place: 0
[2025-08-01T14:45:35.201+0000] GC(202) Medium Pages: 1 / 32M, Empty: 0M, Relocated: 0M, In-Place: 0
[2025-08-01T14:45:35.201+0000] GC(202) Large Pages: 0 / 0M, Empty: 0M, Relocated: 0M, In-Place: 0
[2025-08-01T14:45:35.201+0000] GC(202) Forwarding Usage: 0M
[2025-08-01T14:45:35.201+0000] GC(202) Min Capacity: 4096M(100%)
[2025-08-01T14:45:35.201+0000] GC(202) Max Capacity: 4096M(100%)
[2025-08-01T14:45:35.201+0000] GC(202) Soft Max Capacity: 4096M(100%)
[2025-08-01T14:45:35.201+0000] GC(202)                Mark Start          Mark End        Relocate Start      Relocate End           High               Low         
[2025-08-01T14:45:35.201+0000] GC(202)  Capacity:     4096M (100%)       4096M (100%)       4096M (100%)       4096M (100%)       4096M (100%)       4096M (100%)   
[2025-08-01T14:45:35.201+0000] GC(202)      Free:     1824M (45%)        1350M (33%)        3164M (77%)        3170M (77%)        3170M (77%)        1350M (33%)    
[2025-08-01T14:45:35.201+0000] GC(202)      Used:     2272M (55%)        2746M (67%)         932M (23%)         926M (23%)        2746M (67%)         926M (23%)    
[2025-08-01T14:45:35.201+0000] GC(202)      Live:         -               393M (10%)         393M (10%)         393M (10%)            -                  -          
[2025-08-01T14:45:35.201+0000] GC(202) Allocated:         -               474M (12%)         492M (12%)         494M (12%)            -                  -          
[2025-08-01T14:45:35.201+0000] GC(202)   Garbage:         -              1878M (46%)          46M (1%)           38M (1%)             -                  -          
[2025-08-01T14:45:35.201+0000] GC(202) Reclaimed:         -                  -              1832M (45%)        1840M (45%)            -                  -          
[2025-08-01T14:45:35.201+0000] GC(202) Garbage Collection (Allocation Rate) 2272M(55%)->926M(23%)
[2025-08-01T14:45:35.493+0000] GC(203) Heap before GC invocations=203 (full 203):
[2025-08-01T14:45:35.493+0000] GC(203)  ZHeap           used 2436M, capacity 4096M, max capacity 4096M
[2025-08-01T14:45:35.493+0000] GC(203)  Metaspace       used 10643K, committed 10880K, reserved 1114112K
[2025-08-01T14:45:35.493+0000] GC(203)   class space    used 1265K, committed 1344K, reserved 1048576K
[2025-08-01T14:45:35.493+0000] GC(203) Garbage Collection (Allocation Rate)
[2025-08-01T14:45:35.493+0000] GC(203) Using 2 workers
[2025-08-01T14:45:35.494+0000] GC(203) Pause Mark Start 0.011ms
[2025-08-01T14:45:35.679+0000] GC(203) Concurrent Mark 185.486ms
[2025-08-01T14:45:35.680+0000] GC(203) Pause Mark End 0.014ms
[2025-08-01T14:45:35.680+0000] GC(203) Concurrent Mark Free 0.001ms
[2025-08-01T14:45:35.684+0000] GC(203) Concurrent Process Non-Strong References 3.942ms
[2025-08-01T14:45:35.684+0000] GC(203) Concurrent Reset Relocation Set 0.003ms
[2025-08-01T14:45:35.686+0000] GC(203) Concurrent Select Relocation Set 2.212ms
[2025-08-01T14:45:35.686+0000] GC(203) Pause Relocate Start 0.014ms
[2025-08-01T14:45:35.688+0000] GC(203) Concurrent Relocate 1.540ms
[2025-08-01T14:45:35.688+0000] GC(203) Heap after GC invocations=204 (full 204):
[2025-08-01T14:45:35.688+0000] GC(203)  ZHeap           used 1438M, capacity 4096M, max capacity 4096M
[2025-08-01T14:45:35.688+0000] GC(203)  Metaspace       used 10643K, committed 10880K, reserved 1114112K
[2025-08-01T14:45:35.688+0000] GC(203)   class space    used 1265K, committed 1344K, reserved 1048576K
[2025-08-01T14:45:35.688+0000] GC(203) Load: 1.89/0.74/0.32
[2025-08-01T14:45:35.688+0000] GC(203) MMU: 2ms/90.0%, 5ms/96.0%, 10ms/97.9%, 20ms/98.9%, 50ms/99.6%, 100ms/99.8%
[2025-08-01T14:45:35.688+0000] GC(203) Mark: 2 stripe(s), 3 proactive flush(es), 1 terminate flush(es), 0 completion(s), 0 continuation(s) 
[2025-08-01T14:45:35.688+0000] GC(203) Mark Stack Usage: 32M
[2025-08-01T14:45:35.688+0000] GC(203) NMethods: 1415 registered, 180 unregistered
[2025-08-01T14:45:35.688+0000] GC(203) Metaspace: 10M used, 10M committed, 1088M reserved
[2025-08-01T14:45:35.688+0000] GC(203) Soft: 228 encountered, 0 discovered, 0 enqueued
[2025-08-01T14:45:35.688+0000] GC(203) Weak: 934 encountered, 700 discovered, 0 enqueued
[2025-08-01T14:45:35.688+0000] GC(203) Final: 0 encountered, 0 discovered, 0 enqueued
[2025-08-01T14:45:35.688+0000] GC(203) Phantom: 3 encountered, 2 discovered, 0 enqueued
[2025-08-01T14:45:35.688+0000] GC(203) Small Pages: 1202 / 2404M, Empty: 1832M, Relocated: 3M, In-Place: 0
[2025-08-01T14:45:35.688+0000] GC(203) Medium Pages: 1 / 32M, Empty: 0M, Relocated: 0M, In-Place: 0
[2025-08-01T14:45:35.688+0000] GC(203) Large Pages: 0 / 0M, Empty: 0M, Relocated: 0M, In-Place: 0
[2025-08-01T14:45:35.688+0000] GC(203) Forwarding Usage: 0M
[2025-08-01T14:45:35.688+0000] GC(203) Min Capacity: 4096M(100%)
[2025-08-01T14:45:35.688+0000] GC(203) Max Capacity: 4096M(100%)
[2025-08-01T14:45:35.688+0000] GC(203) Soft Max Capacity: 4096M(100%)
[2025-08-01T14:45:35.688+0000] GC(203)                Mark Start          Mark End        Relocate Start      Relocate End           High               Low         
[2025-08-01T14:45:35.688+0000] GC(203)  Capacity:     4096M (100%)       4096M (100%)       4096M (100%)       4096M (100%)       4096M (100%)       4096M (100%)   
[2025-08-01T14:45:35.688+0000] GC(203)      Free:     1660M (41%)         852M (21%)        2654M (65%)        2658M (65%)        2662M (65%)         834M (20%)    
[2025-08-01T14:45:35.688+0000] GC(203)      Used:     2436M (59%)        3244M (79%)        1442M (35%)        1438M (35%)        3262M (80%)        1434M (35%)    
[2025-08-01T14:45:35.688+0000] GC(203)      Live:         -               554M (14%)         554M (14%)         554M (14%)            -                  -          
[2025-08-01T14:45:35.688+0000] GC(203) Allocated:         -               808M (20%)         838M (20%)         844M (21%)            -                  -          
[2025-08-01T14:45:35.688+0000] GC(203)   Garbage:         -              1881M (46%)          49M (1%)           39M (1%)             -                  -          
[2025-08-01T14:45:35.688+0000] GC(203) Reclaimed:         -                  -              1832M (45%)        1842M (45%)            -                  -          
[2025-08-01T14:45:35.688+0000] GC(203) Garbage Collection (Allocation Rate) 2436M(59%)->1438M(35%)
[2025-08-01T14:45:35.795+0000] GC(204) Heap before GC invocations=204 (full 204):
[2025-08-01T14:45:35.795+0000] GC(204)  ZHeap           used 2006M, capacity 4096M, max capacity 4096M
[2025-08-01T14:45:35.795+0000] GC(204)  Metaspace       used 10643K, committed 10880K, reserved 1114112K
[2025-08-01T14:45:35.795+0000] GC(204)   class space    used 1265K, committed 1344K, reserved 1048576K
[2025-08-01T14:45:35.795+0000] GC(204) Garbage Collection (Allocation Rate)
[2025-08-01T14:45:35.795+0000] GC(204) Using 2 workers
[2025-08-01T14:45:35.795+0000] GC(204) Pause Mark Start 0.009ms
[2025-08-01T14:45:35.878+0000] GC(204) Concurrent Mark 82.606ms
[2025-08-01T14:45:35.878+0000] GC(204) Pause Mark End 0.018ms
[2025-08-01T14:45:35.878+0000] GC(204) Concurrent Mark Free 0.001ms
[2025-08-01T14:45:35.881+0000] GC(204) Concurrent Process Non-Strong References 3.119ms
[2025-08-01T14:45:35.881+0000] GC(204) Concurrent Reset Relocation Set 0.002ms
[2025-08-01T14:45:35.885+0000] GC(204) Concurrent Select Relocation Set 3.403ms
[2025-08-01T14:45:35.885+0000] GC(204) Pause Relocate Start 0.013ms
[2025-08-01T14:45:35.888+0000] GC(204) Concurrent Relocate 2.928ms
[2025-08-01T14:45:35.888+0000] GC(204) Heap after GC invocations=205 (full 205):
[2025-08-01T14:45:35.888+0000] GC(204)  ZHeap           used 766M, capacity 4096M, max capacity 4096M
[2025-08-01T14:45:35.888+0000] GC(204)  Metaspace       used 10643K, committed 10880K, reserved 1114112K
[2025-08-01T14:45:35.888+0000] GC(204)   class space    used 1265K, committed 1344K, reserved 1048576K
[2025-08-01T14:45:35.888+0000] GC(204) Load: 1.89/0.74/0.32
[2025-08-01T14:45:35.888+0000] GC(204) MMU: 2ms/90.0%, 5ms/96.0%, 10ms/97.9%, 20ms/98.9%, 50ms/99.6%, 100ms/99.8%
[2025-08-01T14:45:35.888+0000] GC(204) Mark: 2 stripe(s), 3 proactive flush(es), 1 terminate flush(es), 0 completion(s), 0 continuation(s) 
[2025-08-01T14:45:35.888+0000] GC(204) Mark Stack Usage: 32M
[2025-08-01T14:45:35.888+0000] GC(204) NMethods: 1415 registered, 180 unregistered
[2025-08-01T14:45:35.888+0000] GC(204) Metaspace: 10M used, 10M committed, 1088M reserved
[2025-08-01T14:45:35.888+0000] GC(204) Soft: 228 encountered, 0 discovered, 0 enqueued
[2025-08-01T14:45:35.888+0000] GC(204) Weak: 934 encountered, 687 discovered, 0 enqueued
[2025-08-01T14:45:35.888+0000] GC(204) Final: 0 encountered, 0 discovered, 0 enqueued
[2025-08-01T14:45:35.888+0000] GC(204) Phantom: 3 encountered, 1 discovered, 0 enqueued
[2025-08-01T14:45:35.888+0000] GC(204) Small Pages: 987 / 1974M, Empty: 1634M, Relocated: 6M, In-Place: 0
[2025-08-01T14:45:35.888+0000] GC(204) Medium Pages: 1 / 32M, Empty: 0M, Relocated: 0M, In-Place: 0
[2025-08-01T14:45:35.888+0000] GC(204) Large Pages: 0 / 0M, Empty: 0M, Relocated: 0M, In-Place: 0
[2025-08-01T14:45:35.888+0000] GC(204) Forwarding Usage: 0M
[2025-08-01T14:45:35.888+0000] GC(204) Min Capacity: 4096M(100%)
[2025-08-01T14:45:35.888+0000] GC(204) Max Capacity: 4096M(100%)
[2025-08-01T14:45:35.889+0000] GC(204) Soft Max Capacity: 4096M(100%)
[2025-08-01T14:45:35.889+0000] GC(204)                Mark Start          Mark End        Relocate Start      Relocate End           High               Low         
[2025-08-01T14:45:35.889+0000] GC(204)  Capacity:     4096M (100%)       4096M (100%)       4096M (100%)       4096M (100%)       4096M (100%)       4096M (100%)   
[2025-08-01T14:45:35.889+0000] GC(204)      Free:     2090M (51%)        1716M (42%)        3324M (81%)        3330M (81%)        3332M (81%)        1710M (42%)    
[2025-08-01T14:45:35.889+0000] GC(204)      Used:     2006M (49%)        2380M (58%)         772M (19%)         766M (19%)        2386M (58%)         764M (19%)    
[2025-08-01T14:45:35.889+0000] GC(204)      Live:         -               317M (8%)          317M (8%)          317M (8%)             -                  -          
[2025-08-01T14:45:35.889+0000] GC(204) Allocated:         -               374M (9%)          400M (10%)         412M (10%)            -                  -          
[2025-08-01T14:45:35.889+0000] GC(204)   Garbage:         -              1688M (41%)          54M (1%)           36M (1%)             -                  -          
[2025-08-01T14:45:35.889+0000] GC(204) Reclaimed:         -                  -              1634M (40%)        1652M (40%)            -                  -          
[2025-08-01T14:45:35.889+0000] GC(204) Garbage Collection (Allocation Rate) 2006M(49%)->766M(19%)
[2025-08-01T14:45:36.193+0000] GC(205) Heap before GC invocations=205 (full 205):
[2025-08-01T14:45:36.193+0000] GC(205)  ZHeap           used 2358M, capacity 4096M, max capacity 4096M
[2025-08-01T14:45:36.193+0000] GC(205)  Metaspace       used 10643K, committed 10880K, reserved 1114112K
[2025-08-01T14:45:36.193+0000] GC(205)   class space    used 1265K, committed 1344K, reserved 1048576K
[2025-08-01T14:45:36.193+0000] GC(205) Garbage Collection (Allocation Rate)
[2025-08-01T14:45:36.193+0000] GC(205) Using 2 workers
[2025-08-01T14:45:36.193+0000] GC(205) Pause Mark Start 0.007ms
[2025-08-01T14:45:36.261+0000] GC(205) Concurrent Mark 68.155ms
[2025-08-01T14:45:36.262+0000] GC(205) Pause Mark End 0.020ms
[2025-08-01T14:45:36.262+0000] GC(205) Concurrent Mark Free 0.001ms
[2025-08-01T14:45:36.265+0000] GC(205) Concurrent Process Non-Strong References 2.851ms
[2025-08-01T14:45:36.265+0000] GC(205) Concurrent Reset Relocation Set 0.002ms
[2025-08-01T14:45:36.267+0000] GC(205) Concurrent Select Relocation Set 2.692ms
[2025-08-01T14:45:36.267+0000] GC(205) Pause Relocate Start 0.011ms
[2025-08-01T14:45:36.268+0000] GC(205) Concurrent Relocate 0.352ms
[2025-08-01T14:45:36.268+0000] GC(205) Heap after GC invocations=206 (full 206):
[2025-08-01T14:45:36.268+0000] GC(205)  ZHeap           used 716M, capacity 4096M, max capacity 4096M
[2025-08-01T14:45:36.268+0000] GC(205)  Metaspace       used 10643K, committed 10880K, reserved 1114112K
[2025-08-01T14:45:36.268+0000] GC(205)   class space    used 1265K, committed 1344K, reserved 1048576K
[2025-08-01T14:45:36.268+0000] GC(205) Load: 1.89/0.74/0.32
[2025-08-01T14:45:36.268+0000] GC(205) MMU: 2ms/90.0%, 5ms/96.0%, 10ms/97.9%, 20ms/98.9%, 50ms/99.6%, 100ms/99.8%
[2025-08-01T14:45:36.268+0000] GC(205) Mark: 2 stripe(s), 2 proactive flush(es), 1 terminate flush(es), 0 completion(s), 0 continuation(s) 
[2025-08-01T14:45:36.268+0000] GC(205) Mark Stack Usage: 32M
[2025-08-01T14:45:36.268+0000] GC(205) NMethods: 1415 registered, 180 unregistered
[2025-08-01T14:45:36.268+0000] GC(205) Metaspace: 10M used, 10M committed, 1088M reserved
[2025-08-01T14:45:36.268+0000] GC(205) Soft: 228 encountered, 0 discovered, 0 enqueued
[2025-08-01T14:45:36.268+0000] GC(205) Weak: 934 encountered, 673 discovered, 0 enqueued
[2025-08-01T14:45:36.268+0000] GC(205) Final: 0 encountered, 0 discovered, 0 enqueued
[2025-08-01T14:45:36.268+0000] GC(205) Phantom: 3 encountered, 1 discovered, 0 enqueued
[2025-08-01T14:45:36.268+0000] GC(205) Small Pages: 1163 / 2326M, Empty: 2026M, Relocated: 0M, In-Place: 0
[2025-08-01T14:45:36.268+0000] GC(205) Medium Pages: 1 / 32M, Empty: 0M, Relocated: 0M, In-Place: 0
[2025-08-01T14:45:36.268+0000] GC(205) Large Pages: 0 / 0M, Empty: 0M, Relocated: 0M, In-Place: 0
[2025-08-01T14:45:36.268+0000] GC(205) Forwarding Usage: 0M
[2025-08-01T14:45:36.268+0000] GC(205) Min Capacity: 4096M(100%)
[2025-08-01T14:45:36.268+0000] GC(205) Max Capacity: 4096M(100%)
[2025-08-01T14:45:36.268+0000] GC(205) Soft Max Capacity: 4096M(100%)
[2025-08-01T14:45:36.268+0000] GC(205)                Mark Start          Mark End        Relocate Start      Relocate End           High               Low         
[2025-08-01T14:45:36.268+0000] GC(205)  Capacity:     4096M (100%)       4096M (100%)       4096M (100%)       4096M (100%)       4096M (100%)       4096M (100%)   
[2025-08-01T14:45:36.268+0000] GC(205)      Free:     1738M (42%)        1384M (34%)        3378M (82%)        3380M (83%)        3382M (83%)        1370M (33%)    
[2025-08-01T14:45:36.268+0000] GC(205)      Used:     2358M (58%)        2712M (66%)         718M (18%)         716M (17%)        2726M (67%)         714M (17%)    
[2025-08-01T14:45:36.268+0000] GC(205)      Live:         -               289M (7%)          289M (7%)          289M (7%)             -                  -          
[2025-08-01T14:45:36.268+0000] GC(205) Allocated:         -               354M (9%)          386M (9%)          388M (9%)             -                  -          
[2025-08-01T14:45:36.268+0000] GC(205)   Garbage:         -              2068M (50%)          42M (1%)           38M (1%)             -                  -          
[2025-08-01T14:45:36.268+0000] GC(205) Reclaimed:         -                  -              2026M (49%)        2030M (50%)            -                  -          
[2025-08-01T14:45:36.268+0000] GC(205) Garbage Collection (Allocation Rate) 2358M(58%)->716M(17%)
[2025-08-01T14:45:36.693+0000] GC(206) Heap before GC invocations=206 (full 206):
[2025-08-01T14:45:36.693+0000] GC(206)  ZHeap           used 2892M, capacity 4096M, max capacity 4096M
[2025-08-01T14:45:36.693+0000] GC(206)  Metaspace       used 10643K, committed 10880K, reserved 1114112K
[2025-08-01T14:45:36.693+0000] GC(206)   class space    used 1265K, committed 1344K, reserved 1048576K
[2025-08-01T14:45:36.693+0000] GC(206) Garbage Collection (Allocation Rate)
[2025-08-01T14:45:36.693+0000] GC(206) Using 2 workers
[2025-08-01T14:45:36.693+0000] GC(206) Pause Mark Start 0.008ms
[2025-08-01T14:45:36.834+0000] GC(206) Concurrent Mark 140.761ms
[2025-08-01T14:45:36.835+0000] GC(206) Pause Mark End 0.017ms
[2025-08-01T14:45:36.835+0000] GC(206) Concurrent Mark Free 0.001ms
[2025-08-01T14:45:36.839+0000] GC(206) Concurrent Process Non-Strong References 3.916ms
[2025-08-01T14:45:36.839+0000] GC(206) Concurrent Reset Relocation Set 0.003ms
[2025-08-01T14:45:36.843+0000] GC(206) Concurrent Select Relocation Set 3.987ms
[2025-08-01T14:45:36.843+0000] GC(206) Pause Relocate Start 0.011ms
[2025-08-01T14:45:36.845+0000] GC(206) Concurrent Relocate 1.541ms
[2025-08-01T14:45:36.845+0000] GC(206) Heap after GC invocations=207 (full 207):
[2025-08-01T14:45:36.845+0000] GC(206)  ZHeap           used 1406M, capacity 4096M, max capacity 4096M
[2025-08-01T14:45:36.845+0000] GC(206)  Metaspace       used 10643K, committed 10880K, reserved 1114112K
[2025-08-01T14:45:36.845+0000] GC(206)   class space    used 1265K, committed 1344K, reserved 1048576K
[2025-08-01T14:45:36.845+0000] GC(206) Load: 1.82/0.74/0.32
[2025-08-01T14:45:36.845+0000] GC(206) MMU: 2ms/90.0%, 5ms/96.0%, 10ms/97.9%, 20ms/98.9%, 50ms/99.6%, 100ms/99.8%
[2025-08-01T14:45:36.845+0000] GC(206) Mark: 2 stripe(s), 2 proactive flush(es), 1 terminate flush(es), 0 completion(s), 0 continuation(s) 
[2025-08-01T14:45:36.845+0000] GC(206) Mark Stack Usage: 32M
[2025-08-01T14:45:36.845+0000] GC(206) NMethods: 1415 registered, 180 unregistered
[2025-08-01T14:45:36.845+0000] GC(206) Metaspace: 10M used, 10M committed, 1088M reserved
[2025-08-01T14:45:36.845+0000] GC(206) Soft: 228 encountered, 0 discovered, 0 enqueued
[2025-08-01T14:45:36.845+0000] GC(206) Weak: 934 encountered, 701 discovered, 0 enqueued
[2025-08-01T14:45:36.845+0000] GC(206) Final: 0 encountered, 0 discovered, 0 enqueued
[2025-08-01T14:45:36.845+0000] GC(206) Phantom: 3 encountered, 2 discovered, 0 enqueued
[2025-08-01T14:45:36.845+0000] GC(206) Small Pages: 1430 / 2860M, Empty: 2232M, Relocated: 5M, In-Place: 0
[2025-08-01T14:45:36.845+0000] GC(206) Medium Pages: 1 / 32M, Empty: 0M, Relocated: 0M, In-Place: 0
[2025-08-01T14:45:36.845+0000] GC(206) Large Pages: 0 / 0M, Empty: 0M, Relocated: 0M, In-Place: 0
[2025-08-01T14:45:36.845+0000] GC(206) Forwarding Usage: 0M
[2025-08-01T14:45:36.845+0000] GC(206) Min Capacity: 4096M(100%)
[2025-08-01T14:45:36.845+0000] GC(206) Max Capacity: 4096M(100%)
[2025-08-01T14:45:36.845+0000] GC(206) Soft Max Capacity: 4096M(100%)
[2025-08-01T14:45:36.845+0000] GC(206)                Mark Start          Mark End        Relocate Start      Relocate End           High               Low         
[2025-08-01T14:45:36.845+0000] GC(206)  Capacity:     4096M (100%)       4096M (100%)       4096M (100%)       4096M (100%)       4096M (100%)       4096M (100%)   
[2025-08-01T14:45:36.845+0000] GC(206)      Free:     1204M (29%)         502M (12%)        2682M (65%)        2690M (66%)        2692M (66%)         478M (12%)    
[2025-08-01T14:45:36.845+0000] GC(206)      Used:     2892M (71%)        3594M (88%)        1414M (35%)        1406M (34%)        3618M (88%)        1404M (34%)    
[2025-08-01T14:45:36.845+0000] GC(206)      Live:         -               606M (15%)         606M (15%)         606M (15%)            -                  -          
[2025-08-01T14:45:36.845+0000] GC(206) Allocated:         -               702M (17%)         754M (18%)         762M (19%)            -                  -          
[2025-08-01T14:45:36.845+0000] GC(206)   Garbage:         -              2285M (56%)          53M (1%)           37M (1%)             -                  -          
[2025-08-01T14:45:36.845+0000] GC(206) Reclaimed:         -                  -              2232M (54%)        2248M (55%)            -                  -          
[2025-08-01T14:45:36.845+0000] GC(206) Garbage Collection (Allocation Rate) 2892M(71%)->1406M(34%)
[2025-08-01T14:45:37.093+0000] GC(207) Heap before GC invocations=207 (full 207):
[2025-08-01T14:45:37.093+0000] GC(207)  ZHeap           used 2618M, capacity 4096M, max capacity 4096M
[2025-08-01T14:45:37.093+0000] GC(207)  Metaspace       used 10643K, committed 10880K, reserved 1114112K
[2025-08-01T14:45:37.093+0000] GC(207)   class space    used 1265K, committed 1344K, reserved 1048576K
[2025-08-01T14:45:37.093+0000] GC(207) Garbage Collection (Allocation Rate)
[2025-08-01T14:45:37.093+0000] GC(207) Using 2 workers
[2025-08-01T14:45:37.094+0000] GC(207) Pause Mark Start 0.007ms
[2025-08-01T14:45:37.239+0000] GC(207) Concurrent Mark 145.354ms
[2025-08-01T14:45:37.240+0000] GC(207) Pause Mark End 0.016ms
[2025-08-01T14:45:37.240+0000] GC(207) Concurrent Mark Free 0.001ms
[2025-08-01T14:45:37.243+0000] GC(207) Concurrent Process Non-Strong References 2.675ms
[2025-08-01T14:45:37.243+0000] GC(207) Concurrent Reset Relocation Set 0.002ms
[2025-08-01T14:45:37.246+0000] GC(207) Concurrent Select Relocation Set 3.355ms
[2025-08-01T14:45:37.248+0000] GC(207) Pause Relocate Start 0.013ms
[2025-08-01T14:45:37.249+0000] GC(207) Concurrent Relocate 1.394ms
[2025-08-01T14:45:37.249+0000] GC(207) Heap after GC invocations=208 (full 208):
[2025-08-01T14:45:37.249+0000] GC(207)  ZHeap           used 1468M, capacity 4096M, max capacity 4096M
[2025-08-01T14:45:37.249+0000] GC(207)  Metaspace       used 10643K, committed 10880K, reserved 1114112K
[2025-08-01T14:45:37.249+0000] GC(207)   class space    used 1265K, committed 1344K, reserved 1048576K
[2025-08-01T14:45:37.249+0000] GC(207) Load: 1.82/0.74/0.32
[2025-08-01T14:45:37.250+0000] GC(207) MMU: 2ms/90.0%, 5ms/96.0%, 10ms/97.9%, 20ms/98.9%, 50ms/99.6%, 100ms/99.8%
[2025-08-01T14:45:37.250+0000] GC(207) Mark: 2 stripe(s), 2 proactive flush(es), 1 terminate flush(es), 0 completion(s), 0 continuation(s) 
[2025-08-01T14:45:37.250+0000] GC(207) Mark Stack Usage: 32M
[2025-08-01T14:45:37.250+0000] GC(207) NMethods: 1415 registered, 180 unregistered
[2025-08-01T14:45:37.250+0000] GC(207) Metaspace: 10M used, 10M committed, 1088M reserved
[2025-08-01T14:45:37.250+0000] GC(207) Soft: 228 encountered, 0 discovered, 0 enqueued
[2025-08-01T14:45:37.250+0000] GC(207) Weak: 934 encountered, 683 discovered, 0 enqueued
[2025-08-01T14:45:37.250+0000] GC(207) Final: 0 encountered, 0 discovered, 0 enqueued
[2025-08-01T14:45:37.250+0000] GC(207) Phantom: 3 encountered, 1 discovered, 0 enqueued
[2025-08-01T14:45:37.250+0000] GC(207) Small Pages: 1293 / 2586M, Empty: 1942M, Relocated: 3M, In-Place: 0
[2025-08-01T14:45:37.250+0000] GC(207) Medium Pages: 1 / 32M, Empty: 0M, Relocated: 0M, In-Place: 0
[2025-08-01T14:45:37.250+0000] GC(207) Large Pages: 0 / 0M, Empty: 0M, Relocated: 0M, In-Place: 0
[2025-08-01T14:45:37.250+0000] GC(207) Forwarding Usage: 0M
[2025-08-01T14:45:37.250+0000] GC(207) Min Capacity: 4096M(100%)
[2025-08-01T14:45:37.250+0000] GC(207) Max Capacity: 4096M(100%)
[2025-08-01T14:45:37.250+0000] GC(207) Soft Max Capacity: 4096M(100%)
[2025-08-01T14:45:37.250+0000] GC(207)                Mark Start          Mark End        Relocate Start      Relocate End           High               Low         
[2025-08-01T14:45:37.250+0000] GC(207)  Capacity:     4096M (100%)       4096M (100%)       4096M (100%)       4096M (100%)       4096M (100%)       4096M (100%)   
[2025-08-01T14:45:37.250+0000] GC(207)      Free:     1478M (36%)         716M (17%)        2622M (64%)        2628M (64%)        2630M (64%)         700M (17%)    
[2025-08-01T14:45:37.250+0000] GC(207)      Used:     2618M (64%)        3380M (83%)        1474M (36%)        1468M (36%)        3396M (83%)        1466M (36%)    
[2025-08-01T14:45:37.250+0000] GC(207)      Live:         -               626M (15%)         626M (15%)         626M (15%)            -                  -          
[2025-08-01T14:45:37.250+0000] GC(207) Allocated:         -               762M (19%)         798M (19%)         802M (20%)            -                  -          
[2025-08-01T14:45:37.250+0000] GC(207)   Garbage:         -              1991M (49%)          49M (1%)           39M (1%)             -                  -          
[2025-08-01T14:45:37.250+0000] GC(207) Reclaimed:         -                  -              1942M (47%)        1952M (48%)            -                  -          
[2025-08-01T14:45:37.250+0000] GC(207) Garbage Collection (Allocation Rate) 2618M(64%)->1468M(36%)
[2025-08-01T14:45:37.494+0000] GC(208) Heap before GC invocations=208 (full 208):
[2025-08-01T14:45:37.494+0000] GC(208)  ZHeap           used 2598M, capacity 4096M, max capacity 4096M
[2025-08-01T14:45:37.494+0000] GC(208)  Metaspace       used 10643K, committed 10880K, reserved 1114112K
[2025-08-01T14:45:37.494+0000] GC(208)   class space    used 1265K, committed 1344K, reserved 1048576K
[2025-08-01T14:45:37.494+0000] GC(208) Garbage Collection (Allocation Rate)
[2025-08-01T14:45:37.494+0000] GC(208) Using 2 workers
[2025-08-01T14:45:37.494+0000] GC(208) Pause Mark Start 0.009ms
[2025-08-01T14:45:37.630+0000] GC(208) Concurrent Mark 135.833ms
[2025-08-01T14:45:37.630+0000] GC(208) Pause Mark End 0.020ms
[2025-08-01T14:45:37.631+0000] GC(208) Concurrent Mark Free 0.003ms
[2025-08-01T14:45:37.637+0000] GC(208) Concurrent Process Non-Strong References 6.347ms
[2025-08-01T14:45:37.637+0000] GC(208) Concurrent Reset Relocation Set 0.002ms
[2025-08-01T14:45:37.640+0000] GC(208) Concurrent Select Relocation Set 3.413ms
[2025-08-01T14:45:37.642+0000] GC(208) Pause Relocate Start 0.015ms
[2025-08-01T14:45:37.643+0000] GC(208) Concurrent Relocate 0.556ms
[2025-08-01T14:45:37.643+0000] GC(208) Heap after GC invocations=209 (full 209):
[2025-08-01T14:45:37.643+0000] GC(208)  ZHeap           used 1278M, capacity 4096M, max capacity 4096M
[2025-08-01T14:45:37.643+0000] GC(208)  Metaspace       used 10643K, committed 10880K, reserved 1114112K
[2025-08-01T14:45:37.643+0000] GC(208)   class space    used 1265K, committed 1344K, reserved 1048576K
[2025-08-01T14:45:37.643+0000] GC(208) Load: 1.82/0.74/0.32
[2025-08-01T14:45:37.643+0000] GC(208) MMU: 2ms/90.0%, 5ms/96.0%, 10ms/97.9%, 20ms/98.9%, 50ms/99.6%, 100ms/99.8%
[2025-08-01T14:45:37.643+0000] GC(208) Mark: 2 stripe(s), 2 proactive flush(es), 1 terminate flush(es), 0 completion(s), 0 continuation(s) 
[2025-08-01T14:45:37.643+0000] GC(208) Mark Stack Usage: 32M
[2025-08-01T14:45:37.643+0000] GC(208) NMethods: 1415 registered, 180 unregistered
[2025-08-01T14:45:37.643+0000] GC(208) Metaspace: 10M used, 10M committed, 1088M reserved
[2025-08-01T14:45:37.643+0000] GC(208) Soft: 228 encountered, 0 discovered, 0 enqueued
[2025-08-01T14:45:37.643+0000] GC(208) Weak: 934 encountered, 701 discovered, 0 enqueued
[2025-08-01T14:45:37.643+0000] GC(208) Final: 0 encountered, 0 discovered, 0 enqueued
[2025-08-01T14:45:37.643+0000] GC(208) Phantom: 3 encountered, 1 discovered, 0 enqueued
[2025-08-01T14:45:37.643+0000] GC(208) Small Pages: 1283 / 2566M, Empty: 2050M, Relocated: 1M, In-Place: 0
[2025-08-01T14:45:37.643+0000] GC(208) Medium Pages: 1 / 32M, Empty: 0M, Relocated: 0M, In-Place: 0
[2025-08-01T14:45:37.643+0000] GC(208) Large Pages: 0 / 0M, Empty: 0M, Relocated: 0M, In-Place: 0
[2025-08-01T14:45:37.643+0000] GC(208) Forwarding Usage: 0M
[2025-08-01T14:45:37.643+0000] GC(208) Min Capacity: 4096M(100%)
[2025-08-01T14:45:37.643+0000] GC(208) Max Capacity: 4096M(100%)
[2025-08-01T14:45:37.643+0000] GC(208) Soft Max Capacity: 4096M(100%)
[2025-08-01T14:45:37.643+0000] GC(208)                Mark Start          Mark End        Relocate Start      Relocate End           High               Low         
[2025-08-01T14:45:37.643+0000] GC(208)  Capacity:     4096M (100%)       4096M (100%)       4096M (100%)       4096M (100%)       4096M (100%)       4096M (100%)   
[2025-08-01T14:45:37.643+0000] GC(208)      Free:     1498M (37%)         778M (19%)        2810M (69%)        2818M (69%)        2818M (69%)         760M (19%)    
[2025-08-01T14:45:37.643+0000] GC(208)      Used:     2598M (63%)        3318M (81%)        1286M (31%)        1278M (31%)        3336M (81%)        1278M (31%)    
[2025-08-01T14:45:37.643+0000] GC(208)      Live:         -               501M (12%)         501M (12%)         501M (12%)            -                  -          
[2025-08-01T14:45:37.643+0000] GC(208) Allocated:         -               720M (18%)         738M (18%)         738M (18%)            -                  -          
[2025-08-01T14:45:37.643+0000] GC(208)   Garbage:         -              2096M (51%)          46M (1%)           38M (1%)             -                  -          
[2025-08-01T14:45:37.643+0000] GC(208) Reclaimed:         -                  -              2050M (50%)        2058M (50%)            -                  -          
[2025-08-01T14:45:37.643+0000] GC(208) Garbage Collection (Allocation Rate) 2598M(63%)->1278M(31%)
[2025-08-01T14:45:37.993+0000] GC(209) Heap before GC invocations=209 (full 209):
[2025-08-01T14:45:37.993+0000] GC(209)  ZHeap           used 3000M, capacity 4096M, max capacity 4096M
[2025-08-01T14:45:37.993+0000] GC(209)  Metaspace       used 10643K, committed 10880K, reserved 1114112K
[2025-08-01T14:45:37.993+0000] GC(209)   class space    used 1265K, committed 1344K, reserved 1048576K
[2025-08-01T14:45:37.993+0000] GC(209) Garbage Collection (Allocation Rate)
[2025-08-01T14:45:37.993+0000] GC(209) Using 2 workers
[2025-08-01T14:45:37.994+0000] GC(209) Pause Mark Start 0.012ms
[2025-08-01T14:45:38.051+0000] GC(209) Concurrent Mark 56.242ms
[2025-08-01T14:45:38.051+0000] GC(209) Pause Mark End 0.018ms
[2025-08-01T14:45:38.051+0000] GC(209) Concurrent Mark Free 0.001ms
[2025-08-01T14:45:38.054+0000] GC(209) Concurrent Process Non-Strong References 2.804ms
[2025-08-01T14:45:38.054+0000] GC(209) Concurrent Reset Relocation Set 0.002ms
[2025-08-01T14:45:38.058+0000] GC(209) Concurrent Select Relocation Set 3.782ms
[2025-08-01T14:45:38.058+0000] GC(209) Pause Relocate Start 0.016ms
[2025-08-01T14:45:38.059+0000] GC(209) Concurrent Relocate 0.972ms
[2025-08-01T14:45:38.059+0000] GC(209) Heap after GC invocations=210 (full 210):
[2025-08-01T14:45:38.059+0000] GC(209)  ZHeap           used 506M, capacity 4096M, max capacity 4096M
[2025-08-01T14:45:38.059+0000] GC(209)  Metaspace       used 10643K, committed 10880K, reserved 1114112K
[2025-08-01T14:45:38.059+0000] GC(209)   class space    used 1265K, committed 1344K, reserved 1048576K
[2025-08-01T14:45:38.059+0000] GC(209) Load: 1.82/0.74/0.32
[2025-08-01T14:45:38.059+0000] GC(209) MMU: 2ms/90.0%, 5ms/96.0%, 10ms/97.9%, 20ms/98.9%, 50ms/99.6%, 100ms/99.8%
[2025-08-01T14:45:38.059+0000] GC(209) Mark: 2 stripe(s), 2 proactive flush(es), 1 terminate flush(es), 0 completion(s), 0 continuation(s) 
[2025-08-01T14:45:38.059+0000] GC(209) Mark Stack Usage: 32M
[2025-08-01T14:45:38.059+0000] GC(209) NMethods: 1415 registered, 180 unregistered
[2025-08-01T14:45:38.059+0000] GC(209) Metaspace: 10M used, 10M committed, 1088M reserved
[2025-08-01T14:45:38.059+0000] GC(209) Soft: 228 encountered, 0 discovered, 0 enqueued
[2025-08-01T14:45:38.059+0000] GC(209) Weak: 934 encountered, 677 discovered, 0 enqueued
[2025-08-01T14:45:38.059+0000] GC(209) Final: 0 encountered, 0 discovered, 0 enqueued
[2025-08-01T14:45:38.059+0000] GC(209) Phantom: 3 encountered, 2 discovered, 0 enqueued
[2025-08-01T14:45:38.059+0000] GC(209) Small Pages: 1488 / 2976M, Empty: 2792M, Relocated: 3M, In-Place: 0
[2025-08-01T14:45:38.059+0000] GC(209) Medium Pages: 1 / 32M, Empty: 0M, Relocated: 0M, In-Place: 0
[2025-08-01T14:45:38.059+0000] GC(209) Large Pages: 0 / 0M, Empty: 0M, Relocated: 0M, In-Place: 0
[2025-08-01T14:45:38.059+0000] GC(209) Forwarding Usage: 0M
[2025-08-01T14:45:38.059+0000] GC(209) Min Capacity: 4096M(100%)
[2025-08-01T14:45:38.059+0000] GC(209) Max Capacity: 4096M(100%)
[2025-08-01T14:45:38.059+0000] GC(209) Soft Max Capacity: 4096M(100%)
[2025-08-01T14:45:38.059+0000] GC(209)                Mark Start          Mark End        Relocate Start      Relocate End           High               Low         
[2025-08-01T14:45:38.059+0000] GC(209)  Capacity:     4096M (100%)       4096M (100%)       4096M (100%)       4096M (100%)       4096M (100%)       4096M (100%)   
[2025-08-01T14:45:38.059+0000] GC(209)      Free:     1088M (27%)         788M (19%)        3580M (87%)        3590M (88%)        3590M (88%)         788M (19%)    
[2025-08-01T14:45:38.059+0000] GC(209)      Used:     3008M (73%)        3308M (81%)         516M (13%)         506M (12%)        3308M (81%)         506M (12%)    
[2025-08-01T14:45:38.059+0000] GC(209)      Live:         -               170M (4%)          170M (4%)          170M (4%)             -                  -          
[2025-08-01T14:45:38.059+0000] GC(209) Allocated:         -               300M (7%)          300M (7%)          300M (7%)             -                  -          
[2025-08-01T14:45:38.059+0000] GC(209)   Garbage:         -              2837M (69%)          45M (1%)           35M (1%)             -                  -          
[2025-08-01T14:45:38.059+0000] GC(209) Reclaimed:         -                  -              2792M (68%)        2802M (68%)            -                  -          
[2025-08-01T14:45:38.059+0000] GC(209) Garbage Collection (Allocation Rate) 3008M(73%)->506M(12%)
[2025-08-01T14:45:38.493+0000] GC(210) Heap before GC invocations=210 (full 210):
[2025-08-01T14:45:38.493+0000] GC(210)  ZHeap           used 2682M, capacity 4096M, max capacity 4096M
[2025-08-01T14:45:38.494+0000] GC(210)  Metaspace       used 10643K, committed 10880K, reserved 1114112K
[2025-08-01T14:45:38.494+0000] GC(210)   class space    used 1265K, committed 1344K, reserved 1048576K
[2025-08-01T14:45:38.494+0000] GC(210) Garbage Collection (Allocation Rate)
[2025-08-01T14:45:38.494+0000] GC(210) Using 2 workers
[2025-08-01T14:45:38.494+0000] GC(210) Pause Mark Start 0.013ms
[2025-08-01T14:45:38.646+0000] GC(210) Concurrent Mark 150.999ms
[2025-08-01T14:45:38.646+0000] GC(210) Pause Mark End 0.019ms
[2025-08-01T14:45:38.646+0000] GC(210) Concurrent Mark Free 0.001ms
[2025-08-01T14:45:38.651+0000] GC(210) Concurrent Process Non-Strong References 5.111ms
[2025-08-01T14:45:38.651+0000] GC(210) Concurrent Reset Relocation Set 0.002ms
[2025-08-01T14:45:38.655+0000] GC(210) Concurrent Select Relocation Set 4.104ms
[2025-08-01T14:45:38.656+0000] GC(210) Pause Relocate Start 0.015ms
[2025-08-01T14:45:38.659+0000] GC(210) Concurrent Relocate 2.480ms
[2025-08-01T14:45:38.659+0000] GC(210) Heap after GC invocations=211 (full 211):
[2025-08-01T14:45:38.659+0000] GC(210)  ZHeap           used 1458M, capacity 4096M, max capacity 4096M
[2025-08-01T14:45:38.659+0000] GC(210)  Metaspace       used 10643K, committed 10880K, reserved 1114112K
[2025-08-01T14:45:38.659+0000] GC(210)   class space    used 1265K, committed 1344K, reserved 1048576K
[2025-08-01T14:45:38.659+0000] GC(210) Load: 1.82/0.74/0.32
[2025-08-01T14:45:38.659+0000] GC(210) MMU: 2ms/90.0%, 5ms/96.0%, 10ms/97.9%, 20ms/98.9%, 50ms/99.6%, 100ms/99.8%
[2025-08-01T14:45:38.659+0000] GC(210) Mark: 2 stripe(s), 3 proactive flush(es), 1 terminate flush(es), 0 completion(s), 0 continuation(s) 
[2025-08-01T14:45:38.659+0000] GC(210) Mark Stack Usage: 32M
[2025-08-01T14:45:38.659+0000] GC(210) NMethods: 1415 registered, 180 unregistered
[2025-08-01T14:45:38.659+0000] GC(210) Metaspace: 10M used, 10M committed, 1088M reserved
[2025-08-01T14:45:38.659+0000] GC(210) Soft: 228 encountered, 0 discovered, 0 enqueued
[2025-08-01T14:45:38.659+0000] GC(210) Weak: 934 encountered, 724 discovered, 0 enqueued
[2025-08-01T14:45:38.659+0000] GC(210) Final: 0 encountered, 0 discovered, 0 enqueued
[2025-08-01T14:45:38.659+0000] GC(210) Phantom: 3 encountered, 2 discovered, 0 enqueued
[2025-08-01T14:45:38.659+0000] GC(210) Small Pages: 1327 / 2654M, Empty: 1984M, Relocated: 3M, In-Place: 0
[2025-08-01T14:45:38.659+0000] GC(210) Medium Pages: 1 / 32M, Empty: 0M, Relocated: 0M, In-Place: 0
[2025-08-01T14:45:38.659+0000] GC(210) Large Pages: 0 / 0M, Empty: 0M, Relocated: 0M, In-Place: 0
[2025-08-01T14:45:38.659+0000] GC(210) Forwarding Usage: 0M
[2025-08-01T14:45:38.659+0000] GC(210) Min Capacity: 4096M(100%)
[2025-08-01T14:45:38.659+0000] GC(210) Max Capacity: 4096M(100%)
[2025-08-01T14:45:38.659+0000] GC(210) Soft Max Capacity: 4096M(100%)
[2025-08-01T14:45:38.659+0000] GC(210)                Mark Start          Mark End        Relocate Start      Relocate End           High               Low         
[2025-08-01T14:45:38.659+0000] GC(210)  Capacity:     4096M (100%)       4096M (100%)       4096M (100%)       4096M (100%)       4096M (100%)       4096M (100%)   
[2025-08-01T14:45:38.659+0000] GC(210)      Free:     1410M (34%)         694M (17%)        2624M (64%)        2638M (64%)        2638M (64%)         658M (16%)    
[2025-08-01T14:45:38.659+0000] GC(210)      Used:     2686M (66%)        3402M (83%)        1472M (36%)        1458M (36%)        3438M (84%)        1458M (36%)    
[2025-08-01T14:45:38.659+0000] GC(210)      Live:         -               650M (16%)         650M (16%)         650M (16%)            -                  -          
[2025-08-01T14:45:38.659+0000] GC(210) Allocated:         -               716M (17%)         770M (19%)         770M (19%)            -                  -          
[2025-08-01T14:45:38.659+0000] GC(210)   Garbage:         -              2035M (50%)          51M (1%)           37M (1%)             -                  -          
[2025-08-01T14:45:38.659+0000] GC(210) Reclaimed:         -                  -              1984M (48%)        1998M (49%)            -                  -          
[2025-08-01T14:45:38.659+0000] GC(210) Garbage Collection (Allocation Rate) 2686M(66%)->1458M(36%)
[2025-08-01T14:45:38.793+0000] GC(211) Heap before GC invocations=211 (full 211):
[2025-08-01T14:45:38.793+0000] GC(211)  ZHeap           used 2142M, capacity 4096M, max capacity 4096M
[2025-08-01T14:45:38.793+0000] GC(211)  Metaspace       used 10643K, committed 10880K, reserved 1114112K
[2025-08-01T14:45:38.793+0000] GC(211)   class space    used 1265K, committed 1344K, reserved 1048576K
[2025-08-01T14:45:38.793+0000] GC(211) Garbage Collection (Allocation Rate)
[2025-08-01T14:45:38.793+0000] GC(211) Using 2 workers
[2025-08-01T14:45:38.794+0000] GC(211) Pause Mark Start 0.013ms
[2025-08-01T14:45:38.862+0000] GC(211) Concurrent Mark 67.185ms
[2025-08-01T14:45:38.863+0000] GC(211) Pause Mark End 0.015ms
[2025-08-01T14:45:38.863+0000] GC(211) Concurrent Mark Free 0.001ms
[2025-08-01T14:45:38.866+0000] GC(211) Concurrent Process Non-Strong References 3.615ms
[2025-08-01T14:45:38.867+0000] GC(211) Concurrent Reset Relocation Set 0.002ms
[2025-08-01T14:45:38.869+0000] GC(211) Concurrent Select Relocation Set 2.452ms
[2025-08-01T14:45:38.870+0000] GC(211) Pause Relocate Start 0.010ms
[2025-08-01T14:45:38.871+0000] GC(211) Concurrent Relocate 0.790ms
[2025-08-01T14:45:38.871+0000] GC(211) Heap after GC invocations=212 (full 212):
[2025-08-01T14:45:38.871+0000] GC(211)  ZHeap           used 694M, capacity 4096M, max capacity 4096M
[2025-08-01T14:45:38.871+0000] GC(211)  Metaspace       used 10643K, committed 10880K, reserved 1114112K
[2025-08-01T14:45:38.871+0000] GC(211)   class space    used 1265K, committed 1344K, reserved 1048576K
[2025-08-01T14:45:38.871+0000] GC(211) Load: 1.82/0.74/0.32
[2025-08-01T14:45:38.871+0000] GC(211) MMU: 2ms/90.0%, 5ms/96.0%, 10ms/97.9%, 20ms/98.9%, 50ms/99.6%, 100ms/99.8%
[2025-08-01T14:45:38.871+0000] GC(211) Mark: 2 stripe(s), 2 proactive flush(es), 1 terminate flush(es), 0 completion(s), 0 continuation(s) 
[2025-08-01T14:45:38.871+0000] GC(211) Mark Stack Usage: 32M
[2025-08-01T14:45:38.871+0000] GC(211) NMethods: 1415 registered, 180 unregistered
[2025-08-01T14:45:38.871+0000] GC(211) Metaspace: 10M used, 10M committed, 1088M reserved
[2025-08-01T14:45:38.871+0000] GC(211) Soft: 228 encountered, 0 discovered, 0 enqueued
[2025-08-01T14:45:38.871+0000] GC(211) Weak: 934 encountered, 708 discovered, 0 enqueued
[2025-08-01T14:45:38.871+0000] GC(211) Final: 0 encountered, 0 discovered, 0 enqueued
[2025-08-01T14:45:38.871+0000] GC(211) Phantom: 3 encountered, 1 discovered, 0 enqueued
[2025-08-01T14:45:38.871+0000] GC(211) Small Pages: 1056 / 2112M, Empty: 1820M, Relocated: 1M, In-Place: 0
[2025-08-01T14:45:38.871+0000] GC(211) Medium Pages: 1 / 32M, Empty: 0M, Relocated: 0M, In-Place: 0
[2025-08-01T14:45:38.871+0000] GC(211) Large Pages: 0 / 0M, Empty: 0M, Relocated: 0M, In-Place: 0
[2025-08-01T14:45:38.871+0000] GC(211) Forwarding Usage: 0M
[2025-08-01T14:45:38.871+0000] GC(211) Min Capacity: 4096M(100%)
[2025-08-01T14:45:38.871+0000] GC(211) Max Capacity: 4096M(100%)
[2025-08-01T14:45:38.871+0000] GC(211) Soft Max Capacity: 4096M(100%)
[2025-08-01T14:45:38.871+0000] GC(211)                Mark Start          Mark End        Relocate Start      Relocate End           High               Low         
[2025-08-01T14:45:38.871+0000] GC(211)  Capacity:     4096M (100%)       4096M (100%)       4096M (100%)       4096M (100%)       4096M (100%)       4096M (100%)   
[2025-08-01T14:45:38.871+0000] GC(211)      Free:     1952M (48%)        1644M (40%)        3408M (83%)        3406M (83%)        3410M (83%)        1614M (39%)    
[2025-08-01T14:45:38.871+0000] GC(211)      Used:     2144M (52%)        2452M (60%)         688M (17%)         690M (17%)        2482M (61%)         686M (17%)    
[2025-08-01T14:45:38.871+0000] GC(211)      Live:         -               281M (7%)          281M (7%)          281M (7%)             -                  -          
[2025-08-01T14:45:38.871+0000] GC(211) Allocated:         -               308M (8%)          364M (9%)          370M (9%)             -                  -          
[2025-08-01T14:45:38.871+0000] GC(211)   Garbage:         -              1862M (45%)          42M (1%)           38M (1%)             -                  -          
[2025-08-01T14:45:38.871+0000] GC(211) Reclaimed:         -                  -              1820M (44%)        1824M (45%)            -                  -          
[2025-08-01T14:45:38.871+0000] GC(211) Garbage Collection (Allocation Rate) 2144M(52%)->690M(17%)
[2025-08-01T14:45:39.293+0000] GC(212) Heap before GC invocations=212 (full 212):
[2025-08-01T14:45:39.293+0000] GC(212)  ZHeap           used 2764M, capacity 4096M, max capacity 4096M
[2025-08-01T14:45:39.293+0000] GC(212)  Metaspace       used 10643K, committed 10880K, reserved 1114112K
[2025-08-01T14:45:39.293+0000] GC(212)   class space    used 1265K, committed 1344K, reserved 1048576K
[2025-08-01T14:45:39.293+0000] GC(212) Garbage Collection (Allocation Rate)
[2025-08-01T14:45:39.293+0000] GC(212) Using 2 workers
[2025-08-01T14:45:39.293+0000] GC(212) Pause Mark Start 0.007ms
[2025-08-01T14:45:39.464+0000] GC(212) Concurrent Mark 170.630ms
[2025-08-01T14:45:39.464+0000] GC(212) Pause Mark End 0.021ms
[2025-08-01T14:45:39.464+0000] GC(212) Concurrent Mark Free 0.001ms
[2025-08-01T14:45:39.467+0000] GC(212) Concurrent Process Non-Strong References 2.506ms
[2025-08-01T14:45:39.467+0000] GC(212) Concurrent Reset Relocation Set 0.001ms
[2025-08-01T14:45:39.469+0000] GC(212) Concurrent Select Relocation Set 2.563ms
[2025-08-01T14:45:39.469+0000] GC(212) Pause Relocate Start 0.011ms
[2025-08-01T14:45:39.471+0000] GC(212) Concurrent Relocate 1.617ms
[2025-08-01T14:45:39.471+0000] GC(212) Heap after GC invocations=213 (full 213):
[2025-08-01T14:45:39.471+0000] GC(212)  ZHeap           used 1608M, capacity 4096M, max capacity 4096M
[2025-08-01T14:45:39.471+0000] GC(212)  Metaspace       used 10643K, committed 10880K, reserved 1114112K
[2025-08-01T14:45:39.471+0000] GC(212)   class space    used 1265K, committed 1344K, reserved 1048576K
[2025-08-01T14:45:39.471+0000] GC(212) Load: 1.82/0.74/0.32
[2025-08-01T14:45:39.471+0000] GC(212) MMU: 2ms/90.0%, 5ms/96.0%, 10ms/97.9%, 20ms/98.9%, 50ms/99.6%, 100ms/99.8%
[2025-08-01T14:45:39.471+0000] GC(212) Mark: 2 stripe(s), 2 proactive flush(es), 1 terminate flush(es), 0 completion(s), 0 continuation(s) 
[2025-08-01T14:45:39.471+0000] GC(212) Mark Stack Usage: 32M
[2025-08-01T14:45:39.471+0000] GC(212) NMethods: 1415 registered, 180 unregistered
[2025-08-01T14:45:39.471+0000] GC(212) Metaspace: 10M used, 10M committed, 1088M reserved
[2025-08-01T14:45:39.471+0000] GC(212) Soft: 228 encountered, 0 discovered, 0 enqueued
[2025-08-01T14:45:39.471+0000] GC(212) Weak: 934 encountered, 704 discovered, 0 enqueued
[2025-08-01T14:45:39.471+0000] GC(212) Final: 0 encountered, 0 discovered, 0 enqueued
[2025-08-01T14:45:39.471+0000] GC(212) Phantom: 3 encountered, 1 discovered, 0 enqueued
[2025-08-01T14:45:39.471+0000] GC(212) Small Pages: 1366 / 2732M, Empty: 1976M, Relocated: 5M, In-Place: 0
[2025-08-01T14:45:39.471+0000] GC(212) Medium Pages: 1 / 32M, Empty: 0M, Relocated: 0M, In-Place: 0
[2025-08-01T14:45:39.472+0000] GC(212) Large Pages: 0 / 0M, Empty: 0M, Relocated: 0M, In-Place: 0
[2025-08-01T14:45:39.472+0000] GC(212) Forwarding Usage: 0M
[2025-08-01T14:45:39.472+0000] GC(212) Min Capacity: 4096M(100%)
[2025-08-01T14:45:39.472+0000] GC(212) Max Capacity: 4096M(100%)
[2025-08-01T14:45:39.472+0000] GC(212) Soft Max Capacity: 4096M(100%)
[2025-08-01T14:45:39.472+0000] GC(212)                Mark Start          Mark End        Relocate Start      Relocate End           High               Low         
[2025-08-01T14:45:39.472+0000] GC(212)  Capacity:     4096M (100%)       4096M (100%)       4096M (100%)       4096M (100%)       4096M (100%)       4096M (100%)   
[2025-08-01T14:45:39.472+0000] GC(212)      Free:     1332M (33%)         502M (12%)        2478M (60%)        2488M (61%)        2488M (61%)         502M (12%)    
[2025-08-01T14:45:39.472+0000] GC(212)      Used:     2764M (67%)        3594M (88%)        1618M (40%)        1608M (39%)        3594M (88%)        1608M (39%)    
[2025-08-01T14:45:39.472+0000] GC(212)      Live:         -               737M (18%)         737M (18%)         737M (18%)            -                  -          
[2025-08-01T14:45:39.472+0000] GC(212) Allocated:         -               830M (20%)         830M (20%)         830M (20%)            -                  -          
[2025-08-01T14:45:39.472+0000] GC(212)   Garbage:         -              2026M (49%)          50M (1%)           40M (1%)             -                  -          
[2025-08-01T14:45:39.472+0000] GC(212) Reclaimed:         -                  -              1976M (48%)        1986M (48%)            -                  -          
[2025-08-01T14:45:39.472+0000] GC(212) Garbage Collection (Allocation Rate) 2764M(67%)->1608M(39%)
[2025-08-01T14:45:39.593+0000] GC(213) Heap before GC invocations=213 (full 213):
[2025-08-01T14:45:39.593+0000] GC(213)  ZHeap           used 2280M, capacity 4096M, max capacity 4096M
[2025-08-01T14:45:39.593+0000] GC(213)  Metaspace       used 10643K, committed 10880K, reserved 1114112K
[2025-08-01T14:45:39.593+0000] GC(213)   class space    used 1265K, committed 1344K, reserved 1048576K
[2025-08-01T14:45:39.593+0000] GC(213) Garbage Collection (Allocation Rate)
[2025-08-01T14:45:39.593+0000] GC(213) Using 2 workers
[2025-08-01T14:45:39.593+0000] GC(213) Pause Mark Start 0.008ms
[2025-08-01T14:45:39.719+0000] GC(213) Concurrent Mark 126.041ms
[2025-08-01T14:45:39.719+0000] GC(213) Pause Mark End 0.011ms
[2025-08-01T14:45:39.719+0000] GC(213) Concurrent Mark Free 0.001ms
[2025-08-01T14:45:39.722+0000] GC(213) Concurrent Process Non-Strong References 2.705ms
[2025-08-01T14:45:39.722+0000] GC(213) Concurrent Reset Relocation Set 0.002ms
[2025-08-01T14:45:39.725+0000] GC(213) Concurrent Select Relocation Set 3.053ms
[2025-08-01T14:45:39.725+0000] GC(213) Pause Relocate Start 0.010ms
[2025-08-01T14:45:39.726+0000] GC(213) Concurrent Relocate 0.579ms
[2025-08-01T14:45:39.726+0000] GC(213) Heap after GC invocations=214 (full 214):
[2025-08-01T14:45:39.726+0000] GC(213)  ZHeap           used 1094M, capacity 4096M, max capacity 4096M
[2025-08-01T14:45:39.726+0000] GC(213)  Metaspace       used 10643K, committed 10880K, reserved 1114112K
[2025-08-01T14:45:39.726+0000] GC(213)   class space    used 1265K, committed 1344K, reserved 1048576K
[2025-08-01T14:45:39.726+0000] GC(213) Load: 1.82/0.74/0.32
[2025-08-01T14:45:39.726+0000] GC(213) MMU: 2ms/90.0%, 5ms/96.0%, 10ms/97.9%, 20ms/98.9%, 50ms/99.6%, 100ms/99.8%
[2025-08-01T14:45:39.726+0000] GC(213) Mark: 2 stripe(s), 2 proactive flush(es), 1 terminate flush(es), 0 completion(s), 0 continuation(s) 
[2025-08-01T14:45:39.726+0000] GC(213) Mark Stack Usage: 32M
[2025-08-01T14:45:39.726+0000] GC(213) NMethods: 1415 registered, 180 unregistered
[2025-08-01T14:45:39.726+0000] GC(213) Metaspace: 10M used, 10M committed, 1088M reserved
[2025-08-01T14:45:39.726+0000] GC(213) Soft: 228 encountered, 0 discovered, 0 enqueued
[2025-08-01T14:45:39.726+0000] GC(213) Weak: 934 encountered, 704 discovered, 0 enqueued
[2025-08-01T14:45:39.726+0000] GC(213) Final: 0 encountered, 0 discovered, 0 enqueued
[2025-08-01T14:45:39.726+0000] GC(213) Phantom: 3 encountered, 2 discovered, 0 enqueued
[2025-08-01T14:45:39.726+0000] GC(213) Small Pages: 1126 / 2252M, Empty: 1708M, Relocated: 1M, In-Place: 0
[2025-08-01T14:45:39.726+0000] GC(213) Medium Pages: 1 / 32M, Empty: 0M, Relocated: 0M, In-Place: 0
[2025-08-01T14:45:39.726+0000] GC(213) Large Pages: 0 / 0M, Empty: 0M, Relocated: 0M, In-Place: 0
[2025-08-01T14:45:39.726+0000] GC(213) Forwarding Usage: 0M
[2025-08-01T14:45:39.726+0000] GC(213) Min Capacity: 4096M(100%)
[2025-08-01T14:45:39.726+0000] GC(213) Max Capacity: 4096M(100%)
[2025-08-01T14:45:39.726+0000] GC(213) Soft Max Capacity: 4096M(100%)
[2025-08-01T14:45:39.726+0000] GC(213)                Mark Start          Mark End        Relocate Start      Relocate End           High               Low         
[2025-08-01T14:45:39.726+0000] GC(213)  Capacity:     4096M (100%)       4096M (100%)       4096M (100%)       4096M (100%)       4096M (100%)       4096M (100%)   
[2025-08-01T14:45:39.726+0000] GC(213)      Free:     1812M (44%)        1284M (31%)        2992M (73%)        3002M (73%)        3002M (73%)        1284M (31%)    
[2025-08-01T14:45:39.726+0000] GC(213)      Used:     2284M (56%)        2812M (69%)        1104M (27%)        1094M (27%)        2812M (69%)        1094M (27%)    
[2025-08-01T14:45:39.726+0000] GC(213)      Live:         -               527M (13%)         527M (13%)         527M (13%)            -                  -          
[2025-08-01T14:45:39.726+0000] GC(213) Allocated:         -               528M (13%)         528M (13%)         528M (13%)            -                  -          
[2025-08-01T14:45:39.726+0000] GC(213)   Garbage:         -              1756M (43%)          48M (1%)           38M (1%)             -                  -          
[2025-08-01T14:45:39.726+0000] GC(213) Reclaimed:         -                  -              1708M (42%)        1718M (42%)            -                  -          
[2025-08-01T14:45:39.726+0000] GC(213) Garbage Collection (Allocation Rate) 2284M(56%)->1094M(27%)
[2025-08-01T14:45:39.993+0000] GC(214) Heap before GC invocations=214 (full 214):
[2025-08-01T14:45:39.993+0000] GC(214)  ZHeap           used 2458M, capacity 4096M, max capacity 4096M
[2025-08-01T14:45:39.993+0000] GC(214)  Metaspace       used 10643K, committed 10880K, reserved 1114112K
[2025-08-01T14:45:39.993+0000] GC(214)   class space    used 1265K, committed 1344K, reserved 1048576K
[2025-08-01T14:45:39.993+0000] GC(214) Garbage Collection (Allocation Rate)
[2025-08-01T14:45:39.993+0000] GC(214) Using 2 workers
[2025-08-01T14:45:39.994+0000] GC(214) Pause Mark Start 0.009ms
[2025-08-01T14:45:40.133+0000] GC(214) Concurrent Mark 139.571ms
[2025-08-01T14:45:40.134+0000] GC(214) Pause Mark End 0.020ms
[2025-08-01T14:45:40.134+0000] GC(214) Concurrent Mark Free 0.001ms
[2025-08-01T14:45:40.137+0000] GC(214) Concurrent Process Non-Strong References 3.207ms
[2025-08-01T14:45:40.137+0000] GC(214) Concurrent Reset Relocation Set 0.002ms
[2025-08-01T14:45:40.142+0000] GC(214) Concurrent Select Relocation Set 4.928ms
[2025-08-01T14:45:40.143+0000] GC(214) Pause Relocate Start 0.010ms
[2025-08-01T14:45:40.147+0000] GC(214) Concurrent Relocate 4.256ms
[2025-08-01T14:45:40.147+0000] GC(214) Heap after GC invocations=215 (full 215):
[2025-08-01T14:45:40.147+0000] GC(214)  ZHeap           used 1286M, capacity 4096M, max capacity 4096M
[2025-08-01T14:45:40.147+0000] GC(214)  Metaspace       used 10643K, committed 10880K, reserved 1114112K
[2025-08-01T14:45:40.147+0000] GC(214)   class space    used 1265K, committed 1344K, reserved 1048576K
[2025-08-01T14:45:40.147+0000] GC(214) Load: 1.82/0.74/0.32
[2025-08-01T14:45:40.147+0000] GC(214) MMU: 2ms/90.0%, 5ms/96.0%, 10ms/97.9%, 20ms/98.9%, 50ms/99.6%, 100ms/99.8%
[2025-08-01T14:45:40.147+0000] GC(214) Mark: 2 stripe(s), 2 proactive flush(es), 1 terminate flush(es), 0 completion(s), 0 continuation(s) 
[2025-08-01T14:45:40.147+0000] GC(214) Mark Stack Usage: 32M
[2025-08-01T14:45:40.147+0000] GC(214) NMethods: 1415 registered, 180 unregistered
[2025-08-01T14:45:40.147+0000] GC(214) Metaspace: 10M used, 10M committed, 1088M reserved
[2025-08-01T14:45:40.147+0000] GC(214) Soft: 228 encountered, 0 discovered, 0 enqueued
[2025-08-01T14:45:40.147+0000] GC(214) Weak: 934 encountered, 674 discovered, 0 enqueued
[2025-08-01T14:45:40.147+0000] GC(214) Final: 0 encountered, 0 discovered, 0 enqueued
[2025-08-01T14:45:40.147+0000] GC(214) Phantom: 3 encountered, 1 discovered, 0 enqueued
[2025-08-01T14:45:40.147+0000] GC(214) Small Pages: 1214 / 2428M, Empty: 1834M, Relocated: 4M, In-Place: 0
[2025-08-01T14:45:40.147+0000] GC(214) Medium Pages: 1 / 32M, Empty: 0M, Relocated: 0M, In-Place: 0
[2025-08-01T14:45:40.148+0000] GC(214) Large Pages: 0 / 0M, Empty: 0M, Relocated: 0M, In-Place: 0
[2025-08-01T14:45:40.148+0000] GC(214) Forwarding Usage: 0M
[2025-08-01T14:45:40.148+0000] GC(214) Min Capacity: 4096M(100%)
[2025-08-01T14:45:40.148+0000] GC(214) Max Capacity: 4096M(100%)
[2025-08-01T14:45:40.148+0000] GC(214) Soft Max Capacity: 4096M(100%)
[2025-08-01T14:45:40.148+0000] GC(214)                Mark Start          Mark End        Relocate Start      Relocate End           High               Low         
[2025-08-01T14:45:40.148+0000] GC(214)  Capacity:     4096M (100%)       4096M (100%)       4096M (100%)       4096M (100%)       4096M (100%)       4096M (100%)   
[2025-08-01T14:45:40.148+0000] GC(214)      Free:     1636M (40%)        1048M (26%)        2834M (69%)        2812M (69%)        2838M (69%)        1034M (25%)    
[2025-08-01T14:45:40.148+0000] GC(214)      Used:     2460M (60%)        3048M (74%)        1262M (31%)        1284M (31%)        3062M (75%)        1258M (31%)    
[2025-08-01T14:45:40.148+0000] GC(214)      Live:         -               575M (14%)         575M (14%)         575M (14%)            -                  -          
[2025-08-01T14:45:40.148+0000] GC(214) Allocated:         -               588M (14%)         636M (16%)         670M (16%)            -                  -          
[2025-08-01T14:45:40.148+0000] GC(214)   Garbage:         -              1884M (46%)          50M (1%)           38M (1%)             -                  -          
[2025-08-01T14:45:40.148+0000] GC(214) Reclaimed:         -                  -              1834M (45%)        1846M (45%)            -                  -          
[2025-08-01T14:45:40.148+0000] GC(214) Garbage Collection (Allocation Rate) 2460M(60%)->1284M(31%)
[2025-08-01T14:45:40.394+0000] GC(215) Heap before GC invocations=215 (full 215):
[2025-08-01T14:45:40.394+0000] GC(215)  ZHeap           used 2542M, capacity 4096M, max capacity 4096M
[2025-08-01T14:45:40.394+0000] GC(215)  Metaspace       used 10643K, committed 10880K, reserved 1114112K
[2025-08-01T14:45:40.394+0000] GC(215)   class space    used 1265K, committed 1344K, reserved 1048576K
[2025-08-01T14:45:40.394+0000] GC(215) Garbage Collection (Allocation Rate)
[2025-08-01T14:45:40.394+0000] GC(215) Using 2 workers
[2025-08-01T14:45:40.396+0000] GC(215) Pause Mark Start 0.017ms
[2025-08-01T14:45:40.571+0000] GC(215) Concurrent Mark 172.849ms
[2025-08-01T14:45:40.572+0000] GC(215) Pause Mark End 0.016ms
[2025-08-01T14:45:40.572+0000] GC(215) Concurrent Mark Free 0.001ms
[2025-08-01T14:45:40.575+0000] GC(215) Concurrent Process Non-Strong References 3.302ms
[2025-08-01T14:45:40.575+0000] GC(215) Concurrent Reset Relocation Set 0.003ms
[2025-08-01T14:45:40.579+0000] GC(215) Concurrent Select Relocation Set 3.825ms
[2025-08-01T14:45:40.579+0000] GC(215) Pause Relocate Start 0.015ms
[2025-08-01T14:45:40.581+0000] GC(215) Concurrent Relocate 1.393ms
[2025-08-01T14:45:40.581+0000] GC(215) Heap after GC invocations=216 (full 216):
[2025-08-01T14:45:40.581+0000] GC(215)  ZHeap           used 1600M, capacity 4096M, max capacity 4096M
[2025-08-01T14:45:40.581+0000] GC(215)  Metaspace       used 10643K, committed 10880K, reserved 1114112K
[2025-08-01T14:45:40.581+0000] GC(215)   class space    used 1265K, committed 1344K, reserved 1048576K
[2025-08-01T14:45:40.581+0000] GC(215) Load: 1.82/0.74/0.32
[2025-08-01T14:45:40.581+0000] GC(215) MMU: 2ms/90.0%, 5ms/96.0%, 10ms/97.9%, 20ms/98.9%, 50ms/99.6%, 100ms/99.8%
[2025-08-01T14:45:40.581+0000] GC(215) Mark: 2 stripe(s), 2 proactive flush(es), 1 terminate flush(es), 0 completion(s), 0 continuation(s) 
[2025-08-01T14:45:40.581+0000] GC(215) Mark Stack Usage: 32M
[2025-08-01T14:45:40.581+0000] GC(215) NMethods: 1415 registered, 180 unregistered
[2025-08-01T14:45:40.581+0000] GC(215) Metaspace: 10M used, 10M committed, 1088M reserved
[2025-08-01T14:45:40.581+0000] GC(215) Soft: 228 encountered, 0 discovered, 0 enqueued
[2025-08-01T14:45:40.581+0000] GC(215) Weak: 934 encountered, 722 discovered, 0 enqueued
[2025-08-01T14:45:40.581+0000] GC(215) Final: 0 encountered, 0 discovered, 0 enqueued
[2025-08-01T14:45:40.581+0000] GC(215) Phantom: 3 encountered, 1 discovered, 0 enqueued
[2025-08-01T14:45:40.581+0000] GC(215) Small Pages: 1255 / 2510M, Empty: 1836M, Relocated: 3M, In-Place: 0
[2025-08-01T14:45:40.581+0000] GC(215) Medium Pages: 1 / 32M, Empty: 0M, Relocated: 0M, In-Place: 0
[2025-08-01T14:45:40.581+0000] GC(215) Large Pages: 0 / 0M, Empty: 0M, Relocated: 0M, In-Place: 0
[2025-08-01T14:45:40.581+0000] GC(215) Forwarding Usage: 0M
[2025-08-01T14:45:40.581+0000] GC(215) Min Capacity: 4096M(100%)
[2025-08-01T14:45:40.581+0000] GC(215) Max Capacity: 4096M(100%)
[2025-08-01T14:45:40.581+0000] GC(215) Soft Max Capacity: 4096M(100%)
[2025-08-01T14:45:40.581+0000] GC(215)                Mark Start          Mark End        Relocate Start      Relocate End           High               Low         
[2025-08-01T14:45:40.581+0000] GC(215)  Capacity:     4096M (100%)       4096M (100%)       4096M (100%)       4096M (100%)       4096M (100%)       4096M (100%)   
[2025-08-01T14:45:40.581+0000] GC(215)      Free:     1554M (38%)         718M (18%)        2496M (61%)        2498M (61%)        2500M (61%)         692M (17%)    
[2025-08-01T14:45:40.581+0000] GC(215)      Used:     2542M (62%)        3378M (82%)        1600M (39%)        1598M (39%)        3404M (83%)        1596M (39%)    
[2025-08-01T14:45:40.581+0000] GC(215)      Live:         -               657M (16%)         657M (16%)         657M (16%)            -                  -          
[2025-08-01T14:45:40.581+0000] GC(215) Allocated:         -               836M (20%)         894M (22%)         900M (22%)            -                  -          
[2025-08-01T14:45:40.581+0000] GC(215)   Garbage:         -              1884M (46%)          48M (1%)           40M (1%)             -                  -          
[2025-08-01T14:45:40.581+0000] GC(215) Reclaimed:         -                  -              1836M (45%)        1844M (45%)            -                  -          
[2025-08-01T14:45:40.581+0000] GC(215) Garbage Collection (Allocation Rate) 2542M(62%)->1598M(39%)
[2025-08-01T14:45:40.792+0000] GC(216) Heap before GC invocations=216 (full 216):
[2025-08-01T14:45:40.792+0000] GC(216)  ZHeap           used 2564M, capacity 4096M, max capacity 4096M
[2025-08-01T14:45:40.792+0000] GC(216)  Metaspace       used 10643K, committed 10880K, reserved 1114112K
[2025-08-01T14:45:40.792+0000] GC(216)   class space    used 1265K, committed 1344K, reserved 1048576K
[2025-08-01T14:45:40.792+0000] GC(216) Garbage Collection (Allocation Rate)
[2025-08-01T14:45:40.792+0000] GC(216) Using 2 workers
[2025-08-01T14:45:40.793+0000] GC(216) Pause Mark Start 0.011ms
[2025-08-01T14:45:40.992+0000] GC(216) Concurrent Mark 199.356ms
[2025-08-01T14:45:40.992+0000] GC(216) Pause Mark End 0.016ms
[2025-08-01T14:45:40.993+0000] GC(216) Concurrent Mark Free 0.001ms
[2025-08-01T14:45:40.996+0000] GC(216) Concurrent Process Non-Strong References 3.439ms
[2025-08-01T14:45:40.996+0000] GC(216) Concurrent Reset Relocation Set 0.003ms
[2025-08-01T14:45:41.000+0000] GC(216) Concurrent Select Relocation Set 3.619ms
[2025-08-01T14:45:41.000+0000] GC(216) Pause Relocate Start 0.013ms
[2025-08-01T14:45:41.002+0000] GC(216) Concurrent Relocate 1.456ms
[2025-08-01T14:45:41.002+0000] GC(216) Heap after GC invocations=217 (full 217):
[2025-08-01T14:45:41.002+0000] GC(216)  ZHeap           used 1686M, capacity 4096M, max capacity 4096M
[2025-08-01T14:45:41.002+0000] GC(216)  Metaspace       used 10643K, committed 10880K, reserved 1114112K
[2025-08-01T14:45:41.002+0000] GC(216)   class space    used 1265K, committed 1344K, reserved 1048576K
[2025-08-01T14:45:41.002+0000] GC(216) Load: 1.82/0.74/0.32
[2025-08-01T14:45:41.002+0000] GC(216) MMU: 2ms/90.0%, 5ms/96.0%, 10ms/97.9%, 20ms/98.9%, 50ms/99.6%, 100ms/99.8%
[2025-08-01T14:45:41.002+0000] GC(216) Mark: 2 stripe(s), 2 proactive flush(es), 1 terminate flush(es), 0 completion(s), 0 continuation(s) 
[2025-08-01T14:45:41.002+0000] GC(216) Mark Stack Usage: 32M
[2025-08-01T14:45:41.002+0000] GC(216) NMethods: 1415 registered, 180 unregistered
[2025-08-01T14:45:41.002+0000] GC(216) Metaspace: 10M used, 10M committed, 1088M reserved
[2025-08-01T14:45:41.002+0000] GC(216) Soft: 228 encountered, 0 discovered, 0 enqueued
[2025-08-01T14:45:41.002+0000] GC(216) Weak: 934 encountered, 684 discovered, 0 enqueued
[2025-08-01T14:45:41.002+0000] GC(216) Final: 0 encountered, 0 discovered, 0 enqueued
[2025-08-01T14:45:41.002+0000] GC(216) Phantom: 3 encountered, 2 discovered, 0 enqueued
[2025-08-01T14:45:41.002+0000] GC(216) Small Pages: 1267 / 2534M, Empty: 1836M, Relocated: 5M, In-Place: 0
[2025-08-01T14:45:41.002+0000] GC(216) Medium Pages: 1 / 32M, Empty: 0M, Relocated: 0M, In-Place: 0
[2025-08-01T14:45:41.002+0000] GC(216) Large Pages: 0 / 0M, Empty: 0M, Relocated: 0M, In-Place: 0
[2025-08-01T14:45:41.002+0000] GC(216) Forwarding Usage: 0M
[2025-08-01T14:45:41.002+0000] GC(216) Min Capacity: 4096M(100%)
[2025-08-01T14:45:41.002+0000] GC(216) Max Capacity: 4096M(100%)
[2025-08-01T14:45:41.002+0000] GC(216) Soft Max Capacity: 4096M(100%)
[2025-08-01T14:45:41.002+0000] GC(216)                Mark Start          Mark End        Relocate Start      Relocate End           High               Low         
[2025-08-01T14:45:41.002+0000] GC(216)  Capacity:     4096M (100%)       4096M (100%)       4096M (100%)       4096M (100%)       4096M (100%)       4096M (100%)   
[2025-08-01T14:45:41.002+0000] GC(216)      Free:     1530M (37%)         610M (15%)        2406M (59%)        2412M (59%)        2414M (59%)         590M (14%)    
[2025-08-01T14:45:41.002+0000] GC(216)      Used:     2566M (63%)        3486M (85%)        1690M (41%)        1684M (41%)        3506M (86%)        1682M (41%)    
[2025-08-01T14:45:41.002+0000] GC(216)      Live:         -               679M (17%)         679M (17%)         679M (17%)            -                  -          
[2025-08-01T14:45:41.002+0000] GC(216) Allocated:         -               920M (22%)         960M (23%)         966M (24%)            -                  -          
[2025-08-01T14:45:41.002+0000] GC(216)   Garbage:         -              1886M (46%)          50M (1%)           38M (1%)             -                  -          
[2025-08-01T14:45:41.002+0000] GC(216) Reclaimed:         -                  -              1836M (45%)        1848M (45%)            -                  -          
[2025-08-01T14:45:41.002+0000] GC(216) Garbage Collection (Allocation Rate) 2566M(63%)->1684M(41%)
[2025-08-01T14:45:41.194+0000] GC(217) Heap before GC invocations=217 (full 217):
[2025-08-01T14:45:41.194+0000] GC(217)  ZHeap           used 2574M, capacity 4096M, max capacity 4096M
[2025-08-01T14:45:41.194+0000] GC(217)  Metaspace       used 10643K, committed 10880K, reserved 1114112K
[2025-08-01T14:45:41.194+0000] GC(217)   class space    used 1265K, committed 1344K, reserved 1048576K
[2025-08-01T14:45:41.194+0000] GC(217) Garbage Collection (Allocation Rate)
[2025-08-01T14:45:41.194+0000] GC(217) Using 2 workers
[2025-08-01T14:45:41.195+0000] GC(217) Pause Mark Start 0.007ms
[2025-08-01T14:45:41.358+0000] GC(217) Concurrent Mark 163.564ms
[2025-08-01T14:45:41.359+0000] GC(217) Pause Mark End 0.018ms
[2025-08-01T14:45:41.359+0000] GC(217) Concurrent Mark Free 0.001ms
[2025-08-01T14:45:41.366+0000] GC(217) Concurrent Process Non-Strong References 7.513ms
[2025-08-01T14:45:41.367+0000] GC(217) Concurrent Reset Relocation Set 0.004ms
[2025-08-01T14:45:41.370+0000] GC(217) Concurrent Select Relocation Set 3.635ms
[2025-08-01T14:45:41.371+0000] GC(217) Pause Relocate Start 0.014ms
[2025-08-01T14:45:41.373+0000] GC(217) Concurrent Relocate 1.949ms
[2025-08-01T14:45:41.373+0000] GC(217) Heap after GC invocations=218 (full 218):
[2025-08-01T14:45:41.373+0000] GC(217)  ZHeap           used 1608M, capacity 4096M, max capacity 4096M
[2025-08-01T14:45:41.373+0000] GC(217)  Metaspace       used 10643K, committed 10880K, reserved 1114112K
[2025-08-01T14:45:41.373+0000] GC(217)   class space    used 1265K, committed 1344K, reserved 1048576K
[2025-08-01T14:45:41.373+0000] GC(217) Load: 1.82/0.74/0.32
[2025-08-01T14:45:41.373+0000] GC(217) MMU: 2ms/90.0%, 5ms/96.0%, 10ms/97.9%, 20ms/98.9%, 50ms/99.6%, 100ms/99.8%
[2025-08-01T14:45:41.373+0000] GC(217) Mark: 2 stripe(s), 2 proactive flush(es), 1 terminate flush(es), 0 completion(s), 0 continuation(s) 
[2025-08-01T14:45:41.373+0000] GC(217) Mark Stack Usage: 32M
[2025-08-01T14:45:41.373+0000] GC(217) NMethods: 1415 registered, 180 unregistered
[2025-08-01T14:45:41.374+0000] GC(217) Metaspace: 10M used, 10M committed, 1088M reserved
[2025-08-01T14:45:41.374+0000] GC(217) Soft: 228 encountered, 0 discovered, 0 enqueued
[2025-08-01T14:45:41.374+0000] GC(217) Weak: 934 encountered, 683 discovered, 0 enqueued
[2025-08-01T14:45:41.374+0000] GC(217) Final: 0 encountered, 0 discovered, 0 enqueued
[2025-08-01T14:45:41.374+0000] GC(217) Phantom: 3 encountered, 1 discovered, 0 enqueued
[2025-08-01T14:45:41.374+0000] GC(217) Small Pages: 1271 / 2542M, Empty: 1834M, Relocated: 4M, In-Place: 0
[2025-08-01T14:45:41.374+0000] GC(217) Medium Pages: 1 / 32M, Empty: 0M, Relocated: 0M, In-Place: 0
[2025-08-01T14:45:41.374+0000] GC(217) Large Pages: 0 / 0M, Empty: 0M, Relocated: 0M, In-Place: 0
[2025-08-01T14:45:41.374+0000] GC(217) Forwarding Usage: 0M
[2025-08-01T14:45:41.374+0000] GC(217) Min Capacity: 4096M(100%)
[2025-08-01T14:45:41.374+0000] GC(217) Max Capacity: 4096M(100%)
[2025-08-01T14:45:41.374+0000] GC(217) Soft Max Capacity: 4096M(100%)
[2025-08-01T14:45:41.374+0000] GC(217)                Mark Start          Mark End        Relocate Start      Relocate End           High               Low         
[2025-08-01T14:45:41.374+0000] GC(217)  Capacity:     4096M (100%)       4096M (100%)       4096M (100%)       4096M (100%)       4096M (100%)       4096M (100%)   
[2025-08-01T14:45:41.374+0000] GC(217)      Free:     1522M (37%)         744M (18%)        2492M (61%)        2488M (61%)        2496M (61%)         690M (17%)    
[2025-08-01T14:45:41.374+0000] GC(217)      Used:     2574M (63%)        3352M (82%)        1604M (39%)        1608M (39%)        3406M (83%)        1600M (39%)    
[2025-08-01T14:45:41.374+0000] GC(217)      Live:         -               690M (17%)         690M (17%)         690M (17%)            -                  -          
[2025-08-01T14:45:41.374+0000] GC(217) Allocated:         -               778M (19%)         864M (21%)         878M (21%)            -                  -          
[2025-08-01T14:45:41.374+0000] GC(217)   Garbage:         -              1883M (46%)          49M (1%)           39M (1%)             -                  -          
[2025-08-01T14:45:41.374+0000] GC(217) Reclaimed:         -                  -              1834M (45%)        1844M (45%)            -                  -          
[2025-08-01T14:45:41.374+0000] GC(217) Garbage Collection (Allocation Rate) 2574M(63%)->1608M(39%)
[2025-08-01T14:45:41.593+0000] GC(218) Heap before GC invocations=218 (full 218):
[2025-08-01T14:45:41.593+0000] GC(218)  ZHeap           used 2720M, capacity 4096M, max capacity 4096M
[2025-08-01T14:45:41.593+0000] GC(218)  Metaspace       used 10643K, committed 10880K, reserved 1114112K
[2025-08-01T14:45:41.593+0000] GC(218)   class space    used 1265K, committed 1344K, reserved 1048576K
[2025-08-01T14:45:41.593+0000] GC(218) Garbage Collection (Allocation Rate)
[2025-08-01T14:45:41.593+0000] GC(218) Using 2 workers
[2025-08-01T14:45:41.594+0000] GC(218) Pause Mark Start 0.013ms
[2025-08-01T14:45:41.748+0000] GC(218) Concurrent Mark 153.759ms
[2025-08-01T14:45:41.748+0000] GC(218) Pause Mark End 0.015ms
[2025-08-01T14:45:41.748+0000] GC(218) Concurrent Mark Free 0.001ms
[2025-08-01T14:45:41.751+0000] GC(218) Concurrent Process Non-Strong References 2.865ms
[2025-08-01T14:45:41.751+0000] GC(218) Concurrent Reset Relocation Set 0.002ms
[2025-08-01T14:45:41.754+0000] GC(218) Concurrent Select Relocation Set 2.960ms
[2025-08-01T14:45:41.754+0000] GC(218) Pause Relocate Start 0.010ms
[2025-08-01T14:45:41.756+0000] GC(218) Concurrent Relocate 1.725ms
[2025-08-01T14:45:41.756+0000] GC(218) Heap after GC invocations=219 (full 219):
[2025-08-01T14:45:41.756+0000] GC(218)  ZHeap           used 1640M, capacity 4096M, max capacity 4096M
[2025-08-01T14:45:41.756+0000] GC(218)  Metaspace       used 10643K, committed 10880K, reserved 1114112K
[2025-08-01T14:45:41.756+0000] GC(218)   class space    used 1265K, committed 1344K, reserved 1048576K
[2025-08-01T14:45:41.757+0000] GC(218) Load: 1.75/0.74/0.33
[2025-08-01T14:45:41.757+0000] GC(218) MMU: 2ms/90.0%, 5ms/96.0%, 10ms/97.9%, 20ms/98.9%, 50ms/99.6%, 100ms/99.8%
[2025-08-01T14:45:41.757+0000] GC(218) Mark: 2 stripe(s), 3 proactive flush(es), 1 terminate flush(es), 0 completion(s), 0 continuation(s) 
[2025-08-01T14:45:41.757+0000] GC(218) Mark Stack Usage: 32M
[2025-08-01T14:45:41.757+0000] GC(218) NMethods: 1415 registered, 180 unregistered
[2025-08-01T14:45:41.757+0000] GC(218) Metaspace: 10M used, 10M committed, 1088M reserved
[2025-08-01T14:45:41.757+0000] GC(218) Soft: 228 encountered, 0 discovered, 0 enqueued
[2025-08-01T14:45:41.757+0000] GC(218) Weak: 934 encountered, 704 discovered, 0 enqueued
[2025-08-01T14:45:41.757+0000] GC(218) Final: 0 encountered, 0 discovered, 0 enqueued
[2025-08-01T14:45:41.757+0000] GC(218) Phantom: 3 encountered, 1 discovered, 0 enqueued
[2025-08-01T14:45:41.757+0000] GC(218) Small Pages: 1344 / 2688M, Empty: 1948M, Relocated: 3M, In-Place: 0
[2025-08-01T14:45:41.757+0000] GC(218) Medium Pages: 1 / 32M, Empty: 0M, Relocated: 0M, In-Place: 0
[2025-08-01T14:45:41.757+0000] GC(218) Large Pages: 0 / 0M, Empty: 0M, Relocated: 0M, In-Place: 0
[2025-08-01T14:45:41.757+0000] GC(218) Forwarding Usage: 0M
[2025-08-01T14:45:41.757+0000] GC(218) Min Capacity: 4096M(100%)
[2025-08-01T14:45:41.757+0000] GC(218) Max Capacity: 4096M(100%)
[2025-08-01T14:45:41.757+0000] GC(218) Soft Max Capacity: 4096M(100%)
[2025-08-01T14:45:41.757+0000] GC(218)                Mark Start          Mark End        Relocate Start      Relocate End           High               Low         
[2025-08-01T14:45:41.757+0000] GC(218)  Capacity:     4096M (100%)       4096M (100%)       4096M (100%)       4096M (100%)       4096M (100%)       4096M (100%)   
[2025-08-01T14:45:41.757+0000] GC(218)      Free:     1376M (34%)         564M (14%)        2458M (60%)        2456M (60%)        2458M (60%)         536M (13%)    
[2025-08-01T14:45:41.757+0000] GC(218)      Used:     2720M (66%)        3532M (86%)        1638M (40%)        1640M (40%)        3560M (87%)        1638M (40%)    
[2025-08-01T14:45:41.757+0000] GC(218)      Live:         -               722M (18%)         722M (18%)         722M (18%)            -                  -          
[2025-08-01T14:45:41.757+0000] GC(218) Allocated:         -               812M (20%)         866M (21%)         880M (21%)            -                  -          
[2025-08-01T14:45:41.757+0000] GC(218)   Garbage:         -              1997M (49%)          49M (1%)           37M (1%)             -                  -          
[2025-08-01T14:45:41.757+0000] GC(218) Reclaimed:         -                  -              1948M (48%)        1960M (48%)            -                  -          
[2025-08-01T14:45:41.757+0000] GC(218) Garbage Collection (Allocation Rate) 2720M(66%)->1640M(40%)
[2025-08-01T14:45:41.993+0000] GC(219) Heap before GC invocations=219 (full 219):
[2025-08-01T14:45:41.993+0000] GC(219)  ZHeap           used 2884M, capacity 4096M, max capacity 4096M
[2025-08-01T14:45:41.993+0000] GC(219)  Metaspace       used 10643K, committed 10880K, reserved 1114112K
[2025-08-01T14:45:41.993+0000] GC(219)   class space    used 1265K, committed 1344K, reserved 1048576K
[2025-08-01T14:45:41.993+0000] GC(219) Garbage Collection (Allocation Rate)
[2025-08-01T14:45:41.993+0000] GC(219) Using 2 workers
[2025-08-01T14:45:41.994+0000] GC(219) Pause Mark Start 0.011ms
[2025-08-01T14:45:42.116+0000] GC(219) Concurrent Mark 121.301ms
[2025-08-01T14:45:42.116+0000] GC(219) Pause Mark End 0.019ms
[2025-08-01T14:45:42.116+0000] GC(219) Concurrent Mark Free 0.001ms
[2025-08-01T14:45:42.119+0000] GC(219) Concurrent Process Non-Strong References 2.892ms
[2025-08-01T14:45:42.119+0000] GC(219) Concurrent Reset Relocation Set 0.003ms
[2025-08-01T14:45:42.123+0000] GC(219) Concurrent Select Relocation Set 3.564ms
[2025-08-01T14:45:42.123+0000] GC(219) Pause Relocate Start 0.023ms
[2025-08-01T14:45:42.124+0000] GC(219) Concurrent Relocate 1.247ms
[2025-08-01T14:45:42.124+0000] GC(219) Heap after GC invocations=220 (full 220):
[2025-08-01T14:45:42.124+0000] GC(219)  ZHeap           used 1220M, capacity 4096M, max capacity 4096M
[2025-08-01T14:45:42.124+0000] GC(219)  Metaspace       used 10643K, committed 10880K, reserved 1114112K
[2025-08-01T14:45:42.124+0000] GC(219)   class space    used 1265K, committed 1344K, reserved 1048576K
[2025-08-01T14:45:42.124+0000] GC(219) Load: 1.75/0.74/0.33
[2025-08-01T14:45:42.124+0000] GC(219) MMU: 2ms/90.0%, 5ms/96.0%, 10ms/97.9%, 20ms/98.9%, 50ms/99.6%, 100ms/99.8%
[2025-08-01T14:45:42.124+0000] GC(219) Mark: 2 stripe(s), 2 proactive flush(es), 1 terminate flush(es), 0 completion(s), 0 continuation(s) 
[2025-08-01T14:45:42.124+0000] GC(219) Mark Stack Usage: 32M
[2025-08-01T14:45:42.124+0000] GC(219) NMethods: 1415 registered, 180 unregistered
[2025-08-01T14:45:42.124+0000] GC(219) Metaspace: 10M used, 10M committed, 1088M reserved
[2025-08-01T14:45:42.124+0000] GC(219) Soft: 228 encountered, 0 discovered, 0 enqueued
[2025-08-01T14:45:42.124+0000] GC(219) Weak: 934 encountered, 702 discovered, 0 enqueued
[2025-08-01T14:45:42.124+0000] GC(219) Final: 0 encountered, 0 discovered, 0 enqueued
[2025-08-01T14:45:42.124+0000] GC(219) Phantom: 3 encountered, 1 discovered, 0 enqueued
[2025-08-01T14:45:42.125+0000] GC(219) Small Pages: 1428 / 2856M, Empty: 2292M, Relocated: 2M, In-Place: 0
[2025-08-01T14:45:42.125+0000] GC(219) Medium Pages: 1 / 32M, Empty: 0M, Relocated: 0M, In-Place: 0
[2025-08-01T14:45:42.125+0000] GC(219) Large Pages: 0 / 0M, Empty: 0M, Relocated: 0M, In-Place: 0
[2025-08-01T14:45:42.125+0000] GC(219) Forwarding Usage: 0M
[2025-08-01T14:45:42.125+0000] GC(219) Min Capacity: 4096M(100%)
[2025-08-01T14:45:42.125+0000] GC(219) Max Capacity: 4096M(100%)
[2025-08-01T14:45:42.125+0000] GC(219) Soft Max Capacity: 4096M(100%)
[2025-08-01T14:45:42.125+0000] GC(219)                Mark Start          Mark End        Relocate Start      Relocate End           High               Low         
[2025-08-01T14:45:42.125+0000] GC(219)  Capacity:     4096M (100%)       4096M (100%)       4096M (100%)       4096M (100%)       4096M (100%)       4096M (100%)   
[2025-08-01T14:45:42.125+0000] GC(219)      Free:     1208M (29%)         614M (15%)        2872M (70%)        2876M (70%)        2878M (70%)         602M (15%)    
[2025-08-01T14:45:42.125+0000] GC(219)      Used:     2888M (71%)        3482M (85%)        1224M (30%)        1220M (30%)        3494M (85%)        1218M (30%)    
[2025-08-01T14:45:42.125+0000] GC(219)      Live:         -               548M (13%)         548M (13%)         548M (13%)            -                  -          
[2025-08-01T14:45:42.125+0000] GC(219) Allocated:         -               594M (15%)         628M (15%)         634M (15%)            -                  -          
[2025-08-01T14:45:42.125+0000] GC(219)   Garbage:         -              2339M (57%)          47M (1%)           37M (1%)             -                  -          
[2025-08-01T14:45:42.125+0000] GC(219) Reclaimed:         -                  -              2292M (56%)        2302M (56%)            -                  -          
[2025-08-01T14:45:42.125+0000] GC(219) Garbage Collection (Allocation Rate) 2888M(71%)->1220M(30%)
[2025-08-01T14:45:42.393+0000] GC(220) Heap before GC invocations=220 (full 220):
[2025-08-01T14:45:42.393+0000] GC(220)  ZHeap           used 2646M, capacity 4096M, max capacity 4096M
[2025-08-01T14:45:42.393+0000] GC(220)  Metaspace       used 10643K, committed 10880K, reserved 1114112K
[2025-08-01T14:45:42.393+0000] GC(220)   class space    used 1265K, committed 1344K, reserved 1048576K
[2025-08-01T14:45:42.393+0000] GC(220) Garbage Collection (Allocation Rate)
[2025-08-01T14:45:42.393+0000] GC(220) Using 2 workers
[2025-08-01T14:45:42.393+0000] GC(220) Pause Mark Start 0.020ms
[2025-08-01T14:45:42.528+0000] GC(220) Concurrent Mark 134.869ms
[2025-08-01T14:45:42.529+0000] GC(220) Pause Mark End 0.018ms
[2025-08-01T14:45:42.529+0000] GC(220) Concurrent Mark Free 0.001ms
[2025-08-01T14:45:42.532+0000] GC(220) Concurrent Process Non-Strong References 3.074ms
[2025-08-01T14:45:42.532+0000] GC(220) Concurrent Reset Relocation Set 0.002ms
[2025-08-01T14:45:42.535+0000] GC(220) Concurrent Select Relocation Set 3.201ms
[2025-08-01T14:45:42.536+0000] GC(220) Pause Relocate Start 0.015ms
[2025-08-01T14:45:42.537+0000] GC(220) Concurrent Relocate 1.626ms
[2025-08-01T14:45:42.537+0000] GC(220) Heap after GC invocations=221 (full 221):
[2025-08-01T14:45:42.537+0000] GC(220)  ZHeap           used 1318M, capacity 4096M, max capacity 4096M
[2025-08-01T14:45:42.537+0000] GC(220)  Metaspace       used 10643K, committed 10880K, reserved 1114112K
[2025-08-01T14:45:42.537+0000] GC(220)   class space    used 1265K, committed 1344K, reserved 1048576K
[2025-08-01T14:45:42.537+0000] GC(220) Load: 1.75/0.74/0.33
[2025-08-01T14:45:42.537+0000] GC(220) MMU: 2ms/90.0%, 5ms/96.0%, 10ms/97.9%, 20ms/98.9%, 50ms/99.6%, 100ms/99.8%
[2025-08-01T14:45:42.537+0000] GC(220) Mark: 2 stripe(s), 2 proactive flush(es), 1 terminate flush(es), 0 completion(s), 0 continuation(s) 
[2025-08-01T14:45:42.537+0000] GC(220) Mark Stack Usage: 32M
[2025-08-01T14:45:42.537+0000] GC(220) NMethods: 1415 registered, 180 unregistered
[2025-08-01T14:45:42.538+0000] GC(220) Metaspace: 10M used, 10M committed, 1088M reserved
[2025-08-01T14:45:42.538+0000] GC(220) Soft: 228 encountered, 0 discovered, 0 enqueued
[2025-08-01T14:45:42.538+0000] GC(220) Weak: 934 encountered, 703 discovered, 0 enqueued
[2025-08-01T14:45:42.538+0000] GC(220) Final: 0 encountered, 0 discovered, 0 enqueued
[2025-08-01T14:45:42.538+0000] GC(220) Phantom: 3 encountered, 1 discovered, 0 enqueued
[2025-08-01T14:45:42.538+0000] GC(220) Small Pages: 1308 / 2616M, Empty: 2026M, Relocated: 3M, In-Place: 0
[2025-08-01T14:45:42.538+0000] GC(220) Medium Pages: 1 / 32M, Empty: 0M, Relocated: 0M, In-Place: 0
[2025-08-01T14:45:42.538+0000] GC(220) Large Pages: 0 / 0M, Empty: 0M, Relocated: 0M, In-Place: 0
[2025-08-01T14:45:42.538+0000] GC(220) Forwarding Usage: 0M
[2025-08-01T14:45:42.538+0000] GC(220) Min Capacity: 4096M(100%)
[2025-08-01T14:45:42.538+0000] GC(220) Max Capacity: 4096M(100%)
[2025-08-01T14:45:42.538+0000] GC(220) Soft Max Capacity: 4096M(100%)
[2025-08-01T14:45:42.538+0000] GC(220)                Mark Start          Mark End        Relocate Start      Relocate End           High               Low         
[2025-08-01T14:45:42.538+0000] GC(220)  Capacity:     4096M (100%)       4096M (100%)       4096M (100%)       4096M (100%)       4096M (100%)       4096M (100%)   
[2025-08-01T14:45:42.538+0000] GC(220)      Free:     1448M (35%)         796M (19%)        2776M (68%)        2778M (68%)        2780M (68%)         774M (19%)    
[2025-08-01T14:45:42.538+0000] GC(220)      Used:     2648M (65%)        3300M (81%)        1320M (32%)        1318M (32%)        3322M (81%)        1316M (32%)    
[2025-08-01T14:45:42.538+0000] GC(220)      Live:         -               572M (14%)         572M (14%)         572M (14%)            -                  -          
[2025-08-01T14:45:42.538+0000] GC(220) Allocated:         -               652M (16%)         698M (17%)         708M (17%)            -                  -          
[2025-08-01T14:45:42.538+0000] GC(220)   Garbage:         -              2075M (51%)          49M (1%)           37M (1%)             -                  -          
[2025-08-01T14:45:42.538+0000] GC(220) Reclaimed:         -                  -              2026M (49%)        2038M (50%)            -                  -          
[2025-08-01T14:45:42.538+0000] GC(220) Garbage Collection (Allocation Rate) 2648M(65%)->1318M(32%)
[2025-08-01T14:45:42.794+0000] GC(221) Heap before GC invocations=221 (full 221):
[2025-08-01T14:45:42.794+0000] GC(221)  ZHeap           used 2636M, capacity 4096M, max capacity 4096M
[2025-08-01T14:45:42.794+0000] GC(221)  Metaspace       used 10643K, committed 10880K, reserved 1114112K
[2025-08-01T14:45:42.794+0000] GC(221)   class space    used 1265K, committed 1344K, reserved 1048576K
[2025-08-01T14:45:42.794+0000] GC(221) Garbage Collection (Allocation Rate)
[2025-08-01T14:45:42.794+0000] GC(221) Using 2 workers
[2025-08-01T14:45:42.794+0000] GC(221) Pause Mark Start 0.010ms
[2025-08-01T14:45:42.891+0000] GC(221) Concurrent Mark 96.626ms
[2025-08-01T14:45:42.891+0000] GC(221) Pause Mark End 0.015ms
[2025-08-01T14:45:42.891+0000] GC(221) Concurrent Mark Free 0.001ms
[2025-08-01T14:45:42.895+0000] GC(221) Concurrent Process Non-Strong References 3.649ms
[2025-08-01T14:45:42.895+0000] GC(221) Concurrent Reset Relocation Set 0.003ms
[2025-08-01T14:45:42.898+0000] GC(221) Concurrent Select Relocation Set 3.365ms
[2025-08-01T14:45:42.899+0000] GC(221) Pause Relocate Start 0.015ms
[2025-08-01T14:45:42.904+0000] GC(221) Concurrent Relocate 4.573ms
[2025-08-01T14:45:42.904+0000] GC(221) Heap after GC invocations=222 (full 222):
[2025-08-01T14:45:42.904+0000] GC(221)  ZHeap           used 896M, capacity 4096M, max capacity 4096M
[2025-08-01T14:45:42.904+0000] GC(221)  Metaspace       used 10643K, committed 10880K, reserved 1114112K
[2025-08-01T14:45:42.904+0000] GC(221)   class space    used 1265K, committed 1344K, reserved 1048576K
[2025-08-01T14:45:42.904+0000] GC(221) Load: 1.75/0.74/0.33
[2025-08-01T14:45:42.904+0000] GC(221) MMU: 2ms/90.0%, 5ms/96.0%, 10ms/97.9%, 20ms/98.9%, 50ms/99.6%, 100ms/99.8%
[2025-08-01T14:45:42.904+0000] GC(221) Mark: 2 stripe(s), 2 proactive flush(es), 1 terminate flush(es), 0 completion(s), 0 continuation(s) 
[2025-08-01T14:45:42.904+0000] GC(221) Mark Stack Usage: 32M
[2025-08-01T14:45:42.904+0000] GC(221) NMethods: 1415 registered, 180 unregistered
[2025-08-01T14:45:42.904+0000] GC(221) Metaspace: 10M used, 10M committed, 1088M reserved
[2025-08-01T14:45:42.904+0000] GC(221) Soft: 228 encountered, 0 discovered, 0 enqueued
[2025-08-01T14:45:42.904+0000] GC(221) Weak: 934 encountered, 701 discovered, 0 enqueued
[2025-08-01T14:45:42.904+0000] GC(221) Final: 0 encountered, 0 discovered, 0 enqueued
[2025-08-01T14:45:42.904+0000] GC(221) Phantom: 3 encountered, 1 discovered, 0 enqueued
[2025-08-01T14:45:42.904+0000] GC(221) Small Pages: 1303 / 2606M, Empty: 2224M, Relocated: 8M, In-Place: 0
[2025-08-01T14:45:42.904+0000] GC(221) Medium Pages: 1 / 32M, Empty: 0M, Relocated: 0M, In-Place: 0
[2025-08-01T14:45:42.904+0000] GC(221) Large Pages: 0 / 0M, Empty: 0M, Relocated: 0M, In-Place: 0
[2025-08-01T14:45:42.904+0000] GC(221) Forwarding Usage: 0M
[2025-08-01T14:45:42.904+0000] GC(221) Min Capacity: 4096M(100%)
[2025-08-01T14:45:42.904+0000] GC(221) Max Capacity: 4096M(100%)
[2025-08-01T14:45:42.904+0000] GC(221) Soft Max Capacity: 4096M(100%)
[2025-08-01T14:45:42.904+0000] GC(221)                Mark Start          Mark End        Relocate Start      Relocate End           High               Low         
[2025-08-01T14:45:42.904+0000] GC(221)  Capacity:     4096M (100%)       4096M (100%)       4096M (100%)       4096M (100%)       4096M (100%)       4096M (100%)   
[2025-08-01T14:45:42.904+0000] GC(221)      Free:     1458M (36%)        1012M (25%)        3212M (78%)        3206M (78%)        3216M (79%)        1000M (24%)    
[2025-08-01T14:45:42.904+0000] GC(221)      Used:     2638M (64%)        3084M (75%)         884M (22%)         890M (22%)        3096M (76%)         880M (21%)    
[2025-08-01T14:45:42.905+0000] GC(221)      Live:         -               357M (9%)          357M (9%)          357M (9%)             -                  -          
[2025-08-01T14:45:42.905+0000] GC(221) Allocated:         -               446M (11%)         470M (11%)         494M (12%)            -                  -          
[2025-08-01T14:45:42.905+0000] GC(221)   Garbage:         -              2280M (56%)          56M (1%)           38M (1%)             -                  -          
[2025-08-01T14:45:42.905+0000] GC(221) Reclaimed:         -                  -              2224M (54%)        2242M (55%)            -                  -          
[2025-08-01T14:45:42.905+0000] GC(221) Garbage Collection (Allocation Rate) 2638M(64%)->890M(22%)
[2025-08-01T14:45:43.297+0000] GC(222) Heap before GC invocations=222 (full 222):
[2025-08-01T14:45:43.297+0000] GC(222)  ZHeap           used 2790M, capacity 4096M, max capacity 4096M
[2025-08-01T14:45:43.297+0000] GC(222)  Metaspace       used 10643K, committed 10880K, reserved 1114112K
[2025-08-01T14:45:43.297+0000] GC(222)   class space    used 1265K, committed 1344K, reserved 1048576K
[2025-08-01T14:45:43.297+0000] GC(222) Garbage Collection (Allocation Rate)
[2025-08-01T14:45:43.297+0000] GC(222) Using 2 workers
[2025-08-01T14:45:43.298+0000] GC(222) Pause Mark Start 0.014ms
[2025-08-01T14:45:43.396+0000] GC(222) Concurrent Mark 96.986ms
[2025-08-01T14:45:43.397+0000] GC(222) Pause Mark End 0.023ms
[2025-08-01T14:45:43.397+0000] GC(222) Concurrent Mark Free 0.002ms
[2025-08-01T14:45:43.402+0000] GC(222) Concurrent Process Non-Strong References 4.820ms
[2025-08-01T14:45:43.402+0000] GC(222) Concurrent Reset Relocation Set 0.005ms
[2025-08-01T14:45:43.405+0000] GC(222) Concurrent Select Relocation Set 3.401ms
[2025-08-01T14:45:43.406+0000] GC(222) Pause Relocate Start 0.015ms
[2025-08-01T14:45:43.407+0000] GC(222) Concurrent Relocate 1.260ms
[2025-08-01T14:45:43.407+0000] GC(222) Heap after GC invocations=223 (full 223):
[2025-08-01T14:45:43.407+0000] GC(222)  ZHeap           used 848M, capacity 4096M, max capacity 4096M
[2025-08-01T14:45:43.408+0000] GC(222)  Metaspace       used 10643K, committed 10880K, reserved 1114112K
[2025-08-01T14:45:43.408+0000] GC(222)   class space    used 1265K, committed 1344K, reserved 1048576K
[2025-08-01T14:45:43.408+0000] GC(222) Load: 1.75/0.74/0.33
[2025-08-01T14:45:43.408+0000] GC(222) MMU: 2ms/90.0%, 5ms/96.0%, 10ms/97.9%, 20ms/98.9%, 50ms/99.6%, 100ms/99.8%
[2025-08-01T14:45:43.408+0000] GC(222) Mark: 2 stripe(s), 2 proactive flush(es), 1 terminate flush(es), 0 completion(s), 0 continuation(s) 
[2025-08-01T14:45:43.408+0000] GC(222) Mark Stack Usage: 32M
[2025-08-01T14:45:43.408+0000] GC(222) NMethods: 1415 registered, 180 unregistered
[2025-08-01T14:45:43.408+0000] GC(222) Metaspace: 10M used, 10M committed, 1088M reserved
[2025-08-01T14:45:43.408+0000] GC(222) Soft: 228 encountered, 0 discovered, 0 enqueued
[2025-08-01T14:45:43.408+0000] GC(222) Weak: 934 encountered, 691 discovered, 0 enqueued
[2025-08-01T14:45:43.408+0000] GC(222) Final: 0 encountered, 0 discovered, 0 enqueued
[2025-08-01T14:45:43.408+0000] GC(222) Phantom: 3 encountered, 1 discovered, 0 enqueued
[2025-08-01T14:45:43.408+0000] GC(222) Small Pages: 1382 / 2764M, Empty: 2444M, Relocated: 2M, In-Place: 0
[2025-08-01T14:45:43.408+0000] GC(222) Medium Pages: 1 / 32M, Empty: 0M, Relocated: 0M, In-Place: 0
[2025-08-01T14:45:43.408+0000] GC(222) Large Pages: 0 / 0M, Empty: 0M, Relocated: 0M, In-Place: 0
[2025-08-01T14:45:43.408+0000] GC(222) Forwarding Usage: 0M
[2025-08-01T14:45:43.408+0000] GC(222) Min Capacity: 4096M(100%)
[2025-08-01T14:45:43.408+0000] GC(222) Max Capacity: 4096M(100%)
[2025-08-01T14:45:43.408+0000] GC(222) Soft Max Capacity: 4096M(100%)
[2025-08-01T14:45:43.408+0000] GC(222)                Mark Start          Mark End        Relocate Start      Relocate End           High               Low         
[2025-08-01T14:45:43.408+0000] GC(222)  Capacity:     4096M (100%)       4096M (100%)       4096M (100%)       4096M (100%)       4096M (100%)       4096M (100%)   
[2025-08-01T14:45:43.408+0000] GC(222)      Free:     1300M (32%)         884M (22%)        3248M (79%)        3252M (79%)        3268M (80%)         838M (20%)    
[2025-08-01T14:45:43.408+0000] GC(222)      Used:     2796M (68%)        3212M (78%)         848M (21%)         844M (21%)        3258M (80%)         828M (20%)    
[2025-08-01T14:45:43.408+0000] GC(222)      Live:         -               306M (7%)          306M (7%)          306M (7%)             -                  -          
[2025-08-01T14:45:43.408+0000] GC(222) Allocated:         -               416M (10%)         496M (12%)         502M (12%)            -                  -          
[2025-08-01T14:45:43.408+0000] GC(222)   Garbage:         -              2489M (61%)          45M (1%)           35M (1%)             -                  -          
[2025-08-01T14:45:43.408+0000] GC(222) Reclaimed:         -                  -              2444M (60%)        2454M (60%)            -                  -          
[2025-08-01T14:45:43.408+0000] GC(222) Garbage Collection (Allocation Rate) 2796M(68%)->844M(21%)
[2025-08-01T14:45:43.693+0000] === Garbage Collection Statistics =======================================================================================================================
[2025-08-01T14:45:43.693+0000]                                                              Last 10s              Last 10m              Last 10h                Total
[2025-08-01T14:45:43.693+0000]                                                              Avg / Max             Avg / Max             Avg / Max             Avg / Max
[2025-08-01T14:45:43.693+0000]   Collector: Garbage Collection Cycle                    142.107 / 209.528     145.769 / 346.825     145.769 / 346.825     145.769 / 346.825     ms
[2025-08-01T14:45:43.693+0000]  Contention: Mark Segment Reset Contention                     0 / 0                 0 / 2                 0 / 2                 0 / 2           ops/s
[2025-08-01T14:45:43.693+0000]  Contention: Mark SeqNum Reset Contention                      0 / 0                 0 / 1                 0 / 1                 0 / 1           ops/s
[2025-08-01T14:45:43.693+0000]    Critical: Allocation Stall                                  0 / 0                 0 / 0                 0 / 0                 0 / 0           ops/s
[2025-08-01T14:45:43.693+0000]    Critical: Allocation Stall                              0.000 / 0.000         0.000 / 0.000         0.000 / 0.000         0.000 / 0.000       ms
[2025-08-01T14:45:43.693+0000]    Critical: GC Locker Stall                                   0 / 0                 0 / 0                 0 / 0                 0 / 0           ops/s
[2025-08-01T14:45:43.693+0000]    Critical: GC Locker Stall                               0.000 / 0.000         0.000 / 0.000         0.000 / 0.000         0.000 / 0.000       ms
[2025-08-01T14:45:43.693+0000]    Critical: Relocation Stall                                  0 / 0                 0 / 0                 0 / 0                 0 / 0           ops/s
[2025-08-01T14:45:43.693+0000]    Critical: Relocation Stall                              0.000 / 0.000         0.000 / 0.000         0.000 / 0.000         0.000 / 0.000       ms
[2025-08-01T14:45:43.693+0000]      Memory: Allocation Rate                                4929 / 5132           4619 / 5132           4619 / 5132           4619 / 5132        MB/s
[2025-08-01T14:45:43.693+0000]      Memory: Defragment                                        0 / 0                 0 / 0                 0 / 0                 0 / 0           ops/s
[2025-08-01T14:45:43.693+0000]      Memory: Out Of Memory                                     0 / 0                 0 / 0                 0 / 0                 0 / 0           ops/s
[2025-08-01T14:45:43.693+0000]      Memory: Page Cache Flush                                  0 / 0                 0 / 0                 0 / 0                 0 / 0           MB/s
[2025-08-01T14:45:43.693+0000]      Memory: Page Cache Hit L1                              2471 / 2572           2294 / 2578           2294 / 2578           2294 / 2578        ops/s
[2025-08-01T14:45:43.693+0000]      Memory: Page Cache Hit L2                                 0 / 0                 0 / 0                 0 / 0                 0 / 0           ops/s
[2025-08-01T14:45:43.693+0000]      Memory: Page Cache Hit L3                                 0 / 0                20 / 551              20 / 551              20 / 551         ops/s
[2025-08-01T14:45:43.693+0000]      Memory: Page Cache Miss                                   0 / 0                 0 / 1                 0 / 1                 0 / 1           ops/s
[2025-08-01T14:45:43.693+0000]      Memory: Uncommit                                          0 / 0                 0 / 0                 0 / 0                 0 / 0           MB/s
[2025-08-01T14:45:43.693+0000]      Memory: Undo Object Allocation Failed                     0 / 0                 0 / 3                 0 / 3                 0 / 3           ops/s
[2025-08-01T14:45:43.693+0000]      Memory: Undo Object Allocation Succeeded                  0 / 0                 0 / 3                 0 / 3                 0 / 3           ops/s
[2025-08-01T14:45:43.693+0000]      Memory: Undo Page Allocation                              0 / 0                 0 / 1                 0 / 1                 0 / 1           ops/s
[2025-08-01T14:45:43.693+0000]       Phase: Concurrent Mark                             130.931 / 199.356     133.521 / 335.006     133.521 / 335.006     133.521 / 335.006     ms
[2025-08-01T14:45:43.693+0000]       Phase: Concurrent Mark Continue                      0.000 / 0.000         0.000 / 0.000         0.000 / 0.000         0.000 / 0.000       ms
[2025-08-01T14:45:43.693+0000]       Phase: Concurrent Mark Free                          0.001 / 0.003         0.002 / 0.005         0.002 / 0.005         0.002 / 0.005       ms
[2025-08-01T14:45:43.693+0000]       Phase: Concurrent Process Non-Strong References      3.705 / 7.513         3.792 / 11.932        3.792 / 11.932        3.792 / 11.932      ms
[2025-08-01T14:45:43.693+0000]       Phase: Concurrent Relocate                           1.664 / 4.573         2.285 / 16.307        2.285 / 16.307        2.285 / 16.307      ms
[2025-08-01T14:45:43.693+0000]       Phase: Concurrent Reset Relocation Set               0.002 / 0.005         0.003 / 0.065         0.003 / 0.065         0.003 / 0.065       ms
[2025-08-01T14:45:43.693+0000]       Phase: Concurrent Select Relocation Set              3.435 / 4.928         3.742 / 16.702        3.742 / 16.702        3.742 / 16.702      ms
[2025-08-01T14:45:43.693+0000]       Phase: Pause Mark End                                0.018 / 0.023         0.022 / 0.200         0.022 / 0.200         0.022 / 0.200       ms
[2025-08-01T14:45:43.693+0000]       Phase: Pause Mark Start                              0.012 / 0.042         0.014 / 0.088         0.014 / 0.088         0.014 / 0.088       ms
[2025-08-01T14:45:43.693+0000]       Phase: Pause Relocate Start                          0.013 / 0.023         0.014 / 0.143         0.014 / 0.143         0.014 / 0.143       ms
[2025-08-01T14:45:43.693+0000]    Subphase: Concurrent Classes Purge                      0.025 / 0.072         0.029 / 0.147         0.029 / 0.147         0.029 / 0.147       ms
[2025-08-01T14:45:43.693+0000]    Subphase: Concurrent Classes Unlink                     2.239 / 3.563         2.412 / 6.492         2.412 / 6.492         2.412 / 6.492       ms
[2025-08-01T14:45:43.693+0000]    Subphase: Concurrent Mark                             129.430 / 198.179     132.052 / 334.367     132.052 / 334.367     132.052 / 334.367     ms
[2025-08-01T14:45:43.693+0000]    Subphase: Concurrent Mark Try Flush                     0.515 / 2.116         0.520 / 7.713         0.520 / 7.713         0.520 / 7.713       ms
[2025-08-01T14:45:43.693+0000]    Subphase: Concurrent Mark Try Terminate                 0.944 / 2.767         0.918 / 4.798         0.918 / 4.798         0.918 / 4.798       ms
[2025-08-01T14:45:43.693+0000]    Subphase: Concurrent References Enqueue                 0.001 / 0.001         0.001 / 0.006         0.001 / 0.006         0.001 / 0.006       ms
[2025-08-01T14:45:43.693+0000]    Subphase: Concurrent References Process                 0.389 / 1.565         0.312 / 1.565         0.312 / 1.565         0.312 / 1.565       ms
[2025-08-01T14:45:43.693+0000]    Subphase: Concurrent Roots ClassLoaderDataGraph         0.102 / 0.273         0.125 / 1.286         0.125 / 1.286         0.125 / 1.286       ms
[2025-08-01T14:45:43.693+0000]    Subphase: Concurrent Roots CodeCache                    0.000 / 0.000         0.000 / 0.000         0.000 / 0.000         0.000 / 0.000       ms
[2025-08-01T14:45:43.693+0000]    Subphase: Concurrent Roots JavaThreads                  0.093 / 0.352         0.113 / 1.222         0.113 / 1.222         0.113 / 1.222       ms
[2025-08-01T14:45:43.693+0000]    Subphase: Concurrent Roots OopStorageSet                0.022 / 0.030         0.030 / 0.238         0.030 / 0.238         0.030 / 0.238       ms
[2025-08-01T14:45:43.693+0000]    Subphase: Concurrent Weak Roots OopStorageSet           0.189 / 0.369         0.221 / 2.271         0.221 / 2.271         0.221 / 2.271       ms
[2025-08-01T14:45:43.693+0000]    Subphase: Pause Mark Try Complete                       0.000 / 0.000         0.000 / 0.000         0.000 / 0.000         0.000 / 0.000       ms
[2025-08-01T14:45:43.694+0000]      System: Java Threads                                     14 / 14               14 / 14               14 / 14               14 / 14          threads
[2025-08-01T14:45:43.694+0000] =========================================================================================================================================================
[2025-08-01T14:45:43.794+0000] GC(223) Heap before GC invocations=223 (full 223):
[2025-08-01T14:45:43.794+0000] GC(223)  ZHeap           used 2726M, capacity 4096M, max capacity 4096M
[2025-08-01T14:45:43.794+0000] GC(223)  Metaspace       used 10643K, committed 10880K, reserved 1114112K
[2025-08-01T14:45:43.794+0000] GC(223)   class space    used 1265K, committed 1344K, reserved 1048576K
[2025-08-01T14:45:43.794+0000] GC(223) Garbage Collection (Allocation Rate)
[2025-08-01T14:45:43.794+0000] GC(223) Using 2 workers
[2025-08-01T14:45:43.794+0000] GC(223) Pause Mark Start 0.012ms
[2025-08-01T14:45:43.930+0000] GC(223) Concurrent Mark 135.275ms
[2025-08-01T14:45:43.930+0000] GC(223) Pause Mark End 0.015ms
[2025-08-01T14:45:43.930+0000] GC(223) Concurrent Mark Free 0.001ms
[2025-08-01T14:45:43.933+0000] GC(223) Concurrent Process Non-Strong References 2.907ms
[2025-08-01T14:45:43.933+0000] GC(223) Concurrent Reset Relocation Set 0.002ms
[2025-08-01T14:45:43.937+0000] GC(223) Concurrent Select Relocation Set 3.276ms
[2025-08-01T14:45:43.937+0000] GC(223) Pause Relocate Start 0.012ms
[2025-08-01T14:45:43.940+0000] GC(223) Concurrent Relocate 3.113ms
[2025-08-01T14:45:43.940+0000] GC(223) Heap after GC invocations=224 (full 224):
[2025-08-01T14:45:43.940+0000] GC(223)  ZHeap           used 1318M, capacity 4096M, max capacity 4096M
[2025-08-01T14:45:43.940+0000] GC(223)  Metaspace       used 10643K, committed 10880K, reserved 1114112K
[2025-08-01T14:45:43.940+0000] GC(223)   class space    used 1265K, committed 1344K, reserved 1048576K
[2025-08-01T14:45:43.940+0000] GC(223) Load: 1.75/0.74/0.33
[2025-08-01T14:45:43.940+0000] GC(223) MMU: 2ms/90.0%, 5ms/96.0%, 10ms/97.9%, 20ms/98.9%, 50ms/99.6%, 100ms/99.8%
[2025-08-01T14:45:43.940+0000] GC(223) Mark: 2 stripe(s), 2 proactive flush(es), 1 terminate flush(es), 0 completion(s), 0 continuation(s) 
[2025-08-01T14:45:43.940+0000] GC(223) Mark Stack Usage: 32M
[2025-08-01T14:45:43.940+0000] GC(223) NMethods: 1415 registered, 180 unregistered
[2025-08-01T14:45:43.940+0000] GC(223) Metaspace: 10M used, 10M committed, 1088M reserved
[2025-08-01T14:45:43.940+0000] GC(223) Soft: 228 encountered, 0 discovered, 0 enqueued
[2025-08-01T14:45:43.940+0000] GC(223) Weak: 934 encountered, 753 discovered, 0 enqueued
[2025-08-01T14:45:43.940+0000] GC(223) Final: 0 encountered, 0 discovered, 0 enqueued
[2025-08-01T14:45:43.940+0000] GC(223) Phantom: 3 encountered, 1 discovered, 0 enqueued
[2025-08-01T14:45:43.940+0000] GC(223) Small Pages: 1349 / 2698M, Empty: 2076M, Relocated: 6M, In-Place: 0
[2025-08-01T14:45:43.940+0000] GC(223) Medium Pages: 1 / 32M, Empty: 0M, Relocated: 0M, In-Place: 0
[2025-08-01T14:45:43.940+0000] GC(223) Large Pages: 0 / 0M, Empty: 0M, Relocated: 0M, In-Place: 0
[2025-08-01T14:45:43.940+0000] GC(223) Forwarding Usage: 0M
[2025-08-01T14:45:43.941+0000] GC(223) Min Capacity: 4096M(100%)
[2025-08-01T14:45:43.941+0000] GC(223) Max Capacity: 4096M(100%)
[2025-08-01T14:45:43.941+0000] GC(223) Soft Max Capacity: 4096M(100%)
[2025-08-01T14:45:43.941+0000] GC(223)                Mark Start          Mark End        Relocate Start      Relocate End           High               Low         
[2025-08-01T14:45:43.941+0000] GC(223)  Capacity:     4096M (100%)       4096M (100%)       4096M (100%)       4096M (100%)       4096M (100%)       4096M (100%)   
[2025-08-01T14:45:43.941+0000] GC(223)      Free:     1366M (33%)         732M (18%)        2782M (68%)        2778M (68%)        2786M (68%)         728M (18%)    
[2025-08-01T14:45:43.941+0000] GC(223)      Used:     2730M (67%)        3364M (82%)        1314M (32%)        1318M (32%)        3368M (82%)        1310M (32%)    
[2025-08-01T14:45:43.941+0000] GC(223)      Live:         -               604M (15%)         604M (15%)         604M (15%)            -                  -          
[2025-08-01T14:45:43.941+0000] GC(223) Allocated:         -               634M (15%)         660M (16%)         676M (17%)            -                  -          
[2025-08-01T14:45:43.941+0000] GC(223)   Garbage:         -              2125M (52%)          49M (1%)           37M (1%)             -                  -          
[2025-08-01T14:45:43.941+0000] GC(223) Reclaimed:         -                  -              2076M (51%)        2088M (51%)            -                  -          
[2025-08-01T14:45:43.941+0000] GC(223) Garbage Collection (Allocation Rate) 2730M(67%)->1318M(32%)
[2025-08-01T14:45:44.294+0000] GC(224) Heap before GC invocations=224 (full 224):
[2025-08-01T14:45:44.294+0000] GC(224)  ZHeap           used 3018M, capacity 4096M, max capacity 4096M
[2025-08-01T14:45:44.294+0000] GC(224)  Metaspace       used 10643K, committed 10880K, reserved 1114112K
[2025-08-01T14:45:44.294+0000] GC(224)   class space    used 1265K, committed 1344K, reserved 1048576K
[2025-08-01T14:45:44.294+0000] GC(224) Garbage Collection (Allocation Rate)
[2025-08-01T14:45:44.294+0000] GC(224) Using 2 workers
[2025-08-01T14:45:44.295+0000] GC(224) Pause Mark Start 0.011ms
[2025-08-01T14:45:44.454+0000] GC(224) Concurrent Mark 159.304ms
[2025-08-01T14:45:44.455+0000] GC(224) Pause Mark End 0.019ms
[2025-08-01T14:45:44.455+0000] GC(224) Concurrent Mark Free 0.002ms
[2025-08-01T14:45:44.460+0000] GC(224) Concurrent Process Non-Strong References 5.290ms
[2025-08-01T14:45:44.460+0000] GC(224) Concurrent Reset Relocation Set 0.004ms
[2025-08-01T14:45:44.465+0000] GC(224) Concurrent Select Relocation Set 4.541ms
[2025-08-01T14:45:44.465+0000] GC(224) Pause Relocate Start 0.015ms
[2025-08-01T14:45:44.470+0000] GC(224) Concurrent Relocate 4.809ms
[2025-08-01T14:45:44.470+0000] GC(224) Heap after GC invocations=225 (full 225):
[2025-08-01T14:45:44.470+0000] GC(224)  ZHeap           used 1432M, capacity 4096M, max capacity 4096M
[2025-08-01T14:45:44.470+0000] GC(224)  Metaspace       used 10643K, committed 10880K, reserved 1114112K
[2025-08-01T14:45:44.471+0000] GC(224)   class space    used 1265K, committed 1344K, reserved 1048576K
[2025-08-01T14:45:44.471+0000] GC(224) Load: 1.75/0.74/0.33
[2025-08-01T14:45:44.471+0000] GC(224) MMU: 2ms/90.0%, 5ms/96.0%, 10ms/97.9%, 20ms/98.9%, 50ms/99.6%, 100ms/99.8%
[2025-08-01T14:45:44.471+0000] GC(224) Mark: 2 stripe(s), 2 proactive flush(es), 1 terminate flush(es), 0 completion(s), 0 continuation(s) 
[2025-08-01T14:45:44.471+0000] GC(224) Mark Stack Usage: 32M
[2025-08-01T14:45:44.471+0000] GC(224) NMethods: 1415 registered, 180 unregistered
[2025-08-01T14:45:44.471+0000] GC(224) Metaspace: 10M used, 10M committed, 1088M reserved
[2025-08-01T14:45:44.471+0000] GC(224) Soft: 228 encountered, 0 discovered, 0 enqueued
[2025-08-01T14:45:44.471+0000] GC(224) Weak: 934 encountered, 706 discovered, 0 enqueued
[2025-08-01T14:45:44.471+0000] GC(224) Final: 0 encountered, 0 discovered, 0 enqueued
[2025-08-01T14:45:44.471+0000] GC(224) Phantom: 3 encountered, 1 discovered, 0 enqueued
[2025-08-01T14:45:44.471+0000] GC(224) Small Pages: 1495 / 2990M, Empty: 2338M, Relocated: 8M, In-Place: 0
[2025-08-01T14:45:44.471+0000] GC(224) Medium Pages: 1 / 32M, Empty: 0M, Relocated: 0M, In-Place: 0
[2025-08-01T14:45:44.471+0000] GC(224) Large Pages: 0 / 0M, Empty: 0M, Relocated: 0M, In-Place: 0
[2025-08-01T14:45:44.471+0000] GC(224) Forwarding Usage: 0M
[2025-08-01T14:45:44.471+0000] GC(224) Min Capacity: 4096M(100%)
[2025-08-01T14:45:44.471+0000] GC(224) Max Capacity: 4096M(100%)
[2025-08-01T14:45:44.471+0000] GC(224) Soft Max Capacity: 4096M(100%)
[2025-08-01T14:45:44.471+0000] GC(224)                Mark Start          Mark End        Relocate Start      Relocate End           High               Low         
[2025-08-01T14:45:44.471+0000] GC(224)  Capacity:     4096M (100%)       4096M (100%)       4096M (100%)       4096M (100%)       4096M (100%)       4096M (100%)   
[2025-08-01T14:45:44.471+0000] GC(224)      Free:     1074M (26%)         410M (10%)        2670M (65%)        2664M (65%)        2682M (65%)         374M (9%)     
[2025-08-01T14:45:44.471+0000] GC(224)      Used:     3022M (74%)        3686M (90%)        1426M (35%)        1432M (35%)        3722M (91%)        1414M (35%)    
[2025-08-01T14:45:44.471+0000] GC(224)      Live:         -               620M (15%)         620M (15%)         620M (15%)            -                  -          
[2025-08-01T14:45:44.471+0000] GC(224) Allocated:         -               664M (16%)         742M (18%)         772M (19%)            -                  -          
[2025-08-01T14:45:44.471+0000] GC(224)   Garbage:         -              2401M (59%)          63M (2%)           39M (1%)             -                  -          
[2025-08-01T14:45:44.471+0000] GC(224) Reclaimed:         -                  -              2338M (57%)        2362M (58%)            -                  -          
[2025-08-01T14:45:44.471+0000] GC(224) Garbage Collection (Allocation Rate) 3022M(74%)->1432M(35%)
[2025-08-01T14:45:44.693+0000] GC(225) Heap before GC invocations=225 (full 225):
[2025-08-01T14:45:44.693+0000] GC(225)  ZHeap           used 2414M, capacity 4096M, max capacity 4096M
[2025-08-01T14:45:44.693+0000] GC(225)  Metaspace       used 10643K, committed 10880K, reserved 1114112K
[2025-08-01T14:45:44.694+0000] GC(225)   class space    used 1265K, committed 1344K, reserved 1048576K
[2025-08-01T14:45:44.694+0000] GC(225) Garbage Collection (Allocation Rate)
[2025-08-01T14:45:44.694+0000] GC(225) Using 2 workers
[2025-08-01T14:45:44.694+0000] GC(225) Pause Mark Start 0.015ms
[2025-08-01T14:45:44.852+0000] GC(225) Concurrent Mark 157.543ms
[2025-08-01T14:45:44.852+0000] GC(225) Pause Mark End 0.013ms
[2025-08-01T14:45:44.852+0000] GC(225) Concurrent Mark Free 0.001ms
[2025-08-01T14:45:44.854+0000] GC(225) Concurrent Process Non-Strong References 1.717ms
[2025-08-01T14:45:44.854+0000] GC(225) Concurrent Reset Relocation Set 0.002ms
[2025-08-01T14:45:44.856+0000] GC(225) Concurrent Select Relocation Set 1.690ms
[2025-08-01T14:45:44.856+0000] GC(225) Pause Relocate Start 0.008ms
[2025-08-01T14:45:44.856+0000] GC(225) Concurrent Relocate 0.428ms
[2025-08-01T14:45:44.856+0000] GC(225) Heap after GC invocations=226 (full 226):
[2025-08-01T14:45:44.856+0000] GC(225)  ZHeap           used 1278M, capacity 4096M, max capacity 4096M
[2025-08-01T14:45:44.856+0000] GC(225)  Metaspace       used 10643K, committed 10880K, reserved 1114112K
[2025-08-01T14:45:44.856+0000] GC(225)   class space    used 1265K, committed 1344K, reserved 1048576K
[2025-08-01T14:45:44.856+0000] GC(225) Load: 1.75/0.74/0.33
[2025-08-01T14:45:44.857+0000] GC(225) MMU: 2ms/90.0%, 5ms/96.0%, 10ms/97.9%, 20ms/98.9%, 50ms/99.6%, 100ms/99.8%
[2025-08-01T14:45:44.857+0000] GC(225) Mark: 2 stripe(s), 2 proactive flush(es), 1 terminate flush(es), 0 completion(s), 0 continuation(s) 
[2025-08-01T14:45:44.857+0000] GC(225) Mark Stack Usage: 32M
[2025-08-01T14:45:44.857+0000] GC(225) NMethods: 1415 registered, 180 unregistered
[2025-08-01T14:45:44.857+0000] GC(225) Metaspace: 10M used, 10M committed, 1088M reserved
[2025-08-01T14:45:44.857+0000] GC(225) Soft: 228 encountered, 0 discovered, 0 enqueued
[2025-08-01T14:45:44.857+0000] GC(225) Weak: 934 encountered, 702 discovered, 0 enqueued
[2025-08-01T14:45:44.857+0000] GC(225) Final: 0 encountered, 0 discovered, 0 enqueued
[2025-08-01T14:45:44.857+0000] GC(225) Phantom: 3 encountered, 1 discovered, 0 enqueued
[2025-08-01T14:45:44.857+0000] GC(225) Small Pages: 1191 / 2382M, Empty: 1870M, Relocated: 1M, In-Place: 0
[2025-08-01T14:45:44.857+0000] GC(225) Medium Pages: 1 / 32M, Empty: 0M, Relocated: 0M, In-Place: 0
[2025-08-01T14:45:44.857+0000] GC(225) Large Pages: 0 / 0M, Empty: 0M, Relocated: 0M, In-Place: 0
[2025-08-01T14:45:44.857+0000] GC(225) Forwarding Usage: 0M
[2025-08-01T14:45:44.857+0000] GC(225) Min Capacity: 4096M(100%)
[2025-08-01T14:45:44.857+0000] GC(225) Max Capacity: 4096M(100%)
[2025-08-01T14:45:44.857+0000] GC(225) Soft Max Capacity: 4096M(100%)
[2025-08-01T14:45:44.857+0000] GC(225)                Mark Start          Mark End        Relocate Start      Relocate End           High               Low         
[2025-08-01T14:45:44.857+0000] GC(225)  Capacity:     4096M (100%)       4096M (100%)       4096M (100%)       4096M (100%)       4096M (100%)       4096M (100%)   
[2025-08-01T14:45:44.857+0000] GC(225)      Free:     1682M (41%)         944M (23%)        2814M (69%)        2818M (69%)        2818M (69%)         944M (23%)    
[2025-08-01T14:45:44.857+0000] GC(225)      Used:     2414M (59%)        3152M (77%)        1282M (31%)        1278M (31%)        3152M (77%)        1278M (31%)    
[2025-08-01T14:45:44.857+0000] GC(225)      Live:         -               500M (12%)         500M (12%)         500M (12%)            -                  -          
[2025-08-01T14:45:44.857+0000] GC(225) Allocated:         -               738M (18%)         738M (18%)         738M (18%)            -                  -          
[2025-08-01T14:45:44.857+0000] GC(225)   Garbage:         -              1913M (47%)          43M (1%)           39M (1%)             -                  -          
[2025-08-01T14:45:44.857+0000] GC(225) Reclaimed:         -                  -              1870M (46%)        1874M (46%)            -                  -          
[2025-08-01T14:45:44.857+0000] GC(225) Garbage Collection (Allocation Rate) 2414M(59%)->1278M(31%)
[2025-08-01T14:45:45.194+0000] GC(226) Heap before GC invocations=226 (full 226):
[2025-08-01T14:45:45.194+0000] GC(226)  ZHeap           used 2840M, capacity 4096M, max capacity 4096M
[2025-08-01T14:45:45.194+0000] GC(226)  Metaspace       used 10643K, committed 10880K, reserved 1114112K
[2025-08-01T14:45:45.194+0000] GC(226)   class space    used 1265K, committed 1344K, reserved 1048576K
[2025-08-01T14:45:45.194+0000] GC(226) Garbage Collection (Allocation Rate)
[2025-08-01T14:45:45.194+0000] GC(226) Using 2 workers
[2025-08-01T14:45:45.194+0000] GC(226) Pause Mark Start 0.009ms
[2025-08-01T14:45:45.327+0000] GC(226) Concurrent Mark 133.101ms
[2025-08-01T14:45:45.328+0000] GC(226) Pause Mark End 0.019ms
[2025-08-01T14:45:45.328+0000] GC(226) Concurrent Mark Free 0.001ms
[2025-08-01T14:45:45.332+0000] GC(226) Concurrent Process Non-Strong References 3.533ms
[2025-08-01T14:45:45.332+0000] GC(226) Concurrent Reset Relocation Set 0.002ms
[2025-08-01T14:45:45.336+0000] GC(226) Concurrent Select Relocation Set 3.940ms
[2025-08-01T14:45:45.336+0000] GC(226) Pause Relocate Start 0.017ms
[2025-08-01T14:45:45.337+0000] GC(226) Concurrent Relocate 1.276ms
[2025-08-01T14:45:45.338+0000] GC(226) Heap after GC invocations=227 (full 227):
[2025-08-01T14:45:45.338+0000] GC(226)  ZHeap           used 1280M, capacity 4096M, max capacity 4096M
[2025-08-01T14:45:45.338+0000] GC(226)  Metaspace       used 10643K, committed 10880K, reserved 1114112K
[2025-08-01T14:45:45.338+0000] GC(226)   class space    used 1265K, committed 1344K, reserved 1048576K
[2025-08-01T14:45:45.338+0000] GC(226) Load: 1.75/0.74/0.33
[2025-08-01T14:45:45.338+0000] GC(226) MMU: 2ms/90.0%, 5ms/96.0%, 10ms/97.9%, 20ms/98.9%, 50ms/99.6%, 100ms/99.8%
[2025-08-01T14:45:45.338+0000] GC(226) Mark: 2 stripe(s), 2 proactive flush(es), 1 terminate flush(es), 0 completion(s), 0 continuation(s) 
[2025-08-01T14:45:45.338+0000] GC(226) Mark Stack Usage: 32M
[2025-08-01T14:45:45.338+0000] GC(226) NMethods: 1415 registered, 180 unregistered
[2025-08-01T14:45:45.338+0000] GC(226) Metaspace: 10M used, 10M committed, 1088M reserved
[2025-08-01T14:45:45.338+0000] GC(226) Soft: 228 encountered, 0 discovered, 0 enqueued
[2025-08-01T14:45:45.338+0000] GC(226) Weak: 934 encountered, 675 discovered, 0 enqueued
[2025-08-01T14:45:45.338+0000] GC(226) Final: 0 encountered, 0 discovered, 0 enqueued
[2025-08-01T14:45:45.338+0000] GC(226) Phantom: 3 encountered, 1 discovered, 0 enqueued
[2025-08-01T14:45:45.338+0000] GC(226) Small Pages: 1404 / 2808M, Empty: 2288M, Relocated: 2M, In-Place: 0
[2025-08-01T14:45:45.338+0000] GC(226) Medium Pages: 1 / 32M, Empty: 0M, Relocated: 0M, In-Place: 0
[2025-08-01T14:45:45.338+0000] GC(226) Large Pages: 0 / 0M, Empty: 0M, Relocated: 0M, In-Place: 0
[2025-08-01T14:45:45.338+0000] GC(226) Forwarding Usage: 0M
[2025-08-01T14:45:45.338+0000] GC(226) Min Capacity: 4096M(100%)
[2025-08-01T14:45:45.338+0000] GC(226) Max Capacity: 4096M(100%)
[2025-08-01T14:45:45.338+0000] GC(226) Soft Max Capacity: 4096M(100%)
[2025-08-01T14:45:45.338+0000] GC(226)                Mark Start          Mark End        Relocate Start      Relocate End           High               Low         
[2025-08-01T14:45:45.338+0000] GC(226)  Capacity:     4096M (100%)       4096M (100%)       4096M (100%)       4096M (100%)       4096M (100%)       4096M (100%)   
[2025-08-01T14:45:45.338+0000] GC(226)      Free:     1256M (31%)         578M (14%)        2814M (69%)        2816M (69%)        2816M (69%)         548M (13%)    
[2025-08-01T14:45:45.338+0000] GC(226)      Used:     2840M (69%)        3518M (86%)        1282M (31%)        1280M (31%)        3548M (87%)        1280M (31%)    
[2025-08-01T14:45:45.338+0000] GC(226)      Live:         -               506M (12%)         506M (12%)         506M (12%)            -                  -          
[2025-08-01T14:45:45.338+0000] GC(226) Allocated:         -               678M (17%)         730M (18%)         736M (18%)            -                  -          
[2025-08-01T14:45:45.338+0000] GC(226)   Garbage:         -              2333M (57%)          45M (1%)           37M (1%)             -                  -          
[2025-08-01T14:45:45.338+0000] GC(226) Reclaimed:         -                  -              2288M (56%)        2296M (56%)            -                  -          
[2025-08-01T14:45:45.338+0000] GC(226) Garbage Collection (Allocation Rate) 2840M(69%)->1280M(31%)
[2025-08-01T14:45:45.693+0000] GC(227) Heap before GC invocations=227 (full 227):
[2025-08-01T14:45:45.693+0000] GC(227)  ZHeap           used 2846M, capacity 4096M, max capacity 4096M
[2025-08-01T14:45:45.693+0000] GC(227)  Metaspace       used 10643K, committed 10880K, reserved 1114112K
[2025-08-01T14:45:45.693+0000] GC(227)   class space    used 1265K, committed 1344K, reserved 1048576K
[2025-08-01T14:45:45.693+0000] GC(227) Garbage Collection (Allocation Rate)
[2025-08-01T14:45:45.693+0000] GC(227) Using 2 workers
[2025-08-01T14:45:45.693+0000] GC(227) Pause Mark Start 0.009ms
[2025-08-01T14:45:45.792+0000] GC(227) Concurrent Mark 98.498ms
[2025-08-01T14:45:45.793+0000] GC(227) Pause Mark End 0.017ms
[2025-08-01T14:45:45.793+0000] GC(227) Concurrent Mark Free 0.001ms
[2025-08-01T14:45:45.802+0000] GC(227) Concurrent Process Non-Strong References 8.928ms
[2025-08-01T14:45:45.802+0000] GC(227) Concurrent Reset Relocation Set 0.003ms
[2025-08-01T14:45:45.806+0000] GC(227) Concurrent Select Relocation Set 3.912ms
[2025-08-01T14:45:45.806+0000] GC(227) Pause Relocate Start 0.015ms
[2025-08-01T14:45:45.809+0000] GC(227) Concurrent Relocate 2.610ms
[2025-08-01T14:45:45.809+0000] GC(227) Heap after GC invocations=228 (full 228):
[2025-08-01T14:45:45.810+0000] GC(227)  ZHeap           used 1058M, capacity 4096M, max capacity 4096M
[2025-08-01T14:45:45.810+0000] GC(227)  Metaspace       used 10643K, committed 10880K, reserved 1114112K
[2025-08-01T14:45:45.810+0000] GC(227)   class space    used 1265K, committed 1344K, reserved 1048576K
[2025-08-01T14:45:45.810+0000] GC(227) Load: 1.75/0.74/0.33
[2025-08-01T14:45:45.810+0000] GC(227) MMU: 2ms/90.0%, 5ms/96.0%, 10ms/97.9%, 20ms/98.9%, 50ms/99.6%, 100ms/99.8%
[2025-08-01T14:45:45.810+0000] GC(227) Mark: 2 stripe(s), 4 proactive flush(es), 1 terminate flush(es), 0 completion(s), 0 continuation(s) 
[2025-08-01T14:45:45.810+0000] GC(227) Mark Stack Usage: 32M
[2025-08-01T14:45:45.810+0000] GC(227) NMethods: 1415 registered, 180 unregistered
[2025-08-01T14:45:45.810+0000] GC(227) Metaspace: 10M used, 10M committed, 1088M reserved
[2025-08-01T14:45:45.810+0000] GC(227) Soft: 228 encountered, 0 discovered, 0 enqueued
[2025-08-01T14:45:45.810+0000] GC(227) Weak: 934 encountered, 699 discovered, 0 enqueued
[2025-08-01T14:45:45.810+0000] GC(227) Final: 0 encountered, 0 discovered, 0 enqueued
[2025-08-01T14:45:45.810+0000] GC(227) Phantom: 3 encountered, 2 discovered, 0 enqueued
[2025-08-01T14:45:45.810+0000] GC(227) Small Pages: 1407 / 2814M, Empty: 2394M, Relocated: 2M, In-Place: 0
[2025-08-01T14:45:45.810+0000] GC(227) Medium Pages: 1 / 32M, Empty: 0M, Relocated: 0M, In-Place: 0
[2025-08-01T14:45:45.810+0000] GC(227) Large Pages: 0 / 0M, Empty: 0M, Relocated: 0M, In-Place: 0
[2025-08-01T14:45:45.810+0000] GC(227) Forwarding Usage: 0M
[2025-08-01T14:45:45.810+0000] GC(227) Min Capacity: 4096M(100%)
[2025-08-01T14:45:45.810+0000] GC(227) Max Capacity: 4096M(100%)
[2025-08-01T14:45:45.810+0000] GC(227) Soft Max Capacity: 4096M(100%)
[2025-08-01T14:45:45.810+0000] GC(227)                Mark Start          Mark End        Relocate Start      Relocate End           High               Low         
[2025-08-01T14:45:45.810+0000] GC(227)  Capacity:     4096M (100%)       4096M (100%)       4096M (100%)       4096M (100%)       4096M (100%)       4096M (100%)   
[2025-08-01T14:45:45.810+0000] GC(227)      Free:     1250M (31%)         784M (19%)        3054M (75%)        3040M (74%)        3060M (75%)         700M (17%)    
[2025-08-01T14:45:45.810+0000] GC(227)      Used:     2846M (69%)        3312M (81%)        1042M (25%)        1056M (26%)        3396M (83%)        1036M (25%)    
[2025-08-01T14:45:45.810+0000] GC(227)      Live:         -               408M (10%)         408M (10%)         408M (10%)            -                  -          
[2025-08-01T14:45:45.810+0000] GC(227) Allocated:         -               466M (11%)         590M (14%)         610M (15%)            -                  -          
[2025-08-01T14:45:45.810+0000] GC(227)   Garbage:         -              2437M (60%)          43M (1%)           37M (1%)             -                  -          
[2025-08-01T14:45:45.810+0000] GC(227) Reclaimed:         -                  -              2394M (58%)        2400M (59%)            -                  -          
[2025-08-01T14:45:45.810+0000] GC(227) Garbage Collection (Allocation Rate) 2846M(69%)->1056M(26%)
[2025-08-01T14:45:46.193+0000] GC(228) Heap before GC invocations=228 (full 228):
[2025-08-01T14:45:46.193+0000] GC(228)  ZHeap           used 2798M, capacity 4096M, max capacity 4096M
[2025-08-01T14:45:46.193+0000] GC(228)  Metaspace       used 10643K, committed 10880K, reserved 1114112K
[2025-08-01T14:45:46.193+0000] GC(228)   class space    used 1265K, committed 1344K, reserved 1048576K
[2025-08-01T14:45:46.193+0000] GC(228) Garbage Collection (Allocation Rate)
[2025-08-01T14:45:46.193+0000] GC(228) Using 2 workers
[2025-08-01T14:45:46.194+0000] GC(228) Pause Mark Start 0.015ms
[2025-08-01T14:45:46.315+0000] GC(228) Concurrent Mark 121.329ms
[2025-08-01T14:45:46.316+0000] GC(228) Pause Mark End 0.020ms
[2025-08-01T14:45:46.316+0000] GC(228) Concurrent Mark Free 0.003ms
[2025-08-01T14:45:46.319+0000] GC(228) Concurrent Process Non-Strong References 2.836ms
[2025-08-01T14:45:46.319+0000] GC(228) Concurrent Reset Relocation Set 0.002ms
[2025-08-01T14:45:46.323+0000] GC(228) Concurrent Select Relocation Set 3.712ms
[2025-08-01T14:45:46.323+0000] GC(228) Pause Relocate Start 0.016ms
[2025-08-01T14:45:46.325+0000] GC(228) Concurrent Relocate 2.319ms
[2025-08-01T14:45:46.325+0000] GC(228) Heap after GC invocations=229 (full 229):
[2025-08-01T14:45:46.325+0000] GC(228)  ZHeap           used 1206M, capacity 4096M, max capacity 4096M
[2025-08-01T14:45:46.325+0000] GC(228)  Metaspace       used 10643K, committed 10880K, reserved 1114112K
[2025-08-01T14:45:46.325+0000] GC(228)   class space    used 1265K, committed 1344K, reserved 1048576K
[2025-08-01T14:45:46.325+0000] GC(228) Load: 1.75/0.74/0.33
[2025-08-01T14:45:46.325+0000] GC(228) MMU: 2ms/90.0%, 5ms/96.0%, 10ms/97.9%, 20ms/98.9%, 50ms/99.6%, 100ms/99.8%
[2025-08-01T14:45:46.325+0000] GC(228) Mark: 2 stripe(s), 3 proactive flush(es), 1 terminate flush(es), 0 completion(s), 0 continuation(s) 
[2025-08-01T14:45:46.325+0000] GC(228) Mark Stack Usage: 32M
[2025-08-01T14:45:46.325+0000] GC(228) NMethods: 1415 registered, 180 unregistered
[2025-08-01T14:45:46.325+0000] GC(228) Metaspace: 10M used, 10M committed, 1088M reserved
[2025-08-01T14:45:46.325+0000] GC(228) Soft: 228 encountered, 0 discovered, 0 enqueued
[2025-08-01T14:45:46.325+0000] GC(228) Weak: 934 encountered, 702 discovered, 0 enqueued
[2025-08-01T14:45:46.325+0000] GC(228) Final: 0 encountered, 0 discovered, 0 enqueued
[2025-08-01T14:45:46.325+0000] GC(228) Phantom: 3 encountered, 1 discovered, 0 enqueued
[2025-08-01T14:45:46.325+0000] GC(228) Small Pages: 1385 / 2770M, Empty: 2260M, Relocated: 8M, In-Place: 0
[2025-08-01T14:45:46.325+0000] GC(228) Medium Pages: 1 / 32M, Empty: 0M, Relocated: 0M, In-Place: 0
[2025-08-01T14:45:46.325+0000] GC(228) Large Pages: 0 / 0M, Empty: 0M, Relocated: 0M, In-Place: 0
[2025-08-01T14:45:46.325+0000] GC(228) Forwarding Usage: 0M
[2025-08-01T14:45:46.325+0000] GC(228) Min Capacity: 4096M(100%)
[2025-08-01T14:45:46.325+0000] GC(228) Max Capacity: 4096M(100%)
[2025-08-01T14:45:46.325+0000] GC(228) Soft Max Capacity: 4096M(100%)
[2025-08-01T14:45:46.325+0000] GC(228)                Mark Start          Mark End        Relocate Start      Relocate End           High               Low         
[2025-08-01T14:45:46.325+0000] GC(228)  Capacity:     4096M (100%)       4096M (100%)       4096M (100%)       4096M (100%)       4096M (100%)       4096M (100%)   
[2025-08-01T14:45:46.325+0000] GC(228)      Free:     1294M (32%)         606M (15%)        2866M (70%)        2890M (71%)        2890M (71%)         606M (15%)    
[2025-08-01T14:45:46.325+0000] GC(228)      Used:     2802M (68%)        3490M (85%)        1230M (30%)        1206M (29%)        3490M (85%)        1206M (29%)    
[2025-08-01T14:45:46.326+0000] GC(228)      Live:         -               478M (12%)         478M (12%)         478M (12%)            -                  -          
[2025-08-01T14:45:46.326+0000] GC(228) Allocated:         -               688M (17%)         688M (17%)         688M (17%)            -                  -          
[2025-08-01T14:45:46.326+0000] GC(228)   Garbage:         -              2323M (57%)          63M (2%)           39M (1%)             -                  -          
[2025-08-01T14:45:46.326+0000] GC(228) Reclaimed:         -                  -              2260M (55%)        2284M (56%)            -                  -          
[2025-08-01T14:45:46.326+0000] GC(228) Garbage Collection (Allocation Rate) 2802M(68%)->1206M(29%)
[2025-08-01T14:45:46.693+0000] GC(229) Heap before GC invocations=229 (full 229):
[2025-08-01T14:45:46.693+0000] GC(229)  ZHeap           used 2938M, capacity 4096M, max capacity 4096M
[2025-08-01T14:45:46.693+0000] GC(229)  Metaspace       used 10643K, committed 10880K, reserved 1114112K
[2025-08-01T14:45:46.693+0000] GC(229)   class space    used 1265K, committed 1344K, reserved 1048576K
[2025-08-01T14:45:46.693+0000] GC(229) Garbage Collection (Allocation Rate)
[2025-08-01T14:45:46.693+0000] GC(229) Using 2 workers
[2025-08-01T14:45:46.694+0000] GC(229) Pause Mark Start 0.011ms
[2025-08-01T14:45:46.808+0000] GC(229) Concurrent Mark 114.711ms
[2025-08-01T14:45:46.808+0000] GC(229) Pause Mark End 0.011ms
[2025-08-01T14:45:46.808+0000] GC(229) Concurrent Mark Free 0.001ms
[2025-08-01T14:45:46.810+0000] GC(229) Concurrent Process Non-Strong References 1.876ms
[2025-08-01T14:45:46.810+0000] GC(229) Concurrent Reset Relocation Set 0.002ms
[2025-08-01T14:45:46.813+0000] GC(229) Concurrent Select Relocation Set 2.526ms
[2025-08-01T14:45:46.813+0000] GC(229) Pause Relocate Start 0.011ms
[2025-08-01T14:45:46.815+0000] GC(229) Concurrent Relocate 2.297ms
[2025-08-01T14:45:46.815+0000] GC(229) Heap after GC invocations=230 (full 230):
[2025-08-01T14:45:46.815+0000] GC(229)  ZHeap           used 1034M, capacity 4096M, max capacity 4096M
[2025-08-01T14:45:46.816+0000] GC(229)  Metaspace       used 10643K, committed 10880K, reserved 1114112K
[2025-08-01T14:45:46.816+0000] GC(229)   class space    used 1265K, committed 1344K, reserved 1048576K
[2025-08-01T14:45:46.816+0000] GC(229) Load: 1.69/0.75/0.33
[2025-08-01T14:45:46.816+0000] GC(229) MMU: 2ms/90.0%, 5ms/96.0%, 10ms/97.9%, 20ms/98.9%, 50ms/99.6%, 100ms/99.8%
[2025-08-01T14:45:46.816+0000] GC(229) Mark: 2 stripe(s), 3 proactive flush(es), 1 terminate flush(es), 0 completion(s), 0 continuation(s) 
[2025-08-01T14:45:46.816+0000] GC(229) Mark Stack Usage: 32M
[2025-08-01T14:45:46.816+0000] GC(229) NMethods: 1415 registered, 180 unregistered
[2025-08-01T14:45:46.816+0000] GC(229) Metaspace: 10M used, 10M committed, 1088M reserved
[2025-08-01T14:45:46.816+0000] GC(229) Soft: 228 encountered, 0 discovered, 0 enqueued
[2025-08-01T14:45:46.816+0000] GC(229) Weak: 934 encountered, 657 discovered, 0 enqueued
[2025-08-01T14:45:46.816+0000] GC(229) Final: 0 encountered, 0 discovered, 0 enqueued
[2025-08-01T14:45:46.816+0000] GC(229) Phantom: 3 encountered, 1 discovered, 0 enqueued
[2025-08-01T14:45:46.816+0000] GC(229) Small Pages: 1455 / 2910M, Empty: 2460M, Relocated: 6M, In-Place: 0
[2025-08-01T14:45:46.816+0000] GC(229) Medium Pages: 1 / 32M, Empty: 0M, Relocated: 0M, In-Place: 0
[2025-08-01T14:45:46.816+0000] GC(229) Large Pages: 0 / 0M, Empty: 0M, Relocated: 0M, In-Place: 0
[2025-08-01T14:45:46.816+0000] GC(229) Forwarding Usage: 0M
[2025-08-01T14:45:46.816+0000] GC(229) Min Capacity: 4096M(100%)
[2025-08-01T14:45:46.816+0000] GC(229) Max Capacity: 4096M(100%)
[2025-08-01T14:45:46.816+0000] GC(229) Soft Max Capacity: 4096M(100%)
[2025-08-01T14:45:46.816+0000] GC(229)                Mark Start          Mark End        Relocate Start      Relocate End           High               Low         
[2025-08-01T14:45:46.816+0000] GC(229)  Capacity:     4096M (100%)       4096M (100%)       4096M (100%)       4096M (100%)       4096M (100%)       4096M (100%)   
[2025-08-01T14:45:46.816+0000] GC(229)      Free:     1154M (28%)         584M (14%)        3044M (74%)        3062M (75%)        3062M (75%)         584M (14%)    
[2025-08-01T14:45:46.816+0000] GC(229)      Used:     2942M (72%)        3512M (86%)        1052M (26%)        1034M (25%)        3512M (86%)        1034M (25%)    
[2025-08-01T14:45:46.816+0000] GC(229)      Live:         -               424M (10%)         424M (10%)         424M (10%)            -                  -          
[2025-08-01T14:45:46.816+0000] GC(229) Allocated:         -               570M (14%)         570M (14%)         570M (14%)            -                  -          
[2025-08-01T14:45:46.816+0000] GC(229)   Garbage:         -              2517M (61%)          57M (1%)           39M (1%)             -                  -          
[2025-08-01T14:45:46.816+0000] GC(229) Reclaimed:         -                  -              2460M (60%)        2478M (60%)            -                  -          
[2025-08-01T14:45:46.816+0000] GC(229) Garbage Collection (Allocation Rate) 2942M(72%)->1034M(25%)
[2025-08-01T14:45:47.193+0000] GC(230) Heap before GC invocations=230 (full 230):
[2025-08-01T14:45:47.193+0000] GC(230)  ZHeap           used 2838M, capacity 4096M, max capacity 4096M
[2025-08-01T14:45:47.193+0000] GC(230)  Metaspace       used 10643K, committed 10880K, reserved 1114112K
[2025-08-01T14:45:47.193+0000] GC(230)   class space    used 1265K, committed 1344K, reserved 1048576K
[2025-08-01T14:45:47.193+0000] GC(230) Garbage Collection (Allocation Rate)
[2025-08-01T14:45:47.193+0000] GC(230) Using 2 workers
[2025-08-01T14:45:47.193+0000] GC(230) Pause Mark Start 0.007ms
[2025-08-01T14:45:47.333+0000] GC(230) Concurrent Mark 139.073ms
[2025-08-01T14:45:47.333+0000] GC(230) Pause Mark End 0.020ms
[2025-08-01T14:45:47.333+0000] GC(230) Concurrent Mark Free 0.001ms
[2025-08-01T14:45:47.337+0000] GC(230) Concurrent Process Non-Strong References 3.736ms
[2025-08-01T14:45:47.337+0000] GC(230) Concurrent Reset Relocation Set 0.004ms
[2025-08-01T14:45:47.342+0000] GC(230) Concurrent Select Relocation Set 5.289ms
[2025-08-01T14:45:47.343+0000] GC(230) Pause Relocate Start 0.106ms
[2025-08-01T14:45:47.347+0000] GC(230) Concurrent Relocate 4.326ms
[2025-08-01T14:45:47.348+0000] GC(230) Heap after GC invocations=231 (full 231):
[2025-08-01T14:45:47.348+0000] GC(230)  ZHeap           used 1250M, capacity 4096M, max capacity 4096M
[2025-08-01T14:45:47.348+0000] GC(230)  Metaspace       used 10643K, committed 10880K, reserved 1114112K
[2025-08-01T14:45:47.348+0000] GC(230)   class space    used 1265K, committed 1344K, reserved 1048576K
[2025-08-01T14:45:47.348+0000] GC(230) Load: 1.69/0.75/0.33
[2025-08-01T14:45:47.348+0000] GC(230) MMU: 2ms/90.0%, 5ms/96.0%, 10ms/97.9%, 20ms/98.9%, 50ms/99.6%, 100ms/99.8%
[2025-08-01T14:45:47.348+0000] GC(230) Mark: 2 stripe(s), 2 proactive flush(es), 1 terminate flush(es), 0 completion(s), 0 continuation(s) 
[2025-08-01T14:45:47.348+0000] GC(230) Mark Stack Usage: 32M
[2025-08-01T14:45:47.348+0000] GC(230) NMethods: 1415 registered, 180 unregistered
[2025-08-01T14:45:47.348+0000] GC(230) Metaspace: 10M used, 10M committed, 1088M reserved
[2025-08-01T14:45:47.348+0000] GC(230) Soft: 228 encountered, 0 discovered, 0 enqueued
[2025-08-01T14:45:47.348+0000] GC(230) Weak: 934 encountered, 703 discovered, 0 enqueued
[2025-08-01T14:45:47.348+0000] GC(230) Final: 0 encountered, 0 discovered, 0 enqueued
[2025-08-01T14:45:47.348+0000] GC(230) Phantom: 3 encountered, 1 discovered, 0 enqueued
[2025-08-01T14:45:47.348+0000] GC(230) Small Pages: 1404 / 2808M, Empty: 2210M, Relocated: 3M, In-Place: 0
[2025-08-01T14:45:47.348+0000] GC(230) Medium Pages: 1 / 32M, Empty: 0M, Relocated: 0M, In-Place: 0
[2025-08-01T14:45:47.348+0000] GC(230) Large Pages: 0 / 0M, Empty: 0M, Relocated: 0M, In-Place: 0
[2025-08-01T14:45:47.348+0000] GC(230) Forwarding Usage: 0M
[2025-08-01T14:45:47.348+0000] GC(230) Min Capacity: 4096M(100%)
[2025-08-01T14:45:47.348+0000] GC(230) Max Capacity: 4096M(100%)
[2025-08-01T14:45:47.348+0000] GC(230) Soft Max Capacity: 4096M(100%)
[2025-08-01T14:45:47.348+0000] GC(230)                Mark Start          Mark End        Relocate Start      Relocate End           High               Low         
[2025-08-01T14:45:47.348+0000] GC(230)  Capacity:     4096M (100%)       4096M (100%)       4096M (100%)       4096M (100%)       4096M (100%)       4096M (100%)   
[2025-08-01T14:45:47.348+0000] GC(230)      Free:     1256M (31%)         730M (18%)        2874M (70%)        2846M (69%)        2882M (70%)         706M (17%)    
[2025-08-01T14:45:47.348+0000] GC(230)      Used:     2840M (69%)        3366M (82%)        1222M (30%)        1250M (31%)        3390M (83%)        1214M (30%)    
[2025-08-01T14:45:47.348+0000] GC(230)      Live:         -               584M (14%)         584M (14%)         584M (14%)            -                  -          
[2025-08-01T14:45:47.348+0000] GC(230) Allocated:         -               526M (13%)         592M (14%)         626M (15%)            -                  -          
[2025-08-01T14:45:47.348+0000] GC(230)   Garbage:         -              2255M (55%)          45M (1%)           39M (1%)             -                  -          
[2025-08-01T14:45:47.348+0000] GC(230) Reclaimed:         -                  -              2210M (54%)        2216M (54%)            -                  -          
[2025-08-01T14:45:47.348+0000] GC(230) Garbage Collection (Allocation Rate) 2840M(69%)->1250M(31%)
[2025-08-01T14:45:47.695+0000] GC(231) Heap before GC invocations=231 (full 231):
[2025-08-01T14:45:47.695+0000] GC(231)  ZHeap           used 2782M, capacity 4096M, max capacity 4096M
[2025-08-01T14:45:47.695+0000] GC(231)  Metaspace       used 10643K, committed 10880K, reserved 1114112K
[2025-08-01T14:45:47.695+0000] GC(231)   class space    used 1265K, committed 1344K, reserved 1048576K
[2025-08-01T14:45:47.696+0000] GC(231) Garbage Collection (Allocation Rate)
[2025-08-01T14:45:47.696+0000] GC(231) Using 2 workers
[2025-08-01T14:45:47.697+0000] GC(231) Pause Mark Start 0.022ms
[2025-08-01T14:45:47.850+0000] GC(231) Concurrent Mark 152.477ms
[2025-08-01T14:45:47.850+0000] GC(231) Pause Mark End 0.017ms
[2025-08-01T14:45:47.850+0000] GC(231) Concurrent Mark Free 0.003ms
[2025-08-01T14:45:47.853+0000] GC(231) Concurrent Process Non-Strong References 2.296ms
[2025-08-01T14:45:47.853+0000] GC(231) Concurrent Reset Relocation Set 0.001ms
[2025-08-01T14:45:47.857+0000] GC(231) Concurrent Select Relocation Set 3.753ms
[2025-08-01T14:45:47.857+0000] GC(231) Pause Relocate Start 0.010ms
[2025-08-01T14:45:47.858+0000] GC(231) Concurrent Relocate 1.312ms
[2025-08-01T14:45:47.858+0000] GC(231) Heap after GC invocations=232 (full 232):
[2025-08-01T14:45:47.858+0000] GC(231)  ZHeap           used 1254M, capacity 4096M, max capacity 4096M
[2025-08-01T14:45:47.858+0000] GC(231)  Metaspace       used 10643K, committed 10880K, reserved 1114112K
[2025-08-01T14:45:47.858+0000] GC(231)   class space    used 1265K, committed 1344K, reserved 1048576K
[2025-08-01T14:45:47.858+0000] GC(231) Load: 1.69/0.75/0.33
[2025-08-01T14:45:47.858+0000] GC(231) MMU: 2ms/90.0%, 5ms/96.0%, 10ms/97.9%, 20ms/98.9%, 50ms/99.6%, 100ms/99.8%
[2025-08-01T14:45:47.858+0000] GC(231) Mark: 2 stripe(s), 2 proactive flush(es), 1 terminate flush(es), 0 completion(s), 0 continuation(s) 
[2025-08-01T14:45:47.858+0000] GC(231) Mark Stack Usage: 32M
[2025-08-01T14:45:47.859+0000] GC(231) NMethods: 1415 registered, 180 unregistered
[2025-08-01T14:45:47.859+0000] GC(231) Metaspace: 10M used, 10M committed, 1088M reserved
[2025-08-01T14:45:47.859+0000] GC(231) Soft: 228 encountered, 0 discovered, 0 enqueued
[2025-08-01T14:45:47.859+0000] GC(231) Weak: 934 encountered, 684 discovered, 0 enqueued
[2025-08-01T14:45:47.859+0000] GC(231) Final: 0 encountered, 0 discovered, 0 enqueued
[2025-08-01T14:45:47.859+0000] GC(231) Phantom: 3 encountered, 1 discovered, 0 enqueued
[2025-08-01T14:45:47.859+0000] GC(231) Small Pages: 1379 / 2758M, Empty: 2094M, Relocated: 5M, In-Place: 0
[2025-08-01T14:45:47.859+0000] GC(231) Medium Pages: 1 / 32M, Empty: 0M, Relocated: 0M, In-Place: 0
[2025-08-01T14:45:47.859+0000] GC(231) Large Pages: 0 / 0M, Empty: 0M, Relocated: 0M, In-Place: 0
[2025-08-01T14:45:47.859+0000] GC(231) Forwarding Usage: 0M
[2025-08-01T14:45:47.859+0000] GC(231) Min Capacity: 4096M(100%)
[2025-08-01T14:45:47.859+0000] GC(231) Max Capacity: 4096M(100%)
[2025-08-01T14:45:47.859+0000] GC(231) Soft Max Capacity: 4096M(100%)
[2025-08-01T14:45:47.859+0000] GC(231)                Mark Start          Mark End        Relocate Start      Relocate End           High               Low         
[2025-08-01T14:45:47.859+0000] GC(231)  Capacity:     4096M (100%)       4096M (100%)       4096M (100%)       4096M (100%)       4096M (100%)       4096M (100%)   
[2025-08-01T14:45:47.859+0000] GC(231)      Free:     1306M (32%)         760M (19%)        2838M (69%)        2842M (69%)        2844M (69%)         760M (19%)    
[2025-08-01T14:45:47.859+0000] GC(231)      Used:     2790M (68%)        3336M (81%)        1258M (31%)        1254M (31%)        3336M (81%)        1252M (31%)    
[2025-08-01T14:45:47.859+0000] GC(231)      Live:         -               645M (16%)         645M (16%)         645M (16%)            -                  -          
[2025-08-01T14:45:47.859+0000] GC(231) Allocated:         -               546M (13%)         562M (14%)         568M (14%)            -                  -          
[2025-08-01T14:45:47.859+0000] GC(231)   Garbage:         -              2144M (52%)          50M (1%)           40M (1%)             -                  -          
[2025-08-01T14:45:47.859+0000] GC(231) Reclaimed:         -                  -              2094M (51%)        2104M (51%)            -                  -          
[2025-08-01T14:45:47.859+0000] GC(231) Garbage Collection (Allocation Rate) 2790M(68%)->1254M(31%)
[2025-08-01T14:45:48.194+0000] GC(232) Heap before GC invocations=232 (full 232):
[2025-08-01T14:45:48.194+0000] GC(232)  ZHeap           used 2700M, capacity 4096M, max capacity 4096M
[2025-08-01T14:45:48.194+0000] GC(232)  Metaspace       used 10643K, committed 10880K, reserved 1114112K
[2025-08-01T14:45:48.194+0000] GC(232)   class space    used 1265K, committed 1344K, reserved 1048576K
[2025-08-01T14:45:48.194+0000] GC(232) Garbage Collection (Allocation Rate)
[2025-08-01T14:45:48.194+0000] GC(232) Using 2 workers
[2025-08-01T14:45:48.195+0000] GC(232) Pause Mark Start 0.012ms
[2025-08-01T14:45:48.392+0000] GC(232) Concurrent Mark 196.936ms
[2025-08-01T14:45:48.392+0000] GC(232) Pause Mark End 0.018ms
[2025-08-01T14:45:48.392+0000] GC(232) Concurrent Mark Free 0.001ms
[2025-08-01T14:45:48.394+0000] GC(232) Concurrent Process Non-Strong References 2.173ms
[2025-08-01T14:45:48.394+0000] GC(232) Concurrent Reset Relocation Set 0.002ms
[2025-08-01T14:45:48.398+0000] GC(232) Concurrent Select Relocation Set 3.522ms
[2025-08-01T14:45:48.398+0000] GC(232) Pause Relocate Start 0.014ms
[2025-08-01T14:45:48.401+0000] GC(232) Concurrent Relocate 2.633ms
[2025-08-01T14:45:48.401+0000] GC(232) Heap after GC invocations=233 (full 233):
[2025-08-01T14:45:48.401+0000] GC(232)  ZHeap           used 1412M, capacity 4096M, max capacity 4096M
[2025-08-01T14:45:48.401+0000] GC(232)  Metaspace       used 10643K, committed 10880K, reserved 1114112K
[2025-08-01T14:45:48.401+0000] GC(232)   class space    used 1265K, committed 1344K, reserved 1048576K
[2025-08-01T14:45:48.401+0000] GC(232) Load: 1.69/0.75/0.33
[2025-08-01T14:45:48.401+0000] GC(232) MMU: 2ms/90.0%, 5ms/96.0%, 10ms/97.9%, 20ms/98.9%, 50ms/99.6%, 100ms/99.8%
[2025-08-01T14:45:48.401+0000] GC(232) Mark: 2 stripe(s), 2 proactive flush(es), 1 terminate flush(es), 0 completion(s), 0 continuation(s) 
[2025-08-01T14:45:48.401+0000] GC(232) Mark Stack Usage: 32M
[2025-08-01T14:45:48.401+0000] GC(232) NMethods: 1415 registered, 180 unregistered
[2025-08-01T14:45:48.401+0000] GC(232) Metaspace: 10M used, 10M committed, 1088M reserved
[2025-08-01T14:45:48.401+0000] GC(232) Soft: 228 encountered, 0 discovered, 0 enqueued
[2025-08-01T14:45:48.401+0000] GC(232) Weak: 934 encountered, 672 discovered, 0 enqueued
[2025-08-01T14:45:48.401+0000] GC(232) Final: 0 encountered, 0 discovered, 0 enqueued
[2025-08-01T14:45:48.401+0000] GC(232) Phantom: 3 encountered, 1 discovered, 0 enqueued
[2025-08-01T14:45:48.401+0000] GC(232) Small Pages: 1334 / 2668M, Empty: 2038M, Relocated: 6M, In-Place: 0
[2025-08-01T14:45:48.401+0000] GC(232) Medium Pages: 1 / 32M, Empty: 0M, Relocated: 0M, In-Place: 0
[2025-08-01T14:45:48.401+0000] GC(232) Large Pages: 0 / 0M, Empty: 0M, Relocated: 0M, In-Place: 0
[2025-08-01T14:45:48.401+0000] GC(232) Forwarding Usage: 0M
[2025-08-01T14:45:48.401+0000] GC(232) Min Capacity: 4096M(100%)
[2025-08-01T14:45:48.401+0000] GC(232) Max Capacity: 4096M(100%)
[2025-08-01T14:45:48.401+0000] GC(232) Soft Max Capacity: 4096M(100%)
[2025-08-01T14:45:48.401+0000] GC(232)                Mark Start          Mark End        Relocate Start      Relocate End           High               Low         
[2025-08-01T14:45:48.401+0000] GC(232)  Capacity:     4096M (100%)       4096M (100%)       4096M (100%)       4096M (100%)       4096M (100%)       4096M (100%)   
[2025-08-01T14:45:48.401+0000] GC(232)      Free:     1396M (34%)         658M (16%)        2684M (66%)        2684M (66%)        2690M (66%)         658M (16%)    
[2025-08-01T14:45:48.401+0000] GC(232)      Used:     2700M (66%)        3438M (84%)        1412M (34%)        1412M (34%)        3438M (84%)        1406M (34%)    
[2025-08-01T14:45:48.401+0000] GC(232)      Live:         -               612M (15%)         612M (15%)         612M (15%)            -                  -          
[2025-08-01T14:45:48.401+0000] GC(232) Allocated:         -               738M (18%)         750M (18%)         760M (19%)            -                  -          
[2025-08-01T14:45:48.401+0000] GC(232)   Garbage:         -              2087M (51%)          49M (1%)           39M (1%)             -                  -          
[2025-08-01T14:45:48.401+0000] GC(232) Reclaimed:         -                  -              2038M (50%)        2048M (50%)            -                  -          
[2025-08-01T14:45:48.401+0000] GC(232) Garbage Collection (Allocation Rate) 2700M(66%)->1412M(34%)
[2025-08-01T14:45:48.593+0000] GC(233) Heap before GC invocations=233 (full 233):
[2025-08-01T14:45:48.593+0000] GC(233)  ZHeap           used 2418M, capacity 4096M, max capacity 4096M
[2025-08-01T14:45:48.593+0000] GC(233)  Metaspace       used 10643K, committed 10880K, reserved 1114112K
[2025-08-01T14:45:48.593+0000] GC(233)   class space    used 1265K, committed 1344K, reserved 1048576K
[2025-08-01T14:45:48.593+0000] GC(233) Garbage Collection (Allocation Rate)
[2025-08-01T14:45:48.593+0000] GC(233) Using 2 workers
[2025-08-01T14:45:48.593+0000] GC(233) Pause Mark Start 0.010ms
[2025-08-01T14:45:48.780+0000] GC(233) Concurrent Mark 186.053ms
[2025-08-01T14:45:48.780+0000] GC(233) Pause Mark End 0.018ms
[2025-08-01T14:45:48.780+0000] GC(233) Concurrent Mark Free 0.001ms
[2025-08-01T14:45:48.784+0000] GC(233) Concurrent Process Non-Strong References 4.206ms
[2025-08-01T14:45:48.784+0000] GC(233) Concurrent Reset Relocation Set 0.003ms
[2025-08-01T14:45:48.788+0000] GC(233) Concurrent Select Relocation Set 3.292ms
[2025-08-01T14:45:48.788+0000] GC(233) Pause Relocate Start 0.012ms
[2025-08-01T14:45:48.789+0000] GC(233) Concurrent Relocate 0.917ms
[2025-08-01T14:45:48.789+0000] GC(233) Heap after GC invocations=234 (full 234):
[2025-08-01T14:45:48.789+0000] GC(233)  ZHeap           used 1676M, capacity 4096M, max capacity 4096M
[2025-08-01T14:45:48.789+0000] GC(233)  Metaspace       used 10643K, committed 10880K, reserved 1114112K
[2025-08-01T14:45:48.789+0000] GC(233)   class space    used 1265K, committed 1344K, reserved 1048576K
[2025-08-01T14:45:48.789+0000] GC(233) Load: 1.69/0.75/0.33
[2025-08-01T14:45:48.789+0000] GC(233) MMU: 2ms/90.0%, 5ms/96.0%, 10ms/97.9%, 20ms/98.9%, 50ms/99.6%, 100ms/99.8%
[2025-08-01T14:45:48.789+0000] GC(233) Mark: 2 stripe(s), 2 proactive flush(es), 1 terminate flush(es), 0 completion(s), 0 continuation(s) 
[2025-08-01T14:45:48.789+0000] GC(233) Mark Stack Usage: 32M
[2025-08-01T14:45:48.789+0000] GC(233) NMethods: 1415 registered, 180 unregistered
[2025-08-01T14:45:48.789+0000] GC(233) Metaspace: 10M used, 10M committed, 1088M reserved
[2025-08-01T14:45:48.789+0000] GC(233) Soft: 228 encountered, 0 discovered, 0 enqueued
[2025-08-01T14:45:48.789+0000] GC(233) Weak: 934 encountered, 713 discovered, 0 enqueued
[2025-08-01T14:45:48.789+0000] GC(233) Final: 0 encountered, 0 discovered, 0 enqueued
[2025-08-01T14:45:48.789+0000] GC(233) Phantom: 3 encountered, 2 discovered, 0 enqueued
[2025-08-01T14:45:48.789+0000] GC(233) Small Pages: 1195 / 2390M, Empty: 1630M, Relocated: 2M, In-Place: 0
[2025-08-01T14:45:48.789+0000] GC(233) Medium Pages: 1 / 32M, Empty: 0M, Relocated: 0M, In-Place: 0
[2025-08-01T14:45:48.789+0000] GC(233) Large Pages: 0 / 0M, Empty: 0M, Relocated: 0M, In-Place: 0
[2025-08-01T14:45:48.789+0000] GC(233) Forwarding Usage: 0M
[2025-08-01T14:45:48.789+0000] GC(233) Min Capacity: 4096M(100%)
[2025-08-01T14:45:48.789+0000] GC(233) Max Capacity: 4096M(100%)
[2025-08-01T14:45:48.789+0000] GC(233) Soft Max Capacity: 4096M(100%)
[2025-08-01T14:45:48.789+0000] GC(233)                Mark Start          Mark End        Relocate Start      Relocate End           High               Low         
[2025-08-01T14:45:48.789+0000] GC(233)  Capacity:     4096M (100%)       4096M (100%)       4096M (100%)       4096M (100%)       4096M (100%)       4096M (100%)   
[2025-08-01T14:45:48.789+0000] GC(233)      Free:     1674M (41%)         838M (20%)        2408M (59%)        2420M (59%)        2420M (59%)         796M (19%)    
[2025-08-01T14:45:48.789+0000] GC(233)      Used:     2422M (59%)        3258M (80%)        1688M (41%)        1676M (41%)        3300M (81%)        1676M (41%)    
[2025-08-01T14:45:48.789+0000] GC(233)      Live:         -               737M (18%)         737M (18%)         737M (18%)            -                  -          
[2025-08-01T14:45:48.789+0000] GC(233) Allocated:         -               836M (20%)         896M (22%)         900M (22%)            -                  -          
[2025-08-01T14:45:48.789+0000] GC(233)   Garbage:         -              1684M (41%)          54M (1%)           38M (1%)             -                  -          
[2025-08-01T14:45:48.789+0000] GC(233) Reclaimed:         -                  -              1630M (40%)        1646M (40%)            -                  -          
[2025-08-01T14:45:48.789+0000] GC(233) Garbage Collection (Allocation Rate) 2422M(59%)->1676M(41%)
[2025-08-01T14:45:49.095+0000] GC(234) Heap before GC invocations=234 (full 234):
[2025-08-01T14:45:49.095+0000] GC(234)  ZHeap           used 3050M, capacity 4096M, max capacity 4096M
[2025-08-01T14:45:49.095+0000] GC(234)  Metaspace       used 10643K, committed 10880K, reserved 1114112K
[2025-08-01T14:45:49.095+0000] GC(234)   class space    used 1265K, committed 1344K, reserved 1048576K
[2025-08-01T14:45:49.095+0000] GC(234) Garbage Collection (Allocation Rate)
[2025-08-01T14:45:49.095+0000] GC(234) Using 2 workers
[2025-08-01T14:45:49.096+0000] GC(234) Pause Mark Start 0.013ms
[2025-08-01T14:45:49.198+0000] GC(234) Concurrent Mark 101.356ms
[2025-08-01T14:45:49.198+0000] GC(234) Pause Mark End 0.020ms
[2025-08-01T14:45:49.198+0000] GC(234) Concurrent Mark Free 0.003ms
[2025-08-01T14:45:49.202+0000] GC(234) Concurrent Process Non-Strong References 3.552ms
[2025-08-01T14:45:49.202+0000] GC(234) Concurrent Reset Relocation Set 0.003ms
[2025-08-01T14:45:49.206+0000] GC(234) Concurrent Select Relocation Set 4.189ms
[2025-08-01T14:45:49.206+0000] GC(234) Pause Relocate Start 0.011ms
[2025-08-01T14:45:49.208+0000] GC(234) Concurrent Relocate 1.726ms
[2025-08-01T14:45:49.208+0000] GC(234) Heap after GC invocations=235 (full 235):
[2025-08-01T14:45:49.208+0000] GC(234)  ZHeap           used 990M, capacity 4096M, max capacity 4096M
[2025-08-01T14:45:49.208+0000] GC(234)  Metaspace       used 10643K, committed 10880K, reserved 1114112K
[2025-08-01T14:45:49.208+0000] GC(234)   class space    used 1265K, committed 1344K, reserved 1048576K
[2025-08-01T14:45:49.208+0000] GC(234) Load: 1.69/0.75/0.33
[2025-08-01T14:45:49.209+0000] GC(234) MMU: 2ms/90.0%, 5ms/96.0%, 10ms/97.9%, 20ms/98.9%, 50ms/99.6%, 100ms/99.8%
[2025-08-01T14:45:49.209+0000] GC(234) Mark: 2 stripe(s), 2 proactive flush(es), 1 terminate flush(es), 0 completion(s), 0 continuation(s) 
[2025-08-01T14:45:49.209+0000] GC(234) Mark Stack Usage: 32M
[2025-08-01T14:45:49.209+0000] GC(234) NMethods: 1415 registered, 180 unregistered
[2025-08-01T14:45:49.209+0000] GC(234) Metaspace: 10M used, 10M committed, 1088M reserved
[2025-08-01T14:45:49.209+0000] GC(234) Soft: 228 encountered, 0 discovered, 0 enqueued
[2025-08-01T14:45:49.209+0000] GC(234) Weak: 934 encountered, 664 discovered, 0 enqueued
[2025-08-01T14:45:49.209+0000] GC(234) Final: 0 encountered, 0 discovered, 0 enqueued
[2025-08-01T14:45:49.209+0000] GC(234) Phantom: 3 encountered, 1 discovered, 0 enqueued
[2025-08-01T14:45:49.209+0000] GC(234) Small Pages: 1509 / 3018M, Empty: 2580M, Relocated: 4M, In-Place: 0
[2025-08-01T14:45:49.209+0000] GC(234) Medium Pages: 1 / 32M, Empty: 0M, Relocated: 0M, In-Place: 0
[2025-08-01T14:45:49.209+0000] GC(234) Large Pages: 0 / 0M, Empty: 0M, Relocated: 0M, In-Place: 0
[2025-08-01T14:45:49.209+0000] GC(234) Forwarding Usage: 0M
[2025-08-01T14:45:49.209+0000] GC(234) Min Capacity: 4096M(100%)
[2025-08-01T14:45:49.209+0000] GC(234) Max Capacity: 4096M(100%)
[2025-08-01T14:45:49.209+0000] GC(234) Soft Max Capacity: 4096M(100%)
[2025-08-01T14:45:49.209+0000] GC(234)                Mark Start          Mark End        Relocate Start      Relocate End           High               Low         
[2025-08-01T14:45:49.209+0000] GC(234)  Capacity:     4096M (100%)       4096M (100%)       4096M (100%)       4096M (100%)       4096M (100%)       4096M (100%)   
[2025-08-01T14:45:49.209+0000] GC(234)      Free:     1046M (26%)         562M (14%)        3102M (76%)        3106M (76%)        3108M (76%)         546M (13%)    
[2025-08-01T14:45:49.209+0000] GC(234)      Used:     3050M (74%)        3534M (86%)         994M (24%)         990M (24%)        3550M (87%)         988M (24%)    
[2025-08-01T14:45:49.209+0000] GC(234)      Live:         -               419M (10%)         419M (10%)         419M (10%)            -                  -          
[2025-08-01T14:45:49.209+0000] GC(234) Allocated:         -               484M (12%)         524M (13%)         532M (13%)            -                  -          
[2025-08-01T14:45:49.209+0000] GC(234)   Garbage:         -              2630M (64%)          50M (1%)           38M (1%)             -                  -          
[2025-08-01T14:45:49.209+0000] GC(234) Reclaimed:         -                  -              2580M (63%)        2592M (63%)            -                  -          
[2025-08-01T14:45:49.209+0000] GC(234) Garbage Collection (Allocation Rate) 3050M(74%)->990M(24%)
[2025-08-01T14:45:49.494+0000] GC(235) Heap before GC invocations=235 (full 235):
[2025-08-01T14:45:49.494+0000] GC(235)  ZHeap           used 2266M, capacity 4096M, max capacity 4096M
[2025-08-01T14:45:49.494+0000] GC(235)  Metaspace       used 10643K, committed 10880K, reserved 1114112K
[2025-08-01T14:45:49.494+0000] GC(235)   class space    used 1265K, committed 1344K, reserved 1048576K
[2025-08-01T14:45:49.494+0000] GC(235) Garbage Collection (Allocation Rate)
[2025-08-01T14:45:49.494+0000] GC(235) Using 2 workers
[2025-08-01T14:45:49.496+0000] GC(235) Pause Mark Start 0.014ms
[2025-08-01T14:45:49.628+0000] GC(235) Concurrent Mark 132.102ms
[2025-08-01T14:45:49.628+0000] GC(235) Pause Mark End 0.020ms
[2025-08-01T14:45:49.629+0000] GC(235) Concurrent Mark Free 0.003ms
[2025-08-01T14:45:49.633+0000] GC(235) Concurrent Process Non-Strong References 4.390ms
[2025-08-01T14:45:49.633+0000] GC(235) Concurrent Reset Relocation Set 0.004ms
[2025-08-01T14:45:49.636+0000] GC(235) Concurrent Select Relocation Set 2.644ms
[2025-08-01T14:45:49.636+0000] GC(235) Pause Relocate Start 0.010ms
[2025-08-01T14:45:49.638+0000] GC(235) Concurrent Relocate 1.705ms
[2025-08-01T14:45:49.638+0000] GC(235) Heap after GC invocations=236 (full 236):
[2025-08-01T14:45:49.638+0000] GC(235)  ZHeap           used 1104M, capacity 4096M, max capacity 4096M
[2025-08-01T14:45:49.638+0000] GC(235)  Metaspace       used 10643K, committed 10880K, reserved 1114112K
[2025-08-01T14:45:49.638+0000] GC(235)   class space    used 1265K, committed 1344K, reserved 1048576K
[2025-08-01T14:45:49.638+0000] GC(235) Load: 1.69/0.75/0.33
[2025-08-01T14:45:49.638+0000] GC(235) MMU: 2ms/90.0%, 5ms/96.0%, 10ms/97.9%, 20ms/98.9%, 50ms/99.6%, 100ms/99.8%
[2025-08-01T14:45:49.638+0000] GC(235) Mark: 2 stripe(s), 2 proactive flush(es), 1 terminate flush(es), 0 completion(s), 0 continuation(s) 
[2025-08-01T14:45:49.638+0000] GC(235) Mark Stack Usage: 32M
[2025-08-01T14:45:49.638+0000] GC(235) NMethods: 1415 registered, 180 unregistered
[2025-08-01T14:45:49.638+0000] GC(235) Metaspace: 10M used, 10M committed, 1088M reserved
[2025-08-01T14:45:49.638+0000] GC(235) Soft: 228 encountered, 0 discovered, 0 enqueued
[2025-08-01T14:45:49.638+0000] GC(235) Weak: 934 encountered, 707 discovered, 0 enqueued
[2025-08-01T14:45:49.638+0000] GC(235) Final: 0 encountered, 0 discovered, 0 enqueued
[2025-08-01T14:45:49.638+0000] GC(235) Phantom: 3 encountered, 1 discovered, 0 enqueued
[2025-08-01T14:45:49.638+0000] GC(235) Small Pages: 1121 / 2242M, Empty: 1846M, Relocated: 5M, In-Place: 0
[2025-08-01T14:45:49.638+0000] GC(235) Medium Pages: 1 / 32M, Empty: 0M, Relocated: 0M, In-Place: 0
[2025-08-01T14:45:49.638+0000] GC(235) Large Pages: 0 / 0M, Empty: 0M, Relocated: 0M, In-Place: 0
[2025-08-01T14:45:49.638+0000] GC(235) Forwarding Usage: 0M
[2025-08-01T14:45:49.638+0000] GC(235) Min Capacity: 4096M(100%)
[2025-08-01T14:45:49.638+0000] GC(235) Max Capacity: 4096M(100%)
[2025-08-01T14:45:49.638+0000] GC(235) Soft Max Capacity: 4096M(100%)
[2025-08-01T14:45:49.638+0000] GC(235)                Mark Start          Mark End        Relocate Start      Relocate End           High               Low         
[2025-08-01T14:45:49.638+0000] GC(235)  Capacity:     4096M (100%)       4096M (100%)       4096M (100%)       4096M (100%)       4096M (100%)       4096M (100%)   
[2025-08-01T14:45:49.638+0000] GC(235)      Free:     1822M (44%)        1178M (29%)        2984M (73%)        2992M (73%)        2992M (73%)        1152M (28%)    
[2025-08-01T14:45:49.638+0000] GC(235)      Used:     2274M (56%)        2918M (71%)        1112M (27%)        1104M (27%)        2944M (72%)        1104M (27%)    
[2025-08-01T14:45:49.638+0000] GC(235)      Live:         -               379M (9%)          379M (9%)          379M (9%)             -                  -          
[2025-08-01T14:45:49.638+0000] GC(235) Allocated:         -               644M (16%)         684M (17%)         688M (17%)            -                  -          
[2025-08-01T14:45:49.638+0000] GC(235)   Garbage:         -              1894M (46%)          48M (1%)           36M (1%)             -                  -          
[2025-08-01T14:45:49.638+0000] GC(235) Reclaimed:         -                  -              1846M (45%)        1858M (45%)            -                  -          
[2025-08-01T14:45:49.638+0000] GC(235) Garbage Collection (Allocation Rate) 2274M(56%)->1104M(27%)
[2025-08-01T14:45:49.993+0000] GC(236) Heap before GC invocations=236 (full 236):
[2025-08-01T14:45:49.993+0000] GC(236)  ZHeap           used 2740M, capacity 4096M, max capacity 4096M
[2025-08-01T14:45:49.993+0000] GC(236)  Metaspace       used 10643K, committed 10880K, reserved 1114112K
[2025-08-01T14:45:49.993+0000] GC(236)   class space    used 1265K, committed 1344K, reserved 1048576K
[2025-08-01T14:45:49.993+0000] GC(236) Garbage Collection (Allocation Rate)
[2025-08-01T14:45:49.993+0000] GC(236) Using 2 workers
[2025-08-01T14:45:49.993+0000] GC(236) Pause Mark Start 0.015ms
[2025-08-01T14:45:50.100+0000] GC(236) Concurrent Mark 106.539ms
[2025-08-01T14:45:50.100+0000] GC(236) Pause Mark End 0.021ms
[2025-08-01T14:45:50.100+0000] GC(236) Concurrent Mark Free 0.002ms
[2025-08-01T14:45:50.104+0000] GC(236) Concurrent Process Non-Strong References 3.209ms
[2025-08-01T14:45:50.104+0000] GC(236) Concurrent Reset Relocation Set 0.002ms
[2025-08-01T14:45:50.108+0000] GC(236) Concurrent Select Relocation Set 4.108ms
[2025-08-01T14:45:50.108+0000] GC(236) Pause Relocate Start 0.018ms
[2025-08-01T14:45:50.111+0000] GC(236) Concurrent Relocate 2.696ms
[2025-08-01T14:45:50.111+0000] GC(236) Heap after GC invocations=237 (full 237):
[2025-08-01T14:45:50.111+0000] GC(236)  ZHeap           used 1098M, capacity 4096M, max capacity 4096M
[2025-08-01T14:45:50.111+0000] GC(236)  Metaspace       used 10643K, committed 10880K, reserved 1114112K
[2025-08-01T14:45:50.111+0000] GC(236)   class space    used 1265K, committed 1344K, reserved 1048576K
[2025-08-01T14:45:50.111+0000] GC(236) Load: 1.69/0.75/0.33
[2025-08-01T14:45:50.111+0000] GC(236) MMU: 2ms/90.0%, 5ms/96.0%, 10ms/97.9%, 20ms/98.9%, 50ms/99.6%, 100ms/99.8%
[2025-08-01T14:45:50.111+0000] GC(236) Mark: 2 stripe(s), 3 proactive flush(es), 1 terminate flush(es), 0 completion(s), 0 continuation(s) 
[2025-08-01T14:45:50.111+0000] GC(236) Mark Stack Usage: 32M
[2025-08-01T14:45:50.111+0000] GC(236) NMethods: 1415 registered, 180 unregistered
[2025-08-01T14:45:50.111+0000] GC(236) Metaspace: 10M used, 10M committed, 1088M reserved
[2025-08-01T14:45:50.111+0000] GC(236) Soft: 228 encountered, 0 discovered, 0 enqueued
[2025-08-01T14:45:50.111+0000] GC(236) Weak: 934 encountered, 689 discovered, 0 enqueued
[2025-08-01T14:45:50.111+0000] GC(236) Final: 0 encountered, 0 discovered, 0 enqueued
[2025-08-01T14:45:50.111+0000] GC(236) Phantom: 3 encountered, 2 discovered, 0 enqueued
[2025-08-01T14:45:50.111+0000] GC(236) Small Pages: 1354 / 2708M, Empty: 2264M, Relocated: 6M, In-Place: 0
[2025-08-01T14:45:50.111+0000] GC(236) Medium Pages: 1 / 32M, Empty: 0M, Relocated: 0M, In-Place: 0
[2025-08-01T14:45:50.111+0000] GC(236) Large Pages: 0 / 0M, Empty: 0M, Relocated: 0M, In-Place: 0
[2025-08-01T14:45:50.111+0000] GC(236) Forwarding Usage: 0M
[2025-08-01T14:45:50.111+0000] GC(236) Min Capacity: 4096M(100%)
[2025-08-01T14:45:50.111+0000] GC(236) Max Capacity: 4096M(100%)
[2025-08-01T14:45:50.111+0000] GC(236) Soft Max Capacity: 4096M(100%)
[2025-08-01T14:45:50.111+0000] GC(236)                Mark Start          Mark End        Relocate Start      Relocate End           High               Low         
[2025-08-01T14:45:50.111+0000] GC(236)  Capacity:     4096M (100%)       4096M (100%)       4096M (100%)       4096M (100%)       4096M (100%)       4096M (100%)   
[2025-08-01T14:45:50.111+0000] GC(236)      Free:     1356M (33%)         762M (19%)        2990M (73%)        2998M (73%)        3002M (73%)         750M (18%)    
[2025-08-01T14:45:50.111+0000] GC(236)      Used:     2740M (67%)        3334M (81%)        1106M (27%)        1098M (27%)        3346M (82%)        1094M (27%)    
[2025-08-01T14:45:50.111+0000] GC(236)      Live:         -               415M (10%)         415M (10%)         415M (10%)            -                  -          
[2025-08-01T14:45:50.111+0000] GC(236) Allocated:         -               594M (15%)         630M (15%)         642M (16%)            -                  -          
[2025-08-01T14:45:50.111+0000] GC(236)   Garbage:         -              2324M (57%)          60M (1%)           40M (1%)             -                  -          
[2025-08-01T14:45:50.111+0000] GC(236) Reclaimed:         -                  -              2264M (55%)        2284M (56%)            -                  -          
[2025-08-01T14:45:50.111+0000] GC(236) Garbage Collection (Allocation Rate) 2740M(67%)->1098M(27%)
[2025-08-01T14:45:50.493+0000] GC(237) Heap before GC invocations=237 (full 237):
[2025-08-01T14:45:50.493+0000] GC(237)  ZHeap           used 2904M, capacity 4096M, max capacity 4096M
[2025-08-01T14:45:50.493+0000] GC(237)  Metaspace       used 10643K, committed 10880K, reserved 1114112K
[2025-08-01T14:45:50.493+0000] GC(237)   class space    used 1265K, committed 1344K, reserved 1048576K
[2025-08-01T14:45:50.493+0000] GC(237) Garbage Collection (Allocation Rate)
[2025-08-01T14:45:50.493+0000] GC(237) Using 2 workers
[2025-08-01T14:45:50.494+0000] GC(237) Pause Mark Start 0.010ms
[2025-08-01T14:45:50.616+0000] GC(237) Concurrent Mark 122.103ms
[2025-08-01T14:45:50.616+0000] GC(237) Pause Mark End 0.019ms
[2025-08-01T14:45:50.616+0000] GC(237) Concurrent Mark Free 0.001ms
[2025-08-01T14:45:50.619+0000] GC(237) Concurrent Process Non-Strong References 3.076ms
[2025-08-01T14:45:50.619+0000] GC(237) Concurrent Reset Relocation Set 0.003ms
[2025-08-01T14:45:50.623+0000] GC(237) Concurrent Select Relocation Set 3.431ms
[2025-08-01T14:45:50.623+0000] GC(237) Pause Relocate Start 0.012ms
[2025-08-01T14:45:50.624+0000] GC(237) Concurrent Relocate 0.810ms
[2025-08-01T14:45:50.624+0000] GC(237) Heap after GC invocations=238 (full 238):
[2025-08-01T14:45:50.624+0000] GC(237)  ZHeap           used 1070M, capacity 4096M, max capacity 4096M
[2025-08-01T14:45:50.624+0000] GC(237)  Metaspace       used 10643K, committed 10880K, reserved 1114112K
[2025-08-01T14:45:50.624+0000] GC(237)   class space    used 1265K, committed 1344K, reserved 1048576K
[2025-08-01T14:45:50.624+0000] GC(237) Load: 1.69/0.75/0.33
[2025-08-01T14:45:50.624+0000] GC(237) MMU: 2ms/90.0%, 5ms/96.0%, 10ms/97.9%, 20ms/98.9%, 50ms/99.6%, 100ms/99.8%
[2025-08-01T14:45:50.624+0000] GC(237) Mark: 2 stripe(s), 2 proactive flush(es), 1 terminate flush(es), 0 completion(s), 0 continuation(s) 
[2025-08-01T14:45:50.624+0000] GC(237) Mark Stack Usage: 32M
[2025-08-01T14:45:50.624+0000] GC(237) NMethods: 1415 registered, 180 unregistered
[2025-08-01T14:45:50.624+0000] GC(237) Metaspace: 10M used, 10M committed, 1088M reserved
[2025-08-01T14:45:50.624+0000] GC(237) Soft: 228 encountered, 0 discovered, 0 enqueued
[2025-08-01T14:45:50.624+0000] GC(237) Weak: 934 encountered, 684 discovered, 0 enqueued
[2025-08-01T14:45:50.624+0000] GC(237) Final: 0 encountered, 0 discovered, 0 enqueued
[2025-08-01T14:45:50.624+0000] GC(237) Phantom: 3 encountered, 1 discovered, 0 enqueued
[2025-08-01T14:45:50.624+0000] GC(237) Small Pages: 1437 / 2874M, Empty: 2410M, Relocated: 1M, In-Place: 0
[2025-08-01T14:45:50.624+0000] GC(237) Medium Pages: 1 / 32M, Empty: 0M, Relocated: 0M, In-Place: 0
[2025-08-01T14:45:50.624+0000] GC(237) Large Pages: 0 / 0M, Empty: 0M, Relocated: 0M, In-Place: 0
[2025-08-01T14:45:50.624+0000] GC(237) Forwarding Usage: 0M
[2025-08-01T14:45:50.624+0000] GC(237) Min Capacity: 4096M(100%)
[2025-08-01T14:45:50.624+0000] GC(237) Max Capacity: 4096M(100%)
[2025-08-01T14:45:50.624+0000] GC(237) Soft Max Capacity: 4096M(100%)
[2025-08-01T14:45:50.624+0000] GC(237)                Mark Start          Mark End        Relocate Start      Relocate End           High               Low         
[2025-08-01T14:45:50.624+0000] GC(237)  Capacity:     4096M (100%)       4096M (100%)       4096M (100%)       4096M (100%)       4096M (100%)       4096M (100%)   
[2025-08-01T14:45:50.624+0000] GC(237)      Free:     1190M (29%)         650M (16%)        3024M (74%)        3026M (74%)        3028M (74%)         634M (15%)    
[2025-08-01T14:45:50.624+0000] GC(237)      Used:     2906M (71%)        3446M (84%)        1072M (26%)        1070M (26%)        3462M (85%)        1068M (26%)    
[2025-08-01T14:45:50.624+0000] GC(237)      Live:         -               451M (11%)         451M (11%)         451M (11%)            -                  -          
[2025-08-01T14:45:50.624+0000] GC(237) Allocated:         -               540M (13%)         576M (14%)         580M (14%)            -                  -          
[2025-08-01T14:45:50.624+0000] GC(237)   Garbage:         -              2454M (60%)          44M (1%)           38M (1%)             -                  -          
[2025-08-01T14:45:50.624+0000] GC(237) Reclaimed:         -                  -              2410M (59%)        2416M (59%)            -                  -          
[2025-08-01T14:45:50.624+0000] GC(237) Garbage Collection (Allocation Rate) 2906M(71%)->1070M(26%)
[2025-08-01T14:45:50.993+0000] GC(238) Heap before GC invocations=238 (full 238):
[2025-08-01T14:45:50.993+0000] GC(238)  ZHeap           used 2940M, capacity 4096M, max capacity 4096M
[2025-08-01T14:45:50.993+0000] GC(238)  Metaspace       used 10643K, committed 10880K, reserved 1114112K
[2025-08-01T14:45:50.993+0000] GC(238)   class space    used 1265K, committed 1344K, reserved 1048576K
[2025-08-01T14:45:50.993+0000] GC(238) Garbage Collection (Allocation Rate)
[2025-08-01T14:45:50.993+0000] GC(238) Using 2 workers
[2025-08-01T14:45:50.993+0000] GC(238) Pause Mark Start 0.013ms
[2025-08-01T14:45:51.116+0000] GC(238) Concurrent Mark 122.883ms
[2025-08-01T14:45:51.116+0000] GC(238) Pause Mark End 0.012ms
[2025-08-01T14:45:51.116+0000] GC(238) Concurrent Mark Free 0.001ms
[2025-08-01T14:45:51.118+0000] GC(238) Concurrent Process Non-Strong References 2.340ms
[2025-08-01T14:45:51.119+0000] GC(238) Concurrent Reset Relocation Set 0.001ms
[2025-08-01T14:45:51.121+0000] GC(238) Concurrent Select Relocation Set 2.750ms
[2025-08-01T14:45:51.122+0000] GC(238) Pause Relocate Start 0.011ms
[2025-08-01T14:45:51.123+0000] GC(238) Concurrent Relocate 1.384ms
[2025-08-01T14:45:51.123+0000] GC(238) Heap after GC invocations=239 (full 239):
[2025-08-01T14:45:51.123+0000] GC(238)  ZHeap           used 950M, capacity 4096M, max capacity 4096M
[2025-08-01T14:45:51.123+0000] GC(238)  Metaspace       used 10643K, committed 10880K, reserved 1114112K
[2025-08-01T14:45:51.123+0000] GC(238)   class space    used 1265K, committed 1344K, reserved 1048576K
[2025-08-01T14:45:51.123+0000] GC(238) Load: 1.69/0.75/0.33
[2025-08-01T14:45:51.123+0000] GC(238) MMU: 2ms/90.0%, 5ms/96.0%, 10ms/97.9%, 20ms/98.9%, 50ms/99.6%, 100ms/99.8%
[2025-08-01T14:45:51.123+0000] GC(238) Mark: 2 stripe(s), 2 proactive flush(es), 1 terminate flush(es), 0 completion(s), 0 continuation(s) 
[2025-08-01T14:45:51.123+0000] GC(238) Mark Stack Usage: 32M
[2025-08-01T14:45:51.123+0000] GC(238) NMethods: 1415 registered, 180 unregistered
[2025-08-01T14:45:51.123+0000] GC(238) Metaspace: 10M used, 10M committed, 1088M reserved
[2025-08-01T14:45:51.123+0000] GC(238) Soft: 228 encountered, 0 discovered, 0 enqueued
[2025-08-01T14:45:51.123+0000] GC(238) Weak: 934 encountered, 657 discovered, 0 enqueued
[2025-08-01T14:45:51.123+0000] GC(238) Final: 0 encountered, 0 discovered, 0 enqueued
[2025-08-01T14:45:51.123+0000] GC(238) Phantom: 3 encountered, 1 discovered, 0 enqueued
[2025-08-01T14:45:51.123+0000] GC(238) Small Pages: 1455 / 2910M, Empty: 2486M, Relocated: 3M, In-Place: 0
[2025-08-01T14:45:51.123+0000] GC(238) Medium Pages: 1 / 32M, Empty: 0M, Relocated: 0M, In-Place: 0
[2025-08-01T14:45:51.123+0000] GC(238) Large Pages: 0 / 0M, Empty: 0M, Relocated: 0M, In-Place: 0
[2025-08-01T14:45:51.123+0000] GC(238) Forwarding Usage: 0M
[2025-08-01T14:45:51.123+0000] GC(238) Min Capacity: 4096M(100%)
[2025-08-01T14:45:51.123+0000] GC(238) Max Capacity: 4096M(100%)
[2025-08-01T14:45:51.123+0000] GC(238) Soft Max Capacity: 4096M(100%)
[2025-08-01T14:45:51.123+0000] GC(238)                Mark Start          Mark End        Relocate Start      Relocate End           High               Low         
[2025-08-01T14:45:51.123+0000] GC(238)  Capacity:     4096M (100%)       4096M (100%)       4096M (100%)       4096M (100%)       4096M (100%)       4096M (100%)   
[2025-08-01T14:45:51.123+0000] GC(238)      Free:     1154M (28%)         688M (17%)        3142M (77%)        3146M (77%)        3146M (77%)         672M (16%)    
[2025-08-01T14:45:51.123+0000] GC(238)      Used:     2942M (72%)        3408M (83%)         954M (23%)         950M (23%)        3424M (84%)         950M (23%)    
[2025-08-01T14:45:51.123+0000] GC(238)      Live:         -               411M (10%)         411M (10%)         411M (10%)            -                  -          
[2025-08-01T14:45:51.123+0000] GC(238) Allocated:         -               466M (11%)         498M (12%)         502M (12%)            -                  -          
[2025-08-01T14:45:51.124+0000] GC(238)   Garbage:         -              2530M (62%)          44M (1%)           36M (1%)             -                  -          
[2025-08-01T14:45:51.124+0000] GC(238) Reclaimed:         -                  -              2486M (61%)        2494M (61%)            -                  -          
[2025-08-01T14:45:51.124+0000] GC(238) Garbage Collection (Allocation Rate) 2942M(72%)->950M(23%)
[2025-08-01T14:45:51.493+0000] GC(239) Heap before GC invocations=239 (full 239):
[2025-08-01T14:45:51.493+0000] GC(239)  ZHeap           used 2888M, capacity 4096M, max capacity 4096M
[2025-08-01T14:45:51.493+0000] GC(239)  Metaspace       used 10643K, committed 10880K, reserved 1114112K
[2025-08-01T14:45:51.493+0000] GC(239)   class space    used 1265K, committed 1344K, reserved 1048576K
[2025-08-01T14:45:51.493+0000] GC(239) Garbage Collection (Allocation Rate)
[2025-08-01T14:45:51.493+0000] GC(239) Using 2 workers
[2025-08-01T14:45:51.494+0000] GC(239) Pause Mark Start 0.009ms
[2025-08-01T14:45:51.648+0000] GC(239) Concurrent Mark 154.201ms
[2025-08-01T14:45:51.648+0000] GC(239) Pause Mark End 0.021ms
[2025-08-01T14:45:51.648+0000] GC(239) Concurrent Mark Free 0.001ms
[2025-08-01T14:45:51.653+0000] GC(239) Concurrent Process Non-Strong References 4.328ms
[2025-08-01T14:45:51.653+0000] GC(239) Concurrent Reset Relocation Set 0.003ms
[2025-08-01T14:45:51.657+0000] GC(239) Concurrent Select Relocation Set 4.098ms
[2025-08-01T14:45:51.657+0000] GC(239) Pause Relocate Start 0.014ms
[2025-08-01T14:45:51.659+0000] GC(239) Concurrent Relocate 1.458ms
[2025-08-01T14:45:51.659+0000] GC(239) Heap after GC invocations=240 (full 240):
[2025-08-01T14:45:51.659+0000] GC(239)  ZHeap           used 1324M, capacity 4096M, max capacity 4096M
[2025-08-01T14:45:51.659+0000] GC(239)  Metaspace       used 10643K, committed 10880K, reserved 1114112K
[2025-08-01T14:45:51.659+0000] GC(239)   class space    used 1265K, committed 1344K, reserved 1048576K
[2025-08-01T14:45:51.659+0000] GC(239) Load: 1.64/0.75/0.33
[2025-08-01T14:45:51.659+0000] GC(239) MMU: 2ms/90.0%, 5ms/96.0%, 10ms/97.9%, 20ms/98.9%, 50ms/99.6%, 100ms/99.8%
[2025-08-01T14:45:51.659+0000] GC(239) Mark: 2 stripe(s), 2 proactive flush(es), 1 terminate flush(es), 0 completion(s), 0 continuation(s) 
[2025-08-01T14:45:51.659+0000] GC(239) Mark Stack Usage: 32M
[2025-08-01T14:45:51.659+0000] GC(239) NMethods: 1415 registered, 180 unregistered
[2025-08-01T14:45:51.659+0000] GC(239) Metaspace: 10M used, 10M committed, 1088M reserved
[2025-08-01T14:45:51.659+0000] GC(239) Soft: 228 encountered, 0 discovered, 0 enqueued
[2025-08-01T14:45:51.659+0000] GC(239) Weak: 934 encountered, 712 discovered, 0 enqueued
[2025-08-01T14:45:51.659+0000] GC(239) Final: 0 encountered, 0 discovered, 0 enqueued
[2025-08-01T14:45:51.659+0000] GC(239) Phantom: 3 encountered, 1 discovered, 0 enqueued
[2025-08-01T14:45:51.659+0000] GC(239) Small Pages: 1428 / 2856M, Empty: 2340M, Relocated: 3M, In-Place: 0
[2025-08-01T14:45:51.659+0000] GC(239) Medium Pages: 1 / 32M, Empty: 0M, Relocated: 0M, In-Place: 0
[2025-08-01T14:45:51.659+0000] GC(239) Large Pages: 0 / 0M, Empty: 0M, Relocated: 0M, In-Place: 0
[2025-08-01T14:45:51.659+0000] GC(239) Forwarding Usage: 0M
[2025-08-01T14:45:51.659+0000] GC(239) Min Capacity: 4096M(100%)
[2025-08-01T14:45:51.659+0000] GC(239) Max Capacity: 4096M(100%)
[2025-08-01T14:45:51.659+0000] GC(239) Soft Max Capacity: 4096M(100%)
[2025-08-01T14:45:51.659+0000] GC(239)                Mark Start          Mark End        Relocate Start      Relocate End           High               Low         
[2025-08-01T14:45:51.659+0000] GC(239)  Capacity:     4096M (100%)       4096M (100%)       4096M (100%)       4096M (100%)       4096M (100%)       4096M (100%)   
[2025-08-01T14:45:51.659+0000] GC(239)      Free:     1208M (29%)         478M (12%)        2770M (68%)        2772M (68%)        2772M (68%)         452M (11%)    
[2025-08-01T14:45:51.659+0000] GC(239)      Used:     2888M (71%)        3618M (88%)        1326M (32%)        1324M (32%)        3644M (89%)        1324M (32%)    
[2025-08-01T14:45:51.659+0000] GC(239)      Live:         -               502M (12%)         502M (12%)         502M (12%)            -                  -          
[2025-08-01T14:45:51.659+0000] GC(239) Allocated:         -               730M (18%)         778M (19%)         784M (19%)            -                  -          
[2025-08-01T14:45:51.659+0000] GC(239)   Garbage:         -              2385M (58%)          45M (1%)           37M (1%)             -                  -          
[2025-08-01T14:45:51.659+0000] GC(239) Reclaimed:         -                  -              2340M (57%)        2348M (57%)            -                  -          
[2025-08-01T14:45:51.659+0000] GC(239) Garbage Collection (Allocation Rate) 2888M(71%)->1324M(32%)
[2025-08-01T14:45:51.992+0000] GC(240) Heap before GC invocations=240 (full 240):
[2025-08-01T14:45:51.992+0000] GC(240)  ZHeap           used 2926M, capacity 4096M, max capacity 4096M
[2025-08-01T14:45:51.992+0000] GC(240)  Metaspace       used 10643K, committed 10880K, reserved 1114112K
[2025-08-01T14:45:51.992+0000] GC(240)   class space    used 1265K, committed 1344K, reserved 1048576K
[2025-08-01T14:45:51.992+0000] GC(240) Garbage Collection (Allocation Rate)
[2025-08-01T14:45:51.992+0000] GC(240) Using 2 workers
[2025-08-01T14:45:51.993+0000] GC(240) Pause Mark Start 0.009ms
[2025-08-01T14:45:52.152+0000] GC(240) Concurrent Mark 159.217ms
[2025-08-01T14:45:52.153+0000] GC(240) Pause Mark End 0.019ms
[2025-08-01T14:45:52.153+0000] GC(240) Concurrent Mark Free 0.001ms
[2025-08-01T14:45:52.156+0000] GC(240) Concurrent Process Non-Strong References 3.354ms
[2025-08-01T14:45:52.156+0000] GC(240) Concurrent Reset Relocation Set 0.002ms
[2025-08-01T14:45:52.160+0000] GC(240) Concurrent Select Relocation Set 3.447ms
[2025-08-01T14:45:52.160+0000] GC(240) Pause Relocate Start 0.011ms
[2025-08-01T14:45:52.161+0000] GC(240) Concurrent Relocate 0.988ms
[2025-08-01T14:45:52.161+0000] GC(240) Heap after GC invocations=241 (full 241):
[2025-08-01T14:45:52.161+0000] GC(240)  ZHeap           used 1428M, capacity 4096M, max capacity 4096M
[2025-08-01T14:45:52.161+0000] GC(240)  Metaspace       used 10643K, committed 10880K, reserved 1114112K
[2025-08-01T14:45:52.161+0000] GC(240)   class space    used 1265K, committed 1344K, reserved 1048576K
[2025-08-01T14:45:52.161+0000] GC(240) Load: 1.64/0.75/0.33
[2025-08-01T14:45:52.161+0000] GC(240) MMU: 2ms/90.0%, 5ms/96.0%, 10ms/97.9%, 20ms/98.9%, 50ms/99.6%, 100ms/99.8%
[2025-08-01T14:45:52.161+0000] GC(240) Mark: 2 stripe(s), 2 proactive flush(es), 1 terminate flush(es), 0 completion(s), 0 continuation(s) 
[2025-08-01T14:45:52.161+0000] GC(240) Mark Stack Usage: 32M
[2025-08-01T14:45:52.161+0000] GC(240) NMethods: 1415 registered, 180 unregistered
[2025-08-01T14:45:52.161+0000] GC(240) Metaspace: 10M used, 10M committed, 1088M reserved
[2025-08-01T14:45:52.161+0000] GC(240) Soft: 228 encountered, 0 discovered, 0 enqueued
[2025-08-01T14:45:52.161+0000] GC(240) Weak: 934 encountered, 762 discovered, 0 enqueued
[2025-08-01T14:45:52.161+0000] GC(240) Final: 0 encountered, 0 discovered, 0 enqueued
[2025-08-01T14:45:52.161+0000] GC(240) Phantom: 3 encountered, 1 discovered, 0 enqueued
[2025-08-01T14:45:52.161+0000] GC(240) Small Pages: 1448 / 2896M, Empty: 2286M, Relocated: 3M, In-Place: 0
[2025-08-01T14:45:52.161+0000] GC(240) Medium Pages: 1 / 32M, Empty: 0M, Relocated: 0M, In-Place: 0
[2025-08-01T14:45:52.161+0000] GC(240) Large Pages: 0 / 0M, Empty: 0M, Relocated: 0M, In-Place: 0
[2025-08-01T14:45:52.161+0000] GC(240) Forwarding Usage: 0M
[2025-08-01T14:45:52.161+0000] GC(240) Min Capacity: 4096M(100%)
[2025-08-01T14:45:52.161+0000] GC(240) Max Capacity: 4096M(100%)
[2025-08-01T14:45:52.161+0000] GC(240) Soft Max Capacity: 4096M(100%)
[2025-08-01T14:45:52.161+0000] GC(240)                Mark Start          Mark End        Relocate Start      Relocate End           High               Low         
[2025-08-01T14:45:52.161+0000] GC(240)  Capacity:     4096M (100%)       4096M (100%)       4096M (100%)       4096M (100%)       4096M (100%)       4096M (100%)   
[2025-08-01T14:45:52.161+0000] GC(240)      Free:     1168M (29%)         390M (10%)        2658M (65%)        2668M (65%)        2668M (65%)         374M (9%)     
[2025-08-01T14:45:52.161+0000] GC(240)      Used:     2928M (71%)        3706M (90%)        1438M (35%)        1428M (35%)        3722M (91%)        1428M (35%)    
[2025-08-01T14:45:52.161+0000] GC(240)      Live:         -               594M (15%)         594M (15%)         594M (15%)            -                  -          
[2025-08-01T14:45:52.161+0000] GC(240) Allocated:         -               778M (19%)         796M (19%)         796M (19%)            -                  -          
[2025-08-01T14:45:52.161+0000] GC(240)   Garbage:         -              2333M (57%)          47M (1%)           37M (1%)             -                  -          
[2025-08-01T14:45:52.161+0000] GC(240) Reclaimed:         -                  -              2286M (56%)        2296M (56%)            -                  -          
[2025-08-01T14:45:52.161+0000] GC(240) Garbage Collection (Allocation Rate) 2928M(71%)->1428M(35%)
[2025-08-01T14:45:52.393+0000] GC(241) Heap before GC invocations=241 (full 241):
[2025-08-01T14:45:52.393+0000] GC(241)  ZHeap           used 2552M, capacity 4096M, max capacity 4096M
[2025-08-01T14:45:52.393+0000] GC(241)  Metaspace       used 10643K, committed 10880K, reserved 1114112K
[2025-08-01T14:45:52.393+0000] GC(241)   class space    used 1265K, committed 1344K, reserved 1048576K
[2025-08-01T14:45:52.393+0000] GC(241) Garbage Collection (Allocation Rate)
[2025-08-01T14:45:52.393+0000] GC(241) Using 2 workers
[2025-08-01T14:45:52.394+0000] GC(241) Pause Mark Start 0.009ms
[2025-08-01T14:45:52.551+0000] GC(241) Concurrent Mark 157.292ms
[2025-08-01T14:45:52.552+0000] GC(241) Pause Mark End 0.043ms
[2025-08-01T14:45:52.552+0000] GC(241) Concurrent Mark Free 0.003ms
[2025-08-01T14:45:52.558+0000] GC(241) Concurrent Process Non-Strong References 5.762ms
[2025-08-01T14:45:52.558+0000] GC(241) Concurrent Reset Relocation Set 0.003ms
[2025-08-01T14:45:52.561+0000] GC(241) Concurrent Select Relocation Set 3.171ms
[2025-08-01T14:45:52.562+0000] GC(241) Pause Relocate Start 0.012ms
[2025-08-01T14:45:52.563+0000] GC(241) Concurrent Relocate 1.649ms
[2025-08-01T14:45:52.563+0000] GC(241) Heap after GC invocations=242 (full 242):
[2025-08-01T14:45:52.563+0000] GC(241)  ZHeap           used 1174M, capacity 4096M, max capacity 4096M
[2025-08-01T14:45:52.563+0000] GC(241)  Metaspace       used 10643K, committed 10880K, reserved 1114112K
[2025-08-01T14:45:52.563+0000] GC(241)   class space    used 1265K, committed 1344K, reserved 1048576K
[2025-08-01T14:45:52.564+0000] GC(241) Load: 1.64/0.75/0.33
[2025-08-01T14:45:52.564+0000] GC(241) MMU: 2ms/90.0%, 5ms/96.0%, 10ms/97.9%, 20ms/98.9%, 50ms/99.6%, 100ms/99.8%
[2025-08-01T14:45:52.564+0000] GC(241) Mark: 2 stripe(s), 2 proactive flush(es), 1 terminate flush(es), 0 completion(s), 0 continuation(s) 
[2025-08-01T14:45:52.564+0000] GC(241) Mark Stack Usage: 32M
[2025-08-01T14:45:52.564+0000] GC(241) NMethods: 1415 registered, 180 unregistered
[2025-08-01T14:45:52.564+0000] GC(241) Metaspace: 10M used, 10M committed, 1088M reserved
[2025-08-01T14:45:52.564+0000] GC(241) Soft: 228 encountered, 0 discovered, 0 enqueued
[2025-08-01T14:45:52.564+0000] GC(241) Weak: 934 encountered, 687 discovered, 0 enqueued
[2025-08-01T14:45:52.564+0000] GC(241) Final: 0 encountered, 0 discovered, 0 enqueued
[2025-08-01T14:45:52.564+0000] GC(241) Phantom: 3 encountered, 1 discovered, 0 enqueued
[2025-08-01T14:45:52.564+0000] GC(241) Small Pages: 1262 / 2524M, Empty: 2086M, Relocated: 6M, In-Place: 0
[2025-08-01T14:45:52.564+0000] GC(241) Medium Pages: 1 / 32M, Empty: 0M, Relocated: 0M, In-Place: 0
[2025-08-01T14:45:52.564+0000] GC(241) Large Pages: 0 / 0M, Empty: 0M, Relocated: 0M, In-Place: 0
[2025-08-01T14:45:52.564+0000] GC(241) Forwarding Usage: 0M
[2025-08-01T14:45:52.564+0000] GC(241) Min Capacity: 4096M(100%)
[2025-08-01T14:45:52.564+0000] GC(241) Max Capacity: 4096M(100%)
[2025-08-01T14:45:52.564+0000] GC(241) Soft Max Capacity: 4096M(100%)
[2025-08-01T14:45:52.564+0000] GC(241)                Mark Start          Mark End        Relocate Start      Relocate End           High               Low         
[2025-08-01T14:45:52.564+0000] GC(241)  Capacity:     4096M (100%)       4096M (100%)       4096M (100%)       4096M (100%)       4096M (100%)       4096M (100%)   
[2025-08-01T14:45:52.564+0000] GC(241)      Free:     1540M (38%)         840M (21%)        2910M (71%)        2922M (71%)        2922M (71%)         824M (20%)    
[2025-08-01T14:45:52.564+0000] GC(241)      Used:     2556M (62%)        3256M (79%)        1186M (29%)        1174M (29%)        3272M (80%)        1174M (29%)    
[2025-08-01T14:45:52.564+0000] GC(241)      Live:         -               418M (10%)         418M (10%)         418M (10%)            -                  -          
[2025-08-01T14:45:52.564+0000] GC(241) Allocated:         -               700M (17%)         716M (17%)         716M (17%)            -                  -          
[2025-08-01T14:45:52.564+0000] GC(241)   Garbage:         -              2137M (52%)          51M (1%)           39M (1%)             -                  -          
[2025-08-01T14:45:52.564+0000] GC(241) Reclaimed:         -                  -              2086M (51%)        2098M (51%)            -                  -          
[2025-08-01T14:45:52.564+0000] GC(241) Garbage Collection (Allocation Rate) 2556M(62%)->1174M(29%)
[2025-08-01T14:45:52.894+0000] GC(242) Heap before GC invocations=242 (full 242):
[2025-08-01T14:45:52.894+0000] GC(242)  ZHeap           used 2740M, capacity 4096M, max capacity 4096M
[2025-08-01T14:45:52.894+0000] GC(242)  Metaspace       used 10643K, committed 10880K, reserved 1114112K
[2025-08-01T14:45:52.894+0000] GC(242)   class space    used 1265K, committed 1344K, reserved 1048576K
[2025-08-01T14:45:52.894+0000] GC(242) Garbage Collection (Allocation Rate)
[2025-08-01T14:45:52.894+0000] GC(242) Using 2 workers
[2025-08-01T14:45:52.895+0000] GC(242) Pause Mark Start 0.018ms
[2025-08-01T14:45:53.084+0000] GC(242) Concurrent Mark 189.220ms
[2025-08-01T14:45:53.085+0000] GC(242) Pause Mark End 0.020ms
[2025-08-01T14:45:53.085+0000] GC(242) Concurrent Mark Free 0.001ms
[2025-08-01T14:45:53.087+0000] GC(242) Concurrent Process Non-Strong References 2.702ms
[2025-08-01T14:45:53.087+0000] GC(242) Concurrent Reset Relocation Set 0.002ms
[2025-08-01T14:45:53.091+0000] GC(242) Concurrent Select Relocation Set 3.135ms
[2025-08-01T14:45:53.091+0000] GC(242) Pause Relocate Start 0.009ms
[2025-08-01T14:45:53.093+0000] GC(242) Concurrent Relocate 2.562ms
[2025-08-01T14:45:53.094+0000] GC(242) Heap after GC invocations=243 (full 243):
[2025-08-01T14:45:53.094+0000] GC(242)  ZHeap           used 1392M, capacity 4096M, max capacity 4096M
[2025-08-01T14:45:53.094+0000] GC(242)  Metaspace       used 10643K, committed 10880K, reserved 1114112K
[2025-08-01T14:45:53.094+0000] GC(242)   class space    used 1265K, committed 1344K, reserved 1048576K
[2025-08-01T14:45:53.094+0000] GC(242) Load: 1.64/0.75/0.33
[2025-08-01T14:45:53.094+0000] GC(242) MMU: 2ms/90.0%, 5ms/96.0%, 10ms/97.9%, 20ms/98.9%, 50ms/99.6%, 100ms/99.8%
[2025-08-01T14:45:53.094+0000] GC(242) Mark: 2 stripe(s), 2 proactive flush(es), 1 terminate flush(es), 0 completion(s), 0 continuation(s) 
[2025-08-01T14:45:53.094+0000] GC(242) Mark Stack Usage: 32M
[2025-08-01T14:45:53.094+0000] GC(242) NMethods: 1415 registered, 180 unregistered
[2025-08-01T14:45:53.094+0000] GC(242) Metaspace: 10M used, 10M committed, 1088M reserved
[2025-08-01T14:45:53.094+0000] GC(242) Soft: 228 encountered, 0 discovered, 0 enqueued
[2025-08-01T14:45:53.094+0000] GC(242) Weak: 934 encountered, 705 discovered, 0 enqueued
[2025-08-01T14:45:53.094+0000] GC(242) Final: 0 encountered, 0 discovered, 0 enqueued
[2025-08-01T14:45:53.094+0000] GC(242) Phantom: 3 encountered, 1 discovered, 0 enqueued
[2025-08-01T14:45:53.094+0000] GC(242) Small Pages: 1355 / 2710M, Empty: 2160M, Relocated: 8M, In-Place: 0
[2025-08-01T14:45:53.094+0000] GC(242) Medium Pages: 1 / 32M, Empty: 0M, Relocated: 0M, In-Place: 0
[2025-08-01T14:45:53.094+0000] GC(242) Large Pages: 0 / 0M, Empty: 0M, Relocated: 0M, In-Place: 0
[2025-08-01T14:45:53.094+0000] GC(242) Forwarding Usage: 0M
[2025-08-01T14:45:53.094+0000] GC(242) Min Capacity: 4096M(100%)
[2025-08-01T14:45:53.094+0000] GC(242) Max Capacity: 4096M(100%)
[2025-08-01T14:45:53.094+0000] GC(242) Soft Max Capacity: 4096M(100%)
[2025-08-01T14:45:53.094+0000] GC(242)                Mark Start          Mark End        Relocate Start      Relocate End           High               Low         
[2025-08-01T14:45:53.094+0000] GC(242)  Capacity:     4096M (100%)       4096M (100%)       4096M (100%)       4096M (100%)       4096M (100%)       4096M (100%)   
[2025-08-01T14:45:53.094+0000] GC(242)      Free:     1354M (33%)         526M (13%)        2686M (66%)        2704M (66%)        2704M (66%)         526M (13%)    
[2025-08-01T14:45:53.094+0000] GC(242)      Used:     2742M (67%)        3570M (87%)        1410M (34%)        1392M (34%)        3570M (87%)        1392M (34%)    
[2025-08-01T14:45:53.094+0000] GC(242)      Live:         -               523M (13%)         523M (13%)         523M (13%)            -                  -          
[2025-08-01T14:45:53.094+0000] GC(242) Allocated:         -               828M (20%)         828M (20%)         828M (20%)            -                  -          
[2025-08-01T14:45:53.094+0000] GC(242)   Garbage:         -              2218M (54%)          58M (1%)           40M (1%)             -                  -          
[2025-08-01T14:45:53.094+0000] GC(242) Reclaimed:         -                  -              2160M (53%)        2178M (53%)            -                  -          
[2025-08-01T14:45:53.094+0000] GC(242) Garbage Collection (Allocation Rate) 2742M(67%)->1392M(34%)
[2025-08-01T14:45:53.293+0000] GC(243) Heap before GC invocations=243 (full 243):
[2025-08-01T14:45:53.294+0000] GC(243)  ZHeap           used 2296M, capacity 4096M, max capacity 4096M
[2025-08-01T14:45:53.294+0000] GC(243)  Metaspace       used 10643K, committed 10880K, reserved 1114112K
[2025-08-01T14:45:53.294+0000] GC(243)   class space    used 1265K, committed 1344K, reserved 1048576K
[2025-08-01T14:45:53.294+0000] GC(243) Garbage Collection (Allocation Rate)
[2025-08-01T14:45:53.294+0000] GC(243) Using 2 workers
[2025-08-01T14:45:53.295+0000] GC(243) Pause Mark Start 0.022ms
[2025-08-01T14:45:53.476+0000] GC(243) Concurrent Mark 180.500ms
[2025-08-01T14:45:53.477+0000] GC(243) Pause Mark End 0.028ms
[2025-08-01T14:45:53.478+0000] GC(243) Concurrent Mark Free 0.003ms
[2025-08-01T14:45:53.483+0000] GC(243) Concurrent Process Non-Strong References 5.816ms
[2025-08-01T14:45:53.484+0000] GC(243) Concurrent Reset Relocation Set 0.004ms
[2025-08-01T14:45:53.490+0000] GC(243) Concurrent Select Relocation Set 5.817ms
[2025-08-01T14:45:53.491+0000] GC(243) Pause Relocate Start 0.012ms
[2025-08-01T14:45:53.494+0000] GC(243) Concurrent Relocate 2.668ms
[2025-08-01T14:45:53.494+0000] GC(243) Heap after GC invocations=244 (full 244):
[2025-08-01T14:45:53.494+0000] GC(243)  ZHeap           used 1310M, capacity 4096M, max capacity 4096M
[2025-08-01T14:45:53.494+0000] GC(243)  Metaspace       used 10643K, committed 10880K, reserved 1114112K
[2025-08-01T14:45:53.494+0000] GC(243)   class space    used 1265K, committed 1344K, reserved 1048576K
[2025-08-01T14:45:53.494+0000] GC(243) Load: 1.64/0.75/0.33
[2025-08-01T14:45:53.494+0000] GC(243) MMU: 2ms/90.0%, 5ms/96.0%, 10ms/97.9%, 20ms/98.9%, 50ms/99.6%, 100ms/99.8%
[2025-08-01T14:45:53.494+0000] GC(243) Mark: 2 stripe(s), 2 proactive flush(es), 1 terminate flush(es), 0 completion(s), 0 continuation(s) 
[2025-08-01T14:45:53.494+0000] GC(243) Mark Stack Usage: 32M
[2025-08-01T14:45:53.494+0000] GC(243) NMethods: 1415 registered, 180 unregistered
[2025-08-01T14:45:53.494+0000] GC(243) Metaspace: 10M used, 10M committed, 1088M reserved
[2025-08-01T14:45:53.494+0000] GC(243) Soft: 228 encountered, 0 discovered, 0 enqueued
[2025-08-01T14:45:53.494+0000] GC(243) Weak: 934 encountered, 694 discovered, 0 enqueued
[2025-08-01T14:45:53.494+0000] GC(243) Final: 0 encountered, 0 discovered, 0 enqueued
[2025-08-01T14:45:53.494+0000] GC(243) Phantom: 3 encountered, 2 discovered, 0 enqueued
[2025-08-01T14:45:53.494+0000] GC(243) Small Pages: 1137 / 2274M, Empty: 1700M, Relocated: 3M, In-Place: 0
[2025-08-01T14:45:53.494+0000] GC(243) Medium Pages: 1 / 32M, Empty: 0M, Relocated: 0M, In-Place: 0
[2025-08-01T14:45:53.494+0000] GC(243) Large Pages: 0 / 0M, Empty: 0M, Relocated: 0M, In-Place: 0
[2025-08-01T14:45:53.494+0000] GC(243) Forwarding Usage: 0M
[2025-08-01T14:45:53.494+0000] GC(243) Min Capacity: 4096M(100%)
[2025-08-01T14:45:53.494+0000] GC(243) Max Capacity: 4096M(100%)
[2025-08-01T14:45:53.494+0000] GC(243) Soft Max Capacity: 4096M(100%)
[2025-08-01T14:45:53.494+0000] GC(243)                Mark Start          Mark End        Relocate Start      Relocate End           High               Low         
[2025-08-01T14:45:53.494+0000] GC(243)  Capacity:     4096M (100%)       4096M (100%)       4096M (100%)       4096M (100%)       4096M (100%)       4096M (100%)   
[2025-08-01T14:45:53.495+0000] GC(243)      Free:     1790M (44%)        1172M (29%)        2792M (68%)        2786M (68%)        2806M (69%)        1140M (28%)    
[2025-08-01T14:45:53.495+0000] GC(243)      Used:     2306M (56%)        2924M (71%)        1304M (32%)        1310M (32%)        2956M (72%)        1290M (31%)    
[2025-08-01T14:45:53.495+0000] GC(243)      Live:         -               555M (14%)         555M (14%)         555M (14%)            -                  -          
[2025-08-01T14:45:53.495+0000] GC(243) Allocated:         -               618M (15%)         698M (17%)         716M (17%)            -                  -          
[2025-08-01T14:45:53.495+0000] GC(243)   Garbage:         -              1750M (43%)          50M (1%)           38M (1%)             -                  -          
[2025-08-01T14:45:53.495+0000] GC(243) Reclaimed:         -                  -              1700M (42%)        1712M (42%)            -                  -          
[2025-08-01T14:45:53.495+0000] GC(243) Garbage Collection (Allocation Rate) 2306M(56%)->1310M(32%)
[2025-08-01T14:45:53.693+0000] === Garbage Collection Statistics =======================================================================================================================
[2025-08-01T14:45:53.693+0000]                                                              Last 10s              Last 10m              Last 10h                Total
[2025-08-01T14:45:53.693+0000]                                                              Avg / Max             Avg / Max             Avg / Max             Avg / Max
[2025-08-01T14:45:53.693+0000]   Collector: Garbage Collection Cycle                    155.326 / 206.516     146.591 / 346.825     146.591 / 346.825     146.591 / 346.825     ms
[2025-08-01T14:45:53.693+0000]  Contention: Mark Segment Reset Contention                     0 / 1                 0 / 2                 0 / 2                 0 / 2           ops/s
[2025-08-01T14:45:53.693+0000]  Contention: Mark SeqNum Reset Contention                      0 / 0                 0 / 1                 0 / 1                 0 / 1           ops/s
[2025-08-01T14:45:53.693+0000]    Critical: Allocation Stall                                  0 / 0                 0 / 0                 0 / 0                 0 / 0           ops/s
[2025-08-01T14:45:53.693+0000]    Critical: Allocation Stall                              0.000 / 0.000         0.000 / 0.000         0.000 / 0.000         0.000 / 0.000       ms
[2025-08-01T14:45:53.693+0000]    Critical: GC Locker Stall                                   0 / 0                 0 / 0                 0 / 0                 0 / 0           ops/s
[2025-08-01T14:45:53.693+0000]    Critical: GC Locker Stall                               0.000 / 0.000         0.000 / 0.000         0.000 / 0.000         0.000 / 0.000       ms
[2025-08-01T14:45:53.693+0000]    Critical: Relocation Stall                                  0 / 0                 0 / 0                 0 / 0                 0 / 0           ops/s
[2025-08-01T14:45:53.693+0000]    Critical: Relocation Stall                              0.000 / 0.000         0.000 / 0.000         0.000 / 0.000         0.000 / 0.000       ms
[2025-08-01T14:45:53.693+0000]      Memory: Allocation Rate                                4615 / 4852           4619 / 5132           4619 / 5132           4619 / 5132        MB/s
[2025-08-01T14:45:53.693+0000]      Memory: Defragment                                        0 / 0                 0 / 0                 0 / 0                 0 / 0           ops/s
[2025-08-01T14:45:53.693+0000]      Memory: Out Of Memory                                     0 / 0                 0 / 0                 0 / 0                 0 / 0           ops/s
[2025-08-01T14:45:53.693+0000]      Memory: Page Cache Flush                                  0 / 0                 0 / 0                 0 / 0                 0 / 0           MB/s
[2025-08-01T14:45:53.693+0000]      Memory: Page Cache Hit L1                              2314 / 2432           2296 / 2578           2296 / 2578           2296 / 2578        ops/s
[2025-08-01T14:45:53.693+0000]      Memory: Page Cache Hit L2                                 0 / 0                 0 / 0                 0 / 0                 0 / 0           ops/s
[2025-08-01T14:45:53.693+0000]      Memory: Page Cache Hit L3                                 0 / 0                18 / 551              18 / 551              18 / 551         ops/s
[2025-08-01T14:45:53.693+0000]      Memory: Page Cache Miss                                   0 / 0                 0 / 1                 0 / 1                 0 / 1           ops/s
[2025-08-01T14:45:53.693+0000]      Memory: Uncommit                                          0 / 0                 0 / 0                 0 / 0                 0 / 0           MB/s
[2025-08-01T14:45:53.693+0000]      Memory: Undo Object Allocation Failed                     0 / 0                 0 / 3                 0 / 3                 0 / 3           ops/s
[2025-08-01T14:45:53.693+0000]      Memory: Undo Object Allocation Succeeded                  0 / 0                 0 / 3                 0 / 3                 0 / 3           ops/s
[2025-08-01T14:45:53.693+0000]      Memory: Undo Page Allocation                              0 / 0                 0 / 1                 0 / 1                 0 / 1           ops/s
[2025-08-01T14:45:53.693+0000]       Phase: Concurrent Mark                             143.796 / 196.936     134.405 / 335.006     134.405 / 335.006     134.405 / 335.006     ms
[2025-08-01T14:45:53.693+0000]       Phase: Concurrent Mark Continue                      0.000 / 0.000         0.000 / 0.000         0.000 / 0.000         0.000 / 0.000       ms
[2025-08-01T14:45:53.693+0000]       Phase: Concurrent Mark Free                          0.002 / 0.003         0.002 / 0.005         0.002 / 0.005         0.002 / 0.005       ms
[2025-08-01T14:45:53.693+0000]       Phase: Concurrent Process Non-Strong References      3.716 / 8.928         3.786 / 11.932        3.786 / 11.932        3.786 / 11.932      ms
[2025-08-01T14:45:53.693+0000]       Phase: Concurrent Relocate                           2.080 / 4.809         2.268 / 16.307        2.268 / 16.307        2.268 / 16.307      ms
[2025-08-01T14:45:53.693+0000]       Phase: Concurrent Reset Relocation Set               0.003 / 0.004         0.003 / 0.065         0.003 / 0.065         0.003 / 0.065       ms
[2025-08-01T14:45:53.693+0000]       Phase: Concurrent Select Relocation Set              3.631 / 5.817         3.733 / 16.702        3.733 / 16.702        3.733 / 16.702      ms
[2025-08-01T14:45:53.693+0000]       Phase: Pause Mark End                                0.019 / 0.043         0.021 / 0.200         0.021 / 0.200         0.021 / 0.200       ms
[2025-08-01T14:45:53.693+0000]       Phase: Pause Mark Start                              0.013 / 0.022         0.014 / 0.088         0.014 / 0.088         0.014 / 0.088       ms
[2025-08-01T14:45:53.693+0000]       Phase: Pause Relocate Start                          0.017 / 0.106         0.014 / 0.143         0.014 / 0.143         0.014 / 0.143       ms
[2025-08-01T14:45:53.693+0000]    Subphase: Concurrent Classes Purge                      0.119 / 1.924         0.037 / 1.924         0.037 / 1.924         0.037 / 1.924       ms
[2025-08-01T14:45:53.693+0000]    Subphase: Concurrent Classes Unlink                     2.313 / 3.529         2.404 / 6.492         2.404 / 6.492         2.404 / 6.492       ms
[2025-08-01T14:45:53.693+0000]    Subphase: Concurrent Mark                             142.221 / 196.061     132.928 / 334.367     132.928 / 334.367     132.928 / 334.367     ms
[2025-08-01T14:45:53.693+0000]    Subphase: Concurrent Mark Try Flush                     0.540 / 4.270         0.522 / 7.713         0.522 / 7.713         0.522 / 7.713       ms
[2025-08-01T14:45:53.693+0000]    Subphase: Concurrent Mark Try Terminate                 0.983 / 2.872         0.923 / 4.798         0.923 / 4.798         0.923 / 4.798       ms
[2025-08-01T14:45:53.693+0000]    Subphase: Concurrent References Enqueue                 0.001 / 0.001         0.001 / 0.006         0.001 / 0.006         0.001 / 0.006       ms
[2025-08-01T14:45:53.693+0000]    Subphase: Concurrent References Process                 0.324 / 0.829         0.313 / 1.565         0.313 / 1.565         0.313 / 1.565       ms
[2025-08-01T14:45:53.693+0000]    Subphase: Concurrent Roots ClassLoaderDataGraph         0.185 / 2.268         0.129 / 2.268         0.129 / 2.268         0.129 / 2.268       ms
[2025-08-01T14:45:53.693+0000]    Subphase: Concurrent Roots CodeCache                    0.000 / 0.000         0.000 / 0.000         0.000 / 0.000         0.000 / 0.000       ms
[2025-08-01T14:45:53.693+0000]    Subphase: Concurrent Roots JavaThreads                  0.199 / 2.387         0.120 / 2.387         0.120 / 2.387         0.120 / 2.387       ms
[2025-08-01T14:45:53.693+0000]    Subphase: Concurrent Roots OopStorageSet                0.023 / 0.136         0.029 / 0.238         0.029 / 0.238         0.029 / 0.238       ms
[2025-08-01T14:45:53.693+0000]    Subphase: Concurrent Weak Roots OopStorageSet           0.219 / 0.729         0.221 / 2.271         0.221 / 2.271         0.221 / 2.271       ms
[2025-08-01T14:45:53.693+0000]    Subphase: Pause Mark Try Complete                       0.000 / 0.000         0.000 / 0.000         0.000 / 0.000         0.000 / 0.000       ms
[2025-08-01T14:45:53.693+0000]      System: Java Threads                                     14 / 14               14 / 14               14 / 14               14 / 14          threads
[2025-08-01T14:45:53.693+0000] =========================================================================================================================================================
[2025-08-01T14:45:53.793+0000] GC(244) Heap before GC invocations=244 (full 244):
[2025-08-01T14:45:53.793+0000] GC(244)  ZHeap           used 2722M, capacity 4096M, max capacity 4096M
[2025-08-01T14:45:53.793+0000] GC(244)  Metaspace       used 10643K, committed 10880K, reserved 1114112K
[2025-08-01T14:45:53.793+0000] GC(244)   class space    used 1265K, committed 1344K, reserved 1048576K
[2025-08-01T14:45:53.793+0000] GC(244) Garbage Collection (Allocation Rate)
[2025-08-01T14:45:53.793+0000] GC(244) Using 2 workers
[2025-08-01T14:45:53.793+0000] GC(244) Pause Mark Start 0.005ms
[2025-08-01T14:45:53.950+0000] GC(244) Concurrent Mark 157.662ms
[2025-08-01T14:45:53.950+0000] GC(244) Pause Mark End 0.019ms
[2025-08-01T14:45:53.951+0000] GC(244) Concurrent Mark Free 0.001ms
[2025-08-01T14:45:53.953+0000] GC(244) Concurrent Process Non-Strong References 2.525ms
[2025-08-01T14:45:53.953+0000] GC(244) Concurrent Reset Relocation Set 0.002ms
[2025-08-01T14:45:53.956+0000] GC(244) Concurrent Select Relocation Set 3.299ms
[2025-08-01T14:45:53.957+0000] GC(244) Pause Relocate Start 0.011ms
[2025-08-01T14:45:53.960+0000] GC(244) Concurrent Relocate 3.557ms
[2025-08-01T14:45:53.960+0000] GC(244) Heap after GC invocations=245 (full 245):
[2025-08-01T14:45:53.960+0000] GC(244)  ZHeap           used 1404M, capacity 4096M, max capacity 4096M
[2025-08-01T14:45:53.960+0000] GC(244)  Metaspace       used 10643K, committed 10880K, reserved 1114112K
[2025-08-01T14:45:53.960+0000] GC(244)   class space    used 1265K, committed 1344K, reserved 1048576K
[2025-08-01T14:45:53.960+0000] GC(244) Load: 1.64/0.75/0.33
[2025-08-01T14:45:53.960+0000] GC(244) MMU: 2ms/90.0%, 5ms/96.0%, 10ms/97.9%, 20ms/98.9%, 50ms/99.6%, 100ms/99.8%
[2025-08-01T14:45:53.960+0000] GC(244) Mark: 2 stripe(s), 2 proactive flush(es), 1 terminate flush(es), 0 completion(s), 0 continuation(s) 
[2025-08-01T14:45:53.960+0000] GC(244) Mark Stack Usage: 32M
[2025-08-01T14:45:53.960+0000] GC(244) NMethods: 1415 registered, 180 unregistered
[2025-08-01T14:45:53.960+0000] GC(244) Metaspace: 10M used, 10M committed, 1088M reserved
[2025-08-01T14:45:53.960+0000] GC(244) Soft: 228 encountered, 0 discovered, 0 enqueued
[2025-08-01T14:45:53.960+0000] GC(244) Weak: 934 encountered, 690 discovered, 0 enqueued
[2025-08-01T14:45:53.960+0000] GC(244) Final: 0 encountered, 0 discovered, 0 enqueued
[2025-08-01T14:45:53.960+0000] GC(244) Phantom: 3 encountered, 1 discovered, 0 enqueued
[2025-08-01T14:45:53.960+0000] GC(244) Small Pages: 1345 / 2690M, Empty: 2040M, Relocated: 12M, In-Place: 0
[2025-08-01T14:45:53.960+0000] GC(244) Medium Pages: 1 / 32M, Empty: 0M, Relocated: 0M, In-Place: 0
[2025-08-01T14:45:53.960+0000] GC(244) Large Pages: 0 / 0M, Empty: 0M, Relocated: 0M, In-Place: 0
[2025-08-01T14:45:53.960+0000] GC(244) Forwarding Usage: 0M
[2025-08-01T14:45:53.960+0000] GC(244) Min Capacity: 4096M(100%)
[2025-08-01T14:45:53.960+0000] GC(244) Max Capacity: 4096M(100%)
[2025-08-01T14:45:53.960+0000] GC(244) Soft Max Capacity: 4096M(100%)
[2025-08-01T14:45:53.960+0000] GC(244)                Mark Start          Mark End        Relocate Start      Relocate End           High               Low         
[2025-08-01T14:45:53.960+0000] GC(244)  Capacity:     4096M (100%)       4096M (100%)       4096M (100%)       4096M (100%)       4096M (100%)       4096M (100%)   
[2025-08-01T14:45:53.960+0000] GC(244)      Free:     1374M (34%)         636M (16%)        2676M (65%)        2692M (66%)        2692M (66%)         636M (16%)    
[2025-08-01T14:45:53.960+0000] GC(244)      Used:     2722M (66%)        3460M (84%)        1420M (35%)        1404M (34%)        3460M (84%)        1404M (34%)    
[2025-08-01T14:45:53.960+0000] GC(244)      Live:         -               626M (15%)         626M (15%)         626M (15%)            -                  -          
[2025-08-01T14:45:53.960+0000] GC(244) Allocated:         -               738M (18%)         738M (18%)         738M (18%)            -                  -          
[2025-08-01T14:45:53.960+0000] GC(244)   Garbage:         -              2095M (51%)          55M (1%)           39M (1%)             -                  -          
[2025-08-01T14:45:53.960+0000] GC(244) Reclaimed:         -                  -              2040M (50%)        2056M (50%)            -                  -          
[2025-08-01T14:45:53.960+0000] GC(244) Garbage Collection (Allocation Rate) 2722M(66%)->1404M(34%)
[2025-08-01T14:45:54.194+0000] GC(245) Heap before GC invocations=245 (full 245):
[2025-08-01T14:45:54.194+0000] GC(245)  ZHeap           used 2600M, capacity 4096M, max capacity 4096M
[2025-08-01T14:45:54.194+0000] GC(245)  Metaspace       used 10643K, committed 10880K, reserved 1114112K
[2025-08-01T14:45:54.194+0000] GC(245)   class space    used 1265K, committed 1344K, reserved 1048576K
[2025-08-01T14:45:54.194+0000] GC(245) Garbage Collection (Allocation Rate)
[2025-08-01T14:45:54.194+0000] GC(245) Using 2 workers
[2025-08-01T14:45:54.194+0000] GC(245) Pause Mark Start 0.009ms
[2025-08-01T14:45:54.378+0000] GC(245) Concurrent Mark 183.667ms
[2025-08-01T14:45:54.378+0000] GC(245) Pause Mark End 0.017ms
[2025-08-01T14:45:54.378+0000] GC(245) Concurrent Mark Free 0.001ms
[2025-08-01T14:45:54.381+0000] GC(245) Concurrent Process Non-Strong References 2.573ms
[2025-08-01T14:45:54.381+0000] GC(245) Concurrent Reset Relocation Set 0.003ms
[2025-08-01T14:45:54.384+0000] GC(245) Concurrent Select Relocation Set 3.275ms
[2025-08-01T14:45:54.384+0000] GC(245) Pause Relocate Start 0.009ms
[2025-08-01T14:45:54.386+0000] GC(245) Concurrent Relocate 1.472ms
[2025-08-01T14:45:54.386+0000] GC(245) Heap after GC invocations=246 (full 246):
[2025-08-01T14:45:54.386+0000] GC(245)  ZHeap           used 1514M, capacity 4096M, max capacity 4096M
[2025-08-01T14:45:54.386+0000] GC(245)  Metaspace       used 10643K, committed 10880K, reserved 1114112K
[2025-08-01T14:45:54.386+0000] GC(245)   class space    used 1265K, committed 1344K, reserved 1048576K
[2025-08-01T14:45:54.386+0000] GC(245) Load: 1.64/0.75/0.33
[2025-08-01T14:45:54.386+0000] GC(245) MMU: 2ms/90.0%, 5ms/96.0%, 10ms/97.9%, 20ms/98.9%, 50ms/99.6%, 100ms/99.8%
[2025-08-01T14:45:54.386+0000] GC(245) Mark: 2 stripe(s), 2 proactive flush(es), 1 terminate flush(es), 0 completion(s), 0 continuation(s) 
[2025-08-01T14:45:54.386+0000] GC(245) Mark Stack Usage: 32M
[2025-08-01T14:45:54.386+0000] GC(245) NMethods: 1415 registered, 180 unregistered
[2025-08-01T14:45:54.386+0000] GC(245) Metaspace: 10M used, 10M committed, 1088M reserved
[2025-08-01T14:45:54.386+0000] GC(245) Soft: 228 encountered, 0 discovered, 0 enqueued
[2025-08-01T14:45:54.386+0000] GC(245) Weak: 934 encountered, 676 discovered, 0 enqueued
[2025-08-01T14:45:54.386+0000] GC(245) Final: 0 encountered, 0 discovered, 0 enqueued
[2025-08-01T14:45:54.386+0000] GC(245) Phantom: 3 encountered, 2 discovered, 0 enqueued
[2025-08-01T14:45:54.386+0000] GC(245) Small Pages: 1284 / 2568M, Empty: 1802M, Relocated: 6M, In-Place: 0
[2025-08-01T14:45:54.386+0000] GC(245) Medium Pages: 1 / 32M, Empty: 0M, Relocated: 0M, In-Place: 0
[2025-08-01T14:45:54.386+0000] GC(245) Large Pages: 0 / 0M, Empty: 0M, Relocated: 0M, In-Place: 0
[2025-08-01T14:45:54.386+0000] GC(245) Forwarding Usage: 0M
[2025-08-01T14:45:54.386+0000] GC(245) Min Capacity: 4096M(100%)
[2025-08-01T14:45:54.386+0000] GC(245) Max Capacity: 4096M(100%)
[2025-08-01T14:45:54.386+0000] GC(245) Soft Max Capacity: 4096M(100%)
[2025-08-01T14:45:54.386+0000] GC(245)                Mark Start          Mark End        Relocate Start      Relocate End           High               Low         
[2025-08-01T14:45:54.386+0000] GC(245)  Capacity:     4096M (100%)       4096M (100%)       4096M (100%)       4096M (100%)       4096M (100%)       4096M (100%)   
[2025-08-01T14:45:54.386+0000] GC(245)      Free:     1496M (37%)         758M (19%)        2560M (62%)        2582M (63%)        2582M (63%)         758M (19%)    
[2025-08-01T14:45:54.386+0000] GC(245)      Used:     2600M (63%)        3338M (81%)        1536M (38%)        1514M (37%)        3338M (81%)        1514M (37%)    
[2025-08-01T14:45:54.386+0000] GC(245)      Live:         -               735M (18%)         735M (18%)         735M (18%)            -                  -          
[2025-08-01T14:45:54.386+0000] GC(245) Allocated:         -               738M (18%)         738M (18%)         738M (18%)            -                  -          
[2025-08-01T14:45:54.386+0000] GC(245)   Garbage:         -              1864M (46%)          62M (2%)           40M (1%)             -                  -          
[2025-08-01T14:45:54.386+0000] GC(245) Reclaimed:         -                  -              1802M (44%)        1824M (45%)            -                  -          
[2025-08-01T14:45:54.386+0000] GC(245) Garbage Collection (Allocation Rate) 2600M(63%)->1514M(37%)
[2025-08-01T14:45:54.593+0000] GC(246) Heap before GC invocations=246 (full 246):
[2025-08-01T14:45:54.593+0000] GC(246)  ZHeap           used 2456M, capacity 4096M, max capacity 4096M
[2025-08-01T14:45:54.593+0000] GC(246)  Metaspace       used 10643K, committed 10880K, reserved 1114112K
[2025-08-01T14:45:54.593+0000] GC(246)   class space    used 1265K, committed 1344K, reserved 1048576K
[2025-08-01T14:45:54.593+0000] GC(246) Garbage Collection (Allocation Rate)
[2025-08-01T14:45:54.593+0000] GC(246) Using 2 workers
[2025-08-01T14:45:54.594+0000] GC(246) Pause Mark Start 0.014ms
[2025-08-01T14:45:54.728+0000] GC(246) Concurrent Mark 134.406ms
[2025-08-01T14:45:54.728+0000] GC(246) Pause Mark End 0.021ms
[2025-08-01T14:45:54.728+0000] GC(246) Concurrent Mark Free 0.001ms
[2025-08-01T14:45:54.735+0000] GC(246) Concurrent Process Non-Strong References 6.973ms
[2025-08-01T14:45:54.736+0000] GC(246) Concurrent Reset Relocation Set 0.005ms
[2025-08-01T14:45:54.740+0000] GC(246) Concurrent Select Relocation Set 4.644ms
[2025-08-01T14:45:54.740+0000] GC(246) Pause Relocate Start 0.015ms
[2025-08-01T14:45:54.742+0000] GC(246) Concurrent Relocate 0.932ms
[2025-08-01T14:45:54.742+0000] GC(246) Heap after GC invocations=247 (full 247):
[2025-08-01T14:45:54.742+0000] GC(246)  ZHeap           used 1104M, capacity 4096M, max capacity 4096M
[2025-08-01T14:45:54.742+0000] GC(246)  Metaspace       used 10643K, committed 10880K, reserved 1114112K
[2025-08-01T14:45:54.742+0000] GC(246)   class space    used 1265K, committed 1344K, reserved 1048576K
[2025-08-01T14:45:54.742+0000] GC(246) Load: 1.64/0.75/0.33
[2025-08-01T14:45:54.742+0000] GC(246) MMU: 2ms/90.0%, 5ms/96.0%, 10ms/97.9%, 20ms/98.9%, 50ms/99.6%, 100ms/99.8%
[2025-08-01T14:45:54.742+0000] GC(246) Mark: 2 stripe(s), 2 proactive flush(es), 1 terminate flush(es), 0 completion(s), 0 continuation(s) 
[2025-08-01T14:45:54.742+0000] GC(246) Mark Stack Usage: 32M
[2025-08-01T14:45:54.742+0000] GC(246) NMethods: 1415 registered, 180 unregistered
[2025-08-01T14:45:54.742+0000] GC(246) Metaspace: 10M used, 10M committed, 1088M reserved
[2025-08-01T14:45:54.742+0000] GC(246) Soft: 228 encountered, 0 discovered, 0 enqueued
[2025-08-01T14:45:54.742+0000] GC(246) Weak: 934 encountered, 700 discovered, 0 enqueued
[2025-08-01T14:45:54.742+0000] GC(246) Final: 0 encountered, 0 discovered, 0 enqueued
[2025-08-01T14:45:54.742+0000] GC(246) Phantom: 3 encountered, 1 discovered, 0 enqueued
[2025-08-01T14:45:54.742+0000] GC(246) Small Pages: 1212 / 2424M, Empty: 1968M, Relocated: 3M, In-Place: 0
[2025-08-01T14:45:54.742+0000] GC(246) Medium Pages: 1 / 32M, Empty: 0M, Relocated: 0M, In-Place: 0
[2025-08-01T14:45:54.742+0000] GC(246) Large Pages: 0 / 0M, Empty: 0M, Relocated: 0M, In-Place: 0
[2025-08-01T14:45:54.742+0000] GC(246) Forwarding Usage: 0M
[2025-08-01T14:45:54.742+0000] GC(246) Min Capacity: 4096M(100%)
[2025-08-01T14:45:54.742+0000] GC(246) Max Capacity: 4096M(100%)
[2025-08-01T14:45:54.742+0000] GC(246) Soft Max Capacity: 4096M(100%)
[2025-08-01T14:45:54.742+0000] GC(246)                Mark Start          Mark End        Relocate Start      Relocate End           High               Low         
[2025-08-01T14:45:54.742+0000] GC(246)  Capacity:     4096M (100%)       4096M (100%)       4096M (100%)       4096M (100%)       4096M (100%)       4096M (100%)   
[2025-08-01T14:45:54.742+0000] GC(246)      Free:     1640M (40%)        1036M (25%)        2982M (73%)        2992M (73%)        2992M (73%)        1022M (25%)    
[2025-08-01T14:45:54.742+0000] GC(246)      Used:     2456M (60%)        3060M (75%)        1114M (27%)        1104M (27%)        3074M (75%)        1104M (27%)    
[2025-08-01T14:45:54.742+0000] GC(246)      Live:         -               440M (11%)         440M (11%)         440M (11%)            -                  -          
[2025-08-01T14:45:54.742+0000] GC(246) Allocated:         -               604M (15%)         626M (15%)         626M (15%)            -                  -          
[2025-08-01T14:45:54.742+0000] GC(246)   Garbage:         -              2015M (49%)          47M (1%)           37M (1%)             -                  -          
[2025-08-01T14:45:54.742+0000] GC(246) Reclaimed:         -                  -              1968M (48%)        1978M (48%)            -                  -          
[2025-08-01T14:45:54.742+0000] GC(246) Garbage Collection (Allocation Rate) 2456M(60%)->1104M(27%)
[2025-08-01T14:45:55.093+0000] GC(247) Heap before GC invocations=247 (full 247):
[2025-08-01T14:45:55.094+0000] GC(247)  ZHeap           used 2844M, capacity 4096M, max capacity 4096M
[2025-08-01T14:45:55.094+0000] GC(247)  Metaspace       used 10643K, committed 10880K, reserved 1114112K
[2025-08-01T14:45:55.094+0000] GC(247)   class space    used 1265K, committed 1344K, reserved 1048576K
[2025-08-01T14:45:55.094+0000] GC(247) Garbage Collection (Allocation Rate)
[2025-08-01T14:45:55.094+0000] GC(247) Using 2 workers
[2025-08-01T14:45:55.095+0000] GC(247) Pause Mark Start 0.011ms
[2025-08-01T14:45:55.204+0000] GC(247) Concurrent Mark 108.573ms
[2025-08-01T14:45:55.204+0000] GC(247) Pause Mark End 0.018ms
[2025-08-01T14:45:55.204+0000] GC(247) Concurrent Mark Free 0.001ms
[2025-08-01T14:45:55.207+0000] GC(247) Concurrent Process Non-Strong References 2.530ms
[2025-08-01T14:45:55.207+0000] GC(247) Concurrent Reset Relocation Set 0.001ms
[2025-08-01T14:45:55.211+0000] GC(247) Concurrent Select Relocation Set 4.415ms
[2025-08-01T14:45:55.211+0000] GC(247) Pause Relocate Start 0.014ms
[2025-08-01T14:45:55.212+0000] GC(247) Concurrent Relocate 0.927ms
[2025-08-01T14:45:55.212+0000] GC(247) Heap after GC invocations=248 (full 248):
[2025-08-01T14:45:55.212+0000] GC(247)  ZHeap           used 994M, capacity 4096M, max capacity 4096M
[2025-08-01T14:45:55.213+0000] GC(247)  Metaspace       used 10643K, committed 10880K, reserved 1114112K
[2025-08-01T14:45:55.213+0000] GC(247)   class space    used 1265K, committed 1344K, reserved 1048576K
[2025-08-01T14:45:55.213+0000] GC(247) Load: 1.64/0.75/0.33
[2025-08-01T14:45:55.213+0000] GC(247) MMU: 2ms/90.0%, 5ms/96.0%, 10ms/97.9%, 20ms/98.9%, 50ms/99.6%, 100ms/99.8%
[2025-08-01T14:45:55.213+0000] GC(247) Mark: 2 stripe(s), 3 proactive flush(es), 1 terminate flush(es), 0 completion(s), 0 continuation(s) 
[2025-08-01T14:45:55.213+0000] GC(247) Mark Stack Usage: 32M
[2025-08-01T14:45:55.213+0000] GC(247) NMethods: 1415 registered, 180 unregistered
[2025-08-01T14:45:55.213+0000] GC(247) Metaspace: 10M used, 10M committed, 1088M reserved
[2025-08-01T14:45:55.213+0000] GC(247) Soft: 228 encountered, 0 discovered, 0 enqueued
[2025-08-01T14:45:55.213+0000] GC(247) Weak: 934 encountered, 715 discovered, 0 enqueued
[2025-08-01T14:45:55.213+0000] GC(247) Final: 0 encountered, 0 discovered, 0 enqueued
[2025-08-01T14:45:55.213+0000] GC(247) Phantom: 3 encountered, 2 discovered, 0 enqueued
[2025-08-01T14:45:55.213+0000] GC(247) Small Pages: 1406 / 2812M, Empty: 2406M, Relocated: 1M, In-Place: 0
[2025-08-01T14:45:55.213+0000] GC(247) Medium Pages: 1 / 32M, Empty: 0M, Relocated: 0M, In-Place: 0
[2025-08-01T14:45:55.213+0000] GC(247) Large Pages: 0 / 0M, Empty: 0M, Relocated: 0M, In-Place: 0
[2025-08-01T14:45:55.213+0000] GC(247) Forwarding Usage: 0M
[2025-08-01T14:45:55.213+0000] GC(247) Min Capacity: 4096M(100%)
[2025-08-01T14:45:55.213+0000] GC(247) Max Capacity: 4096M(100%)
[2025-08-01T14:45:55.213+0000] GC(247) Soft Max Capacity: 4096M(100%)
[2025-08-01T14:45:55.213+0000] GC(247)                Mark Start          Mark End        Relocate Start      Relocate End           High               Low         
[2025-08-01T14:45:55.213+0000] GC(247)  Capacity:     4096M (100%)       4096M (100%)       4096M (100%)       4096M (100%)       4096M (100%)       4096M (100%)   
[2025-08-01T14:45:55.213+0000] GC(247)      Free:     1252M (31%)         700M (17%)        3096M (76%)        3102M (76%)        3102M (76%)         690M (17%)    
[2025-08-01T14:45:55.213+0000] GC(247)      Used:     2844M (69%)        3396M (83%)        1000M (24%)         994M (24%)        3406M (83%)         994M (24%)    
[2025-08-01T14:45:55.213+0000] GC(247)      Live:         -               394M (10%)         394M (10%)         394M (10%)            -                  -          
[2025-08-01T14:45:55.213+0000] GC(247) Allocated:         -               552M (13%)         562M (14%)         562M (14%)            -                  -          
[2025-08-01T14:45:55.213+0000] GC(247)   Garbage:         -              2449M (60%)          43M (1%)           37M (1%)             -                  -          
[2025-08-01T14:45:55.213+0000] GC(247) Reclaimed:         -                  -              2406M (59%)        2412M (59%)            -                  -          
[2025-08-01T14:45:55.213+0000] GC(247) Garbage Collection (Allocation Rate) 2844M(69%)->994M(24%)
[2025-08-01T14:45:55.594+0000] GC(248) Heap before GC invocations=248 (full 248):
[2025-08-01T14:45:55.594+0000] GC(248)  ZHeap           used 2742M, capacity 4096M, max capacity 4096M
[2025-08-01T14:45:55.594+0000] GC(248)  Metaspace       used 10643K, committed 10880K, reserved 1114112K
[2025-08-01T14:45:55.594+0000] GC(248)   class space    used 1265K, committed 1344K, reserved 1048576K
[2025-08-01T14:45:55.594+0000] GC(248) Garbage Collection (Allocation Rate)
[2025-08-01T14:45:55.594+0000] GC(248) Using 2 workers
[2025-08-01T14:45:55.595+0000] GC(248) Pause Mark Start 0.020ms
[2025-08-01T14:45:55.743+0000] GC(248) Concurrent Mark 148.106ms
[2025-08-01T14:45:55.744+0000] GC(248) Pause Mark End 0.024ms
[2025-08-01T14:45:55.744+0000] GC(248) Concurrent Mark Free 0.001ms
[2025-08-01T14:45:55.749+0000] GC(248) Concurrent Process Non-Strong References 4.748ms
[2025-08-01T14:45:55.749+0000] GC(248) Concurrent Reset Relocation Set 0.003ms
[2025-08-01T14:45:55.754+0000] GC(248) Concurrent Select Relocation Set 5.155ms
[2025-08-01T14:45:55.755+0000] GC(248) Pause Relocate Start 0.015ms
[2025-08-01T14:45:55.763+0000] GC(248) Concurrent Relocate 8.125ms
[2025-08-01T14:45:55.763+0000] GC(248) Heap after GC invocations=249 (full 249):
[2025-08-01T14:45:55.763+0000] GC(248)  ZHeap           used 1444M, capacity 4096M, max capacity 4096M
[2025-08-01T14:45:55.763+0000] GC(248)  Metaspace       used 10643K, committed 10880K, reserved 1114112K
[2025-08-01T14:45:55.763+0000] GC(248)   class space    used 1265K, committed 1344K, reserved 1048576K
[2025-08-01T14:45:55.763+0000] GC(248) Load: 1.64/0.75/0.33
[2025-08-01T14:45:55.763+0000] GC(248) MMU: 2ms/90.0%, 5ms/96.0%, 10ms/97.9%, 20ms/98.9%, 50ms/99.6%, 100ms/99.8%
[2025-08-01T14:45:55.763+0000] GC(248) Mark: 2 stripe(s), 2 proactive flush(es), 1 terminate flush(es), 0 completion(s), 0 continuation(s) 
[2025-08-01T14:45:55.763+0000] GC(248) Mark Stack Usage: 32M
[2025-08-01T14:45:55.763+0000] GC(248) NMethods: 1415 registered, 180 unregistered
[2025-08-01T14:45:55.763+0000] GC(248) Metaspace: 10M used, 10M committed, 1088M reserved
[2025-08-01T14:45:55.763+0000] GC(248) Soft: 228 encountered, 0 discovered, 0 enqueued
[2025-08-01T14:45:55.763+0000] GC(248) Weak: 934 encountered, 705 discovered, 0 enqueued
[2025-08-01T14:45:55.763+0000] GC(248) Final: 0 encountered, 0 discovered, 0 enqueued
[2025-08-01T14:45:55.763+0000] GC(248) Phantom: 3 encountered, 1 discovered, 0 enqueued
[2025-08-01T14:45:55.763+0000] GC(248) Small Pages: 1356 / 2712M, Empty: 2078M, Relocated: 10M, In-Place: 0
[2025-08-01T14:45:55.763+0000] GC(248) Medium Pages: 1 / 32M, Empty: 0M, Relocated: 0M, In-Place: 0
[2025-08-01T14:45:55.763+0000] GC(248) Large Pages: 0 / 0M, Empty: 0M, Relocated: 0M, In-Place: 0
[2025-08-01T14:45:55.763+0000] GC(248) Forwarding Usage: 0M
[2025-08-01T14:45:55.763+0000] GC(248) Min Capacity: 4096M(100%)
[2025-08-01T14:45:55.763+0000] GC(248) Max Capacity: 4096M(100%)
[2025-08-01T14:45:55.764+0000] GC(248) Soft Max Capacity: 4096M(100%)
[2025-08-01T14:45:55.764+0000] GC(248)                Mark Start          Mark End        Relocate Start      Relocate End           High               Low         
[2025-08-01T14:45:55.764+0000] GC(248)  Capacity:     4096M (100%)       4096M (100%)       4096M (100%)       4096M (100%)       4096M (100%)       4096M (100%)   
[2025-08-01T14:45:55.764+0000] GC(248)      Free:     1352M (33%)         670M (16%)        2672M (65%)        2652M (65%)        2682M (65%)         634M (15%)    
[2025-08-01T14:45:55.764+0000] GC(248)      Used:     2744M (67%)        3426M (84%)        1424M (35%)        1444M (35%)        3462M (85%)        1414M (35%)    
[2025-08-01T14:45:55.764+0000] GC(248)      Live:         -               602M (15%)         602M (15%)         602M (15%)            -                  -          
[2025-08-01T14:45:55.764+0000] GC(248) Allocated:         -               682M (17%)         758M (19%)         800M (20%)            -                  -          
[2025-08-01T14:45:55.764+0000] GC(248)   Garbage:         -              2141M (52%)          63M (2%)           41M (1%)             -                  -          
[2025-08-01T14:45:55.764+0000] GC(248) Reclaimed:         -                  -              2078M (51%)        2100M (51%)            -                  -          
[2025-08-01T14:45:55.764+0000] GC(248) Garbage Collection (Allocation Rate) 2744M(67%)->1444M(35%)
[2025-08-01T14:45:55.993+0000] GC(249) Heap before GC invocations=249 (full 249):
[2025-08-01T14:45:55.993+0000] GC(249)  ZHeap           used 2552M, capacity 4096M, max capacity 4096M
[2025-08-01T14:45:55.993+0000] GC(249)  Metaspace       used 10643K, committed 10880K, reserved 1114112K
[2025-08-01T14:45:55.993+0000] GC(249)   class space    used 1265K, committed 1344K, reserved 1048576K
[2025-08-01T14:45:55.993+0000] GC(249) Garbage Collection (Allocation Rate)
[2025-08-01T14:45:55.993+0000] GC(249) Using 2 workers
[2025-08-01T14:45:55.994+0000] GC(249) Pause Mark Start 0.010ms
[2025-08-01T14:45:56.141+0000] GC(249) Concurrent Mark 147.238ms
[2025-08-01T14:45:56.142+0000] GC(249) Pause Mark End 0.013ms
[2025-08-01T14:45:56.142+0000] GC(249) Concurrent Mark Free 0.002ms
[2025-08-01T14:45:56.145+0000] GC(249) Concurrent Process Non-Strong References 2.975ms
[2025-08-01T14:45:56.145+0000] GC(249) Concurrent Reset Relocation Set 0.003ms
[2025-08-01T14:45:56.149+0000] GC(249) Concurrent Select Relocation Set 3.400ms
[2025-08-01T14:45:56.150+0000] GC(249) Pause Relocate Start 0.011ms
[2025-08-01T14:45:56.153+0000] GC(249) Concurrent Relocate 3.083ms
[2025-08-01T14:45:56.154+0000] GC(249) Heap after GC invocations=250 (full 250):
[2025-08-01T14:45:56.154+0000] GC(249)  ZHeap           used 1262M, capacity 4096M, max capacity 4096M
[2025-08-01T14:45:56.154+0000] GC(249)  Metaspace       used 10643K, committed 10880K, reserved 1114112K
[2025-08-01T14:45:56.154+0000] GC(249)   class space    used 1265K, committed 1344K, reserved 1048576K
[2025-08-01T14:45:56.154+0000] GC(249) Load: 1.64/0.75/0.33
[2025-08-01T14:45:56.154+0000] GC(249) MMU: 2ms/90.0%, 5ms/96.0%, 10ms/97.9%, 20ms/98.9%, 50ms/99.6%, 100ms/99.8%
[2025-08-01T14:45:56.154+0000] GC(249) Mark: 2 stripe(s), 2 proactive flush(es), 1 terminate flush(es), 0 completion(s), 0 continuation(s) 
[2025-08-01T14:45:56.154+0000] GC(249) Mark Stack Usage: 32M
[2025-08-01T14:45:56.154+0000] GC(249) NMethods: 1415 registered, 180 unregistered
[2025-08-01T14:45:56.154+0000] GC(249) Metaspace: 10M used, 10M committed, 1088M reserved
[2025-08-01T14:45:56.154+0000] GC(249) Soft: 228 encountered, 0 discovered, 0 enqueued
[2025-08-01T14:45:56.154+0000] GC(249) Weak: 934 encountered, 644 discovered, 0 enqueued
[2025-08-01T14:45:56.154+0000] GC(249) Final: 0 encountered, 0 discovered, 0 enqueued
[2025-08-01T14:45:56.154+0000] GC(249) Phantom: 3 encountered, 1 discovered, 0 enqueued
[2025-08-01T14:45:56.154+0000] GC(249) Small Pages: 1260 / 2520M, Empty: 1956M, Relocated: 10M, In-Place: 0
[2025-08-01T14:45:56.154+0000] GC(249) Medium Pages: 1 / 32M, Empty: 0M, Relocated: 0M, In-Place: 0
[2025-08-01T14:45:56.154+0000] GC(249) Large Pages: 0 / 0M, Empty: 0M, Relocated: 0M, In-Place: 0
[2025-08-01T14:45:56.154+0000] GC(249) Forwarding Usage: 0M
[2025-08-01T14:45:56.154+0000] GC(249) Min Capacity: 4096M(100%)
[2025-08-01T14:45:56.154+0000] GC(249) Max Capacity: 4096M(100%)
[2025-08-01T14:45:56.154+0000] GC(249) Soft Max Capacity: 4096M(100%)
[2025-08-01T14:45:56.154+0000] GC(249)                Mark Start          Mark End        Relocate Start      Relocate End           High               Low         
[2025-08-01T14:45:56.154+0000] GC(249)  Capacity:     4096M (100%)       4096M (100%)       4096M (100%)       4096M (100%)       4096M (100%)       4096M (100%)   
[2025-08-01T14:45:56.154+0000] GC(249)      Free:     1544M (38%)         896M (22%)        2826M (69%)        2834M (69%)        2838M (69%)         880M (21%)    
[2025-08-01T14:45:56.154+0000] GC(249)      Used:     2552M (62%)        3200M (78%)        1270M (31%)        1262M (31%)        3216M (79%)        1258M (31%)    
[2025-08-01T14:45:56.154+0000] GC(249)      Live:         -               531M (13%)         531M (13%)         531M (13%)            -                  -          
[2025-08-01T14:45:56.154+0000] GC(249) Allocated:         -               648M (16%)         674M (16%)         690M (17%)            -                  -          
[2025-08-01T14:45:56.154+0000] GC(249)   Garbage:         -              2020M (49%)          64M (2%)           40M (1%)             -                  -          
[2025-08-01T14:45:56.154+0000] GC(249) Reclaimed:         -                  -              1956M (48%)        1980M (48%)            -                  -          
[2025-08-01T14:45:56.154+0000] GC(249) Garbage Collection (Allocation Rate) 2552M(62%)->1262M(31%)
[2025-08-01T14:45:56.493+0000] GC(250) Heap before GC invocations=250 (full 250):
[2025-08-01T14:45:56.493+0000] GC(250)  ZHeap           used 2922M, capacity 4096M, max capacity 4096M
[2025-08-01T14:45:56.493+0000] GC(250)  Metaspace       used 10643K, committed 10880K, reserved 1114112K
[2025-08-01T14:45:56.493+0000] GC(250)   class space    used 1265K, committed 1344K, reserved 1048576K
[2025-08-01T14:45:56.493+0000] GC(250) Garbage Collection (Allocation Rate)
[2025-08-01T14:45:56.493+0000] GC(250) Using 2 workers
[2025-08-01T14:45:56.496+0000] GC(250) Pause Mark Start 0.023ms
[2025-08-01T14:45:56.702+0000] GC(250) Concurrent Mark 204.014ms
[2025-08-01T14:45:56.702+0000] GC(250) Pause Mark End 0.015ms
[2025-08-01T14:45:56.702+0000] GC(250) Concurrent Mark Free 0.002ms
[2025-08-01T14:45:56.709+0000] GC(250) Concurrent Process Non-Strong References 6.699ms
[2025-08-01T14:45:56.709+0000] GC(250) Concurrent Reset Relocation Set 0.004ms
[2025-08-01T14:45:56.713+0000] GC(250) Concurrent Select Relocation Set 4.403ms
[2025-08-01T14:45:56.714+0000] GC(250) Pause Relocate Start 0.020ms
[2025-08-01T14:45:56.720+0000] GC(250) Concurrent Relocate 5.647ms
[2025-08-01T14:45:56.720+0000] GC(250) Heap after GC invocations=251 (full 251):
[2025-08-01T14:45:56.720+0000] GC(250)  ZHeap           used 1446M, capacity 4096M, max capacity 4096M
[2025-08-01T14:45:56.721+0000] GC(250)  Metaspace       used 10643K, committed 10880K, reserved 1114112K
[2025-08-01T14:45:56.721+0000] GC(250)   class space    used 1265K, committed 1344K, reserved 1048576K
[2025-08-01T14:45:56.721+0000] GC(250) Load: 1.59/0.76/0.34
[2025-08-01T14:45:56.721+0000] GC(250) MMU: 2ms/90.0%, 5ms/96.0%, 10ms/97.9%, 20ms/98.9%, 50ms/99.6%, 100ms/99.8%
[2025-08-01T14:45:56.721+0000] GC(250) Mark: 2 stripe(s), 2 proactive flush(es), 1 terminate flush(es), 0 completion(s), 0 continuation(s) 
[2025-08-01T14:45:56.721+0000] GC(250) Mark Stack Usage: 32M
[2025-08-01T14:45:56.721+0000] GC(250) NMethods: 1415 registered, 180 unregistered
[2025-08-01T14:45:56.721+0000] GC(250) Metaspace: 10M used, 10M committed, 1088M reserved
[2025-08-01T14:45:56.721+0000] GC(250) Soft: 228 encountered, 0 discovered, 0 enqueued
[2025-08-01T14:45:56.721+0000] GC(250) Weak: 934 encountered, 705 discovered, 0 enqueued
[2025-08-01T14:45:56.721+0000] GC(250) Final: 0 encountered, 0 discovered, 0 enqueued
[2025-08-01T14:45:56.721+0000] GC(250) Phantom: 3 encountered, 1 discovered, 0 enqueued
[2025-08-01T14:45:56.721+0000] GC(250) Small Pages: 1450 / 2900M, Empty: 2360M, Relocated: 5M, In-Place: 0
[2025-08-01T14:45:56.721+0000] GC(250) Medium Pages: 1 / 32M, Empty: 0M, Relocated: 0M, In-Place: 0
[2025-08-01T14:45:56.721+0000] GC(250) Large Pages: 0 / 0M, Empty: 0M, Relocated: 0M, In-Place: 0
[2025-08-01T14:45:56.721+0000] GC(250) Forwarding Usage: 0M
[2025-08-01T14:45:56.721+0000] GC(250) Min Capacity: 4096M(100%)
[2025-08-01T14:45:56.721+0000] GC(250) Max Capacity: 4096M(100%)
[2025-08-01T14:45:56.721+0000] GC(250) Soft Max Capacity: 4096M(100%)
[2025-08-01T14:45:56.721+0000] GC(250)                Mark Start          Mark End        Relocate Start      Relocate End           High               Low         
[2025-08-01T14:45:56.721+0000] GC(250)  Capacity:     4096M (100%)       4096M (100%)       4096M (100%)       4096M (100%)       4096M (100%)       4096M (100%)   
[2025-08-01T14:45:56.721+0000] GC(250)      Free:     1164M (28%)         424M (10%)        2678M (65%)        2650M (65%)        2684M (66%)         364M (9%)     
[2025-08-01T14:45:56.721+0000] GC(250)      Used:     2932M (72%)        3672M (90%)        1418M (35%)        1446M (35%)        3732M (91%)        1412M (34%)    
[2025-08-01T14:45:56.721+0000] GC(250)      Live:         -               522M (13%)         522M (13%)         522M (13%)            -                  -          
[2025-08-01T14:45:56.721+0000] GC(250) Allocated:         -               740M (18%)         846M (21%)         886M (22%)            -                  -          
[2025-08-01T14:45:56.721+0000] GC(250)   Garbage:         -              2409M (59%)          49M (1%)           37M (1%)             -                  -          
[2025-08-01T14:45:56.721+0000] GC(250) Reclaimed:         -                  -              2360M (58%)        2372M (58%)            -                  -          
[2025-08-01T14:45:56.721+0000] GC(250) Garbage Collection (Allocation Rate) 2932M(72%)->1446M(35%)
[2025-08-01T14:45:56.893+0000] GC(251) Heap before GC invocations=251 (full 251):
[2025-08-01T14:45:56.893+0000] GC(251)  ZHeap           used 2230M, capacity 4096M, max capacity 4096M
[2025-08-01T14:45:56.893+0000] GC(251)  Metaspace       used 10643K, committed 10880K, reserved 1114112K
[2025-08-01T14:45:56.893+0000] GC(251)   class space    used 1265K, committed 1344K, reserved 1048576K
[2025-08-01T14:45:56.893+0000] GC(251) Garbage Collection (Allocation Rate)
[2025-08-01T14:45:56.893+0000] GC(251) Using 2 workers
[2025-08-01T14:45:56.893+0000] GC(251) Pause Mark Start 0.010ms
[2025-08-01T14:45:57.037+0000] GC(251) Concurrent Mark 143.638ms
[2025-08-01T14:45:57.037+0000] GC(251) Pause Mark End 0.016ms
[2025-08-01T14:45:57.037+0000] GC(251) Concurrent Mark Free 0.001ms
[2025-08-01T14:45:57.041+0000] GC(251) Concurrent Process Non-Strong References 3.643ms
[2025-08-01T14:45:57.041+0000] GC(251) Concurrent Reset Relocation Set 0.003ms
[2025-08-01T14:45:57.044+0000] GC(251) Concurrent Select Relocation Set 3.144ms
[2025-08-01T14:45:57.045+0000] GC(251) Pause Relocate Start 0.017ms
[2025-08-01T14:45:57.048+0000] GC(251) Concurrent Relocate 2.554ms
[2025-08-01T14:45:57.048+0000] GC(251) Heap after GC invocations=252 (full 252):
[2025-08-01T14:45:57.048+0000] GC(251)  ZHeap           used 1142M, capacity 4096M, max capacity 4096M
[2025-08-01T14:45:57.048+0000] GC(251)  Metaspace       used 10643K, committed 10880K, reserved 1114112K
[2025-08-01T14:45:57.048+0000] GC(251)   class space    used 1265K, committed 1344K, reserved 1048576K
[2025-08-01T14:45:57.048+0000] GC(251) Load: 1.59/0.76/0.34
[2025-08-01T14:45:57.048+0000] GC(251) MMU: 2ms/90.0%, 5ms/96.0%, 10ms/97.9%, 20ms/98.9%, 50ms/99.6%, 100ms/99.8%
[2025-08-01T14:45:57.048+0000] GC(251) Mark: 2 stripe(s), 4 proactive flush(es), 1 terminate flush(es), 0 completion(s), 0 continuation(s) 
[2025-08-01T14:45:57.048+0000] GC(251) Mark Stack Usage: 32M
[2025-08-01T14:45:57.048+0000] GC(251) NMethods: 1415 registered, 180 unregistered
[2025-08-01T14:45:57.048+0000] GC(251) Metaspace: 10M used, 10M committed, 1088M reserved
[2025-08-01T14:45:57.048+0000] GC(251) Soft: 228 encountered, 0 discovered, 0 enqueued
[2025-08-01T14:45:57.048+0000] GC(251) Weak: 934 encountered, 649 discovered, 0 enqueued
[2025-08-01T14:45:57.048+0000] GC(251) Final: 0 encountered, 0 discovered, 0 enqueued
[2025-08-01T14:45:57.048+0000] GC(251) Phantom: 3 encountered, 1 discovered, 0 enqueued
[2025-08-01T14:45:57.048+0000] GC(251) Small Pages: 1100 / 2200M, Empty: 1608M, Relocated: 5M, In-Place: 0
[2025-08-01T14:45:57.048+0000] GC(251) Medium Pages: 1 / 32M, Empty: 0M, Relocated: 0M, In-Place: 0
[2025-08-01T14:45:57.048+0000] GC(251) Large Pages: 0 / 0M, Empty: 0M, Relocated: 0M, In-Place: 0
[2025-08-01T14:45:57.048+0000] GC(251) Forwarding Usage: 0M
[2025-08-01T14:45:57.048+0000] GC(251) Min Capacity: 4096M(100%)
[2025-08-01T14:45:57.048+0000] GC(251) Max Capacity: 4096M(100%)
[2025-08-01T14:45:57.048+0000] GC(251) Soft Max Capacity: 4096M(100%)
[2025-08-01T14:45:57.048+0000] GC(251)                Mark Start          Mark End        Relocate Start      Relocate End           High               Low         
[2025-08-01T14:45:57.048+0000] GC(251)  Capacity:     4096M (100%)       4096M (100%)       4096M (100%)       4096M (100%)       4096M (100%)       4096M (100%)   
[2025-08-01T14:45:57.048+0000] GC(251)      Free:     1864M (46%)        1416M (35%)        2966M (72%)        2956M (72%)        2972M (73%)        1388M (34%)    
[2025-08-01T14:45:57.048+0000] GC(251)      Used:     2232M (54%)        2680M (65%)        1130M (28%)        1140M (28%)        2708M (66%)        1124M (27%)    
[2025-08-01T14:45:57.048+0000] GC(251)      Live:         -               572M (14%)         572M (14%)         572M (14%)            -                  -          
[2025-08-01T14:45:57.048+0000] GC(251) Allocated:         -               448M (11%)         506M (12%)         528M (13%)            -                  -          
[2025-08-01T14:45:57.048+0000] GC(251)   Garbage:         -              1659M (41%)          51M (1%)           39M (1%)             -                  -          
[2025-08-01T14:45:57.048+0000] GC(251) Reclaimed:         -                  -              1608M (39%)        1620M (40%)            -                  -          
[2025-08-01T14:45:57.048+0000] GC(251) Garbage Collection (Allocation Rate) 2232M(54%)->1140M(28%)
[2025-08-01T14:45:57.295+0000] GC(252) Heap before GC invocations=252 (full 252):
[2025-08-01T14:45:57.295+0000] GC(252)  ZHeap           used 2404M, capacity 4096M, max capacity 4096M
[2025-08-01T14:45:57.295+0000] GC(252)  Metaspace       used 10643K, committed 10880K, reserved 1114112K
[2025-08-01T14:45:57.295+0000] GC(252)   class space    used 1265K, committed 1344K, reserved 1048576K
[2025-08-01T14:45:57.295+0000] GC(252) Garbage Collection (Allocation Rate)
[2025-08-01T14:45:57.295+0000] GC(252) Using 2 workers
[2025-08-01T14:45:57.296+0000] GC(252) Pause Mark Start 0.022ms
[2025-08-01T14:45:57.392+0000] GC(252) Concurrent Mark 95.133ms
[2025-08-01T14:45:57.392+0000] GC(252) Pause Mark End 0.018ms
[2025-08-01T14:45:57.392+0000] GC(252) Concurrent Mark Free 0.001ms
[2025-08-01T14:45:57.394+0000] GC(252) Concurrent Process Non-Strong References 2.071ms
[2025-08-01T14:45:57.394+0000] GC(252) Concurrent Reset Relocation Set 0.002ms
[2025-08-01T14:45:57.398+0000] GC(252) Concurrent Select Relocation Set 3.641ms
[2025-08-01T14:45:57.399+0000] GC(252) Pause Relocate Start 0.013ms
[2025-08-01T14:45:57.400+0000] GC(252) Concurrent Relocate 1.717ms
[2025-08-01T14:45:57.401+0000] GC(252) Heap after GC invocations=253 (full 253):
[2025-08-01T14:45:57.401+0000] GC(252)  ZHeap           used 970M, capacity 4096M, max capacity 4096M
[2025-08-01T14:45:57.401+0000] GC(252)  Metaspace       used 10643K, committed 10880K, reserved 1114112K
[2025-08-01T14:45:57.401+0000] GC(252)   class space    used 1265K, committed 1344K, reserved 1048576K
[2025-08-01T14:45:57.401+0000] GC(252) Load: 1.59/0.76/0.34
[2025-08-01T14:45:57.401+0000] GC(252) MMU: 2ms/90.0%, 5ms/96.0%, 10ms/97.9%, 20ms/98.9%, 50ms/99.6%, 100ms/99.8%
[2025-08-01T14:45:57.401+0000] GC(252) Mark: 2 stripe(s), 2 proactive flush(es), 1 terminate flush(es), 0 completion(s), 0 continuation(s) 
[2025-08-01T14:45:57.401+0000] GC(252) Mark Stack Usage: 32M
[2025-08-01T14:45:57.401+0000] GC(252) NMethods: 1415 registered, 180 unregistered
[2025-08-01T14:45:57.401+0000] GC(252) Metaspace: 10M used, 10M committed, 1088M reserved
[2025-08-01T14:45:57.401+0000] GC(252) Soft: 228 encountered, 0 discovered, 0 enqueued
[2025-08-01T14:45:57.401+0000] GC(252) Weak: 934 encountered, 680 discovered, 0 enqueued
[2025-08-01T14:45:57.401+0000] GC(252) Final: 0 encountered, 0 discovered, 0 enqueued
[2025-08-01T14:45:57.401+0000] GC(252) Phantom: 3 encountered, 1 discovered, 0 enqueued
[2025-08-01T14:45:57.401+0000] GC(252) Small Pages: 1189 / 2378M, Empty: 1930M, Relocated: 4M, In-Place: 0
[2025-08-01T14:45:57.401+0000] GC(252) Medium Pages: 1 / 32M, Empty: 0M, Relocated: 0M, In-Place: 0
[2025-08-01T14:45:57.401+0000] GC(252) Large Pages: 0 / 0M, Empty: 0M, Relocated: 0M, In-Place: 0
[2025-08-01T14:45:57.401+0000] GC(252) Forwarding Usage: 0M
[2025-08-01T14:45:57.401+0000] GC(252) Min Capacity: 4096M(100%)
[2025-08-01T14:45:57.401+0000] GC(252) Max Capacity: 4096M(100%)
[2025-08-01T14:45:57.401+0000] GC(252) Soft Max Capacity: 4096M(100%)
[2025-08-01T14:45:57.401+0000] GC(252)                Mark Start          Mark End        Relocate Start      Relocate End           High               Low         
[2025-08-01T14:45:57.401+0000] GC(252)  Capacity:     4096M (100%)       4096M (100%)       4096M (100%)       4096M (100%)       4096M (100%)       4096M (100%)   
[2025-08-01T14:45:57.401+0000] GC(252)      Free:     1686M (41%)        1222M (30%)        3128M (76%)        3128M (76%)        3138M (77%)        1218M (30%)    
[2025-08-01T14:45:57.401+0000] GC(252)      Used:     2410M (59%)        2874M (70%)         968M (24%)         968M (24%)        2878M (70%)         958M (23%)    
[2025-08-01T14:45:57.401+0000] GC(252)      Live:         -               432M (11%)         432M (11%)         432M (11%)            -                  -          
[2025-08-01T14:45:57.401+0000] GC(252) Allocated:         -               464M (11%)         488M (12%)         496M (12%)            -                  -          
[2025-08-01T14:45:57.401+0000] GC(252)   Garbage:         -              1977M (48%)          47M (1%)           39M (1%)             -                  -          
[2025-08-01T14:45:57.401+0000] GC(252) Reclaimed:         -                  -              1930M (47%)        1938M (47%)            -                  -          
[2025-08-01T14:45:57.401+0000] GC(252) Garbage Collection (Allocation Rate) 2410M(59%)->968M(24%)
[2025-08-01T14:45:57.693+0000] GC(253) Heap before GC invocations=253 (full 253):
[2025-08-01T14:45:57.693+0000] GC(253)  ZHeap           used 2448M, capacity 4096M, max capacity 4096M
[2025-08-01T14:45:57.693+0000] GC(253)  Metaspace       used 10643K, committed 10880K, reserved 1114112K
[2025-08-01T14:45:57.693+0000] GC(253)   class space    used 1265K, committed 1344K, reserved 1048576K
[2025-08-01T14:45:57.693+0000] GC(253) Garbage Collection (Allocation Rate)
[2025-08-01T14:45:57.693+0000] GC(253) Using 2 workers
[2025-08-01T14:45:57.693+0000] GC(253) Pause Mark Start 0.014ms
[2025-08-01T14:45:57.844+0000] GC(253) Concurrent Mark 150.339ms
[2025-08-01T14:45:57.844+0000] GC(253) Pause Mark End 0.018ms
[2025-08-01T14:45:57.844+0000] GC(253) Concurrent Mark Free 0.002ms
[2025-08-01T14:45:57.848+0000] GC(253) Concurrent Process Non-Strong References 3.789ms
[2025-08-01T14:45:57.848+0000] GC(253) Concurrent Reset Relocation Set 0.003ms
[2025-08-01T14:45:57.852+0000] GC(253) Concurrent Select Relocation Set 4.163ms
[2025-08-01T14:45:57.853+0000] GC(253) Pause Relocate Start 0.011ms
[2025-08-01T14:45:57.855+0000] GC(253) Concurrent Relocate 2.317ms
[2025-08-01T14:45:57.855+0000] GC(253) Heap after GC invocations=254 (full 254):
[2025-08-01T14:45:57.855+0000] GC(253)  ZHeap           used 1576M, capacity 4096M, max capacity 4096M
[2025-08-01T14:45:57.855+0000] GC(253)  Metaspace       used 10643K, committed 10880K, reserved 1114112K
[2025-08-01T14:45:57.855+0000] GC(253)   class space    used 1265K, committed 1344K, reserved 1048576K
[2025-08-01T14:45:57.855+0000] GC(253) Load: 1.59/0.76/0.34
[2025-08-01T14:45:57.855+0000] GC(253) MMU: 2ms/90.0%, 5ms/96.0%, 10ms/97.9%, 20ms/98.9%, 50ms/99.6%, 100ms/99.8%
[2025-08-01T14:45:57.855+0000] GC(253) Mark: 2 stripe(s), 2 proactive flush(es), 1 terminate flush(es), 0 completion(s), 0 continuation(s) 
[2025-08-01T14:45:57.855+0000] GC(253) Mark Stack Usage: 32M
[2025-08-01T14:45:57.855+0000] GC(253) NMethods: 1415 registered, 180 unregistered
[2025-08-01T14:45:57.855+0000] GC(253) Metaspace: 10M used, 10M committed, 1088M reserved
[2025-08-01T14:45:57.855+0000] GC(253) Soft: 228 encountered, 0 discovered, 0 enqueued
[2025-08-01T14:45:57.856+0000] GC(253) Weak: 934 encountered, 677 discovered, 0 enqueued
[2025-08-01T14:45:57.856+0000] GC(253) Final: 0 encountered, 0 discovered, 0 enqueued
[2025-08-01T14:45:57.856+0000] GC(253) Phantom: 3 encountered, 1 discovered, 0 enqueued
[2025-08-01T14:45:57.856+0000] GC(253) Small Pages: 1208 / 2416M, Empty: 1724M, Relocated: 4M, In-Place: 0
[2025-08-01T14:45:57.856+0000] GC(253) Medium Pages: 1 / 32M, Empty: 0M, Relocated: 0M, In-Place: 0
[2025-08-01T14:45:57.856+0000] GC(253) Large Pages: 0 / 0M, Empty: 0M, Relocated: 0M, In-Place: 0
[2025-08-01T14:45:57.856+0000] GC(253) Forwarding Usage: 0M
[2025-08-01T14:45:57.856+0000] GC(253) Min Capacity: 4096M(100%)
[2025-08-01T14:45:57.856+0000] GC(253) Max Capacity: 4096M(100%)
[2025-08-01T14:45:57.856+0000] GC(253) Soft Max Capacity: 4096M(100%)
[2025-08-01T14:45:57.856+0000] GC(253)                Mark Start          Mark End        Relocate Start      Relocate End           High               Low         
[2025-08-01T14:45:57.856+0000] GC(253)  Capacity:     4096M (100%)       4096M (100%)       4096M (100%)       4096M (100%)       4096M (100%)       4096M (100%)   
[2025-08-01T14:45:57.856+0000] GC(253)      Free:     1648M (40%)         866M (21%)        2522M (62%)        2520M (62%)        2528M (62%)         832M (20%)    
[2025-08-01T14:45:57.856+0000] GC(253)      Used:     2448M (60%)        3230M (79%)        1574M (38%)        1576M (38%)        3264M (80%)        1568M (38%)    
[2025-08-01T14:45:57.856+0000] GC(253)      Live:         -               673M (16%)         673M (16%)         673M (16%)            -                  -          
[2025-08-01T14:45:57.856+0000] GC(253) Allocated:         -               782M (19%)         850M (21%)         862M (21%)            -                  -          
[2025-08-01T14:45:57.856+0000] GC(253)   Garbage:         -              1774M (43%)          50M (1%)           40M (1%)             -                  -          
[2025-08-01T14:45:57.856+0000] GC(253) Reclaimed:         -                  -              1724M (42%)        1734M (42%)            -                  -          
[2025-08-01T14:45:57.856+0000] GC(253) Garbage Collection (Allocation Rate) 2448M(60%)->1576M(38%)
[2025-08-01T14:45:57.994+0000] GC(254) Heap before GC invocations=254 (full 254):
[2025-08-01T14:45:57.994+0000] GC(254)  ZHeap           used 2230M, capacity 4096M, max capacity 4096M
[2025-08-01T14:45:57.994+0000] GC(254)  Metaspace       used 10643K, committed 10880K, reserved 1114112K
[2025-08-01T14:45:57.994+0000] GC(254)   class space    used 1265K, committed 1344K, reserved 1048576K
[2025-08-01T14:45:57.994+0000] GC(254) Garbage Collection (Allocation Rate)
[2025-08-01T14:45:57.994+0000] GC(254) Using 2 workers
[2025-08-01T14:45:57.994+0000] GC(254) Pause Mark Start 0.011ms
[2025-08-01T14:45:58.112+0000] GC(254) Concurrent Mark 117.625ms
[2025-08-01T14:45:58.112+0000] GC(254) Pause Mark End 0.018ms
[2025-08-01T14:45:58.112+0000] GC(254) Concurrent Mark Free 0.001ms
[2025-08-01T14:45:58.116+0000] GC(254) Concurrent Process Non-Strong References 3.916ms
[2025-08-01T14:45:58.116+0000] GC(254) Concurrent Reset Relocation Set 0.003ms
[2025-08-01T14:45:58.121+0000] GC(254) Concurrent Select Relocation Set 4.238ms
[2025-08-01T14:45:58.122+0000] GC(254) Pause Relocate Start 0.010ms
[2025-08-01T14:45:58.123+0000] GC(254) Concurrent Relocate 0.778ms
[2025-08-01T14:45:58.123+0000] GC(254) Heap after GC invocations=255 (full 255):
[2025-08-01T14:45:58.123+0000] GC(254)  ZHeap           used 1158M, capacity 4096M, max capacity 4096M
[2025-08-01T14:45:58.123+0000] GC(254)  Metaspace       used 10643K, committed 10880K, reserved 1114112K
[2025-08-01T14:45:58.123+0000] GC(254)   class space    used 1265K, committed 1344K, reserved 1048576K
[2025-08-01T14:45:58.123+0000] GC(254) Load: 1.59/0.76/0.34
[2025-08-01T14:45:58.123+0000] GC(254) MMU: 2ms/90.0%, 5ms/96.0%, 10ms/97.9%, 20ms/98.9%, 50ms/99.6%, 100ms/99.8%
[2025-08-01T14:45:58.123+0000] GC(254) Mark: 2 stripe(s), 7 proactive flush(es), 1 terminate flush(es), 0 completion(s), 0 continuation(s) 
[2025-08-01T14:45:58.123+0000] GC(254) Mark Stack Usage: 32M
[2025-08-01T14:45:58.123+0000] GC(254) NMethods: 1415 registered, 180 unregistered
[2025-08-01T14:45:58.123+0000] GC(254) Metaspace: 10M used, 10M committed, 1088M reserved
[2025-08-01T14:45:58.123+0000] GC(254) Soft: 228 encountered, 0 discovered, 0 enqueued
[2025-08-01T14:45:58.123+0000] GC(254) Weak: 934 encountered, 685 discovered, 0 enqueued
[2025-08-01T14:45:58.123+0000] GC(254) Final: 0 encountered, 0 discovered, 0 enqueued
[2025-08-01T14:45:58.123+0000] GC(254) Phantom: 3 encountered, 1 discovered, 0 enqueued
[2025-08-01T14:45:58.123+0000] GC(254) Small Pages: 1099 / 2198M, Empty: 1632M, Relocated: 1M, In-Place: 0
[2025-08-01T14:45:58.123+0000] GC(254) Medium Pages: 1 / 32M, Empty: 0M, Relocated: 0M, In-Place: 0
[2025-08-01T14:45:58.123+0000] GC(254) Large Pages: 0 / 0M, Empty: 0M, Relocated: 0M, In-Place: 0
[2025-08-01T14:45:58.123+0000] GC(254) Forwarding Usage: 0M
[2025-08-01T14:45:58.123+0000] GC(254) Min Capacity: 4096M(100%)
[2025-08-01T14:45:58.123+0000] GC(254) Max Capacity: 4096M(100%)
[2025-08-01T14:45:58.123+0000] GC(254) Soft Max Capacity: 4096M(100%)
[2025-08-01T14:45:58.123+0000] GC(254)                Mark Start          Mark End        Relocate Start      Relocate End           High               Low         
[2025-08-01T14:45:58.123+0000] GC(254)  Capacity:     4096M (100%)       4096M (100%)       4096M (100%)       4096M (100%)       4096M (100%)       4096M (100%)   
[2025-08-01T14:45:58.123+0000] GC(254)      Free:     1866M (46%)        1376M (34%)        2938M (72%)        2938M (72%)        2944M (72%)        1340M (33%)    
[2025-08-01T14:45:58.123+0000] GC(254)      Used:     2230M (54%)        2720M (66%)        1158M (28%)        1158M (28%)        2756M (67%)        1152M (28%)    
[2025-08-01T14:45:58.123+0000] GC(254)      Live:         -               551M (13%)         551M (13%)         551M (13%)            -                  -          
[2025-08-01T14:45:58.123+0000] GC(254) Allocated:         -               490M (12%)         560M (14%)         566M (14%)            -                  -          
[2025-08-01T14:45:58.123+0000] GC(254)   Garbage:         -              1678M (41%)          46M (1%)           40M (1%)             -                  -          
[2025-08-01T14:45:58.123+0000] GC(254) Reclaimed:         -                  -              1632M (40%)        1638M (40%)            -                  -          
[2025-08-01T14:45:58.123+0000] GC(254) Garbage Collection (Allocation Rate) 2230M(54%)->1158M(28%)
[2025-08-01T14:45:58.393+0000] GC(255) Heap before GC invocations=255 (full 255):
[2025-08-01T14:45:58.393+0000] GC(255)  ZHeap           used 2536M, capacity 4096M, max capacity 4096M
[2025-08-01T14:45:58.393+0000] GC(255)  Metaspace       used 10643K, committed 10880K, reserved 1114112K
[2025-08-01T14:45:58.393+0000] GC(255)   class space    used 1265K, committed 1344K, reserved 1048576K
[2025-08-01T14:45:58.393+0000] GC(255) Garbage Collection (Allocation Rate)
[2025-08-01T14:45:58.393+0000] GC(255) Using 2 workers
[2025-08-01T14:45:58.393+0000] GC(255) Pause Mark Start 0.009ms
[2025-08-01T14:45:58.524+0000] GC(255) Concurrent Mark 130.972ms
[2025-08-01T14:45:58.525+0000] GC(255) Pause Mark End 0.016ms
[2025-08-01T14:45:58.525+0000] GC(255) Concurrent Mark Free 0.001ms
[2025-08-01T14:45:58.527+0000] GC(255) Concurrent Process Non-Strong References 2.537ms
[2025-08-01T14:45:58.528+0000] GC(255) Concurrent Reset Relocation Set 0.002ms
[2025-08-01T14:45:58.531+0000] GC(255) Concurrent Select Relocation Set 3.089ms
[2025-08-01T14:45:58.531+0000] GC(255) Pause Relocate Start 0.031ms
[2025-08-01T14:45:58.532+0000] GC(255) Concurrent Relocate 0.847ms
[2025-08-01T14:45:58.532+0000] GC(255) Heap after GC invocations=256 (full 256):
[2025-08-01T14:45:58.532+0000] GC(255)  ZHeap           used 1350M, capacity 4096M, max capacity 4096M
[2025-08-01T14:45:58.532+0000] GC(255)  Metaspace       used 10643K, committed 10880K, reserved 1114112K
[2025-08-01T14:45:58.532+0000] GC(255)   class space    used 1265K, committed 1344K, reserved 1048576K
[2025-08-01T14:45:58.532+0000] GC(255) Load: 1.59/0.76/0.34
[2025-08-01T14:45:58.532+0000] GC(255) MMU: 2ms/90.0%, 5ms/96.0%, 10ms/97.9%, 20ms/98.9%, 50ms/99.6%, 100ms/99.8%
[2025-08-01T14:45:58.532+0000] GC(255) Mark: 2 stripe(s), 2 proactive flush(es), 1 terminate flush(es), 0 completion(s), 0 continuation(s) 
[2025-08-01T14:45:58.532+0000] GC(255) Mark Stack Usage: 32M
[2025-08-01T14:45:58.532+0000] GC(255) NMethods: 1415 registered, 180 unregistered
[2025-08-01T14:45:58.532+0000] GC(255) Metaspace: 10M used, 10M committed, 1088M reserved
[2025-08-01T14:45:58.532+0000] GC(255) Soft: 228 encountered, 0 discovered, 0 enqueued
[2025-08-01T14:45:58.532+0000] GC(255) Weak: 934 encountered, 724 discovered, 0 enqueued
[2025-08-01T14:45:58.532+0000] GC(255) Final: 0 encountered, 0 discovered, 0 enqueued
[2025-08-01T14:45:58.532+0000] GC(255) Phantom: 3 encountered, 1 discovered, 0 enqueued
[2025-08-01T14:45:58.532+0000] GC(255) Small Pages: 1252 / 2504M, Empty: 1912M, Relocated: 2M, In-Place: 0
[2025-08-01T14:45:58.532+0000] GC(255) Medium Pages: 1 / 32M, Empty: 0M, Relocated: 0M, In-Place: 0
[2025-08-01T14:45:58.532+0000] GC(255) Large Pages: 0 / 0M, Empty: 0M, Relocated: 0M, In-Place: 0
[2025-08-01T14:45:58.532+0000] GC(255) Forwarding Usage: 0M
[2025-08-01T14:45:58.532+0000] GC(255) Min Capacity: 4096M(100%)
[2025-08-01T14:45:58.532+0000] GC(255) Max Capacity: 4096M(100%)
[2025-08-01T14:45:58.532+0000] GC(255) Soft Max Capacity: 4096M(100%)
[2025-08-01T14:45:58.532+0000] GC(255)                Mark Start          Mark End        Relocate Start      Relocate End           High               Low         
[2025-08-01T14:45:58.532+0000] GC(255)  Capacity:     4096M (100%)       4096M (100%)       4096M (100%)       4096M (100%)       4096M (100%)       4096M (100%)   
[2025-08-01T14:45:58.532+0000] GC(255)      Free:     1560M (38%)         832M (20%)        2734M (67%)        2746M (67%)        2746M (67%)         822M (20%)    
[2025-08-01T14:45:58.532+0000] GC(255)      Used:     2536M (62%)        3264M (80%)        1362M (33%)        1350M (33%)        3274M (80%)        1350M (33%)    
[2025-08-01T14:45:58.532+0000] GC(255)      Live:         -               571M (14%)         571M (14%)         571M (14%)            -                  -          
[2025-08-01T14:45:58.532+0000] GC(255) Allocated:         -               728M (18%)         738M (18%)         738M (18%)            -                  -          
[2025-08-01T14:45:58.532+0000] GC(255)   Garbage:         -              1964M (48%)          52M (1%)           40M (1%)             -                  -          
[2025-08-01T14:45:58.532+0000] GC(255) Reclaimed:         -                  -              1912M (47%)        1924M (47%)            -                  -          
[2025-08-01T14:45:58.532+0000] GC(255) Garbage Collection (Allocation Rate) 2536M(62%)->1350M(33%)
[2025-08-01T14:45:58.793+0000] GC(256) Heap before GC invocations=256 (full 256):
[2025-08-01T14:45:58.794+0000] GC(256)  ZHeap           used 2628M, capacity 4096M, max capacity 4096M
[2025-08-01T14:45:58.794+0000] GC(256)  Metaspace       used 10643K, committed 10880K, reserved 1114112K
[2025-08-01T14:45:58.794+0000] GC(256)   class space    used 1265K, committed 1344K, reserved 1048576K
[2025-08-01T14:45:58.794+0000] GC(256) Garbage Collection (Allocation Rate)
[2025-08-01T14:45:58.794+0000] GC(256) Using 2 workers
[2025-08-01T14:45:58.794+0000] GC(256) Pause Mark Start 0.007ms
[2025-08-01T14:45:58.930+0000] GC(256) Concurrent Mark 136.345ms
[2025-08-01T14:45:58.931+0000] GC(256) Pause Mark End 0.033ms
[2025-08-01T14:45:58.931+0000] GC(256) Concurrent Mark Free 0.004ms
[2025-08-01T14:45:58.940+0000] GC(256) Concurrent Process Non-Strong References 8.866ms
[2025-08-01T14:45:58.941+0000] GC(256) Concurrent Reset Relocation Set 0.004ms
[2025-08-01T14:45:58.945+0000] GC(256) Concurrent Select Relocation Set 4.566ms
[2025-08-01T14:45:58.946+0000] GC(256) Pause Relocate Start 0.015ms
[2025-08-01T14:45:58.947+0000] GC(256) Concurrent Relocate 1.609ms
[2025-08-01T14:45:58.947+0000] GC(256) Heap after GC invocations=257 (full 257):
[2025-08-01T14:45:58.947+0000] GC(256)  ZHeap           used 1152M, capacity 4096M, max capacity 4096M
[2025-08-01T14:45:58.947+0000] GC(256)  Metaspace       used 10643K, committed 10880K, reserved 1114112K
[2025-08-01T14:45:58.947+0000] GC(256)   class space    used 1265K, committed 1344K, reserved 1048576K
[2025-08-01T14:45:58.948+0000] GC(256) Load: 1.59/0.76/0.34
[2025-08-01T14:45:58.948+0000] GC(256) MMU: 2ms/90.0%, 5ms/96.0%, 10ms/97.9%, 20ms/98.9%, 50ms/99.6%, 100ms/99.8%
[2025-08-01T14:45:58.948+0000] GC(256) Mark: 2 stripe(s), 3 proactive flush(es), 1 terminate flush(es), 0 completion(s), 0 continuation(s) 
[2025-08-01T14:45:58.948+0000] GC(256) Mark Stack Usage: 32M
[2025-08-01T14:45:58.948+0000] GC(256) NMethods: 1415 registered, 180 unregistered
[2025-08-01T14:45:58.948+0000] GC(256) Metaspace: 10M used, 10M committed, 1088M reserved
[2025-08-01T14:45:58.948+0000] GC(256) Soft: 228 encountered, 0 discovered, 0 enqueued
[2025-08-01T14:45:58.948+0000] GC(256) Weak: 934 encountered, 701 discovered, 0 enqueued
[2025-08-01T14:45:58.948+0000] GC(256) Final: 0 encountered, 0 discovered, 0 enqueued
[2025-08-01T14:45:58.948+0000] GC(256) Phantom: 3 encountered, 1 discovered, 0 enqueued
[2025-08-01T14:45:58.948+0000] GC(256) Small Pages: 1298 / 2596M, Empty: 2152M, Relocated: 3M, In-Place: 0
[2025-08-01T14:45:58.948+0000] GC(256) Medium Pages: 1 / 32M, Empty: 0M, Relocated: 0M, In-Place: 0
[2025-08-01T14:45:58.948+0000] GC(256) Large Pages: 0 / 0M, Empty: 0M, Relocated: 0M, In-Place: 0
[2025-08-01T14:45:58.948+0000] GC(256) Forwarding Usage: 0M
[2025-08-01T14:45:58.948+0000] GC(256) Min Capacity: 4096M(100%)
[2025-08-01T14:45:58.948+0000] GC(256) Max Capacity: 4096M(100%)
[2025-08-01T14:45:58.948+0000] GC(256) Soft Max Capacity: 4096M(100%)
[2025-08-01T14:45:58.948+0000] GC(256)                Mark Start          Mark End        Relocate Start      Relocate End           High               Low         
[2025-08-01T14:45:58.948+0000] GC(256)  Capacity:     4096M (100%)       4096M (100%)       4096M (100%)       4096M (100%)       4096M (100%)       4096M (100%)   
[2025-08-01T14:45:58.948+0000] GC(256)      Free:     1468M (36%)         884M (22%)        2946M (72%)        2946M (72%)        2950M (72%)         832M (20%)    
[2025-08-01T14:45:58.948+0000] GC(256)      Used:     2628M (64%)        3212M (78%)        1150M (28%)        1150M (28%)        3264M (80%)        1146M (28%)    
[2025-08-01T14:45:58.948+0000] GC(256)      Live:         -               428M (10%)         428M (10%)         428M (10%)            -                  -          
[2025-08-01T14:45:58.948+0000] GC(256) Allocated:         -               584M (14%)         674M (16%)         684M (17%)            -                  -          
[2025-08-01T14:45:58.948+0000] GC(256)   Garbage:         -              2199M (54%)          47M (1%)           37M (1%)             -                  -          
[2025-08-01T14:45:58.948+0000] GC(256) Reclaimed:         -                  -              2152M (53%)        2162M (53%)            -                  -          
[2025-08-01T14:45:58.948+0000] GC(256) Garbage Collection (Allocation Rate) 2628M(64%)->1150M(28%)
[2025-08-01T14:45:59.293+0000] GC(257) Heap before GC invocations=257 (full 257):
[2025-08-01T14:45:59.293+0000] GC(257)  ZHeap           used 2850M, capacity 4096M, max capacity 4096M
[2025-08-01T14:45:59.293+0000] GC(257)  Metaspace       used 10643K, committed 10880K, reserved 1114112K
[2025-08-01T14:45:59.293+0000] GC(257)   class space    used 1265K, committed 1344K, reserved 1048576K
[2025-08-01T14:45:59.293+0000] GC(257) Garbage Collection (Allocation Rate)
[2025-08-01T14:45:59.293+0000] GC(257) Using 2 workers
[2025-08-01T14:45:59.294+0000] GC(257) Pause Mark Start 0.013ms
[2025-08-01T14:45:59.407+0000] GC(257) Concurrent Mark 112.035ms
[2025-08-01T14:45:59.408+0000] GC(257) Pause Mark End 0.019ms
[2025-08-01T14:45:59.408+0000] GC(257) Concurrent Mark Free 0.003ms
[2025-08-01T14:45:59.413+0000] GC(257) Concurrent Process Non-Strong References 4.762ms
[2025-08-01T14:45:59.413+0000] GC(257) Concurrent Reset Relocation Set 0.002ms
[2025-08-01T14:45:59.416+0000] GC(257) Concurrent Select Relocation Set 3.465ms
[2025-08-01T14:45:59.417+0000] GC(257) Pause Relocate Start 0.020ms
[2025-08-01T14:45:59.419+0000] GC(257) Concurrent Relocate 2.058ms
[2025-08-01T14:45:59.419+0000] GC(257) Heap after GC invocations=258 (full 258):
[2025-08-01T14:45:59.419+0000] GC(257)  ZHeap           used 1192M, capacity 4096M, max capacity 4096M
[2025-08-01T14:45:59.419+0000] GC(257)  Metaspace       used 10643K, committed 10880K, reserved 1114112K
[2025-08-01T14:45:59.419+0000] GC(257)   class space    used 1265K, committed 1344K, reserved 1048576K
[2025-08-01T14:45:59.419+0000] GC(257) Load: 1.59/0.76/0.34
[2025-08-01T14:45:59.419+0000] GC(257) MMU: 2ms/90.0%, 5ms/96.0%, 10ms/97.9%, 20ms/98.9%, 50ms/99.6%, 100ms/99.8%
[2025-08-01T14:45:59.420+0000] GC(257) Mark: 2 stripe(s), 2 proactive flush(es), 1 terminate flush(es), 0 completion(s), 0 continuation(s) 
[2025-08-01T14:45:59.420+0000] GC(257) Mark Stack Usage: 32M
[2025-08-01T14:45:59.420+0000] GC(257) NMethods: 1415 registered, 180 unregistered
[2025-08-01T14:45:59.420+0000] GC(257) Metaspace: 10M used, 10M committed, 1088M reserved
[2025-08-01T14:45:59.420+0000] GC(257) Soft: 228 encountered, 0 discovered, 0 enqueued
[2025-08-01T14:45:59.420+0000] GC(257) Weak: 934 encountered, 711 discovered, 0 enqueued
[2025-08-01T14:45:59.420+0000] GC(257) Final: 0 encountered, 0 discovered, 0 enqueued
[2025-08-01T14:45:59.420+0000] GC(257) Phantom: 3 encountered, 2 discovered, 0 enqueued
[2025-08-01T14:45:59.420+0000] GC(257) Small Pages: 1410 / 2820M, Empty: 2308M, Relocated: 4M, In-Place: 0
[2025-08-01T14:45:59.420+0000] GC(257) Medium Pages: 1 / 32M, Empty: 0M, Relocated: 0M, In-Place: 0
[2025-08-01T14:45:59.420+0000] GC(257) Large Pages: 0 / 0M, Empty: 0M, Relocated: 0M, In-Place: 0
[2025-08-01T14:45:59.420+0000] GC(257) Forwarding Usage: 0M
[2025-08-01T14:45:59.420+0000] GC(257) Min Capacity: 4096M(100%)
[2025-08-01T14:45:59.420+0000] GC(257) Max Capacity: 4096M(100%)
[2025-08-01T14:45:59.420+0000] GC(257) Soft Max Capacity: 4096M(100%)
[2025-08-01T14:45:59.420+0000] GC(257)                Mark Start          Mark End        Relocate Start      Relocate End           High               Low         
[2025-08-01T14:45:59.420+0000] GC(257)  Capacity:     4096M (100%)       4096M (100%)       4096M (100%)       4096M (100%)       4096M (100%)       4096M (100%)   
[2025-08-01T14:45:59.420+0000] GC(257)      Free:     1244M (30%)         638M (16%)        2910M (71%)        2904M (71%)        2920M (71%)         618M (15%)    
[2025-08-01T14:45:59.420+0000] GC(257)      Used:     2852M (70%)        3458M (84%)        1186M (29%)        1192M (29%)        3478M (85%)        1176M (29%)    
[2025-08-01T14:45:59.420+0000] GC(257)      Live:         -               497M (12%)         497M (12%)         497M (12%)            -                  -          
[2025-08-01T14:45:59.420+0000] GC(257) Allocated:         -               606M (15%)         642M (16%)         655M (16%)            -                  -          
[2025-08-01T14:45:59.420+0000] GC(257)   Garbage:         -              2354M (57%)          46M (1%)           38M (1%)             -                  -          
[2025-08-01T14:45:59.420+0000] GC(257) Reclaimed:         -                  -              2308M (56%)        2315M (57%)            -                  -          
[2025-08-01T14:45:59.420+0000] GC(257) Garbage Collection (Allocation Rate) 2852M(70%)->1192M(29%)
[2025-08-01T14:45:59.795+0000] GC(258) Heap before GC invocations=258 (full 258):
[2025-08-01T14:45:59.795+0000] GC(258)  ZHeap           used 3038M, capacity 4096M, max capacity 4096M
[2025-08-01T14:45:59.795+0000] GC(258)  Metaspace       used 10643K, committed 10880K, reserved 1114112K
[2025-08-01T14:45:59.795+0000] GC(258)   class space    used 1265K, committed 1344K, reserved 1048576K
[2025-08-01T14:45:59.795+0000] GC(258) Garbage Collection (Allocation Rate)
[2025-08-01T14:45:59.795+0000] GC(258) Using 2 workers
[2025-08-01T14:45:59.796+0000] GC(258) Pause Mark Start 0.016ms
[2025-08-01T14:45:59.891+0000] GC(258) Concurrent Mark 95.462ms
[2025-08-01T14:45:59.892+0000] GC(258) Pause Mark End 0.025ms
[2025-08-01T14:45:59.892+0000] GC(258) Concurrent Mark Free 0.002ms
[2025-08-01T14:45:59.895+0000] GC(258) Concurrent Process Non-Strong References 3.138ms
[2025-08-01T14:45:59.895+0000] GC(258) Concurrent Reset Relocation Set 0.003ms
[2025-08-01T14:45:59.899+0000] GC(258) Concurrent Select Relocation Set 4.138ms
[2025-08-01T14:45:59.900+0000] GC(258) Pause Relocate Start 0.015ms
[2025-08-01T14:45:59.905+0000] GC(258) Concurrent Relocate 4.553ms
[2025-08-01T14:45:59.905+0000] GC(258) Heap after GC invocations=259 (full 259):
[2025-08-01T14:45:59.905+0000] GC(258)  ZHeap           used 946M, capacity 4096M, max capacity 4096M
[2025-08-01T14:45:59.905+0000] GC(258)  Metaspace       used 10643K, committed 10880K, reserved 1114112K
[2025-08-01T14:45:59.905+0000] GC(258)   class space    used 1265K, committed 1344K, reserved 1048576K
[2025-08-01T14:45:59.905+0000] GC(258) Load: 1.59/0.76/0.34
[2025-08-01T14:45:59.905+0000] GC(258) MMU: 2ms/90.0%, 5ms/96.0%, 10ms/97.9%, 20ms/98.9%, 50ms/99.6%, 100ms/99.8%
[2025-08-01T14:45:59.905+0000] GC(258) Mark: 2 stripe(s), 2 proactive flush(es), 1 terminate flush(es), 0 completion(s), 0 continuation(s) 
[2025-08-01T14:45:59.905+0000] GC(258) Mark Stack Usage: 32M
[2025-08-01T14:45:59.905+0000] GC(258) NMethods: 1415 registered, 180 unregistered
[2025-08-01T14:45:59.905+0000] GC(258) Metaspace: 10M used, 10M committed, 1088M reserved
[2025-08-01T14:45:59.905+0000] GC(258) Soft: 228 encountered, 0 discovered, 0 enqueued
[2025-08-01T14:45:59.905+0000] GC(258) Weak: 934 encountered, 723 discovered, 0 enqueued
[2025-08-01T14:45:59.905+0000] GC(258) Final: 0 encountered, 0 discovered, 0 enqueued
[2025-08-01T14:45:59.905+0000] GC(258) Phantom: 3 encountered, 1 discovered, 0 enqueued
[2025-08-01T14:45:59.905+0000] GC(258) Small Pages: 1505 / 3010M, Empty: 2562M, Relocated: 10M, In-Place: 0
[2025-08-01T14:45:59.905+0000] GC(258) Medium Pages: 1 / 32M, Empty: 0M, Relocated: 0M, In-Place: 0
[2025-08-01T14:45:59.905+0000] GC(258) Large Pages: 0 / 0M, Empty: 0M, Relocated: 0M, In-Place: 0
[2025-08-01T14:45:59.905+0000] GC(258) Forwarding Usage: 0M
[2025-08-01T14:45:59.905+0000] GC(258) Min Capacity: 4096M(100%)
[2025-08-01T14:45:59.905+0000] GC(258) Max Capacity: 4096M(100%)
[2025-08-01T14:45:59.905+0000] GC(258) Soft Max Capacity: 4096M(100%)
[2025-08-01T14:45:59.905+0000] GC(258)                Mark Start          Mark End        Relocate Start      Relocate End           High               Low         
[2025-08-01T14:45:59.905+0000] GC(258)  Capacity:     4096M (100%)       4096M (100%)       4096M (100%)       4096M (100%)       4096M (100%)       4096M (100%)   
[2025-08-01T14:45:59.905+0000] GC(258)      Free:     1054M (26%)         592M (14%)        3138M (77%)        3150M (77%)        3152M (77%)         592M (14%)    
[2025-08-01T14:45:59.905+0000] GC(258)      Used:     3042M (74%)        3504M (86%)         958M (23%)         946M (23%)        3504M (86%)         944M (23%)    
[2025-08-01T14:45:59.905+0000] GC(258)      Live:         -               410M (10%)         410M (10%)         410M (10%)            -                  -          
[2025-08-01T14:45:59.905+0000] GC(258) Allocated:         -               462M (11%)         478M (12%)         494M (12%)            -                  -          
[2025-08-01T14:45:59.905+0000] GC(258)   Garbage:         -              2631M (64%)          69M (2%)           41M (1%)             -                  -          
[2025-08-01T14:45:59.905+0000] GC(258) Reclaimed:         -                  -              2562M (63%)        2590M (63%)            -                  -          
[2025-08-01T14:45:59.905+0000] GC(258) Garbage Collection (Allocation Rate) 3042M(74%)->946M(23%)
[2025-08-01T14:46:00.294+0000] GC(259) Heap before GC invocations=259 (full 259):
[2025-08-01T14:46:00.294+0000] GC(259)  ZHeap           used 2936M, capacity 4096M, max capacity 4096M
[2025-08-01T14:46:00.294+0000] GC(259)  Metaspace       used 10643K, committed 10880K, reserved 1114112K
[2025-08-01T14:46:00.294+0000] GC(259)   class space    used 1265K, committed 1344K, reserved 1048576K
[2025-08-01T14:46:00.294+0000] GC(259) Garbage Collection (Allocation Rate)
[2025-08-01T14:46:00.294+0000] GC(259) Using 2 workers
[2025-08-01T14:46:00.294+0000] GC(259) Pause Mark Start 0.011ms
[2025-08-01T14:46:00.481+0000] GC(259) Concurrent Mark 186.334ms
[2025-08-01T14:46:00.481+0000] GC(259) Pause Mark End 0.024ms
[2025-08-01T14:46:00.481+0000] GC(259) Concurrent Mark Free 0.002ms
[2025-08-01T14:46:00.485+0000] GC(259) Concurrent Process Non-Strong References 3.751ms
[2025-08-01T14:46:00.485+0000] GC(259) Concurrent Reset Relocation Set 0.003ms
[2025-08-01T14:46:00.490+0000] GC(259) Concurrent Select Relocation Set 5.043ms
[2025-08-01T14:46:00.491+0000] GC(259) Pause Relocate Start 0.020ms
[2025-08-01T14:46:00.494+0000] GC(259) Concurrent Relocate 2.588ms
[2025-08-01T14:46:00.494+0000] GC(259) Heap after GC invocations=260 (full 260):
[2025-08-01T14:46:00.494+0000] GC(259)  ZHeap           used 1340M, capacity 4096M, max capacity 4096M
[2025-08-01T14:46:00.494+0000] GC(259)  Metaspace       used 10643K, committed 10880K, reserved 1114112K
[2025-08-01T14:46:00.494+0000] GC(259)   class space    used 1265K, committed 1344K, reserved 1048576K
[2025-08-01T14:46:00.494+0000] GC(259) Load: 1.59/0.76/0.34
[2025-08-01T14:46:00.494+0000] GC(259) MMU: 2ms/90.0%, 5ms/96.0%, 10ms/97.9%, 20ms/98.9%, 50ms/99.6%, 100ms/99.8%
[2025-08-01T14:46:00.494+0000] GC(259) Mark: 2 stripe(s), 2 proactive flush(es), 1 terminate flush(es), 0 completion(s), 0 continuation(s) 
[2025-08-01T14:46:00.494+0000] GC(259) Mark Stack Usage: 32M
[2025-08-01T14:46:00.494+0000] GC(259) NMethods: 1415 registered, 180 unregistered
[2025-08-01T14:46:00.494+0000] GC(259) Metaspace: 10M used, 10M committed, 1088M reserved
[2025-08-01T14:46:00.494+0000] GC(259) Soft: 228 encountered, 0 discovered, 0 enqueued
[2025-08-01T14:46:00.494+0000] GC(259) Weak: 934 encountered, 722 discovered, 0 enqueued
[2025-08-01T14:46:00.494+0000] GC(259) Final: 0 encountered, 0 discovered, 0 enqueued
[2025-08-01T14:46:00.494+0000] GC(259) Phantom: 3 encountered, 2 discovered, 0 enqueued
[2025-08-01T14:46:00.494+0000] GC(259) Small Pages: 1452 / 2904M, Empty: 2332M, Relocated: 5M, In-Place: 0
[2025-08-01T14:46:00.494+0000] GC(259) Medium Pages: 1 / 32M, Empty: 0M, Relocated: 0M, In-Place: 0
[2025-08-01T14:46:00.494+0000] GC(259) Large Pages: 0 / 0M, Empty: 0M, Relocated: 0M, In-Place: 0
[2025-08-01T14:46:00.494+0000] GC(259) Forwarding Usage: 0M
[2025-08-01T14:46:00.494+0000] GC(259) Min Capacity: 4096M(100%)
[2025-08-01T14:46:00.494+0000] GC(259) Max Capacity: 4096M(100%)
[2025-08-01T14:46:00.494+0000] GC(259) Soft Max Capacity: 4096M(100%)
[2025-08-01T14:46:00.494+0000] GC(259)                Mark Start          Mark End        Relocate Start      Relocate End           High               Low         
[2025-08-01T14:46:00.494+0000] GC(259)  Capacity:     4096M (100%)       4096M (100%)       4096M (100%)       4096M (100%)       4096M (100%)       4096M (100%)   
[2025-08-01T14:46:00.494+0000] GC(259)      Free:     1160M (28%)         422M (10%)        2750M (67%)        2756M (67%)        2760M (67%)         422M (10%)    
[2025-08-01T14:46:00.494+0000] GC(259)      Used:     2936M (72%)        3674M (90%)        1346M (33%)        1340M (33%)        3674M (90%)        1336M (33%)    
[2025-08-01T14:46:00.494+0000] GC(259)      Live:         -               550M (13%)         550M (13%)         550M (13%)            -                  -          
[2025-08-01T14:46:00.494+0000] GC(259) Allocated:         -               738M (18%)         742M (18%)         748M (18%)            -                  -          
[2025-08-01T14:46:00.494+0000] GC(259)   Garbage:         -              2385M (58%)          53M (1%)           41M (1%)             -                  -          
[2025-08-01T14:46:00.494+0000] GC(259) Reclaimed:         -                  -              2332M (57%)        2344M (57%)            -                  -          
[2025-08-01T14:46:00.494+0000] GC(259) Garbage Collection (Allocation Rate) 2936M(72%)->1340M(33%)
[2025-08-01T14:46:00.693+0000] GC(260) Heap before GC invocations=260 (full 260):
[2025-08-01T14:46:00.693+0000] GC(260)  ZHeap           used 2416M, capacity 4096M, max capacity 4096M
[2025-08-01T14:46:00.693+0000] GC(260)  Metaspace       used 10643K, committed 10880K, reserved 1114112K
[2025-08-01T14:46:00.693+0000] GC(260)   class space    used 1265K, committed 1344K, reserved 1048576K
[2025-08-01T14:46:00.693+0000] GC(260) Garbage Collection (Allocation Rate)
[2025-08-01T14:46:00.693+0000] GC(260) Using 2 workers
[2025-08-01T14:46:00.694+0000] GC(260) Pause Mark Start 0.010ms
[2025-08-01T14:46:00.822+0000] GC(260) Concurrent Mark 127.926ms
[2025-08-01T14:46:00.822+0000] GC(260) Pause Mark End 0.015ms
[2025-08-01T14:46:00.822+0000] GC(260) Concurrent Mark Free 0.002ms
[2025-08-01T14:46:00.826+0000] GC(260) Concurrent Process Non-Strong References 3.779ms
[2025-08-01T14:46:00.826+0000] GC(260) Concurrent Reset Relocation Set 0.003ms
[2025-08-01T14:46:00.830+0000] GC(260) Concurrent Select Relocation Set 4.119ms
[2025-08-01T14:46:00.831+0000] GC(260) Pause Relocate Start 0.014ms
[2025-08-01T14:46:00.833+0000] GC(260) Concurrent Relocate 2.432ms
[2025-08-01T14:46:00.834+0000] GC(260) Heap after GC invocations=261 (full 261):
[2025-08-01T14:46:00.834+0000] GC(260)  ZHeap           used 1334M, capacity 4096M, max capacity 4096M
[2025-08-01T14:46:00.834+0000] GC(260)  Metaspace       used 10643K, committed 10880K, reserved 1114112K
[2025-08-01T14:46:00.834+0000] GC(260)   class space    used 1265K, committed 1344K, reserved 1048576K
[2025-08-01T14:46:00.834+0000] GC(260) Load: 1.59/0.76/0.34
[2025-08-01T14:46:00.834+0000] GC(260) MMU: 2ms/90.0%, 5ms/96.0%, 10ms/97.9%, 20ms/98.9%, 50ms/99.6%, 100ms/99.8%
[2025-08-01T14:46:00.834+0000] GC(260) Mark: 2 stripe(s), 2 proactive flush(es), 1 terminate flush(es), 0 completion(s), 0 continuation(s) 
[2025-08-01T14:46:00.834+0000] GC(260) Mark Stack Usage: 32M
[2025-08-01T14:46:00.834+0000] GC(260) NMethods: 1415 registered, 180 unregistered
[2025-08-01T14:46:00.834+0000] GC(260) Metaspace: 10M used, 10M committed, 1088M reserved
[2025-08-01T14:46:00.834+0000] GC(260) Soft: 228 encountered, 0 discovered, 0 enqueued
[2025-08-01T14:46:00.834+0000] GC(260) Weak: 934 encountered, 715 discovered, 0 enqueued
[2025-08-01T14:46:00.834+0000] GC(260) Final: 0 encountered, 0 discovered, 0 enqueued
[2025-08-01T14:46:00.834+0000] GC(260) Phantom: 3 encountered, 1 discovered, 0 enqueued
[2025-08-01T14:46:00.834+0000] GC(260) Small Pages: 1193 / 2386M, Empty: 1768M, Relocated: 4M, In-Place: 0
[2025-08-01T14:46:00.834+0000] GC(260) Medium Pages: 1 / 32M, Empty: 0M, Relocated: 0M, In-Place: 0
[2025-08-01T14:46:00.834+0000] GC(260) Large Pages: 0 / 0M, Empty: 0M, Relocated: 0M, In-Place: 0
[2025-08-01T14:46:00.834+0000] GC(260) Forwarding Usage: 0M
[2025-08-01T14:46:00.834+0000] GC(260) Min Capacity: 4096M(100%)
[2025-08-01T14:46:00.834+0000] GC(260) Max Capacity: 4096M(100%)
[2025-08-01T14:46:00.834+0000] GC(260) Soft Max Capacity: 4096M(100%)
[2025-08-01T14:46:00.834+0000] GC(260)                Mark Start          Mark End        Relocate Start      Relocate End           High               Low         
[2025-08-01T14:46:00.834+0000] GC(260)  Capacity:     4096M (100%)       4096M (100%)       4096M (100%)       4096M (100%)       4096M (100%)       4096M (100%)   
[2025-08-01T14:46:00.834+0000] GC(260)      Free:     1678M (41%)        1066M (26%)        2764M (67%)        2764M (67%)        2770M (68%)        1030M (25%)    
[2025-08-01T14:46:00.834+0000] GC(260)      Used:     2418M (59%)        3030M (74%)        1332M (33%)        1332M (33%)        3066M (75%)        1326M (32%)    
[2025-08-01T14:46:00.834+0000] GC(260)      Live:         -               588M (14%)         588M (14%)         588M (14%)            -                  -          
[2025-08-01T14:46:00.834+0000] GC(260) Allocated:         -               612M (15%)         682M (17%)         700M (17%)            -                  -          
[2025-08-01T14:46:00.834+0000] GC(260)   Garbage:         -              1829M (45%)          61M (2%)           43M (1%)             -                  -          
[2025-08-01T14:46:00.834+0000] GC(260) Reclaimed:         -                  -              1768M (43%)        1786M (44%)            -                  -          
[2025-08-01T14:46:00.834+0000] GC(260) Garbage Collection (Allocation Rate) 2418M(59%)->1332M(33%)
[2025-08-01T14:46:01.093+0000] GC(261) Heap before GC invocations=261 (full 261):
[2025-08-01T14:46:01.093+0000] GC(261)  ZHeap           used 2664M, capacity 4096M, max capacity 4096M
[2025-08-01T14:46:01.093+0000] GC(261)  Metaspace       used 10643K, committed 10880K, reserved 1114112K
[2025-08-01T14:46:01.093+0000] GC(261)   class space    used 1265K, committed 1344K, reserved 1048576K
[2025-08-01T14:46:01.094+0000] GC(261) Garbage Collection (Allocation Rate)
[2025-08-01T14:46:01.094+0000] GC(261) Using 2 workers
[2025-08-01T14:46:01.094+0000] GC(261) Pause Mark Start 0.018ms
[2025-08-01T14:46:01.246+0000] GC(261) Concurrent Mark 152.016ms
[2025-08-01T14:46:01.246+0000] GC(261) Pause Mark End 0.021ms
[2025-08-01T14:46:01.246+0000] GC(261) Concurrent Mark Free 0.001ms
[2025-08-01T14:46:01.249+0000] GC(261) Concurrent Process Non-Strong References 2.738ms
[2025-08-01T14:46:01.249+0000] GC(261) Concurrent Reset Relocation Set 0.003ms
[2025-08-01T14:46:01.253+0000] GC(261) Concurrent Select Relocation Set 4.085ms
[2025-08-01T14:46:01.255+0000] GC(261) Pause Relocate Start 0.013ms
[2025-08-01T14:46:01.257+0000] GC(261) Concurrent Relocate 1.571ms
[2025-08-01T14:46:01.257+0000] GC(261) Heap after GC invocations=262 (full 262):
[2025-08-01T14:46:01.257+0000] GC(261)  ZHeap           used 1556M, capacity 4096M, max capacity 4096M
[2025-08-01T14:46:01.257+0000] GC(261)  Metaspace       used 10643K, committed 10880K, reserved 1114112K
[2025-08-01T14:46:01.257+0000] GC(261)   class space    used 1265K, committed 1344K, reserved 1048576K
[2025-08-01T14:46:01.257+0000] GC(261) Load: 1.59/0.76/0.34
[2025-08-01T14:46:01.257+0000] GC(261) MMU: 2ms/90.0%, 5ms/96.0%, 10ms/97.9%, 20ms/98.9%, 50ms/99.6%, 100ms/99.8%
[2025-08-01T14:46:01.257+0000] GC(261) Mark: 2 stripe(s), 2 proactive flush(es), 1 terminate flush(es), 0 completion(s), 0 continuation(s) 
[2025-08-01T14:46:01.257+0000] GC(261) Mark Stack Usage: 32M
[2025-08-01T14:46:01.257+0000] GC(261) NMethods: 1415 registered, 180 unregistered
[2025-08-01T14:46:01.257+0000] GC(261) Metaspace: 10M used, 10M committed, 1088M reserved
[2025-08-01T14:46:01.257+0000] GC(261) Soft: 228 encountered, 0 discovered, 0 enqueued
[2025-08-01T14:46:01.257+0000] GC(261) Weak: 934 encountered, 713 discovered, 0 enqueued
[2025-08-01T14:46:01.257+0000] GC(261) Final: 0 encountered, 0 discovered, 0 enqueued
[2025-08-01T14:46:01.257+0000] GC(261) Phantom: 3 encountered, 2 discovered, 0 enqueued
[2025-08-01T14:46:01.257+0000] GC(261) Small Pages: 1317 / 2634M, Empty: 1888M, Relocated: 3M, In-Place: 0
[2025-08-01T14:46:01.257+0000] GC(261) Medium Pages: 1 / 32M, Empty: 0M, Relocated: 0M, In-Place: 0
[2025-08-01T14:46:01.257+0000] GC(261) Large Pages: 0 / 0M, Empty: 0M, Relocated: 0M, In-Place: 0
[2025-08-01T14:46:01.257+0000] GC(261) Forwarding Usage: 0M
[2025-08-01T14:46:01.257+0000] GC(261) Min Capacity: 4096M(100%)
[2025-08-01T14:46:01.257+0000] GC(261) Max Capacity: 4096M(100%)
[2025-08-01T14:46:01.257+0000] GC(261) Soft Max Capacity: 4096M(100%)
[2025-08-01T14:46:01.257+0000] GC(261)                Mark Start          Mark End        Relocate Start      Relocate End           High               Low         
[2025-08-01T14:46:01.257+0000] GC(261)  Capacity:     4096M (100%)       4096M (100%)       4096M (100%)       4096M (100%)       4096M (100%)       4096M (100%)   
[2025-08-01T14:46:01.257+0000] GC(261)      Free:     1430M (35%)         682M (17%)        2530M (62%)        2540M (62%)        2540M (62%)         668M (16%)    
[2025-08-01T14:46:01.257+0000] GC(261)      Used:     2666M (65%)        3414M (83%)        1566M (38%)        1556M (38%)        3428M (84%)        1556M (38%)    
[2025-08-01T14:46:01.257+0000] GC(261)      Live:         -               723M (18%)         723M (18%)         723M (18%)            -                  -          
[2025-08-01T14:46:01.257+0000] GC(261) Allocated:         -               748M (18%)         788M (19%)         792M (19%)            -                  -          
[2025-08-01T14:46:01.257+0000] GC(261)   Garbage:         -              1942M (47%)          54M (1%)           40M (1%)             -                  -          
[2025-08-01T14:46:01.258+0000] GC(261) Reclaimed:         -                  -              1888M (46%)        1902M (46%)            -                  -          
[2025-08-01T14:46:01.258+0000] GC(261) Garbage Collection (Allocation Rate) 2666M(65%)->1556M(38%)
[2025-08-01T14:46:01.494+0000] GC(262) Heap before GC invocations=262 (full 262):
[2025-08-01T14:46:01.494+0000] GC(262)  ZHeap           used 2800M, capacity 4096M, max capacity 4096M
[2025-08-01T14:46:01.494+0000] GC(262)  Metaspace       used 10643K, committed 10880K, reserved 1114112K
[2025-08-01T14:46:01.494+0000] GC(262)   class space    used 1265K, committed 1344K, reserved 1048576K
[2025-08-01T14:46:01.494+0000] GC(262) Garbage Collection (Allocation Rate)
[2025-08-01T14:46:01.494+0000] GC(262) Using 2 workers
[2025-08-01T14:46:01.494+0000] GC(262) Pause Mark Start 0.010ms
[2025-08-01T14:46:01.608+0000] GC(262) Concurrent Mark 113.846ms
[2025-08-01T14:46:01.608+0000] GC(262) Pause Mark End 0.020ms
[2025-08-01T14:46:01.609+0000] GC(262) Concurrent Mark Free 0.001ms
[2025-08-01T14:46:01.612+0000] GC(262) Concurrent Process Non-Strong References 3.407ms
[2025-08-01T14:46:01.612+0000] GC(262) Concurrent Reset Relocation Set 0.003ms
[2025-08-01T14:46:01.616+0000] GC(262) Concurrent Select Relocation Set 3.878ms
[2025-08-01T14:46:01.616+0000] GC(262) Pause Relocate Start 0.015ms
[2025-08-01T14:46:01.620+0000] GC(262) Concurrent Relocate 3.201ms
[2025-08-01T14:46:01.620+0000] GC(262) Heap after GC invocations=263 (full 263):
[2025-08-01T14:46:01.620+0000] GC(262)  ZHeap           used 1128M, capacity 4096M, max capacity 4096M
[2025-08-01T14:46:01.620+0000] GC(262)  Metaspace       used 10643K, committed 10880K, reserved 1114112K
[2025-08-01T14:46:01.620+0000] GC(262)   class space    used 1265K, committed 1344K, reserved 1048576K
[2025-08-01T14:46:01.620+0000] GC(262) Load: 1.54/0.76/0.34
[2025-08-01T14:46:01.620+0000] GC(262) MMU: 2ms/90.0%, 5ms/96.0%, 10ms/97.9%, 20ms/98.9%, 50ms/99.6%, 100ms/99.8%
[2025-08-01T14:46:01.620+0000] GC(262) Mark: 2 stripe(s), 2 proactive flush(es), 1 terminate flush(es), 0 completion(s), 0 continuation(s) 
[2025-08-01T14:46:01.620+0000] GC(262) Mark Stack Usage: 32M
[2025-08-01T14:46:01.620+0000] GC(262) NMethods: 1415 registered, 180 unregistered
[2025-08-01T14:46:01.620+0000] GC(262) Metaspace: 10M used, 10M committed, 1088M reserved
[2025-08-01T14:46:01.620+0000] GC(262) Soft: 228 encountered, 0 discovered, 0 enqueued
[2025-08-01T14:46:01.620+0000] GC(262) Weak: 934 encountered, 691 discovered, 0 enqueued
[2025-08-01T14:46:01.620+0000] GC(262) Final: 0 encountered, 0 discovered, 0 enqueued
[2025-08-01T14:46:01.620+0000] GC(262) Phantom: 3 encountered, 2 discovered, 0 enqueued
[2025-08-01T14:46:01.620+0000] GC(262) Small Pages: 1384 / 2768M, Empty: 2284M, Relocated: 6M, In-Place: 0
[2025-08-01T14:46:01.620+0000] GC(262) Medium Pages: 1 / 32M, Empty: 0M, Relocated: 0M, In-Place: 0
[2025-08-01T14:46:01.620+0000] GC(262) Large Pages: 0 / 0M, Empty: 0M, Relocated: 0M, In-Place: 0
[2025-08-01T14:46:01.620+0000] GC(262) Forwarding Usage: 0M
[2025-08-01T14:46:01.620+0000] GC(262) Min Capacity: 4096M(100%)
[2025-08-01T14:46:01.620+0000] GC(262) Max Capacity: 4096M(100%)
[2025-08-01T14:46:01.620+0000] GC(262) Soft Max Capacity: 4096M(100%)
[2025-08-01T14:46:01.620+0000] GC(262)                Mark Start          Mark End        Relocate Start      Relocate End           High               Low         
[2025-08-01T14:46:01.620+0000] GC(262)  Capacity:     4096M (100%)       4096M (100%)       4096M (100%)       4096M (100%)       4096M (100%)       4096M (100%)   
[2025-08-01T14:46:01.620+0000] GC(262)      Free:     1296M (32%)         724M (18%)        2970M (73%)        2968M (72%)        2976M (73%)         708M (17%)    
[2025-08-01T14:46:01.620+0000] GC(262)      Used:     2800M (68%)        3372M (82%)        1126M (27%)        1128M (28%)        3388M (83%)        1120M (27%)    
[2025-08-01T14:46:01.620+0000] GC(262)      Live:         -               457M (11%)         457M (11%)         457M (11%)            -                  -          
[2025-08-01T14:46:01.620+0000] GC(262) Allocated:         -               572M (14%)         610M (15%)         630M (15%)            -                  -          
[2025-08-01T14:46:01.620+0000] GC(262)   Garbage:         -              2342M (57%)          58M (1%)           40M (1%)             -                  -          
[2025-08-01T14:46:01.620+0000] GC(262) Reclaimed:         -                  -              2284M (56%)        2302M (56%)            -                  -          
[2025-08-01T14:46:01.620+0000] GC(262) Garbage Collection (Allocation Rate) 2800M(68%)->1128M(28%)
[2025-08-01T14:46:01.894+0000] GC(263) Heap before GC invocations=263 (full 263):
[2025-08-01T14:46:01.894+0000] GC(263)  ZHeap           used 2542M, capacity 4096M, max capacity 4096M
[2025-08-01T14:46:01.894+0000] GC(263)  Metaspace       used 10643K, committed 10880K, reserved 1114112K
[2025-08-01T14:46:01.894+0000] GC(263)   class space    used 1265K, committed 1344K, reserved 1048576K
[2025-08-01T14:46:01.894+0000] GC(263) Garbage Collection (Allocation Rate)
[2025-08-01T14:46:01.894+0000] GC(263) Using 2 workers
[2025-08-01T14:46:01.894+0000] GC(263) Pause Mark Start 0.018ms
[2025-08-01T14:46:02.046+0000] GC(263) Concurrent Mark 151.871ms
[2025-08-01T14:46:02.047+0000] GC(263) Pause Mark End 0.016ms
[2025-08-01T14:46:02.048+0000] GC(263) Concurrent Mark Free 0.001ms
[2025-08-01T14:46:02.050+0000] GC(263) Concurrent Process Non-Strong References 2.671ms
[2025-08-01T14:46:02.050+0000] GC(263) Concurrent Reset Relocation Set 0.002ms
[2025-08-01T14:46:02.053+0000] GC(263) Concurrent Select Relocation Set 2.997ms
[2025-08-01T14:46:02.054+0000] GC(263) Pause Relocate Start 0.010ms
[2025-08-01T14:46:02.057+0000] GC(263) Concurrent Relocate 2.692ms
[2025-08-01T14:46:02.057+0000] GC(263) Heap after GC invocations=264 (full 264):
[2025-08-01T14:46:02.057+0000] GC(263)  ZHeap           used 1486M, capacity 4096M, max capacity 4096M
[2025-08-01T14:46:02.057+0000] GC(263)  Metaspace       used 10643K, committed 10880K, reserved 1114112K
[2025-08-01T14:46:02.057+0000] GC(263)   class space    used 1265K, committed 1344K, reserved 1048576K
[2025-08-01T14:46:02.057+0000] GC(263) Load: 1.54/0.76/0.34
[2025-08-01T14:46:02.057+0000] GC(263) MMU: 2ms/90.0%, 5ms/96.0%, 10ms/97.9%, 20ms/98.9%, 50ms/99.6%, 100ms/99.8%
[2025-08-01T14:46:02.057+0000] GC(263) Mark: 2 stripe(s), 2 proactive flush(es), 1 terminate flush(es), 0 completion(s), 0 continuation(s) 
[2025-08-01T14:46:02.057+0000] GC(263) Mark Stack Usage: 32M
[2025-08-01T14:46:02.057+0000] GC(263) NMethods: 1415 registered, 180 unregistered
[2025-08-01T14:46:02.057+0000] GC(263) Metaspace: 10M used, 10M committed, 1088M reserved
[2025-08-01T14:46:02.057+0000] GC(263) Soft: 228 encountered, 0 discovered, 0 enqueued
[2025-08-01T14:46:02.057+0000] GC(263) Weak: 934 encountered, 728 discovered, 0 enqueued
[2025-08-01T14:46:02.057+0000] GC(263) Final: 0 encountered, 0 discovered, 0 enqueued
[2025-08-01T14:46:02.057+0000] GC(263) Phantom: 3 encountered, 1 discovered, 0 enqueued
[2025-08-01T14:46:02.057+0000] GC(263) Small Pages: 1256 / 2512M, Empty: 1858M, Relocated: 6M, In-Place: 0
[2025-08-01T14:46:02.057+0000] GC(263) Medium Pages: 1 / 32M, Empty: 0M, Relocated: 0M, In-Place: 0
[2025-08-01T14:46:02.057+0000] GC(263) Large Pages: 0 / 0M, Empty: 0M, Relocated: 0M, In-Place: 0
[2025-08-01T14:46:02.057+0000] GC(263) Forwarding Usage: 0M
[2025-08-01T14:46:02.057+0000] GC(263) Min Capacity: 4096M(100%)
[2025-08-01T14:46:02.057+0000] GC(263) Max Capacity: 4096M(100%)
[2025-08-01T14:46:02.057+0000] GC(263) Soft Max Capacity: 4096M(100%)
[2025-08-01T14:46:02.057+0000] GC(263)                Mark Start          Mark End        Relocate Start      Relocate End           High               Low         
[2025-08-01T14:46:02.057+0000] GC(263)  Capacity:     4096M (100%)       4096M (100%)       4096M (100%)       4096M (100%)       4096M (100%)       4096M (100%)   
[2025-08-01T14:46:02.057+0000] GC(263)      Free:     1552M (38%)         788M (19%)        2608M (64%)        2610M (64%)        2614M (64%)         770M (19%)    
[2025-08-01T14:46:02.057+0000] GC(263)      Used:     2544M (62%)        3308M (81%)        1488M (36%)        1486M (36%)        3326M (81%)        1482M (36%)    
[2025-08-01T14:46:02.057+0000] GC(263)      Live:         -               619M (15%)         619M (15%)         619M (15%)            -                  -          
[2025-08-01T14:46:02.057+0000] GC(263) Allocated:         -               764M (19%)         802M (20%)         822M (20%)            -                  -          
[2025-08-01T14:46:02.057+0000] GC(263)   Garbage:         -              1924M (47%)          66M (2%)           44M (1%)             -                  -          
[2025-08-01T14:46:02.057+0000] GC(263) Reclaimed:         -                  -              1858M (45%)        1880M (46%)            -                  -          
[2025-08-01T14:46:02.057+0000] GC(263) Garbage Collection (Allocation Rate) 2544M(62%)->1486M(36%)
[2025-08-01T14:46:02.293+0000] GC(264) Heap before GC invocations=264 (full 264):
[2025-08-01T14:46:02.293+0000] GC(264)  ZHeap           used 2720M, capacity 4096M, max capacity 4096M
[2025-08-01T14:46:02.293+0000] GC(264)  Metaspace       used 10643K, committed 10880K, reserved 1114112K
[2025-08-01T14:46:02.293+0000] GC(264)   class space    used 1265K, committed 1344K, reserved 1048576K
[2025-08-01T14:46:02.293+0000] GC(264) Garbage Collection (Allocation Rate)
[2025-08-01T14:46:02.293+0000] GC(264) Using 2 workers
[2025-08-01T14:46:02.294+0000] GC(264) Pause Mark Start 0.012ms
[2025-08-01T14:46:02.426+0000] GC(264) Concurrent Mark 132.306ms
[2025-08-01T14:46:02.426+0000] GC(264) Pause Mark End 0.017ms
[2025-08-01T14:46:02.426+0000] GC(264) Concurrent Mark Free 0.001ms
[2025-08-01T14:46:02.432+0000] GC(264) Concurrent Process Non-Strong References 5.461ms
[2025-08-01T14:46:02.432+0000] GC(264) Concurrent Reset Relocation Set 0.005ms
[2025-08-01T14:46:02.436+0000] GC(264) Concurrent Select Relocation Set 3.848ms
[2025-08-01T14:46:02.436+0000] GC(264) Pause Relocate Start 0.015ms
[2025-08-01T14:46:02.438+0000] GC(264) Concurrent Relocate 1.463ms
[2025-08-01T14:46:02.438+0000] GC(264) Heap after GC invocations=265 (full 265):
[2025-08-01T14:46:02.438+0000] GC(264)  ZHeap           used 1310M, capacity 4096M, max capacity 4096M
[2025-08-01T14:46:02.438+0000] GC(264)  Metaspace       used 10643K, committed 10880K, reserved 1114112K
[2025-08-01T14:46:02.438+0000] GC(264)   class space    used 1265K, committed 1344K, reserved 1048576K
[2025-08-01T14:46:02.438+0000] GC(264) Load: 1.54/0.76/0.34
[2025-08-01T14:46:02.438+0000] GC(264) MMU: 2ms/90.0%, 5ms/96.0%, 10ms/97.9%, 20ms/98.9%, 50ms/99.6%, 100ms/99.8%
[2025-08-01T14:46:02.438+0000] GC(264) Mark: 2 stripe(s), 5 proactive flush(es), 1 terminate flush(es), 0 completion(s), 0 continuation(s) 
[2025-08-01T14:46:02.438+0000] GC(264) Mark Stack Usage: 32M
[2025-08-01T14:46:02.438+0000] GC(264) NMethods: 1415 registered, 180 unregistered
[2025-08-01T14:46:02.438+0000] GC(264) Metaspace: 10M used, 10M committed, 1088M reserved
[2025-08-01T14:46:02.438+0000] GC(264) Soft: 228 encountered, 0 discovered, 0 enqueued
[2025-08-01T14:46:02.438+0000] GC(264) Weak: 934 encountered, 747 discovered, 0 enqueued
[2025-08-01T14:46:02.438+0000] GC(264) Final: 0 encountered, 0 discovered, 0 enqueued
[2025-08-01T14:46:02.438+0000] GC(264) Phantom: 3 encountered, 2 discovered, 0 enqueued
[2025-08-01T14:46:02.438+0000] GC(264) Small Pages: 1344 / 2688M, Empty: 2138M, Relocated: 3M, In-Place: 0
[2025-08-01T14:46:02.438+0000] GC(264) Medium Pages: 1 / 32M, Empty: 0M, Relocated: 0M, In-Place: 0
[2025-08-01T14:46:02.438+0000] GC(264) Large Pages: 0 / 0M, Empty: 0M, Relocated: 0M, In-Place: 0
[2025-08-01T14:46:02.438+0000] GC(264) Forwarding Usage: 0M
[2025-08-01T14:46:02.438+0000] GC(264) Min Capacity: 4096M(100%)
[2025-08-01T14:46:02.438+0000] GC(264) Max Capacity: 4096M(100%)
[2025-08-01T14:46:02.438+0000] GC(264) Soft Max Capacity: 4096M(100%)
[2025-08-01T14:46:02.438+0000] GC(264)                Mark Start          Mark End        Relocate Start      Relocate End           High               Low         
[2025-08-01T14:46:02.438+0000] GC(264)  Capacity:     4096M (100%)       4096M (100%)       4096M (100%)       4096M (100%)       4096M (100%)       4096M (100%)   
[2025-08-01T14:46:02.438+0000] GC(264)      Free:     1376M (34%)         690M (17%)        2784M (68%)        2786M (68%)        2790M (68%)         668M (16%)    
[2025-08-01T14:46:02.438+0000] GC(264)      Used:     2720M (66%)        3406M (83%)        1312M (32%)        1310M (32%)        3428M (84%)        1306M (32%)    
[2025-08-01T14:46:02.438+0000] GC(264)      Live:         -               532M (13%)         532M (13%)         532M (13%)            -                  -          
[2025-08-01T14:46:02.438+0000] GC(264) Allocated:         -               686M (17%)         730M (18%)         738M (18%)            -                  -          
[2025-08-01T14:46:02.438+0000] GC(264)   Garbage:         -              2187M (53%)          49M (1%)           39M (1%)             -                  -          
[2025-08-01T14:46:02.439+0000] GC(264) Reclaimed:         -                  -              2138M (52%)        2148M (52%)            -                  -          
[2025-08-01T14:46:02.439+0000] GC(264) Garbage Collection (Allocation Rate) 2720M(66%)->1310M(32%)
[2025-08-01T14:46:02.693+0000] GC(265) Heap before GC invocations=265 (full 265):
[2025-08-01T14:46:02.693+0000] GC(265)  ZHeap           used 2618M, capacity 4096M, max capacity 4096M
[2025-08-01T14:46:02.693+0000] GC(265)  Metaspace       used 10643K, committed 10880K, reserved 1114112K
[2025-08-01T14:46:02.693+0000] GC(265)   class space    used 1265K, committed 1344K, reserved 1048576K
[2025-08-01T14:46:02.693+0000] GC(265) Garbage Collection (Allocation Rate)
[2025-08-01T14:46:02.693+0000] GC(265) Using 2 workers
[2025-08-01T14:46:02.694+0000] GC(265) Pause Mark Start 0.012ms
[2025-08-01T14:46:02.838+0000] GC(265) Concurrent Mark 144.432ms
[2025-08-01T14:46:02.839+0000] GC(265) Pause Mark End 0.019ms
[2025-08-01T14:46:02.839+0000] GC(265) Concurrent Mark Free 0.001ms
[2025-08-01T14:46:02.842+0000] GC(265) Concurrent Process Non-Strong References 2.914ms
[2025-08-01T14:46:02.842+0000] GC(265) Concurrent Reset Relocation Set 0.002ms
[2025-08-01T14:46:02.846+0000] GC(265) Concurrent Select Relocation Set 3.738ms
[2025-08-01T14:46:02.846+0000] GC(265) Pause Relocate Start 0.015ms
[2025-08-01T14:46:02.847+0000] GC(265) Concurrent Relocate 0.988ms
[2025-08-01T14:46:02.847+0000] GC(265) Heap after GC invocations=266 (full 266):
[2025-08-01T14:46:02.847+0000] GC(265)  ZHeap           used 1350M, capacity 4096M, max capacity 4096M
[2025-08-01T14:46:02.847+0000] GC(265)  Metaspace       used 10643K, committed 10880K, reserved 1114112K
[2025-08-01T14:46:02.847+0000] GC(265)   class space    used 1265K, committed 1344K, reserved 1048576K
[2025-08-01T14:46:02.847+0000] GC(265) Load: 1.54/0.76/0.34
[2025-08-01T14:46:02.847+0000] GC(265) MMU: 2ms/90.0%, 5ms/96.0%, 10ms/97.9%, 20ms/98.9%, 50ms/99.6%, 100ms/99.8%
[2025-08-01T14:46:02.847+0000] GC(265) Mark: 2 stripe(s), 2 proactive flush(es), 1 terminate flush(es), 0 completion(s), 0 continuation(s) 
[2025-08-01T14:46:02.847+0000] GC(265) Mark Stack Usage: 32M
[2025-08-01T14:46:02.847+0000] GC(265) NMethods: 1415 registered, 180 unregistered
[2025-08-01T14:46:02.848+0000] GC(265) Metaspace: 10M used, 10M committed, 1088M reserved
[2025-08-01T14:46:02.848+0000] GC(265) Soft: 228 encountered, 0 discovered, 0 enqueued
[2025-08-01T14:46:02.848+0000] GC(265) Weak: 934 encountered, 730 discovered, 0 enqueued
[2025-08-01T14:46:02.848+0000] GC(265) Final: 0 encountered, 0 discovered, 0 enqueued
[2025-08-01T14:46:02.848+0000] GC(265) Phantom: 3 encountered, 1 discovered, 0 enqueued
[2025-08-01T14:46:02.848+0000] GC(265) Small Pages: 1294 / 2588M, Empty: 2022M, Relocated: 2M, In-Place: 0
[2025-08-01T14:46:02.848+0000] GC(265) Medium Pages: 1 / 32M, Empty: 0M, Relocated: 0M, In-Place: 0
[2025-08-01T14:46:02.848+0000] GC(265) Large Pages: 0 / 0M, Empty: 0M, Relocated: 0M, In-Place: 0
[2025-08-01T14:46:02.848+0000] GC(265) Forwarding Usage: 0M
[2025-08-01T14:46:02.848+0000] GC(265) Min Capacity: 4096M(100%)
[2025-08-01T14:46:02.848+0000] GC(265) Max Capacity: 4096M(100%)
[2025-08-01T14:46:02.848+0000] GC(265) Soft Max Capacity: 4096M(100%)
[2025-08-01T14:46:02.848+0000] GC(265)                Mark Start          Mark End        Relocate Start      Relocate End           High               Low         
[2025-08-01T14:46:02.848+0000] GC(265)  Capacity:     4096M (100%)       4096M (100%)       4096M (100%)       4096M (100%)       4096M (100%)       4096M (100%)   
[2025-08-01T14:46:02.848+0000] GC(265)      Free:     1476M (36%)         726M (18%)        2736M (67%)        2746M (67%)        2746M (67%)         714M (17%)    
[2025-08-01T14:46:02.848+0000] GC(265)      Used:     2620M (64%)        3370M (82%)        1360M (33%)        1350M (33%)        3382M (83%)        1350M (33%)    
[2025-08-01T14:46:02.848+0000] GC(265)      Live:         -               549M (13%)         549M (13%)         549M (13%)            -                  -          
[2025-08-01T14:46:02.848+0000] GC(265) Allocated:         -               750M (18%)         762M (19%)         762M (19%)            -                  -          
[2025-08-01T14:46:02.848+0000] GC(265)   Garbage:         -              2070M (51%)          48M (1%)           38M (1%)             -                  -          
[2025-08-01T14:46:02.848+0000] GC(265) Reclaimed:         -                  -              2022M (49%)        2032M (50%)            -                  -          
[2025-08-01T14:46:02.848+0000] GC(265) Garbage Collection (Allocation Rate) 2620M(64%)->1350M(33%)
[2025-08-01T14:46:03.193+0000] GC(266) Heap before GC invocations=266 (full 266):
[2025-08-01T14:46:03.194+0000] GC(266)  ZHeap           used 3146M, capacity 4096M, max capacity 4096M
[2025-08-01T14:46:03.194+0000] GC(266)  Metaspace       used 10643K, committed 10880K, reserved 1114112K
[2025-08-01T14:46:03.194+0000] GC(266)   class space    used 1265K, committed 1344K, reserved 1048576K
[2025-08-01T14:46:03.194+0000] GC(266) Garbage Collection (Allocation Rate)
[2025-08-01T14:46:03.194+0000] GC(266) Using 2 workers
[2025-08-01T14:46:03.194+0000] GC(266) Pause Mark Start 0.015ms
[2025-08-01T14:46:03.319+0000] GC(266) Concurrent Mark 124.778ms
[2025-08-01T14:46:03.320+0000] GC(266) Pause Mark End 0.030ms
[2025-08-01T14:46:03.320+0000] GC(266) Concurrent Mark Free 0.004ms
[2025-08-01T14:46:03.325+0000] GC(266) Concurrent Process Non-Strong References 4.844ms
[2025-08-01T14:46:03.325+0000] GC(266) Concurrent Reset Relocation Set 0.003ms
[2025-08-01T14:46:03.332+0000] GC(266) Concurrent Select Relocation Set 6.255ms
[2025-08-01T14:46:03.332+0000] GC(266) Pause Relocate Start 0.026ms
[2025-08-01T14:46:03.336+0000] GC(266) Concurrent Relocate 3.236ms
[2025-08-01T14:46:03.336+0000] GC(266) Heap after GC invocations=267 (full 267):
[2025-08-01T14:46:03.336+0000] GC(266)  ZHeap           used 960M, capacity 4096M, max capacity 4096M
[2025-08-01T14:46:03.336+0000] GC(266)  Metaspace       used 10643K, committed 10880K, reserved 1114112K
[2025-08-01T14:46:03.336+0000] GC(266)   class space    used 1265K, committed 1344K, reserved 1048576K
[2025-08-01T14:46:03.336+0000] GC(266) Load: 1.54/0.76/0.34
[2025-08-01T14:46:03.336+0000] GC(266) MMU: 2ms/90.0%, 5ms/96.0%, 10ms/97.9%, 20ms/98.9%, 50ms/99.6%, 100ms/99.8%
[2025-08-01T14:46:03.336+0000] GC(266) Mark: 2 stripe(s), 2 proactive flush(es), 1 terminate flush(es), 0 completion(s), 0 continuation(s) 
[2025-08-01T14:46:03.336+0000] GC(266) Mark Stack Usage: 32M
[2025-08-01T14:46:03.336+0000] GC(266) NMethods: 1415 registered, 180 unregistered
[2025-08-01T14:46:03.336+0000] GC(266) Metaspace: 10M used, 10M committed, 1088M reserved
[2025-08-01T14:46:03.336+0000] GC(266) Soft: 228 encountered, 0 discovered, 0 enqueued
[2025-08-01T14:46:03.336+0000] GC(266) Weak: 934 encountered, 711 discovered, 0 enqueued
[2025-08-01T14:46:03.336+0000] GC(266) Final: 0 encountered, 0 discovered, 0 enqueued
[2025-08-01T14:46:03.336+0000] GC(266) Phantom: 3 encountered, 2 discovered, 0 enqueued
[2025-08-01T14:46:03.336+0000] GC(266) Small Pages: 1557 / 3114M, Empty: 2778M, Relocated: 4M, In-Place: 0
[2025-08-01T14:46:03.336+0000] GC(266) Medium Pages: 1 / 32M, Empty: 0M, Relocated: 0M, In-Place: 0
[2025-08-01T14:46:03.336+0000] GC(266) Large Pages: 0 / 0M, Empty: 0M, Relocated: 0M, In-Place: 0
[2025-08-01T14:46:03.336+0000] GC(266) Forwarding Usage: 0M
[2025-08-01T14:46:03.337+0000] GC(266) Min Capacity: 4096M(100%)
[2025-08-01T14:46:03.337+0000] GC(266) Max Capacity: 4096M(100%)
[2025-08-01T14:46:03.337+0000] GC(266) Soft Max Capacity: 4096M(100%)
[2025-08-01T14:46:03.337+0000] GC(266)                Mark Start          Mark End        Relocate Start      Relocate End           High               Low         
[2025-08-01T14:46:03.337+0000] GC(266)  Capacity:     4096M (100%)       4096M (100%)       4096M (100%)       4096M (100%)       4096M (100%)       4096M (100%)   
[2025-08-01T14:46:03.337+0000] GC(266)      Free:      950M (23%)         398M (10%)        3134M (77%)        3136M (77%)        3136M (77%)         380M (9%)     
[2025-08-01T14:46:03.337+0000] GC(266)      Used:     3146M (77%)        3698M (90%)         962M (23%)         960M (23%)        3716M (91%)         960M (23%)    
[2025-08-01T14:46:03.337+0000] GC(266)      Live:         -               323M (8%)          323M (8%)          323M (8%)             -                  -          
[2025-08-01T14:46:03.337+0000] GC(266) Allocated:         -               552M (13%)         594M (15%)         598M (15%)            -                  -          
[2025-08-01T14:46:03.337+0000] GC(266)   Garbage:         -              2822M (69%)          44M (1%)           38M (1%)             -                  -          
[2025-08-01T14:46:03.337+0000] GC(266) Reclaimed:         -                  -              2778M (68%)        2784M (68%)            -                  -          
[2025-08-01T14:46:03.337+0000] GC(266) Garbage Collection (Allocation Rate) 3146M(77%)->960M(23%)
[2025-08-01T14:46:03.693+0000] GC(267) Heap before GC invocations=267 (full 267):
[2025-08-01T14:46:03.693+0000] GC(267)  ZHeap           used 2760M, capacity 4096M, max capacity 4096M
[2025-08-01T14:46:03.693+0000] GC(267)  Metaspace       used 10643K, committed 10880K, reserved 1114112K
[2025-08-01T14:46:03.693+0000] GC(267)   class space    used 1265K, committed 1344K, reserved 1048576K
[2025-08-01T14:46:03.693+0000] GC(267) Garbage Collection (Allocation Rate)
[2025-08-01T14:46:03.693+0000] GC(267) Using 2 workers
[2025-08-01T14:46:03.693+0000] === Garbage Collection Statistics =======================================================================================================================
[2025-08-01T14:46:03.693+0000]                                                              Last 10s              Last 10m              Last 10h                Total
[2025-08-01T14:46:03.693+0000]                                                              Avg / Max             Avg / Max             Avg / Max             Avg / Max
[2025-08-01T14:46:03.693+0000]   Collector: Garbage Collection Cycle                    152.200 / 227.269     147.075 / 346.825     147.075 / 346.825     147.075 / 346.825     ms
[2025-08-01T14:46:03.693+0000]  Contention: Mark Segment Reset Contention                     0 / 1                 0 / 2                 0 / 2                 0 / 2           ops/s
[2025-08-01T14:46:03.693+0000]  Contention: Mark SeqNum Reset Contention                      0 / 0                 0 / 1                 0 / 1                 0 / 1           ops/s
[2025-08-01T14:46:03.693+0000]    Critical: Allocation Stall                                  0 / 0                 0 / 0                 0 / 0                 0 / 0           ops/s
[2025-08-01T14:46:03.694+0000]    Critical: Allocation Stall                              0.000 / 0.000         0.000 / 0.000         0.000 / 0.000         0.000 / 0.000       ms
[2025-08-01T14:46:03.694+0000]    Critical: GC Locker Stall                                   0 / 0                 0 / 0                 0 / 0                 0 / 0           ops/s
[2025-08-01T14:46:03.694+0000]    Critical: GC Locker Stall                               0.000 / 0.000         0.000 / 0.000         0.000 / 0.000         0.000 / 0.000       ms
[2025-08-01T14:46:03.694+0000]    Critical: Relocation Stall                                  0 / 0                 0 / 0                 0 / 0                 0 / 0           ops/s
[2025-08-01T14:46:03.694+0000]    Critical: Relocation Stall                              0.000 / 0.000         0.000 / 0.000         0.000 / 0.000         0.000 / 0.000       ms
[2025-08-01T14:46:03.694+0000]      Memory: Allocation Rate                                4830 / 5118           4637 / 5132           4637 / 5132           4637 / 5132        MB/s
[2025-08-01T14:46:03.694+0000]      Memory: Defragment                                        0 / 0                 0 / 0                 0 / 0                 0 / 0           ops/s
[2025-08-01T14:46:03.694+0000]      Memory: Out Of Memory                                     0 / 0                 0 / 0                 0 / 0                 0 / 0           ops/s
[2025-08-01T14:46:03.694+0000]      Memory: Page Cache Flush                                  0 / 0                 0 / 0                 0 / 0                 0 / 0           MB/s
[2025-08-01T14:46:03.694+0000]      Memory: Page Cache Hit L1                              2423 / 2567           2306 / 2578           2306 / 2578           2306 / 2578        ops/s
[2025-08-01T14:46:03.694+0000]      Memory: Page Cache Hit L2                                 0 / 0                 0 / 0                 0 / 0                 0 / 0           ops/s
[2025-08-01T14:46:03.694+0000]      Memory: Page Cache Hit L3                                 0 / 0                16 / 551              16 / 551              16 / 551         ops/s
[2025-08-01T14:46:03.694+0000]      Memory: Page Cache Miss                                   0 / 0                 0 / 1                 0 / 1                 0 / 1           ops/s
[2025-08-01T14:46:03.694+0000]      Memory: Uncommit                                          0 / 0                 0 / 0                 0 / 0                 0 / 0           MB/s
[2025-08-01T14:46:03.694+0000]      Memory: Undo Object Allocation Failed                     0 / 0                 0 / 3                 0 / 3                 0 / 3           ops/s
[2025-08-01T14:46:03.694+0000] GC(267) Pause Mark Start 0.013ms
[2025-08-01T14:46:03.694+0000]      Memory: Undo Object Allocation Succeeded                  0 / 0                 0 / 3                 0 / 3                 0 / 3           ops/s
[2025-08-01T14:46:03.694+0000]      Memory: Undo Page Allocation                              0 / 0                 0 / 1                 0 / 1                 0 / 1           ops/s
[2025-08-01T14:46:03.695+0000]       Phase: Concurrent Mark                             139.075 / 204.014     134.808 / 335.006     134.808 / 335.006     134.808 / 335.006     ms
[2025-08-01T14:46:03.695+0000]       Phase: Concurrent Mark Continue                      0.000 / 0.000         0.000 / 0.000         0.000 / 0.000         0.000 / 0.000       ms
[2025-08-01T14:46:03.695+0000]       Phase: Concurrent Mark Free                          0.002 / 0.004         0.002 / 0.005         0.002 / 0.005         0.002 / 0.005       ms
[2025-08-01T14:46:03.695+0000]       Phase: Concurrent Process Non-Strong References      3.970 / 8.866         3.801 / 11.932        3.801 / 11.932        3.801 / 11.932      ms
[2025-08-01T14:46:03.695+0000]       Phase: Concurrent Relocate                           2.537 / 8.125         2.291 / 16.307        2.291 / 16.307        2.291 / 16.307      ms
[2025-08-01T14:46:03.695+0000]       Phase: Concurrent Reset Relocation Set               0.003 / 0.005         0.003 / 0.065         0.003 / 0.065         0.003 / 0.065       ms
[2025-08-01T14:46:03.695+0000]       Phase: Concurrent Select Relocation Set              4.043 / 6.255         3.759 / 16.702        3.759 / 16.702        3.759 / 16.702      ms
[2025-08-01T14:46:03.695+0000]       Phase: Pause Mark End                                0.020 / 0.033         0.021 / 0.200         0.021 / 0.200         0.021 / 0.200       ms
[2025-08-01T14:46:03.695+0000]       Phase: Pause Mark Start                              0.013 / 0.023         0.014 / 0.088         0.014 / 0.088         0.014 / 0.088       ms
[2025-08-01T14:46:03.695+0000]       Phase: Pause Relocate Start                          0.015 / 0.031         0.014 / 0.143         0.014 / 0.143         0.014 / 0.143       ms
[2025-08-01T14:46:03.695+0000]    Subphase: Concurrent Classes Purge                      0.049 / 0.340         0.038 / 1.924         0.038 / 1.924         0.038 / 1.924       ms
[2025-08-01T14:46:03.695+0000]    Subphase: Concurrent Classes Unlink                     2.668 / 5.406         2.426 / 6.492         2.426 / 6.492         2.426 / 6.492       ms
[2025-08-01T14:46:03.695+0000]    Subphase: Concurrent Mark                             137.422 / 201.601     133.315 / 334.367     133.315 / 334.367     133.315 / 334.367     ms
[2025-08-01T14:46:03.695+0000]    Subphase: Concurrent Mark Try Flush                     0.470 / 4.396         0.517 / 7.713         0.517 / 7.713         0.517 / 7.713       ms
[2025-08-01T14:46:03.695+0000]    Subphase: Concurrent Mark Try Terminate                 0.936 / 3.255         0.925 / 4.798         0.925 / 4.798         0.925 / 4.798       ms
[2025-08-01T14:46:03.695+0000]    Subphase: Concurrent References Enqueue                 0.001 / 0.001         0.001 / 0.006         0.001 / 0.006         0.001 / 0.006       ms
[2025-08-01T14:46:03.695+0000]    Subphase: Concurrent References Process                 0.353 / 1.918         0.316 / 1.918         0.316 / 1.918         0.316 / 1.918       ms
[2025-08-01T14:46:03.695+0000]    Subphase: Concurrent Roots ClassLoaderDataGraph         0.118 / 0.367         0.129 / 2.268         0.129 / 2.268         0.129 / 2.268       ms
[2025-08-01T14:46:03.695+0000]    Subphase: Concurrent Roots CodeCache                    0.000 / 0.000         0.000 / 0.000         0.000 / 0.000         0.000 / 0.000       ms
[2025-08-01T14:46:03.695+0000]    Subphase: Concurrent Roots JavaThreads                  0.141 / 0.816         0.121 / 2.387         0.121 / 2.387         0.121 / 2.387       ms
[2025-08-01T14:46:03.695+0000]    Subphase: Concurrent Roots OopStorageSet                0.027 / 0.102         0.029 / 0.238         0.029 / 0.238         0.029 / 0.238       ms
[2025-08-01T14:46:03.695+0000]    Subphase: Concurrent Weak Roots OopStorageSet           0.219 / 0.500         0.221 / 2.271         0.221 / 2.271         0.221 / 2.271       ms
[2025-08-01T14:46:03.695+0000]    Subphase: Pause Mark Try Complete                       0.000 / 0.000         0.000 / 0.000         0.000 / 0.000         0.000 / 0.000       ms
[2025-08-01T14:46:03.695+0000]      System: Java Threads                                     14 / 14               14 / 14               14 / 14               14 / 14          threads
[2025-08-01T14:46:03.695+0000] =========================================================================================================================================================
[2025-08-01T14:46:03.869+0000] GC(267) Concurrent Mark 174.998ms
[2025-08-01T14:46:03.870+0000] GC(267) Pause Mark End 0.016ms
[2025-08-01T14:46:03.870+0000] GC(267) Concurrent Mark Free 0.001ms
[2025-08-01T14:46:03.873+0000] GC(267) Concurrent Process Non-Strong References 2.599ms
[2025-08-01T14:46:03.873+0000] GC(267) Concurrent Reset Relocation Set 0.002ms
[2025-08-01T14:46:03.876+0000] GC(267) Concurrent Select Relocation Set 3.156ms
[2025-08-01T14:46:03.876+0000] GC(267) Pause Relocate Start 0.011ms
[2025-08-01T14:46:03.877+0000] GC(267) Concurrent Relocate 1.041ms
[2025-08-01T14:46:03.877+0000] GC(267) Heap after GC invocations=268 (full 268):
[2025-08-01T14:46:03.877+0000] GC(267)  ZHeap           used 1652M, capacity 4096M, max capacity 4096M
[2025-08-01T14:46:03.877+0000] GC(267)  Metaspace       used 10643K, committed 10880K, reserved 1114112K
[2025-08-01T14:46:03.877+0000] GC(267)   class space    used 1265K, committed 1344K, reserved 1048576K
[2025-08-01T14:46:03.877+0000] GC(267) Load: 1.54/0.76/0.34
[2025-08-01T14:46:03.878+0000] GC(267) MMU: 2ms/90.0%, 5ms/96.0%, 10ms/97.9%, 20ms/98.9%, 50ms/99.6%, 100ms/99.8%
[2025-08-01T14:46:03.878+0000] GC(267) Mark: 2 stripe(s), 3 proactive flush(es), 1 terminate flush(es), 0 completion(s), 0 continuation(s) 
[2025-08-01T14:46:03.878+0000] GC(267) Mark Stack Usage: 32M
[2025-08-01T14:46:03.878+0000] GC(267) NMethods: 1415 registered, 180 unregistered
[2025-08-01T14:46:03.878+0000] GC(267) Metaspace: 10M used, 10M committed, 1088M reserved
[2025-08-01T14:46:03.878+0000] GC(267) Soft: 228 encountered, 0 discovered, 0 enqueued
[2025-08-01T14:46:03.878+0000] GC(267) Weak: 934 encountered, 704 discovered, 0 enqueued
[2025-08-01T14:46:03.878+0000] GC(267) Final: 0 encountered, 0 discovered, 0 enqueued
[2025-08-01T14:46:03.878+0000] GC(267) Phantom: 3 encountered, 1 discovered, 0 enqueued
[2025-08-01T14:46:03.878+0000] GC(267) Small Pages: 1365 / 2730M, Empty: 1968M, Relocated: 3M, In-Place: 0
[2025-08-01T14:46:03.878+0000] GC(267) Medium Pages: 1 / 32M, Empty: 0M, Relocated: 0M, In-Place: 0
[2025-08-01T14:46:03.878+0000] GC(267) Large Pages: 0 / 0M, Empty: 0M, Relocated: 0M, In-Place: 0
[2025-08-01T14:46:03.878+0000] GC(267) Forwarding Usage: 0M
[2025-08-01T14:46:03.878+0000] GC(267) Min Capacity: 4096M(100%)
[2025-08-01T14:46:03.878+0000] GC(267) Max Capacity: 4096M(100%)
[2025-08-01T14:46:03.878+0000] GC(267) Soft Max Capacity: 4096M(100%)
[2025-08-01T14:46:03.878+0000] GC(267)                Mark Start          Mark End        Relocate Start      Relocate End           High               Low         
[2025-08-01T14:46:03.878+0000] GC(267)  Capacity:     4096M (100%)       4096M (100%)       4096M (100%)       4096M (100%)       4096M (100%)       4096M (100%)   
[2025-08-01T14:46:03.878+0000] GC(267)      Free:     1334M (33%)         468M (11%)        2432M (59%)        2444M (60%)        2444M (60%)         464M (11%)    
[2025-08-01T14:46:03.878+0000] GC(267)      Used:     2762M (67%)        3628M (89%)        1664M (41%)        1652M (40%)        3632M (89%)        1652M (40%)    
[2025-08-01T14:46:03.878+0000] GC(267)      Live:         -               743M (18%)         743M (18%)         743M (18%)            -                  -          
[2025-08-01T14:46:03.878+0000] GC(267) Allocated:         -               866M (21%)         870M (21%)         870M (21%)            -                  -          
[2025-08-01T14:46:03.878+0000] GC(267)   Garbage:         -              2018M (49%)          50M (1%)           38M (1%)             -                  -          
[2025-08-01T14:46:03.878+0000] GC(267) Reclaimed:         -                  -              1968M (48%)        1980M (48%)            -                  -          
[2025-08-01T14:46:03.878+0000] GC(267) Garbage Collection (Allocation Rate) 2762M(67%)->1652M(40%)
[2025-08-01T14:46:04.093+0000] GC(268) Heap before GC invocations=268 (full 268):
[2025-08-01T14:46:04.093+0000] GC(268)  ZHeap           used 2786M, capacity 4096M, max capacity 4096M
[2025-08-01T14:46:04.093+0000] GC(268)  Metaspace       used 10643K, committed 10880K, reserved 1114112K
[2025-08-01T14:46:04.093+0000] GC(268)   class space    used 1265K, committed 1344K, reserved 1048576K
[2025-08-01T14:46:04.093+0000] GC(268) Garbage Collection (Allocation Rate)
[2025-08-01T14:46:04.093+0000] GC(268) Using 2 workers
[2025-08-01T14:46:04.093+0000] GC(268) Pause Mark Start 0.013ms
[2025-08-01T14:46:04.224+0000] GC(268) Concurrent Mark 130.523ms
[2025-08-01T14:46:04.224+0000] GC(268) Pause Mark End 0.021ms
[2025-08-01T14:46:04.224+0000] GC(268) Concurrent Mark Free 0.001ms
[2025-08-01T14:46:04.229+0000] GC(268) Concurrent Process Non-Strong References 4.813ms
[2025-08-01T14:46:04.229+0000] GC(268) Concurrent Reset Relocation Set 0.004ms
[2025-08-01T14:46:04.234+0000] GC(268) Concurrent Select Relocation Set 4.886ms
[2025-08-01T14:46:04.235+0000] GC(268) Pause Relocate Start 0.020ms
[2025-08-01T14:46:04.237+0000] GC(268) Concurrent Relocate 1.836ms
[2025-08-01T14:46:04.237+0000] GC(268) Heap after GC invocations=269 (full 269):
[2025-08-01T14:46:04.237+0000] GC(268)  ZHeap           used 1374M, capacity 4096M, max capacity 4096M
[2025-08-01T14:46:04.237+0000] GC(268)  Metaspace       used 10643K, committed 10880K, reserved 1114112K
[2025-08-01T14:46:04.237+0000] GC(268)   class space    used 1265K, committed 1344K, reserved 1048576K
[2025-08-01T14:46:04.237+0000] GC(268) Load: 1.54/0.76/0.34
[2025-08-01T14:46:04.237+0000] GC(268) MMU: 2ms/90.0%, 5ms/96.0%, 10ms/97.9%, 20ms/98.9%, 50ms/99.6%, 100ms/99.8%
[2025-08-01T14:46:04.237+0000] GC(268) Mark: 2 stripe(s), 2 proactive flush(es), 1 terminate flush(es), 0 completion(s), 0 continuation(s) 
[2025-08-01T14:46:04.237+0000] GC(268) Mark Stack Usage: 32M
[2025-08-01T14:46:04.237+0000] GC(268) NMethods: 1415 registered, 180 unregistered
[2025-08-01T14:46:04.237+0000] GC(268) Metaspace: 10M used, 10M committed, 1088M reserved
[2025-08-01T14:46:04.237+0000] GC(268) Soft: 228 encountered, 0 discovered, 0 enqueued
[2025-08-01T14:46:04.237+0000] GC(268) Weak: 934 encountered, 680 discovered, 0 enqueued
[2025-08-01T14:46:04.237+0000] GC(268) Final: 0 encountered, 0 discovered, 0 enqueued
[2025-08-01T14:46:04.237+0000] GC(268) Phantom: 3 encountered, 1 discovered, 0 enqueued
[2025-08-01T14:46:04.237+0000] GC(268) Small Pages: 1377 / 2754M, Empty: 2100M, Relocated: 3M, In-Place: 0
[2025-08-01T14:46:04.237+0000] GC(268) Medium Pages: 1 / 32M, Empty: 0M, Relocated: 0M, In-Place: 0
[2025-08-01T14:46:04.237+0000] GC(268) Large Pages: 0 / 0M, Empty: 0M, Relocated: 0M, In-Place: 0
[2025-08-01T14:46:04.237+0000] GC(268) Forwarding Usage: 0M
[2025-08-01T14:46:04.237+0000] GC(268) Min Capacity: 4096M(100%)
[2025-08-01T14:46:04.237+0000] GC(268) Max Capacity: 4096M(100%)
[2025-08-01T14:46:04.237+0000] GC(268) Soft Max Capacity: 4096M(100%)
[2025-08-01T14:46:04.237+0000] GC(268)                Mark Start          Mark End        Relocate Start      Relocate End           High               Low         
[2025-08-01T14:46:04.237+0000] GC(268)  Capacity:     4096M (100%)       4096M (100%)       4096M (100%)       4096M (100%)       4096M (100%)       4096M (100%)   
[2025-08-01T14:46:04.237+0000] GC(268)      Free:     1310M (32%)         724M (18%)        2730M (67%)        2722M (66%)        2736M (67%)         680M (17%)    
[2025-08-01T14:46:04.237+0000] GC(268)      Used:     2786M (68%)        3372M (82%)        1366M (33%)        1374M (34%)        3416M (83%)        1360M (33%)    
[2025-08-01T14:46:04.237+0000] GC(268)      Live:         -               636M (16%)         636M (16%)         636M (16%)            -                  -          
[2025-08-01T14:46:04.237+0000] GC(268) Allocated:         -               586M (14%)         680M (17%)         698M (17%)            -                  -          
[2025-08-01T14:46:04.237+0000] GC(268)   Garbage:         -              2149M (52%)          49M (1%)           39M (1%)             -                  -          
[2025-08-01T14:46:04.237+0000] GC(268) Reclaimed:         -                  -              2100M (51%)        2110M (52%)            -                  -          
[2025-08-01T14:46:04.237+0000] GC(268) Garbage Collection (Allocation Rate) 2786M(68%)->1374M(34%)
[2025-08-01T14:46:04.492+0000] GC(269) Heap before GC invocations=269 (full 269):
[2025-08-01T14:46:04.492+0000] GC(269)  ZHeap           used 2628M, capacity 4096M, max capacity 4096M
[2025-08-01T14:46:04.492+0000] GC(269)  Metaspace       used 10643K, committed 10880K, reserved 1114112K
[2025-08-01T14:46:04.492+0000] GC(269)   class space    used 1265K, committed 1344K, reserved 1048576K
[2025-08-01T14:46:04.492+0000] GC(269) Garbage Collection (Allocation Rate)
[2025-08-01T14:46:04.492+0000] GC(269) Using 2 workers
[2025-08-01T14:46:04.493+0000] GC(269) Pause Mark Start 0.028ms
[2025-08-01T14:46:04.627+0000] GC(269) Concurrent Mark 133.569ms
[2025-08-01T14:46:04.627+0000] GC(269) Pause Mark End 0.022ms
[2025-08-01T14:46:04.627+0000] GC(269) Concurrent Mark Free 0.001ms
[2025-08-01T14:46:04.629+0000] GC(269) Concurrent Process Non-Strong References 2.408ms
[2025-08-01T14:46:04.630+0000] GC(269) Concurrent Reset Relocation Set 0.002ms
[2025-08-01T14:46:04.632+0000] GC(269) Concurrent Select Relocation Set 2.513ms
[2025-08-01T14:46:04.633+0000] GC(269) Pause Relocate Start 0.013ms
[2025-08-01T14:46:04.635+0000] GC(269) Concurrent Relocate 2.039ms
[2025-08-01T14:46:04.635+0000] GC(269) Heap after GC invocations=270 (full 270):
[2025-08-01T14:46:04.635+0000] GC(269)  ZHeap           used 1114M, capacity 4096M, max capacity 4096M
[2025-08-01T14:46:04.635+0000] GC(269)  Metaspace       used 10643K, committed 10880K, reserved 1114112K
[2025-08-01T14:46:04.635+0000] GC(269)   class space    used 1265K, committed 1344K, reserved 1048576K
[2025-08-01T14:46:04.635+0000] GC(269) Load: 1.54/0.76/0.34
[2025-08-01T14:46:04.635+0000] GC(269) MMU: 2ms/90.0%, 5ms/96.0%, 10ms/97.9%, 20ms/98.9%, 50ms/99.6%, 100ms/99.8%
[2025-08-01T14:46:04.635+0000] GC(269) Mark: 2 stripe(s), 2 proactive flush(es), 1 terminate flush(es), 0 completion(s), 0 continuation(s) 
[2025-08-01T14:46:04.635+0000] GC(269) Mark Stack Usage: 32M
[2025-08-01T14:46:04.635+0000] GC(269) NMethods: 1415 registered, 180 unregistered
[2025-08-01T14:46:04.635+0000] GC(269) Metaspace: 10M used, 10M committed, 1088M reserved
[2025-08-01T14:46:04.635+0000] GC(269) Soft: 228 encountered, 0 discovered, 0 enqueued
[2025-08-01T14:46:04.635+0000] GC(269) Weak: 934 encountered, 711 discovered, 0 enqueued
[2025-08-01T14:46:04.635+0000] GC(269) Final: 0 encountered, 0 discovered, 0 enqueued
[2025-08-01T14:46:04.636+0000] GC(269) Phantom: 3 encountered, 1 discovered, 0 enqueued
[2025-08-01T14:46:04.636+0000] GC(269) Small Pages: 1299 / 2598M, Empty: 2072M, Relocated: 5M, In-Place: 0
[2025-08-01T14:46:04.636+0000] GC(269) Medium Pages: 1 / 32M, Empty: 0M, Relocated: 0M, In-Place: 0
[2025-08-01T14:46:04.636+0000] GC(269) Large Pages: 0 / 0M, Empty: 0M, Relocated: 0M, In-Place: 0
[2025-08-01T14:46:04.636+0000] GC(269) Forwarding Usage: 0M
[2025-08-01T14:46:04.636+0000] GC(269) Min Capacity: 4096M(100%)
[2025-08-01T14:46:04.636+0000] GC(269) Max Capacity: 4096M(100%)
[2025-08-01T14:46:04.636+0000] GC(269) Soft Max Capacity: 4096M(100%)
[2025-08-01T14:46:04.636+0000] GC(269)                Mark Start          Mark End        Relocate Start      Relocate End           High               Low         
[2025-08-01T14:46:04.636+0000] GC(269)  Capacity:     4096M (100%)       4096M (100%)       4096M (100%)       4096M (100%)       4096M (100%)       4096M (100%)   
[2025-08-01T14:46:04.636+0000] GC(269)      Free:     1466M (36%)         960M (23%)        2984M (73%)        2982M (73%)        2996M (73%)         948M (23%)    
[2025-08-01T14:46:04.636+0000] GC(269)      Used:     2630M (64%)        3136M (77%)        1112M (27%)        1114M (27%)        3148M (77%)        1100M (27%)    
[2025-08-01T14:46:04.636+0000] GC(269)      Live:         -               503M (12%)         503M (12%)         503M (12%)            -                  -          
[2025-08-01T14:46:04.636+0000] GC(269) Allocated:         -               506M (12%)         554M (14%)         570M (14%)            -                  -          
[2025-08-01T14:46:04.636+0000] GC(269)   Garbage:         -              2126M (52%)          54M (1%)           40M (1%)             -                  -          
[2025-08-01T14:46:04.636+0000] GC(269) Reclaimed:         -                  -              2072M (51%)        2086M (51%)            -                  -          
[2025-08-01T14:46:04.636+0000] GC(269) Garbage Collection (Allocation Rate) 2630M(64%)->1114M(27%)
[2025-08-01T14:46:04.993+0000] GC(270) Heap before GC invocations=270 (full 270):
[2025-08-01T14:46:04.993+0000] GC(270)  ZHeap           used 2888M, capacity 4096M, max capacity 4096M
[2025-08-01T14:46:04.993+0000] GC(270)  Metaspace       used 10643K, committed 10880K, reserved 1114112K
[2025-08-01T14:46:04.993+0000] GC(270)   class space    used 1265K, committed 1344K, reserved 1048576K
[2025-08-01T14:46:04.993+0000] GC(270) Garbage Collection (Allocation Rate)
[2025-08-01T14:46:04.993+0000] GC(270) Using 2 workers
[2025-08-01T14:46:04.993+0000] GC(270) Pause Mark Start 0.015ms
[2025-08-01T14:46:05.107+0000] GC(270) Concurrent Mark 113.749ms
[2025-08-01T14:46:05.107+0000] GC(270) Pause Mark End 0.017ms
[2025-08-01T14:46:05.108+0000] GC(270) Concurrent Mark Free 0.001ms
[2025-08-01T14:46:05.112+0000] GC(270) Concurrent Process Non-Strong References 4.320ms
[2025-08-01T14:46:05.112+0000] GC(270) Concurrent Reset Relocation Set 0.003ms
[2025-08-01T14:46:05.116+0000] GC(270) Concurrent Select Relocation Set 3.760ms
[2025-08-01T14:46:05.116+0000] GC(270) Pause Relocate Start 0.012ms
[2025-08-01T14:46:05.120+0000] GC(270) Concurrent Relocate 3.184ms
[2025-08-01T14:46:05.120+0000] GC(270) Heap after GC invocations=271 (full 271):
[2025-08-01T14:46:05.120+0000] GC(270)  ZHeap           used 1068M, capacity 4096M, max capacity 4096M
[2025-08-01T14:46:05.120+0000] GC(270)  Metaspace       used 10643K, committed 10880K, reserved 1114112K
[2025-08-01T14:46:05.120+0000] GC(270)   class space    used 1265K, committed 1344K, reserved 1048576K
[2025-08-01T14:46:05.120+0000] GC(270) Load: 1.54/0.76/0.34
[2025-08-01T14:46:05.120+0000] GC(270) MMU: 2ms/90.0%, 5ms/96.0%, 10ms/97.9%, 20ms/98.9%, 50ms/99.6%, 100ms/99.8%
[2025-08-01T14:46:05.120+0000] GC(270) Mark: 2 stripe(s), 2 proactive flush(es), 1 terminate flush(es), 0 completion(s), 0 continuation(s) 
[2025-08-01T14:46:05.120+0000] GC(270) Mark Stack Usage: 32M
[2025-08-01T14:46:05.120+0000] GC(270) NMethods: 1415 registered, 180 unregistered
[2025-08-01T14:46:05.120+0000] GC(270) Metaspace: 10M used, 10M committed, 1088M reserved
[2025-08-01T14:46:05.120+0000] GC(270) Soft: 228 encountered, 0 discovered, 0 enqueued
[2025-08-01T14:46:05.120+0000] GC(270) Weak: 934 encountered, 718 discovered, 0 enqueued
[2025-08-01T14:46:05.120+0000] GC(270) Final: 0 encountered, 0 discovered, 0 enqueued
[2025-08-01T14:46:05.120+0000] GC(270) Phantom: 3 encountered, 1 discovered, 0 enqueued
[2025-08-01T14:46:05.120+0000] GC(270) Small Pages: 1428 / 2856M, Empty: 2442M, Relocated: 5M, In-Place: 0
[2025-08-01T14:46:05.120+0000] GC(270) Medium Pages: 1 / 32M, Empty: 0M, Relocated: 0M, In-Place: 0
[2025-08-01T14:46:05.120+0000] GC(270) Large Pages: 0 / 0M, Empty: 0M, Relocated: 0M, In-Place: 0
[2025-08-01T14:46:05.120+0000] GC(270) Forwarding Usage: 0M
[2025-08-01T14:46:05.120+0000] GC(270) Min Capacity: 4096M(100%)
[2025-08-01T14:46:05.120+0000] GC(270) Max Capacity: 4096M(100%)
[2025-08-01T14:46:05.120+0000] GC(270) Soft Max Capacity: 4096M(100%)
[2025-08-01T14:46:05.120+0000] GC(270)                Mark Start          Mark End        Relocate Start      Relocate End           High               Low         
[2025-08-01T14:46:05.120+0000] GC(270)  Capacity:     4096M (100%)       4096M (100%)       4096M (100%)       4096M (100%)       4096M (100%)       4096M (100%)   
[2025-08-01T14:46:05.120+0000] GC(270)      Free:     1208M (29%)         694M (17%)        3052M (75%)        3030M (74%)        3080M (75%)         652M (16%)    
[2025-08-01T14:46:05.120+0000] GC(270)      Used:     2888M (71%)        3402M (83%)        1044M (25%)        1066M (26%)        3444M (84%)        1016M (25%)    
[2025-08-01T14:46:05.120+0000] GC(270)      Live:         -               399M (10%)         399M (10%)         399M (10%)            -                  -          
[2025-08-01T14:46:05.120+0000] GC(270) Allocated:         -               514M (13%)         598M (15%)         628M (15%)            -                  -          
[2025-08-01T14:46:05.120+0000] GC(270)   Garbage:         -              2488M (61%)          46M (1%)           38M (1%)             -                  -          
[2025-08-01T14:46:05.120+0000] GC(270) Reclaimed:         -                  -              2442M (60%)        2450M (60%)            -                  -          
[2025-08-01T14:46:05.120+0000] GC(270) Garbage Collection (Allocation Rate) 2888M(71%)->1066M(26%)
[2025-08-01T14:46:05.493+0000] GC(271) Heap before GC invocations=271 (full 271):
[2025-08-01T14:46:05.494+0000] GC(271)  ZHeap           used 2820M, capacity 4096M, max capacity 4096M
[2025-08-01T14:46:05.494+0000] GC(271)  Metaspace       used 10643K, committed 10880K, reserved 1114112K
[2025-08-01T14:46:05.494+0000] GC(271)   class space    used 1265K, committed 1344K, reserved 1048576K
[2025-08-01T14:46:05.494+0000] GC(271) Garbage Collection (Allocation Rate)
[2025-08-01T14:46:05.494+0000] GC(271) Using 2 workers
[2025-08-01T14:46:05.494+0000] GC(271) Pause Mark Start 0.013ms
[2025-08-01T14:46:05.652+0000] GC(271) Concurrent Mark 157.800ms
[2025-08-01T14:46:05.653+0000] GC(271) Pause Mark End 0.032ms
[2025-08-01T14:46:05.653+0000] GC(271) Concurrent Mark Free 0.003ms
[2025-08-01T14:46:05.659+0000] GC(271) Concurrent Process Non-Strong References 5.958ms
[2025-08-01T14:46:05.659+0000] GC(271) Concurrent Reset Relocation Set 0.003ms
[2025-08-01T14:46:05.665+0000] GC(271) Concurrent Select Relocation Set 6.087ms
[2025-08-01T14:46:05.666+0000] GC(271) Pause Relocate Start 0.011ms
[2025-08-01T14:46:05.667+0000] GC(271) Concurrent Relocate 1.642ms
[2025-08-01T14:46:05.667+0000] GC(271) Heap after GC invocations=272 (full 272):
[2025-08-01T14:46:05.667+0000] GC(271)  ZHeap           used 1204M, capacity 4096M, max capacity 4096M
[2025-08-01T14:46:05.667+0000] GC(271)  Metaspace       used 10643K, committed 10880K, reserved 1114112K
[2025-08-01T14:46:05.667+0000] GC(271)   class space    used 1265K, committed 1344K, reserved 1048576K
[2025-08-01T14:46:05.667+0000] GC(271) Load: 1.54/0.76/0.34
[2025-08-01T14:46:05.667+0000] GC(271) MMU: 2ms/90.0%, 5ms/96.0%, 10ms/97.9%, 20ms/98.9%, 50ms/99.6%, 100ms/99.8%
[2025-08-01T14:46:05.667+0000] GC(271) Mark: 2 stripe(s), 2 proactive flush(es), 1 terminate flush(es), 0 completion(s), 0 continuation(s) 
[2025-08-01T14:46:05.667+0000] GC(271) Mark Stack Usage: 32M
[2025-08-01T14:46:05.668+0000] GC(271) NMethods: 1415 registered, 180 unregistered
[2025-08-01T14:46:05.668+0000] GC(271) Metaspace: 10M used, 10M committed, 1088M reserved
[2025-08-01T14:46:05.668+0000] GC(271) Soft: 228 encountered, 0 discovered, 0 enqueued
[2025-08-01T14:46:05.668+0000] GC(271) Weak: 934 encountered, 704 discovered, 0 enqueued
[2025-08-01T14:46:05.668+0000] GC(271) Final: 0 encountered, 0 discovered, 0 enqueued
[2025-08-01T14:46:05.668+0000] GC(271) Phantom: 3 encountered, 1 discovered, 0 enqueued
[2025-08-01T14:46:05.668+0000] GC(271) Small Pages: 1395 / 2790M, Empty: 2354M, Relocated: 5M, In-Place: 0
[2025-08-01T14:46:05.668+0000] GC(271) Medium Pages: 1 / 32M, Empty: 0M, Relocated: 0M, In-Place: 0
[2025-08-01T14:46:05.668+0000] GC(271) Large Pages: 0 / 0M, Empty: 0M, Relocated: 0M, In-Place: 0
[2025-08-01T14:46:05.668+0000] GC(271) Forwarding Usage: 0M
[2025-08-01T14:46:05.668+0000] GC(271) Min Capacity: 4096M(100%)
[2025-08-01T14:46:05.668+0000] GC(271) Max Capacity: 4096M(100%)
[2025-08-01T14:46:05.668+0000] GC(271) Soft Max Capacity: 4096M(100%)
[2025-08-01T14:46:05.668+0000] GC(271)                Mark Start          Mark End        Relocate Start      Relocate End           High               Low         
[2025-08-01T14:46:05.668+0000] GC(271)  Capacity:     4096M (100%)       4096M (100%)       4096M (100%)       4096M (100%)       4096M (100%)       4096M (100%)   
[2025-08-01T14:46:05.668+0000] GC(271)      Free:     1274M (31%)         562M (14%)        2882M (70%)        2892M (71%)        2892M (71%)         544M (13%)    
[2025-08-01T14:46:05.668+0000] GC(271)      Used:     2822M (69%)        3534M (86%)        1214M (30%)        1204M (29%)        3552M (87%)        1204M (29%)    
[2025-08-01T14:46:05.668+0000] GC(271)      Live:         -               419M (10%)         419M (10%)         419M (10%)            -                  -          
[2025-08-01T14:46:05.668+0000] GC(271) Allocated:         -               712M (17%)         746M (18%)         746M (18%)            -                  -          
[2025-08-01T14:46:05.668+0000] GC(271)   Garbage:         -              2402M (59%)          48M (1%)           38M (1%)             -                  -          
[2025-08-01T14:46:05.668+0000] GC(271) Reclaimed:         -                  -              2354M (57%)        2364M (58%)            -                  -          
[2025-08-01T14:46:05.668+0000] GC(271) Garbage Collection (Allocation Rate) 2822M(69%)->1204M(29%)
[2025-08-01T14:46:05.993+0000] GC(272) Heap before GC invocations=272 (full 272):
[2025-08-01T14:46:05.993+0000] GC(272)  ZHeap           used 2792M, capacity 4096M, max capacity 4096M
[2025-08-01T14:46:05.993+0000] GC(272)  Metaspace       used 10643K, committed 10880K, reserved 1114112K
[2025-08-01T14:46:05.993+0000] GC(272)   class space    used 1265K, committed 1344K, reserved 1048576K
[2025-08-01T14:46:05.994+0000] GC(272) Garbage Collection (Allocation Rate)
[2025-08-01T14:46:05.994+0000] GC(272) Using 2 workers
[2025-08-01T14:46:05.994+0000] GC(272) Pause Mark Start 0.011ms
[2025-08-01T14:46:06.114+0000] GC(272) Concurrent Mark 119.343ms
[2025-08-01T14:46:06.115+0000] GC(272) Pause Mark End 0.022ms
[2025-08-01T14:46:06.115+0000] GC(272) Concurrent Mark Free 0.002ms
[2025-08-01T14:46:06.117+0000] GC(272) Concurrent Process Non-Strong References 2.360ms
[2025-08-01T14:46:06.117+0000] GC(272) Concurrent Reset Relocation Set 0.003ms
[2025-08-01T14:46:06.121+0000] GC(272) Concurrent Select Relocation Set 4.081ms
[2025-08-01T14:46:06.122+0000] GC(272) Pause Relocate Start 0.013ms
[2025-08-01T14:46:06.124+0000] GC(272) Concurrent Relocate 2.331ms
[2025-08-01T14:46:06.124+0000] GC(272) Heap after GC invocations=273 (full 273):
[2025-08-01T14:46:06.124+0000] GC(272)  ZHeap           used 1246M, capacity 4096M, max capacity 4096M
[2025-08-01T14:46:06.124+0000] GC(272)  Metaspace       used 10643K, committed 10880K, reserved 1114112K
[2025-08-01T14:46:06.124+0000] GC(272)   class space    used 1265K, committed 1344K, reserved 1048576K
[2025-08-01T14:46:06.124+0000] GC(272) Load: 1.54/0.76/0.34
[2025-08-01T14:46:06.124+0000] GC(272) MMU: 2ms/90.0%, 5ms/96.0%, 10ms/97.9%, 20ms/98.9%, 50ms/99.6%, 100ms/99.8%
[2025-08-01T14:46:06.124+0000] GC(272) Mark: 2 stripe(s), 2 proactive flush(es), 1 terminate flush(es), 0 completion(s), 0 continuation(s) 
[2025-08-01T14:46:06.124+0000] GC(272) Mark Stack Usage: 32M
[2025-08-01T14:46:06.124+0000] GC(272) NMethods: 1415 registered, 180 unregistered
[2025-08-01T14:46:06.124+0000] GC(272) Metaspace: 10M used, 10M committed, 1088M reserved
[2025-08-01T14:46:06.124+0000] GC(272) Soft: 228 encountered, 0 discovered, 0 enqueued
[2025-08-01T14:46:06.124+0000] GC(272) Weak: 934 encountered, 683 discovered, 0 enqueued
[2025-08-01T14:46:06.124+0000] GC(272) Final: 0 encountered, 0 discovered, 0 enqueued
[2025-08-01T14:46:06.124+0000] GC(272) Phantom: 3 encountered, 2 discovered, 0 enqueued
[2025-08-01T14:46:06.124+0000] GC(272) Small Pages: 1381 / 2762M, Empty: 2226M, Relocated: 8M, In-Place: 0
[2025-08-01T14:46:06.124+0000] GC(272) Medium Pages: 1 / 32M, Empty: 0M, Relocated: 0M, In-Place: 0
[2025-08-01T14:46:06.124+0000] GC(272) Large Pages: 0 / 0M, Empty: 0M, Relocated: 0M, In-Place: 0
[2025-08-01T14:46:06.125+0000] GC(272) Forwarding Usage: 0M
[2025-08-01T14:46:06.125+0000] GC(272) Min Capacity: 4096M(100%)
[2025-08-01T14:46:06.125+0000] GC(272) Max Capacity: 4096M(100%)
[2025-08-01T14:46:06.125+0000] GC(272) Soft Max Capacity: 4096M(100%)
[2025-08-01T14:46:06.125+0000] GC(272)                Mark Start          Mark End        Relocate Start      Relocate End           High               Low         
[2025-08-01T14:46:06.125+0000] GC(272)  Capacity:     4096M (100%)       4096M (100%)       4096M (100%)       4096M (100%)       4096M (100%)       4096M (100%)   
[2025-08-01T14:46:06.125+0000] GC(272)      Free:     1302M (32%)         654M (16%)        2844M (69%)        2850M (70%)        2852M (70%)         642M (16%)    
[2025-08-01T14:46:06.125+0000] GC(272)      Used:     2794M (68%)        3442M (84%)        1252M (31%)        1246M (30%)        3454M (84%)        1244M (30%)    
[2025-08-01T14:46:06.125+0000] GC(272)      Live:         -               511M (12%)         511M (12%)         511M (12%)            -                  -          
[2025-08-01T14:46:06.125+0000] GC(272) Allocated:         -               648M (16%)         684M (17%)         696M (17%)            -                  -          
[2025-08-01T14:46:06.125+0000] GC(272)   Garbage:         -              2282M (56%)          56M (1%)           38M (1%)             -                  -          
[2025-08-01T14:46:06.125+0000] GC(272) Reclaimed:         -                  -              2226M (54%)        2244M (55%)            -                  -          
[2025-08-01T14:46:06.125+0000] GC(272) Garbage Collection (Allocation Rate) 2794M(68%)->1246M(30%)
[2025-08-01T14:46:06.495+0000] GC(273) Heap before GC invocations=273 (full 273):
[2025-08-01T14:46:06.495+0000] GC(273)  ZHeap           used 3104M, capacity 4096M, max capacity 4096M
[2025-08-01T14:46:06.495+0000] GC(273)  Metaspace       used 10643K, committed 10880K, reserved 1114112K
[2025-08-01T14:46:06.495+0000] GC(273)   class space    used 1265K, committed 1344K, reserved 1048576K
[2025-08-01T14:46:06.495+0000] GC(273) Garbage Collection (Allocation Rate)
[2025-08-01T14:46:06.495+0000] GC(273) Using 2 workers
[2025-08-01T14:46:06.495+0000] GC(273) Pause Mark Start 0.009ms
[2025-08-01T14:46:06.615+0000] GC(273) Concurrent Mark 118.306ms
[2025-08-01T14:46:06.616+0000] GC(273) Pause Mark End 0.021ms
[2025-08-01T14:46:06.616+0000] GC(273) Concurrent Mark Free 0.002ms
[2025-08-01T14:46:06.619+0000] GC(273) Concurrent Process Non-Strong References 2.972ms
[2025-08-01T14:46:06.619+0000] GC(273) Concurrent Reset Relocation Set 0.003ms
[2025-08-01T14:46:06.623+0000] GC(273) Concurrent Select Relocation Set 3.876ms
[2025-08-01T14:46:06.624+0000] GC(273) Pause Relocate Start 0.020ms
[2025-08-01T14:46:06.626+0000] GC(273) Concurrent Relocate 1.511ms
[2025-08-01T14:46:06.626+0000] GC(273) Heap after GC invocations=274 (full 274):
[2025-08-01T14:46:06.626+0000] GC(273)  ZHeap           used 1084M, capacity 4096M, max capacity 4096M
[2025-08-01T14:46:06.626+0000] GC(273)  Metaspace       used 10643K, committed 10880K, reserved 1114112K
[2025-08-01T14:46:06.626+0000] GC(273)   class space    used 1265K, committed 1344K, reserved 1048576K
[2025-08-01T14:46:06.626+0000] GC(273) Load: 1.49/0.77/0.35
[2025-08-01T14:46:06.626+0000] GC(273) MMU: 2ms/90.0%, 5ms/96.0%, 10ms/97.9%, 20ms/98.9%, 50ms/99.6%, 100ms/99.8%
[2025-08-01T14:46:06.626+0000] GC(273) Mark: 2 stripe(s), 2 proactive flush(es), 1 terminate flush(es), 0 completion(s), 0 continuation(s) 
[2025-08-01T14:46:06.626+0000] GC(273) Mark Stack Usage: 32M
[2025-08-01T14:46:06.626+0000] GC(273) NMethods: 1415 registered, 180 unregistered
[2025-08-01T14:46:06.626+0000] GC(273) Metaspace: 10M used, 10M committed, 1088M reserved
[2025-08-01T14:46:06.626+0000] GC(273) Soft: 228 encountered, 0 discovered, 0 enqueued
[2025-08-01T14:46:06.626+0000] GC(273) Weak: 934 encountered, 776 discovered, 0 enqueued
[2025-08-01T14:46:06.626+0000] GC(273) Final: 0 encountered, 0 discovered, 0 enqueued
[2025-08-01T14:46:06.626+0000] GC(273) Phantom: 3 encountered, 1 discovered, 0 enqueued
[2025-08-01T14:46:06.626+0000] GC(273) Small Pages: 1536 / 3072M, Empty: 2532M, Relocated: 2M, In-Place: 0
[2025-08-01T14:46:06.626+0000] GC(273) Medium Pages: 1 / 32M, Empty: 0M, Relocated: 0M, In-Place: 0
[2025-08-01T14:46:06.626+0000] GC(273) Large Pages: 0 / 0M, Empty: 0M, Relocated: 0M, In-Place: 0
[2025-08-01T14:46:06.626+0000] GC(273) Forwarding Usage: 0M
[2025-08-01T14:46:06.626+0000] GC(273) Min Capacity: 4096M(100%)
[2025-08-01T14:46:06.626+0000] GC(273) Max Capacity: 4096M(100%)
[2025-08-01T14:46:06.626+0000] GC(273) Soft Max Capacity: 4096M(100%)
[2025-08-01T14:46:06.626+0000] GC(273)                Mark Start          Mark End        Relocate Start      Relocate End           High               Low         
[2025-08-01T14:46:06.626+0000] GC(273)  Capacity:     4096M (100%)       4096M (100%)       4096M (100%)       4096M (100%)       4096M (100%)       4096M (100%)   
[2025-08-01T14:46:06.626+0000] GC(273)      Free:      992M (24%)         518M (13%)        3010M (73%)        3012M (74%)        3014M (74%)         498M (12%)    
[2025-08-01T14:46:06.626+0000] GC(273)      Used:     3104M (76%)        3578M (87%)        1086M (27%)        1084M (26%)        3598M (88%)        1082M (26%)    
[2025-08-01T14:46:06.626+0000] GC(273)      Live:         -               525M (13%)         525M (13%)         525M (13%)            -                  -          
[2025-08-01T14:46:06.626+0000] GC(273) Allocated:         -               474M (12%)         514M (13%)         520M (13%)            -                  -          
[2025-08-01T14:46:06.626+0000] GC(273)   Garbage:         -              2578M (63%)          46M (1%)           38M (1%)             -                  -          
[2025-08-01T14:46:06.626+0000] GC(273) Reclaimed:         -                  -              2532M (62%)        2540M (62%)            -                  -          
[2025-08-01T14:46:06.626+0000] GC(273) Garbage Collection (Allocation Rate) 3104M(76%)->1084M(26%)
[2025-08-01T14:46:06.994+0000] GC(274) Heap before GC invocations=274 (full 274):
[2025-08-01T14:46:06.994+0000] GC(274)  ZHeap           used 2956M, capacity 4096M, max capacity 4096M
[2025-08-01T14:46:06.994+0000] GC(274)  Metaspace       used 10643K, committed 10880K, reserved 1114112K
[2025-08-01T14:46:06.994+0000] GC(274)   class space    used 1265K, committed 1344K, reserved 1048576K
[2025-08-01T14:46:06.994+0000] GC(274) Garbage Collection (Allocation Rate)
[2025-08-01T14:46:06.994+0000] GC(274) Using 2 workers
[2025-08-01T14:46:06.994+0000] GC(274) Pause Mark Start 0.011ms
[2025-08-01T14:46:07.115+0000] GC(274) Concurrent Mark 120.711ms
[2025-08-01T14:46:07.116+0000] GC(274) Pause Mark End 0.021ms
[2025-08-01T14:46:07.116+0000] GC(274) Concurrent Mark Free 0.001ms
[2025-08-01T14:46:07.120+0000] GC(274) Concurrent Process Non-Strong References 3.925ms
[2025-08-01T14:46:07.120+0000] GC(274) Concurrent Reset Relocation Set 0.003ms
[2025-08-01T14:46:07.124+0000] GC(274) Concurrent Select Relocation Set 3.894ms
[2025-08-01T14:46:07.124+0000] GC(274) Pause Relocate Start 0.014ms
[2025-08-01T14:46:07.126+0000] GC(274) Concurrent Relocate 1.017ms
[2025-08-01T14:46:07.126+0000] GC(274) Heap after GC invocations=275 (full 275):
[2025-08-01T14:46:07.126+0000] GC(274)  ZHeap           used 1200M, capacity 4096M, max capacity 4096M
[2025-08-01T14:46:07.126+0000] GC(274)  Metaspace       used 10643K, committed 10880K, reserved 1114112K
[2025-08-01T14:46:07.126+0000] GC(274)   class space    used 1265K, committed 1344K, reserved 1048576K
[2025-08-01T14:46:07.126+0000] GC(274) Load: 1.49/0.77/0.35
[2025-08-01T14:46:07.126+0000] GC(274) MMU: 2ms/90.0%, 5ms/96.0%, 10ms/97.9%, 20ms/98.9%, 50ms/99.6%, 100ms/99.8%
[2025-08-01T14:46:07.126+0000] GC(274) Mark: 2 stripe(s), 2 proactive flush(es), 1 terminate flush(es), 0 completion(s), 0 continuation(s) 
[2025-08-01T14:46:07.126+0000] GC(274) Mark Stack Usage: 32M
[2025-08-01T14:46:07.126+0000] GC(274) NMethods: 1415 registered, 180 unregistered
[2025-08-01T14:46:07.126+0000] GC(274) Metaspace: 10M used, 10M committed, 1088M reserved
[2025-08-01T14:46:07.126+0000] GC(274) Soft: 228 encountered, 0 discovered, 0 enqueued
[2025-08-01T14:46:07.126+0000] GC(274) Weak: 934 encountered, 679 discovered, 0 enqueued
[2025-08-01T14:46:07.126+0000] GC(274) Final: 0 encountered, 0 discovered, 0 enqueued
[2025-08-01T14:46:07.126+0000] GC(274) Phantom: 3 encountered, 1 discovered, 0 enqueued
[2025-08-01T14:46:07.126+0000] GC(274) Small Pages: 1462 / 2924M, Empty: 2422M, Relocated: 1M, In-Place: 0
[2025-08-01T14:46:07.126+0000] GC(274) Medium Pages: 1 / 32M, Empty: 0M, Relocated: 0M, In-Place: 0
[2025-08-01T14:46:07.126+0000] GC(274) Large Pages: 0 / 0M, Empty: 0M, Relocated: 0M, In-Place: 0
[2025-08-01T14:46:07.126+0000] GC(274) Forwarding Usage: 0M
[2025-08-01T14:46:07.126+0000] GC(274) Min Capacity: 4096M(100%)
[2025-08-01T14:46:07.126+0000] GC(274) Max Capacity: 4096M(100%)
[2025-08-01T14:46:07.126+0000] GC(274) Soft Max Capacity: 4096M(100%)
[2025-08-01T14:46:07.126+0000] GC(274)                Mark Start          Mark End        Relocate Start      Relocate End           High               Low         
[2025-08-01T14:46:07.126+0000] GC(274)  Capacity:     4096M (100%)       4096M (100%)       4096M (100%)       4096M (100%)       4096M (100%)       4096M (100%)   
[2025-08-01T14:46:07.126+0000] GC(274)      Free:     1140M (28%)         570M (14%)        2902M (71%)        2896M (71%)        2908M (71%)         524M (13%)    
[2025-08-01T14:46:07.126+0000] GC(274)      Used:     2956M (72%)        3526M (86%)        1194M (29%)        1200M (29%)        3572M (87%)        1188M (29%)    
[2025-08-01T14:46:07.126+0000] GC(274)      Live:         -               487M (12%)         487M (12%)         487M (12%)            -                  -          
[2025-08-01T14:46:07.126+0000] GC(274) Allocated:         -               570M (14%)         660M (16%)         672M (16%)            -                  -          
[2025-08-01T14:46:07.126+0000] GC(274)   Garbage:         -              2468M (60%)          46M (1%)           40M (1%)             -                  -          
[2025-08-01T14:46:07.126+0000] GC(274) Reclaimed:         -                  -              2422M (59%)        2428M (59%)            -                  -          
[2025-08-01T14:46:07.126+0000] GC(274) Garbage Collection (Allocation Rate) 2956M(72%)->1200M(29%)
[2025-08-01T14:46:07.494+0000] GC(275) Heap before GC invocations=275 (full 275):
[2025-08-01T14:46:07.494+0000] GC(275)  ZHeap           used 2860M, capacity 4096M, max capacity 4096M
[2025-08-01T14:46:07.494+0000] GC(275)  Metaspace       used 10643K, committed 10880K, reserved 1114112K
[2025-08-01T14:46:07.494+0000] GC(275)   class space    used 1265K, committed 1344K, reserved 1048576K
[2025-08-01T14:46:07.494+0000] GC(275) Garbage Collection (Allocation Rate)
[2025-08-01T14:46:07.494+0000] GC(275) Using 2 workers
[2025-08-01T14:46:07.494+0000] GC(275) Pause Mark Start 0.014ms
[2025-08-01T14:46:07.618+0000] GC(275) Concurrent Mark 123.539ms
[2025-08-01T14:46:07.619+0000] GC(275) Pause Mark End 0.018ms
[2025-08-01T14:46:07.619+0000] GC(275) Concurrent Mark Free 0.001ms
[2025-08-01T14:46:07.623+0000] GC(275) Concurrent Process Non-Strong References 4.079ms
[2025-08-01T14:46:07.623+0000] GC(275) Concurrent Reset Relocation Set 0.003ms
[2025-08-01T14:46:07.627+0000] GC(275) Concurrent Select Relocation Set 3.759ms
[2025-08-01T14:46:07.627+0000] GC(275) Pause Relocate Start 0.021ms
[2025-08-01T14:46:07.631+0000] GC(275) Concurrent Relocate 2.312ms
[2025-08-01T14:46:07.631+0000] GC(275) Heap after GC invocations=276 (full 276):
[2025-08-01T14:46:07.631+0000] GC(275)  ZHeap           used 1142M, capacity 4096M, max capacity 4096M
[2025-08-01T14:46:07.631+0000] GC(275)  Metaspace       used 10643K, committed 10880K, reserved 1114112K
[2025-08-01T14:46:07.631+0000] GC(275)   class space    used 1265K, committed 1344K, reserved 1048576K
[2025-08-01T14:46:07.631+0000] GC(275) Load: 1.49/0.77/0.35
[2025-08-01T14:46:07.631+0000] GC(275) MMU: 2ms/90.0%, 5ms/96.0%, 10ms/97.9%, 20ms/98.9%, 50ms/99.6%, 100ms/99.8%
[2025-08-01T14:46:07.631+0000] GC(275) Mark: 2 stripe(s), 2 proactive flush(es), 1 terminate flush(es), 0 completion(s), 0 continuation(s) 
[2025-08-01T14:46:07.631+0000] GC(275) Mark Stack Usage: 32M
[2025-08-01T14:46:07.631+0000] GC(275) NMethods: 1415 registered, 180 unregistered
[2025-08-01T14:46:07.631+0000] GC(275) Metaspace: 10M used, 10M committed, 1088M reserved
[2025-08-01T14:46:07.631+0000] GC(275) Soft: 228 encountered, 0 discovered, 0 enqueued
[2025-08-01T14:46:07.631+0000] GC(275) Weak: 934 encountered, 695 discovered, 0 enqueued
[2025-08-01T14:46:07.631+0000] GC(275) Final: 0 encountered, 0 discovered, 0 enqueued
[2025-08-01T14:46:07.631+0000] GC(275) Phantom: 3 encountered, 1 discovered, 0 enqueued
[2025-08-01T14:46:07.631+0000] GC(275) Small Pages: 1415 / 2830M, Empty: 2414M, Relocated: 6M, In-Place: 0
[2025-08-01T14:46:07.631+0000] GC(275) Medium Pages: 1 / 32M, Empty: 0M, Relocated: 0M, In-Place: 0
[2025-08-01T14:46:07.631+0000] GC(275) Large Pages: 0 / 0M, Empty: 0M, Relocated: 0M, In-Place: 0
[2025-08-01T14:46:07.631+0000] GC(275) Forwarding Usage: 0M
[2025-08-01T14:46:07.631+0000] GC(275) Min Capacity: 4096M(100%)
[2025-08-01T14:46:07.631+0000] GC(275) Max Capacity: 4096M(100%)
[2025-08-01T14:46:07.631+0000] GC(275) Soft Max Capacity: 4096M(100%)
[2025-08-01T14:46:07.631+0000] GC(275)                Mark Start          Mark End        Relocate Start      Relocate End           High               Low         
[2025-08-01T14:46:07.631+0000] GC(275)  Capacity:     4096M (100%)       4096M (100%)       4096M (100%)       4096M (100%)       4096M (100%)       4096M (100%)   
[2025-08-01T14:46:07.631+0000] GC(275)      Free:     1234M (30%)         566M (14%)        2950M (72%)        2954M (72%)        2954M (72%)         552M (13%)    
[2025-08-01T14:46:07.631+0000] GC(275)      Used:     2862M (70%)        3530M (86%)        1146M (28%)        1142M (28%)        3544M (87%)        1142M (28%)    
[2025-08-01T14:46:07.631+0000] GC(275)      Live:         -               397M (10%)         397M (10%)         397M (10%)            -                  -          
[2025-08-01T14:46:07.631+0000] GC(275) Allocated:         -               668M (16%)         698M (17%)         708M (17%)            -                  -          
[2025-08-01T14:46:07.631+0000] GC(275)   Garbage:         -              2464M (60%)          50M (1%)           36M (1%)             -                  -          
[2025-08-01T14:46:07.631+0000] GC(275) Reclaimed:         -                  -              2414M (59%)        2428M (59%)            -                  -          
[2025-08-01T14:46:07.631+0000] GC(275) Garbage Collection (Allocation Rate) 2862M(70%)->1142M(28%)
[2025-08-01T14:46:07.993+0000] GC(276) Heap before GC invocations=276 (full 276):
[2025-08-01T14:46:07.993+0000] GC(276)  ZHeap           used 2974M, capacity 4096M, max capacity 4096M
[2025-08-01T14:46:07.993+0000] GC(276)  Metaspace       used 10643K, committed 10880K, reserved 1114112K
[2025-08-01T14:46:07.993+0000] GC(276)   class space    used 1265K, committed 1344K, reserved 1048576K
[2025-08-01T14:46:07.993+0000] GC(276) Garbage Collection (Allocation Rate)
[2025-08-01T14:46:07.993+0000] GC(276) Using 2 workers
[2025-08-01T14:46:07.995+0000] GC(276) Pause Mark Start 0.017ms
[2025-08-01T14:46:08.176+0000] GC(276) Concurrent Mark 180.671ms
[2025-08-01T14:46:08.176+0000] GC(276) Pause Mark End 0.016ms
[2025-08-01T14:46:08.176+0000] GC(276) Concurrent Mark Free 0.001ms
[2025-08-01T14:46:08.178+0000] GC(276) Concurrent Process Non-Strong References 1.661ms
[2025-08-01T14:46:08.178+0000] GC(276) Concurrent Reset Relocation Set 0.002ms
[2025-08-01T14:46:08.180+0000] GC(276) Concurrent Select Relocation Set 2.611ms
[2025-08-01T14:46:08.181+0000] GC(276) Pause Relocate Start 0.009ms
[2025-08-01T14:46:08.185+0000] GC(276) Concurrent Relocate 4.733ms
[2025-08-01T14:46:08.185+0000] GC(276) Heap after GC invocations=277 (full 277):
[2025-08-01T14:46:08.185+0000] GC(276)  ZHeap           used 1546M, capacity 4096M, max capacity 4096M
[2025-08-01T14:46:08.186+0000] GC(276)  Metaspace       used 10643K, committed 10880K, reserved 1114112K
[2025-08-01T14:46:08.186+0000] GC(276)   class space    used 1265K, committed 1344K, reserved 1048576K
[2025-08-01T14:46:08.186+0000] GC(276) Load: 1.49/0.77/0.35
[2025-08-01T14:46:08.186+0000] GC(276) MMU: 2ms/90.0%, 5ms/96.0%, 10ms/97.9%, 20ms/98.9%, 50ms/99.6%, 100ms/99.8%
[2025-08-01T14:46:08.186+0000] GC(276) Mark: 2 stripe(s), 2 proactive flush(es), 1 terminate flush(es), 0 completion(s), 0 continuation(s) 
[2025-08-01T14:46:08.186+0000] GC(276) Mark Stack Usage: 32M
[2025-08-01T14:46:08.186+0000] GC(276) NMethods: 1415 registered, 180 unregistered
[2025-08-01T14:46:08.186+0000] GC(276) Metaspace: 10M used, 10M committed, 1088M reserved
[2025-08-01T14:46:08.186+0000] GC(276) Soft: 228 encountered, 0 discovered, 0 enqueued
[2025-08-01T14:46:08.186+0000] GC(276) Weak: 934 encountered, 705 discovered, 0 enqueued
[2025-08-01T14:46:08.186+0000] GC(276) Final: 0 encountered, 0 discovered, 0 enqueued
[2025-08-01T14:46:08.186+0000] GC(276) Phantom: 3 encountered, 1 discovered, 0 enqueued
[2025-08-01T14:46:08.186+0000] GC(276) Small Pages: 1471 / 2942M, Empty: 2260M, Relocated: 13M, In-Place: 0
[2025-08-01T14:46:08.186+0000] GC(276) Medium Pages: 1 / 32M, Empty: 0M, Relocated: 0M, In-Place: 0
[2025-08-01T14:46:08.186+0000] GC(276) Large Pages: 0 / 0M, Empty: 0M, Relocated: 0M, In-Place: 0
[2025-08-01T14:46:08.186+0000] GC(276) Forwarding Usage: 0M
[2025-08-01T14:46:08.186+0000] GC(276) Min Capacity: 4096M(100%)
[2025-08-01T14:46:08.186+0000] GC(276) Max Capacity: 4096M(100%)
[2025-08-01T14:46:08.186+0000] GC(276) Soft Max Capacity: 4096M(100%)
[2025-08-01T14:46:08.186+0000] GC(276)                Mark Start          Mark End        Relocate Start      Relocate End           High               Low         
[2025-08-01T14:46:08.186+0000] GC(276)  Capacity:     4096M (100%)       4096M (100%)       4096M (100%)       4096M (100%)       4096M (100%)       4096M (100%)   
[2025-08-01T14:46:08.186+0000] GC(276)      Free:     1122M (27%)         284M (7%)         2542M (62%)        2552M (62%)        2556M (62%)         284M (7%)     
[2025-08-01T14:46:08.186+0000] GC(276)      Used:     2974M (73%)        3812M (93%)        1554M (38%)        1544M (38%)        3812M (93%)        1540M (38%)    
[2025-08-01T14:46:08.186+0000] GC(276)      Live:         -               638M (16%)         638M (16%)         638M (16%)            -                  -          
[2025-08-01T14:46:08.186+0000] GC(276) Allocated:         -               838M (20%)         840M (21%)         862M (21%)            -                  -          
[2025-08-01T14:46:08.186+0000] GC(276)   Garbage:         -              2335M (57%)          75M (2%)           43M (1%)             -                  -          
[2025-08-01T14:46:08.186+0000] GC(276) Reclaimed:         -                  -              2260M (55%)        2292M (56%)            -                  -          
[2025-08-01T14:46:08.186+0000] GC(276) Garbage Collection (Allocation Rate) 2974M(73%)->1544M(38%)
[2025-08-01T14:46:08.394+0000] GC(277) Heap before GC invocations=277 (full 277):
[2025-08-01T14:46:08.394+0000] GC(277)  ZHeap           used 2634M, capacity 4096M, max capacity 4096M
[2025-08-01T14:46:08.394+0000] GC(277)  Metaspace       used 10643K, committed 10880K, reserved 1114112K
[2025-08-01T14:46:08.394+0000] GC(277)   class space    used 1265K, committed 1344K, reserved 1048576K
[2025-08-01T14:46:08.394+0000] GC(277) Garbage Collection (Allocation Rate)
[2025-08-01T14:46:08.394+0000] GC(277) Using 2 workers
[2025-08-01T14:46:08.394+0000] GC(277) Pause Mark Start 0.015ms
[2025-08-01T14:46:08.538+0000] GC(277) Concurrent Mark 143.640ms
[2025-08-01T14:46:08.538+0000] GC(277) Pause Mark End 0.019ms
[2025-08-01T14:46:08.539+0000] GC(277) Concurrent Mark Free 0.001ms
[2025-08-01T14:46:08.544+0000] GC(277) Concurrent Process Non-Strong References 5.716ms
[2025-08-01T14:46:08.544+0000] GC(277) Concurrent Reset Relocation Set 0.006ms
[2025-08-01T14:46:08.548+0000] GC(277) Concurrent Select Relocation Set 3.922ms
[2025-08-01T14:46:08.549+0000] GC(277) Pause Relocate Start 0.011ms
[2025-08-01T14:46:08.550+0000] GC(277) Concurrent Relocate 0.969ms
[2025-08-01T14:46:08.550+0000] GC(277) Heap after GC invocations=278 (full 278):
[2025-08-01T14:46:08.550+0000] GC(277)  ZHeap           used 1426M, capacity 4096M, max capacity 4096M
[2025-08-01T14:46:08.550+0000] GC(277)  Metaspace       used 10643K, committed 10880K, reserved 1114112K
[2025-08-01T14:46:08.550+0000] GC(277)   class space    used 1265K, committed 1344K, reserved 1048576K
[2025-08-01T14:46:08.550+0000] GC(277) Load: 1.49/0.77/0.35
[2025-08-01T14:46:08.550+0000] GC(277) MMU: 2ms/90.0%, 5ms/96.0%, 10ms/97.9%, 20ms/98.9%, 50ms/99.6%, 100ms/99.8%
[2025-08-01T14:46:08.550+0000] GC(277) Mark: 2 stripe(s), 2 proactive flush(es), 1 terminate flush(es), 0 completion(s), 0 continuation(s) 
[2025-08-01T14:46:08.550+0000] GC(277) Mark Stack Usage: 32M
[2025-08-01T14:46:08.550+0000] GC(277) NMethods: 1415 registered, 180 unregistered
[2025-08-01T14:46:08.550+0000] GC(277) Metaspace: 10M used, 10M committed, 1088M reserved
[2025-08-01T14:46:08.550+0000] GC(277) Soft: 228 encountered, 0 discovered, 0 enqueued
[2025-08-01T14:46:08.550+0000] GC(277) Weak: 934 encountered, 692 discovered, 0 enqueued
[2025-08-01T14:46:08.550+0000] GC(277) Final: 0 encountered, 0 discovered, 0 enqueued
[2025-08-01T14:46:08.550+0000] GC(277) Phantom: 3 encountered, 2 discovered, 0 enqueued
[2025-08-01T14:46:08.550+0000] GC(277) Small Pages: 1301 / 2602M, Empty: 1972M, Relocated: 3M, In-Place: 0
[2025-08-01T14:46:08.550+0000] GC(277) Medium Pages: 1 / 32M, Empty: 0M, Relocated: 0M, In-Place: 0
[2025-08-01T14:46:08.550+0000] GC(277) Large Pages: 0 / 0M, Empty: 0M, Relocated: 0M, In-Place: 0
[2025-08-01T14:46:08.550+0000] GC(277) Forwarding Usage: 0M
[2025-08-01T14:46:08.550+0000] GC(277) Min Capacity: 4096M(100%)
[2025-08-01T14:46:08.550+0000] GC(277) Max Capacity: 4096M(100%)
[2025-08-01T14:46:08.550+0000] GC(277) Soft Max Capacity: 4096M(100%)
[2025-08-01T14:46:08.550+0000] GC(277)                Mark Start          Mark End        Relocate Start      Relocate End           High               Low         
[2025-08-01T14:46:08.550+0000] GC(277)  Capacity:     4096M (100%)       4096M (100%)       4096M (100%)       4096M (100%)       4096M (100%)       4096M (100%)   
[2025-08-01T14:46:08.550+0000] GC(277)      Free:     1462M (36%)         792M (19%)        2662M (65%)        2672M (65%)        2672M (65%)         728M (18%)    
[2025-08-01T14:46:08.550+0000] GC(277)      Used:     2634M (64%)        3304M (81%)        1434M (35%)        1424M (35%)        3368M (82%)        1424M (35%)    
[2025-08-01T14:46:08.550+0000] GC(277)      Live:         -               609M (15%)         609M (15%)         609M (15%)            -                  -          
[2025-08-01T14:46:08.550+0000] GC(277) Allocated:         -               670M (16%)         772M (19%)         776M (19%)            -                  -          
[2025-08-01T14:46:08.550+0000] GC(277)   Garbage:         -              2024M (49%)          52M (1%)           38M (1%)             -                  -          
[2025-08-01T14:46:08.550+0000] GC(277) Reclaimed:         -                  -              1972M (48%)        1986M (48%)            -                  -          
[2025-08-01T14:46:08.550+0000] GC(277) Garbage Collection (Allocation Rate) 2634M(64%)->1424M(35%)
[2025-08-01T14:46:08.794+0000] GC(278) Heap before GC invocations=278 (full 278):
[2025-08-01T14:46:08.794+0000] GC(278)  ZHeap           used 2570M, capacity 4096M, max capacity 4096M
[2025-08-01T14:46:08.794+0000] GC(278)  Metaspace       used 10643K, committed 10880K, reserved 1114112K
[2025-08-01T14:46:08.794+0000] GC(278)   class space    used 1265K, committed 1344K, reserved 1048576K
[2025-08-01T14:46:08.794+0000] GC(278) Garbage Collection (Allocation Rate)
[2025-08-01T14:46:08.794+0000] GC(278) Using 2 workers
[2025-08-01T14:46:08.794+0000] GC(278) Pause Mark Start 0.021ms
[2025-08-01T14:46:08.962+0000] GC(278) Concurrent Mark 167.565ms
[2025-08-01T14:46:08.962+0000] GC(278) Pause Mark End 0.013ms
[2025-08-01T14:46:08.962+0000] GC(278) Concurrent Mark Free 0.001ms
[2025-08-01T14:46:08.965+0000] GC(278) Concurrent Process Non-Strong References 2.344ms
[2025-08-01T14:46:08.965+0000] GC(278) Concurrent Reset Relocation Set 0.002ms
[2025-08-01T14:46:08.968+0000] GC(278) Concurrent Select Relocation Set 3.723ms
[2025-08-01T14:46:08.969+0000] GC(278) Pause Relocate Start 0.014ms
[2025-08-01T14:46:08.969+0000] GC(278) Concurrent Relocate 0.721ms
[2025-08-01T14:46:08.970+0000] GC(278) Heap after GC invocations=279 (full 279):
[2025-08-01T14:46:08.970+0000] GC(278)  ZHeap           used 1472M, capacity 4096M, max capacity 4096M
[2025-08-01T14:46:08.970+0000] GC(278)  Metaspace       used 10643K, committed 10880K, reserved 1114112K
[2025-08-01T14:46:08.970+0000] GC(278)   class space    used 1265K, committed 1344K, reserved 1048576K
[2025-08-01T14:46:08.970+0000] GC(278) Load: 1.49/0.77/0.35
[2025-08-01T14:46:08.970+0000] GC(278) MMU: 2ms/90.0%, 5ms/96.0%, 10ms/97.9%, 20ms/98.9%, 50ms/99.6%, 100ms/99.8%
[2025-08-01T14:46:08.970+0000] GC(278) Mark: 2 stripe(s), 2 proactive flush(es), 1 terminate flush(es), 0 completion(s), 0 continuation(s) 
[2025-08-01T14:46:08.970+0000] GC(278) Mark Stack Usage: 32M
[2025-08-01T14:46:08.970+0000] GC(278) NMethods: 1415 registered, 180 unregistered
[2025-08-01T14:46:08.970+0000] GC(278) Metaspace: 10M used, 10M committed, 1088M reserved
[2025-08-01T14:46:08.970+0000] GC(278) Soft: 228 encountered, 0 discovered, 0 enqueued
[2025-08-01T14:46:08.970+0000] GC(278) Weak: 934 encountered, 704 discovered, 0 enqueued
[2025-08-01T14:46:08.970+0000] GC(278) Final: 0 encountered, 0 discovered, 0 enqueued
[2025-08-01T14:46:08.970+0000] GC(278) Phantom: 3 encountered, 1 discovered, 0 enqueued
[2025-08-01T14:46:08.970+0000] GC(278) Small Pages: 1269 / 2538M, Empty: 1878M, Relocated: 1M, In-Place: 0
[2025-08-01T14:46:08.970+0000] GC(278) Medium Pages: 1 / 32M, Empty: 0M, Relocated: 0M, In-Place: 0
[2025-08-01T14:46:08.970+0000] GC(278) Large Pages: 0 / 0M, Empty: 0M, Relocated: 0M, In-Place: 0
[2025-08-01T14:46:08.970+0000] GC(278) Forwarding Usage: 0M
[2025-08-01T14:46:08.970+0000] GC(278) Min Capacity: 4096M(100%)
[2025-08-01T14:46:08.970+0000] GC(278) Max Capacity: 4096M(100%)
[2025-08-01T14:46:08.970+0000] GC(278) Soft Max Capacity: 4096M(100%)
[2025-08-01T14:46:08.970+0000] GC(278)                Mark Start          Mark End        Relocate Start      Relocate End           High               Low         
[2025-08-01T14:46:08.970+0000] GC(278)  Capacity:     4096M (100%)       4096M (100%)       4096M (100%)       4096M (100%)       4096M (100%)       4096M (100%)   
[2025-08-01T14:46:08.970+0000] GC(278)      Free:     1526M (37%)         790M (19%)        2624M (64%)        2624M (64%)        2626M (64%)         770M (19%)    
[2025-08-01T14:46:08.970+0000] GC(278)      Used:     2570M (63%)        3306M (81%)        1472M (36%)        1472M (36%)        3326M (81%)        1470M (36%)    
[2025-08-01T14:46:08.970+0000] GC(278)      Live:         -               647M (16%)         647M (16%)         647M (16%)            -                  -          
[2025-08-01T14:46:08.970+0000] GC(278) Allocated:         -               736M (18%)         780M (19%)         784M (19%)            -                  -          
[2025-08-01T14:46:08.970+0000] GC(278)   Garbage:         -              1922M (47%)          44M (1%)           40M (1%)             -                  -          
[2025-08-01T14:46:08.970+0000] GC(278) Reclaimed:         -                  -              1878M (46%)        1882M (46%)            -                  -          
[2025-08-01T14:46:08.970+0000] GC(278) Garbage Collection (Allocation Rate) 2570M(63%)->1472M(36%)
[2025-08-01T14:46:09.193+0000] GC(279) Heap before GC invocations=279 (full 279):
[2025-08-01T14:46:09.193+0000] GC(279)  ZHeap           used 2464M, capacity 4096M, max capacity 4096M
[2025-08-01T14:46:09.194+0000] GC(279)  Metaspace       used 10643K, committed 10880K, reserved 1114112K
[2025-08-01T14:46:09.194+0000] GC(279)   class space    used 1265K, committed 1344K, reserved 1048576K
[2025-08-01T14:46:09.194+0000] GC(279) Garbage Collection (Allocation Rate)
[2025-08-01T14:46:09.194+0000] GC(279) Using 2 workers
[2025-08-01T14:46:09.194+0000] GC(279) Pause Mark Start 0.021ms
[2025-08-01T14:46:09.383+0000] GC(279) Concurrent Mark 188.184ms
[2025-08-01T14:46:09.384+0000] GC(279) Pause Mark End 0.020ms
[2025-08-01T14:46:09.384+0000] GC(279) Concurrent Mark Free 0.001ms
[2025-08-01T14:46:09.388+0000] GC(279) Concurrent Process Non-Strong References 3.790ms
[2025-08-01T14:46:09.388+0000] GC(279) Concurrent Reset Relocation Set 0.002ms
[2025-08-01T14:46:09.391+0000] GC(279) Concurrent Select Relocation Set 3.276ms
[2025-08-01T14:46:09.392+0000] GC(279) Pause Relocate Start 0.013ms
[2025-08-01T14:46:09.394+0000] GC(279) Concurrent Relocate 2.049ms
[2025-08-01T14:46:09.394+0000] GC(279) Heap after GC invocations=280 (full 280):
[2025-08-01T14:46:09.394+0000] GC(279)  ZHeap           used 1354M, capacity 4096M, max capacity 4096M
[2025-08-01T14:46:09.394+0000] GC(279)  Metaspace       used 10643K, committed 10880K, reserved 1114112K
[2025-08-01T14:46:09.394+0000] GC(279)   class space    used 1265K, committed 1344K, reserved 1048576K
[2025-08-01T14:46:09.394+0000] GC(279) Load: 1.49/0.77/0.35
[2025-08-01T14:46:09.394+0000] GC(279) MMU: 2ms/90.0%, 5ms/96.0%, 10ms/97.9%, 20ms/98.9%, 50ms/99.6%, 100ms/99.8%
[2025-08-01T14:46:09.394+0000] GC(279) Mark: 2 stripe(s), 2 proactive flush(es), 1 terminate flush(es), 0 completion(s), 0 continuation(s) 
[2025-08-01T14:46:09.394+0000] GC(279) Mark Stack Usage: 32M
[2025-08-01T14:46:09.394+0000] GC(279) NMethods: 1415 registered, 180 unregistered
[2025-08-01T14:46:09.394+0000] GC(279) Metaspace: 10M used, 10M committed, 1088M reserved
[2025-08-01T14:46:09.394+0000] GC(279) Soft: 228 encountered, 0 discovered, 0 enqueued
[2025-08-01T14:46:09.394+0000] GC(279) Weak: 934 encountered, 694 discovered, 0 enqueued
[2025-08-01T14:46:09.394+0000] GC(279) Final: 0 encountered, 0 discovered, 0 enqueued
[2025-08-01T14:46:09.394+0000] GC(279) Phantom: 3 encountered, 1 discovered, 0 enqueued
[2025-08-01T14:46:09.394+0000] GC(279) Small Pages: 1216 / 2432M, Empty: 1860M, Relocated: 3M, In-Place: 0
[2025-08-01T14:46:09.394+0000] GC(279) Medium Pages: 1 / 32M, Empty: 0M, Relocated: 0M, In-Place: 0
[2025-08-01T14:46:09.394+0000] GC(279) Large Pages: 0 / 0M, Empty: 0M, Relocated: 0M, In-Place: 0
[2025-08-01T14:46:09.394+0000] GC(279) Forwarding Usage: 0M
[2025-08-01T14:46:09.394+0000] GC(279) Min Capacity: 4096M(100%)
[2025-08-01T14:46:09.394+0000] GC(279) Max Capacity: 4096M(100%)
[2025-08-01T14:46:09.394+0000] GC(279) Soft Max Capacity: 4096M(100%)
[2025-08-01T14:46:09.394+0000] GC(279)                Mark Start          Mark End        Relocate Start      Relocate End           High               Low         
[2025-08-01T14:46:09.394+0000] GC(279)  Capacity:     4096M (100%)       4096M (100%)       4096M (100%)       4096M (100%)       4096M (100%)       4096M (100%)   
[2025-08-01T14:46:09.394+0000] GC(279)      Free:     1632M (40%)         960M (23%)        2748M (67%)        2742M (67%)        2752M (67%)         922M (23%)    
[2025-08-01T14:46:09.394+0000] GC(279)      Used:     2464M (60%)        3136M (77%)        1348M (33%)        1354M (33%)        3174M (77%)        1344M (33%)    
[2025-08-01T14:46:09.394+0000] GC(279)      Live:         -               551M (13%)         551M (13%)         551M (13%)            -                  -          
[2025-08-01T14:46:09.394+0000] GC(279) Allocated:         -               672M (16%)         744M (18%)         764M (19%)            -                  -          
[2025-08-01T14:46:09.394+0000] GC(279)   Garbage:         -              1912M (47%)          52M (1%)           38M (1%)             -                  -          
[2025-08-01T14:46:09.394+0000] GC(279) Reclaimed:         -                  -              1860M (45%)        1874M (46%)            -                  -          
[2025-08-01T14:46:09.394+0000] GC(279) Garbage Collection (Allocation Rate) 2464M(60%)->1354M(33%)
[2025-08-01T14:46:09.593+0000] GC(280) Heap before GC invocations=280 (full 280):
[2025-08-01T14:46:09.593+0000] GC(280)  ZHeap           used 2316M, capacity 4096M, max capacity 4096M
[2025-08-01T14:46:09.593+0000] GC(280)  Metaspace       used 10643K, committed 10880K, reserved 1114112K
[2025-08-01T14:46:09.593+0000] GC(280)   class space    used 1265K, committed 1344K, reserved 1048576K
[2025-08-01T14:46:09.593+0000] GC(280) Garbage Collection (Allocation Rate)
[2025-08-01T14:46:09.593+0000] GC(280) Using 2 workers
[2025-08-01T14:46:09.594+0000] GC(280) Pause Mark Start 0.017ms
[2025-08-01T14:46:09.717+0000] GC(280) Concurrent Mark 122.949ms
[2025-08-01T14:46:09.717+0000] GC(280) Pause Mark End 0.014ms
[2025-08-01T14:46:09.717+0000] GC(280) Concurrent Mark Free 0.002ms
[2025-08-01T14:46:09.721+0000] GC(280) Concurrent Process Non-Strong References 3.492ms
[2025-08-01T14:46:09.721+0000] GC(280) Concurrent Reset Relocation Set 0.002ms
[2025-08-01T14:46:09.724+0000] GC(280) Concurrent Select Relocation Set 2.500ms
[2025-08-01T14:46:09.724+0000] GC(280) Pause Relocate Start 0.011ms
[2025-08-01T14:46:09.727+0000] GC(280) Concurrent Relocate 2.662ms
[2025-08-01T14:46:09.727+0000] GC(280) Heap after GC invocations=281 (full 281):
[2025-08-01T14:46:09.727+0000] GC(280)  ZHeap           used 1274M, capacity 4096M, max capacity 4096M
[2025-08-01T14:46:09.727+0000] GC(280)  Metaspace       used 10643K, committed 10880K, reserved 1114112K
[2025-08-01T14:46:09.727+0000] GC(280)   class space    used 1265K, committed 1344K, reserved 1048576K
[2025-08-01T14:46:09.727+0000] GC(280) Load: 1.49/0.77/0.35
[2025-08-01T14:46:09.727+0000] GC(280) MMU: 2ms/90.0%, 5ms/96.0%, 10ms/97.9%, 20ms/98.9%, 50ms/99.6%, 100ms/99.8%
[2025-08-01T14:46:09.727+0000] GC(280) Mark: 2 stripe(s), 3 proactive flush(es), 1 terminate flush(es), 0 completion(s), 0 continuation(s) 
[2025-08-01T14:46:09.727+0000] GC(280) Mark Stack Usage: 32M
[2025-08-01T14:46:09.727+0000] GC(280) NMethods: 1415 registered, 180 unregistered
[2025-08-01T14:46:09.727+0000] GC(280) Metaspace: 10M used, 10M committed, 1088M reserved
[2025-08-01T14:46:09.727+0000] GC(280) Soft: 228 encountered, 0 discovered, 0 enqueued
[2025-08-01T14:46:09.727+0000] GC(280) Weak: 934 encountered, 700 discovered, 0 enqueued
[2025-08-01T14:46:09.727+0000] GC(280) Final: 0 encountered, 0 discovered, 0 enqueued
[2025-08-01T14:46:09.727+0000] GC(280) Phantom: 3 encountered, 1 discovered, 0 enqueued
[2025-08-01T14:46:09.727+0000] GC(280) Small Pages: 1142 / 2284M, Empty: 1762M, Relocated: 4M, In-Place: 0
[2025-08-01T14:46:09.727+0000] GC(280) Medium Pages: 1 / 32M, Empty: 0M, Relocated: 0M, In-Place: 0
[2025-08-01T14:46:09.727+0000] GC(280) Large Pages: 0 / 0M, Empty: 0M, Relocated: 0M, In-Place: 0
[2025-08-01T14:46:09.727+0000] GC(280) Forwarding Usage: 0M
[2025-08-01T14:46:09.727+0000] GC(280) Min Capacity: 4096M(100%)
[2025-08-01T14:46:09.727+0000] GC(280) Max Capacity: 4096M(100%)
[2025-08-01T14:46:09.727+0000] GC(280) Soft Max Capacity: 4096M(100%)
[2025-08-01T14:46:09.727+0000] GC(280)                Mark Start          Mark End        Relocate Start      Relocate End           High               Low         
[2025-08-01T14:46:09.727+0000] GC(280)  Capacity:     4096M (100%)       4096M (100%)       4096M (100%)       4096M (100%)       4096M (100%)       4096M (100%)   
[2025-08-01T14:46:09.727+0000] GC(280)      Free:     1780M (43%)        1122M (27%)        2826M (69%)        2824M (69%)        2828M (69%)        1090M (27%)    
[2025-08-01T14:46:09.727+0000] GC(280)      Used:     2316M (57%)        2974M (73%)        1270M (31%)        1272M (31%)        3006M (73%)        1268M (31%)    
[2025-08-01T14:46:09.727+0000] GC(280)      Live:         -               508M (12%)         508M (12%)         508M (12%)            -                  -          
[2025-08-01T14:46:09.727+0000] GC(280) Allocated:         -               658M (16%)         716M (17%)         726M (18%)            -                  -          
[2025-08-01T14:46:09.727+0000] GC(280)   Garbage:         -              1807M (44%)          45M (1%)           37M (1%)             -                  -          
[2025-08-01T14:46:09.727+0000] GC(280) Reclaimed:         -                  -              1762M (43%)        1770M (43%)            -                  -          
[2025-08-01T14:46:09.728+0000] GC(280) Garbage Collection (Allocation Rate) 2316M(57%)->1272M(31%)
[2025-08-01T14:46:09.993+0000] GC(281) Heap before GC invocations=281 (full 281):
[2025-08-01T14:46:09.993+0000] GC(281)  ZHeap           used 2440M, capacity 4096M, max capacity 4096M
[2025-08-01T14:46:09.993+0000] GC(281)  Metaspace       used 10643K, committed 10880K, reserved 1114112K
[2025-08-01T14:46:09.993+0000] GC(281)   class space    used 1265K, committed 1344K, reserved 1048576K
[2025-08-01T14:46:09.993+0000] GC(281) Garbage Collection (Allocation Rate)
[2025-08-01T14:46:09.993+0000] GC(281) Using 2 workers
[2025-08-01T14:46:09.994+0000] GC(281) Pause Mark Start 0.011ms
[2025-08-01T14:46:10.156+0000] GC(281) Concurrent Mark 161.814ms
[2025-08-01T14:46:10.156+0000] GC(281) Pause Mark End 0.021ms
[2025-08-01T14:46:10.156+0000] GC(281) Concurrent Mark Free 0.002ms
[2025-08-01T14:46:10.161+0000] GC(281) Concurrent Process Non-Strong References 4.534ms
[2025-08-01T14:46:10.161+0000] GC(281) Concurrent Reset Relocation Set 0.002ms
[2025-08-01T14:46:10.164+0000] GC(281) Concurrent Select Relocation Set 3.247ms
[2025-08-01T14:46:10.165+0000] GC(281) Pause Relocate Start 0.010ms
[2025-08-01T14:46:10.167+0000] GC(281) Concurrent Relocate 2.777ms
[2025-08-01T14:46:10.167+0000] GC(281) Heap after GC invocations=282 (full 282):
[2025-08-01T14:46:10.167+0000] GC(281)  ZHeap           used 1426M, capacity 4096M, max capacity 4096M
[2025-08-01T14:46:10.168+0000] GC(281)  Metaspace       used 10643K, committed 10880K, reserved 1114112K
[2025-08-01T14:46:10.168+0000] GC(281)   class space    used 1265K, committed 1344K, reserved 1048576K
[2025-08-01T14:46:10.168+0000] GC(281) Load: 1.49/0.77/0.35
[2025-08-01T14:46:10.168+0000] GC(281) MMU: 2ms/90.0%, 5ms/96.0%, 10ms/97.9%, 20ms/98.9%, 50ms/99.6%, 100ms/99.8%
[2025-08-01T14:46:10.168+0000] GC(281) Mark: 2 stripe(s), 3 proactive flush(es), 1 terminate flush(es), 0 completion(s), 0 continuation(s) 
[2025-08-01T14:46:10.168+0000] GC(281) Mark Stack Usage: 32M
[2025-08-01T14:46:10.168+0000] GC(281) NMethods: 1415 registered, 180 unregistered
[2025-08-01T14:46:10.168+0000] GC(281) Metaspace: 10M used, 10M committed, 1088M reserved
[2025-08-01T14:46:10.168+0000] GC(281) Soft: 228 encountered, 0 discovered, 0 enqueued
[2025-08-01T14:46:10.168+0000] GC(281) Weak: 934 encountered, 695 discovered, 0 enqueued
[2025-08-01T14:46:10.168+0000] GC(281) Final: 0 encountered, 0 discovered, 0 enqueued
[2025-08-01T14:46:10.168+0000] GC(281) Phantom: 3 encountered, 1 discovered, 0 enqueued
[2025-08-01T14:46:10.168+0000] GC(281) Small Pages: 1205 / 2410M, Empty: 1764M, Relocated: 10M, In-Place: 0
[2025-08-01T14:46:10.168+0000] GC(281) Medium Pages: 1 / 32M, Empty: 0M, Relocated: 0M, In-Place: 0
[2025-08-01T14:46:10.168+0000] GC(281) Large Pages: 0 / 0M, Empty: 0M, Relocated: 0M, In-Place: 0
[2025-08-01T14:46:10.168+0000] GC(281) Forwarding Usage: 0M
[2025-08-01T14:46:10.168+0000] GC(281) Min Capacity: 4096M(100%)
[2025-08-01T14:46:10.168+0000] GC(281) Max Capacity: 4096M(100%)
[2025-08-01T14:46:10.168+0000] GC(281) Soft Max Capacity: 4096M(100%)
[2025-08-01T14:46:10.168+0000] GC(281)                Mark Start          Mark End        Relocate Start      Relocate End           High               Low         
[2025-08-01T14:46:10.168+0000] GC(281)  Capacity:     4096M (100%)       4096M (100%)       4096M (100%)       4096M (100%)       4096M (100%)       4096M (100%)   
[2025-08-01T14:46:10.168+0000] GC(281)      Free:     1654M (40%)         874M (21%)        2638M (64%)        2670M (65%)        2670M (65%)         874M (21%)    
[2025-08-01T14:46:10.168+0000] GC(281)      Used:     2442M (60%)        3222M (79%)        1458M (36%)        1426M (35%)        3222M (79%)        1426M (35%)    
[2025-08-01T14:46:10.168+0000] GC(281)      Live:         -               604M (15%)         604M (15%)         604M (15%)            -                  -          
[2025-08-01T14:46:10.168+0000] GC(281) Allocated:         -               780M (19%)         780M (19%)         780M (19%)            -                  -          
[2025-08-01T14:46:10.168+0000] GC(281)   Garbage:         -              1837M (45%)          73M (2%)           41M (1%)             -                  -          
[2025-08-01T14:46:10.168+0000] GC(281) Reclaimed:         -                  -              1764M (43%)        1796M (44%)            -                  -          
[2025-08-01T14:46:10.168+0000] GC(281) Garbage Collection (Allocation Rate) 2442M(60%)->1426M(35%)
[2025-08-01T14:46:10.392+0000] GC(282) Heap before GC invocations=282 (full 282):
[2025-08-01T14:46:10.392+0000] GC(282)  ZHeap           used 2540M, capacity 4096M, max capacity 4096M
[2025-08-01T14:46:10.392+0000] GC(282)  Metaspace       used 10643K, committed 10880K, reserved 1114112K
[2025-08-01T14:46:10.392+0000] GC(282)   class space    used 1265K, committed 1344K, reserved 1048576K
[2025-08-01T14:46:10.392+0000] GC(282) Garbage Collection (Allocation Rate)
[2025-08-01T14:46:10.392+0000] GC(282) Using 2 workers
[2025-08-01T14:46:10.393+0000] GC(282) Pause Mark Start 0.008ms
[2025-08-01T14:46:10.540+0000] GC(282) Concurrent Mark 147.191ms
[2025-08-01T14:46:10.540+0000] GC(282) Pause Mark End 0.017ms
[2025-08-01T14:46:10.541+0000] GC(282) Concurrent Mark Free 0.001ms
[2025-08-01T14:46:10.544+0000] GC(282) Concurrent Process Non-Strong References 3.140ms
[2025-08-01T14:46:10.544+0000] GC(282) Concurrent Reset Relocation Set 0.003ms
[2025-08-01T14:46:10.547+0000] GC(282) Concurrent Select Relocation Set 3.079ms
[2025-08-01T14:46:10.548+0000] GC(282) Pause Relocate Start 0.012ms
[2025-08-01T14:46:10.549+0000] GC(282) Concurrent Relocate 0.944ms
[2025-08-01T14:46:10.549+0000] GC(282) Heap after GC invocations=283 (full 283):
[2025-08-01T14:46:10.549+0000] GC(282)  ZHeap           used 1432M, capacity 4096M, max capacity 4096M
[2025-08-01T14:46:10.549+0000] GC(282)  Metaspace       used 10643K, committed 10880K, reserved 1114112K
[2025-08-01T14:46:10.549+0000] GC(282)   class space    used 1265K, committed 1344K, reserved 1048576K
[2025-08-01T14:46:10.549+0000] GC(282) Load: 1.49/0.77/0.35
[2025-08-01T14:46:10.549+0000] GC(282) MMU: 2ms/90.0%, 5ms/96.0%, 10ms/97.9%, 20ms/98.9%, 50ms/99.6%, 100ms/99.8%
[2025-08-01T14:46:10.549+0000] GC(282) Mark: 2 stripe(s), 2 proactive flush(es), 1 terminate flush(es), 0 completion(s), 0 continuation(s) 
[2025-08-01T14:46:10.549+0000] GC(282) Mark Stack Usage: 32M
[2025-08-01T14:46:10.549+0000] GC(282) NMethods: 1415 registered, 180 unregistered
[2025-08-01T14:46:10.549+0000] GC(282) Metaspace: 10M used, 10M committed, 1088M reserved
[2025-08-01T14:46:10.549+0000] GC(282) Soft: 228 encountered, 0 discovered, 0 enqueued
[2025-08-01T14:46:10.549+0000] GC(282) Weak: 934 encountered, 661 discovered, 0 enqueued
[2025-08-01T14:46:10.549+0000] GC(282) Final: 0 encountered, 0 discovered, 0 enqueued
[2025-08-01T14:46:10.549+0000] GC(282) Phantom: 3 encountered, 2 discovered, 0 enqueued
[2025-08-01T14:46:10.549+0000] GC(282) Small Pages: 1254 / 2508M, Empty: 1896M, Relocated: 3M, In-Place: 0
[2025-08-01T14:46:10.549+0000] GC(282) Medium Pages: 1 / 32M, Empty: 0M, Relocated: 0M, In-Place: 0
[2025-08-01T14:46:10.549+0000] GC(282) Large Pages: 0 / 0M, Empty: 0M, Relocated: 0M, In-Place: 0
[2025-08-01T14:46:10.549+0000] GC(282) Forwarding Usage: 0M
[2025-08-01T14:46:10.549+0000] GC(282) Min Capacity: 4096M(100%)
[2025-08-01T14:46:10.549+0000] GC(282) Max Capacity: 4096M(100%)
[2025-08-01T14:46:10.549+0000] GC(282) Soft Max Capacity: 4096M(100%)
[2025-08-01T14:46:10.549+0000] GC(282)                Mark Start          Mark End        Relocate Start      Relocate End           High               Low         
[2025-08-01T14:46:10.549+0000] GC(282)  Capacity:     4096M (100%)       4096M (100%)       4096M (100%)       4096M (100%)       4096M (100%)       4096M (100%)   
[2025-08-01T14:46:10.549+0000] GC(282)      Free:     1556M (38%)         798M (19%)        2660M (65%)        2664M (65%)        2666M (65%)         782M (19%)    
[2025-08-01T14:46:10.549+0000] GC(282)      Used:     2540M (62%)        3298M (81%)        1436M (35%)        1432M (35%)        3314M (81%)        1430M (35%)    
[2025-08-01T14:46:10.549+0000] GC(282)      Live:         -               594M (15%)         594M (15%)         594M (15%)            -                  -          
[2025-08-01T14:46:10.549+0000] GC(282) Allocated:         -               758M (19%)         792M (19%)         796M (19%)            -                  -          
[2025-08-01T14:46:10.549+0000] GC(282)   Garbage:         -              1945M (47%)          49M (1%)           41M (1%)             -                  -          
[2025-08-01T14:46:10.549+0000] GC(282) Reclaimed:         -                  -              1896M (46%)        1904M (46%)            -                  -          
[2025-08-01T14:46:10.549+0000] GC(282) Garbage Collection (Allocation Rate) 2540M(62%)->1432M(35%)
[2025-08-01T14:46:10.793+0000] GC(283) Heap before GC invocations=283 (full 283):
[2025-08-01T14:46:10.793+0000] GC(283)  ZHeap           used 2598M, capacity 4096M, max capacity 4096M
[2025-08-01T14:46:10.793+0000] GC(283)  Metaspace       used 10643K, committed 10880K, reserved 1114112K
[2025-08-01T14:46:10.793+0000] GC(283)   class space    used 1265K, committed 1344K, reserved 1048576K
[2025-08-01T14:46:10.793+0000] GC(283) Garbage Collection (Allocation Rate)
[2025-08-01T14:46:10.793+0000] GC(283) Using 2 workers
[2025-08-01T14:46:10.793+0000] GC(283) Pause Mark Start 0.011ms
[2025-08-01T14:46:10.931+0000] GC(283) Concurrent Mark 137.710ms
[2025-08-01T14:46:10.932+0000] GC(283) Pause Mark End 0.021ms
[2025-08-01T14:46:10.932+0000] GC(283) Concurrent Mark Free 0.003ms
[2025-08-01T14:46:10.938+0000] GC(283) Concurrent Process Non-Strong References 5.493ms
[2025-08-01T14:46:10.938+0000] GC(283) Concurrent Reset Relocation Set 0.004ms
[2025-08-01T14:46:10.945+0000] GC(283) Concurrent Select Relocation Set 6.930ms
[2025-08-01T14:46:10.945+0000] GC(283) Pause Relocate Start 0.019ms
[2025-08-01T14:46:10.949+0000] GC(283) Concurrent Relocate 3.416ms
[2025-08-01T14:46:10.949+0000] GC(283) Heap after GC invocations=284 (full 284):
[2025-08-01T14:46:10.949+0000] GC(283)  ZHeap           used 1224M, capacity 4096M, max capacity 4096M
[2025-08-01T14:46:10.949+0000] GC(283)  Metaspace       used 10643K, committed 10880K, reserved 1114112K
[2025-08-01T14:46:10.949+0000] GC(283)   class space    used 1265K, committed 1344K, reserved 1048576K
[2025-08-01T14:46:10.949+0000] GC(283) Load: 1.49/0.77/0.35
[2025-08-01T14:46:10.949+0000] GC(283) MMU: 2ms/90.0%, 5ms/96.0%, 10ms/97.9%, 20ms/98.9%, 50ms/99.6%, 100ms/99.8%
[2025-08-01T14:46:10.949+0000] GC(283) Mark: 2 stripe(s), 2 proactive flush(es), 1 terminate flush(es), 0 completion(s), 0 continuation(s) 
[2025-08-01T14:46:10.949+0000] GC(283) Mark Stack Usage: 32M
[2025-08-01T14:46:10.949+0000] GC(283) NMethods: 1415 registered, 180 unregistered
[2025-08-01T14:46:10.949+0000] GC(283) Metaspace: 10M used, 10M committed, 1088M reserved
[2025-08-01T14:46:10.949+0000] GC(283) Soft: 228 encountered, 0 discovered, 0 enqueued
[2025-08-01T14:46:10.949+0000] GC(283) Weak: 934 encountered, 685 discovered, 0 enqueued
[2025-08-01T14:46:10.949+0000] GC(283) Final: 0 encountered, 0 discovered, 0 enqueued
[2025-08-01T14:46:10.949+0000] GC(283) Phantom: 3 encountered, 1 discovered, 0 enqueued
[2025-08-01T14:46:10.949+0000] GC(283) Small Pages: 1283 / 2566M, Empty: 2094M, Relocated: 8M, In-Place: 0
[2025-08-01T14:46:10.949+0000] GC(283) Medium Pages: 1 / 32M, Empty: 0M, Relocated: 0M, In-Place: 0
[2025-08-01T14:46:10.949+0000] GC(283) Large Pages: 0 / 0M, Empty: 0M, Relocated: 0M, In-Place: 0
[2025-08-01T14:46:10.949+0000] GC(283) Forwarding Usage: 0M
[2025-08-01T14:46:10.949+0000] GC(283) Min Capacity: 4096M(100%)
[2025-08-01T14:46:10.949+0000] GC(283) Max Capacity: 4096M(100%)
[2025-08-01T14:46:10.949+0000] GC(283) Soft Max Capacity: 4096M(100%)
[2025-08-01T14:46:10.949+0000] GC(283)                Mark Start          Mark End        Relocate Start      Relocate End           High               Low         
[2025-08-01T14:46:10.949+0000] GC(283)  Capacity:     4096M (100%)       4096M (100%)       4096M (100%)       4096M (100%)       4096M (100%)       4096M (100%)   
[2025-08-01T14:46:10.950+0000] GC(283)      Free:     1498M (37%)         836M (20%)        2866M (70%)        2872M (70%)        2874M (70%)         800M (20%)    
[2025-08-01T14:46:10.950+0000] GC(283)      Used:     2598M (63%)        3260M (80%)        1230M (30%)        1224M (30%)        3296M (80%)        1222M (30%)    
[2025-08-01T14:46:10.950+0000] GC(283)      Live:         -               449M (11%)         449M (11%)         449M (11%)            -                  -          
[2025-08-01T14:46:10.950+0000] GC(283) Allocated:         -               662M (16%)         726M (18%)         736M (18%)            -                  -          
[2025-08-01T14:46:10.950+0000] GC(283)   Garbage:         -              2148M (52%)          54M (1%)           38M (1%)             -                  -          
[2025-08-01T14:46:10.950+0000] GC(283) Reclaimed:         -                  -              2094M (51%)        2110M (52%)            -                  -          
[2025-08-01T14:46:10.950+0000] GC(283) Garbage Collection (Allocation Rate) 2598M(63%)->1224M(30%)
[2025-08-01T14:46:11.293+0000] GC(284) Heap before GC invocations=284 (full 284):
[2025-08-01T14:46:11.293+0000] GC(284)  ZHeap           used 2902M, capacity 4096M, max capacity 4096M
[2025-08-01T14:46:11.293+0000] GC(284)  Metaspace       used 10643K, committed 10880K, reserved 1114112K
[2025-08-01T14:46:11.293+0000] GC(284)   class space    used 1265K, committed 1344K, reserved 1048576K
[2025-08-01T14:46:11.293+0000] GC(284) Garbage Collection (Allocation Rate)
[2025-08-01T14:46:11.293+0000] GC(284) Using 2 workers
[2025-08-01T14:46:11.294+0000] GC(284) Pause Mark Start 0.012ms
[2025-08-01T14:46:11.446+0000] GC(284) Concurrent Mark 151.384ms
[2025-08-01T14:46:11.446+0000] GC(284) Pause Mark End 0.019ms
[2025-08-01T14:46:11.447+0000] GC(284) Concurrent Mark Free 0.002ms
[2025-08-01T14:46:11.453+0000] GC(284) Concurrent Process Non-Strong References 5.977ms
[2025-08-01T14:46:11.453+0000] GC(284) Concurrent Reset Relocation Set 0.004ms
[2025-08-01T14:46:11.458+0000] GC(284) Concurrent Select Relocation Set 5.646ms
[2025-08-01T14:46:11.459+0000] GC(284) Pause Relocate Start 0.013ms
[2025-08-01T14:46:11.461+0000] GC(284) Concurrent Relocate 1.765ms
[2025-08-01T14:46:11.461+0000] GC(284) Heap after GC invocations=285 (full 285):
[2025-08-01T14:46:11.461+0000] GC(284)  ZHeap           used 1082M, capacity 4096M, max capacity 4096M
[2025-08-01T14:46:11.461+0000] GC(284)  Metaspace       used 10643K, committed 10880K, reserved 1114112K
[2025-08-01T14:46:11.461+0000] GC(284)   class space    used 1265K, committed 1344K, reserved 1048576K
[2025-08-01T14:46:11.461+0000] GC(284) Load: 1.70/0.82/0.37
[2025-08-01T14:46:11.461+0000] GC(284) MMU: 2ms/90.0%, 5ms/96.0%, 10ms/97.9%, 20ms/98.9%, 50ms/99.6%, 100ms/99.8%
[2025-08-01T14:46:11.461+0000] GC(284) Mark: 2 stripe(s), 2 proactive flush(es), 1 terminate flush(es), 0 completion(s), 0 continuation(s) 
[2025-08-01T14:46:11.461+0000] GC(284) Mark Stack Usage: 32M
[2025-08-01T14:46:11.461+0000] GC(284) NMethods: 1415 registered, 180 unregistered
[2025-08-01T14:46:11.461+0000] GC(284) Metaspace: 10M used, 10M committed, 1088M reserved
[2025-08-01T14:46:11.461+0000] GC(284) Soft: 228 encountered, 0 discovered, 0 enqueued
[2025-08-01T14:46:11.461+0000] GC(284) Weak: 934 encountered, 689 discovered, 0 enqueued
[2025-08-01T14:46:11.461+0000] GC(284) Final: 0 encountered, 0 discovered, 0 enqueued
[2025-08-01T14:46:11.462+0000] GC(284) Phantom: 3 encountered, 1 discovered, 0 enqueued
[2025-08-01T14:46:11.462+0000] GC(284) Small Pages: 1437 / 2874M, Empty: 2504M, Relocated: 4M, In-Place: 0
[2025-08-01T14:46:11.462+0000] GC(284) Medium Pages: 1 / 32M, Empty: 0M, Relocated: 0M, In-Place: 0
[2025-08-01T14:46:11.462+0000] GC(284) Large Pages: 0 / 0M, Empty: 0M, Relocated: 0M, In-Place: 0
[2025-08-01T14:46:11.462+0000] GC(284) Forwarding Usage: 0M
[2025-08-01T14:46:11.462+0000] GC(284) Min Capacity: 4096M(100%)
[2025-08-01T14:46:11.462+0000] GC(284) Max Capacity: 4096M(100%)
[2025-08-01T14:46:11.462+0000] GC(284) Soft Max Capacity: 4096M(100%)
[2025-08-01T14:46:11.462+0000] GC(284)                Mark Start          Mark End        Relocate Start      Relocate End           High               Low         
[2025-08-01T14:46:11.462+0000] GC(284)  Capacity:     4096M (100%)       4096M (100%)       4096M (100%)       4096M (100%)       4096M (100%)       4096M (100%)   
[2025-08-01T14:46:11.462+0000] GC(284)      Free:     1190M (29%)         544M (13%)        3010M (73%)        3014M (74%)        3018M (74%)         518M (13%)    
[2025-08-01T14:46:11.462+0000] GC(284)      Used:     2906M (71%)        3552M (87%)        1086M (27%)        1082M (26%)        3578M (87%)        1078M (26%)    
[2025-08-01T14:46:11.462+0000] GC(284)      Live:         -               352M (9%)          352M (9%)          352M (9%)             -                  -          
[2025-08-01T14:46:11.462+0000] GC(284) Allocated:         -               646M (16%)         684M (17%)         690M (17%)            -                  -          
[2025-08-01T14:46:11.462+0000] GC(284)   Garbage:         -              2553M (62%)          49M (1%)           39M (1%)             -                  -          
[2025-08-01T14:46:11.462+0000] GC(284) Reclaimed:         -                  -              2504M (61%)        2514M (61%)            -                  -          
[2025-08-01T14:46:11.462+0000] GC(284) Garbage Collection (Allocation Rate) 2906M(71%)->1082M(26%)
[2025-08-01T14:46:11.793+0000] GC(285) Heap before GC invocations=285 (full 285):
[2025-08-01T14:46:11.793+0000] GC(285)  ZHeap           used 2746M, capacity 4096M, max capacity 4096M
[2025-08-01T14:46:11.793+0000] GC(285)  Metaspace       used 10643K, committed 10880K, reserved 1114112K
[2025-08-01T14:46:11.793+0000] GC(285)   class space    used 1265K, committed 1344K, reserved 1048576K
[2025-08-01T14:46:11.793+0000] GC(285) Garbage Collection (Allocation Rate)
[2025-08-01T14:46:11.793+0000] GC(285) Using 2 workers
[2025-08-01T14:46:11.795+0000] GC(285) Pause Mark Start 0.021ms
[2025-08-01T14:46:11.943+0000] GC(285) Concurrent Mark 147.166ms
[2025-08-01T14:46:11.943+0000] GC(285) Pause Mark End 0.020ms
[2025-08-01T14:46:11.943+0000] GC(285) Concurrent Mark Free 0.002ms
[2025-08-01T14:46:11.947+0000] GC(285) Concurrent Process Non-Strong References 3.263ms
[2025-08-01T14:46:11.947+0000] GC(285) Concurrent Reset Relocation Set 0.002ms
[2025-08-01T14:46:11.949+0000] GC(285) Concurrent Select Relocation Set 2.789ms
[2025-08-01T14:46:11.950+0000] GC(285) Pause Relocate Start 0.009ms
[2025-08-01T14:46:11.951+0000] GC(285) Concurrent Relocate 1.290ms
[2025-08-01T14:46:11.951+0000] GC(285) Heap after GC invocations=286 (full 286):
[2025-08-01T14:46:11.951+0000] GC(285)  ZHeap           used 1294M, capacity 4096M, max capacity 4096M
[2025-08-01T14:46:11.951+0000] GC(285)  Metaspace       used 10643K, committed 10880K, reserved 1114112K
[2025-08-01T14:46:11.951+0000] GC(285)   class space    used 1265K, committed 1344K, reserved 1048576K
[2025-08-01T14:46:11.951+0000] GC(285) Load: 1.70/0.82/0.37
[2025-08-01T14:46:11.951+0000] GC(285) MMU: 2ms/90.0%, 5ms/96.0%, 10ms/97.9%, 20ms/98.9%, 50ms/99.6%, 100ms/99.8%
[2025-08-01T14:46:11.951+0000] GC(285) Mark: 2 stripe(s), 2 proactive flush(es), 1 terminate flush(es), 0 completion(s), 0 continuation(s) 
[2025-08-01T14:46:11.951+0000] GC(285) Mark Stack Usage: 32M
[2025-08-01T14:46:11.951+0000] GC(285) NMethods: 1415 registered, 180 unregistered
[2025-08-01T14:46:11.951+0000] GC(285) Metaspace: 10M used, 10M committed, 1088M reserved
[2025-08-01T14:46:11.951+0000] GC(285) Soft: 228 encountered, 0 discovered, 0 enqueued
[2025-08-01T14:46:11.951+0000] GC(285) Weak: 934 encountered, 682 discovered, 0 enqueued
[2025-08-01T14:46:11.951+0000] GC(285) Final: 0 encountered, 0 discovered, 0 enqueued
[2025-08-01T14:46:11.951+0000] GC(285) Phantom: 3 encountered, 1 discovered, 0 enqueued
[2025-08-01T14:46:11.951+0000] GC(285) Small Pages: 1358 / 2716M, Empty: 2164M, Relocated: 4M, In-Place: 0
[2025-08-01T14:46:11.951+0000] GC(285) Medium Pages: 1 / 32M, Empty: 0M, Relocated: 0M, In-Place: 0
[2025-08-01T14:46:11.951+0000] GC(285) Large Pages: 0 / 0M, Empty: 0M, Relocated: 0M, In-Place: 0
[2025-08-01T14:46:11.951+0000] GC(285) Forwarding Usage: 0M
[2025-08-01T14:46:11.951+0000] GC(285) Min Capacity: 4096M(100%)
[2025-08-01T14:46:11.951+0000] GC(285) Max Capacity: 4096M(100%)
[2025-08-01T14:46:11.951+0000] GC(285) Soft Max Capacity: 4096M(100%)
[2025-08-01T14:46:11.951+0000] GC(285)                Mark Start          Mark End        Relocate Start      Relocate End           High               Low         
[2025-08-01T14:46:11.951+0000] GC(285)  Capacity:     4096M (100%)       4096M (100%)       4096M (100%)       4096M (100%)       4096M (100%)       4096M (100%)   
[2025-08-01T14:46:11.951+0000] GC(285)      Free:     1348M (33%)         628M (15%)        2792M (68%)        2802M (68%)        2802M (68%)         628M (15%)    
[2025-08-01T14:46:11.951+0000] GC(285)      Used:     2748M (67%)        3468M (85%)        1304M (32%)        1294M (32%)        3468M (85%)        1294M (32%)    
[2025-08-01T14:46:11.951+0000] GC(285)      Live:         -               532M (13%)         532M (13%)         532M (13%)            -                  -          
[2025-08-01T14:46:11.951+0000] GC(285) Allocated:         -               720M (18%)         720M (18%)         720M (18%)            -                  -          
[2025-08-01T14:46:11.951+0000] GC(285)   Garbage:         -              2215M (54%)          51M (1%)           41M (1%)             -                  -          
[2025-08-01T14:46:11.951+0000] GC(285) Reclaimed:         -                  -              2164M (53%)        2174M (53%)            -                  -          
[2025-08-01T14:46:11.951+0000] GC(285) Garbage Collection (Allocation Rate) 2748M(67%)->1294M(32%)
[2025-08-01T14:46:12.292+0000] GC(286) Heap before GC invocations=286 (full 286):
[2025-08-01T14:46:12.293+0000] GC(286)  ZHeap           used 3066M, capacity 4096M, max capacity 4096M
[2025-08-01T14:46:12.293+0000] GC(286)  Metaspace       used 10643K, committed 10880K, reserved 1114112K
[2025-08-01T14:46:12.293+0000] GC(286)   class space    used 1265K, committed 1344K, reserved 1048576K
[2025-08-01T14:46:12.293+0000] GC(286) Garbage Collection (Allocation Rate)
[2025-08-01T14:46:12.293+0000] GC(286) Using 2 workers
[2025-08-01T14:46:12.293+0000] GC(286) Pause Mark Start 0.009ms
[2025-08-01T14:46:12.470+0000] GC(286) Concurrent Mark 176.057ms
[2025-08-01T14:46:12.470+0000] GC(286) Pause Mark End 0.019ms
[2025-08-01T14:46:12.470+0000] GC(286) Concurrent Mark Free 0.001ms
[2025-08-01T14:46:12.473+0000] GC(286) Concurrent Process Non-Strong References 2.585ms
[2025-08-01T14:46:12.473+0000] GC(286) Concurrent Reset Relocation Set 0.002ms
[2025-08-01T14:46:12.475+0000] GC(286) Concurrent Select Relocation Set 2.352ms
[2025-08-01T14:46:12.475+0000] GC(286) Pause Relocate Start 0.008ms
[2025-08-01T14:46:12.478+0000] GC(286) Concurrent Relocate 2.786ms
[2025-08-01T14:46:12.478+0000] GC(286) Heap after GC invocations=287 (full 287):
[2025-08-01T14:46:12.478+0000] GC(286)  ZHeap           used 1422M, capacity 4096M, max capacity 4096M
[2025-08-01T14:46:12.478+0000] GC(286)  Metaspace       used 10643K, committed 10880K, reserved 1114112K
[2025-08-01T14:46:12.478+0000] GC(286)   class space    used 1265K, committed 1344K, reserved 1048576K
[2025-08-01T14:46:12.478+0000] GC(286) Load: 1.70/0.82/0.37
[2025-08-01T14:46:12.478+0000] GC(286) MMU: 2ms/90.0%, 5ms/96.0%, 10ms/97.9%, 20ms/98.9%, 50ms/99.6%, 100ms/99.8%
[2025-08-01T14:46:12.478+0000] GC(286) Mark: 2 stripe(s), 2 proactive flush(es), 1 terminate flush(es), 0 completion(s), 0 continuation(s) 
[2025-08-01T14:46:12.478+0000] GC(286) Mark Stack Usage: 32M
[2025-08-01T14:46:12.478+0000] GC(286) NMethods: 1415 registered, 180 unregistered
[2025-08-01T14:46:12.478+0000] GC(286) Metaspace: 10M used, 10M committed, 1088M reserved
[2025-08-01T14:46:12.478+0000] GC(286) Soft: 228 encountered, 0 discovered, 0 enqueued
[2025-08-01T14:46:12.478+0000] GC(286) Weak: 934 encountered, 701 discovered, 0 enqueued
[2025-08-01T14:46:12.478+0000] GC(286) Final: 0 encountered, 0 discovered, 0 enqueued
[2025-08-01T14:46:12.478+0000] GC(286) Phantom: 3 encountered, 1 discovered, 0 enqueued
[2025-08-01T14:46:12.478+0000] GC(286) Small Pages: 1518 / 3036M, Empty: 2420M, Relocated: 11M, In-Place: 0
[2025-08-01T14:46:12.478+0000] GC(286) Medium Pages: 1 / 32M, Empty: 0M, Relocated: 0M, In-Place: 0
[2025-08-01T14:46:12.478+0000] GC(286) Large Pages: 0 / 0M, Empty: 0M, Relocated: 0M, In-Place: 0
[2025-08-01T14:46:12.478+0000] GC(286) Forwarding Usage: 0M
[2025-08-01T14:46:12.478+0000] GC(286) Min Capacity: 4096M(100%)
[2025-08-01T14:46:12.478+0000] GC(286) Max Capacity: 4096M(100%)
[2025-08-01T14:46:12.478+0000] GC(286) Soft Max Capacity: 4096M(100%)
[2025-08-01T14:46:12.478+0000] GC(286)                Mark Start          Mark End        Relocate Start      Relocate End           High               Low         
[2025-08-01T14:46:12.478+0000] GC(286)  Capacity:     4096M (100%)       4096M (100%)       4096M (100%)       4096M (100%)       4096M (100%)       4096M (100%)   
[2025-08-01T14:46:12.478+0000] GC(286)      Free:     1028M (25%)         228M (6%)         2644M (65%)        2674M (65%)        2674M (65%)         224M (5%)     
[2025-08-01T14:46:12.478+0000] GC(286)      Used:     3068M (75%)        3868M (94%)        1452M (35%)        1422M (35%)        3872M (95%)        1422M (35%)    
[2025-08-01T14:46:12.478+0000] GC(286)      Live:         -               575M (14%)         575M (14%)         575M (14%)            -                  -          
[2025-08-01T14:46:12.478+0000] GC(286) Allocated:         -               800M (20%)         804M (20%)         804M (20%)            -                  -          
[2025-08-01T14:46:12.478+0000] GC(286)   Garbage:         -              2492M (61%)          72M (2%)           42M (1%)             -                  -          
[2025-08-01T14:46:12.478+0000] GC(286) Reclaimed:         -                  -              2420M (59%)        2450M (60%)            -                  -          
[2025-08-01T14:46:12.478+0000] GC(286) Garbage Collection (Allocation Rate) 3068M(75%)->1422M(35%)
[2025-08-01T14:46:12.693+0000] GC(287) Heap before GC invocations=287 (full 287):
[2025-08-01T14:46:12.693+0000] GC(287)  ZHeap           used 2528M, capacity 4096M, max capacity 4096M
[2025-08-01T14:46:12.693+0000] GC(287)  Metaspace       used 10643K, committed 10880K, reserved 1114112K
[2025-08-01T14:46:12.693+0000] GC(287)   class space    used 1265K, committed 1344K, reserved 1048576K
[2025-08-01T14:46:12.693+0000] GC(287) Garbage Collection (Allocation Rate)
[2025-08-01T14:46:12.694+0000] GC(287) Using 2 workers
[2025-08-01T14:46:12.694+0000] GC(287) Pause Mark Start 0.024ms
[2025-08-01T14:46:12.832+0000] GC(287) Concurrent Mark 137.734ms
[2025-08-01T14:46:12.833+0000] GC(287) Pause Mark End 0.022ms
[2025-08-01T14:46:12.833+0000] GC(287) Concurrent Mark Free 0.003ms
[2025-08-01T14:46:12.836+0000] GC(287) Concurrent Process Non-Strong References 3.208ms
[2025-08-01T14:46:12.836+0000] GC(287) Concurrent Reset Relocation Set 0.004ms
[2025-08-01T14:46:12.842+0000] GC(287) Concurrent Select Relocation Set 5.783ms
[2025-08-01T14:46:12.843+0000] GC(287) Pause Relocate Start 0.022ms
[2025-08-01T14:46:12.847+0000] GC(287) Concurrent Relocate 3.399ms
[2025-08-01T14:46:12.847+0000] GC(287) Heap after GC invocations=288 (full 288):
[2025-08-01T14:46:12.847+0000] GC(287)  ZHeap           used 1240M, capacity 4096M, max capacity 4096M
[2025-08-01T14:46:12.847+0000] GC(287)  Metaspace       used 10643K, committed 10880K, reserved 1114112K
[2025-08-01T14:46:12.847+0000] GC(287)   class space    used 1265K, committed 1344K, reserved 1048576K
[2025-08-01T14:46:12.847+0000] GC(287) Load: 1.70/0.82/0.37
[2025-08-01T14:46:12.847+0000] GC(287) MMU: 2ms/90.0%, 5ms/96.0%, 10ms/97.9%, 20ms/98.9%, 50ms/99.6%, 100ms/99.8%
[2025-08-01T14:46:12.847+0000] GC(287) Mark: 2 stripe(s), 2 proactive flush(es), 1 terminate flush(es), 0 completion(s), 0 continuation(s) 
[2025-08-01T14:46:12.847+0000] GC(287) Mark Stack Usage: 32M
[2025-08-01T14:46:12.847+0000] GC(287) NMethods: 1415 registered, 180 unregistered
[2025-08-01T14:46:12.847+0000] GC(287) Metaspace: 10M used, 10M committed, 1088M reserved
[2025-08-01T14:46:12.847+0000] GC(287) Soft: 228 encountered, 0 discovered, 0 enqueued
[2025-08-01T14:46:12.847+0000] GC(287) Weak: 934 encountered, 703 discovered, 0 enqueued
[2025-08-01T14:46:12.847+0000] GC(287) Final: 0 encountered, 0 discovered, 0 enqueued
[2025-08-01T14:46:12.847+0000] GC(287) Phantom: 3 encountered, 1 discovered, 0 enqueued
[2025-08-01T14:46:12.847+0000] GC(287) Small Pages: 1248 / 2496M, Empty: 2006M, Relocated: 6M, In-Place: 0
[2025-08-01T14:46:12.847+0000] GC(287) Medium Pages: 1 / 32M, Empty: 0M, Relocated: 0M, In-Place: 0
[2025-08-01T14:46:12.847+0000] GC(287) Large Pages: 0 / 0M, Empty: 0M, Relocated: 0M, In-Place: 0
[2025-08-01T14:46:12.847+0000] GC(287) Forwarding Usage: 0M
[2025-08-01T14:46:12.847+0000] GC(287) Min Capacity: 4096M(100%)
[2025-08-01T14:46:12.847+0000] GC(287) Max Capacity: 4096M(100%)
[2025-08-01T14:46:12.847+0000] GC(287) Soft Max Capacity: 4096M(100%)
[2025-08-01T14:46:12.847+0000] GC(287)                Mark Start          Mark End        Relocate Start      Relocate End           High               Low         
[2025-08-01T14:46:12.847+0000] GC(287)  Capacity:     4096M (100%)       4096M (100%)       4096M (100%)       4096M (100%)       4096M (100%)       4096M (100%)   
[2025-08-01T14:46:12.847+0000] GC(287)      Free:     1568M (38%)         918M (22%)        2864M (70%)        2858M (70%)        2868M (70%)         896M (22%)    
[2025-08-01T14:46:12.847+0000] GC(287)      Used:     2528M (62%)        3178M (78%)        1232M (30%)        1238M (30%)        3200M (78%)        1228M (30%)    
[2025-08-01T14:46:12.847+0000] GC(287)      Live:         -               464M (11%)         464M (11%)         464M (11%)            -                  -          
[2025-08-01T14:46:12.847+0000] GC(287) Allocated:         -               650M (16%)         710M (17%)         734M (18%)            -                  -          
[2025-08-01T14:46:12.847+0000] GC(287)   Garbage:         -              2063M (50%)          57M (1%)           39M (1%)             -                  -          
[2025-08-01T14:46:12.847+0000] GC(287) Reclaimed:         -                  -              2006M (49%)        2024M (49%)            -                  -          
[2025-08-01T14:46:12.847+0000] GC(287) Garbage Collection (Allocation Rate) 2528M(62%)->1238M(30%)
[2025-08-01T14:46:13.094+0000] GC(288) Heap before GC invocations=288 (full 288):
[2025-08-01T14:46:13.094+0000] GC(288)  ZHeap           used 2436M, capacity 4096M, max capacity 4096M
[2025-08-01T14:46:13.094+0000] GC(288)  Metaspace       used 10643K, committed 10880K, reserved 1114112K
[2025-08-01T14:46:13.094+0000] GC(288)   class space    used 1265K, committed 1344K, reserved 1048576K
[2025-08-01T14:46:13.094+0000] GC(288) Garbage Collection (Allocation Rate)
[2025-08-01T14:46:13.094+0000] GC(288) Using 2 workers
[2025-08-01T14:46:13.094+0000] GC(288) Pause Mark Start 0.016ms
[2025-08-01T14:46:13.189+0000] GC(288) Concurrent Mark 94.454ms
[2025-08-01T14:46:13.189+0000] GC(288) Pause Mark End 0.015ms
[2025-08-01T14:46:13.189+0000] GC(288) Concurrent Mark Free 0.001ms
[2025-08-01T14:46:13.191+0000] GC(288) Concurrent Process Non-Strong References 1.720ms
[2025-08-01T14:46:13.191+0000] GC(288) Concurrent Reset Relocation Set 0.002ms
[2025-08-01T14:46:13.193+0000] GC(288) Concurrent Select Relocation Set 1.995ms
[2025-08-01T14:46:13.194+0000] GC(288) Pause Relocate Start 0.009ms
[2025-08-01T14:46:13.194+0000] GC(288) Concurrent Relocate 0.493ms
[2025-08-01T14:46:13.195+0000] GC(288) Heap after GC invocations=289 (full 289):
[2025-08-01T14:46:13.195+0000] GC(288)  ZHeap           used 938M, capacity 4096M, max capacity 4096M
[2025-08-01T14:46:13.195+0000] GC(288)  Metaspace       used 10643K, committed 10880K, reserved 1114112K
[2025-08-01T14:46:13.195+0000] GC(288)   class space    used 1265K, committed 1344K, reserved 1048576K
[2025-08-01T14:46:13.195+0000] GC(288) Load: 1.70/0.82/0.37
[2025-08-01T14:46:13.195+0000] GC(288) MMU: 2ms/90.0%, 5ms/96.0%, 10ms/97.9%, 20ms/98.9%, 50ms/99.6%, 100ms/99.8%
[2025-08-01T14:46:13.195+0000] GC(288) Mark: 2 stripe(s), 2 proactive flush(es), 1 terminate flush(es), 0 completion(s), 0 continuation(s) 
[2025-08-01T14:46:13.195+0000] GC(288) Mark Stack Usage: 32M
[2025-08-01T14:46:13.195+0000] GC(288) NMethods: 1415 registered, 180 unregistered
[2025-08-01T14:46:13.195+0000] GC(288) Metaspace: 10M used, 10M committed, 1088M reserved
[2025-08-01T14:46:13.195+0000] GC(288) Soft: 228 encountered, 0 discovered, 0 enqueued
[2025-08-01T14:46:13.195+0000] GC(288) Weak: 934 encountered, 701 discovered, 0 enqueued
[2025-08-01T14:46:13.195+0000] GC(288) Final: 0 encountered, 0 discovered, 0 enqueued
[2025-08-01T14:46:13.195+0000] GC(288) Phantom: 3 encountered, 1 discovered, 0 enqueued
[2025-08-01T14:46:13.195+0000] GC(288) Small Pages: 1203 / 2406M, Empty: 1972M, Relocated: 1M, In-Place: 0
[2025-08-01T14:46:13.195+0000] GC(288) Medium Pages: 1 / 32M, Empty: 0M, Relocated: 0M, In-Place: 0
[2025-08-01T14:46:13.195+0000] GC(288) Large Pages: 0 / 0M, Empty: 0M, Relocated: 0M, In-Place: 0
[2025-08-01T14:46:13.195+0000] GC(288) Forwarding Usage: 0M
[2025-08-01T14:46:13.195+0000] GC(288) Min Capacity: 4096M(100%)
[2025-08-01T14:46:13.195+0000] GC(288) Max Capacity: 4096M(100%)
[2025-08-01T14:46:13.195+0000] GC(288) Soft Max Capacity: 4096M(100%)
[2025-08-01T14:46:13.195+0000] GC(288)                Mark Start          Mark End        Relocate Start      Relocate End           High               Low         
[2025-08-01T14:46:13.195+0000] GC(288)  Capacity:     4096M (100%)       4096M (100%)       4096M (100%)       4096M (100%)       4096M (100%)       4096M (100%)   
[2025-08-01T14:46:13.195+0000] GC(288)      Free:     1658M (40%)        1196M (29%)        3152M (77%)        3158M (77%)        3158M (77%)        1194M (29%)    
[2025-08-01T14:46:13.195+0000] GC(288)      Used:     2438M (60%)        2900M (71%)         944M (23%)         938M (23%)        2902M (71%)         938M (23%)    
[2025-08-01T14:46:13.195+0000] GC(288)      Live:         -               418M (10%)         418M (10%)         418M (10%)            -                  -          
[2025-08-01T14:46:13.195+0000] GC(288) Allocated:         -               462M (11%)         478M (12%)         480M (12%)            -                  -          
[2025-08-01T14:46:13.195+0000] GC(288)   Garbage:         -              2019M (49%)          47M (1%)           39M (1%)             -                  -          
[2025-08-01T14:46:13.195+0000] GC(288) Reclaimed:         -                  -              1972M (48%)        1980M (48%)            -                  -          
[2025-08-01T14:46:13.195+0000] GC(288) Garbage Collection (Allocation Rate) 2438M(60%)->938M(23%)
[2025-08-01T14:46:13.494+0000] GC(289) Heap before GC invocations=289 (full 289):
[2025-08-01T14:46:13.495+0000] GC(289)  ZHeap           used 2484M, capacity 4096M, max capacity 4096M
[2025-08-01T14:46:13.495+0000] GC(289)  Metaspace       used 10643K, committed 10880K, reserved 1114112K
[2025-08-01T14:46:13.495+0000] GC(289)   class space    used 1265K, committed 1344K, reserved 1048576K
[2025-08-01T14:46:13.495+0000] GC(289) Garbage Collection (Allocation Rate)
[2025-08-01T14:46:13.495+0000] GC(289) Using 2 workers
[2025-08-01T14:46:13.495+0000] GC(289) Pause Mark Start 0.011ms
[2025-08-01T14:46:13.609+0000] GC(289) Concurrent Mark 113.724ms
[2025-08-01T14:46:13.609+0000] GC(289) Pause Mark End 0.016ms
[2025-08-01T14:46:13.609+0000] GC(289) Concurrent Mark Free 0.001ms
[2025-08-01T14:46:13.612+0000] GC(289) Concurrent Process Non-Strong References 2.903ms
[2025-08-01T14:46:13.612+0000] GC(289) Concurrent Reset Relocation Set 0.002ms
[2025-08-01T14:46:13.616+0000] GC(289) Concurrent Select Relocation Set 3.777ms
[2025-08-01T14:46:13.617+0000] GC(289) Pause Relocate Start 0.009ms
[2025-08-01T14:46:13.619+0000] GC(289) Concurrent Relocate 1.872ms
[2025-08-01T14:46:13.619+0000] GC(289) Heap after GC invocations=290 (full 290):
[2025-08-01T14:46:13.619+0000] GC(289)  ZHeap           used 1156M, capacity 4096M, max capacity 4096M
[2025-08-01T14:46:13.619+0000] GC(289)  Metaspace       used 10643K, committed 10880K, reserved 1114112K
[2025-08-01T14:46:13.619+0000] GC(289)   class space    used 1265K, committed 1344K, reserved 1048576K
[2025-08-01T14:46:13.619+0000] GC(289) Load: 1.70/0.82/0.37
[2025-08-01T14:46:13.619+0000] GC(289) MMU: 2ms/90.0%, 5ms/96.0%, 10ms/97.9%, 20ms/98.9%, 50ms/99.6%, 100ms/99.8%
[2025-08-01T14:46:13.619+0000] GC(289) Mark: 2 stripe(s), 2 proactive flush(es), 1 terminate flush(es), 0 completion(s), 0 continuation(s) 
[2025-08-01T14:46:13.619+0000] GC(289) Mark Stack Usage: 32M
[2025-08-01T14:46:13.620+0000] GC(289) NMethods: 1415 registered, 180 unregistered
[2025-08-01T14:46:13.620+0000] GC(289) Metaspace: 10M used, 10M committed, 1088M reserved
[2025-08-01T14:46:13.620+0000] GC(289) Soft: 228 encountered, 0 discovered, 0 enqueued
[2025-08-01T14:46:13.620+0000] GC(289) Weak: 934 encountered, 697 discovered, 0 enqueued
[2025-08-01T14:46:13.620+0000] GC(289) Final: 0 encountered, 0 discovered, 0 enqueued
[2025-08-01T14:46:13.620+0000] GC(289) Phantom: 3 encountered, 1 discovered, 0 enqueued
[2025-08-01T14:46:13.620+0000] GC(289) Small Pages: 1227 / 2454M, Empty: 1928M, Relocated: 5M, In-Place: 0
[2025-08-01T14:46:13.620+0000] GC(289) Medium Pages: 1 / 32M, Empty: 0M, Relocated: 0M, In-Place: 0
[2025-08-01T14:46:13.620+0000] GC(289) Large Pages: 0 / 0M, Empty: 0M, Relocated: 0M, In-Place: 0
[2025-08-01T14:46:13.620+0000] GC(289) Forwarding Usage: 0M
[2025-08-01T14:46:13.620+0000] GC(289) Min Capacity: 4096M(100%)
[2025-08-01T14:46:13.620+0000] GC(289) Max Capacity: 4096M(100%)
[2025-08-01T14:46:13.620+0000] GC(289) Soft Max Capacity: 4096M(100%)
[2025-08-01T14:46:13.620+0000] GC(289)                Mark Start          Mark End        Relocate Start      Relocate End           High               Low         
[2025-08-01T14:46:13.620+0000] GC(289)  Capacity:     4096M (100%)       4096M (100%)       4096M (100%)       4096M (100%)       4096M (100%)       4096M (100%)   
[2025-08-01T14:46:13.620+0000] GC(289)      Free:     1610M (39%)        1070M (26%)        2946M (72%)        2940M (72%)        2962M (72%)        1042M (25%)    
[2025-08-01T14:46:13.620+0000] GC(289)      Used:     2486M (61%)        3026M (74%)        1150M (28%)        1156M (28%)        3054M (75%)        1134M (28%)    
[2025-08-01T14:46:13.620+0000] GC(289)      Live:         -               511M (12%)         511M (12%)         511M (12%)            -                  -          
[2025-08-01T14:46:13.620+0000] GC(289) Allocated:         -               540M (13%)         592M (14%)         606M (15%)            -                  -          
[2025-08-01T14:46:13.620+0000] GC(289)   Garbage:         -              1974M (48%)          46M (1%)           38M (1%)             -                  -          
[2025-08-01T14:46:13.620+0000] GC(289) Reclaimed:         -                  -              1928M (47%)        1936M (47%)            -                  -          
[2025-08-01T14:46:13.620+0000] GC(289) Garbage Collection (Allocation Rate) 2486M(61%)->1156M(28%)
[2025-08-01T14:46:13.693+0000] === Garbage Collection Statistics =======================================================================================================================
[2025-08-01T14:46:13.693+0000]                                                              Last 10s              Last 10m              Last 10h                Total
[2025-08-01T14:46:13.693+0000]                                                              Avg / Max             Avg / Max             Avg / Max             Avg / Max
[2025-08-01T14:46:13.693+0000]   Collector: Garbage Collection Cycle                    153.975 / 200.593     147.622 / 346.825     147.622 / 346.825     147.622 / 346.825     ms
[2025-08-01T14:46:13.693+0000]  Contention: Mark Segment Reset Contention                     0 / 1                 0 / 2                 0 / 2                 0 / 2           ops/s
[2025-08-01T14:46:13.693+0000]  Contention: Mark SeqNum Reset Contention                      0 / 1                 0 / 1                 0 / 1                 0 / 1           ops/s
[2025-08-01T14:46:13.693+0000]    Critical: Allocation Stall                                  0 / 0                 0 / 0                 0 / 0                 0 / 0           ops/s
[2025-08-01T14:46:13.693+0000]    Critical: Allocation Stall                              0.000 / 0.000         0.000 / 0.000         0.000 / 0.000         0.000 / 0.000       ms
[2025-08-01T14:46:13.694+0000]    Critical: GC Locker Stall                                   0 / 0                 0 / 0                 0 / 0                 0 / 0           ops/s
[2025-08-01T14:46:13.694+0000]    Critical: GC Locker Stall                               0.000 / 0.000         0.000 / 0.000         0.000 / 0.000         0.000 / 0.000       ms
[2025-08-01T14:46:13.694+0000]    Critical: Relocation Stall                                  0 / 0                 0 / 0                 0 / 0                 0 / 0           ops/s
[2025-08-01T14:46:13.694+0000]    Critical: Relocation Stall                              0.000 / 0.000         0.000 / 0.000         0.000 / 0.000         0.000 / 0.000       ms
[2025-08-01T14:46:13.694+0000]      Memory: Allocation Rate                                4810 / 4960           4650 / 5132           4650 / 5132           4650 / 5132        MB/s
[2025-08-01T14:46:13.694+0000]      Memory: Defragment                                        0 / 0                 0 / 0                 0 / 0                 0 / 0           ops/s
[2025-08-01T14:46:13.694+0000]      Memory: Out Of Memory                                     0 / 0                 0 / 0                 0 / 0                 0 / 0           ops/s
[2025-08-01T14:46:13.694+0000]      Memory: Page Cache Flush                                  0 / 0                 0 / 0                 0 / 0                 0 / 0           MB/s
[2025-08-01T14:46:13.694+0000]      Memory: Page Cache Hit L1                              2413 / 2490           2315 / 2578           2315 / 2578           2315 / 2578        ops/s
[2025-08-01T14:46:13.694+0000]      Memory: Page Cache Hit L2                                 0 / 0                 0 / 0                 0 / 0                 0 / 0           ops/s
[2025-08-01T14:46:13.694+0000]      Memory: Page Cache Hit L3                                 0 / 0                15 / 551              15 / 551              15 / 551         ops/s
[2025-08-01T14:46:13.694+0000]      Memory: Page Cache Miss                                   0 / 0                 0 / 1                 0 / 1                 0 / 1           ops/s
[2025-08-01T14:46:13.694+0000]      Memory: Uncommit                                          0 / 0                 0 / 0                 0 / 0                 0 / 0           MB/s
[2025-08-01T14:46:13.694+0000]      Memory: Undo Object Allocation Failed                     0 / 0                 0 / 3                 0 / 3                 0 / 3           ops/s
[2025-08-01T14:46:13.694+0000]      Memory: Undo Object Allocation Succeeded                  0 / 0                 0 / 3                 0 / 3                 0 / 3           ops/s
[2025-08-01T14:46:13.694+0000]      Memory: Undo Page Allocation                              0 / 0                 0 / 1                 0 / 1                 0 / 1           ops/s
[2025-08-01T14:46:13.694+0000]       Phase: Concurrent Mark                             141.860 / 188.184     135.367 / 335.006     135.367 / 335.006     135.367 / 335.006     ms
[2025-08-01T14:46:13.694+0000]       Phase: Concurrent Mark Continue                      0.000 / 0.000         0.000 / 0.000         0.000 / 0.000         0.000 / 0.000       ms
[2025-08-01T14:46:13.694+0000]       Phase: Concurrent Mark Free                          0.002 / 0.003         0.002 / 0.005         0.002 / 0.005         0.002 / 0.005       ms
[2025-08-01T14:46:13.694+0000]       Phase: Concurrent Process Non-Strong References      3.620 / 5.977         3.787 / 11.932        3.787 / 11.932        3.787 / 11.932      ms
[2025-08-01T14:46:13.694+0000]       Phase: Concurrent Relocate                           2.034 / 4.733         2.270 / 16.307        2.270 / 16.307        2.270 / 16.307      ms
[2025-08-01T14:46:13.694+0000]       Phase: Concurrent Reset Relocation Set               0.003 / 0.006         0.003 / 0.065         0.003 / 0.065         0.003 / 0.065       ms
[2025-08-01T14:46:13.694+0000]       Phase: Concurrent Select Relocation Set              3.811 / 6.930         3.764 / 16.702        3.764 / 16.702        3.764 / 16.702      ms
[2025-08-01T14:46:13.694+0000]       Phase: Pause Mark End                                0.019 / 0.032         0.021 / 0.200         0.021 / 0.200         0.021 / 0.200       ms
[2025-08-01T14:46:13.694+0000]       Phase: Pause Mark Start                              0.015 / 0.028         0.014 / 0.088         0.014 / 0.088         0.014 / 0.088       ms
[2025-08-01T14:46:13.694+0000]       Phase: Pause Relocate Start                          0.013 / 0.022         0.014 / 0.143         0.014 / 0.143         0.014 / 0.143       ms
[2025-08-01T14:46:13.694+0000]    Subphase: Concurrent Classes Purge                      0.030 / 0.135         0.037 / 1.924         0.037 / 1.924         0.037 / 1.924       ms
[2025-08-01T14:46:13.694+0000]    Subphase: Concurrent Classes Unlink                     2.355 / 3.946         2.421 / 6.492         2.421 / 6.492         2.421 / 6.492       ms
[2025-08-01T14:46:13.694+0000]    Subphase: Concurrent Mark                             140.109 / 184.347     133.854 / 334.367     133.854 / 334.367     133.854 / 334.367     ms
[2025-08-01T14:46:13.694+0000]    Subphase: Concurrent Mark Try Flush                     0.544 / 3.298         0.519 / 7.713         0.519 / 7.713         0.519 / 7.713       ms
[2025-08-01T14:46:13.694+0000]    Subphase: Concurrent Mark Try Terminate                 0.887 / 3.782         0.922 / 4.798         0.922 / 4.798         0.922 / 4.798       ms
[2025-08-01T14:46:13.694+0000]    Subphase: Concurrent References Enqueue                 0.001 / 0.002         0.001 / 0.006         0.001 / 0.006         0.001 / 0.006       ms
[2025-08-01T14:46:13.694+0000]    Subphase: Concurrent References Process                 0.352 / 0.897         0.319 / 1.918         0.319 / 1.918         0.319 / 1.918       ms
[2025-08-01T14:46:13.694+0000]    Subphase: Concurrent Roots ClassLoaderDataGraph         0.145 / 0.743         0.130 / 2.268         0.130 / 2.268         0.130 / 2.268       ms
[2025-08-01T14:46:13.694+0000]    Subphase: Concurrent Roots CodeCache                    0.000 / 0.000         0.000 / 0.000         0.000 / 0.000         0.000 / 0.000       ms
[2025-08-01T14:46:13.694+0000]    Subphase: Concurrent Roots JavaThreads                  0.137 / 0.719         0.122 / 2.387         0.122 / 2.387         0.122 / 2.387       ms
[2025-08-01T14:46:13.694+0000]    Subphase: Concurrent Roots OopStorageSet                0.027 / 0.170         0.029 / 0.238         0.029 / 0.238         0.029 / 0.238       ms
[2025-08-01T14:46:13.694+0000]    Subphase: Concurrent Weak Roots OopStorageSet           0.192 / 0.334         0.218 / 2.271         0.218 / 2.271         0.218 / 2.271       ms
[2025-08-01T14:46:13.694+0000]    Subphase: Pause Mark Try Complete                       0.000 / 0.000         0.000 / 0.000         0.000 / 0.000         0.000 / 0.000       ms
[2025-08-01T14:46:13.694+0000]      System: Java Threads                                     14 / 14               14 / 14               14 / 14               14 / 14          threads
[2025-08-01T14:46:13.694+0000] =========================================================================================================================================================
[2025-08-01T14:46:13.892+0000] GC(290) Heap before GC invocations=290 (full 290):
[2025-08-01T14:46:13.892+0000] GC(290)  ZHeap           used 2602M, capacity 4096M, max capacity 4096M
[2025-08-01T14:46:13.892+0000] GC(290)  Metaspace       used 10643K, committed 10880K, reserved 1114112K
[2025-08-01T14:46:13.892+0000] GC(290)   class space    used 1265K, committed 1344K, reserved 1048576K
[2025-08-01T14:46:13.893+0000] GC(290) Garbage Collection (Allocation Rate)
[2025-08-01T14:46:13.893+0000] GC(290) Using 2 workers
[2025-08-01T14:46:13.893+0000] GC(290) Pause Mark Start 0.007ms
[2025-08-01T14:46:13.950+0000] GC(290) Concurrent Mark 57.323ms
[2025-08-01T14:46:13.950+0000] GC(290) Pause Mark End 0.013ms
[2025-08-01T14:46:13.951+0000] GC(290) Concurrent Mark Free 0.001ms
[2025-08-01T14:46:13.952+0000] GC(290) Concurrent Process Non-Strong References 1.902ms
[2025-08-01T14:46:13.953+0000] GC(290) Concurrent Reset Relocation Set 0.002ms
[2025-08-01T14:46:13.956+0000] GC(290) Concurrent Select Relocation Set 3.325ms
[2025-08-01T14:46:13.956+0000] GC(290) Pause Relocate Start 0.008ms
[2025-08-01T14:46:13.957+0000] GC(290) Concurrent Relocate 0.480ms
[2025-08-01T14:46:13.957+0000] GC(290) Heap after GC invocations=291 (full 291):
[2025-08-01T14:46:13.957+0000] GC(290)  ZHeap           used 644M, capacity 4096M, max capacity 4096M
[2025-08-01T14:46:13.957+0000] GC(290)  Metaspace       used 10643K, committed 10880K, reserved 1114112K
[2025-08-01T14:46:13.957+0000] GC(290)   class space    used 1265K, committed 1344K, reserved 1048576K
[2025-08-01T14:46:13.957+0000] GC(290) Load: 1.70/0.82/0.37
[2025-08-01T14:46:13.957+0000] GC(290) MMU: 2ms/90.0%, 5ms/96.0%, 10ms/97.9%, 20ms/98.9%, 50ms/99.6%, 100ms/99.8%
[2025-08-01T14:46:13.957+0000] GC(290) Mark: 2 stripe(s), 3 proactive flush(es), 1 terminate flush(es), 0 completion(s), 0 continuation(s) 
[2025-08-01T14:46:13.957+0000] GC(290) Mark Stack Usage: 32M
[2025-08-01T14:46:13.957+0000] GC(290) NMethods: 1415 registered, 180 unregistered
[2025-08-01T14:46:13.957+0000] GC(290) Metaspace: 10M used, 10M committed, 1088M reserved
[2025-08-01T14:46:13.957+0000] GC(290) Soft: 228 encountered, 0 discovered, 0 enqueued
[2025-08-01T14:46:13.957+0000] GC(290) Weak: 934 encountered, 758 discovered, 0 enqueued
[2025-08-01T14:46:13.957+0000] GC(290) Final: 0 encountered, 0 discovered, 0 enqueued
[2025-08-01T14:46:13.957+0000] GC(290) Phantom: 3 encountered, 1 discovered, 0 enqueued
[2025-08-01T14:46:13.957+0000] GC(290) Small Pages: 1286 / 2572M, Empty: 2298M, Relocated: 1M, In-Place: 0
[2025-08-01T14:46:13.957+0000] GC(290) Medium Pages: 1 / 32M, Empty: 0M, Relocated: 0M, In-Place: 0
[2025-08-01T14:46:13.957+0000] GC(290) Large Pages: 0 / 0M, Empty: 0M, Relocated: 0M, In-Place: 0
[2025-08-01T14:46:13.957+0000] GC(290) Forwarding Usage: 0M
[2025-08-01T14:46:13.957+0000] GC(290) Min Capacity: 4096M(100%)
[2025-08-01T14:46:13.957+0000] GC(290) Max Capacity: 4096M(100%)
[2025-08-01T14:46:13.957+0000] GC(290) Soft Max Capacity: 4096M(100%)
[2025-08-01T14:46:13.957+0000] GC(290)                Mark Start          Mark End        Relocate Start      Relocate End           High               Low         
[2025-08-01T14:46:13.957+0000] GC(290)  Capacity:     4096M (100%)       4096M (100%)       4096M (100%)       4096M (100%)       4096M (100%)       4096M (100%)   
[2025-08-01T14:46:13.957+0000] GC(290)      Free:     1492M (36%)        1148M (28%)        3446M (84%)        3452M (84%)        3452M (84%)        1148M (28%)    
[2025-08-01T14:46:13.957+0000] GC(290)      Used:     2604M (64%)        2948M (72%)         650M (16%)         644M (16%)        2948M (72%)         644M (16%)    
[2025-08-01T14:46:13.957+0000] GC(290)      Live:         -               261M (6%)          261M (6%)          261M (6%)             -                  -          
[2025-08-01T14:46:13.957+0000] GC(290) Allocated:         -               344M (8%)          344M (8%)          344M (8%)             -                  -          
[2025-08-01T14:46:13.957+0000] GC(290)   Garbage:         -              2342M (57%)          44M (1%)           38M (1%)             -                  -          
[2025-08-01T14:46:13.957+0000] GC(290) Reclaimed:         -                  -              2298M (56%)        2304M (56%)            -                  -          
[2025-08-01T14:46:13.957+0000] GC(290) Garbage Collection (Allocation Rate) 2604M(64%)->644M(16%)
[2025-08-01T14:46:14.294+0000] GC(291) Heap before GC invocations=291 (full 291):
[2025-08-01T14:46:14.294+0000] GC(291)  ZHeap           used 2484M, capacity 4096M, max capacity 4096M
[2025-08-01T14:46:14.294+0000] GC(291)  Metaspace       used 10643K, committed 10880K, reserved 1114112K
[2025-08-01T14:46:14.294+0000] GC(291)   class space    used 1265K, committed 1344K, reserved 1048576K
[2025-08-01T14:46:14.295+0000] GC(291) Garbage Collection (Allocation Rate)
[2025-08-01T14:46:14.295+0000] GC(291) Using 2 workers
[2025-08-01T14:46:14.295+0000] GC(291) Pause Mark Start 0.010ms
[2025-08-01T14:46:14.420+0000] GC(291) Concurrent Mark 125.507ms
[2025-08-01T14:46:14.421+0000] GC(291) Pause Mark End 0.015ms
[2025-08-01T14:46:14.421+0000] GC(291) Concurrent Mark Free 0.001ms
[2025-08-01T14:46:14.424+0000] GC(291) Concurrent Process Non-Strong References 3.626ms
[2025-08-01T14:46:14.425+0000] GC(291) Concurrent Reset Relocation Set 0.002ms
[2025-08-01T14:46:14.427+0000] GC(291) Concurrent Select Relocation Set 2.627ms
[2025-08-01T14:46:14.427+0000] GC(291) Pause Relocate Start 0.009ms
[2025-08-01T14:46:14.429+0000] GC(291) Concurrent Relocate 1.244ms
[2025-08-01T14:46:14.429+0000] GC(291) Heap after GC invocations=292 (full 292):
[2025-08-01T14:46:14.429+0000] GC(291)  ZHeap           used 1222M, capacity 4096M, max capacity 4096M
[2025-08-01T14:46:14.429+0000] GC(291)  Metaspace       used 10643K, committed 10880K, reserved 1114112K
[2025-08-01T14:46:14.429+0000] GC(291)   class space    used 1265K, committed 1344K, reserved 1048576K
[2025-08-01T14:46:14.429+0000] GC(291) Load: 1.70/0.82/0.37
[2025-08-01T14:46:14.429+0000] GC(291) MMU: 2ms/90.0%, 5ms/96.0%, 10ms/97.9%, 20ms/98.9%, 50ms/99.6%, 100ms/99.8%
[2025-08-01T14:46:14.429+0000] GC(291) Mark: 2 stripe(s), 2 proactive flush(es), 1 terminate flush(es), 0 completion(s), 0 continuation(s) 
[2025-08-01T14:46:14.429+0000] GC(291) Mark Stack Usage: 32M
[2025-08-01T14:46:14.429+0000] GC(291) NMethods: 1415 registered, 180 unregistered
[2025-08-01T14:46:14.429+0000] GC(291) Metaspace: 10M used, 10M committed, 1088M reserved
[2025-08-01T14:46:14.429+0000] GC(291) Soft: 228 encountered, 0 discovered, 0 enqueued
[2025-08-01T14:46:14.429+0000] GC(291) Weak: 934 encountered, 701 discovered, 0 enqueued
[2025-08-01T14:46:14.429+0000] GC(291) Final: 0 encountered, 0 discovered, 0 enqueued
[2025-08-01T14:46:14.429+0000] GC(291) Phantom: 3 encountered, 1 discovered, 0 enqueued
[2025-08-01T14:46:14.429+0000] GC(291) Small Pages: 1226 / 2452M, Empty: 1928M, Relocated: 3M, In-Place: 0
[2025-08-01T14:46:14.429+0000] GC(291) Medium Pages: 1 / 32M, Empty: 0M, Relocated: 0M, In-Place: 0
[2025-08-01T14:46:14.429+0000] GC(291) Large Pages: 0 / 0M, Empty: 0M, Relocated: 0M, In-Place: 0
[2025-08-01T14:46:14.429+0000] GC(291) Forwarding Usage: 0M
[2025-08-01T14:46:14.429+0000] GC(291) Min Capacity: 4096M(100%)
[2025-08-01T14:46:14.429+0000] GC(291) Max Capacity: 4096M(100%)
[2025-08-01T14:46:14.429+0000] GC(291) Soft Max Capacity: 4096M(100%)
[2025-08-01T14:46:14.429+0000] GC(291)                Mark Start          Mark End        Relocate Start      Relocate End           High               Low         
[2025-08-01T14:46:14.429+0000] GC(291)  Capacity:     4096M (100%)       4096M (100%)       4096M (100%)       4096M (100%)       4096M (100%)       4096M (100%)   
[2025-08-01T14:46:14.429+0000] GC(291)      Free:     1612M (39%)         998M (24%)        2876M (70%)        2874M (70%)        2890M (71%)         970M (24%)    
[2025-08-01T14:46:14.429+0000] GC(291)      Used:     2484M (61%)        3098M (76%)        1220M (30%)        1222M (30%)        3126M (76%)        1206M (29%)    
[2025-08-01T14:46:14.429+0000] GC(291)      Live:         -               510M (12%)         510M (12%)         510M (12%)            -                  -          
[2025-08-01T14:46:14.429+0000] GC(291) Allocated:         -               614M (15%)         664M (16%)         674M (16%)            -                  -          
[2025-08-01T14:46:14.429+0000] GC(291)   Garbage:         -              1973M (48%)          45M (1%)           37M (1%)             -                  -          
[2025-08-01T14:46:14.429+0000] GC(291) Reclaimed:         -                  -              1928M (47%)        1936M (47%)            -                  -          
[2025-08-01T14:46:14.429+0000] GC(291) Garbage Collection (Allocation Rate) 2484M(61%)->1222M(30%)
[2025-08-01T14:46:14.693+0000] GC(292) Heap before GC invocations=292 (full 292):
[2025-08-01T14:46:14.693+0000] GC(292)  ZHeap           used 2540M, capacity 4096M, max capacity 4096M
[2025-08-01T14:46:14.693+0000] GC(292)  Metaspace       used 10643K, committed 10880K, reserved 1114112K
[2025-08-01T14:46:14.693+0000] GC(292)   class space    used 1265K, committed 1344K, reserved 1048576K
[2025-08-01T14:46:14.693+0000] GC(292) Garbage Collection (Allocation Rate)
[2025-08-01T14:46:14.693+0000] GC(292) Using 2 workers
[2025-08-01T14:46:14.694+0000] GC(292) Pause Mark Start 0.015ms
[2025-08-01T14:46:14.773+0000] GC(292) Concurrent Mark 79.541ms
[2025-08-01T14:46:14.774+0000] GC(292) Pause Mark End 0.074ms
[2025-08-01T14:46:14.774+0000] GC(292) Concurrent Mark Free 0.001ms
[2025-08-01T14:46:14.776+0000] GC(292) Concurrent Process Non-Strong References 2.072ms
[2025-08-01T14:46:14.776+0000] GC(292) Concurrent Reset Relocation Set 0.001ms
[2025-08-01T14:46:14.778+0000] GC(292) Concurrent Select Relocation Set 1.944ms
[2025-08-01T14:46:14.778+0000] GC(292) Pause Relocate Start 0.012ms
[2025-08-01T14:46:14.779+0000] GC(292) Concurrent Relocate 0.523ms
[2025-08-01T14:46:14.779+0000] GC(292) Heap after GC invocations=293 (full 293):
[2025-08-01T14:46:14.779+0000] GC(292)  ZHeap           used 770M, capacity 4096M, max capacity 4096M
[2025-08-01T14:46:14.779+0000] GC(292)  Metaspace       used 10643K, committed 10880K, reserved 1114112K
[2025-08-01T14:46:14.779+0000] GC(292)   class space    used 1265K, committed 1344K, reserved 1048576K
[2025-08-01T14:46:14.779+0000] GC(292) Load: 1.70/0.82/0.37
[2025-08-01T14:46:14.779+0000] GC(292) MMU: 2ms/90.0%, 5ms/96.0%, 10ms/97.9%, 20ms/98.9%, 50ms/99.6%, 100ms/99.8%
[2025-08-01T14:46:14.779+0000] GC(292) Mark: 2 stripe(s), 2 proactive flush(es), 1 terminate flush(es), 0 completion(s), 0 continuation(s) 
[2025-08-01T14:46:14.779+0000] GC(292) Mark Stack Usage: 32M
[2025-08-01T14:46:14.779+0000] GC(292) NMethods: 1415 registered, 180 unregistered
[2025-08-01T14:46:14.779+0000] GC(292) Metaspace: 10M used, 10M committed, 1088M reserved
[2025-08-01T14:46:14.779+0000] GC(292) Soft: 228 encountered, 0 discovered, 0 enqueued
[2025-08-01T14:46:14.779+0000] GC(292) Weak: 934 encountered, 653 discovered, 0 enqueued
[2025-08-01T14:46:14.779+0000] GC(292) Final: 0 encountered, 0 discovered, 0 enqueued
[2025-08-01T14:46:14.779+0000] GC(292) Phantom: 3 encountered, 1 discovered, 0 enqueued
[2025-08-01T14:46:14.779+0000] GC(292) Small Pages: 1255 / 2510M, Empty: 2170M, Relocated: 1M, In-Place: 0
[2025-08-01T14:46:14.779+0000] GC(292) Medium Pages: 1 / 32M, Empty: 0M, Relocated: 0M, In-Place: 0
[2025-08-01T14:46:14.779+0000] GC(292) Large Pages: 0 / 0M, Empty: 0M, Relocated: 0M, In-Place: 0
[2025-08-01T14:46:14.779+0000] GC(292) Forwarding Usage: 0M
[2025-08-01T14:46:14.779+0000] GC(292) Min Capacity: 4096M(100%)
[2025-08-01T14:46:14.779+0000] GC(292) Max Capacity: 4096M(100%)
[2025-08-01T14:46:14.779+0000] GC(292) Soft Max Capacity: 4096M(100%)
[2025-08-01T14:46:14.779+0000] GC(292)                Mark Start          Mark End        Relocate Start      Relocate End           High               Low         
[2025-08-01T14:46:14.779+0000] GC(292)  Capacity:     4096M (100%)       4096M (100%)       4096M (100%)       4096M (100%)       4096M (100%)       4096M (100%)   
[2025-08-01T14:46:14.779+0000] GC(292)      Free:     1554M (38%)        1150M (28%)        3320M (81%)        3326M (81%)        3326M (81%)        1150M (28%)    
[2025-08-01T14:46:14.779+0000] GC(292)      Used:     2542M (62%)        2946M (72%)         776M (19%)         770M (19%)        2946M (72%)         770M (19%)    
[2025-08-01T14:46:14.779+0000] GC(292)      Live:         -               327M (8%)          327M (8%)          327M (8%)             -                  -          
[2025-08-01T14:46:14.779+0000] GC(292) Allocated:         -               404M (10%)         404M (10%)         404M (10%)            -                  -          
[2025-08-01T14:46:14.779+0000] GC(292)   Garbage:         -              2214M (54%)          44M (1%)           38M (1%)             -                  -          
[2025-08-01T14:46:14.779+0000] GC(292) Reclaimed:         -                  -              2170M (53%)        2176M (53%)            -                  -          
[2025-08-01T14:46:14.779+0000] GC(292) Garbage Collection (Allocation Rate) 2542M(62%)->770M(19%)
[2025-08-01T14:46:15.193+0000] GC(293) Heap before GC invocations=293 (full 293):
[2025-08-01T14:46:15.193+0000] GC(293)  ZHeap           used 2780M, capacity 4096M, max capacity 4096M
[2025-08-01T14:46:15.193+0000] GC(293)  Metaspace       used 10643K, committed 10880K, reserved 1114112K
[2025-08-01T14:46:15.193+0000] GC(293)   class space    used 1265K, committed 1344K, reserved 1048576K
[2025-08-01T14:46:15.193+0000] GC(293) Garbage Collection (Allocation Rate)
[2025-08-01T14:46:15.193+0000] GC(293) Using 2 workers
[2025-08-01T14:46:15.193+0000] GC(293) Pause Mark Start 0.007ms
[2025-08-01T14:46:15.301+0000] GC(293) Concurrent Mark 107.804ms
[2025-08-01T14:46:15.301+0000] GC(293) Pause Mark End 0.013ms
[2025-08-01T14:46:15.301+0000] GC(293) Concurrent Mark Free 0.001ms
[2025-08-01T14:46:15.303+0000] GC(293) Concurrent Process Non-Strong References 1.615ms
[2025-08-01T14:46:15.303+0000] GC(293) Concurrent Reset Relocation Set 0.001ms
[2025-08-01T14:46:15.305+0000] GC(293) Concurrent Select Relocation Set 1.919ms
[2025-08-01T14:46:15.305+0000] GC(293) Pause Relocate Start 0.010ms
[2025-08-01T14:46:15.306+0000] GC(293) Concurrent Relocate 0.605ms
[2025-08-01T14:46:15.306+0000] GC(293) Heap after GC invocations=294 (full 294):
[2025-08-01T14:46:15.306+0000] GC(293)  ZHeap           used 1306M, capacity 4096M, max capacity 4096M
[2025-08-01T14:46:15.306+0000] GC(293)  Metaspace       used 10643K, committed 10880K, reserved 1114112K
[2025-08-01T14:46:15.306+0000] GC(293)   class space    used 1265K, committed 1344K, reserved 1048576K
[2025-08-01T14:46:15.306+0000] GC(293) Load: 1.70/0.82/0.37
[2025-08-01T14:46:15.306+0000] GC(293) MMU: 2ms/90.0%, 5ms/96.0%, 10ms/97.9%, 20ms/98.9%, 50ms/99.6%, 100ms/99.8%
[2025-08-01T14:46:15.306+0000] GC(293) Mark: 2 stripe(s), 2 proactive flush(es), 1 terminate flush(es), 0 completion(s), 0 continuation(s) 
[2025-08-01T14:46:15.306+0000] GC(293) Mark Stack Usage: 32M
[2025-08-01T14:46:15.306+0000] GC(293) NMethods: 1415 registered, 180 unregistered
[2025-08-01T14:46:15.306+0000] GC(293) Metaspace: 10M used, 10M committed, 1088M reserved
[2025-08-01T14:46:15.306+0000] GC(293) Soft: 228 encountered, 0 discovered, 0 enqueued
[2025-08-01T14:46:15.306+0000] GC(293) Weak: 934 encountered, 718 discovered, 0 enqueued
[2025-08-01T14:46:15.306+0000] GC(293) Final: 0 encountered, 0 discovered, 0 enqueued
[2025-08-01T14:46:15.306+0000] GC(293) Phantom: 3 encountered, 1 discovered, 0 enqueued
[2025-08-01T14:46:15.306+0000] GC(293) Small Pages: 1375 / 2750M, Empty: 2126M, Relocated: 3M, In-Place: 0
[2025-08-01T14:46:15.306+0000] GC(293) Medium Pages: 1 / 32M, Empty: 0M, Relocated: 0M, In-Place: 0
[2025-08-01T14:46:15.306+0000] GC(293) Large Pages: 0 / 0M, Empty: 0M, Relocated: 0M, In-Place: 0
[2025-08-01T14:46:15.306+0000] GC(293) Forwarding Usage: 0M
[2025-08-01T14:46:15.306+0000] GC(293) Min Capacity: 4096M(100%)
[2025-08-01T14:46:15.306+0000] GC(293) Max Capacity: 4096M(100%)
[2025-08-01T14:46:15.306+0000] GC(293) Soft Max Capacity: 4096M(100%)
[2025-08-01T14:46:15.306+0000] GC(293)                Mark Start          Mark End        Relocate Start      Relocate End           High               Low         
[2025-08-01T14:46:15.306+0000] GC(293)  Capacity:     4096M (100%)       4096M (100%)       4096M (100%)       4096M (100%)       4096M (100%)       4096M (100%)   
[2025-08-01T14:46:15.306+0000] GC(293)      Free:     1314M (32%)         652M (16%)        2778M (68%)        2790M (68%)        2790M (68%)         652M (16%)    
[2025-08-01T14:46:15.306+0000] GC(293)      Used:     2782M (68%)        3444M (84%)        1318M (32%)        1306M (32%)        3444M (84%)        1306M (32%)    
[2025-08-01T14:46:15.306+0000] GC(293)      Live:         -               605M (15%)         605M (15%)         605M (15%)            -                  -          
[2025-08-01T14:46:15.306+0000] GC(293) Allocated:         -               662M (16%)         662M (16%)         662M (16%)            -                  -          
[2025-08-01T14:46:15.306+0000] GC(293)   Garbage:         -              2176M (53%)          50M (1%)           38M (1%)             -                  -          
[2025-08-01T14:46:15.306+0000] GC(293) Reclaimed:         -                  -              2126M (52%)        2138M (52%)            -                  -          
[2025-08-01T14:46:15.306+0000] GC(293) Garbage Collection (Allocation Rate) 2782M(68%)->1306M(32%)
[2025-08-01T14:46:15.593+0000] GC(294) Heap before GC invocations=294 (full 294):
[2025-08-01T14:46:15.593+0000] GC(294)  ZHeap           used 2666M, capacity 4096M, max capacity 4096M
[2025-08-01T14:46:15.593+0000] GC(294)  Metaspace       used 10643K, committed 10880K, reserved 1114112K
[2025-08-01T14:46:15.593+0000] GC(294)   class space    used 1265K, committed 1344K, reserved 1048576K
[2025-08-01T14:46:15.593+0000] GC(294) Garbage Collection (Allocation Rate)
[2025-08-01T14:46:15.593+0000] GC(294) Using 2 workers
[2025-08-01T14:46:15.595+0000] GC(294) Pause Mark Start 0.015ms
[2025-08-01T14:46:15.709+0000] GC(294) Concurrent Mark 113.671ms
[2025-08-01T14:46:15.710+0000] GC(294) Pause Mark End 0.014ms
[2025-08-01T14:46:15.710+0000] GC(294) Concurrent Mark Free 0.001ms
[2025-08-01T14:46:15.714+0000] GC(294) Concurrent Process Non-Strong References 3.863ms
[2025-08-01T14:46:15.714+0000] GC(294) Concurrent Reset Relocation Set 0.004ms
[2025-08-01T14:46:15.719+0000] GC(294) Concurrent Select Relocation Set 5.135ms
[2025-08-01T14:46:15.719+0000] GC(294) Pause Relocate Start 0.014ms
[2025-08-01T14:46:15.721+0000] GC(294) Concurrent Relocate 1.482ms
[2025-08-01T14:46:15.721+0000] GC(294) Heap after GC invocations=295 (full 295):
[2025-08-01T14:46:15.721+0000] GC(294)  ZHeap           used 966M, capacity 4096M, max capacity 4096M
[2025-08-01T14:46:15.721+0000] GC(294)  Metaspace       used 10643K, committed 10880K, reserved 1114112K
[2025-08-01T14:46:15.721+0000] GC(294)   class space    used 1265K, committed 1344K, reserved 1048576K
[2025-08-01T14:46:15.721+0000] GC(294) Load: 1.70/0.82/0.37
[2025-08-01T14:46:15.721+0000] GC(294) MMU: 2ms/90.0%, 5ms/96.0%, 10ms/97.9%, 20ms/98.9%, 50ms/99.6%, 100ms/99.8%
[2025-08-01T14:46:15.721+0000] GC(294) Mark: 2 stripe(s), 2 proactive flush(es), 1 terminate flush(es), 0 completion(s), 0 continuation(s) 
[2025-08-01T14:46:15.721+0000] GC(294) Mark Stack Usage: 32M
[2025-08-01T14:46:15.721+0000] GC(294) NMethods: 1415 registered, 180 unregistered
[2025-08-01T14:46:15.721+0000] GC(294) Metaspace: 10M used, 10M committed, 1088M reserved
[2025-08-01T14:46:15.721+0000] GC(294) Soft: 228 encountered, 0 discovered, 0 enqueued
[2025-08-01T14:46:15.721+0000] GC(294) Weak: 934 encountered, 724 discovered, 0 enqueued
[2025-08-01T14:46:15.721+0000] GC(294) Final: 0 encountered, 0 discovered, 0 enqueued
[2025-08-01T14:46:15.721+0000] GC(294) Phantom: 3 encountered, 1 discovered, 0 enqueued
[2025-08-01T14:46:15.721+0000] GC(294) Small Pages: 1318 / 2636M, Empty: 2266M, Relocated: 3M, In-Place: 0
[2025-08-01T14:46:15.721+0000] GC(294) Medium Pages: 1 / 32M, Empty: 0M, Relocated: 0M, In-Place: 0
[2025-08-01T14:46:15.721+0000] GC(294) Large Pages: 0 / 0M, Empty: 0M, Relocated: 0M, In-Place: 0
[2025-08-01T14:46:15.721+0000] GC(294) Forwarding Usage: 0M
[2025-08-01T14:46:15.721+0000] GC(294) Min Capacity: 4096M(100%)
[2025-08-01T14:46:15.721+0000] GC(294) Max Capacity: 4096M(100%)
[2025-08-01T14:46:15.721+0000] GC(294) Soft Max Capacity: 4096M(100%)
[2025-08-01T14:46:15.721+0000] GC(294)                Mark Start          Mark End        Relocate Start      Relocate End           High               Low         
[2025-08-01T14:46:15.721+0000] GC(294)  Capacity:     4096M (100%)       4096M (100%)       4096M (100%)       4096M (100%)       4096M (100%)       4096M (100%)   
[2025-08-01T14:46:15.721+0000] GC(294)      Free:     1428M (35%)         890M (22%)        3120M (76%)        3130M (76%)        3130M (76%)         864M (21%)    
[2025-08-01T14:46:15.721+0000] GC(294)      Used:     2668M (65%)        3206M (78%)         976M (24%)         966M (24%)        3232M (79%)         966M (24%)    
[2025-08-01T14:46:15.721+0000] GC(294)      Live:         -               352M (9%)          352M (9%)          352M (9%)             -                  -          
[2025-08-01T14:46:15.721+0000] GC(294) Allocated:         -               538M (13%)         574M (14%)         574M (14%)            -                  -          
[2025-08-01T14:46:15.721+0000] GC(294)   Garbage:         -              2315M (57%)          49M (1%)           39M (1%)             -                  -          
[2025-08-01T14:46:15.721+0000] GC(294) Reclaimed:         -                  -              2266M (55%)        2276M (56%)            -                  -          
[2025-08-01T14:46:15.721+0000] GC(294) Garbage Collection (Allocation Rate) 2668M(65%)->966M(24%)
[2025-08-01T14:46:16.093+0000] GC(295) Heap before GC invocations=295 (full 295):
[2025-08-01T14:46:16.093+0000] GC(295)  ZHeap           used 2724M, capacity 4096M, max capacity 4096M
[2025-08-01T14:46:16.093+0000] GC(295)  Metaspace       used 10643K, committed 10880K, reserved 1114112K
[2025-08-01T14:46:16.093+0000] GC(295)   class space    used 1265K, committed 1344K, reserved 1048576K
[2025-08-01T14:46:16.093+0000] GC(295) Garbage Collection (Allocation Rate)
[2025-08-01T14:46:16.093+0000] GC(295) Using 2 workers
[2025-08-01T14:46:16.093+0000] GC(295) Pause Mark Start 0.013ms
[2025-08-01T14:46:16.209+0000] GC(295) Concurrent Mark 115.339ms
[2025-08-01T14:46:16.209+0000] GC(295) Pause Mark End 0.021ms
[2025-08-01T14:46:16.209+0000] GC(295) Concurrent Mark Free 0.003ms
[2025-08-01T14:46:16.211+0000] GC(295) Concurrent Process Non-Strong References 2.060ms
[2025-08-01T14:46:16.211+0000] GC(295) Concurrent Reset Relocation Set 0.001ms
[2025-08-01T14:46:16.215+0000] GC(295) Concurrent Select Relocation Set 3.544ms
[2025-08-01T14:46:16.215+0000] GC(295) Pause Relocate Start 0.009ms
[2025-08-01T14:46:16.216+0000] GC(295) Concurrent Relocate 0.820ms
[2025-08-01T14:46:16.216+0000] GC(295) Heap after GC invocations=296 (full 296):
[2025-08-01T14:46:16.216+0000] GC(295)  ZHeap           used 1104M, capacity 4096M, max capacity 4096M
[2025-08-01T14:46:16.216+0000] GC(295)  Metaspace       used 10643K, committed 10880K, reserved 1114112K
[2025-08-01T14:46:16.216+0000] GC(295)   class space    used 1265K, committed 1344K, reserved 1048576K
[2025-08-01T14:46:16.216+0000] GC(295) Load: 1.70/0.82/0.37
[2025-08-01T14:46:16.216+0000] GC(295) MMU: 2ms/90.0%, 5ms/96.0%, 10ms/97.9%, 20ms/98.9%, 50ms/99.6%, 100ms/99.8%
[2025-08-01T14:46:16.216+0000] GC(295) Mark: 2 stripe(s), 2 proactive flush(es), 1 terminate flush(es), 0 completion(s), 0 continuation(s) 
[2025-08-01T14:46:16.216+0000] GC(295) Mark Stack Usage: 32M
[2025-08-01T14:46:16.216+0000] GC(295) NMethods: 1415 registered, 180 unregistered
[2025-08-01T14:46:16.216+0000] GC(295) Metaspace: 10M used, 10M committed, 1088M reserved
[2025-08-01T14:46:16.216+0000] GC(295) Soft: 228 encountered, 0 discovered, 0 enqueued
[2025-08-01T14:46:16.216+0000] GC(295) Weak: 934 encountered, 709 discovered, 0 enqueued
[2025-08-01T14:46:16.216+0000] GC(295) Final: 0 encountered, 0 discovered, 0 enqueued
[2025-08-01T14:46:16.216+0000] GC(295) Phantom: 3 encountered, 1 discovered, 0 enqueued
[2025-08-01T14:46:16.216+0000] GC(295) Small Pages: 1347 / 2694M, Empty: 2158M, Relocated: 3M, In-Place: 0
[2025-08-01T14:46:16.216+0000] GC(295) Medium Pages: 1 / 32M, Empty: 0M, Relocated: 0M, In-Place: 0
[2025-08-01T14:46:16.216+0000] GC(295) Large Pages: 0 / 0M, Empty: 0M, Relocated: 0M, In-Place: 0
[2025-08-01T14:46:16.216+0000] GC(295) Forwarding Usage: 0M
[2025-08-01T14:46:16.216+0000] GC(295) Min Capacity: 4096M(100%)
[2025-08-01T14:46:16.216+0000] GC(295) Max Capacity: 4096M(100%)
[2025-08-01T14:46:16.216+0000] GC(295) Soft Max Capacity: 4096M(100%)
[2025-08-01T14:46:16.216+0000] GC(295)                Mark Start          Mark End        Relocate Start      Relocate End           High               Low         
[2025-08-01T14:46:16.216+0000] GC(295)  Capacity:     4096M (100%)       4096M (100%)       4096M (100%)       4096M (100%)       4096M (100%)       4096M (100%)   
[2025-08-01T14:46:16.216+0000] GC(295)      Free:     1370M (33%)         828M (20%)        2986M (73%)        2992M (73%)        2992M (73%)         828M (20%)    
[2025-08-01T14:46:16.216+0000] GC(295)      Used:     2726M (67%)        3268M (80%)        1110M (27%)        1104M (27%)        3268M (80%)        1104M (27%)    
[2025-08-01T14:46:16.216+0000] GC(295)      Live:         -               523M (13%)         523M (13%)         523M (13%)            -                  -          
[2025-08-01T14:46:16.216+0000] GC(295) Allocated:         -               542M (13%)         542M (13%)         542M (13%)            -                  -          
[2025-08-01T14:46:16.216+0000] GC(295)   Garbage:         -              2202M (54%)          44M (1%)           38M (1%)             -                  -          
[2025-08-01T14:46:16.216+0000] GC(295) Reclaimed:         -                  -              2158M (53%)        2164M (53%)            -                  -          
[2025-08-01T14:46:16.216+0000] GC(295) Garbage Collection (Allocation Rate) 2726M(67%)->1104M(27%)
[2025-08-01T14:46:16.593+0000] GC(296) Heap before GC invocations=296 (full 296):
[2025-08-01T14:46:16.593+0000] GC(296)  ZHeap           used 3036M, capacity 4096M, max capacity 4096M
[2025-08-01T14:46:16.593+0000] GC(296)  Metaspace       used 10643K, committed 10880K, reserved 1114112K
[2025-08-01T14:46:16.593+0000] GC(296)   class space    used 1265K, committed 1344K, reserved 1048576K
[2025-08-01T14:46:16.593+0000] GC(296) Garbage Collection (Allocation Rate)
[2025-08-01T14:46:16.593+0000] GC(296) Using 2 workers
[2025-08-01T14:46:16.594+0000] GC(296) Pause Mark Start 0.007ms
[2025-08-01T14:46:16.702+0000] GC(296) Concurrent Mark 108.310ms
[2025-08-01T14:46:16.702+0000] GC(296) Pause Mark End 0.023ms
[2025-08-01T14:46:16.702+0000] GC(296) Concurrent Mark Free 0.002ms
[2025-08-01T14:46:16.706+0000] GC(296) Concurrent Process Non-Strong References 3.552ms
[2025-08-01T14:46:16.706+0000] GC(296) Concurrent Reset Relocation Set 0.002ms
[2025-08-01T14:46:16.709+0000] GC(296) Concurrent Select Relocation Set 3.347ms
[2025-08-01T14:46:16.710+0000] GC(296) Pause Relocate Start 0.076ms
[2025-08-01T14:46:16.715+0000] GC(296) Concurrent Relocate 4.623ms
[2025-08-01T14:46:16.715+0000] GC(296) Heap after GC invocations=297 (full 297):
[2025-08-01T14:46:16.715+0000] GC(296)  ZHeap           used 1324M, capacity 4096M, max capacity 4096M
[2025-08-01T14:46:16.715+0000] GC(296)  Metaspace       used 10643K, committed 10880K, reserved 1114112K
[2025-08-01T14:46:16.715+0000] GC(296)   class space    used 1265K, committed 1344K, reserved 1048576K
[2025-08-01T14:46:16.715+0000] GC(296) Load: 1.56/0.81/0.36
[2025-08-01T14:46:16.715+0000] GC(296) MMU: 2ms/90.0%, 5ms/96.0%, 10ms/97.9%, 20ms/98.9%, 50ms/99.6%, 100ms/99.8%
[2025-08-01T14:46:16.715+0000] GC(296) Mark: 2 stripe(s), 2 proactive flush(es), 1 terminate flush(es), 0 completion(s), 0 continuation(s) 
[2025-08-01T14:46:16.715+0000] GC(296) Mark Stack Usage: 32M
[2025-08-01T14:46:16.715+0000] GC(296) NMethods: 1415 registered, 180 unregistered
[2025-08-01T14:46:16.715+0000] GC(296) Metaspace: 10M used, 10M committed, 1088M reserved
[2025-08-01T14:46:16.715+0000] GC(296) Soft: 228 encountered, 0 discovered, 0 enqueued
[2025-08-01T14:46:16.715+0000] GC(296) Weak: 934 encountered, 704 discovered, 0 enqueued
[2025-08-01T14:46:16.715+0000] GC(296) Final: 0 encountered, 0 discovered, 0 enqueued
[2025-08-01T14:46:16.715+0000] GC(296) Phantom: 3 encountered, 1 discovered, 0 enqueued
[2025-08-01T14:46:16.715+0000] GC(296) Small Pages: 1502 / 3004M, Empty: 2354M, Relocated: 10M, In-Place: 0
[2025-08-01T14:46:16.715+0000] GC(296) Medium Pages: 1 / 32M, Empty: 0M, Relocated: 0M, In-Place: 0
[2025-08-01T14:46:16.715+0000] GC(296) Large Pages: 0 / 0M, Empty: 0M, Relocated: 0M, In-Place: 0
[2025-08-01T14:46:16.715+0000] GC(296) Forwarding Usage: 0M
[2025-08-01T14:46:16.715+0000] GC(296) Min Capacity: 4096M(100%)
[2025-08-01T14:46:16.715+0000] GC(296) Max Capacity: 4096M(100%)
[2025-08-01T14:46:16.715+0000] GC(296) Soft Max Capacity: 4096M(100%)
[2025-08-01T14:46:16.715+0000] GC(296)                Mark Start          Mark End        Relocate Start      Relocate End           High               Low         
[2025-08-01T14:46:16.715+0000] GC(296)  Capacity:     4096M (100%)       4096M (100%)       4096M (100%)       4096M (100%)       4096M (100%)       4096M (100%)   
[2025-08-01T14:46:16.715+0000] GC(296)      Free:     1060M (26%)         506M (12%)        2798M (68%)        2772M (68%)        2804M (68%)         480M (12%)    
[2025-08-01T14:46:16.715+0000] GC(296)      Used:     3036M (74%)        3590M (88%)        1298M (32%)        1324M (32%)        3616M (88%)        1292M (32%)    
[2025-08-01T14:46:16.715+0000] GC(296)      Live:         -               623M (15%)         623M (15%)         623M (15%)            -                  -          
[2025-08-01T14:46:16.715+0000] GC(296) Allocated:         -               554M (14%)         616M (15%)         660M (16%)            -                  -          
[2025-08-01T14:46:16.715+0000] GC(296)   Garbage:         -              2412M (59%)          58M (1%)           40M (1%)             -                  -          
[2025-08-01T14:46:16.715+0000] GC(296) Reclaimed:         -                  -              2354M (57%)        2372M (58%)            -                  -          
[2025-08-01T14:46:16.715+0000] GC(296) Garbage Collection (Allocation Rate) 3036M(74%)->1324M(32%)
[2025-08-01T14:46:17.093+0000] GC(297) Heap before GC invocations=297 (full 297):
[2025-08-01T14:46:17.093+0000] GC(297)  ZHeap           used 3280M, capacity 4096M, max capacity 4096M
[2025-08-01T14:46:17.093+0000] GC(297)  Metaspace       used 10643K, committed 10880K, reserved 1114112K
[2025-08-01T14:46:17.093+0000] GC(297)   class space    used 1265K, committed 1344K, reserved 1048576K
[2025-08-01T14:46:17.093+0000] GC(297) Garbage Collection (Allocation Rate)
[2025-08-01T14:46:17.093+0000] GC(297) Using 2 workers
[2025-08-01T14:46:17.093+0000] GC(297) Pause Mark Start 0.011ms
[2025-08-01T14:46:17.177+0000] GC(297) Concurrent Mark 83.393ms
[2025-08-01T14:46:17.178+0000] GC(297) Pause Mark End 0.017ms
[2025-08-01T14:46:17.178+0000] GC(297) Concurrent Mark Free 0.001ms
[2025-08-01T14:46:17.181+0000] GC(297) Concurrent Process Non-Strong References 2.891ms
[2025-08-01T14:46:17.181+0000] GC(297) Concurrent Reset Relocation Set 0.003ms
[2025-08-01T14:46:17.183+0000] GC(297) Concurrent Select Relocation Set 2.369ms
[2025-08-01T14:46:17.183+0000] GC(297) Pause Relocate Start 0.009ms
[2025-08-01T14:46:17.186+0000] GC(297) Concurrent Relocate 2.146ms
[2025-08-01T14:46:17.186+0000] GC(297) Heap after GC invocations=298 (full 298):
[2025-08-01T14:46:17.186+0000] GC(297)  ZHeap           used 858M, capacity 4096M, max capacity 4096M
[2025-08-01T14:46:17.186+0000] GC(297)  Metaspace       used 10643K, committed 10880K, reserved 1114112K
[2025-08-01T14:46:17.186+0000] GC(297)   class space    used 1265K, committed 1344K, reserved 1048576K
[2025-08-01T14:46:17.186+0000] GC(297) Load: 1.56/0.81/0.36
[2025-08-01T14:46:17.186+0000] GC(297) MMU: 2ms/90.0%, 5ms/96.0%, 10ms/97.9%, 20ms/98.9%, 50ms/99.6%, 100ms/99.8%
[2025-08-01T14:46:17.186+0000] GC(297) Mark: 2 stripe(s), 2 proactive flush(es), 1 terminate flush(es), 0 completion(s), 0 continuation(s) 
[2025-08-01T14:46:17.186+0000] GC(297) Mark Stack Usage: 32M
[2025-08-01T14:46:17.186+0000] GC(297) NMethods: 1415 registered, 180 unregistered
[2025-08-01T14:46:17.186+0000] GC(297) Metaspace: 10M used, 10M committed, 1088M reserved
[2025-08-01T14:46:17.186+0000] GC(297) Soft: 228 encountered, 0 discovered, 0 enqueued
[2025-08-01T14:46:17.186+0000] GC(297) Weak: 934 encountered, 693 discovered, 0 enqueued
[2025-08-01T14:46:17.186+0000] GC(297) Final: 0 encountered, 0 discovered, 0 enqueued
[2025-08-01T14:46:17.186+0000] GC(297) Phantom: 3 encountered, 1 discovered, 0 enqueued
[2025-08-01T14:46:17.186+0000] GC(297) Small Pages: 1626 / 3252M, Empty: 2826M, Relocated: 8M, In-Place: 0
[2025-08-01T14:46:17.186+0000] GC(297) Medium Pages: 1 / 32M, Empty: 0M, Relocated: 0M, In-Place: 0
[2025-08-01T14:46:17.186+0000] GC(297) Large Pages: 0 / 0M, Empty: 0M, Relocated: 0M, In-Place: 0
[2025-08-01T14:46:17.186+0000] GC(297) Forwarding Usage: 0M
[2025-08-01T14:46:17.186+0000] GC(297) Min Capacity: 4096M(100%)
[2025-08-01T14:46:17.186+0000] GC(297) Max Capacity: 4096M(100%)
[2025-08-01T14:46:17.186+0000] GC(297) Soft Max Capacity: 4096M(100%)
[2025-08-01T14:46:17.186+0000] GC(297)                Mark Start          Mark End        Relocate Start      Relocate End           High               Low         
[2025-08-01T14:46:17.186+0000] GC(297)  Capacity:     4096M (100%)       4096M (100%)       4096M (100%)       4096M (100%)       4096M (100%)       4096M (100%)   
[2025-08-01T14:46:17.186+0000] GC(297)      Free:      812M (20%)         404M (10%)        3216M (79%)        3238M (79%)        3238M (79%)         390M (10%)    
[2025-08-01T14:46:17.186+0000] GC(297)      Used:     3284M (80%)        3692M (90%)         880M (21%)         858M (21%)        3706M (90%)         858M (21%)    
[2025-08-01T14:46:17.186+0000] GC(297)      Live:         -               396M (10%)         396M (10%)         396M (10%)            -                  -          
[2025-08-01T14:46:17.186+0000] GC(297) Allocated:         -               408M (10%)         422M (10%)         422M (10%)            -                  -          
[2025-08-01T14:46:17.186+0000] GC(297)   Garbage:         -              2887M (70%)          61M (1%)           39M (1%)             -                  -          
[2025-08-01T14:46:17.186+0000] GC(297) Reclaimed:         -                  -              2826M (69%)        2848M (70%)            -                  -          
[2025-08-01T14:46:17.186+0000] GC(297) Garbage Collection (Allocation Rate) 3284M(80%)->858M(21%)
[2025-08-01T14:46:17.593+0000] GC(298) Heap before GC invocations=298 (full 298):
[2025-08-01T14:46:17.593+0000] GC(298)  ZHeap           used 2788M, capacity 4096M, max capacity 4096M
[2025-08-01T14:46:17.593+0000] GC(298)  Metaspace       used 10643K, committed 10880K, reserved 1114112K
[2025-08-01T14:46:17.593+0000] GC(298)   class space    used 1265K, committed 1344K, reserved 1048576K
[2025-08-01T14:46:17.593+0000] GC(298) Garbage Collection (Allocation Rate)
[2025-08-01T14:46:17.593+0000] GC(298) Using 2 workers
[2025-08-01T14:46:17.594+0000] GC(298) Pause Mark Start 0.007ms
[2025-08-01T14:46:17.751+0000] GC(298) Concurrent Mark 156.903ms
[2025-08-01T14:46:17.751+0000] GC(298) Pause Mark End 0.019ms
[2025-08-01T14:46:17.751+0000] GC(298) Concurrent Mark Free 0.002ms
[2025-08-01T14:46:17.754+0000] GC(298) Concurrent Process Non-Strong References 2.534ms
[2025-08-01T14:46:17.754+0000] GC(298) Concurrent Reset Relocation Set 0.002ms
[2025-08-01T14:46:17.756+0000] GC(298) Concurrent Select Relocation Set 2.606ms
[2025-08-01T14:46:17.757+0000] GC(298) Pause Relocate Start 0.008ms
[2025-08-01T14:46:17.758+0000] GC(298) Concurrent Relocate 1.404ms
[2025-08-01T14:46:17.758+0000] GC(298) Heap after GC invocations=299 (full 299):
[2025-08-01T14:46:17.758+0000] GC(298)  ZHeap           used 1380M, capacity 4096M, max capacity 4096M
[2025-08-01T14:46:17.758+0000] GC(298)  Metaspace       used 10643K, committed 10880K, reserved 1114112K
[2025-08-01T14:46:17.758+0000] GC(298)   class space    used 1265K, committed 1344K, reserved 1048576K
[2025-08-01T14:46:17.758+0000] GC(298) Load: 1.56/0.81/0.36
[2025-08-01T14:46:17.758+0000] GC(298) MMU: 2ms/90.0%, 5ms/96.0%, 10ms/97.9%, 20ms/98.9%, 50ms/99.6%, 100ms/99.8%
[2025-08-01T14:46:17.758+0000] GC(298) Mark: 2 stripe(s), 2 proactive flush(es), 1 terminate flush(es), 0 completion(s), 0 continuation(s) 
[2025-08-01T14:46:17.758+0000] GC(298) Mark Stack Usage: 32M
[2025-08-01T14:46:17.758+0000] GC(298) NMethods: 1415 registered, 180 unregistered
[2025-08-01T14:46:17.758+0000] GC(298) Metaspace: 10M used, 10M committed, 1088M reserved
[2025-08-01T14:46:17.758+0000] GC(298) Soft: 228 encountered, 0 discovered, 0 enqueued
[2025-08-01T14:46:17.758+0000] GC(298) Weak: 934 encountered, 727 discovered, 0 enqueued
[2025-08-01T14:46:17.758+0000] GC(298) Final: 0 encountered, 0 discovered, 0 enqueued
[2025-08-01T14:46:17.758+0000] GC(298) Phantom: 3 encountered, 2 discovered, 0 enqueued
[2025-08-01T14:46:17.758+0000] GC(298) Small Pages: 1378 / 2756M, Empty: 2136M, Relocated: 4M, In-Place: 0
[2025-08-01T14:46:17.758+0000] GC(298) Medium Pages: 1 / 32M, Empty: 0M, Relocated: 0M, In-Place: 0
[2025-08-01T14:46:17.758+0000] GC(298) Large Pages: 0 / 0M, Empty: 0M, Relocated: 0M, In-Place: 0
[2025-08-01T14:46:17.758+0000] GC(298) Forwarding Usage: 0M
[2025-08-01T14:46:17.758+0000] GC(298) Min Capacity: 4096M(100%)
[2025-08-01T14:46:17.758+0000] GC(298) Max Capacity: 4096M(100%)
[2025-08-01T14:46:17.758+0000] GC(298) Soft Max Capacity: 4096M(100%)
[2025-08-01T14:46:17.758+0000] GC(298)                Mark Start          Mark End        Relocate Start      Relocate End           High               Low         
[2025-08-01T14:46:17.758+0000] GC(298)  Capacity:     4096M (100%)       4096M (100%)       4096M (100%)       4096M (100%)       4096M (100%)       4096M (100%)   
[2025-08-01T14:46:17.758+0000] GC(298)      Free:     1308M (32%)         584M (14%)        2706M (66%)        2716M (66%)        2716M (66%)         570M (14%)    
[2025-08-01T14:46:17.758+0000] GC(298)      Used:     2788M (68%)        3512M (86%)        1390M (34%)        1380M (34%)        3526M (86%)        1380M (34%)    
[2025-08-01T14:46:17.758+0000] GC(298)      Live:         -               602M (15%)         602M (15%)         602M (15%)            -                  -          
[2025-08-01T14:46:17.758+0000] GC(298) Allocated:         -               724M (18%)         738M (18%)         738M (18%)            -                  -          
[2025-08-01T14:46:17.758+0000] GC(298)   Garbage:         -              2185M (53%)          49M (1%)           39M (1%)             -                  -          
[2025-08-01T14:46:17.759+0000] GC(298) Reclaimed:         -                  -              2136M (52%)        2146M (52%)            -                  -          
[2025-08-01T14:46:17.759+0000] GC(298) Garbage Collection (Allocation Rate) 2788M(68%)->1380M(34%)
[2025-08-01T14:46:17.993+0000] GC(299) Heap before GC invocations=299 (full 299):
[2025-08-01T14:46:17.993+0000] GC(299)  ZHeap           used 2552M, capacity 4096M, max capacity 4096M
[2025-08-01T14:46:17.993+0000] GC(299)  Metaspace       used 10643K, committed 10880K, reserved 1114112K
[2025-08-01T14:46:17.993+0000] GC(299)   class space    used 1265K, committed 1344K, reserved 1048576K
[2025-08-01T14:46:17.993+0000] GC(299) Garbage Collection (Allocation Rate)
[2025-08-01T14:46:17.993+0000] GC(299) Using 2 workers
[2025-08-01T14:46:17.994+0000] GC(299) Pause Mark Start 0.009ms
[2025-08-01T14:46:18.155+0000] GC(299) Concurrent Mark 161.003ms
[2025-08-01T14:46:18.155+0000] GC(299) Pause Mark End 0.017ms
[2025-08-01T14:46:18.156+0000] GC(299) Concurrent Mark Free 0.001ms
[2025-08-01T14:46:18.160+0000] GC(299) Concurrent Process Non-Strong References 4.585ms
[2025-08-01T14:46:18.160+0000] GC(299) Concurrent Reset Relocation Set 0.003ms
[2025-08-01T14:46:18.164+0000] GC(299) Concurrent Select Relocation Set 3.853ms
[2025-08-01T14:46:18.165+0000] GC(299) Pause Relocate Start 0.014ms
[2025-08-01T14:46:18.168+0000] GC(299) Concurrent Relocate 2.045ms
[2025-08-01T14:46:18.168+0000] GC(299) Heap after GC invocations=300 (full 300):
[2025-08-01T14:46:18.168+0000] GC(299)  ZHeap           used 1534M, capacity 4096M, max capacity 4096M
[2025-08-01T14:46:18.168+0000] GC(299)  Metaspace       used 10643K, committed 10880K, reserved 1114112K
[2025-08-01T14:46:18.168+0000] GC(299)   class space    used 1265K, committed 1344K, reserved 1048576K
[2025-08-01T14:46:18.168+0000] GC(299) Load: 1.56/0.81/0.36
[2025-08-01T14:46:18.168+0000] GC(299) MMU: 2ms/90.0%, 5ms/96.0%, 10ms/97.9%, 20ms/98.9%, 50ms/99.6%, 100ms/99.8%
[2025-08-01T14:46:18.168+0000] GC(299) Mark: 2 stripe(s), 2 proactive flush(es), 1 terminate flush(es), 0 completion(s), 0 continuation(s) 
[2025-08-01T14:46:18.168+0000] GC(299) Mark Stack Usage: 32M
[2025-08-01T14:46:18.168+0000] GC(299) NMethods: 1415 registered, 180 unregistered
[2025-08-01T14:46:18.168+0000] GC(299) Metaspace: 10M used, 10M committed, 1088M reserved
[2025-08-01T14:46:18.168+0000] GC(299) Soft: 228 encountered, 0 discovered, 0 enqueued
[2025-08-01T14:46:18.168+0000] GC(299) Weak: 934 encountered, 689 discovered, 0 enqueued
[2025-08-01T14:46:18.168+0000] GC(299) Final: 0 encountered, 0 discovered, 0 enqueued
[2025-08-01T14:46:18.168+0000] GC(299) Phantom: 3 encountered, 1 discovered, 0 enqueued
[2025-08-01T14:46:18.168+0000] GC(299) Small Pages: 1261 / 2522M, Empty: 1840M, Relocated: 4M, In-Place: 0
[2025-08-01T14:46:18.168+0000] GC(299) Medium Pages: 1 / 32M, Empty: 0M, Relocated: 0M, In-Place: 0
[2025-08-01T14:46:18.168+0000] GC(299) Large Pages: 0 / 0M, Empty: 0M, Relocated: 0M, In-Place: 0
[2025-08-01T14:46:18.168+0000] GC(299) Forwarding Usage: 0M
[2025-08-01T14:46:18.168+0000] GC(299) Min Capacity: 4096M(100%)
[2025-08-01T14:46:18.168+0000] GC(299) Max Capacity: 4096M(100%)
[2025-08-01T14:46:18.168+0000] GC(299) Soft Max Capacity: 4096M(100%)
[2025-08-01T14:46:18.168+0000] GC(299)                Mark Start          Mark End        Relocate Start      Relocate End           High               Low         
[2025-08-01T14:46:18.168+0000] GC(299)  Capacity:     4096M (100%)       4096M (100%)       4096M (100%)       4096M (100%)       4096M (100%)       4096M (100%)   
[2025-08-01T14:46:18.168+0000] GC(299)      Free:     1542M (38%)         760M (19%)        2558M (62%)        2562M (63%)        2564M (63%)         736M (18%)    
[2025-08-01T14:46:18.168+0000] GC(299)      Used:     2554M (62%)        3336M (81%)        1538M (38%)        1534M (37%)        3360M (82%)        1532M (37%)    
[2025-08-01T14:46:18.168+0000] GC(299)      Live:         -               660M (16%)         660M (16%)         660M (16%)            -                  -          
[2025-08-01T14:46:18.168+0000] GC(299) Allocated:         -               782M (19%)         824M (20%)         832M (20%)            -                  -          
[2025-08-01T14:46:18.168+0000] GC(299)   Garbage:         -              1893M (46%)          53M (1%)           41M (1%)             -                  -          
[2025-08-01T14:46:18.168+0000] GC(299) Reclaimed:         -                  -              1840M (45%)        1852M (45%)            -                  -          
[2025-08-01T14:46:18.168+0000] GC(299) Garbage Collection (Allocation Rate) 2554M(62%)->1534M(37%)
[2025-08-01T14:46:18.393+0000] GC(300) Heap before GC invocations=300 (full 300):
[2025-08-01T14:46:18.393+0000] GC(300)  ZHeap           used 2658M, capacity 4096M, max capacity 4096M
[2025-08-01T14:46:18.393+0000] GC(300)  Metaspace       used 10643K, committed 10880K, reserved 1114112K
[2025-08-01T14:46:18.393+0000] GC(300)   class space    used 1265K, committed 1344K, reserved 1048576K
[2025-08-01T14:46:18.393+0000] GC(300) Garbage Collection (Allocation Rate)
[2025-08-01T14:46:18.393+0000] GC(300) Using 2 workers
[2025-08-01T14:46:18.393+0000] GC(300) Pause Mark Start 0.009ms
[2025-08-01T14:46:18.574+0000] GC(300) Concurrent Mark 180.346ms
[2025-08-01T14:46:18.574+0000] GC(300) Pause Mark End 0.019ms
[2025-08-01T14:46:18.574+0000] GC(300) Concurrent Mark Free 0.001ms
[2025-08-01T14:46:18.578+0000] GC(300) Concurrent Process Non-Strong References 3.221ms
[2025-08-01T14:46:18.578+0000] GC(300) Concurrent Reset Relocation Set 0.001ms
[2025-08-01T14:46:18.580+0000] GC(300) Concurrent Select Relocation Set 2.369ms
[2025-08-01T14:46:18.580+0000] GC(300) Pause Relocate Start 0.013ms
[2025-08-01T14:46:18.581+0000] GC(300) Concurrent Relocate 1.044ms
[2025-08-01T14:46:18.581+0000] GC(300) Heap after GC invocations=301 (full 301):
[2025-08-01T14:46:18.581+0000] GC(300)  ZHeap           used 1572M, capacity 4096M, max capacity 4096M
[2025-08-01T14:46:18.581+0000] GC(300)  Metaspace       used 10643K, committed 10880K, reserved 1114112K
[2025-08-01T14:46:18.581+0000] GC(300)   class space    used 1265K, committed 1344K, reserved 1048576K
[2025-08-01T14:46:18.581+0000] GC(300) Load: 1.56/0.81/0.36
[2025-08-01T14:46:18.581+0000] GC(300) MMU: 2ms/90.0%, 5ms/96.0%, 10ms/97.9%, 20ms/98.9%, 50ms/99.6%, 100ms/99.8%
[2025-08-01T14:46:18.581+0000] GC(300) Mark: 2 stripe(s), 2 proactive flush(es), 1 terminate flush(es), 0 completion(s), 0 continuation(s) 
[2025-08-01T14:46:18.581+0000] GC(300) Mark Stack Usage: 32M
[2025-08-01T14:46:18.581+0000] GC(300) NMethods: 1415 registered, 180 unregistered
[2025-08-01T14:46:18.581+0000] GC(300) Metaspace: 10M used, 10M committed, 1088M reserved
[2025-08-01T14:46:18.581+0000] GC(300) Soft: 228 encountered, 0 discovered, 0 enqueued
[2025-08-01T14:46:18.582+0000] GC(300) Weak: 934 encountered, 692 discovered, 0 enqueued
[2025-08-01T14:46:18.582+0000] GC(300) Final: 0 encountered, 0 discovered, 0 enqueued
[2025-08-01T14:46:18.582+0000] GC(300) Phantom: 3 encountered, 1 discovered, 0 enqueued
[2025-08-01T14:46:18.582+0000] GC(300) Small Pages: 1313 / 2626M, Empty: 1902M, Relocated: 4M, In-Place: 0
[2025-08-01T14:46:18.582+0000] GC(300) Medium Pages: 1 / 32M, Empty: 0M, Relocated: 0M, In-Place: 0
[2025-08-01T14:46:18.582+0000] GC(300) Large Pages: 0 / 0M, Empty: 0M, Relocated: 0M, In-Place: 0
[2025-08-01T14:46:18.582+0000] GC(300) Forwarding Usage: 0M
[2025-08-01T14:46:18.582+0000] GC(300) Min Capacity: 4096M(100%)
[2025-08-01T14:46:18.582+0000] GC(300) Max Capacity: 4096M(100%)
[2025-08-01T14:46:18.582+0000] GC(300) Soft Max Capacity: 4096M(100%)
[2025-08-01T14:46:18.582+0000] GC(300)                Mark Start          Mark End        Relocate Start      Relocate End           High               Low         
[2025-08-01T14:46:18.582+0000] GC(300)  Capacity:     4096M (100%)       4096M (100%)       4096M (100%)       4096M (100%)       4096M (100%)       4096M (100%)   
[2025-08-01T14:46:18.582+0000] GC(300)      Free:     1438M (35%)         608M (15%)        2510M (61%)        2524M (62%)        2524M (62%)         608M (15%)    
[2025-08-01T14:46:18.582+0000] GC(300)      Used:     2658M (65%)        3488M (85%)        1586M (39%)        1572M (38%)        3488M (85%)        1572M (38%)    
[2025-08-01T14:46:18.582+0000] GC(300)      Live:         -               701M (17%)         701M (17%)         701M (17%)            -                  -          
[2025-08-01T14:46:18.582+0000] GC(300) Allocated:         -               830M (20%)         830M (20%)         830M (20%)            -                  -          
[2025-08-01T14:46:18.582+0000] GC(300)   Garbage:         -              1956M (48%)          54M (1%)           40M (1%)             -                  -          
[2025-08-01T14:46:18.582+0000] GC(300) Reclaimed:         -                  -              1902M (46%)        1916M (47%)            -                  -          
[2025-08-01T14:46:18.582+0000] GC(300) Garbage Collection (Allocation Rate) 2658M(65%)->1572M(38%)
[2025-08-01T14:46:18.794+0000] GC(301) Heap before GC invocations=301 (full 301):
[2025-08-01T14:46:18.794+0000] GC(301)  ZHeap           used 2676M, capacity 4096M, max capacity 4096M
[2025-08-01T14:46:18.794+0000] GC(301)  Metaspace       used 10643K, committed 10880K, reserved 1114112K
[2025-08-01T14:46:18.794+0000] GC(301)   class space    used 1265K, committed 1344K, reserved 1048576K
[2025-08-01T14:46:18.794+0000] GC(301) Garbage Collection (Allocation Rate)
[2025-08-01T14:46:18.794+0000] GC(301) Using 2 workers
[2025-08-01T14:46:18.794+0000] GC(301) Pause Mark Start 0.011ms
[2025-08-01T14:46:18.995+0000] GC(301) Concurrent Mark 200.577ms
[2025-08-01T14:46:18.996+0000] GC(301) Pause Mark End 0.019ms
[2025-08-01T14:46:18.996+0000] GC(301) Concurrent Mark Free 0.002ms
[2025-08-01T14:46:18.999+0000] GC(301) Concurrent Process Non-Strong References 2.994ms
[2025-08-01T14:46:18.999+0000] GC(301) Concurrent Reset Relocation Set 0.002ms
[2025-08-01T14:46:19.002+0000] GC(301) Concurrent Select Relocation Set 2.750ms
[2025-08-01T14:46:19.003+0000] GC(301) Pause Relocate Start 0.014ms
[2025-08-01T14:46:19.004+0000] GC(301) Concurrent Relocate 1.314ms
[2025-08-01T14:46:19.004+0000] GC(301) Heap after GC invocations=302 (full 302):
[2025-08-01T14:46:19.004+0000] GC(301)  ZHeap           used 1828M, capacity 4096M, max capacity 4096M
[2025-08-01T14:46:19.004+0000] GC(301)  Metaspace       used 10643K, committed 10880K, reserved 1114112K
[2025-08-01T14:46:19.004+0000] GC(301)   class space    used 1265K, committed 1344K, reserved 1048576K
[2025-08-01T14:46:19.004+0000] GC(301) Load: 1.56/0.81/0.36
[2025-08-01T14:46:19.004+0000] GC(301) MMU: 2ms/90.0%, 5ms/96.0%, 10ms/97.9%, 20ms/98.9%, 50ms/99.6%, 100ms/99.8%
[2025-08-01T14:46:19.004+0000] GC(301) Mark: 2 stripe(s), 3 proactive flush(es), 1 terminate flush(es), 0 completion(s), 0 continuation(s) 
[2025-08-01T14:46:19.004+0000] GC(301) Mark Stack Usage: 32M
[2025-08-01T14:46:19.004+0000] GC(301) NMethods: 1415 registered, 180 unregistered
[2025-08-01T14:46:19.004+0000] GC(301) Metaspace: 10M used, 10M committed, 1088M reserved
[2025-08-01T14:46:19.004+0000] GC(301) Soft: 228 encountered, 0 discovered, 0 enqueued
[2025-08-01T14:46:19.005+0000] GC(301) Weak: 934 encountered, 713 discovered, 0 enqueued
[2025-08-01T14:46:19.005+0000] GC(301) Final: 0 encountered, 0 discovered, 0 enqueued
[2025-08-01T14:46:19.005+0000] GC(301) Phantom: 3 encountered, 2 discovered, 0 enqueued
[2025-08-01T14:46:19.005+0000] GC(301) Small Pages: 1322 / 2644M, Empty: 1752M, Relocated: 1M, In-Place: 0
[2025-08-01T14:46:19.005+0000] GC(301) Medium Pages: 1 / 32M, Empty: 0M, Relocated: 0M, In-Place: 0
[2025-08-01T14:46:19.005+0000] GC(301) Large Pages: 0 / 0M, Empty: 0M, Relocated: 0M, In-Place: 0
[2025-08-01T14:46:19.005+0000] GC(301) Forwarding Usage: 0M
[2025-08-01T14:46:19.005+0000] GC(301) Min Capacity: 4096M(100%)
[2025-08-01T14:46:19.005+0000] GC(301) Max Capacity: 4096M(100%)
[2025-08-01T14:46:19.005+0000] GC(301) Soft Max Capacity: 4096M(100%)
[2025-08-01T14:46:19.005+0000] GC(301)                Mark Start          Mark End        Relocate Start      Relocate End           High               Low         
[2025-08-01T14:46:19.005+0000] GC(301)  Capacity:     4096M (100%)       4096M (100%)       4096M (100%)       4096M (100%)       4096M (100%)       4096M (100%)   
[2025-08-01T14:46:19.005+0000] GC(301)      Free:     1420M (35%)         578M (14%)        2270M (55%)        2268M (55%)        2274M (56%)         548M (13%)    
[2025-08-01T14:46:19.005+0000] GC(301)      Used:     2676M (65%)        3518M (86%)        1826M (45%)        1828M (45%)        3548M (87%)        1822M (44%)    
[2025-08-01T14:46:19.005+0000] GC(301)      Live:         -               872M (21%)         872M (21%)         872M (21%)            -                  -          
[2025-08-01T14:46:19.005+0000] GC(301) Allocated:         -               842M (21%)         902M (22%)         912M (22%)            -                  -          
[2025-08-01T14:46:19.005+0000] GC(301)   Garbage:         -              1803M (44%)          51M (1%)           43M (1%)             -                  -          
[2025-08-01T14:46:19.005+0000] GC(301) Reclaimed:         -                  -              1752M (43%)        1760M (43%)            -                  -          
[2025-08-01T14:46:19.005+0000] GC(301) Garbage Collection (Allocation Rate) 2676M(65%)->1828M(45%)
[2025-08-01T14:46:19.094+0000] GC(302) Heap before GC invocations=302 (full 302):
[2025-08-01T14:46:19.094+0000] GC(302)  ZHeap           used 2314M, capacity 4096M, max capacity 4096M
[2025-08-01T14:46:19.094+0000] GC(302)  Metaspace       used 10643K, committed 10880K, reserved 1114112K
[2025-08-01T14:46:19.094+0000] GC(302)   class space    used 1265K, committed 1344K, reserved 1048576K
[2025-08-01T14:46:19.094+0000] GC(302) Garbage Collection (Allocation Rate)
[2025-08-01T14:46:19.094+0000] GC(302) Using 2 workers
[2025-08-01T14:46:19.094+0000] GC(302) Pause Mark Start 0.008ms
[2025-08-01T14:46:19.204+0000] GC(302) Concurrent Mark 107.553ms
[2025-08-01T14:46:19.204+0000] GC(302) Pause Mark End 0.015ms
[2025-08-01T14:46:19.204+0000] GC(302) Concurrent Mark Free 0.001ms
[2025-08-01T14:46:19.206+0000] GC(302) Concurrent Process Non-Strong References 1.781ms
[2025-08-01T14:46:19.206+0000] GC(302) Concurrent Reset Relocation Set 0.001ms
[2025-08-01T14:46:19.208+0000] GC(302) Concurrent Select Relocation Set 1.844ms
[2025-08-01T14:46:19.208+0000] GC(302) Pause Relocate Start 0.010ms
[2025-08-01T14:46:19.209+0000] GC(302) Concurrent Relocate 1.080ms
[2025-08-01T14:46:19.209+0000] GC(302) Heap after GC invocations=303 (full 303):
[2025-08-01T14:46:19.209+0000] GC(302)  ZHeap           used 1014M, capacity 4096M, max capacity 4096M
[2025-08-01T14:46:19.209+0000] GC(302)  Metaspace       used 10643K, committed 10880K, reserved 1114112K
[2025-08-01T14:46:19.209+0000] GC(302)   class space    used 1265K, committed 1344K, reserved 1048576K
[2025-08-01T14:46:19.209+0000] GC(302) Load: 1.56/0.81/0.36
[2025-08-01T14:46:19.209+0000] GC(302) MMU: 2ms/90.0%, 5ms/96.0%, 10ms/97.9%, 20ms/98.9%, 50ms/99.6%, 100ms/99.8%
[2025-08-01T14:46:19.209+0000] GC(302) Mark: 2 stripe(s), 2 proactive flush(es), 1 terminate flush(es), 0 completion(s), 0 continuation(s) 
[2025-08-01T14:46:19.209+0000] GC(302) Mark Stack Usage: 32M
[2025-08-01T14:46:19.209+0000] GC(302) NMethods: 1415 registered, 180 unregistered
[2025-08-01T14:46:19.209+0000] GC(302) Metaspace: 10M used, 10M committed, 1088M reserved
[2025-08-01T14:46:19.209+0000] GC(302) Soft: 228 encountered, 0 discovered, 0 enqueued
[2025-08-01T14:46:19.209+0000] GC(302) Weak: 934 encountered, 720 discovered, 0 enqueued
[2025-08-01T14:46:19.209+0000] GC(302) Final: 0 encountered, 0 discovered, 0 enqueued
[2025-08-01T14:46:19.209+0000] GC(302) Phantom: 3 encountered, 1 discovered, 0 enqueued
[2025-08-01T14:46:19.209+0000] GC(302) Small Pages: 1141 / 2282M, Empty: 1828M, Relocated: 3M, In-Place: 0
[2025-08-01T14:46:19.209+0000] GC(302) Medium Pages: 1 / 32M, Empty: 0M, Relocated: 0M, In-Place: 0
[2025-08-01T14:46:19.209+0000] GC(302) Large Pages: 0 / 0M, Empty: 0M, Relocated: 0M, In-Place: 0
[2025-08-01T14:46:19.209+0000] GC(302) Forwarding Usage: 0M
[2025-08-01T14:46:19.209+0000] GC(302) Min Capacity: 4096M(100%)
[2025-08-01T14:46:19.209+0000] GC(302) Max Capacity: 4096M(100%)
[2025-08-01T14:46:19.209+0000] GC(302) Soft Max Capacity: 4096M(100%)
[2025-08-01T14:46:19.209+0000] GC(302)                Mark Start          Mark End        Relocate Start      Relocate End           High               Low         
[2025-08-01T14:46:19.209+0000] GC(302)  Capacity:     4096M (100%)       4096M (100%)       4096M (100%)       4096M (100%)       4096M (100%)       4096M (100%)   
[2025-08-01T14:46:19.209+0000] GC(302)      Free:     1782M (44%)        1244M (30%)        3068M (75%)        3082M (75%)        3082M (75%)        1240M (30%)    
[2025-08-01T14:46:19.209+0000] GC(302)      Used:     2314M (56%)        2852M (70%)        1028M (25%)        1014M (25%)        2856M (70%)        1014M (25%)    
[2025-08-01T14:46:19.209+0000] GC(302)      Live:         -               434M (11%)         434M (11%)         434M (11%)            -                  -          
[2025-08-01T14:46:19.209+0000] GC(302) Allocated:         -               538M (13%)         542M (13%)         542M (13%)            -                  -          
[2025-08-01T14:46:19.209+0000] GC(302)   Garbage:         -              1879M (46%)          51M (1%)           37M (1%)             -                  -          
[2025-08-01T14:46:19.209+0000] GC(302) Reclaimed:         -                  -              1828M (45%)        1842M (45%)            -                  -          
[2025-08-01T14:46:19.209+0000] GC(302) Garbage Collection (Allocation Rate) 2314M(56%)->1014M(25%)
[2025-08-01T14:46:19.494+0000] GC(303) Heap before GC invocations=303 (full 303):
[2025-08-01T14:46:19.494+0000] GC(303)  ZHeap           used 2218M, capacity 4096M, max capacity 4096M
[2025-08-01T14:46:19.494+0000] GC(303)  Metaspace       used 10643K, committed 10880K, reserved 1114112K
[2025-08-01T14:46:19.494+0000] GC(303)   class space    used 1265K, committed 1344K, reserved 1048576K
[2025-08-01T14:46:19.494+0000] GC(303) Garbage Collection (Allocation Rate)
[2025-08-01T14:46:19.494+0000] GC(303) Using 2 workers
[2025-08-01T14:46:19.496+0000] GC(303) Pause Mark Start 0.013ms
[2025-08-01T14:46:19.610+0000] GC(303) Concurrent Mark 114.226ms
[2025-08-01T14:46:19.611+0000] GC(303) Pause Mark End 0.027ms
[2025-08-01T14:46:19.611+0000] GC(303) Concurrent Mark Free 0.002ms
[2025-08-01T14:46:19.626+0000] GC(303) Concurrent Process Non-Strong References 14.556ms
[2025-08-01T14:46:19.626+0000] GC(303) Concurrent Reset Relocation Set 0.003ms
[2025-08-01T14:46:19.633+0000] GC(303) Concurrent Select Relocation Set 7.545ms
[2025-08-01T14:46:19.634+0000] GC(303) Pause Relocate Start 0.018ms
[2025-08-01T14:46:19.639+0000] GC(303) Concurrent Relocate 4.454ms
[2025-08-01T14:46:19.639+0000] GC(303) Heap after GC invocations=304 (full 304):
[2025-08-01T14:46:19.639+0000] GC(303)  ZHeap           used 1002M, capacity 4096M, max capacity 4096M
[2025-08-01T14:46:19.639+0000] GC(303)  Metaspace       used 10643K, committed 10880K, reserved 1114112K
[2025-08-01T14:46:19.639+0000] GC(303)   class space    used 1265K, committed 1344K, reserved 1048576K
[2025-08-01T14:46:19.640+0000] GC(303) Load: 1.56/0.81/0.36
[2025-08-01T14:46:19.640+0000] GC(303) MMU: 2ms/90.0%, 5ms/96.0%, 10ms/97.9%, 20ms/98.9%, 50ms/99.6%, 100ms/99.8%
[2025-08-01T14:46:19.640+0000] GC(303) Mark: 2 stripe(s), 3 proactive flush(es), 1 terminate flush(es), 0 completion(s), 0 continuation(s) 
[2025-08-01T14:46:19.640+0000] GC(303) Mark Stack Usage: 32M
[2025-08-01T14:46:19.640+0000] GC(303) NMethods: 1415 registered, 180 unregistered
[2025-08-01T14:46:19.640+0000] GC(303) Metaspace: 10M used, 10M committed, 1088M reserved
[2025-08-01T14:46:19.640+0000] GC(303) Soft: 228 encountered, 0 discovered, 0 enqueued
[2025-08-01T14:46:19.640+0000] GC(303) Weak: 934 encountered, 686 discovered, 0 enqueued
[2025-08-01T14:46:19.640+0000] GC(303) Final: 0 encountered, 0 discovered, 0 enqueued
[2025-08-01T14:46:19.640+0000] GC(303) Phantom: 3 encountered, 1 discovered, 0 enqueued
[2025-08-01T14:46:19.640+0000] GC(303) Small Pages: 1095 / 2190M, Empty: 1832M, Relocated: 4M, In-Place: 0
[2025-08-01T14:46:19.640+0000] GC(303) Medium Pages: 1 / 32M, Empty: 0M, Relocated: 0M, In-Place: 0
[2025-08-01T14:46:19.640+0000] GC(303) Large Pages: 0 / 0M, Empty: 0M, Relocated: 0M, In-Place: 0
[2025-08-01T14:46:19.640+0000] GC(303) Forwarding Usage: 0M
[2025-08-01T14:46:19.640+0000] GC(303) Min Capacity: 4096M(100%)
[2025-08-01T14:46:19.640+0000] GC(303) Max Capacity: 4096M(100%)
[2025-08-01T14:46:19.640+0000] GC(303) Soft Max Capacity: 4096M(100%)
[2025-08-01T14:46:19.640+0000] GC(303)                Mark Start          Mark End        Relocate Start      Relocate End           High               Low         
[2025-08-01T14:46:19.640+0000] GC(303)  Capacity:     4096M (100%)       4096M (100%)       4096M (100%)       4096M (100%)       4096M (100%)       4096M (100%)   
[2025-08-01T14:46:19.640+0000] GC(303)      Free:     1874M (46%)        1422M (35%)        3112M (76%)        3096M (76%)        3128M (76%)        1338M (33%)    
[2025-08-01T14:46:19.640+0000] GC(303)      Used:     2222M (54%)        2674M (65%)         984M (24%)        1000M (24%)        2758M (67%)         968M (24%)    
[2025-08-01T14:46:19.640+0000] GC(303)      Live:         -               340M (8%)          340M (8%)          340M (8%)             -                  -          
[2025-08-01T14:46:19.640+0000] GC(303) Allocated:         -               452M (11%)         594M (15%)         620M (15%)            -                  -          
[2025-08-01T14:46:19.640+0000] GC(303)   Garbage:         -              1881M (46%)          49M (1%)           39M (1%)             -                  -          
[2025-08-01T14:46:19.640+0000] GC(303) Reclaimed:         -                  -              1832M (45%)        1842M (45%)            -                  -          
[2025-08-01T14:46:19.641+0000] GC(303) Garbage Collection (Allocation Rate) 2222M(54%)->1000M(24%)
[2025-08-01T14:46:19.994+0000] GC(304) Heap before GC invocations=304 (full 304):
[2025-08-01T14:46:19.995+0000] GC(304)  ZHeap           used 2580M, capacity 4096M, max capacity 4096M
[2025-08-01T14:46:19.995+0000] GC(304)  Metaspace       used 10643K, committed 10880K, reserved 1114112K
[2025-08-01T14:46:19.995+0000] GC(304)   class space    used 1265K, committed 1344K, reserved 1048576K
[2025-08-01T14:46:19.995+0000] GC(304) Garbage Collection (Allocation Rate)
[2025-08-01T14:46:19.995+0000] GC(304) Using 2 workers
[2025-08-01T14:46:19.995+0000] GC(304) Pause Mark Start 0.017ms
[2025-08-01T14:46:20.191+0000] GC(304) Concurrent Mark 195.241ms
[2025-08-01T14:46:20.191+0000] GC(304) Pause Mark End 0.011ms
[2025-08-01T14:46:20.191+0000] GC(304) Concurrent Mark Free 0.001ms
[2025-08-01T14:46:20.193+0000] GC(304) Concurrent Process Non-Strong References 2.738ms
[2025-08-01T14:46:20.194+0000] GC(304) Concurrent Reset Relocation Set 0.002ms
[2025-08-01T14:46:20.196+0000] GC(304) Concurrent Select Relocation Set 2.866ms
[2025-08-01T14:46:20.196+0000] GC(304) Pause Relocate Start 0.005ms
[2025-08-01T14:46:20.197+0000] GC(304) Concurrent Relocate 0.779ms
[2025-08-01T14:46:20.197+0000] GC(304) Heap after GC invocations=305 (full 305):
[2025-08-01T14:46:20.197+0000] GC(304)  ZHeap           used 1566M, capacity 4096M, max capacity 4096M
[2025-08-01T14:46:20.197+0000] GC(304)  Metaspace       used 10643K, committed 10880K, reserved 1114112K
[2025-08-01T14:46:20.197+0000] GC(304)   class space    used 1265K, committed 1344K, reserved 1048576K
[2025-08-01T14:46:20.197+0000] GC(304) Load: 1.56/0.81/0.36
[2025-08-01T14:46:20.197+0000] GC(304) MMU: 2ms/90.0%, 5ms/96.0%, 10ms/97.9%, 20ms/98.9%, 50ms/99.6%, 100ms/99.8%
[2025-08-01T14:46:20.197+0000] GC(304) Mark: 2 stripe(s), 3 proactive flush(es), 1 terminate flush(es), 0 completion(s), 0 continuation(s) 
[2025-08-01T14:46:20.197+0000] GC(304) Mark Stack Usage: 32M
[2025-08-01T14:46:20.197+0000] GC(304) NMethods: 1415 registered, 180 unregistered
[2025-08-01T14:46:20.197+0000] GC(304) Metaspace: 10M used, 10M committed, 1088M reserved
[2025-08-01T14:46:20.198+0000] GC(304) Soft: 228 encountered, 0 discovered, 0 enqueued
[2025-08-01T14:46:20.198+0000] GC(304) Weak: 934 encountered, 657 discovered, 0 enqueued
[2025-08-01T14:46:20.198+0000] GC(304) Final: 0 encountered, 0 discovered, 0 enqueued
[2025-08-01T14:46:20.198+0000] GC(304) Phantom: 3 encountered, 2 discovered, 0 enqueued
[2025-08-01T14:46:20.198+0000] GC(304) Small Pages: 1274 / 2548M, Empty: 1834M, Relocated: 3M, In-Place: 0
[2025-08-01T14:46:20.198+0000] GC(304) Medium Pages: 1 / 32M, Empty: 0M, Relocated: 0M, In-Place: 0
[2025-08-01T14:46:20.198+0000] GC(304) Large Pages: 0 / 0M, Empty: 0M, Relocated: 0M, In-Place: 0
[2025-08-01T14:46:20.198+0000] GC(304) Forwarding Usage: 0M
[2025-08-01T14:46:20.198+0000] GC(304) Min Capacity: 4096M(100%)
[2025-08-01T14:46:20.198+0000] GC(304) Max Capacity: 4096M(100%)
[2025-08-01T14:46:20.198+0000] GC(304) Soft Max Capacity: 4096M(100%)
[2025-08-01T14:46:20.198+0000] GC(304)                Mark Start          Mark End        Relocate Start      Relocate End           High               Low         
[2025-08-01T14:46:20.198+0000] GC(304)  Capacity:     4096M (100%)       4096M (100%)       4096M (100%)       4096M (100%)       4096M (100%)       4096M (100%)   
[2025-08-01T14:46:20.198+0000] GC(304)      Free:     1516M (37%)         686M (17%)        2520M (62%)        2530M (62%)        2530M (62%)         686M (17%)    
[2025-08-01T14:46:20.198+0000] GC(304)      Used:     2580M (63%)        3410M (83%)        1576M (38%)        1566M (38%)        3410M (83%)        1566M (38%)    
[2025-08-01T14:46:20.198+0000] GC(304)      Live:         -               695M (17%)         695M (17%)         695M (17%)            -                  -          
[2025-08-01T14:46:20.198+0000] GC(304) Allocated:         -               830M (20%)         830M (20%)         830M (20%)            -                  -          
[2025-08-01T14:46:20.198+0000] GC(304)   Garbage:         -              1884M (46%)          50M (1%)           40M (1%)             -                  -          
[2025-08-01T14:46:20.198+0000] GC(304) Reclaimed:         -                  -              1834M (45%)        1844M (45%)            -                  -          
[2025-08-01T14:46:20.198+0000] GC(304) Garbage Collection (Allocation Rate) 2580M(63%)->1566M(38%)
[2025-08-01T14:46:20.293+0000] GC(305) Heap before GC invocations=305 (full 305):
[2025-08-01T14:46:20.293+0000] GC(305)  ZHeap           used 2106M, capacity 4096M, max capacity 4096M
[2025-08-01T14:46:20.294+0000] GC(305)  Metaspace       used 10643K, committed 10880K, reserved 1114112K
[2025-08-01T14:46:20.294+0000] GC(305)   class space    used 1265K, committed 1344K, reserved 1048576K
[2025-08-01T14:46:20.294+0000] GC(305) Garbage Collection (Allocation Rate)
[2025-08-01T14:46:20.294+0000] GC(305) Using 2 workers
[2025-08-01T14:46:20.294+0000] GC(305) Pause Mark Start 0.056ms
[2025-08-01T14:46:20.343+0000] GC(305) Concurrent Mark 48.811ms
[2025-08-01T14:46:20.343+0000] GC(305) Pause Mark End 0.012ms
[2025-08-01T14:46:20.343+0000] GC(305) Concurrent Mark Free 0.001ms
[2025-08-01T14:46:20.345+0000] GC(305) Concurrent Process Non-Strong References 1.867ms
[2025-08-01T14:46:20.345+0000] GC(305) Concurrent Reset Relocation Set 0.001ms
[2025-08-01T14:46:20.348+0000] GC(305) Concurrent Select Relocation Set 2.814ms
[2025-08-01T14:46:20.348+0000] GC(305) Pause Relocate Start 0.013ms
[2025-08-01T14:46:20.349+0000] GC(305) Concurrent Relocate 1.190ms
[2025-08-01T14:46:20.349+0000] GC(305) Heap after GC invocations=306 (full 306):
[2025-08-01T14:46:20.350+0000] GC(305)  ZHeap           used 488M, capacity 4096M, max capacity 4096M
[2025-08-01T14:46:20.350+0000] GC(305)  Metaspace       used 10643K, committed 10880K, reserved 1114112K
[2025-08-01T14:46:20.350+0000] GC(305)   class space    used 1265K, committed 1344K, reserved 1048576K
[2025-08-01T14:46:20.350+0000] GC(305) Load: 1.56/0.81/0.36
[2025-08-01T14:46:20.350+0000] GC(305) MMU: 2ms/90.0%, 5ms/96.0%, 10ms/97.9%, 20ms/98.9%, 50ms/99.6%, 100ms/99.8%
[2025-08-01T14:46:20.350+0000] GC(305) Mark: 2 stripe(s), 2 proactive flush(es), 1 terminate flush(es), 0 completion(s), 0 continuation(s) 
[2025-08-01T14:46:20.350+0000] GC(305) Mark Stack Usage: 32M
[2025-08-01T14:46:20.350+0000] GC(305) NMethods: 1415 registered, 180 unregistered
[2025-08-01T14:46:20.350+0000] GC(305) Metaspace: 10M used, 10M committed, 1088M reserved
[2025-08-01T14:46:20.350+0000] GC(305) Soft: 228 encountered, 0 discovered, 0 enqueued
[2025-08-01T14:46:20.350+0000] GC(305) Weak: 934 encountered, 702 discovered, 0 enqueued
[2025-08-01T14:46:20.350+0000] GC(305) Final: 0 encountered, 0 discovered, 0 enqueued
[2025-08-01T14:46:20.350+0000] GC(305) Phantom: 3 encountered, 2 discovered, 0 enqueued
[2025-08-01T14:46:20.350+0000] GC(305) Small Pages: 1039 / 2078M, Empty: 1834M, Relocated: 3M, In-Place: 0
[2025-08-01T14:46:20.350+0000] GC(305) Medium Pages: 1 / 32M, Empty: 0M, Relocated: 0M, In-Place: 0
[2025-08-01T14:46:20.350+0000] GC(305) Large Pages: 0 / 0M, Empty: 0M, Relocated: 0M, In-Place: 0
[2025-08-01T14:46:20.350+0000] GC(305) Forwarding Usage: 0M
[2025-08-01T14:46:20.350+0000] GC(305) Min Capacity: 4096M(100%)
[2025-08-01T14:46:20.350+0000] GC(305) Max Capacity: 4096M(100%)
[2025-08-01T14:46:20.350+0000] GC(305) Soft Max Capacity: 4096M(100%)
[2025-08-01T14:46:20.350+0000] GC(305)                Mark Start          Mark End        Relocate Start      Relocate End           High               Low         
[2025-08-01T14:46:20.350+0000] GC(305)  Capacity:     4096M (100%)       4096M (100%)       4096M (100%)       4096M (100%)       4096M (100%)       4096M (100%)   
[2025-08-01T14:46:20.350+0000] GC(305)      Free:     1986M (48%)        1786M (44%)        3604M (88%)        3608M (88%)        3610M (88%)        1786M (44%)    
[2025-08-01T14:46:20.350+0000] GC(305)      Used:     2110M (52%)        2310M (56%)         492M (12%)         488M (12%)        2310M (56%)         486M (12%)    
[2025-08-01T14:46:20.350+0000] GC(305)      Live:         -               229M (6%)          229M (6%)          229M (6%)             -                  -          
[2025-08-01T14:46:20.350+0000] GC(305) Allocated:         -               200M (5%)          216M (5%)          222M (5%)             -                  -          
[2025-08-01T14:46:20.350+0000] GC(305)   Garbage:         -              1880M (46%)          46M (1%)           36M (1%)             -                  -          
[2025-08-01T14:46:20.350+0000] GC(305) Reclaimed:         -                  -              1834M (45%)        1844M (45%)            -                  -          
[2025-08-01T14:46:20.350+0000] GC(305) Garbage Collection (Allocation Rate) 2110M(52%)->488M(12%)
[2025-08-01T14:46:20.694+0000] GC(306) Heap before GC invocations=306 (full 306):
[2025-08-01T14:46:20.694+0000] GC(306)  ZHeap           used 2290M, capacity 4096M, max capacity 4096M
[2025-08-01T14:46:20.694+0000] GC(306)  Metaspace       used 10643K, committed 10880K, reserved 1114112K
[2025-08-01T14:46:20.694+0000] GC(306)   class space    used 1265K, committed 1344K, reserved 1048576K
[2025-08-01T14:46:20.694+0000] GC(306) Garbage Collection (Allocation Rate)
[2025-08-01T14:46:20.694+0000] GC(306) Using 2 workers
[2025-08-01T14:46:20.694+0000] GC(306) Pause Mark Start 0.014ms
[2025-08-01T14:46:20.779+0000] GC(306) Concurrent Mark 84.805ms
[2025-08-01T14:46:20.781+0000] GC(306) Pause Mark End 0.016ms
[2025-08-01T14:46:20.781+0000] GC(306) Concurrent Mark Free 0.002ms
[2025-08-01T14:46:20.784+0000] GC(306) Concurrent Process Non-Strong References 2.457ms
[2025-08-01T14:46:20.784+0000] GC(306) Concurrent Reset Relocation Set 0.002ms
[2025-08-01T14:46:20.787+0000] GC(306) Concurrent Select Relocation Set 3.273ms
[2025-08-01T14:46:20.787+0000] GC(306) Pause Relocate Start 0.009ms
[2025-08-01T14:46:20.788+0000] GC(306) Concurrent Relocate 1.215ms
[2025-08-01T14:46:20.788+0000] GC(306) Heap after GC invocations=307 (full 307):
[2025-08-01T14:46:20.788+0000] GC(306)  ZHeap           used 924M, capacity 4096M, max capacity 4096M
[2025-08-01T14:46:20.788+0000] GC(306)  Metaspace       used 10643K, committed 10880K, reserved 1114112K
[2025-08-01T14:46:20.788+0000] GC(306)   class space    used 1265K, committed 1344K, reserved 1048576K
[2025-08-01T14:46:20.789+0000] GC(306) Load: 1.56/0.81/0.36
[2025-08-01T14:46:20.789+0000] GC(306) MMU: 2ms/90.0%, 5ms/96.0%, 10ms/97.9%, 20ms/98.9%, 50ms/99.6%, 100ms/99.8%
[2025-08-01T14:46:20.789+0000] GC(306) Mark: 2 stripe(s), 2 proactive flush(es), 1 terminate flush(es), 0 completion(s), 0 continuation(s) 
[2025-08-01T14:46:20.789+0000] GC(306) Mark Stack Usage: 32M
[2025-08-01T14:46:20.789+0000] GC(306) NMethods: 1415 registered, 180 unregistered
[2025-08-01T14:46:20.789+0000] GC(306) Metaspace: 10M used, 10M committed, 1088M reserved
[2025-08-01T14:46:20.789+0000] GC(306) Soft: 228 encountered, 0 discovered, 0 enqueued
[2025-08-01T14:46:20.789+0000] GC(306) Weak: 934 encountered, 721 discovered, 0 enqueued
[2025-08-01T14:46:20.789+0000] GC(306) Final: 0 encountered, 0 discovered, 0 enqueued
[2025-08-01T14:46:20.789+0000] GC(306) Phantom: 3 encountered, 1 discovered, 0 enqueued
[2025-08-01T14:46:20.789+0000] GC(306) Small Pages: 1129 / 2258M, Empty: 1834M, Relocated: 5M, In-Place: 0
[2025-08-01T14:46:20.789+0000] GC(306) Medium Pages: 1 / 32M, Empty: 0M, Relocated: 0M, In-Place: 0
[2025-08-01T14:46:20.789+0000] GC(306) Large Pages: 0 / 0M, Empty: 0M, Relocated: 0M, In-Place: 0
[2025-08-01T14:46:20.789+0000] GC(306) Forwarding Usage: 0M
[2025-08-01T14:46:20.789+0000] GC(306) Min Capacity: 4096M(100%)
[2025-08-01T14:46:20.789+0000] GC(306) Max Capacity: 4096M(100%)
[2025-08-01T14:46:20.789+0000] GC(306) Soft Max Capacity: 4096M(100%)
[2025-08-01T14:46:20.789+0000] GC(306)                Mark Start          Mark End        Relocate Start      Relocate End           High               Low         
[2025-08-01T14:46:20.789+0000] GC(306)  Capacity:     4096M (100%)       4096M (100%)       4096M (100%)       4096M (100%)       4096M (100%)       4096M (100%)   
[2025-08-01T14:46:20.789+0000] GC(306)      Free:     1806M (44%)        1334M (33%)        3162M (77%)        3172M (77%)        3172M (77%)        1328M (32%)    
[2025-08-01T14:46:20.789+0000] GC(306)      Used:     2290M (56%)        2762M (67%)         934M (23%)         924M (23%)        2768M (68%)         924M (23%)    
[2025-08-01T14:46:20.789+0000] GC(306)      Live:         -               406M (10%)         406M (10%)         406M (10%)            -                  -          
[2025-08-01T14:46:20.789+0000] GC(306) Allocated:         -               472M (12%)         478M (12%)         478M (12%)            -                  -          
[2025-08-01T14:46:20.789+0000] GC(306)   Garbage:         -              1883M (46%)          49M (1%)           39M (1%)             -                  -          
[2025-08-01T14:46:20.789+0000] GC(306) Reclaimed:         -                  -              1834M (45%)        1844M (45%)            -                  -          
[2025-08-01T14:46:20.789+0000] GC(306) Garbage Collection (Allocation Rate) 2290M(56%)->924M(23%)
[2025-08-01T14:46:21.093+0000] GC(307) Heap before GC invocations=307 (full 307):
[2025-08-01T14:46:21.093+0000] GC(307)  ZHeap           used 2488M, capacity 4096M, max capacity 4096M
[2025-08-01T14:46:21.093+0000] GC(307)  Metaspace       used 10643K, committed 10880K, reserved 1114112K
[2025-08-01T14:46:21.093+0000] GC(307)   class space    used 1265K, committed 1344K, reserved 1048576K
[2025-08-01T14:46:21.093+0000] GC(307) Garbage Collection (Allocation Rate)
[2025-08-01T14:46:21.093+0000] GC(307) Using 2 workers
[2025-08-01T14:46:21.093+0000] GC(307) Pause Mark Start 0.009ms
[2025-08-01T14:46:21.215+0000] GC(307) Concurrent Mark 121.844ms
[2025-08-01T14:46:21.216+0000] GC(307) Pause Mark End 0.019ms
[2025-08-01T14:46:21.216+0000] GC(307) Concurrent Mark Free 0.002ms
[2025-08-01T14:46:21.221+0000] GC(307) Concurrent Process Non-Strong References 5.159ms
[2025-08-01T14:46:21.221+0000] GC(307) Concurrent Reset Relocation Set 0.004ms
[2025-08-01T14:46:21.224+0000] GC(307) Concurrent Select Relocation Set 2.869ms
[2025-08-01T14:46:21.224+0000] GC(307) Pause Relocate Start 0.009ms
[2025-08-01T14:46:21.226+0000] GC(307) Concurrent Relocate 0.987ms
[2025-08-01T14:46:21.226+0000] GC(307) Heap after GC invocations=308 (full 308):
[2025-08-01T14:46:21.226+0000] GC(307)  ZHeap           used 1338M, capacity 4096M, max capacity 4096M
[2025-08-01T14:46:21.226+0000] GC(307)  Metaspace       used 10643K, committed 10880K, reserved 1114112K
[2025-08-01T14:46:21.226+0000] GC(307)   class space    used 1265K, committed 1344K, reserved 1048576K
[2025-08-01T14:46:21.226+0000] GC(307) Load: 1.56/0.81/0.36
[2025-08-01T14:46:21.226+0000] GC(307) MMU: 2ms/90.0%, 5ms/96.0%, 10ms/97.9%, 20ms/98.9%, 50ms/99.6%, 100ms/99.8%
[2025-08-01T14:46:21.226+0000] GC(307) Mark: 2 stripe(s), 2 proactive flush(es), 1 terminate flush(es), 0 completion(s), 0 continuation(s) 
[2025-08-01T14:46:21.226+0000] GC(307) Mark Stack Usage: 32M
[2025-08-01T14:46:21.226+0000] GC(307) NMethods: 1415 registered, 180 unregistered
[2025-08-01T14:46:21.226+0000] GC(307) Metaspace: 10M used, 10M committed, 1088M reserved
[2025-08-01T14:46:21.226+0000] GC(307) Soft: 228 encountered, 0 discovered, 0 enqueued
[2025-08-01T14:46:21.226+0000] GC(307) Weak: 934 encountered, 704 discovered, 0 enqueued
[2025-08-01T14:46:21.226+0000] GC(307) Final: 0 encountered, 0 discovered, 0 enqueued
[2025-08-01T14:46:21.226+0000] GC(307) Phantom: 3 encountered, 1 discovered, 0 enqueued
[2025-08-01T14:46:21.226+0000] GC(307) Small Pages: 1228 / 2456M, Empty: 1832M, Relocated: 2M, In-Place: 0
[2025-08-01T14:46:21.226+0000] GC(307) Medium Pages: 1 / 32M, Empty: 0M, Relocated: 0M, In-Place: 0
[2025-08-01T14:46:21.226+0000] GC(307) Large Pages: 0 / 0M, Empty: 0M, Relocated: 0M, In-Place: 0
[2025-08-01T14:46:21.226+0000] GC(307) Forwarding Usage: 0M
[2025-08-01T14:46:21.226+0000] GC(307) Min Capacity: 4096M(100%)
[2025-08-01T14:46:21.226+0000] GC(307) Max Capacity: 4096M(100%)
[2025-08-01T14:46:21.226+0000] GC(307) Soft Max Capacity: 4096M(100%)
[2025-08-01T14:46:21.226+0000] GC(307)                Mark Start          Mark End        Relocate Start      Relocate End           High               Low         
[2025-08-01T14:46:21.226+0000] GC(307)  Capacity:     4096M (100%)       4096M (100%)       4096M (100%)       4096M (100%)       4096M (100%)       4096M (100%)   
[2025-08-01T14:46:21.226+0000] GC(307)      Free:     1608M (39%)         968M (24%)        2750M (67%)        2758M (67%)        2758M (67%)         934M (23%)    
[2025-08-01T14:46:21.226+0000] GC(307)      Used:     2488M (61%)        3128M (76%)        1346M (33%)        1338M (33%)        3162M (77%)        1338M (33%)    
[2025-08-01T14:46:21.226+0000] GC(307)      Live:         -               604M (15%)         604M (15%)         604M (15%)            -                  -          
[2025-08-01T14:46:21.226+0000] GC(307) Allocated:         -               640M (16%)         690M (17%)         694M (17%)            -                  -          
[2025-08-01T14:46:21.226+0000] GC(307)   Garbage:         -              1883M (46%)          51M (1%)           39M (1%)             -                  -          
[2025-08-01T14:46:21.226+0000] GC(307) Reclaimed:         -                  -              1832M (45%)        1844M (45%)            -                  -          
[2025-08-01T14:46:21.226+0000] GC(307) Garbage Collection (Allocation Rate) 2488M(61%)->1338M(33%)
[2025-08-01T14:46:21.493+0000] GC(308) Heap before GC invocations=308 (full 308):
[2025-08-01T14:46:21.493+0000] GC(308)  ZHeap           used 2696M, capacity 4096M, max capacity 4096M
[2025-08-01T14:46:21.493+0000] GC(308)  Metaspace       used 10643K, committed 10880K, reserved 1114112K
[2025-08-01T14:46:21.493+0000] GC(308)   class space    used 1265K, committed 1344K, reserved 1048576K
[2025-08-01T14:46:21.493+0000] GC(308) Garbage Collection (Allocation Rate)
[2025-08-01T14:46:21.493+0000] GC(308) Using 2 workers
[2025-08-01T14:46:21.494+0000] GC(308) Pause Mark Start 0.046ms
[2025-08-01T14:46:21.611+0000] GC(308) Concurrent Mark 116.812ms
[2025-08-01T14:46:21.612+0000] GC(308) Pause Mark End 0.019ms
[2025-08-01T14:46:21.612+0000] GC(308) Concurrent Mark Free 0.001ms
[2025-08-01T14:46:21.615+0000] GC(308) Concurrent Process Non-Strong References 2.703ms
[2025-08-01T14:46:21.615+0000] GC(308) Concurrent Reset Relocation Set 0.002ms
[2025-08-01T14:46:21.617+0000] GC(308) Concurrent Select Relocation Set 2.687ms
[2025-08-01T14:46:21.618+0000] GC(308) Pause Relocate Start 0.011ms
[2025-08-01T14:46:21.618+0000] GC(308) Concurrent Relocate 0.506ms
[2025-08-01T14:46:21.618+0000] GC(308) Heap after GC invocations=309 (full 309):
[2025-08-01T14:46:21.618+0000] GC(308)  ZHeap           used 1262M, capacity 4096M, max capacity 4096M
[2025-08-01T14:46:21.618+0000] GC(308)  Metaspace       used 10643K, committed 10880K, reserved 1114112K
[2025-08-01T14:46:21.618+0000] GC(308)   class space    used 1265K, committed 1344K, reserved 1048576K
[2025-08-01T14:46:21.618+0000] GC(308) Load: 1.59/0.83/0.37
[2025-08-01T14:46:21.618+0000] GC(308) MMU: 2ms/90.0%, 5ms/96.0%, 10ms/97.9%, 20ms/98.9%, 50ms/99.6%, 100ms/99.8%
[2025-08-01T14:46:21.618+0000] GC(308) Mark: 2 stripe(s), 3 proactive flush(es), 1 terminate flush(es), 0 completion(s), 0 continuation(s) 
[2025-08-01T14:46:21.618+0000] GC(308) Mark Stack Usage: 32M
[2025-08-01T14:46:21.618+0000] GC(308) NMethods: 1415 registered, 180 unregistered
[2025-08-01T14:46:21.618+0000] GC(308) Metaspace: 10M used, 10M committed, 1088M reserved
[2025-08-01T14:46:21.618+0000] GC(308) Soft: 228 encountered, 0 discovered, 0 enqueued
[2025-08-01T14:46:21.618+0000] GC(308) Weak: 934 encountered, 655 discovered, 0 enqueued
[2025-08-01T14:46:21.618+0000] GC(308) Final: 0 encountered, 0 discovered, 0 enqueued
[2025-08-01T14:46:21.618+0000] GC(308) Phantom: 3 encountered, 2 discovered, 0 enqueued
[2025-08-01T14:46:21.618+0000] GC(308) Small Pages: 1333 / 2666M, Empty: 2110M, Relocated: 1M, In-Place: 0
[2025-08-01T14:46:21.618+0000] GC(308) Medium Pages: 1 / 32M, Empty: 0M, Relocated: 0M, In-Place: 0
[2025-08-01T14:46:21.618+0000] GC(308) Large Pages: 0 / 0M, Empty: 0M, Relocated: 0M, In-Place: 0
[2025-08-01T14:46:21.618+0000] GC(308) Forwarding Usage: 0M
[2025-08-01T14:46:21.618+0000] GC(308) Min Capacity: 4096M(100%)
[2025-08-01T14:46:21.618+0000] GC(308) Max Capacity: 4096M(100%)
[2025-08-01T14:46:21.618+0000] GC(308) Soft Max Capacity: 4096M(100%)
[2025-08-01T14:46:21.618+0000] GC(308)                Mark Start          Mark End        Relocate Start      Relocate End           High               Low         
[2025-08-01T14:46:21.618+0000] GC(308)  Capacity:     4096M (100%)       4096M (100%)       4096M (100%)       4096M (100%)       4096M (100%)       4096M (100%)   
[2025-08-01T14:46:21.618+0000] GC(308)      Free:     1398M (34%)         752M (18%)        2828M (69%)        2834M (69%)        2834M (69%)         736M (18%)    
[2025-08-01T14:46:21.618+0000] GC(308)      Used:     2698M (66%)        3344M (82%)        1268M (31%)        1262M (31%)        3360M (82%)        1262M (31%)    
[2025-08-01T14:46:21.618+0000] GC(308)      Live:         -               539M (13%)         539M (13%)         539M (13%)            -                  -          
[2025-08-01T14:46:21.618+0000] GC(308) Allocated:         -               646M (16%)         680M (17%)         682M (17%)            -                  -          
[2025-08-01T14:46:21.618+0000] GC(308)   Garbage:         -              2158M (53%)          48M (1%)           40M (1%)             -                  -          
[2025-08-01T14:46:21.618+0000] GC(308) Reclaimed:         -                  -              2110M (52%)        2118M (52%)            -                  -          
[2025-08-01T14:46:21.618+0000] GC(308) Garbage Collection (Allocation Rate) 2698M(66%)->1262M(31%)
[2025-08-01T14:46:21.893+0000] GC(309) Heap before GC invocations=309 (full 309):
[2025-08-01T14:46:21.893+0000] GC(309)  ZHeap           used 2734M, capacity 4096M, max capacity 4096M
[2025-08-01T14:46:21.893+0000] GC(309)  Metaspace       used 10643K, committed 10880K, reserved 1114112K
[2025-08-01T14:46:21.893+0000] GC(309)   class space    used 1265K, committed 1344K, reserved 1048576K
[2025-08-01T14:46:21.893+0000] GC(309) Garbage Collection (Allocation Rate)
[2025-08-01T14:46:21.893+0000] GC(309) Using 2 workers
[2025-08-01T14:46:21.894+0000] GC(309) Pause Mark Start 0.064ms
[2025-08-01T14:46:22.062+0000] GC(309) Concurrent Mark 167.799ms
[2025-08-01T14:46:22.063+0000] GC(309) Pause Mark End 0.019ms
[2025-08-01T14:46:22.063+0000] GC(309) Concurrent Mark Free 0.001ms
[2025-08-01T14:46:22.066+0000] GC(309) Concurrent Process Non-Strong References 3.235ms
[2025-08-01T14:46:22.066+0000] GC(309) Concurrent Reset Relocation Set 0.002ms
[2025-08-01T14:46:22.071+0000] GC(309) Concurrent Select Relocation Set 4.217ms
[2025-08-01T14:46:22.071+0000] GC(309) Pause Relocate Start 0.012ms
[2025-08-01T14:46:22.072+0000] GC(309) Concurrent Relocate 1.398ms
[2025-08-01T14:46:22.072+0000] GC(309) Heap after GC invocations=310 (full 310):
[2025-08-01T14:46:22.072+0000] GC(309)  ZHeap           used 1640M, capacity 4096M, max capacity 4096M
[2025-08-01T14:46:22.072+0000] GC(309)  Metaspace       used 10643K, committed 10880K, reserved 1114112K
[2025-08-01T14:46:22.072+0000] GC(309)   class space    used 1265K, committed 1344K, reserved 1048576K
[2025-08-01T14:46:22.072+0000] GC(309) Load: 1.59/0.83/0.37
[2025-08-01T14:46:22.072+0000] GC(309) MMU: 2ms/90.0%, 5ms/96.0%, 10ms/97.9%, 20ms/98.9%, 50ms/99.6%, 100ms/99.8%
[2025-08-01T14:46:22.072+0000] GC(309) Mark: 2 stripe(s), 2 proactive flush(es), 1 terminate flush(es), 0 completion(s), 0 continuation(s) 
[2025-08-01T14:46:22.072+0000] GC(309) Mark Stack Usage: 32M
[2025-08-01T14:46:22.072+0000] GC(309) NMethods: 1415 registered, 180 unregistered
[2025-08-01T14:46:22.073+0000] GC(309) Metaspace: 10M used, 10M committed, 1088M reserved
[2025-08-01T14:46:22.073+0000] GC(309) Soft: 228 encountered, 0 discovered, 0 enqueued
[2025-08-01T14:46:22.073+0000] GC(309) Weak: 934 encountered, 681 discovered, 0 enqueued
[2025-08-01T14:46:22.073+0000] GC(309) Final: 0 encountered, 0 discovered, 0 enqueued
[2025-08-01T14:46:22.073+0000] GC(309) Phantom: 3 encountered, 1 discovered, 0 enqueued
[2025-08-01T14:46:22.073+0000] GC(309) Small Pages: 1352 / 2704M, Empty: 1940M, Relocated: 8M, In-Place: 0
[2025-08-01T14:46:22.073+0000] GC(309) Medium Pages: 1 / 32M, Empty: 0M, Relocated: 0M, In-Place: 0
[2025-08-01T14:46:22.073+0000] GC(309) Large Pages: 0 / 0M, Empty: 0M, Relocated: 0M, In-Place: 0
[2025-08-01T14:46:22.073+0000] GC(309) Forwarding Usage: 0M
[2025-08-01T14:46:22.073+0000] GC(309) Min Capacity: 4096M(100%)
[2025-08-01T14:46:22.073+0000] GC(309) Max Capacity: 4096M(100%)
[2025-08-01T14:46:22.073+0000] GC(309) Soft Max Capacity: 4096M(100%)
[2025-08-01T14:46:22.073+0000] GC(309)                Mark Start          Mark End        Relocate Start      Relocate End           High               Low         
[2025-08-01T14:46:22.073+0000] GC(309)  Capacity:     4096M (100%)       4096M (100%)       4096M (100%)       4096M (100%)       4096M (100%)       4096M (100%)   
[2025-08-01T14:46:22.073+0000] GC(309)      Free:     1360M (33%)         516M (13%)        2440M (60%)        2456M (60%)        2456M (60%)         500M (12%)    
[2025-08-01T14:46:22.073+0000] GC(309)      Used:     2736M (67%)        3580M (87%)        1656M (40%)        1640M (40%)        3596M (88%)        1640M (40%)    
[2025-08-01T14:46:22.073+0000] GC(309)      Live:         -               734M (18%)         734M (18%)         734M (18%)            -                  -          
[2025-08-01T14:46:22.073+0000] GC(309) Allocated:         -               844M (21%)         860M (21%)         860M (21%)            -                  -          
[2025-08-01T14:46:22.073+0000] GC(309)   Garbage:         -              2001M (49%)          61M (2%)           45M (1%)             -                  -          
[2025-08-01T14:46:22.073+0000] GC(309) Reclaimed:         -                  -              1940M (47%)        1956M (48%)            -                  -          
[2025-08-01T14:46:22.073+0000] GC(309) Garbage Collection (Allocation Rate) 2736M(67%)->1640M(40%)
[2025-08-01T14:46:22.193+0000] GC(310) Heap before GC invocations=310 (full 310):
[2025-08-01T14:46:22.193+0000] GC(310)  ZHeap           used 2262M, capacity 4096M, max capacity 4096M
[2025-08-01T14:46:22.193+0000] GC(310)  Metaspace       used 10643K, committed 10880K, reserved 1114112K
[2025-08-01T14:46:22.193+0000] GC(310)   class space    used 1265K, committed 1344K, reserved 1048576K
[2025-08-01T14:46:22.193+0000] GC(310) Garbage Collection (Allocation Rate)
[2025-08-01T14:46:22.193+0000] GC(310) Using 2 workers
[2025-08-01T14:46:22.194+0000] GC(310) Pause Mark Start 0.007ms
[2025-08-01T14:46:22.369+0000] GC(310) Concurrent Mark 175.533ms
[2025-08-01T14:46:22.370+0000] GC(310) Pause Mark End 0.032ms
[2025-08-01T14:46:22.370+0000] GC(310) Concurrent Mark Free 0.004ms
[2025-08-01T14:46:22.379+0000] GC(310) Concurrent Process Non-Strong References 8.986ms
[2025-08-01T14:46:22.379+0000] GC(310) Concurrent Reset Relocation Set 0.004ms
[2025-08-01T14:46:22.383+0000] GC(310) Concurrent Select Relocation Set 3.561ms
[2025-08-01T14:46:22.383+0000] GC(310) Pause Relocate Start 0.016ms
[2025-08-01T14:46:22.385+0000] GC(310) Concurrent Relocate 1.308ms
[2025-08-01T14:46:22.385+0000] GC(310) Heap after GC invocations=311 (full 311):
[2025-08-01T14:46:22.385+0000] GC(310)  ZHeap           used 1678M, capacity 4096M, max capacity 4096M
[2025-08-01T14:46:22.385+0000] GC(310)  Metaspace       used 10643K, committed 10880K, reserved 1114112K
[2025-08-01T14:46:22.385+0000] GC(310)   class space    used 1265K, committed 1344K, reserved 1048576K
[2025-08-01T14:46:22.385+0000] GC(310) Load: 1.59/0.83/0.37
[2025-08-01T14:46:22.385+0000] GC(310) MMU: 2ms/90.0%, 5ms/96.0%, 10ms/97.9%, 20ms/98.9%, 50ms/99.6%, 100ms/99.8%
[2025-08-01T14:46:22.385+0000] GC(310) Mark: 2 stripe(s), 2 proactive flush(es), 1 terminate flush(es), 0 completion(s), 0 continuation(s) 
[2025-08-01T14:46:22.385+0000] GC(310) Mark Stack Usage: 32M
[2025-08-01T14:46:22.385+0000] GC(310) NMethods: 1415 registered, 180 unregistered
[2025-08-01T14:46:22.385+0000] GC(310) Metaspace: 10M used, 10M committed, 1088M reserved
[2025-08-01T14:46:22.385+0000] GC(310) Soft: 228 encountered, 0 discovered, 0 enqueued
[2025-08-01T14:46:22.385+0000] GC(310) Weak: 934 encountered, 692 discovered, 0 enqueued
[2025-08-01T14:46:22.385+0000] GC(310) Final: 0 encountered, 0 discovered, 0 enqueued
[2025-08-01T14:46:22.385+0000] GC(310) Phantom: 3 encountered, 2 discovered, 0 enqueued
[2025-08-01T14:46:22.385+0000] GC(310) Small Pages: 1115 / 2230M, Empty: 1444M, Relocated: 3M, In-Place: 0
[2025-08-01T14:46:22.385+0000] GC(310) Medium Pages: 1 / 32M, Empty: 0M, Relocated: 0M, In-Place: 0
[2025-08-01T14:46:22.385+0000] GC(310) Large Pages: 0 / 0M, Empty: 0M, Relocated: 0M, In-Place: 0
[2025-08-01T14:46:22.385+0000] GC(310) Forwarding Usage: 0M
[2025-08-01T14:46:22.385+0000] GC(310) Min Capacity: 4096M(100%)
[2025-08-01T14:46:22.385+0000] GC(310) Max Capacity: 4096M(100%)
[2025-08-01T14:46:22.385+0000] GC(310) Soft Max Capacity: 4096M(100%)
[2025-08-01T14:46:22.385+0000] GC(310)                Mark Start          Mark End        Relocate Start      Relocate End           High               Low         
[2025-08-01T14:46:22.385+0000] GC(310)  Capacity:     4096M (100%)       4096M (100%)       4096M (100%)       4096M (100%)       4096M (100%)       4096M (100%)   
[2025-08-01T14:46:22.385+0000] GC(310)      Free:     1834M (45%)        1026M (25%)        2412M (59%)        2418M (59%)        2420M (59%)         992M (24%)    
[2025-08-01T14:46:22.385+0000] GC(310)      Used:     2262M (55%)        3070M (75%)        1684M (41%)        1678M (41%)        3104M (76%)        1676M (41%)    
[2025-08-01T14:46:22.385+0000] GC(310)      Live:         -               765M (19%)         765M (19%)         765M (19%)            -                  -          
[2025-08-01T14:46:22.385+0000] GC(310) Allocated:         -               808M (20%)         866M (21%)         872M (21%)            -                  -          
[2025-08-01T14:46:22.385+0000] GC(310)   Garbage:         -              1496M (37%)          52M (1%)           40M (1%)             -                  -          
[2025-08-01T14:46:22.385+0000] GC(310) Reclaimed:         -                  -              1444M (35%)        1456M (36%)            -                  -          
[2025-08-01T14:46:22.385+0000] GC(310) Garbage Collection (Allocation Rate) 2262M(55%)->1678M(41%)
[2025-08-01T14:46:22.494+0000] GC(311) Heap before GC invocations=311 (full 311):
[2025-08-01T14:46:22.494+0000] GC(311)  ZHeap           used 2212M, capacity 4096M, max capacity 4096M
[2025-08-01T14:46:22.494+0000] GC(311)  Metaspace       used 10643K, committed 10880K, reserved 1114112K
[2025-08-01T14:46:22.494+0000] GC(311)   class space    used 1265K, committed 1344K, reserved 1048576K
[2025-08-01T14:46:22.494+0000] GC(311) Garbage Collection (Allocation Rate)
[2025-08-01T14:46:22.494+0000] GC(311) Using 2 workers
[2025-08-01T14:46:22.495+0000] GC(311) Pause Mark Start 0.015ms
[2025-08-01T14:46:22.582+0000] GC(311) Concurrent Mark 86.864ms
[2025-08-01T14:46:22.583+0000] GC(311) Pause Mark End 0.024ms
[2025-08-01T14:46:22.583+0000] GC(311) Concurrent Mark Free 0.002ms
[2025-08-01T14:46:22.586+0000] GC(311) Concurrent Process Non-Strong References 2.768ms
[2025-08-01T14:46:22.586+0000] GC(311) Concurrent Reset Relocation Set 0.002ms
[2025-08-01T14:46:22.589+0000] GC(311) Concurrent Select Relocation Set 2.950ms
[2025-08-01T14:46:22.589+0000] GC(311) Pause Relocate Start 0.017ms
[2025-08-01T14:46:22.590+0000] GC(311) Concurrent Relocate 0.669ms
[2025-08-01T14:46:22.590+0000] GC(311) Heap after GC invocations=312 (full 312):
[2025-08-01T14:46:22.590+0000] GC(311)  ZHeap           used 814M, capacity 4096M, max capacity 4096M
[2025-08-01T14:46:22.590+0000] GC(311)  Metaspace       used 10643K, committed 10880K, reserved 1114112K
[2025-08-01T14:46:22.590+0000] GC(311)   class space    used 1265K, committed 1344K, reserved 1048576K
[2025-08-01T14:46:22.590+0000] GC(311) Load: 1.59/0.83/0.37
[2025-08-01T14:46:22.590+0000] GC(311) MMU: 2ms/90.0%, 5ms/96.0%, 10ms/97.9%, 20ms/98.9%, 50ms/99.6%, 100ms/99.8%
[2025-08-01T14:46:22.590+0000] GC(311) Mark: 2 stripe(s), 2 proactive flush(es), 1 terminate flush(es), 0 completion(s), 0 continuation(s) 
[2025-08-01T14:46:22.590+0000] GC(311) Mark Stack Usage: 32M
[2025-08-01T14:46:22.590+0000] GC(311) NMethods: 1415 registered, 180 unregistered
[2025-08-01T14:46:22.590+0000] GC(311) Metaspace: 10M used, 10M committed, 1088M reserved
[2025-08-01T14:46:22.590+0000] GC(311) Soft: 228 encountered, 0 discovered, 0 enqueued
[2025-08-01T14:46:22.590+0000] GC(311) Weak: 934 encountered, 705 discovered, 0 enqueued
[2025-08-01T14:46:22.590+0000] GC(311) Final: 0 encountered, 0 discovered, 0 enqueued
[2025-08-01T14:46:22.590+0000] GC(311) Phantom: 3 encountered, 1 discovered, 0 enqueued
[2025-08-01T14:46:22.590+0000] GC(311) Small Pages: 1090 / 2180M, Empty: 1836M, Relocated: 1M, In-Place: 0
[2025-08-01T14:46:22.590+0000] GC(311) Medium Pages: 1 / 32M, Empty: 0M, Relocated: 0M, In-Place: 0
[2025-08-01T14:46:22.590+0000] GC(311) Large Pages: 0 / 0M, Empty: 0M, Relocated: 0M, In-Place: 0
[2025-08-01T14:46:22.590+0000] GC(311) Forwarding Usage: 0M
[2025-08-01T14:46:22.590+0000] GC(311) Min Capacity: 4096M(100%)
[2025-08-01T14:46:22.590+0000] GC(311) Max Capacity: 4096M(100%)
[2025-08-01T14:46:22.590+0000] GC(311) Soft Max Capacity: 4096M(100%)
[2025-08-01T14:46:22.590+0000] GC(311)                Mark Start          Mark End        Relocate Start      Relocate End           High               Low         
[2025-08-01T14:46:22.590+0000] GC(311)  Capacity:     4096M (100%)       4096M (100%)       4096M (100%)       4096M (100%)       4096M (100%)       4096M (100%)   
[2025-08-01T14:46:22.590+0000] GC(311)      Free:     1884M (46%)        1478M (36%)        3280M (80%)        3282M (80%)        3284M (80%)        1464M (36%)    
[2025-08-01T14:46:22.590+0000] GC(311)      Used:     2212M (54%)        2618M (64%)         816M (20%)         814M (20%)        2632M (64%)         812M (20%)    
[2025-08-01T14:46:22.590+0000] GC(311)      Live:         -               329M (8%)          329M (8%)          329M (8%)             -                  -          
[2025-08-01T14:46:22.590+0000] GC(311) Allocated:         -               406M (10%)         440M (11%)         444M (11%)            -                  -          
[2025-08-01T14:46:22.590+0000] GC(311)   Garbage:         -              1882M (46%)          46M (1%)           40M (1%)             -                  -          
[2025-08-01T14:46:22.590+0000] GC(311) Reclaimed:         -                  -              1836M (45%)        1842M (45%)            -                  -          
[2025-08-01T14:46:22.590+0000] GC(311) Garbage Collection (Allocation Rate) 2212M(54%)->814M(20%)
[2025-08-01T14:46:22.893+0000] GC(312) Heap before GC invocations=312 (full 312):
[2025-08-01T14:46:22.893+0000] GC(312)  ZHeap           used 2406M, capacity 4096M, max capacity 4096M
[2025-08-01T14:46:22.893+0000] GC(312)  Metaspace       used 10643K, committed 10880K, reserved 1114112K
[2025-08-01T14:46:22.893+0000] GC(312)   class space    used 1265K, committed 1344K, reserved 1048576K
[2025-08-01T14:46:22.893+0000] GC(312) Garbage Collection (Allocation Rate)
[2025-08-01T14:46:22.893+0000] GC(312) Using 2 workers
[2025-08-01T14:46:22.894+0000] GC(312) Pause Mark Start 0.012ms
[2025-08-01T14:46:23.021+0000] GC(312) Concurrent Mark 126.712ms
[2025-08-01T14:46:23.021+0000] GC(312) Pause Mark End 0.020ms
[2025-08-01T14:46:23.022+0000] GC(312) Concurrent Mark Free 0.003ms
[2025-08-01T14:46:23.026+0000] GC(312) Concurrent Process Non-Strong References 4.089ms
[2025-08-01T14:46:23.026+0000] GC(312) Concurrent Reset Relocation Set 0.002ms
[2025-08-01T14:46:23.029+0000] GC(312) Concurrent Select Relocation Set 3.207ms
[2025-08-01T14:46:23.029+0000] GC(312) Pause Relocate Start 0.015ms
[2025-08-01T14:46:23.031+0000] GC(312) Concurrent Relocate 1.388ms
[2025-08-01T14:46:23.031+0000] GC(312) Heap after GC invocations=313 (full 313):
[2025-08-01T14:46:23.031+0000] GC(312)  ZHeap           used 1254M, capacity 4096M, max capacity 4096M
[2025-08-01T14:46:23.031+0000] GC(312)  Metaspace       used 10643K, committed 10880K, reserved 1114112K
[2025-08-01T14:46:23.031+0000] GC(312)   class space    used 1265K, committed 1344K, reserved 1048576K
[2025-08-01T14:46:23.031+0000] GC(312) Load: 1.59/0.83/0.37
[2025-08-01T14:46:23.031+0000] GC(312) MMU: 2ms/90.0%, 5ms/96.0%, 10ms/97.9%, 20ms/98.9%, 50ms/99.6%, 100ms/99.8%
[2025-08-01T14:46:23.031+0000] GC(312) Mark: 2 stripe(s), 2 proactive flush(es), 1 terminate flush(es), 0 completion(s), 0 continuation(s) 
[2025-08-01T14:46:23.031+0000] GC(312) Mark Stack Usage: 32M
[2025-08-01T14:46:23.031+0000] GC(312) NMethods: 1415 registered, 180 unregistered
[2025-08-01T14:46:23.031+0000] GC(312) Metaspace: 10M used, 10M committed, 1088M reserved
[2025-08-01T14:46:23.031+0000] GC(312) Soft: 228 encountered, 0 discovered, 0 enqueued
[2025-08-01T14:46:23.031+0000] GC(312) Weak: 934 encountered, 652 discovered, 0 enqueued
[2025-08-01T14:46:23.031+0000] GC(312) Final: 0 encountered, 0 discovered, 0 enqueued
[2025-08-01T14:46:23.031+0000] GC(312) Phantom: 3 encountered, 1 discovered, 0 enqueued
[2025-08-01T14:46:23.031+0000] GC(312) Small Pages: 1191 / 2382M, Empty: 1832M, Relocated: 3M, In-Place: 0
[2025-08-01T14:46:23.031+0000] GC(312) Medium Pages: 1 / 32M, Empty: 0M, Relocated: 0M, In-Place: 0
[2025-08-01T14:46:23.031+0000] GC(312) Large Pages: 0 / 0M, Empty: 0M, Relocated: 0M, In-Place: 0
[2025-08-01T14:46:23.031+0000] GC(312) Forwarding Usage: 0M
[2025-08-01T14:46:23.031+0000] GC(312) Min Capacity: 4096M(100%)
[2025-08-01T14:46:23.031+0000] GC(312) Max Capacity: 4096M(100%)
[2025-08-01T14:46:23.031+0000] GC(312) Soft Max Capacity: 4096M(100%)
[2025-08-01T14:46:23.031+0000] GC(312)                Mark Start          Mark End        Relocate Start      Relocate End           High               Low         
[2025-08-01T14:46:23.031+0000] GC(312)  Capacity:     4096M (100%)       4096M (100%)       4096M (100%)       4096M (100%)       4096M (100%)       4096M (100%)   
[2025-08-01T14:46:23.031+0000] GC(312)      Free:     1682M (41%)        1038M (25%)        2836M (69%)        2844M (69%)        2844M (69%)        1018M (25%)    
[2025-08-01T14:46:23.031+0000] GC(312)      Used:     2414M (59%)        3058M (75%)        1260M (31%)        1252M (31%)        3078M (75%)        1252M (31%)    
[2025-08-01T14:46:23.031+0000] GC(312)      Live:         -               530M (13%)         530M (13%)         530M (13%)            -                  -          
[2025-08-01T14:46:23.031+0000] GC(312) Allocated:         -               644M (16%)         678M (17%)         682M (17%)            -                  -          
[2025-08-01T14:46:23.031+0000] GC(312)   Garbage:         -              1883M (46%)          51M (1%)           39M (1%)             -                  -          
[2025-08-01T14:46:23.031+0000] GC(312) Reclaimed:         -                  -              1832M (45%)        1844M (45%)            -                  -          
[2025-08-01T14:46:23.031+0000] GC(312) Garbage Collection (Allocation Rate) 2414M(59%)->1252M(31%)
[2025-08-01T14:46:23.293+0000] GC(313) Heap before GC invocations=313 (full 313):
[2025-08-01T14:46:23.294+0000] GC(313)  ZHeap           used 2632M, capacity 4096M, max capacity 4096M
[2025-08-01T14:46:23.294+0000] GC(313)  Metaspace       used 10643K, committed 10880K, reserved 1114112K
[2025-08-01T14:46:23.294+0000] GC(313)   class space    used 1265K, committed 1344K, reserved 1048576K
[2025-08-01T14:46:23.294+0000] GC(313) Garbage Collection (Allocation Rate)
[2025-08-01T14:46:23.294+0000] GC(313) Using 2 workers
[2025-08-01T14:46:23.294+0000] GC(313) Pause Mark Start 0.007ms
[2025-08-01T14:46:23.494+0000] GC(313) Concurrent Mark 199.475ms
[2025-08-01T14:46:23.494+0000] GC(313) Pause Mark End 0.017ms
[2025-08-01T14:46:23.494+0000] GC(313) Concurrent Mark Free 0.002ms
[2025-08-01T14:46:23.499+0000] GC(313) Concurrent Process Non-Strong References 4.272ms
[2025-08-01T14:46:23.499+0000] GC(313) Concurrent Reset Relocation Set 0.003ms
[2025-08-01T14:46:23.505+0000] GC(313) Concurrent Select Relocation Set 6.670ms
[2025-08-01T14:46:23.506+0000] GC(313) Pause Relocate Start 0.012ms
[2025-08-01T14:46:23.509+0000] GC(313) Concurrent Relocate 3.007ms
[2025-08-01T14:46:23.509+0000] GC(313) Heap after GC invocations=314 (full 314):
[2025-08-01T14:46:23.509+0000] GC(313)  ZHeap           used 1558M, capacity 4096M, max capacity 4096M
[2025-08-01T14:46:23.509+0000] GC(313)  Metaspace       used 10643K, committed 10880K, reserved 1114112K
[2025-08-01T14:46:23.509+0000] GC(313)   class space    used 1265K, committed 1344K, reserved 1048576K
[2025-08-01T14:46:23.509+0000] GC(313) Load: 1.59/0.83/0.37
[2025-08-01T14:46:23.509+0000] GC(313) MMU: 2ms/90.0%, 5ms/96.0%, 10ms/97.9%, 20ms/98.9%, 50ms/99.6%, 100ms/99.8%
[2025-08-01T14:46:23.509+0000] GC(313) Mark: 2 stripe(s), 3 proactive flush(es), 1 terminate flush(es), 0 completion(s), 0 continuation(s) 
[2025-08-01T14:46:23.509+0000] GC(313) Mark Stack Usage: 32M
[2025-08-01T14:46:23.509+0000] GC(313) NMethods: 1415 registered, 180 unregistered
[2025-08-01T14:46:23.509+0000] GC(313) Metaspace: 10M used, 10M committed, 1088M reserved
[2025-08-01T14:46:23.509+0000] GC(313) Soft: 228 encountered, 0 discovered, 0 enqueued
[2025-08-01T14:46:23.509+0000] GC(313) Weak: 934 encountered, 705 discovered, 0 enqueued
[2025-08-01T14:46:23.509+0000] GC(313) Final: 0 encountered, 0 discovered, 0 enqueued
[2025-08-01T14:46:23.509+0000] GC(313) Phantom: 3 encountered, 1 discovered, 0 enqueued
[2025-08-01T14:46:23.509+0000] GC(313) Small Pages: 1301 / 2602M, Empty: 2022M, Relocated: 6M, In-Place: 0
[2025-08-01T14:46:23.509+0000] GC(313) Medium Pages: 1 / 32M, Empty: 0M, Relocated: 0M, In-Place: 0
[2025-08-01T14:46:23.509+0000] GC(313) Large Pages: 0 / 0M, Empty: 0M, Relocated: 0M, In-Place: 0
[2025-08-01T14:46:23.509+0000] GC(313) Forwarding Usage: 0M
[2025-08-01T14:46:23.509+0000] GC(313) Min Capacity: 4096M(100%)
[2025-08-01T14:46:23.509+0000] GC(313) Max Capacity: 4096M(100%)
[2025-08-01T14:46:23.509+0000] GC(313) Soft Max Capacity: 4096M(100%)
[2025-08-01T14:46:23.509+0000] GC(313)                Mark Start          Mark End        Relocate Start      Relocate End           High               Low         
[2025-08-01T14:46:23.509+0000] GC(313)  Capacity:     4096M (100%)       4096M (100%)       4096M (100%)       4096M (100%)       4096M (100%)       4096M (100%)   
[2025-08-01T14:46:23.509+0000] GC(313)      Free:     1462M (36%)         604M (15%)        2542M (62%)        2538M (62%)        2550M (62%)         572M (14%)    
[2025-08-01T14:46:23.509+0000] GC(313)      Used:     2634M (64%)        3492M (85%)        1554M (38%)        1558M (38%)        3524M (86%)        1546M (38%)    
[2025-08-01T14:46:23.509+0000] GC(313)      Live:         -               550M (13%)         550M (13%)         550M (13%)            -                  -          
[2025-08-01T14:46:23.509+0000] GC(313) Allocated:         -               858M (21%)         942M (23%)         966M (24%)            -                  -          
[2025-08-01T14:46:23.509+0000] GC(313)   Garbage:         -              2083M (51%)          61M (1%)           41M (1%)             -                  -          
[2025-08-01T14:46:23.509+0000] GC(313) Reclaimed:         -                  -              2022M (49%)        2042M (50%)            -                  -          
[2025-08-01T14:46:23.509+0000] GC(313) Garbage Collection (Allocation Rate) 2634M(64%)->1558M(38%)
[2025-08-01T14:46:23.593+0000] GC(314) Heap before GC invocations=314 (full 314):
[2025-08-01T14:46:23.593+0000] GC(314)  ZHeap           used 2014M, capacity 4096M, max capacity 4096M
[2025-08-01T14:46:23.593+0000] GC(314)  Metaspace       used 10643K, committed 10880K, reserved 1114112K
[2025-08-01T14:46:23.593+0000] GC(314)   class space    used 1265K, committed 1344K, reserved 1048576K
[2025-08-01T14:46:23.593+0000] GC(314) Garbage Collection (Allocation Rate)
[2025-08-01T14:46:23.594+0000] GC(314) Using 2 workers
[2025-08-01T14:46:23.594+0000] GC(314) Pause Mark Start 0.007ms
[2025-08-01T14:46:23.665+0000] GC(314) Concurrent Mark 70.778ms
[2025-08-01T14:46:23.665+0000] GC(314) Pause Mark End 0.016ms
[2025-08-01T14:46:23.665+0000] GC(314) Concurrent Mark Free 0.001ms
[2025-08-01T14:46:23.667+0000] GC(314) Concurrent Process Non-Strong References 2.455ms
[2025-08-01T14:46:23.667+0000] GC(314) Concurrent Reset Relocation Set 0.002ms
[2025-08-01T14:46:23.669+0000] GC(314) Concurrent Select Relocation Set 1.925ms
[2025-08-01T14:46:23.670+0000] GC(314) Pause Relocate Start 0.012ms
[2025-08-01T14:46:23.671+0000] GC(314) Concurrent Relocate 0.828ms
[2025-08-01T14:46:23.671+0000] GC(314) Heap after GC invocations=315 (full 315):
[2025-08-01T14:46:23.671+0000] GC(314)  ZHeap           used 762M, capacity 4096M, max capacity 4096M
[2025-08-01T14:46:23.671+0000] GC(314)  Metaspace       used 10643K, committed 10880K, reserved 1114112K
[2025-08-01T14:46:23.671+0000] GC(314)   class space    used 1265K, committed 1344K, reserved 1048576K
[2025-08-01T14:46:23.671+0000] GC(314) Load: 1.59/0.83/0.37
[2025-08-01T14:46:23.671+0000] GC(314) MMU: 2ms/90.0%, 5ms/96.0%, 10ms/97.9%, 20ms/98.9%, 50ms/99.6%, 100ms/99.8%
[2025-08-01T14:46:23.671+0000] GC(314) Mark: 2 stripe(s), 2 proactive flush(es), 1 terminate flush(es), 0 completion(s), 0 continuation(s) 
[2025-08-01T14:46:23.671+0000] GC(314) Mark Stack Usage: 32M
[2025-08-01T14:46:23.671+0000] GC(314) NMethods: 1415 registered, 180 unregistered
[2025-08-01T14:46:23.671+0000] GC(314) Metaspace: 10M used, 10M committed, 1088M reserved
[2025-08-01T14:46:23.671+0000] GC(314) Soft: 228 encountered, 0 discovered, 0 enqueued
[2025-08-01T14:46:23.671+0000] GC(314) Weak: 934 encountered, 653 discovered, 0 enqueued
[2025-08-01T14:46:23.671+0000] GC(314) Final: 0 encountered, 0 discovered, 0 enqueued
[2025-08-01T14:46:23.671+0000] GC(314) Phantom: 3 encountered, 1 discovered, 0 enqueued
[2025-08-01T14:46:23.671+0000] GC(314) Small Pages: 991 / 1982M, Empty: 1638M, Relocated: 1M, In-Place: 0
[2025-08-01T14:46:23.671+0000] GC(314) Medium Pages: 1 / 32M, Empty: 0M, Relocated: 0M, In-Place: 0
[2025-08-01T14:46:23.671+0000] GC(314) Large Pages: 0 / 0M, Empty: 0M, Relocated: 0M, In-Place: 0
[2025-08-01T14:46:23.671+0000] GC(314) Forwarding Usage: 0M
[2025-08-01T14:46:23.671+0000] GC(314) Min Capacity: 4096M(100%)
[2025-08-01T14:46:23.671+0000] GC(314) Max Capacity: 4096M(100%)
[2025-08-01T14:46:23.671+0000] GC(314) Soft Max Capacity: 4096M(100%)
[2025-08-01T14:46:23.671+0000] GC(314)                Mark Start          Mark End        Relocate Start      Relocate End           High               Low         
[2025-08-01T14:46:23.671+0000] GC(314)  Capacity:     4096M (100%)       4096M (100%)       4096M (100%)       4096M (100%)       4096M (100%)       4096M (100%)   
[2025-08-01T14:46:23.671+0000] GC(314)      Free:     2082M (51%)        1712M (42%)        3330M (81%)        3334M (81%)        3334M (81%)        1704M (42%)    
[2025-08-01T14:46:23.671+0000] GC(314)      Used:     2014M (49%)        2384M (58%)         766M (19%)         762M (19%)        2392M (58%)         762M (19%)    
[2025-08-01T14:46:23.671+0000] GC(314)      Live:         -               330M (8%)          330M (8%)          330M (8%)             -                  -          
[2025-08-01T14:46:23.671+0000] GC(314) Allocated:         -               370M (9%)          390M (10%)         392M (10%)            -                  -          
[2025-08-01T14:46:23.671+0000] GC(314)   Garbage:         -              1683M (41%)          45M (1%)           39M (1%)             -                  -          
[2025-08-01T14:46:23.671+0000] GC(314) Reclaimed:         -                  -              1638M (40%)        1644M (40%)            -                  -          
[2025-08-01T14:46:23.671+0000] GC(314) Garbage Collection (Allocation Rate) 2014M(49%)->762M(19%)
[2025-08-01T14:46:23.693+0000] === Garbage Collection Statistics =======================================================================================================================
[2025-08-01T14:46:23.694+0000]                                                              Last 10s              Last 10m              Last 10h                Total
[2025-08-01T14:46:23.694+0000]                                                              Avg / Max             Avg / Max             Avg / Max             Avg / Max
[2025-08-01T14:46:23.694+0000]   Collector: Garbage Collection Cycle                    134.817 / 215.594     146.606 / 346.825     146.606 / 346.825     146.606 / 346.825     ms
[2025-08-01T14:46:23.694+0000]  Contention: Mark Segment Reset Contention                     0 / 1                 0 / 2                 0 / 2                 0 / 2           ops/s
[2025-08-01T14:46:23.694+0000]  Contention: Mark SeqNum Reset Contention                      0 / 0                 0 / 1                 0 / 1                 0 / 1           ops/s
[2025-08-01T14:46:23.694+0000]    Critical: Allocation Stall                                  0 / 0                 0 / 0                 0 / 0                 0 / 0           ops/s
[2025-08-01T14:46:23.694+0000]    Critical: Allocation Stall                              0.000 / 0.000         0.000 / 0.000         0.000 / 0.000         0.000 / 0.000       ms
[2025-08-01T14:46:23.694+0000]    Critical: GC Locker Stall                                   0 / 0                 0 / 0                 0 / 0                 0 / 0           ops/s
[2025-08-01T14:46:23.694+0000]    Critical: GC Locker Stall                               0.000 / 0.000         0.000 / 0.000         0.000 / 0.000         0.000 / 0.000       ms
[2025-08-01T14:46:23.694+0000]    Critical: Relocation Stall                                  0 / 0                 0 / 0                 0 / 0                 0 / 0           ops/s
[2025-08-01T14:46:23.694+0000]    Critical: Relocation Stall                              0.000 / 0.000         0.000 / 0.000         0.000 / 0.000         0.000 / 0.000       ms
[2025-08-01T14:46:23.694+0000]      Memory: Allocation Rate                                4913 / 5234           4669 / 5234           4669 / 5234           4669 / 5234        MB/s
[2025-08-01T14:46:23.694+0000]      Memory: Defragment                                        0 / 0                 0 / 0                 0 / 0                 0 / 0           ops/s
[2025-08-01T14:46:23.694+0000]      Memory: Out Of Memory                                     0 / 0                 0 / 0                 0 / 0                 0 / 0           ops/s
[2025-08-01T14:46:23.694+0000]      Memory: Page Cache Flush                                  0 / 0                 0 / 0                 0 / 0                 0 / 0           MB/s
[2025-08-01T14:46:23.694+0000]      Memory: Page Cache Hit L1                              2464 / 2621           2326 / 2621           2326 / 2621           2326 / 2621        ops/s
[2025-08-01T14:46:23.694+0000]      Memory: Page Cache Hit L2                                 0 / 0                 0 / 0                 0 / 0                 0 / 0           ops/s
[2025-08-01T14:46:23.694+0000]      Memory: Page Cache Hit L3                                 0 / 0                14 / 551              14 / 551              14 / 551         ops/s
[2025-08-01T14:46:23.694+0000]      Memory: Page Cache Miss                                   0 / 0                 0 / 1                 0 / 1                 0 / 1           ops/s
[2025-08-01T14:46:23.694+0000]      Memory: Uncommit                                          0 / 0                 0 / 0                 0 / 0                 0 / 0           MB/s
[2025-08-01T14:46:23.694+0000]      Memory: Undo Object Allocation Failed                     0 / 0                 0 / 3                 0 / 3                 0 / 3           ops/s
[2025-08-01T14:46:23.694+0000]      Memory: Undo Object Allocation Succeeded                  0 / 0                 0 / 3                 0 / 3                 0 / 3           ops/s
[2025-08-01T14:46:23.694+0000]      Memory: Undo Page Allocation                              0 / 0                 0 / 1                 0 / 1                 0 / 1           ops/s
[2025-08-01T14:46:23.694+0000]       Phase: Concurrent Mark                             124.247 / 200.577     134.484 / 335.006     134.484 / 335.006     134.484 / 335.006     ms
[2025-08-01T14:46:23.694+0000]       Phase: Concurrent Mark Continue                      0.000 / 0.000         0.000 / 0.000         0.000 / 0.000         0.000 / 0.000       ms
[2025-08-01T14:46:23.694+0000]       Phase: Concurrent Mark Free                          0.002 / 0.004         0.002 / 0.005         0.002 / 0.005         0.002 / 0.005       ms
[2025-08-01T14:46:23.694+0000]       Phase: Concurrent Process Non-Strong References      3.679 / 14.556        3.779 / 14.556        3.779 / 14.556        3.779 / 14.556      ms
[2025-08-01T14:46:23.694+0000]       Phase: Concurrent Relocate                           1.462 / 4.623         2.206 / 16.307        2.206 / 16.307        2.206 / 16.307      ms
[2025-08-01T14:46:23.694+0000]       Phase: Concurrent Reset Relocation Set               0.002 / 0.004         0.003 / 0.065         0.003 / 0.065         0.003 / 0.065       ms
[2025-08-01T14:46:23.694+0000]       Phase: Concurrent Select Relocation Set              3.289 / 7.545         3.726 / 16.702        3.726 / 16.702        3.726 / 16.702      ms
[2025-08-01T14:46:23.694+0000]       Phase: Pause Mark End                                0.020 / 0.074         0.021 / 0.200         0.021 / 0.200         0.021 / 0.200       ms
[2025-08-01T14:46:23.694+0000]       Phase: Pause Mark Start                              0.016 / 0.064         0.014 / 0.088         0.014 / 0.088         0.014 / 0.088       ms
[2025-08-01T14:46:23.694+0000]       Phase: Pause Relocate Start                          0.014 / 0.076         0.014 / 0.143         0.014 / 0.143         0.014 / 0.143       ms
[2025-08-01T14:46:23.694+0000]    Subphase: Concurrent Classes Purge                      0.032 / 0.301         0.037 / 1.924         0.037 / 1.924         0.037 / 1.924       ms
[2025-08-01T14:46:23.694+0000]    Subphase: Concurrent Classes Unlink                     2.346 / 8.637         2.415 / 8.637         2.415 / 8.637         2.415 / 8.637       ms
[2025-08-01T14:46:23.694+0000]    Subphase: Concurrent Mark                             122.999 / 199.726     132.992 / 334.367     132.992 / 334.367     132.992 / 334.367     ms
[2025-08-01T14:46:23.694+0000]    Subphase: Concurrent Mark Try Flush                     0.384 / 1.846         0.508 / 7.713         0.508 / 7.713         0.508 / 7.713       ms
[2025-08-01T14:46:23.694+0000]    Subphase: Concurrent Mark Try Terminate                 0.861 / 2.259         0.917 / 4.798         0.917 / 4.798         0.917 / 4.798       ms
[2025-08-01T14:46:23.694+0000]    Subphase: Concurrent References Enqueue                 0.001 / 0.002         0.001 / 0.006         0.001 / 0.006         0.001 / 0.006       ms
[2025-08-01T14:46:23.694+0000]    Subphase: Concurrent References Process                 0.273 / 0.516         0.315 / 1.918         0.315 / 1.918         0.315 / 1.918       ms
[2025-08-01T14:46:23.694+0000]    Subphase: Concurrent Roots ClassLoaderDataGraph         0.099 / 0.368         0.127 / 2.268         0.127 / 2.268         0.127 / 2.268       ms
[2025-08-01T14:46:23.694+0000]    Subphase: Concurrent Roots CodeCache                    0.000 / 0.000         0.000 / 0.000         0.000 / 0.000         0.000 / 0.000       ms
[2025-08-01T14:46:23.694+0000]    Subphase: Concurrent Roots JavaThreads                  0.120 / 0.449         0.122 / 2.387         0.122 / 2.387         0.122 / 2.387       ms
[2025-08-01T14:46:23.694+0000]    Subphase: Concurrent Roots OopStorageSet                0.021 / 0.049         0.028 / 0.238         0.028 / 0.238         0.028 / 0.238       ms
[2025-08-01T14:46:23.694+0000]    Subphase: Concurrent Weak Roots OopStorageSet           0.205 / 1.799         0.217 / 2.271         0.217 / 2.271         0.217 / 2.271       ms
[2025-08-01T14:46:23.694+0000]    Subphase: Pause Mark Try Complete                       0.000 / 0.000         0.000 / 0.000         0.000 / 0.000         0.000 / 0.000       ms
[2025-08-01T14:46:23.694+0000]      System: Java Threads                                     14 / 14               14 / 14               14 / 14               14 / 14          threads
[2025-08-01T14:46:23.694+0000] =========================================================================================================================================================
[2025-08-01T14:46:23.994+0000] GC(315) Heap before GC invocations=315 (full 315):
[2025-08-01T14:46:23.994+0000] GC(315)  ZHeap           used 2396M, capacity 4096M, max capacity 4096M
[2025-08-01T14:46:23.994+0000] GC(315)  Metaspace       used 10643K, committed 10880K, reserved 1114112K
[2025-08-01T14:46:23.994+0000] GC(315)   class space    used 1265K, committed 1344K, reserved 1048576K
[2025-08-01T14:46:23.994+0000] GC(315) Garbage Collection (Allocation Rate)
[2025-08-01T14:46:23.994+0000] GC(315) Using 2 workers
[2025-08-01T14:46:23.994+0000] GC(315) Pause Mark Start 0.015ms
[2025-08-01T14:46:24.167+0000] GC(315) Concurrent Mark 172.498ms
[2025-08-01T14:46:24.167+0000] GC(315) Pause Mark End 0.015ms
[2025-08-01T14:46:24.167+0000] GC(315) Concurrent Mark Free 0.001ms
[2025-08-01T14:46:24.170+0000] GC(315) Concurrent Process Non-Strong References 2.613ms
[2025-08-01T14:46:24.170+0000] GC(315) Concurrent Reset Relocation Set 0.002ms
[2025-08-01T14:46:24.173+0000] GC(315) Concurrent Select Relocation Set 2.577ms
[2025-08-01T14:46:24.173+0000] GC(315) Pause Relocate Start 0.010ms
[2025-08-01T14:46:24.174+0000] GC(315) Concurrent Relocate 0.521ms
[2025-08-01T14:46:24.174+0000] GC(315) Heap after GC invocations=316 (full 316):
[2025-08-01T14:46:24.174+0000] GC(315)  ZHeap           used 1368M, capacity 4096M, max capacity 4096M
[2025-08-01T14:46:24.174+0000] GC(315)  Metaspace       used 10643K, committed 10880K, reserved 1114112K
[2025-08-01T14:46:24.174+0000] GC(315)   class space    used 1265K, committed 1344K, reserved 1048576K
[2025-08-01T14:46:24.174+0000] GC(315) Load: 1.59/0.83/0.37
[2025-08-01T14:46:24.174+0000] GC(315) MMU: 2ms/90.0%, 5ms/96.0%, 10ms/97.9%, 20ms/98.9%, 50ms/99.6%, 100ms/99.8%
[2025-08-01T14:46:24.174+0000] GC(315) Mark: 2 stripe(s), 4 proactive flush(es), 1 terminate flush(es), 0 completion(s), 0 continuation(s) 
[2025-08-01T14:46:24.174+0000] GC(315) Mark Stack Usage: 32M
[2025-08-01T14:46:24.174+0000] GC(315) NMethods: 1415 registered, 180 unregistered
[2025-08-01T14:46:24.174+0000] GC(315) Metaspace: 10M used, 10M committed, 1088M reserved
[2025-08-01T14:46:24.174+0000] GC(315) Soft: 228 encountered, 0 discovered, 0 enqueued
[2025-08-01T14:46:24.174+0000] GC(315) Weak: 934 encountered, 719 discovered, 0 enqueued
[2025-08-01T14:46:24.174+0000] GC(315) Final: 0 encountered, 0 discovered, 0 enqueued
[2025-08-01T14:46:24.174+0000] GC(315) Phantom: 3 encountered, 2 discovered, 0 enqueued
[2025-08-01T14:46:24.174+0000] GC(315) Small Pages: 1182 / 2364M, Empty: 1832M, Relocated: 1M, In-Place: 0
[2025-08-01T14:46:24.174+0000] GC(315) Medium Pages: 1 / 32M, Empty: 0M, Relocated: 0M, In-Place: 0
[2025-08-01T14:46:24.174+0000] GC(315) Large Pages: 0 / 0M, Empty: 0M, Relocated: 0M, In-Place: 0
[2025-08-01T14:46:24.174+0000] GC(315) Forwarding Usage: 0M
[2025-08-01T14:46:24.174+0000] GC(315) Min Capacity: 4096M(100%)
[2025-08-01T14:46:24.174+0000] GC(315) Max Capacity: 4096M(100%)
[2025-08-01T14:46:24.174+0000] GC(315) Soft Max Capacity: 4096M(100%)
[2025-08-01T14:46:24.174+0000] GC(315)                Mark Start          Mark End        Relocate Start      Relocate End           High               Low         
[2025-08-01T14:46:24.174+0000] GC(315)  Capacity:     4096M (100%)       4096M (100%)       4096M (100%)       4096M (100%)       4096M (100%)       4096M (100%)   
[2025-08-01T14:46:24.174+0000] GC(315)      Free:     1700M (42%)         922M (23%)        2724M (67%)        2730M (67%)        2730M (67%)         906M (22%)    
[2025-08-01T14:46:24.174+0000] GC(315)      Used:     2396M (58%)        3174M (77%)        1372M (33%)        1366M (33%)        3190M (78%)        1366M (33%)    
[2025-08-01T14:46:24.174+0000] GC(315)      Live:         -               513M (13%)         513M (13%)         513M (13%)            -                  -          
[2025-08-01T14:46:24.174+0000] GC(315) Allocated:         -               778M (19%)         808M (20%)         810M (20%)            -                  -          
[2025-08-01T14:46:24.174+0000] GC(315)   Garbage:         -              1882M (46%)          50M (1%)           42M (1%)             -                  -          
[2025-08-01T14:46:24.174+0000] GC(315) Reclaimed:         -                  -              1832M (45%)        1840M (45%)            -                  -          
[2025-08-01T14:46:24.174+0000] GC(315) Garbage Collection (Allocation Rate) 2396M(58%)->1366M(33%)
[2025-08-01T14:46:24.293+0000] GC(316) Heap before GC invocations=316 (full 316):
[2025-08-01T14:46:24.293+0000] GC(316)  ZHeap           used 1900M, capacity 4096M, max capacity 4096M
[2025-08-01T14:46:24.293+0000] GC(316)  Metaspace       used 10643K, committed 10880K, reserved 1114112K
[2025-08-01T14:46:24.293+0000] GC(316)   class space    used 1265K, committed 1344K, reserved 1048576K
[2025-08-01T14:46:24.293+0000] GC(316) Garbage Collection (Allocation Rate)
[2025-08-01T14:46:24.293+0000] GC(316) Using 2 workers
[2025-08-01T14:46:24.293+0000] GC(316) Pause Mark Start 0.007ms
[2025-08-01T14:46:24.343+0000] GC(316) Concurrent Mark 49.606ms
[2025-08-01T14:46:24.343+0000] GC(316) Pause Mark End 0.020ms
[2025-08-01T14:46:24.343+0000] GC(316) Concurrent Mark Free 0.003ms
[2025-08-01T14:46:24.347+0000] GC(316) Concurrent Process Non-Strong References 3.633ms
[2025-08-01T14:46:24.347+0000] GC(316) Concurrent Reset Relocation Set 0.002ms
[2025-08-01T14:46:24.351+0000] GC(316) Concurrent Select Relocation Set 3.749ms
[2025-08-01T14:46:24.351+0000] GC(316) Pause Relocate Start 0.013ms
[2025-08-01T14:46:24.352+0000] GC(316) Concurrent Relocate 0.885ms
[2025-08-01T14:46:24.352+0000] GC(316) Heap after GC invocations=317 (full 317):
[2025-08-01T14:46:24.352+0000] GC(316)  ZHeap           used 496M, capacity 4096M, max capacity 4096M
[2025-08-01T14:46:24.352+0000] GC(316)  Metaspace       used 10643K, committed 10880K, reserved 1114112K
[2025-08-01T14:46:24.352+0000] GC(316)   class space    used 1265K, committed 1344K, reserved 1048576K
[2025-08-01T14:46:24.353+0000] GC(316) Load: 1.59/0.83/0.37
[2025-08-01T14:46:24.353+0000] GC(316) MMU: 2ms/90.0%, 5ms/96.0%, 10ms/97.9%, 20ms/98.9%, 50ms/99.6%, 100ms/99.8%
[2025-08-01T14:46:24.353+0000] GC(316) Mark: 2 stripe(s), 2 proactive flush(es), 1 terminate flush(es), 0 completion(s), 0 continuation(s) 
[2025-08-01T14:46:24.353+0000] GC(316) Mark Stack Usage: 32M
[2025-08-01T14:46:24.353+0000] GC(316) NMethods: 1415 registered, 180 unregistered
[2025-08-01T14:46:24.353+0000] GC(316) Metaspace: 10M used, 10M committed, 1088M reserved
[2025-08-01T14:46:24.353+0000] GC(316) Soft: 228 encountered, 0 discovered, 0 enqueued
[2025-08-01T14:46:24.353+0000] GC(316) Weak: 934 encountered, 659 discovered, 0 enqueued
[2025-08-01T14:46:24.353+0000] GC(316) Final: 0 encountered, 0 discovered, 0 enqueued
[2025-08-01T14:46:24.353+0000] GC(316) Phantom: 3 encountered, 1 discovered, 0 enqueued
[2025-08-01T14:46:24.353+0000] GC(316) Small Pages: 935 / 1870M, Empty: 1710M, Relocated: 1M, In-Place: 0
[2025-08-01T14:46:24.353+0000] GC(316) Medium Pages: 1 / 32M, Empty: 0M, Relocated: 0M, In-Place: 0
[2025-08-01T14:46:24.353+0000] GC(316) Large Pages: 0 / 0M, Empty: 0M, Relocated: 0M, In-Place: 0
[2025-08-01T14:46:24.353+0000] GC(316) Forwarding Usage: 0M
[2025-08-01T14:46:24.353+0000] GC(316) Min Capacity: 4096M(100%)
[2025-08-01T14:46:24.353+0000] GC(316) Max Capacity: 4096M(100%)
[2025-08-01T14:46:24.353+0000] GC(316) Soft Max Capacity: 4096M(100%)
[2025-08-01T14:46:24.353+0000] GC(316)                Mark Start          Mark End        Relocate Start      Relocate End           High               Low         
[2025-08-01T14:46:24.353+0000] GC(316)  Capacity:     4096M (100%)       4096M (100%)       4096M (100%)       4096M (100%)       4096M (100%)       4096M (100%)   
[2025-08-01T14:46:24.353+0000] GC(316)      Free:     2194M (54%)        1924M (47%)        3596M (88%)        3600M (88%)        3600M (88%)        1906M (47%)    
[2025-08-01T14:46:24.353+0000] GC(316)      Used:     1902M (46%)        2172M (53%)         500M (12%)         496M (12%)        2190M (53%)         496M (12%)    
[2025-08-01T14:46:24.353+0000] GC(316)      Live:         -               147M (4%)          147M (4%)          147M (4%)             -                  -          
[2025-08-01T14:46:24.353+0000] GC(316) Allocated:         -               270M (7%)          308M (8%)          310M (8%)             -                  -          
[2025-08-01T14:46:24.353+0000] GC(316)   Garbage:         -              1754M (43%)          44M (1%)           38M (1%)             -                  -          
[2025-08-01T14:46:24.353+0000] GC(316) Reclaimed:         -                  -              1710M (42%)        1716M (42%)            -                  -          
[2025-08-01T14:46:24.353+0000] GC(316) Garbage Collection (Allocation Rate) 1902M(46%)->496M(12%)
[2025-08-01T14:46:24.693+0000] GC(317) Heap before GC invocations=317 (full 317):
[2025-08-01T14:46:24.693+0000] GC(317)  ZHeap           used 2342M, capacity 4096M, max capacity 4096M
[2025-08-01T14:46:24.693+0000] GC(317)  Metaspace       used 10643K, committed 10880K, reserved 1114112K
[2025-08-01T14:46:24.693+0000] GC(317)   class space    used 1265K, committed 1344K, reserved 1048576K
[2025-08-01T14:46:24.693+0000] GC(317) Garbage Collection (Allocation Rate)
[2025-08-01T14:46:24.693+0000] GC(317) Using 2 workers
[2025-08-01T14:46:24.693+0000] GC(317) Pause Mark Start 0.009ms
[2025-08-01T14:46:24.779+0000] GC(317) Concurrent Mark 85.392ms
[2025-08-01T14:46:24.779+0000] GC(317) Pause Mark End 0.017ms
[2025-08-01T14:46:24.779+0000] GC(317) Concurrent Mark Free 0.002ms
[2025-08-01T14:46:24.782+0000] GC(317) Concurrent Process Non-Strong References 2.893ms
[2025-08-01T14:46:24.782+0000] GC(317) Concurrent Reset Relocation Set 0.002ms
[2025-08-01T14:46:24.785+0000] GC(317) Concurrent Select Relocation Set 3.029ms
[2025-08-01T14:46:24.786+0000] GC(317) Pause Relocate Start 0.017ms
[2025-08-01T14:46:24.787+0000] GC(317) Concurrent Relocate 1.320ms
[2025-08-01T14:46:24.787+0000] GC(317) Heap after GC invocations=318 (full 318):
[2025-08-01T14:46:24.787+0000] GC(317)  ZHeap           used 830M, capacity 4096M, max capacity 4096M
[2025-08-01T14:46:24.787+0000] GC(317)  Metaspace       used 10643K, committed 10880K, reserved 1114112K
[2025-08-01T14:46:24.787+0000] GC(317)   class space    used 1265K, committed 1344K, reserved 1048576K
[2025-08-01T14:46:24.787+0000] GC(317) Load: 1.59/0.83/0.37
[2025-08-01T14:46:24.787+0000] GC(317) MMU: 2ms/90.0%, 5ms/96.0%, 10ms/97.9%, 20ms/98.9%, 50ms/99.6%, 100ms/99.8%
[2025-08-01T14:46:24.787+0000] GC(317) Mark: 2 stripe(s), 2 proactive flush(es), 1 terminate flush(es), 0 completion(s), 0 continuation(s) 
[2025-08-01T14:46:24.787+0000] GC(317) Mark Stack Usage: 32M
[2025-08-01T14:46:24.787+0000] GC(317) NMethods: 1415 registered, 180 unregistered
[2025-08-01T14:46:24.787+0000] GC(317) Metaspace: 10M used, 10M committed, 1088M reserved
[2025-08-01T14:46:24.787+0000] GC(317) Soft: 228 encountered, 0 discovered, 0 enqueued
[2025-08-01T14:46:24.787+0000] GC(317) Weak: 934 encountered, 717 discovered, 0 enqueued
[2025-08-01T14:46:24.787+0000] GC(317) Final: 0 encountered, 0 discovered, 0 enqueued
[2025-08-01T14:46:24.787+0000] GC(317) Phantom: 3 encountered, 2 discovered, 0 enqueued
[2025-08-01T14:46:24.787+0000] GC(317) Small Pages: 1155 / 2310M, Empty: 1966M, Relocated: 5M, In-Place: 0
[2025-08-01T14:46:24.787+0000] GC(317) Medium Pages: 1 / 32M, Empty: 0M, Relocated: 0M, In-Place: 0
[2025-08-01T14:46:24.787+0000] GC(317) Large Pages: 0 / 0M, Empty: 0M, Relocated: 0M, In-Place: 0
[2025-08-01T14:46:24.787+0000] GC(317) Forwarding Usage: 0M
[2025-08-01T14:46:24.787+0000] GC(317) Min Capacity: 4096M(100%)
[2025-08-01T14:46:24.787+0000] GC(317) Max Capacity: 4096M(100%)
[2025-08-01T14:46:24.787+0000] GC(317) Soft Max Capacity: 4096M(100%)
[2025-08-01T14:46:24.787+0000] GC(317)                Mark Start          Mark End        Relocate Start      Relocate End           High               Low         
[2025-08-01T14:46:24.787+0000] GC(317)  Capacity:     4096M (100%)       4096M (100%)       4096M (100%)       4096M (100%)       4096M (100%)       4096M (100%)   
[2025-08-01T14:46:24.787+0000] GC(317)      Free:     1754M (43%)        1324M (32%)        3258M (80%)        3266M (80%)        3266M (80%)        1308M (32%)    
[2025-08-01T14:46:24.787+0000] GC(317)      Used:     2342M (57%)        2772M (68%)         838M (20%)         830M (20%)        2788M (68%)         830M (20%)    
[2025-08-01T14:46:24.787+0000] GC(317)      Live:         -               330M (8%)          330M (8%)          330M (8%)             -                  -          
[2025-08-01T14:46:24.787+0000] GC(317) Allocated:         -               430M (10%)         462M (11%)         462M (11%)            -                  -          
[2025-08-01T14:46:24.787+0000] GC(317)   Garbage:         -              2011M (49%)          45M (1%)           37M (1%)             -                  -          
[2025-08-01T14:46:24.787+0000] GC(317) Reclaimed:         -                  -              1966M (48%)        1974M (48%)            -                  -          
[2025-08-01T14:46:24.788+0000] GC(317) Garbage Collection (Allocation Rate) 2342M(57%)->830M(20%)
[2025-08-01T14:46:25.193+0000] GC(318) Heap before GC invocations=318 (full 318):
[2025-08-01T14:46:25.193+0000] GC(318)  ZHeap           used 2882M, capacity 4096M, max capacity 4096M
[2025-08-01T14:46:25.193+0000] GC(318)  Metaspace       used 10643K, committed 10880K, reserved 1114112K
[2025-08-01T14:46:25.194+0000] GC(318)   class space    used 1265K, committed 1344K, reserved 1048576K
[2025-08-01T14:46:25.194+0000] GC(318) Garbage Collection (Allocation Rate)
[2025-08-01T14:46:25.194+0000] GC(318) Using 2 workers
[2025-08-01T14:46:25.194+0000] GC(318) Pause Mark Start 0.008ms
[2025-08-01T14:46:25.343+0000] GC(318) Concurrent Mark 148.577ms
[2025-08-01T14:46:25.344+0000] GC(318) Pause Mark End 0.015ms
[2025-08-01T14:46:25.344+0000] GC(318) Concurrent Mark Free 0.002ms
[2025-08-01T14:46:25.347+0000] GC(318) Concurrent Process Non-Strong References 3.155ms
[2025-08-01T14:46:25.347+0000] GC(318) Concurrent Reset Relocation Set 0.003ms
[2025-08-01T14:46:25.351+0000] GC(318) Concurrent Select Relocation Set 3.672ms
[2025-08-01T14:46:25.353+0000] GC(318) Pause Relocate Start 0.016ms
[2025-08-01T14:46:25.354+0000] GC(318) Concurrent Relocate 1.530ms
[2025-08-01T14:46:25.354+0000] GC(318) Heap after GC invocations=319 (full 319):
[2025-08-01T14:46:25.354+0000] GC(318)  ZHeap           used 1552M, capacity 4096M, max capacity 4096M
[2025-08-01T14:46:25.355+0000] GC(318)  Metaspace       used 10643K, committed 10880K, reserved 1114112K
[2025-08-01T14:46:25.355+0000] GC(318)   class space    used 1265K, committed 1344K, reserved 1048576K
[2025-08-01T14:46:25.355+0000] GC(318) Load: 1.59/0.83/0.37
[2025-08-01T14:46:25.355+0000] GC(318) MMU: 2ms/90.0%, 5ms/96.0%, 10ms/97.9%, 20ms/98.9%, 50ms/99.6%, 100ms/99.8%
[2025-08-01T14:46:25.355+0000] GC(318) Mark: 2 stripe(s), 2 proactive flush(es), 1 terminate flush(es), 0 completion(s), 0 continuation(s) 
[2025-08-01T14:46:25.355+0000] GC(318) Mark Stack Usage: 32M
[2025-08-01T14:46:25.355+0000] GC(318) NMethods: 1415 registered, 180 unregistered
[2025-08-01T14:46:25.355+0000] GC(318) Metaspace: 10M used, 10M committed, 1088M reserved
[2025-08-01T14:46:25.355+0000] GC(318) Soft: 228 encountered, 0 discovered, 0 enqueued
[2025-08-01T14:46:25.355+0000] GC(318) Weak: 934 encountered, 704 discovered, 0 enqueued
[2025-08-01T14:46:25.355+0000] GC(318) Final: 0 encountered, 0 discovered, 0 enqueued
[2025-08-01T14:46:25.355+0000] GC(318) Phantom: 3 encountered, 1 discovered, 0 enqueued
[2025-08-01T14:46:25.355+0000] GC(318) Small Pages: 1425 / 2850M, Empty: 2136M, Relocated: 3M, In-Place: 0
[2025-08-01T14:46:25.355+0000] GC(318) Medium Pages: 1 / 32M, Empty: 0M, Relocated: 0M, In-Place: 0
[2025-08-01T14:46:25.355+0000] GC(318) Large Pages: 0 / 0M, Empty: 0M, Relocated: 0M, In-Place: 0
[2025-08-01T14:46:25.355+0000] GC(318) Forwarding Usage: 0M
[2025-08-01T14:46:25.355+0000] GC(318) Min Capacity: 4096M(100%)
[2025-08-01T14:46:25.355+0000] GC(318) Max Capacity: 4096M(100%)
[2025-08-01T14:46:25.355+0000] GC(318) Soft Max Capacity: 4096M(100%)
[2025-08-01T14:46:25.355+0000] GC(318)                Mark Start          Mark End        Relocate Start      Relocate End           High               Low         
[2025-08-01T14:46:25.355+0000] GC(318)  Capacity:     4096M (100%)       4096M (100%)       4096M (100%)       4096M (100%)       4096M (100%)       4096M (100%)   
[2025-08-01T14:46:25.355+0000] GC(318)      Free:     1214M (30%)         460M (11%)        2544M (62%)        2544M (62%)        2558M (62%)         442M (11%)    
[2025-08-01T14:46:25.355+0000] GC(318)      Used:     2882M (70%)        3636M (89%)        1552M (38%)        1552M (38%)        3654M (89%)        1538M (38%)    
[2025-08-01T14:46:25.355+0000] GC(318)      Live:         -               692M (17%)         692M (17%)         692M (17%)            -                  -          
[2025-08-01T14:46:25.355+0000] GC(318) Allocated:         -               754M (18%)         806M (20%)         818M (20%)            -                  -          
[2025-08-01T14:46:25.355+0000] GC(318)   Garbage:         -              2189M (53%)          53M (1%)           41M (1%)             -                  -          
[2025-08-01T14:46:25.355+0000] GC(318) Reclaimed:         -                  -              2136M (52%)        2148M (52%)            -                  -          
[2025-08-01T14:46:25.355+0000] GC(318) Garbage Collection (Allocation Rate) 2882M(70%)->1552M(38%)
[2025-08-01T14:46:25.494+0000] GC(319) Heap before GC invocations=319 (full 319):
[2025-08-01T14:46:25.494+0000] GC(319)  ZHeap           used 2274M, capacity 4096M, max capacity 4096M
[2025-08-01T14:46:25.494+0000] GC(319)  Metaspace       used 10643K, committed 10880K, reserved 1114112K
[2025-08-01T14:46:25.494+0000] GC(319)   class space    used 1265K, committed 1344K, reserved 1048576K
[2025-08-01T14:46:25.494+0000] GC(319) Garbage Collection (Allocation Rate)
[2025-08-01T14:46:25.494+0000] GC(319) Using 2 workers
[2025-08-01T14:46:25.494+0000] GC(319) Pause Mark Start 0.014ms
[2025-08-01T14:46:25.643+0000] GC(319) Concurrent Mark 148.313ms
[2025-08-01T14:46:25.644+0000] GC(319) Pause Mark End 0.015ms
[2025-08-01T14:46:25.644+0000] GC(319) Concurrent Mark Free 0.001ms
[2025-08-01T14:46:25.647+0000] GC(319) Concurrent Process Non-Strong References 2.828ms
[2025-08-01T14:46:25.647+0000] GC(319) Concurrent Reset Relocation Set 0.003ms
[2025-08-01T14:46:25.651+0000] GC(319) Concurrent Select Relocation Set 3.844ms
[2025-08-01T14:46:25.651+0000] GC(319) Pause Relocate Start 0.014ms
[2025-08-01T14:46:25.653+0000] GC(319) Concurrent Relocate 1.594ms
[2025-08-01T14:46:25.653+0000] GC(319) Heap after GC invocations=320 (full 320):
[2025-08-01T14:46:25.653+0000] GC(319)  ZHeap           used 1458M, capacity 4096M, max capacity 4096M
[2025-08-01T14:46:25.653+0000] GC(319)  Metaspace       used 10643K, committed 10880K, reserved 1114112K
[2025-08-01T14:46:25.653+0000] GC(319)   class space    used 1265K, committed 1344K, reserved 1048576K
[2025-08-01T14:46:25.653+0000] GC(319) Load: 1.59/0.83/0.37
[2025-08-01T14:46:25.653+0000] GC(319) MMU: 2ms/90.0%, 5ms/96.0%, 10ms/97.9%, 20ms/98.9%, 50ms/99.6%, 100ms/99.8%
[2025-08-01T14:46:25.653+0000] GC(319) Mark: 2 stripe(s), 2 proactive flush(es), 1 terminate flush(es), 0 completion(s), 0 continuation(s) 
[2025-08-01T14:46:25.653+0000] GC(319) Mark Stack Usage: 32M
[2025-08-01T14:46:25.653+0000] GC(319) NMethods: 1415 registered, 180 unregistered
[2025-08-01T14:46:25.653+0000] GC(319) Metaspace: 10M used, 10M committed, 1088M reserved
[2025-08-01T14:46:25.653+0000] GC(319) Soft: 228 encountered, 0 discovered, 0 enqueued
[2025-08-01T14:46:25.653+0000] GC(319) Weak: 934 encountered, 703 discovered, 0 enqueued
[2025-08-01T14:46:25.653+0000] GC(319) Final: 0 encountered, 0 discovered, 0 enqueued
[2025-08-01T14:46:25.653+0000] GC(319) Phantom: 3 encountered, 1 discovered, 0 enqueued
[2025-08-01T14:46:25.653+0000] GC(319) Small Pages: 1122 / 2244M, Empty: 1608M, Relocated: 4M, In-Place: 0
[2025-08-01T14:46:25.653+0000] GC(319) Medium Pages: 1 / 32M, Empty: 0M, Relocated: 0M, In-Place: 0
[2025-08-01T14:46:25.654+0000] GC(319) Large Pages: 0 / 0M, Empty: 0M, Relocated: 0M, In-Place: 0
[2025-08-01T14:46:25.654+0000] GC(319) Forwarding Usage: 0M
[2025-08-01T14:46:25.654+0000] GC(319) Min Capacity: 4096M(100%)
[2025-08-01T14:46:25.654+0000] GC(319) Max Capacity: 4096M(100%)
[2025-08-01T14:46:25.654+0000] GC(319) Soft Max Capacity: 4096M(100%)
[2025-08-01T14:46:25.654+0000] GC(319)                Mark Start          Mark End        Relocate Start      Relocate End           High               Low         
[2025-08-01T14:46:25.654+0000] GC(319)  Capacity:     4096M (100%)       4096M (100%)       4096M (100%)       4096M (100%)       4096M (100%)       4096M (100%)   
[2025-08-01T14:46:25.654+0000] GC(319)      Free:     1820M (44%)        1060M (26%)        2626M (64%)        2638M (64%)        2638M (64%)        1042M (25%)    
[2025-08-01T14:46:25.654+0000] GC(319)      Used:     2276M (56%)        3036M (74%)        1470M (36%)        1458M (36%)        3054M (75%)        1458M (36%)    
[2025-08-01T14:46:25.654+0000] GC(319)      Live:         -               608M (15%)         608M (15%)         608M (15%)            -                  -          
[2025-08-01T14:46:25.654+0000] GC(319) Allocated:         -               760M (19%)         802M (20%)         808M (20%)            -                  -          
[2025-08-01T14:46:25.654+0000] GC(319)   Garbage:         -              1667M (41%)          59M (1%)           41M (1%)             -                  -          
[2025-08-01T14:46:25.654+0000] GC(319) Reclaimed:         -                  -              1608M (39%)        1626M (40%)            -                  -          
[2025-08-01T14:46:25.654+0000] GC(319) Garbage Collection (Allocation Rate) 2276M(56%)->1458M(36%)
[2025-08-01T14:46:25.893+0000] GC(320) Heap before GC invocations=320 (full 320):
[2025-08-01T14:46:25.893+0000] GC(320)  ZHeap           used 2666M, capacity 4096M, max capacity 4096M
[2025-08-01T14:46:25.893+0000] GC(320)  Metaspace       used 10643K, committed 10880K, reserved 1114112K
[2025-08-01T14:46:25.893+0000] GC(320)   class space    used 1265K, committed 1344K, reserved 1048576K
[2025-08-01T14:46:25.893+0000] GC(320) Garbage Collection (Allocation Rate)
[2025-08-01T14:46:25.893+0000] GC(320) Using 2 workers
[2025-08-01T14:46:25.894+0000] GC(320) Pause Mark Start 0.016ms
[2025-08-01T14:46:26.039+0000] GC(320) Concurrent Mark 145.107ms
[2025-08-01T14:46:26.039+0000] GC(320) Pause Mark End 0.021ms
[2025-08-01T14:46:26.039+0000] GC(320) Concurrent Mark Free 0.001ms
[2025-08-01T14:46:26.042+0000] GC(320) Concurrent Process Non-Strong References 2.778ms
[2025-08-01T14:46:26.042+0000] GC(320) Concurrent Reset Relocation Set 0.002ms
[2025-08-01T14:46:26.045+0000] GC(320) Concurrent Select Relocation Set 3.231ms
[2025-08-01T14:46:26.046+0000] GC(320) Pause Relocate Start 0.010ms
[2025-08-01T14:46:26.046+0000] GC(320) Concurrent Relocate 0.602ms
[2025-08-01T14:46:26.046+0000] GC(320) Heap after GC invocations=321 (full 321):
[2025-08-01T14:46:26.046+0000] GC(320)  ZHeap           used 1394M, capacity 4096M, max capacity 4096M
[2025-08-01T14:46:26.046+0000] GC(320)  Metaspace       used 10643K, committed 10880K, reserved 1114112K
[2025-08-01T14:46:26.046+0000] GC(320)   class space    used 1265K, committed 1344K, reserved 1048576K
[2025-08-01T14:46:26.046+0000] GC(320) Load: 1.59/0.83/0.37
[2025-08-01T14:46:26.046+0000] GC(320) MMU: 2ms/90.0%, 5ms/96.0%, 10ms/97.9%, 20ms/98.9%, 50ms/99.6%, 100ms/99.8%
[2025-08-01T14:46:26.046+0000] GC(320) Mark: 2 stripe(s), 3 proactive flush(es), 1 terminate flush(es), 0 completion(s), 0 continuation(s) 
[2025-08-01T14:46:26.046+0000] GC(320) Mark Stack Usage: 32M
[2025-08-01T14:46:26.046+0000] GC(320) NMethods: 1415 registered, 180 unregistered
[2025-08-01T14:46:26.046+0000] GC(320) Metaspace: 10M used, 10M committed, 1088M reserved
[2025-08-01T14:46:26.046+0000] GC(320) Soft: 228 encountered, 0 discovered, 0 enqueued
[2025-08-01T14:46:26.046+0000] GC(320) Weak: 934 encountered, 701 discovered, 0 enqueued
[2025-08-01T14:46:26.046+0000] GC(320) Final: 0 encountered, 0 discovered, 0 enqueued
[2025-08-01T14:46:26.046+0000] GC(320) Phantom: 3 encountered, 1 discovered, 0 enqueued
[2025-08-01T14:46:26.046+0000] GC(320) Small Pages: 1318 / 2636M, Empty: 2020M, Relocated: 1M, In-Place: 0
[2025-08-01T14:46:26.046+0000] GC(320) Medium Pages: 1 / 32M, Empty: 0M, Relocated: 0M, In-Place: 0
[2025-08-01T14:46:26.046+0000] GC(320) Large Pages: 0 / 0M, Empty: 0M, Relocated: 0M, In-Place: 0
[2025-08-01T14:46:26.046+0000] GC(320) Forwarding Usage: 0M
[2025-08-01T14:46:26.047+0000] GC(320) Min Capacity: 4096M(100%)
[2025-08-01T14:46:26.047+0000] GC(320) Max Capacity: 4096M(100%)
[2025-08-01T14:46:26.047+0000] GC(320) Soft Max Capacity: 4096M(100%)
[2025-08-01T14:46:26.047+0000] GC(320)                Mark Start          Mark End        Relocate Start      Relocate End           High               Low         
[2025-08-01T14:46:26.047+0000] GC(320)  Capacity:     4096M (100%)       4096M (100%)       4096M (100%)       4096M (100%)       4096M (100%)       4096M (100%)   
[2025-08-01T14:46:26.047+0000] GC(320)      Free:     1428M (35%)         680M (17%)        2694M (66%)        2702M (66%)        2702M (66%)         680M (17%)    
[2025-08-01T14:46:26.047+0000] GC(320)      Used:     2668M (65%)        3416M (83%)        1402M (34%)        1394M (34%)        3416M (83%)        1394M (34%)    
[2025-08-01T14:46:26.047+0000] GC(320)      Live:         -               596M (15%)         596M (15%)         596M (15%)            -                  -          
[2025-08-01T14:46:26.047+0000] GC(320) Allocated:         -               748M (18%)         754M (18%)         756M (18%)            -                  -          
[2025-08-01T14:46:26.047+0000] GC(320)   Garbage:         -              2071M (51%)          51M (1%)           41M (1%)             -                  -          
[2025-08-01T14:46:26.047+0000] GC(320) Reclaimed:         -                  -              2020M (49%)        2030M (50%)            -                  -          
[2025-08-01T14:46:26.047+0000] GC(320) Garbage Collection (Allocation Rate) 2668M(65%)->1394M(34%)
[2025-08-01T14:46:26.294+0000] GC(321) Heap before GC invocations=321 (full 321):
[2025-08-01T14:46:26.294+0000] GC(321)  ZHeap           used 2664M, capacity 4096M, max capacity 4096M
[2025-08-01T14:46:26.294+0000] GC(321)  Metaspace       used 10643K, committed 10880K, reserved 1114112K
[2025-08-01T14:46:26.294+0000] GC(321)   class space    used 1265K, committed 1344K, reserved 1048576K
[2025-08-01T14:46:26.294+0000] GC(321) Garbage Collection (Allocation Rate)
[2025-08-01T14:46:26.294+0000] GC(321) Using 2 workers
[2025-08-01T14:46:26.294+0000] GC(321) Pause Mark Start 0.010ms
[2025-08-01T14:46:26.498+0000] GC(321) Concurrent Mark 203.093ms
[2025-08-01T14:46:26.499+0000] GC(321) Pause Mark End 0.020ms
[2025-08-01T14:46:26.499+0000] GC(321) Concurrent Mark Free 0.001ms
[2025-08-01T14:46:26.508+0000] GC(321) Concurrent Process Non-Strong References 8.288ms
[2025-08-01T14:46:26.508+0000] GC(321) Concurrent Reset Relocation Set 0.003ms
[2025-08-01T14:46:26.511+0000] GC(321) Concurrent Select Relocation Set 3.342ms
[2025-08-01T14:46:26.511+0000] GC(321) Pause Relocate Start 0.013ms
[2025-08-01T14:46:26.513+0000] GC(321) Concurrent Relocate 2.092ms
[2025-08-01T14:46:26.513+0000] GC(321) Heap after GC invocations=322 (full 322):
[2025-08-01T14:46:26.513+0000] GC(321)  ZHeap           used 1834M, capacity 4096M, max capacity 4096M
[2025-08-01T14:46:26.513+0000] GC(321)  Metaspace       used 10643K, committed 10880K, reserved 1114112K
[2025-08-01T14:46:26.513+0000] GC(321)   class space    used 1265K, committed 1344K, reserved 1048576K
[2025-08-01T14:46:26.513+0000] GC(321) Load: 1.63/0.85/0.38
[2025-08-01T14:46:26.513+0000] GC(321) MMU: 2ms/90.0%, 5ms/96.0%, 10ms/97.9%, 20ms/98.9%, 50ms/99.6%, 100ms/99.8%
[2025-08-01T14:46:26.513+0000] GC(321) Mark: 2 stripe(s), 2 proactive flush(es), 1 terminate flush(es), 0 completion(s), 0 continuation(s) 
[2025-08-01T14:46:26.513+0000] GC(321) Mark Stack Usage: 32M
[2025-08-01T14:46:26.513+0000] GC(321) NMethods: 1415 registered, 180 unregistered
[2025-08-01T14:46:26.513+0000] GC(321) Metaspace: 10M used, 10M committed, 1088M reserved
[2025-08-01T14:46:26.513+0000] GC(321) Soft: 228 encountered, 0 discovered, 0 enqueued
[2025-08-01T14:46:26.513+0000] GC(321) Weak: 934 encountered, 704 discovered, 0 enqueued
[2025-08-01T14:46:26.513+0000] GC(321) Final: 0 encountered, 0 discovered, 0 enqueued
[2025-08-01T14:46:26.513+0000] GC(321) Phantom: 3 encountered, 1 discovered, 0 enqueued
[2025-08-01T14:46:26.513+0000] GC(321) Small Pages: 1317 / 2634M, Empty: 1840M, Relocated: 8M, In-Place: 0
[2025-08-01T14:46:26.513+0000] GC(321) Medium Pages: 1 / 32M, Empty: 0M, Relocated: 0M, In-Place: 0
[2025-08-01T14:46:26.513+0000] GC(321) Large Pages: 0 / 0M, Empty: 0M, Relocated: 0M, In-Place: 0
[2025-08-01T14:46:26.513+0000] GC(321) Forwarding Usage: 0M
[2025-08-01T14:46:26.513+0000] GC(321) Min Capacity: 4096M(100%)
[2025-08-01T14:46:26.513+0000] GC(321) Max Capacity: 4096M(100%)
[2025-08-01T14:46:26.513+0000] GC(321) Soft Max Capacity: 4096M(100%)
[2025-08-01T14:46:26.513+0000] GC(321)                Mark Start          Mark End        Relocate Start      Relocate End           High               Low         
[2025-08-01T14:46:26.513+0000] GC(321)  Capacity:     4096M (100%)       4096M (100%)       4096M (100%)       4096M (100%)       4096M (100%)       4096M (100%)   
[2025-08-01T14:46:26.513+0000] GC(321)      Free:     1430M (35%)         446M (11%)        2244M (55%)        2262M (55%)        2262M (55%)         404M (10%)    
[2025-08-01T14:46:26.514+0000] GC(321)      Used:     2666M (65%)        3650M (89%)        1852M (45%)        1834M (45%)        3692M (90%)        1834M (45%)    
[2025-08-01T14:46:26.514+0000] GC(321)      Live:         -               765M (19%)         765M (19%)         765M (19%)            -                  -          
[2025-08-01T14:46:26.514+0000] GC(321) Allocated:         -               984M (24%)        1026M (25%)        1026M (25%)            -                  -          
[2025-08-01T14:46:26.514+0000] GC(321)   Garbage:         -              1900M (46%)          60M (1%)           42M (1%)             -                  -          
[2025-08-01T14:46:26.514+0000] GC(321) Reclaimed:         -                  -              1840M (45%)        1858M (45%)            -                  -          
[2025-08-01T14:46:26.514+0000] GC(321) Garbage Collection (Allocation Rate) 2666M(65%)->1834M(45%)
[2025-08-01T14:46:26.593+0000] GC(322) Heap before GC invocations=322 (full 322):
[2025-08-01T14:46:26.593+0000] GC(322)  ZHeap           used 2202M, capacity 4096M, max capacity 4096M
[2025-08-01T14:46:26.593+0000] GC(322)  Metaspace       used 10643K, committed 10880K, reserved 1114112K
[2025-08-01T14:46:26.593+0000] GC(322)   class space    used 1265K, committed 1344K, reserved 1048576K
[2025-08-01T14:46:26.593+0000] GC(322) Garbage Collection (Allocation Rate)
[2025-08-01T14:46:26.593+0000] GC(322) Using 2 workers
[2025-08-01T14:46:26.593+0000] GC(322) Pause Mark Start 0.009ms
[2025-08-01T14:46:26.742+0000] GC(322) Concurrent Mark 148.562ms
[2025-08-01T14:46:26.742+0000] GC(322) Pause Mark End 0.020ms
[2025-08-01T14:46:26.742+0000] GC(322) Concurrent Mark Free 0.001ms
[2025-08-01T14:46:26.747+0000] GC(322) Concurrent Process Non-Strong References 4.524ms
[2025-08-01T14:46:26.747+0000] GC(322) Concurrent Reset Relocation Set 0.003ms
[2025-08-01T14:46:26.750+0000] GC(322) Concurrent Select Relocation Set 2.908ms
[2025-08-01T14:46:26.750+0000] GC(322) Pause Relocate Start 0.013ms
[2025-08-01T14:46:26.752+0000] GC(322) Concurrent Relocate 1.796ms
[2025-08-01T14:46:26.752+0000] GC(322) Heap after GC invocations=323 (full 323):
[2025-08-01T14:46:26.752+0000] GC(322)  ZHeap           used 1404M, capacity 4096M, max capacity 4096M
[2025-08-01T14:46:26.752+0000] GC(322)  Metaspace       used 10643K, committed 10880K, reserved 1114112K
[2025-08-01T14:46:26.752+0000] GC(322)   class space    used 1265K, committed 1344K, reserved 1048576K
[2025-08-01T14:46:26.752+0000] GC(322) Load: 1.63/0.85/0.38
[2025-08-01T14:46:26.752+0000] GC(322) MMU: 2ms/90.0%, 5ms/96.0%, 10ms/97.9%, 20ms/98.9%, 50ms/99.6%, 100ms/99.8%
[2025-08-01T14:46:26.752+0000] GC(322) Mark: 2 stripe(s), 2 proactive flush(es), 1 terminate flush(es), 0 completion(s), 0 continuation(s) 
[2025-08-01T14:46:26.752+0000] GC(322) Mark Stack Usage: 32M
[2025-08-01T14:46:26.752+0000] GC(322) NMethods: 1415 registered, 180 unregistered
[2025-08-01T14:46:26.752+0000] GC(322) Metaspace: 10M used, 10M committed, 1088M reserved
[2025-08-01T14:46:26.752+0000] GC(322) Soft: 228 encountered, 0 discovered, 0 enqueued
[2025-08-01T14:46:26.752+0000] GC(322) Weak: 934 encountered, 687 discovered, 0 enqueued
[2025-08-01T14:46:26.752+0000] GC(322) Final: 0 encountered, 0 discovered, 0 enqueued
[2025-08-01T14:46:26.752+0000] GC(322) Phantom: 3 encountered, 1 discovered, 0 enqueued
[2025-08-01T14:46:26.752+0000] GC(322) Small Pages: 1085 / 2170M, Empty: 1544M, Relocated: 3M, In-Place: 0
[2025-08-01T14:46:26.752+0000] GC(322) Medium Pages: 1 / 32M, Empty: 0M, Relocated: 0M, In-Place: 0
[2025-08-01T14:46:26.752+0000] GC(322) Large Pages: 0 / 0M, Empty: 0M, Relocated: 0M, In-Place: 0
[2025-08-01T14:46:26.752+0000] GC(322) Forwarding Usage: 0M
[2025-08-01T14:46:26.753+0000] GC(322) Min Capacity: 4096M(100%)
[2025-08-01T14:46:26.753+0000] GC(322) Max Capacity: 4096M(100%)
[2025-08-01T14:46:26.753+0000] GC(322) Soft Max Capacity: 4096M(100%)
[2025-08-01T14:46:26.753+0000] GC(322)                Mark Start          Mark End        Relocate Start      Relocate End           High               Low         
[2025-08-01T14:46:26.753+0000] GC(322)  Capacity:     4096M (100%)       4096M (100%)       4096M (100%)       4096M (100%)       4096M (100%)       4096M (100%)   
[2025-08-01T14:46:26.753+0000] GC(322)      Free:     1894M (46%)        1214M (30%)        2694M (66%)        2694M (66%)        2712M (66%)        1176M (29%)    
[2025-08-01T14:46:26.753+0000] GC(322)      Used:     2202M (54%)        2882M (70%)        1402M (34%)        1402M (34%)        2920M (71%)        1384M (34%)    
[2025-08-01T14:46:26.753+0000] GC(322)      Live:         -               605M (15%)         605M (15%)         605M (15%)            -                  -          
[2025-08-01T14:46:26.753+0000] GC(322) Allocated:         -               680M (17%)         744M (18%)         756M (18%)            -                  -          
[2025-08-01T14:46:26.753+0000] GC(322)   Garbage:         -              1596M (39%)          52M (1%)           40M (1%)             -                  -          
[2025-08-01T14:46:26.753+0000] GC(322) Reclaimed:         -                  -              1544M (38%)        1556M (38%)            -                  -          
[2025-08-01T14:46:26.753+0000] GC(322) Garbage Collection (Allocation Rate) 2202M(54%)->1402M(34%)
[2025-08-01T14:46:26.994+0000] GC(323) Heap before GC invocations=323 (full 323):
[2025-08-01T14:46:26.994+0000] GC(323)  ZHeap           used 2580M, capacity 4096M, max capacity 4096M
[2025-08-01T14:46:26.994+0000] GC(323)  Metaspace       used 10643K, committed 10880K, reserved 1114112K
[2025-08-01T14:46:26.994+0000] GC(323)   class space    used 1265K, committed 1344K, reserved 1048576K
[2025-08-01T14:46:26.994+0000] GC(323) Garbage Collection (Allocation Rate)
[2025-08-01T14:46:26.994+0000] GC(323) Using 2 workers
[2025-08-01T14:46:26.994+0000] GC(323) Pause Mark Start 0.006ms
[2025-08-01T14:46:27.131+0000] GC(323) Concurrent Mark 136.983ms
[2025-08-01T14:46:27.132+0000] GC(323) Pause Mark End 0.015ms
[2025-08-01T14:46:27.132+0000] GC(323) Concurrent Mark Free 0.001ms
[2025-08-01T14:46:27.135+0000] GC(323) Concurrent Process Non-Strong References 3.236ms
[2025-08-01T14:46:27.135+0000] GC(323) Concurrent Reset Relocation Set 0.002ms
[2025-08-01T14:46:27.139+0000] GC(323) Concurrent Select Relocation Set 3.781ms
[2025-08-01T14:46:27.139+0000] GC(323) Pause Relocate Start 0.010ms
[2025-08-01T14:46:27.141+0000] GC(323) Concurrent Relocate 1.735ms
[2025-08-01T14:46:27.141+0000] GC(323) Heap after GC invocations=324 (full 324):
[2025-08-01T14:46:27.141+0000] GC(323)  ZHeap           used 1428M, capacity 4096M, max capacity 4096M
[2025-08-01T14:46:27.141+0000] GC(323)  Metaspace       used 10643K, committed 10880K, reserved 1114112K
[2025-08-01T14:46:27.141+0000] GC(323)   class space    used 1265K, committed 1344K, reserved 1048576K
[2025-08-01T14:46:27.141+0000] GC(323) Load: 1.63/0.85/0.38
[2025-08-01T14:46:27.141+0000] GC(323) MMU: 2ms/90.0%, 5ms/96.0%, 10ms/97.9%, 20ms/98.9%, 50ms/99.6%, 100ms/99.8%
[2025-08-01T14:46:27.141+0000] GC(323) Mark: 2 stripe(s), 2 proactive flush(es), 1 terminate flush(es), 0 completion(s), 0 continuation(s) 
[2025-08-01T14:46:27.141+0000] GC(323) Mark Stack Usage: 32M
[2025-08-01T14:46:27.141+0000] GC(323) NMethods: 1415 registered, 180 unregistered
[2025-08-01T14:46:27.141+0000] GC(323) Metaspace: 10M used, 10M committed, 1088M reserved
[2025-08-01T14:46:27.141+0000] GC(323) Soft: 228 encountered, 0 discovered, 0 enqueued
[2025-08-01T14:46:27.141+0000] GC(323) Weak: 934 encountered, 721 discovered, 0 enqueued
[2025-08-01T14:46:27.141+0000] GC(323) Final: 0 encountered, 0 discovered, 0 enqueued
[2025-08-01T14:46:27.141+0000] GC(323) Phantom: 3 encountered, 1 discovered, 0 enqueued
[2025-08-01T14:46:27.141+0000] GC(323) Small Pages: 1274 / 2548M, Empty: 1876M, Relocated: 6M, In-Place: 0
[2025-08-01T14:46:27.141+0000] GC(323) Medium Pages: 1 / 32M, Empty: 0M, Relocated: 0M, In-Place: 0
[2025-08-01T14:46:27.141+0000] GC(323) Large Pages: 0 / 0M, Empty: 0M, Relocated: 0M, In-Place: 0
[2025-08-01T14:46:27.141+0000] GC(323) Forwarding Usage: 0M
[2025-08-01T14:46:27.141+0000] GC(323) Min Capacity: 4096M(100%)
[2025-08-01T14:46:27.141+0000] GC(323) Max Capacity: 4096M(100%)
[2025-08-01T14:46:27.141+0000] GC(323) Soft Max Capacity: 4096M(100%)
[2025-08-01T14:46:27.141+0000] GC(323)                Mark Start          Mark End        Relocate Start      Relocate End           High               Low         
[2025-08-01T14:46:27.141+0000] GC(323)  Capacity:     4096M (100%)       4096M (100%)       4096M (100%)       4096M (100%)       4096M (100%)       4096M (100%)   
[2025-08-01T14:46:27.141+0000] GC(323)      Free:     1516M (37%)         842M (21%)        2654M (65%)        2668M (65%)        2668M (65%)         812M (20%)    
[2025-08-01T14:46:27.141+0000] GC(323)      Used:     2580M (63%)        3254M (79%)        1442M (35%)        1428M (35%)        3284M (80%)        1428M (35%)    
[2025-08-01T14:46:27.141+0000] GC(323)      Live:         -               648M (16%)         648M (16%)         648M (16%)            -                  -          
[2025-08-01T14:46:27.141+0000] GC(323) Allocated:         -               674M (16%)         738M (18%)         738M (18%)            -                  -          
[2025-08-01T14:46:27.141+0000] GC(323)   Garbage:         -              1931M (47%)          55M (1%)           41M (1%)             -                  -          
[2025-08-01T14:46:27.141+0000] GC(323) Reclaimed:         -                  -              1876M (46%)        1890M (46%)            -                  -          
[2025-08-01T14:46:27.141+0000] GC(323) Garbage Collection (Allocation Rate) 2580M(63%)->1428M(35%)
[2025-08-01T14:46:27.393+0000] GC(324) Heap before GC invocations=324 (full 324):
[2025-08-01T14:46:27.393+0000] GC(324)  ZHeap           used 2716M, capacity 4096M, max capacity 4096M
[2025-08-01T14:46:27.393+0000] GC(324)  Metaspace       used 10643K, committed 10880K, reserved 1114112K
[2025-08-01T14:46:27.393+0000] GC(324)   class space    used 1265K, committed 1344K, reserved 1048576K
[2025-08-01T14:46:27.393+0000] GC(324) Garbage Collection (Allocation Rate)
[2025-08-01T14:46:27.393+0000] GC(324) Using 2 workers
[2025-08-01T14:46:27.393+0000] GC(324) Pause Mark Start 0.007ms
[2025-08-01T14:46:27.595+0000] GC(324) Concurrent Mark 201.534ms
[2025-08-01T14:46:27.595+0000] GC(324) Pause Mark End 0.013ms
[2025-08-01T14:46:27.595+0000] GC(324) Concurrent Mark Free 0.001ms
[2025-08-01T14:46:27.597+0000] GC(324) Concurrent Process Non-Strong References 2.122ms
[2025-08-01T14:46:27.597+0000] GC(324) Concurrent Reset Relocation Set 0.003ms
[2025-08-01T14:46:27.600+0000] GC(324) Concurrent Select Relocation Set 2.418ms
[2025-08-01T14:46:27.600+0000] GC(324) Pause Relocate Start 0.009ms
[2025-08-01T14:46:27.604+0000] GC(324) Concurrent Relocate 3.821ms
[2025-08-01T14:46:27.604+0000] GC(324) Heap after GC invocations=325 (full 325):
[2025-08-01T14:46:27.604+0000] GC(324)  ZHeap           used 1666M, capacity 4096M, max capacity 4096M
[2025-08-01T14:46:27.604+0000] GC(324)  Metaspace       used 10643K, committed 10880K, reserved 1114112K
[2025-08-01T14:46:27.604+0000] GC(324)   class space    used 1265K, committed 1344K, reserved 1048576K
[2025-08-01T14:46:27.604+0000] GC(324) Load: 1.63/0.85/0.38
[2025-08-01T14:46:27.604+0000] GC(324) MMU: 2ms/90.0%, 5ms/96.0%, 10ms/97.9%, 20ms/98.9%, 50ms/99.6%, 100ms/99.8%
[2025-08-01T14:46:27.604+0000] GC(324) Mark: 2 stripe(s), 2 proactive flush(es), 1 terminate flush(es), 0 completion(s), 0 continuation(s) 
[2025-08-01T14:46:27.604+0000] GC(324) Mark Stack Usage: 32M
[2025-08-01T14:46:27.604+0000] GC(324) NMethods: 1415 registered, 180 unregistered
[2025-08-01T14:46:27.604+0000] GC(324) Metaspace: 10M used, 10M committed, 1088M reserved
[2025-08-01T14:46:27.604+0000] GC(324) Soft: 228 encountered, 0 discovered, 0 enqueued
[2025-08-01T14:46:27.604+0000] GC(324) Weak: 934 encountered, 720 discovered, 0 enqueued
[2025-08-01T14:46:27.604+0000] GC(324) Final: 0 encountered, 0 discovered, 0 enqueued
[2025-08-01T14:46:27.604+0000] GC(324) Phantom: 3 encountered, 2 discovered, 0 enqueued
[2025-08-01T14:46:27.604+0000] GC(324) Small Pages: 1342 / 2684M, Empty: 1854M, Relocated: 10M, In-Place: 0
[2025-08-01T14:46:27.604+0000] GC(324) Medium Pages: 1 / 32M, Empty: 0M, Relocated: 0M, In-Place: 0
[2025-08-01T14:46:27.604+0000] GC(324) Large Pages: 0 / 0M, Empty: 0M, Relocated: 0M, In-Place: 0
[2025-08-01T14:46:27.604+0000] GC(324) Forwarding Usage: 0M
[2025-08-01T14:46:27.604+0000] GC(324) Min Capacity: 4096M(100%)
[2025-08-01T14:46:27.604+0000] GC(324) Max Capacity: 4096M(100%)
[2025-08-01T14:46:27.604+0000] GC(324) Soft Max Capacity: 4096M(100%)
[2025-08-01T14:46:27.604+0000] GC(324)                Mark Start          Mark End        Relocate Start      Relocate End           High               Low         
[2025-08-01T14:46:27.604+0000] GC(324)  Capacity:     4096M (100%)       4096M (100%)       4096M (100%)       4096M (100%)       4096M (100%)       4096M (100%)   
[2025-08-01T14:46:27.604+0000] GC(324)      Free:     1380M (34%)         630M (15%)        2440M (60%)        2430M (59%)        2446M (60%)         612M (15%)    
[2025-08-01T14:46:27.604+0000] GC(324)      Used:     2716M (66%)        3466M (85%)        1656M (40%)        1666M (41%)        3484M (85%)        1650M (40%)    
[2025-08-01T14:46:27.604+0000] GC(324)      Live:         -               800M (20%)         800M (20%)         800M (20%)            -                  -          
[2025-08-01T14:46:27.604+0000] GC(324) Allocated:         -               750M (18%)         794M (19%)         824M (20%)            -                  -          
[2025-08-01T14:46:27.604+0000] GC(324)   Garbage:         -              1915M (47%)          61M (2%)           41M (1%)             -                  -          
[2025-08-01T14:46:27.604+0000] GC(324) Reclaimed:         -                  -              1854M (45%)        1874M (46%)            -                  -          
[2025-08-01T14:46:27.604+0000] GC(324) Garbage Collection (Allocation Rate) 2716M(66%)->1666M(41%)
[2025-08-01T14:46:27.693+0000] GC(325) Heap before GC invocations=325 (full 325):
[2025-08-01T14:46:27.693+0000] GC(325)  ZHeap           used 2176M, capacity 4096M, max capacity 4096M
[2025-08-01T14:46:27.693+0000] GC(325)  Metaspace       used 10643K, committed 10880K, reserved 1114112K
[2025-08-01T14:46:27.693+0000] GC(325)   class space    used 1265K, committed 1344K, reserved 1048576K
[2025-08-01T14:46:27.694+0000] GC(325) Garbage Collection (Allocation Rate)
[2025-08-01T14:46:27.694+0000] GC(325) Using 2 workers
[2025-08-01T14:46:27.694+0000] GC(325) Pause Mark Start 0.008ms
[2025-08-01T14:46:27.769+0000] GC(325) Concurrent Mark 75.389ms
[2025-08-01T14:46:27.770+0000] GC(325) Pause Mark End 0.013ms
[2025-08-01T14:46:27.770+0000] GC(325) Concurrent Mark Free 0.002ms
[2025-08-01T14:46:27.775+0000] GC(325) Concurrent Process Non-Strong References 5.484ms
[2025-08-01T14:46:27.776+0000] GC(325) Concurrent Reset Relocation Set 0.004ms
[2025-08-01T14:46:27.779+0000] GC(325) Concurrent Select Relocation Set 3.755ms
[2025-08-01T14:46:27.780+0000] GC(325) Pause Relocate Start 0.012ms
[2025-08-01T14:46:27.781+0000] GC(325) Concurrent Relocate 1.292ms
[2025-08-01T14:46:27.781+0000] GC(325) Heap after GC invocations=326 (full 326):
[2025-08-01T14:46:27.781+0000] GC(325)  ZHeap           used 874M, capacity 4096M, max capacity 4096M
[2025-08-01T14:46:27.781+0000] GC(325)  Metaspace       used 10643K, committed 10880K, reserved 1114112K
[2025-08-01T14:46:27.781+0000] GC(325)   class space    used 1265K, committed 1344K, reserved 1048576K
[2025-08-01T14:46:27.781+0000] GC(325) Load: 1.63/0.85/0.38
[2025-08-01T14:46:27.781+0000] GC(325) MMU: 2ms/90.0%, 5ms/96.0%, 10ms/97.9%, 20ms/98.9%, 50ms/99.6%, 100ms/99.8%
[2025-08-01T14:46:27.781+0000] GC(325) Mark: 2 stripe(s), 2 proactive flush(es), 1 terminate flush(es), 0 completion(s), 0 continuation(s) 
[2025-08-01T14:46:27.781+0000] GC(325) Mark Stack Usage: 32M
[2025-08-01T14:46:27.781+0000] GC(325) NMethods: 1415 registered, 180 unregistered
[2025-08-01T14:46:27.781+0000] GC(325) Metaspace: 10M used, 10M committed, 1088M reserved
[2025-08-01T14:46:27.781+0000] GC(325) Soft: 228 encountered, 0 discovered, 0 enqueued
[2025-08-01T14:46:27.781+0000] GC(325) Weak: 934 encountered, 672 discovered, 0 enqueued
[2025-08-01T14:46:27.781+0000] GC(325) Final: 0 encountered, 0 discovered, 0 enqueued
[2025-08-01T14:46:27.781+0000] GC(325) Phantom: 3 encountered, 2 discovered, 0 enqueued
[2025-08-01T14:46:27.781+0000] GC(325) Small Pages: 1073 / 2146M, Empty: 1740M, Relocated: 3M, In-Place: 0
[2025-08-01T14:46:27.781+0000] GC(325) Medium Pages: 1 / 32M, Empty: 0M, Relocated: 0M, In-Place: 0
[2025-08-01T14:46:27.781+0000] GC(325) Large Pages: 0 / 0M, Empty: 0M, Relocated: 0M, In-Place: 0
[2025-08-01T14:46:27.781+0000] GC(325) Forwarding Usage: 0M
[2025-08-01T14:46:27.781+0000] GC(325) Min Capacity: 4096M(100%)
[2025-08-01T14:46:27.781+0000] GC(325) Max Capacity: 4096M(100%)
[2025-08-01T14:46:27.781+0000] GC(325) Soft Max Capacity: 4096M(100%)
[2025-08-01T14:46:27.781+0000] GC(325)                Mark Start          Mark End        Relocate Start      Relocate End           High               Low         
[2025-08-01T14:46:27.781+0000] GC(325)  Capacity:     4096M (100%)       4096M (100%)       4096M (100%)       4096M (100%)       4096M (100%)       4096M (100%)   
[2025-08-01T14:46:27.781+0000] GC(325)      Free:     1918M (47%)        1548M (38%)        3216M (79%)        3224M (79%)        3224M (79%)        1506M (37%)    
[2025-08-01T14:46:27.781+0000] GC(325)      Used:     2178M (53%)        2548M (62%)         880M (21%)         872M (21%)        2590M (63%)         872M (21%)    
[2025-08-01T14:46:27.781+0000] GC(325)      Live:         -               384M (9%)          384M (9%)          384M (9%)             -                  -          
[2025-08-01T14:46:27.781+0000] GC(325) Allocated:         -               370M (9%)          442M (11%)         450M (11%)            -                  -          
[2025-08-01T14:46:27.781+0000] GC(325)   Garbage:         -              1793M (44%)          53M (1%)           37M (1%)             -                  -          
[2025-08-01T14:46:27.781+0000] GC(325) Reclaimed:         -                  -              1740M (42%)        1756M (43%)            -                  -          
[2025-08-01T14:46:27.781+0000] GC(325) Garbage Collection (Allocation Rate) 2178M(53%)->872M(21%)
[2025-08-01T14:46:28.093+0000] GC(326) Heap before GC invocations=326 (full 326):
[2025-08-01T14:46:28.094+0000] GC(326)  ZHeap           used 2390M, capacity 4096M, max capacity 4096M
[2025-08-01T14:46:28.094+0000] GC(326)  Metaspace       used 10643K, committed 10880K, reserved 1114112K
[2025-08-01T14:46:28.094+0000] GC(326)   class space    used 1265K, committed 1344K, reserved 1048576K
[2025-08-01T14:46:28.094+0000] GC(326) Garbage Collection (Allocation Rate)
[2025-08-01T14:46:28.095+0000] GC(326) Using 2 workers
[2025-08-01T14:46:28.095+0000] GC(326) Pause Mark Start 0.010ms
[2025-08-01T14:46:28.215+0000] GC(326) Concurrent Mark 119.758ms
[2025-08-01T14:46:28.215+0000] GC(326) Pause Mark End 0.140ms
[2025-08-01T14:46:28.215+0000] GC(326) Concurrent Mark Free 0.001ms
[2025-08-01T14:46:28.218+0000] GC(326) Concurrent Process Non-Strong References 3.276ms
[2025-08-01T14:46:28.218+0000] GC(326) Concurrent Reset Relocation Set 0.003ms
[2025-08-01T14:46:28.222+0000] GC(326) Concurrent Select Relocation Set 3.559ms
[2025-08-01T14:46:28.222+0000] GC(326) Pause Relocate Start 0.013ms
[2025-08-01T14:46:28.223+0000] GC(326) Concurrent Relocate 0.819ms
[2025-08-01T14:46:28.223+0000] GC(326) Heap after GC invocations=327 (full 327):
[2025-08-01T14:46:28.223+0000] GC(326)  ZHeap           used 1018M, capacity 4096M, max capacity 4096M
[2025-08-01T14:46:28.223+0000] GC(326)  Metaspace       used 10643K, committed 10880K, reserved 1114112K
[2025-08-01T14:46:28.223+0000] GC(326)   class space    used 1265K, committed 1344K, reserved 1048576K
[2025-08-01T14:46:28.223+0000] GC(326) Load: 1.63/0.85/0.38
[2025-08-01T14:46:28.223+0000] GC(326) MMU: 2ms/90.0%, 5ms/96.0%, 10ms/97.9%, 20ms/98.9%, 50ms/99.6%, 100ms/99.8%
[2025-08-01T14:46:28.223+0000] GC(326) Mark: 2 stripe(s), 3 proactive flush(es), 1 terminate flush(es), 0 completion(s), 0 continuation(s) 
[2025-08-01T14:46:28.223+0000] GC(326) Mark Stack Usage: 32M
[2025-08-01T14:46:28.223+0000] GC(326) NMethods: 1415 registered, 180 unregistered
[2025-08-01T14:46:28.223+0000] GC(326) Metaspace: 10M used, 10M committed, 1088M reserved
[2025-08-01T14:46:28.223+0000] GC(326) Soft: 228 encountered, 0 discovered, 0 enqueued
[2025-08-01T14:46:28.223+0000] GC(326) Weak: 934 encountered, 707 discovered, 0 enqueued
[2025-08-01T14:46:28.223+0000] GC(326) Final: 0 encountered, 0 discovered, 0 enqueued
[2025-08-01T14:46:28.223+0000] GC(326) Phantom: 3 encountered, 1 discovered, 0 enqueued
[2025-08-01T14:46:28.223+0000] GC(326) Small Pages: 1181 / 2362M, Empty: 1846M, Relocated: 3M, In-Place: 0
[2025-08-01T14:46:28.223+0000] GC(326) Medium Pages: 1 / 32M, Empty: 0M, Relocated: 0M, In-Place: 0
[2025-08-01T14:46:28.223+0000] GC(326) Large Pages: 0 / 0M, Empty: 0M, Relocated: 0M, In-Place: 0
[2025-08-01T14:46:28.223+0000] GC(326) Forwarding Usage: 0M
[2025-08-01T14:46:28.223+0000] GC(326) Min Capacity: 4096M(100%)
[2025-08-01T14:46:28.223+0000] GC(326) Max Capacity: 4096M(100%)
[2025-08-01T14:46:28.223+0000] GC(326) Soft Max Capacity: 4096M(100%)
[2025-08-01T14:46:28.223+0000] GC(326)                Mark Start          Mark End        Relocate Start      Relocate End           High               Low         
[2025-08-01T14:46:28.223+0000] GC(326)  Capacity:     4096M (100%)       4096M (100%)       4096M (100%)       4096M (100%)       4096M (100%)       4096M (100%)   
[2025-08-01T14:46:28.223+0000] GC(326)      Free:     1702M (42%)        1224M (30%)        3070M (75%)        3078M (75%)        3078M (75%)        1224M (30%)    
[2025-08-01T14:46:28.223+0000] GC(326)      Used:     2394M (58%)        2872M (70%)        1026M (25%)        1018M (25%)        2872M (70%)        1018M (25%)    
[2025-08-01T14:46:28.223+0000] GC(326)      Live:         -               500M (12%)         500M (12%)         500M (12%)            -                  -          
[2025-08-01T14:46:28.223+0000] GC(326) Allocated:         -               478M (12%)         478M (12%)         478M (12%)            -                  -          
[2025-08-01T14:46:28.223+0000] GC(326)   Garbage:         -              1893M (46%)          47M (1%)           39M (1%)             -                  -          
[2025-08-01T14:46:28.223+0000] GC(326) Reclaimed:         -                  -              1846M (45%)        1854M (45%)            -                  -          
[2025-08-01T14:46:28.223+0000] GC(326) Garbage Collection (Allocation Rate) 2394M(58%)->1018M(25%)
[2025-08-01T14:46:28.494+0000] GC(327) Heap before GC invocations=327 (full 327):
[2025-08-01T14:46:28.494+0000] GC(327)  ZHeap           used 2390M, capacity 4096M, max capacity 4096M
[2025-08-01T14:46:28.494+0000] GC(327)  Metaspace       used 10643K, committed 10880K, reserved 1114112K
[2025-08-01T14:46:28.494+0000] GC(327)   class space    used 1265K, committed 1344K, reserved 1048576K
[2025-08-01T14:46:28.494+0000] GC(327) Garbage Collection (Allocation Rate)
[2025-08-01T14:46:28.494+0000] GC(327) Using 2 workers
[2025-08-01T14:46:28.495+0000] GC(327) Pause Mark Start 0.012ms
[2025-08-01T14:46:28.636+0000] GC(327) Concurrent Mark 140.454ms
[2025-08-01T14:46:28.636+0000] GC(327) Pause Mark End 0.020ms
[2025-08-01T14:46:28.636+0000] GC(327) Concurrent Mark Free 0.002ms
[2025-08-01T14:46:28.640+0000] GC(327) Concurrent Process Non-Strong References 3.569ms
[2025-08-01T14:46:28.640+0000] GC(327) Concurrent Reset Relocation Set 0.003ms
[2025-08-01T14:46:28.644+0000] GC(327) Concurrent Select Relocation Set 3.417ms
[2025-08-01T14:46:28.644+0000] GC(327) Pause Relocate Start 0.013ms
[2025-08-01T14:46:28.647+0000] GC(327) Concurrent Relocate 2.776ms
[2025-08-01T14:46:28.647+0000] GC(327) Heap after GC invocations=328 (full 328):
[2025-08-01T14:46:28.647+0000] GC(327)  ZHeap           used 1174M, capacity 4096M, max capacity 4096M
[2025-08-01T14:46:28.647+0000] GC(327)  Metaspace       used 10643K, committed 10880K, reserved 1114112K
[2025-08-01T14:46:28.647+0000] GC(327)   class space    used 1265K, committed 1344K, reserved 1048576K
[2025-08-01T14:46:28.647+0000] GC(327) Load: 1.63/0.85/0.38
[2025-08-01T14:46:28.647+0000] GC(327) MMU: 2ms/90.0%, 5ms/96.0%, 10ms/97.9%, 20ms/98.9%, 50ms/99.6%, 100ms/99.8%
[2025-08-01T14:46:28.647+0000] GC(327) Mark: 2 stripe(s), 2 proactive flush(es), 1 terminate flush(es), 0 completion(s), 0 continuation(s) 
[2025-08-01T14:46:28.647+0000] GC(327) Mark Stack Usage: 32M
[2025-08-01T14:46:28.647+0000] GC(327) NMethods: 1415 registered, 180 unregistered
[2025-08-01T14:46:28.647+0000] GC(327) Metaspace: 10M used, 10M committed, 1088M reserved
[2025-08-01T14:46:28.647+0000] GC(327) Soft: 228 encountered, 0 discovered, 0 enqueued
[2025-08-01T14:46:28.647+0000] GC(327) Weak: 934 encountered, 666 discovered, 0 enqueued
[2025-08-01T14:46:28.647+0000] GC(327) Final: 0 encountered, 0 discovered, 0 enqueued
[2025-08-01T14:46:28.647+0000] GC(327) Phantom: 3 encountered, 1 discovered, 0 enqueued
[2025-08-01T14:46:28.647+0000] GC(327) Small Pages: 1181 / 2362M, Empty: 1836M, Relocated: 5M, In-Place: 0
[2025-08-01T14:46:28.647+0000] GC(327) Medium Pages: 1 / 32M, Empty: 0M, Relocated: 0M, In-Place: 0
[2025-08-01T14:46:28.647+0000] GC(327) Large Pages: 0 / 0M, Empty: 0M, Relocated: 0M, In-Place: 0
[2025-08-01T14:46:28.647+0000] GC(327) Forwarding Usage: 0M
[2025-08-01T14:46:28.647+0000] GC(327) Min Capacity: 4096M(100%)
[2025-08-01T14:46:28.647+0000] GC(327) Max Capacity: 4096M(100%)
[2025-08-01T14:46:28.647+0000] GC(327) Soft Max Capacity: 4096M(100%)
[2025-08-01T14:46:28.647+0000] GC(327)                Mark Start          Mark End        Relocate Start      Relocate End           High               Low         
[2025-08-01T14:46:28.647+0000] GC(327)  Capacity:     4096M (100%)       4096M (100%)       4096M (100%)       4096M (100%)       4096M (100%)       4096M (100%)   
[2025-08-01T14:46:28.647+0000] GC(327)      Free:     1702M (42%)        1142M (28%)        2934M (72%)        2922M (71%)        2938M (72%)        1124M (27%)    
[2025-08-01T14:46:28.647+0000] GC(327)      Used:     2394M (58%)        2954M (72%)        1162M (28%)        1174M (29%)        2972M (73%)        1158M (28%)    
[2025-08-01T14:46:28.647+0000] GC(327)      Live:         -               511M (12%)         511M (12%)         511M (12%)            -                  -          
[2025-08-01T14:46:28.647+0000] GC(327) Allocated:         -               560M (14%)         604M (15%)         622M (15%)            -                  -          
[2025-08-01T14:46:28.647+0000] GC(327)   Garbage:         -              1882M (46%)          46M (1%)           40M (1%)             -                  -          
[2025-08-01T14:46:28.647+0000] GC(327) Reclaimed:         -                  -              1836M (45%)        1842M (45%)            -                  -          
[2025-08-01T14:46:28.647+0000] GC(327) Garbage Collection (Allocation Rate) 2394M(58%)->1174M(29%)
[2025-08-01T14:46:28.893+0000] GC(328) Heap before GC invocations=328 (full 328):
[2025-08-01T14:46:28.893+0000] GC(328)  ZHeap           used 2466M, capacity 4096M, max capacity 4096M
[2025-08-01T14:46:28.893+0000] GC(328)  Metaspace       used 10643K, committed 10880K, reserved 1114112K
[2025-08-01T14:46:28.893+0000] GC(328)   class space    used 1265K, committed 1344K, reserved 1048576K
[2025-08-01T14:46:28.893+0000] GC(328) Garbage Collection (Allocation Rate)
[2025-08-01T14:46:28.893+0000] GC(328) Using 2 workers
[2025-08-01T14:46:28.894+0000] GC(328) Pause Mark Start 0.013ms
[2025-08-01T14:46:29.036+0000] GC(328) Concurrent Mark 141.614ms
[2025-08-01T14:46:29.037+0000] GC(328) Pause Mark End 0.019ms
[2025-08-01T14:46:29.037+0000] GC(328) Concurrent Mark Free 0.003ms
[2025-08-01T14:46:29.041+0000] GC(328) Concurrent Process Non-Strong References 3.561ms
[2025-08-01T14:46:29.041+0000] GC(328) Concurrent Reset Relocation Set 0.003ms
[2025-08-01T14:46:29.045+0000] GC(328) Concurrent Select Relocation Set 4.169ms
[2025-08-01T14:46:29.046+0000] GC(328) Pause Relocate Start 0.014ms
[2025-08-01T14:46:29.051+0000] GC(328) Concurrent Relocate 4.364ms
[2025-08-01T14:46:29.051+0000] GC(328) Heap after GC invocations=329 (full 329):
[2025-08-01T14:46:29.051+0000] GC(328)  ZHeap           used 1332M, capacity 4096M, max capacity 4096M
[2025-08-01T14:46:29.051+0000] GC(328)  Metaspace       used 10643K, committed 10880K, reserved 1114112K
[2025-08-01T14:46:29.051+0000] GC(328)   class space    used 1265K, committed 1344K, reserved 1048576K
[2025-08-01T14:46:29.051+0000] GC(328) Load: 1.63/0.85/0.38
[2025-08-01T14:46:29.051+0000] GC(328) MMU: 2ms/90.0%, 5ms/96.0%, 10ms/97.9%, 20ms/98.9%, 50ms/99.6%, 100ms/99.8%
[2025-08-01T14:46:29.051+0000] GC(328) Mark: 2 stripe(s), 2 proactive flush(es), 1 terminate flush(es), 0 completion(s), 0 continuation(s) 
[2025-08-01T14:46:29.051+0000] GC(328) Mark Stack Usage: 32M
[2025-08-01T14:46:29.051+0000] GC(328) NMethods: 1415 registered, 180 unregistered
[2025-08-01T14:46:29.051+0000] GC(328) Metaspace: 10M used, 10M committed, 1088M reserved
[2025-08-01T14:46:29.051+0000] GC(328) Soft: 228 encountered, 0 discovered, 0 enqueued
[2025-08-01T14:46:29.051+0000] GC(328) Weak: 934 encountered, 711 discovered, 0 enqueued
[2025-08-01T14:46:29.051+0000] GC(328) Final: 0 encountered, 0 discovered, 0 enqueued
[2025-08-01T14:46:29.051+0000] GC(328) Phantom: 3 encountered, 1 discovered, 0 enqueued
[2025-08-01T14:46:29.051+0000] GC(328) Small Pages: 1217 / 2434M, Empty: 1834M, Relocated: 6M, In-Place: 0
[2025-08-01T14:46:29.051+0000] GC(328) Medium Pages: 1 / 32M, Empty: 0M, Relocated: 0M, In-Place: 0
[2025-08-01T14:46:29.051+0000] GC(328) Large Pages: 0 / 0M, Empty: 0M, Relocated: 0M, In-Place: 0
[2025-08-01T14:46:29.051+0000] GC(328) Forwarding Usage: 0M
[2025-08-01T14:46:29.051+0000] GC(328) Min Capacity: 4096M(100%)
[2025-08-01T14:46:29.051+0000] GC(328) Max Capacity: 4096M(100%)
[2025-08-01T14:46:29.051+0000] GC(328) Soft Max Capacity: 4096M(100%)
[2025-08-01T14:46:29.051+0000] GC(328)                Mark Start          Mark End        Relocate Start      Relocate End           High               Low         
[2025-08-01T14:46:29.051+0000] GC(328)  Capacity:     4096M (100%)       4096M (100%)       4096M (100%)       4096M (100%)       4096M (100%)       4096M (100%)   
[2025-08-01T14:46:29.051+0000] GC(328)      Free:     1630M (40%)        1026M (25%)        2790M (68%)        2764M (67%)        2798M (68%)        1002M (24%)    
[2025-08-01T14:46:29.051+0000] GC(328)      Used:     2466M (60%)        3070M (75%)        1306M (32%)        1332M (33%)        3094M (76%)        1298M (32%)    
[2025-08-01T14:46:29.051+0000] GC(328)      Live:         -               581M (14%)         581M (14%)         581M (14%)            -                  -          
[2025-08-01T14:46:29.051+0000] GC(328) Allocated:         -               604M (15%)         674M (16%)         710M (17%)            -                  -          
[2025-08-01T14:46:29.051+0000] GC(328)   Garbage:         -              1884M (46%)          50M (1%)           40M (1%)             -                  -          
[2025-08-01T14:46:29.051+0000] GC(328) Reclaimed:         -                  -              1834M (45%)        1844M (45%)            -                  -          
[2025-08-01T14:46:29.051+0000] GC(328) Garbage Collection (Allocation Rate) 2466M(60%)->1332M(33%)
[2025-08-01T14:46:29.296+0000] GC(329) Heap before GC invocations=329 (full 329):
[2025-08-01T14:46:29.296+0000] GC(329)  ZHeap           used 2578M, capacity 4096M, max capacity 4096M
[2025-08-01T14:46:29.296+0000] GC(329)  Metaspace       used 10643K, committed 10880K, reserved 1114112K
[2025-08-01T14:46:29.296+0000] GC(329)   class space    used 1265K, committed 1344K, reserved 1048576K
[2025-08-01T14:46:29.296+0000] GC(329) Garbage Collection (Allocation Rate)
[2025-08-01T14:46:29.296+0000] GC(329) Using 2 workers
[2025-08-01T14:46:29.297+0000] GC(329) Pause Mark Start 0.007ms
[2025-08-01T14:46:29.411+0000] GC(329) Concurrent Mark 114.270ms
[2025-08-01T14:46:29.412+0000] GC(329) Pause Mark End 0.022ms
[2025-08-01T14:46:29.412+0000] GC(329) Concurrent Mark Free 0.001ms
[2025-08-01T14:46:29.415+0000] GC(329) Concurrent Process Non-Strong References 2.936ms
[2025-08-01T14:46:29.415+0000] GC(329) Concurrent Reset Relocation Set 0.002ms
[2025-08-01T14:46:29.418+0000] GC(329) Concurrent Select Relocation Set 3.036ms
[2025-08-01T14:46:29.418+0000] GC(329) Pause Relocate Start 0.015ms
[2025-08-01T14:46:29.420+0000] GC(329) Concurrent Relocate 1.301ms
[2025-08-01T14:46:29.420+0000] GC(329) Heap after GC invocations=330 (full 330):
[2025-08-01T14:46:29.420+0000] GC(329)  ZHeap           used 972M, capacity 4096M, max capacity 4096M
[2025-08-01T14:46:29.420+0000] GC(329)  Metaspace       used 10643K, committed 10880K, reserved 1114112K
[2025-08-01T14:46:29.420+0000] GC(329)   class space    used 1265K, committed 1344K, reserved 1048576K
[2025-08-01T14:46:29.420+0000] GC(329) Load: 1.63/0.85/0.38
[2025-08-01T14:46:29.420+0000] GC(329) MMU: 2ms/90.0%, 5ms/96.0%, 10ms/97.9%, 20ms/98.9%, 50ms/99.6%, 100ms/99.8%
[2025-08-01T14:46:29.420+0000] GC(329) Mark: 2 stripe(s), 2 proactive flush(es), 1 terminate flush(es), 0 completion(s), 0 continuation(s) 
[2025-08-01T14:46:29.420+0000] GC(329) Mark Stack Usage: 32M
[2025-08-01T14:46:29.420+0000] GC(329) NMethods: 1415 registered, 180 unregistered
[2025-08-01T14:46:29.420+0000] GC(329) Metaspace: 10M used, 10M committed, 1088M reserved
[2025-08-01T14:46:29.420+0000] GC(329) Soft: 228 encountered, 0 discovered, 0 enqueued
[2025-08-01T14:46:29.420+0000] GC(329) Weak: 934 encountered, 684 discovered, 0 enqueued
[2025-08-01T14:46:29.420+0000] GC(329) Final: 0 encountered, 0 discovered, 0 enqueued
[2025-08-01T14:46:29.420+0000] GC(329) Phantom: 3 encountered, 1 discovered, 0 enqueued
[2025-08-01T14:46:29.420+0000] GC(329) Small Pages: 1273 / 2546M, Empty: 2126M, Relocated: 2M, In-Place: 0
[2025-08-01T14:46:29.420+0000] GC(329) Medium Pages: 1 / 32M, Empty: 0M, Relocated: 0M, In-Place: 0
[2025-08-01T14:46:29.420+0000] GC(329) Large Pages: 0 / 0M, Empty: 0M, Relocated: 0M, In-Place: 0
[2025-08-01T14:46:29.420+0000] GC(329) Forwarding Usage: 0M
[2025-08-01T14:46:29.420+0000] GC(329) Min Capacity: 4096M(100%)
[2025-08-01T14:46:29.420+0000] GC(329) Max Capacity: 4096M(100%)
[2025-08-01T14:46:29.420+0000] GC(329) Soft Max Capacity: 4096M(100%)
[2025-08-01T14:46:29.420+0000] GC(329)                Mark Start          Mark End        Relocate Start      Relocate End           High               Low         
[2025-08-01T14:46:29.420+0000] GC(329)  Capacity:     4096M (100%)       4096M (100%)       4096M (100%)       4096M (100%)       4096M (100%)       4096M (100%)   
[2025-08-01T14:46:29.420+0000] GC(329)      Free:     1518M (37%)        1022M (25%)        3116M (76%)        3126M (76%)        3126M (76%)        1006M (25%)    
[2025-08-01T14:46:29.420+0000] GC(329)      Used:     2578M (63%)        3074M (75%)         980M (24%)         970M (24%)        3090M (75%)         970M (24%)    
[2025-08-01T14:46:29.420+0000] GC(329)      Live:         -               401M (10%)         401M (10%)         401M (10%)            -                  -          
[2025-08-01T14:46:29.420+0000] GC(329) Allocated:         -               496M (12%)         528M (13%)         530M (13%)            -                  -          
[2025-08-01T14:46:29.420+0000] GC(329)   Garbage:         -              2176M (53%)          50M (1%)           38M (1%)             -                  -          
[2025-08-01T14:46:29.420+0000] GC(329) Reclaimed:         -                  -              2126M (52%)        2138M (52%)            -                  -          
[2025-08-01T14:46:29.420+0000] GC(329) Garbage Collection (Allocation Rate) 2578M(63%)->970M(24%)
[2025-08-01T14:46:29.793+0000] GC(330) Heap before GC invocations=330 (full 330):
[2025-08-01T14:46:29.793+0000] GC(330)  ZHeap           used 2842M, capacity 4096M, max capacity 4096M
[2025-08-01T14:46:29.793+0000] GC(330)  Metaspace       used 10643K, committed 10880K, reserved 1114112K
[2025-08-01T14:46:29.793+0000] GC(330)   class space    used 1265K, committed 1344K, reserved 1048576K
[2025-08-01T14:46:29.793+0000] GC(330) Garbage Collection (Allocation Rate)
[2025-08-01T14:46:29.793+0000] GC(330) Using 2 workers
[2025-08-01T14:46:29.793+0000] GC(330) Pause Mark Start 0.010ms
[2025-08-01T14:46:30.009+0000] GC(330) Concurrent Mark 215.855ms
[2025-08-01T14:46:30.009+0000] GC(330) Pause Mark End 0.019ms
[2025-08-01T14:46:30.010+0000] GC(330) Concurrent Mark Free 0.001ms
[2025-08-01T14:46:30.013+0000] GC(330) Concurrent Process Non-Strong References 3.453ms
[2025-08-01T14:46:30.013+0000] GC(330) Concurrent Reset Relocation Set 0.002ms
[2025-08-01T14:46:30.016+0000] GC(330) Concurrent Select Relocation Set 2.587ms
[2025-08-01T14:46:30.017+0000] GC(330) Pause Relocate Start 0.016ms
[2025-08-01T14:46:30.018+0000] GC(330) Concurrent Relocate 1.224ms
[2025-08-01T14:46:30.018+0000] GC(330) Heap after GC invocations=331 (full 331):
[2025-08-01T14:46:30.018+0000] GC(330)  ZHeap           used 1386M, capacity 4096M, max capacity 4096M
[2025-08-01T14:46:30.018+0000] GC(330)  Metaspace       used 10643K, committed 10880K, reserved 1114112K
[2025-08-01T14:46:30.018+0000] GC(330)   class space    used 1265K, committed 1344K, reserved 1048576K
[2025-08-01T14:46:30.018+0000] GC(330) Load: 1.63/0.85/0.38
[2025-08-01T14:46:30.018+0000] GC(330) MMU: 2ms/90.0%, 5ms/96.0%, 10ms/97.9%, 20ms/98.9%, 50ms/99.6%, 100ms/99.8%
[2025-08-01T14:46:30.018+0000] GC(330) Mark: 2 stripe(s), 2 proactive flush(es), 1 terminate flush(es), 0 completion(s), 0 continuation(s) 
[2025-08-01T14:46:30.018+0000] GC(330) Mark Stack Usage: 32M
[2025-08-01T14:46:30.018+0000] GC(330) NMethods: 1415 registered, 180 unregistered
[2025-08-01T14:46:30.018+0000] GC(330) Metaspace: 10M used, 10M committed, 1088M reserved
[2025-08-01T14:46:30.018+0000] GC(330) Soft: 228 encountered, 0 discovered, 0 enqueued
[2025-08-01T14:46:30.018+0000] GC(330) Weak: 934 encountered, 726 discovered, 0 enqueued
[2025-08-01T14:46:30.018+0000] GC(330) Final: 0 encountered, 0 discovered, 0 enqueued
[2025-08-01T14:46:30.018+0000] GC(330) Phantom: 3 encountered, 1 discovered, 0 enqueued
[2025-08-01T14:46:30.018+0000] GC(330) Small Pages: 1405 / 2810M, Empty: 2254M, Relocated: 2M, In-Place: 0
[2025-08-01T14:46:30.018+0000] GC(330) Medium Pages: 1 / 32M, Empty: 0M, Relocated: 0M, In-Place: 0
[2025-08-01T14:46:30.018+0000] GC(330) Large Pages: 0 / 0M, Empty: 0M, Relocated: 0M, In-Place: 0
[2025-08-01T14:46:30.018+0000] GC(330) Forwarding Usage: 0M
[2025-08-01T14:46:30.018+0000] GC(330) Min Capacity: 4096M(100%)
[2025-08-01T14:46:30.018+0000] GC(330) Max Capacity: 4096M(100%)
[2025-08-01T14:46:30.018+0000] GC(330) Soft Max Capacity: 4096M(100%)
[2025-08-01T14:46:30.018+0000] GC(330)                Mark Start          Mark End        Relocate Start      Relocate End           High               Low         
[2025-08-01T14:46:30.018+0000] GC(330)  Capacity:     4096M (100%)       4096M (100%)       4096M (100%)       4096M (100%)       4096M (100%)       4096M (100%)   
[2025-08-01T14:46:30.018+0000] GC(330)      Free:     1254M (31%)         482M (12%)        2704M (66%)        2710M (66%)        2710M (66%)         466M (11%)    
[2025-08-01T14:46:30.018+0000] GC(330)      Used:     2842M (69%)        3614M (88%)        1392M (34%)        1386M (34%)        3630M (89%)        1386M (34%)    
[2025-08-01T14:46:30.018+0000] GC(330)      Live:         -               538M (13%)         538M (13%)         538M (13%)            -                  -          
[2025-08-01T14:46:30.018+0000] GC(330) Allocated:         -               772M (19%)         804M (20%)         808M (20%)            -                  -          
[2025-08-01T14:46:30.018+0000] GC(330)   Garbage:         -              2303M (56%)          49M (1%)           39M (1%)             -                  -          
[2025-08-01T14:46:30.018+0000] GC(330) Reclaimed:         -                  -              2254M (55%)        2264M (55%)            -                  -          
[2025-08-01T14:46:30.018+0000] GC(330) Garbage Collection (Allocation Rate) 2842M(69%)->1386M(34%)
[2025-08-01T14:46:30.093+0000] GC(331) Heap before GC invocations=331 (full 331):
[2025-08-01T14:46:30.093+0000] GC(331)  ZHeap           used 1770M, capacity 4096M, max capacity 4096M
[2025-08-01T14:46:30.093+0000] GC(331)  Metaspace       used 10643K, committed 10880K, reserved 1114112K
[2025-08-01T14:46:30.093+0000] GC(331)   class space    used 1265K, committed 1344K, reserved 1048576K
[2025-08-01T14:46:30.093+0000] GC(331) Garbage Collection (Allocation Rate)
[2025-08-01T14:46:30.093+0000] GC(331) Using 2 workers
[2025-08-01T14:46:30.093+0000] GC(331) Pause Mark Start 0.007ms
[2025-08-01T14:46:30.225+0000] GC(331) Concurrent Mark 131.869ms
[2025-08-01T14:46:30.225+0000] GC(331) Pause Mark End 0.014ms
[2025-08-01T14:46:30.225+0000] GC(331) Concurrent Mark Free 0.001ms
[2025-08-01T14:46:30.228+0000] GC(331) Concurrent Process Non-Strong References 2.786ms
[2025-08-01T14:46:30.228+0000] GC(331) Concurrent Reset Relocation Set 0.003ms
[2025-08-01T14:46:30.232+0000] GC(331) Concurrent Select Relocation Set 4.050ms
[2025-08-01T14:46:30.233+0000] GC(331) Pause Relocate Start 0.010ms
[2025-08-01T14:46:30.234+0000] GC(331) Concurrent Relocate 0.844ms
[2025-08-01T14:46:30.234+0000] GC(331) Heap after GC invocations=332 (full 332):
[2025-08-01T14:46:30.234+0000] GC(331)  ZHeap           used 1232M, capacity 4096M, max capacity 4096M
[2025-08-01T14:46:30.234+0000] GC(331)  Metaspace       used 10643K, committed 10880K, reserved 1114112K
[2025-08-01T14:46:30.234+0000] GC(331)   class space    used 1265K, committed 1344K, reserved 1048576K
[2025-08-01T14:46:30.234+0000] GC(331) Load: 1.63/0.85/0.38
[2025-08-01T14:46:30.234+0000] GC(331) MMU: 2ms/90.0%, 5ms/96.0%, 10ms/97.9%, 20ms/98.9%, 50ms/99.6%, 100ms/99.8%
[2025-08-01T14:46:30.234+0000] GC(331) Mark: 2 stripe(s), 2 proactive flush(es), 1 terminate flush(es), 0 completion(s), 0 continuation(s) 
[2025-08-01T14:46:30.234+0000] GC(331) Mark Stack Usage: 32M
[2025-08-01T14:46:30.234+0000] GC(331) NMethods: 1415 registered, 180 unregistered
[2025-08-01T14:46:30.234+0000] GC(331) Metaspace: 10M used, 10M committed, 1088M reserved
[2025-08-01T14:46:30.234+0000] GC(331) Soft: 228 encountered, 0 discovered, 0 enqueued
[2025-08-01T14:46:30.234+0000] GC(331) Weak: 934 encountered, 668 discovered, 0 enqueued
[2025-08-01T14:46:30.234+0000] GC(331) Final: 0 encountered, 0 discovered, 0 enqueued
[2025-08-01T14:46:30.234+0000] GC(331) Phantom: 3 encountered, 1 discovered, 0 enqueued
[2025-08-01T14:46:30.234+0000] GC(331) Small Pages: 870 / 1740M, Empty: 1122M, Relocated: 1M, In-Place: 0
[2025-08-01T14:46:30.234+0000] GC(331) Medium Pages: 1 / 32M, Empty: 0M, Relocated: 0M, In-Place: 0
[2025-08-01T14:46:30.234+0000] GC(331) Large Pages: 0 / 0M, Empty: 0M, Relocated: 0M, In-Place: 0
[2025-08-01T14:46:30.234+0000] GC(331) Forwarding Usage: 0M
[2025-08-01T14:46:30.234+0000] GC(331) Min Capacity: 4096M(100%)
[2025-08-01T14:46:30.234+0000] GC(331) Max Capacity: 4096M(100%)
[2025-08-01T14:46:30.234+0000] GC(331) Soft Max Capacity: 4096M(100%)
[2025-08-01T14:46:30.234+0000] GC(331)                Mark Start          Mark End        Relocate Start      Relocate End           High               Low         
[2025-08-01T14:46:30.234+0000] GC(331)  Capacity:     4096M (100%)       4096M (100%)       4096M (100%)       4096M (100%)       4096M (100%)       4096M (100%)   
[2025-08-01T14:46:30.234+0000] GC(331)      Free:     2324M (57%)        1814M (44%)        2868M (70%)        2864M (70%)        2872M (70%)        1786M (44%)    
[2025-08-01T14:46:30.234+0000] GC(331)      Used:     1772M (43%)        2282M (56%)        1228M (30%)        1232M (30%)        2310M (56%)        1224M (30%)    
[2025-08-01T14:46:30.234+0000] GC(331)      Live:         -               602M (15%)         602M (15%)         602M (15%)            -                  -          
[2025-08-01T14:46:30.234+0000] GC(331) Allocated:         -               510M (12%)         578M (14%)         588M (14%)            -                  -          
[2025-08-01T14:46:30.234+0000] GC(331)   Garbage:         -              1169M (29%)          47M (1%)           41M (1%)             -                  -          
[2025-08-01T14:46:30.234+0000] GC(331) Reclaimed:         -                  -              1122M (27%)        1128M (28%)            -                  -          
[2025-08-01T14:46:30.234+0000] GC(331) Garbage Collection (Allocation Rate) 1772M(43%)->1232M(30%)
[2025-08-01T14:46:30.493+0000] GC(332) Heap before GC invocations=332 (full 332):
[2025-08-01T14:46:30.493+0000] GC(332)  ZHeap           used 2548M, capacity 4096M, max capacity 4096M
[2025-08-01T14:46:30.493+0000] GC(332)  Metaspace       used 10643K, committed 10880K, reserved 1114112K
[2025-08-01T14:46:30.493+0000] GC(332)   class space    used 1265K, committed 1344K, reserved 1048576K
[2025-08-01T14:46:30.493+0000] GC(332) Garbage Collection (Allocation Rate)
[2025-08-01T14:46:30.493+0000] GC(332) Using 2 workers
[2025-08-01T14:46:30.493+0000] GC(332) Pause Mark Start 0.016ms
[2025-08-01T14:46:30.672+0000] GC(332) Concurrent Mark 178.259ms
[2025-08-01T14:46:30.672+0000] GC(332) Pause Mark End 0.017ms
[2025-08-01T14:46:30.672+0000] GC(332) Concurrent Mark Free 0.001ms
[2025-08-01T14:46:30.674+0000] GC(332) Concurrent Process Non-Strong References 2.624ms
[2025-08-01T14:46:30.674+0000] GC(332) Concurrent Reset Relocation Set 0.002ms
[2025-08-01T14:46:30.678+0000] GC(332) Concurrent Select Relocation Set 3.475ms
[2025-08-01T14:46:30.678+0000] GC(332) Pause Relocate Start 0.009ms
[2025-08-01T14:46:30.679+0000] GC(332) Concurrent Relocate 1.213ms
[2025-08-01T14:46:30.679+0000] GC(332) Heap after GC invocations=333 (full 333):
[2025-08-01T14:46:30.679+0000] GC(332)  ZHeap           used 1462M, capacity 4096M, max capacity 4096M
[2025-08-01T14:46:30.679+0000] GC(332)  Metaspace       used 10643K, committed 10880K, reserved 1114112K
[2025-08-01T14:46:30.679+0000] GC(332)   class space    used 1265K, committed 1344K, reserved 1048576K
[2025-08-01T14:46:30.679+0000] GC(332) Load: 1.63/0.85/0.38
[2025-08-01T14:46:30.679+0000] GC(332) MMU: 2ms/90.0%, 5ms/96.0%, 10ms/97.9%, 20ms/98.9%, 50ms/99.6%, 100ms/99.8%
[2025-08-01T14:46:30.679+0000] GC(332) Mark: 2 stripe(s), 2 proactive flush(es), 1 terminate flush(es), 0 completion(s), 0 continuation(s) 
[2025-08-01T14:46:30.679+0000] GC(332) Mark Stack Usage: 32M
[2025-08-01T14:46:30.679+0000] GC(332) NMethods: 1415 registered, 180 unregistered
[2025-08-01T14:46:30.679+0000] GC(332) Metaspace: 10M used, 10M committed, 1088M reserved
[2025-08-01T14:46:30.679+0000] GC(332) Soft: 228 encountered, 0 discovered, 0 enqueued
[2025-08-01T14:46:30.679+0000] GC(332) Weak: 934 encountered, 703 discovered, 0 enqueued
[2025-08-01T14:46:30.679+0000] GC(332) Final: 0 encountered, 0 discovered, 0 enqueued
[2025-08-01T14:46:30.679+0000] GC(332) Phantom: 3 encountered, 2 discovered, 0 enqueued
[2025-08-01T14:46:30.679+0000] GC(332) Small Pages: 1258 / 2516M, Empty: 1848M, Relocated: 4M, In-Place: 0
[2025-08-01T14:46:30.679+0000] GC(332) Medium Pages: 1 / 32M, Empty: 0M, Relocated: 0M, In-Place: 0
[2025-08-01T14:46:30.679+0000] GC(332) Large Pages: 0 / 0M, Empty: 0M, Relocated: 0M, In-Place: 0
[2025-08-01T14:46:30.679+0000] GC(332) Forwarding Usage: 0M
[2025-08-01T14:46:30.679+0000] GC(332) Min Capacity: 4096M(100%)
[2025-08-01T14:46:30.680+0000] GC(332) Max Capacity: 4096M(100%)
[2025-08-01T14:46:30.680+0000] GC(332) Soft Max Capacity: 4096M(100%)
[2025-08-01T14:46:30.680+0000] GC(332)                Mark Start          Mark End        Relocate Start      Relocate End           High               Low         
[2025-08-01T14:46:30.680+0000] GC(332)  Capacity:     4096M (100%)       4096M (100%)       4096M (100%)       4096M (100%)       4096M (100%)       4096M (100%)   
[2025-08-01T14:46:30.680+0000] GC(332)      Free:     1548M (38%)         772M (19%)        2620M (64%)        2634M (64%)        2634M (64%)         772M (19%)    
[2025-08-01T14:46:30.680+0000] GC(332)      Used:     2548M (62%)        3324M (81%)        1476M (36%)        1462M (36%)        3324M (81%)        1462M (36%)    
[2025-08-01T14:46:30.680+0000] GC(332)      Live:         -               644M (16%)         644M (16%)         644M (16%)            -                  -          
[2025-08-01T14:46:30.680+0000] GC(332) Allocated:         -               776M (19%)         776M (19%)         776M (19%)            -                  -          
[2025-08-01T14:46:30.680+0000] GC(332)   Garbage:         -              1903M (46%)          55M (1%)           41M (1%)             -                  -          
[2025-08-01T14:46:30.680+0000] GC(332) Reclaimed:         -                  -              1848M (45%)        1862M (45%)            -                  -          
[2025-08-01T14:46:30.680+0000] GC(332) Garbage Collection (Allocation Rate) 2548M(62%)->1462M(36%)
[2025-08-01T14:46:30.894+0000] GC(333) Heap before GC invocations=333 (full 333):
[2025-08-01T14:46:30.894+0000] GC(333)  ZHeap           used 2512M, capacity 4096M, max capacity 4096M
[2025-08-01T14:46:30.894+0000] GC(333)  Metaspace       used 10643K, committed 10880K, reserved 1114112K
[2025-08-01T14:46:30.894+0000] GC(333)   class space    used 1265K, committed 1344K, reserved 1048576K
[2025-08-01T14:46:30.894+0000] GC(333) Garbage Collection (Allocation Rate)
[2025-08-01T14:46:30.894+0000] GC(333) Using 2 workers
[2025-08-01T14:46:30.895+0000] GC(333) Pause Mark Start 0.012ms
[2025-08-01T14:46:31.106+0000] GC(333) Concurrent Mark 211.164ms
[2025-08-01T14:46:31.106+0000] GC(333) Pause Mark End 0.019ms
[2025-08-01T14:46:31.106+0000] GC(333) Concurrent Mark Free 0.001ms
[2025-08-01T14:46:31.110+0000] GC(333) Concurrent Process Non-Strong References 3.085ms
[2025-08-01T14:46:31.110+0000] GC(333) Concurrent Reset Relocation Set 0.002ms
[2025-08-01T14:46:31.113+0000] GC(333) Concurrent Select Relocation Set 3.050ms
[2025-08-01T14:46:31.113+0000] GC(333) Pause Relocate Start 0.010ms
[2025-08-01T14:46:31.114+0000] GC(333) Concurrent Relocate 1.062ms
[2025-08-01T14:46:31.114+0000] GC(333) Heap after GC invocations=334 (full 334):
[2025-08-01T14:46:31.114+0000] GC(333)  ZHeap           used 1472M, capacity 4096M, max capacity 4096M
[2025-08-01T14:46:31.114+0000] GC(333)  Metaspace       used 10643K, committed 10880K, reserved 1114112K
[2025-08-01T14:46:31.114+0000] GC(333)   class space    used 1265K, committed 1344K, reserved 1048576K
[2025-08-01T14:46:31.114+0000] GC(333) Load: 1.63/0.85/0.38
[2025-08-01T14:46:31.114+0000] GC(333) MMU: 2ms/90.0%, 5ms/96.0%, 10ms/97.9%, 20ms/98.9%, 50ms/99.6%, 100ms/99.8%
[2025-08-01T14:46:31.114+0000] GC(333) Mark: 2 stripe(s), 2 proactive flush(es), 1 terminate flush(es), 0 completion(s), 0 continuation(s) 
[2025-08-01T14:46:31.114+0000] GC(333) Mark Stack Usage: 32M
[2025-08-01T14:46:31.114+0000] GC(333) NMethods: 1415 registered, 180 unregistered
[2025-08-01T14:46:31.114+0000] GC(333) Metaspace: 10M used, 10M committed, 1088M reserved
[2025-08-01T14:46:31.114+0000] GC(333) Soft: 228 encountered, 0 discovered, 0 enqueued
[2025-08-01T14:46:31.114+0000] GC(333) Weak: 934 encountered, 686 discovered, 0 enqueued
[2025-08-01T14:46:31.114+0000] GC(333) Final: 0 encountered, 0 discovered, 0 enqueued
[2025-08-01T14:46:31.114+0000] GC(333) Phantom: 3 encountered, 1 discovered, 0 enqueued
[2025-08-01T14:46:31.114+0000] GC(333) Small Pages: 1242 / 2484M, Empty: 1916M, Relocated: 3M, In-Place: 0
[2025-08-01T14:46:31.114+0000] GC(333) Medium Pages: 1 / 32M, Empty: 0M, Relocated: 0M, In-Place: 0
[2025-08-01T14:46:31.114+0000] GC(333) Large Pages: 0 / 0M, Empty: 0M, Relocated: 0M, In-Place: 0
[2025-08-01T14:46:31.114+0000] GC(333) Forwarding Usage: 0M
[2025-08-01T14:46:31.114+0000] GC(333) Min Capacity: 4096M(100%)
[2025-08-01T14:46:31.114+0000] GC(333) Max Capacity: 4096M(100%)
[2025-08-01T14:46:31.114+0000] GC(333) Soft Max Capacity: 4096M(100%)
[2025-08-01T14:46:31.114+0000] GC(333)                Mark Start          Mark End        Relocate Start      Relocate End           High               Low         
[2025-08-01T14:46:31.114+0000] GC(333)  Capacity:     4096M (100%)       4096M (100%)       4096M (100%)       4096M (100%)       4096M (100%)       4096M (100%)   
[2025-08-01T14:46:31.114+0000] GC(333)      Free:     1580M (39%)         694M (17%)        2610M (64%)        2624M (64%)        2624M (64%)         694M (17%)    
[2025-08-01T14:46:31.114+0000] GC(333)      Used:     2516M (61%)        3402M (83%)        1486M (36%)        1472M (36%)        3402M (83%)        1472M (36%)    
[2025-08-01T14:46:31.114+0000] GC(333)      Live:         -               546M (13%)         546M (13%)         546M (13%)            -                  -          
[2025-08-01T14:46:31.114+0000] GC(333) Allocated:         -               886M (22%)         886M (22%)         886M (22%)            -                  -          
[2025-08-01T14:46:31.114+0000] GC(333)   Garbage:         -              1969M (48%)          53M (1%)           39M (1%)             -                  -          
[2025-08-01T14:46:31.114+0000] GC(333) Reclaimed:         -                  -              1916M (47%)        1930M (47%)            -                  -          
[2025-08-01T14:46:31.114+0000] GC(333) Garbage Collection (Allocation Rate) 2516M(61%)->1472M(36%)
[2025-08-01T14:46:31.294+0000] GC(334) Heap before GC invocations=334 (full 334):
[2025-08-01T14:46:31.294+0000] GC(334)  ZHeap           used 2262M, capacity 4096M, max capacity 4096M
[2025-08-01T14:46:31.294+0000] GC(334)  Metaspace       used 10643K, committed 10880K, reserved 1114112K
[2025-08-01T14:46:31.294+0000] GC(334)   class space    used 1265K, committed 1344K, reserved 1048576K
[2025-08-01T14:46:31.294+0000] GC(334) Garbage Collection (Allocation Rate)
[2025-08-01T14:46:31.294+0000] GC(334) Using 2 workers
[2025-08-01T14:46:31.294+0000] GC(334) Pause Mark Start 0.009ms
[2025-08-01T14:46:31.443+0000] GC(334) Concurrent Mark 149.473ms
[2025-08-01T14:46:31.444+0000] GC(334) Pause Mark End 0.083ms
[2025-08-01T14:46:31.444+0000] GC(334) Concurrent Mark Free 0.001ms
[2025-08-01T14:46:31.450+0000] GC(334) Concurrent Process Non-Strong References 6.099ms
[2025-08-01T14:46:31.450+0000] GC(334) Concurrent Reset Relocation Set 0.003ms
[2025-08-01T14:46:31.454+0000] GC(334) Concurrent Select Relocation Set 3.529ms
[2025-08-01T14:46:31.454+0000] GC(334) Pause Relocate Start 0.014ms
[2025-08-01T14:46:31.456+0000] GC(334) Concurrent Relocate 1.995ms
[2025-08-01T14:46:31.456+0000] GC(334) Heap after GC invocations=335 (full 335):
[2025-08-01T14:46:31.456+0000] GC(334)  ZHeap           used 1260M, capacity 4096M, max capacity 4096M
[2025-08-01T14:46:31.456+0000] GC(334)  Metaspace       used 10643K, committed 10880K, reserved 1114112K
[2025-08-01T14:46:31.456+0000] GC(334)   class space    used 1265K, committed 1344K, reserved 1048576K
[2025-08-01T14:46:31.456+0000] GC(334) Load: 1.90/0.92/0.41
[2025-08-01T14:46:31.456+0000] GC(334) MMU: 2ms/90.0%, 5ms/96.0%, 10ms/97.9%, 20ms/98.9%, 50ms/99.6%, 100ms/99.8%
[2025-08-01T14:46:31.456+0000] GC(334) Mark: 2 stripe(s), 3 proactive flush(es), 1 terminate flush(es), 0 completion(s), 0 continuation(s) 
[2025-08-01T14:46:31.456+0000] GC(334) Mark Stack Usage: 32M
[2025-08-01T14:46:31.456+0000] GC(334) NMethods: 1415 registered, 180 unregistered
[2025-08-01T14:46:31.456+0000] GC(334) Metaspace: 10M used, 10M committed, 1088M reserved
[2025-08-01T14:46:31.456+0000] GC(334) Soft: 228 encountered, 0 discovered, 0 enqueued
[2025-08-01T14:46:31.456+0000] GC(334) Weak: 934 encountered, 720 discovered, 0 enqueued
[2025-08-01T14:46:31.456+0000] GC(334) Final: 0 encountered, 0 discovered, 0 enqueued
[2025-08-01T14:46:31.456+0000] GC(334) Phantom: 3 encountered, 2 discovered, 0 enqueued
[2025-08-01T14:46:31.456+0000] GC(334) Small Pages: 1116 / 2232M, Empty: 1736M, Relocated: 6M, In-Place: 0
[2025-08-01T14:46:31.456+0000] GC(334) Medium Pages: 1 / 32M, Empty: 0M, Relocated: 0M, In-Place: 0
[2025-08-01T14:46:31.456+0000] GC(334) Large Pages: 0 / 0M, Empty: 0M, Relocated: 0M, In-Place: 0
[2025-08-01T14:46:31.456+0000] GC(334) Forwarding Usage: 0M
[2025-08-01T14:46:31.456+0000] GC(334) Min Capacity: 4096M(100%)
[2025-08-01T14:46:31.456+0000] GC(334) Max Capacity: 4096M(100%)
[2025-08-01T14:46:31.456+0000] GC(334) Soft Max Capacity: 4096M(100%)
[2025-08-01T14:46:31.456+0000] GC(334)                Mark Start          Mark End        Relocate Start      Relocate End           High               Low         
[2025-08-01T14:46:31.457+0000] GC(334)  Capacity:     4096M (100%)       4096M (100%)       4096M (100%)       4096M (100%)       4096M (100%)       4096M (100%)   
[2025-08-01T14:46:31.457+0000] GC(334)      Free:     1832M (45%)        1174M (29%)        2838M (69%)        2838M (69%)        2840M (69%)        1126M (27%)    
[2025-08-01T14:46:31.457+0000] GC(334)      Used:     2264M (55%)        2922M (71%)        1258M (31%)        1258M (31%)        2970M (73%)        1256M (31%)    
[2025-08-01T14:46:31.457+0000] GC(334)      Live:         -               479M (12%)         479M (12%)         479M (12%)            -                  -          
[2025-08-01T14:46:31.457+0000] GC(334) Allocated:         -               658M (16%)         730M (18%)         738M (18%)            -                  -          
[2025-08-01T14:46:31.457+0000] GC(334)   Garbage:         -              1784M (44%)          48M (1%)           40M (1%)             -                  -          
[2025-08-01T14:46:31.457+0000] GC(334) Reclaimed:         -                  -              1736M (42%)        1744M (43%)            -                  -          
[2025-08-01T14:46:31.457+0000] GC(334) Garbage Collection (Allocation Rate) 2264M(55%)->1258M(31%)
[2025-08-01T14:46:31.693+0000] GC(335) Heap before GC invocations=335 (full 335):
[2025-08-01T14:46:31.693+0000] GC(335)  ZHeap           used 2316M, capacity 4096M, max capacity 4096M
[2025-08-01T14:46:31.693+0000] GC(335)  Metaspace       used 10643K, committed 10880K, reserved 1114112K
[2025-08-01T14:46:31.693+0000] GC(335)   class space    used 1265K, committed 1344K, reserved 1048576K
[2025-08-01T14:46:31.693+0000] GC(335) Garbage Collection (Allocation Rate)
[2025-08-01T14:46:31.693+0000] GC(335) Using 2 workers
[2025-08-01T14:46:31.694+0000] GC(335) Pause Mark Start 0.021ms
[2025-08-01T14:46:31.860+0000] GC(335) Concurrent Mark 165.317ms
[2025-08-01T14:46:31.860+0000] GC(335) Pause Mark End 0.018ms
[2025-08-01T14:46:31.860+0000] GC(335) Concurrent Mark Free 0.002ms
[2025-08-01T14:46:31.866+0000] GC(335) Concurrent Process Non-Strong References 5.732ms
[2025-08-01T14:46:31.866+0000] GC(335) Concurrent Reset Relocation Set 0.005ms
[2025-08-01T14:46:31.870+0000] GC(335) Concurrent Select Relocation Set 3.812ms
[2025-08-01T14:46:31.871+0000] GC(335) Pause Relocate Start 0.013ms
[2025-08-01T14:46:31.873+0000] GC(335) Concurrent Relocate 2.083ms
[2025-08-01T14:46:31.873+0000] GC(335) Heap after GC invocations=336 (full 336):
[2025-08-01T14:46:31.873+0000] GC(335)  ZHeap           used 1104M, capacity 4096M, max capacity 4096M
[2025-08-01T14:46:31.873+0000] GC(335)  Metaspace       used 10643K, committed 10880K, reserved 1114112K
[2025-08-01T14:46:31.873+0000] GC(335)   class space    used 1265K, committed 1344K, reserved 1048576K
[2025-08-01T14:46:31.873+0000] GC(335) Load: 1.90/0.92/0.41
[2025-08-01T14:46:31.873+0000] GC(335) MMU: 2ms/90.0%, 5ms/96.0%, 10ms/97.9%, 20ms/98.9%, 50ms/99.6%, 100ms/99.8%
[2025-08-01T14:46:31.873+0000] GC(335) Mark: 2 stripe(s), 2 proactive flush(es), 1 terminate flush(es), 0 completion(s), 0 continuation(s) 
[2025-08-01T14:46:31.873+0000] GC(335) Mark Stack Usage: 32M
[2025-08-01T14:46:31.873+0000] GC(335) NMethods: 1415 registered, 180 unregistered
[2025-08-01T14:46:31.873+0000] GC(335) Metaspace: 10M used, 10M committed, 1088M reserved
[2025-08-01T14:46:31.873+0000] GC(335) Soft: 228 encountered, 0 discovered, 0 enqueued
[2025-08-01T14:46:31.873+0000] GC(335) Weak: 934 encountered, 669 discovered, 0 enqueued
[2025-08-01T14:46:31.873+0000] GC(335) Final: 0 encountered, 0 discovered, 0 enqueued
[2025-08-01T14:46:31.873+0000] GC(335) Phantom: 3 encountered, 1 discovered, 0 enqueued
[2025-08-01T14:46:31.873+0000] GC(335) Small Pages: 1143 / 2286M, Empty: 1834M, Relocated: 3M, In-Place: 0
[2025-08-01T14:46:31.873+0000] GC(335) Medium Pages: 1 / 32M, Empty: 0M, Relocated: 0M, In-Place: 0
[2025-08-01T14:46:31.873+0000] GC(335) Large Pages: 0 / 0M, Empty: 0M, Relocated: 0M, In-Place: 0
[2025-08-01T14:46:31.873+0000] GC(335) Forwarding Usage: 0M
[2025-08-01T14:46:31.873+0000] GC(335) Min Capacity: 4096M(100%)
[2025-08-01T14:46:31.873+0000] GC(335) Max Capacity: 4096M(100%)
[2025-08-01T14:46:31.873+0000] GC(335) Soft Max Capacity: 4096M(100%)
[2025-08-01T14:46:31.873+0000] GC(335)                Mark Start          Mark End        Relocate Start      Relocate End           High               Low         
[2025-08-01T14:46:31.873+0000] GC(335)  Capacity:     4096M (100%)       4096M (100%)       4096M (100%)       4096M (100%)       4096M (100%)       4096M (100%)   
[2025-08-01T14:46:31.874+0000] GC(335)      Free:     1778M (43%)        1214M (30%)        2998M (73%)        2994M (73%)        3002M (73%)        1198M (29%)    
[2025-08-01T14:46:31.874+0000] GC(335)      Used:     2318M (57%)        2882M (70%)        1098M (27%)        1102M (27%)        2898M (71%)        1094M (27%)    
[2025-08-01T14:46:31.874+0000] GC(335)      Live:         -               433M (11%)         433M (11%)         433M (11%)            -                  -          
[2025-08-01T14:46:31.874+0000] GC(335) Allocated:         -               564M (14%)         614M (15%)         630M (15%)            -                  -          
[2025-08-01T14:46:31.874+0000] GC(335)   Garbage:         -              1884M (46%)          50M (1%)           38M (1%)             -                  -          
[2025-08-01T14:46:31.874+0000] GC(335) Reclaimed:         -                  -              1834M (45%)        1846M (45%)            -                  -          
[2025-08-01T14:46:31.874+0000] GC(335) Garbage Collection (Allocation Rate) 2318M(57%)->1102M(27%)
[2025-08-01T14:46:32.193+0000] GC(336) Heap before GC invocations=336 (full 336):
[2025-08-01T14:46:32.193+0000] GC(336)  ZHeap           used 2626M, capacity 4096M, max capacity 4096M
[2025-08-01T14:46:32.193+0000] GC(336)  Metaspace       used 10643K, committed 10880K, reserved 1114112K
[2025-08-01T14:46:32.193+0000] GC(336)   class space    used 1265K, committed 1344K, reserved 1048576K
[2025-08-01T14:46:32.193+0000] GC(336) Garbage Collection (Allocation Rate)
[2025-08-01T14:46:32.193+0000] GC(336) Using 2 workers
[2025-08-01T14:46:32.193+0000] GC(336) Pause Mark Start 0.009ms
[2025-08-01T14:46:32.306+0000] GC(336) Concurrent Mark 112.819ms
[2025-08-01T14:46:32.307+0000] GC(336) Pause Mark End 0.023ms
[2025-08-01T14:46:32.307+0000] GC(336) Concurrent Mark Free 0.002ms
[2025-08-01T14:46:32.311+0000] GC(336) Concurrent Process Non-Strong References 3.721ms
[2025-08-01T14:46:32.311+0000] GC(336) Concurrent Reset Relocation Set 0.003ms
[2025-08-01T14:46:32.315+0000] GC(336) Concurrent Select Relocation Set 4.267ms
[2025-08-01T14:46:32.316+0000] GC(336) Pause Relocate Start 0.017ms
[2025-08-01T14:46:32.317+0000] GC(336) Concurrent Relocate 1.485ms
[2025-08-01T14:46:32.317+0000] GC(336) Heap after GC invocations=337 (full 337):
[2025-08-01T14:46:32.317+0000] GC(336)  ZHeap           used 1118M, capacity 4096M, max capacity 4096M
[2025-08-01T14:46:32.317+0000] GC(336)  Metaspace       used 10643K, committed 10880K, reserved 1114112K
[2025-08-01T14:46:32.317+0000] GC(336)   class space    used 1265K, committed 1344K, reserved 1048576K
[2025-08-01T14:46:32.317+0000] GC(336) Load: 1.90/0.92/0.41
[2025-08-01T14:46:32.317+0000] GC(336) MMU: 2ms/90.0%, 5ms/96.0%, 10ms/97.9%, 20ms/98.9%, 50ms/99.6%, 100ms/99.8%
[2025-08-01T14:46:32.317+0000] GC(336) Mark: 2 stripe(s), 2 proactive flush(es), 1 terminate flush(es), 0 completion(s), 0 continuation(s) 
[2025-08-01T14:46:32.317+0000] GC(336) Mark Stack Usage: 32M
[2025-08-01T14:46:32.317+0000] GC(336) NMethods: 1415 registered, 180 unregistered
[2025-08-01T14:46:32.317+0000] GC(336) Metaspace: 10M used, 10M committed, 1088M reserved
[2025-08-01T14:46:32.317+0000] GC(336) Soft: 228 encountered, 0 discovered, 0 enqueued
[2025-08-01T14:46:32.317+0000] GC(336) Weak: 934 encountered, 696 discovered, 0 enqueued
[2025-08-01T14:46:32.317+0000] GC(336) Final: 0 encountered, 0 discovered, 0 enqueued
[2025-08-01T14:46:32.317+0000] GC(336) Phantom: 3 encountered, 1 discovered, 0 enqueued
[2025-08-01T14:46:32.317+0000] GC(336) Small Pages: 1299 / 2598M, Empty: 2160M, Relocated: 3M, In-Place: 0
[2025-08-01T14:46:32.317+0000] GC(336) Medium Pages: 1 / 32M, Empty: 0M, Relocated: 0M, In-Place: 0
[2025-08-01T14:46:32.317+0000] GC(336) Large Pages: 0 / 0M, Empty: 0M, Relocated: 0M, In-Place: 0
[2025-08-01T14:46:32.317+0000] GC(336) Forwarding Usage: 0M
[2025-08-01T14:46:32.317+0000] GC(336) Min Capacity: 4096M(100%)
[2025-08-01T14:46:32.317+0000] GC(336) Max Capacity: 4096M(100%)
[2025-08-01T14:46:32.317+0000] GC(336) Soft Max Capacity: 4096M(100%)
[2025-08-01T14:46:32.318+0000] GC(336)                Mark Start          Mark End        Relocate Start      Relocate End           High               Low         
[2025-08-01T14:46:32.318+0000] GC(336)  Capacity:     4096M (100%)       4096M (100%)       4096M (100%)       4096M (100%)       4096M (100%)       4096M (100%)   
[2025-08-01T14:46:32.318+0000] GC(336)      Free:     1466M (36%)         860M (21%)        2972M (73%)        2978M (73%)        2978M (73%)         834M (20%)    
[2025-08-01T14:46:32.318+0000] GC(336)      Used:     2630M (64%)        3236M (79%)        1124M (27%)        1118M (27%)        3262M (80%)        1118M (27%)    
[2025-08-01T14:46:32.318+0000] GC(336)      Live:         -               418M (10%)         418M (10%)         418M (10%)            -                  -          
[2025-08-01T14:46:32.318+0000] GC(336) Allocated:         -               606M (15%)         654M (16%)         660M (16%)            -                  -          
[2025-08-01T14:46:32.318+0000] GC(336)   Garbage:         -              2211M (54%)          51M (1%)           39M (1%)             -                  -          
[2025-08-01T14:46:32.318+0000] GC(336) Reclaimed:         -                  -              2160M (53%)        2172M (53%)            -                  -          
[2025-08-01T14:46:32.318+0000] GC(336) Garbage Collection (Allocation Rate) 2630M(64%)->1118M(27%)
[2025-08-01T14:46:32.692+0000] GC(337) Heap before GC invocations=337 (full 337):
[2025-08-01T14:46:32.692+0000] GC(337)  ZHeap           used 2918M, capacity 4096M, max capacity 4096M
[2025-08-01T14:46:32.692+0000] GC(337)  Metaspace       used 10643K, committed 10880K, reserved 1114112K
[2025-08-01T14:46:32.692+0000] GC(337)   class space    used 1265K, committed 1344K, reserved 1048576K
[2025-08-01T14:46:32.692+0000] GC(337) Garbage Collection (Allocation Rate)
[2025-08-01T14:46:32.692+0000] GC(337) Using 2 workers
[2025-08-01T14:46:32.693+0000] GC(337) Pause Mark Start 0.012ms
[2025-08-01T14:46:32.874+0000] GC(337) Concurrent Mark 180.994ms
[2025-08-01T14:46:32.874+0000] GC(337) Pause Mark End 0.013ms
[2025-08-01T14:46:32.874+0000] GC(337) Concurrent Mark Free 0.001ms
[2025-08-01T14:46:32.878+0000] GC(337) Concurrent Process Non-Strong References 3.379ms
[2025-08-01T14:46:32.878+0000] GC(337) Concurrent Reset Relocation Set 0.002ms
[2025-08-01T14:46:32.881+0000] GC(337) Concurrent Select Relocation Set 3.289ms
[2025-08-01T14:46:32.881+0000] GC(337) Pause Relocate Start 0.011ms
[2025-08-01T14:46:32.885+0000] GC(337) Concurrent Relocate 3.234ms
[2025-08-01T14:46:32.885+0000] GC(337) Heap after GC invocations=338 (full 338):
[2025-08-01T14:46:32.885+0000] GC(337)  ZHeap           used 1686M, capacity 4096M, max capacity 4096M
[2025-08-01T14:46:32.885+0000] GC(337)  Metaspace       used 10643K, committed 10880K, reserved 1114112K
[2025-08-01T14:46:32.885+0000] GC(337)   class space    used 1265K, committed 1344K, reserved 1048576K
[2025-08-01T14:46:32.885+0000] GC(337) Load: 1.90/0.92/0.41
[2025-08-01T14:46:32.885+0000] GC(337) MMU: 2ms/90.0%, 5ms/96.0%, 10ms/97.9%, 20ms/98.9%, 50ms/99.6%, 100ms/99.8%
[2025-08-01T14:46:32.885+0000] GC(337) Mark: 2 stripe(s), 2 proactive flush(es), 1 terminate flush(es), 0 completion(s), 0 continuation(s) 
[2025-08-01T14:46:32.885+0000] GC(337) Mark Stack Usage: 32M
[2025-08-01T14:46:32.885+0000] GC(337) NMethods: 1415 registered, 180 unregistered
[2025-08-01T14:46:32.885+0000] GC(337) Metaspace: 10M used, 10M committed, 1088M reserved
[2025-08-01T14:46:32.885+0000] GC(337) Soft: 228 encountered, 0 discovered, 0 enqueued
[2025-08-01T14:46:32.885+0000] GC(337) Weak: 934 encountered, 687 discovered, 0 enqueued
[2025-08-01T14:46:32.885+0000] GC(337) Final: 0 encountered, 0 discovered, 0 enqueued
[2025-08-01T14:46:32.885+0000] GC(337) Phantom: 3 encountered, 1 discovered, 0 enqueued
[2025-08-01T14:46:32.885+0000] GC(337) Small Pages: 1443 / 2886M, Empty: 2120M, Relocated: 11M, In-Place: 0
[2025-08-01T14:46:32.885+0000] GC(337) Medium Pages: 1 / 32M, Empty: 0M, Relocated: 0M, In-Place: 0
[2025-08-01T14:46:32.885+0000] GC(337) Large Pages: 0 / 0M, Empty: 0M, Relocated: 0M, In-Place: 0
[2025-08-01T14:46:32.885+0000] GC(337) Forwarding Usage: 0M
[2025-08-01T14:46:32.885+0000] GC(337) Min Capacity: 4096M(100%)
[2025-08-01T14:46:32.885+0000] GC(337) Max Capacity: 4096M(100%)
[2025-08-01T14:46:32.885+0000] GC(337) Soft Max Capacity: 4096M(100%)
[2025-08-01T14:46:32.885+0000] GC(337)                Mark Start          Mark End        Relocate Start      Relocate End           High               Low         
[2025-08-01T14:46:32.885+0000] GC(337)  Capacity:     4096M (100%)       4096M (100%)       4096M (100%)       4096M (100%)       4096M (100%)       4096M (100%)   
[2025-08-01T14:46:32.885+0000] GC(337)      Free:     1178M (29%)         276M (7%)         2392M (58%)        2410M (59%)        2410M (59%)         272M (7%)     
[2025-08-01T14:46:32.885+0000] GC(337)      Used:     2918M (71%)        3820M (93%)        1704M (42%)        1686M (41%)        3824M (93%)        1686M (41%)    
[2025-08-01T14:46:32.885+0000] GC(337)      Live:         -               738M (18%)         738M (18%)         738M (18%)            -                  -          
[2025-08-01T14:46:32.885+0000] GC(337) Allocated:         -               902M (22%)         906M (22%)         906M (22%)            -                  -          
[2025-08-01T14:46:32.885+0000] GC(337)   Garbage:         -              2179M (53%)          59M (1%)           41M (1%)             -                  -          
[2025-08-01T14:46:32.885+0000] GC(337) Reclaimed:         -                  -              2120M (52%)        2138M (52%)            -                  -          
[2025-08-01T14:46:32.885+0000] GC(337) Garbage Collection (Allocation Rate) 2918M(71%)->1686M(41%)
[2025-08-01T14:46:32.993+0000] GC(338) Heap before GC invocations=338 (full 338):
[2025-08-01T14:46:32.993+0000] GC(338)  ZHeap           used 2180M, capacity 4096M, max capacity 4096M
[2025-08-01T14:46:32.993+0000] GC(338)  Metaspace       used 10643K, committed 10880K, reserved 1114112K
[2025-08-01T14:46:32.993+0000] GC(338)   class space    used 1265K, committed 1344K, reserved 1048576K
[2025-08-01T14:46:32.993+0000] GC(338) Garbage Collection (Allocation Rate)
[2025-08-01T14:46:32.993+0000] GC(338) Using 2 workers
[2025-08-01T14:46:32.993+0000] GC(338) Pause Mark Start 0.008ms
[2025-08-01T14:46:33.130+0000] GC(338) Concurrent Mark 136.896ms
[2025-08-01T14:46:33.130+0000] GC(338) Pause Mark End 0.014ms
[2025-08-01T14:46:33.130+0000] GC(338) Concurrent Mark Free 0.001ms
[2025-08-01T14:46:33.134+0000] GC(338) Concurrent Process Non-Strong References 3.168ms
[2025-08-01T14:46:33.134+0000] GC(338) Concurrent Reset Relocation Set 0.003ms
[2025-08-01T14:46:33.138+0000] GC(338) Concurrent Select Relocation Set 4.022ms
[2025-08-01T14:46:33.138+0000] GC(338) Pause Relocate Start 0.013ms
[2025-08-01T14:46:33.140+0000] GC(338) Concurrent Relocate 1.628ms
[2025-08-01T14:46:33.140+0000] GC(338) Heap after GC invocations=339 (full 339):
[2025-08-01T14:46:33.140+0000] GC(338)  ZHeap           used 1410M, capacity 4096M, max capacity 4096M
[2025-08-01T14:46:33.140+0000] GC(338)  Metaspace       used 10643K, committed 10880K, reserved 1114112K
[2025-08-01T14:46:33.140+0000] GC(338)   class space    used 1265K, committed 1344K, reserved 1048576K
[2025-08-01T14:46:33.140+0000] GC(338) Load: 1.90/0.92/0.41
[2025-08-01T14:46:33.140+0000] GC(338) MMU: 2ms/90.0%, 5ms/96.0%, 10ms/97.9%, 20ms/98.9%, 50ms/99.6%, 100ms/99.8%
[2025-08-01T14:46:33.140+0000] GC(338) Mark: 2 stripe(s), 2 proactive flush(es), 1 terminate flush(es), 0 completion(s), 0 continuation(s) 
[2025-08-01T14:46:33.140+0000] GC(338) Mark Stack Usage: 32M
[2025-08-01T14:46:33.140+0000] GC(338) NMethods: 1415 registered, 180 unregistered
[2025-08-01T14:46:33.140+0000] GC(338) Metaspace: 10M used, 10M committed, 1088M reserved
[2025-08-01T14:46:33.140+0000] GC(338) Soft: 228 encountered, 0 discovered, 0 enqueued
[2025-08-01T14:46:33.140+0000] GC(338) Weak: 934 encountered, 711 discovered, 0 enqueued
[2025-08-01T14:46:33.140+0000] GC(338) Final: 0 encountered, 0 discovered, 0 enqueued
[2025-08-01T14:46:33.140+0000] GC(338) Phantom: 3 encountered, 2 discovered, 0 enqueued
[2025-08-01T14:46:33.140+0000] GC(338) Small Pages: 1074 / 2148M, Empty: 1506M, Relocated: 6M, In-Place: 0
[2025-08-01T14:46:33.140+0000] GC(338) Medium Pages: 1 / 32M, Empty: 0M, Relocated: 0M, In-Place: 0
[2025-08-01T14:46:33.140+0000] GC(338) Large Pages: 0 / 0M, Empty: 0M, Relocated: 0M, In-Place: 0
[2025-08-01T14:46:33.140+0000] GC(338) Forwarding Usage: 0M
[2025-08-01T14:46:33.140+0000] GC(338) Min Capacity: 4096M(100%)
[2025-08-01T14:46:33.140+0000] GC(338) Max Capacity: 4096M(100%)
[2025-08-01T14:46:33.140+0000] GC(338) Soft Max Capacity: 4096M(100%)
[2025-08-01T14:46:33.140+0000] GC(338)                Mark Start          Mark End        Relocate Start      Relocate End           High               Low         
[2025-08-01T14:46:33.140+0000] GC(338)  Capacity:     4096M (100%)       4096M (100%)       4096M (100%)       4096M (100%)       4096M (100%)       4096M (100%)   
[2025-08-01T14:46:33.140+0000] GC(338)      Free:     1916M (47%)        1212M (30%)        2682M (65%)        2686M (66%)        2690M (66%)        1200M (29%)    
[2025-08-01T14:46:33.140+0000] GC(338)      Used:     2180M (53%)        2884M (70%)        1414M (35%)        1410M (34%)        2896M (71%)        1406M (34%)    
[2025-08-01T14:46:33.140+0000] GC(338)      Live:         -               620M (15%)         620M (15%)         620M (15%)            -                  -          
[2025-08-01T14:46:33.140+0000] GC(338) Allocated:         -               704M (17%)         740M (18%)         748M (18%)            -                  -          
[2025-08-01T14:46:33.140+0000] GC(338)   Garbage:         -              1559M (38%)          53M (1%)           41M (1%)             -                  -          
[2025-08-01T14:46:33.140+0000] GC(338) Reclaimed:         -                  -              1506M (37%)        1518M (37%)            -                  -          
[2025-08-01T14:46:33.140+0000] GC(338) Garbage Collection (Allocation Rate) 2180M(53%)->1410M(34%)
[2025-08-01T14:46:33.393+0000] GC(339) Heap before GC invocations=339 (full 339):
[2025-08-01T14:46:33.393+0000] GC(339)  ZHeap           used 2672M, capacity 4096M, max capacity 4096M
[2025-08-01T14:46:33.393+0000] GC(339)  Metaspace       used 10643K, committed 10880K, reserved 1114112K
[2025-08-01T14:46:33.393+0000] GC(339)   class space    used 1265K, committed 1344K, reserved 1048576K
[2025-08-01T14:46:33.393+0000] GC(339) Garbage Collection (Allocation Rate)
[2025-08-01T14:46:33.393+0000] GC(339) Using 2 workers
[2025-08-01T14:46:33.397+0000] GC(339) Pause Mark Start 0.025ms
[2025-08-01T14:46:33.572+0000] GC(339) Concurrent Mark 174.914ms
[2025-08-01T14:46:33.574+0000] GC(339) Pause Mark End 0.024ms
[2025-08-01T14:46:33.574+0000] GC(339) Concurrent Mark Free 0.002ms
[2025-08-01T14:46:33.581+0000] GC(339) Concurrent Process Non-Strong References 6.677ms
[2025-08-01T14:46:33.581+0000] GC(339) Concurrent Reset Relocation Set 0.004ms
[2025-08-01T14:46:33.585+0000] GC(339) Concurrent Select Relocation Set 4.291ms
[2025-08-01T14:46:33.586+0000] GC(339) Pause Relocate Start 0.015ms
[2025-08-01T14:46:33.590+0000] GC(339) Concurrent Relocate 3.834ms
[2025-08-01T14:46:33.590+0000] GC(339) Heap after GC invocations=340 (full 340):
[2025-08-01T14:46:33.590+0000] GC(339)  ZHeap           used 1618M, capacity 4096M, max capacity 4096M
[2025-08-01T14:46:33.590+0000] GC(339)  Metaspace       used 10643K, committed 10880K, reserved 1114112K
[2025-08-01T14:46:33.590+0000] GC(339)   class space    used 1265K, committed 1344K, reserved 1048576K
[2025-08-01T14:46:33.590+0000] GC(339) Load: 1.90/0.92/0.41
[2025-08-01T14:46:33.590+0000] GC(339) MMU: 2ms/90.0%, 5ms/96.0%, 10ms/97.9%, 20ms/98.9%, 50ms/99.6%, 100ms/99.8%
[2025-08-01T14:46:33.590+0000] GC(339) Mark: 2 stripe(s), 2 proactive flush(es), 1 terminate flush(es), 0 completion(s), 0 continuation(s) 
[2025-08-01T14:46:33.590+0000] GC(339) Mark Stack Usage: 32M
[2025-08-01T14:46:33.590+0000] GC(339) NMethods: 1415 registered, 180 unregistered
[2025-08-01T14:46:33.590+0000] GC(339) Metaspace: 10M used, 10M committed, 1088M reserved
[2025-08-01T14:46:33.590+0000] GC(339) Soft: 228 encountered, 0 discovered, 0 enqueued
[2025-08-01T14:46:33.590+0000] GC(339) Weak: 934 encountered, 724 discovered, 0 enqueued
[2025-08-01T14:46:33.590+0000] GC(339) Final: 0 encountered, 0 discovered, 0 enqueued
[2025-08-01T14:46:33.590+0000] GC(339) Phantom: 3 encountered, 1 discovered, 0 enqueued
[2025-08-01T14:46:33.590+0000] GC(339) Small Pages: 1320 / 2640M, Empty: 1964M, Relocated: 5M, In-Place: 0
[2025-08-01T14:46:33.590+0000] GC(339) Medium Pages: 1 / 32M, Empty: 0M, Relocated: 0M, In-Place: 0
[2025-08-01T14:46:33.590+0000] GC(339) Large Pages: 0 / 0M, Empty: 0M, Relocated: 0M, In-Place: 0
[2025-08-01T14:46:33.590+0000] GC(339) Forwarding Usage: 0M
[2025-08-01T14:46:33.590+0000] GC(339) Min Capacity: 4096M(100%)
[2025-08-01T14:46:33.590+0000] GC(339) Max Capacity: 4096M(100%)
[2025-08-01T14:46:33.590+0000] GC(339) Soft Max Capacity: 4096M(100%)
[2025-08-01T14:46:33.590+0000] GC(339)                Mark Start          Mark End        Relocate Start      Relocate End           High               Low         
[2025-08-01T14:46:33.590+0000] GC(339)  Capacity:     4096M (100%)       4096M (100%)       4096M (100%)       4096M (100%)       4096M (100%)       4096M (100%)   
[2025-08-01T14:46:33.590+0000] GC(339)      Free:     1424M (35%)         638M (16%)        2502M (61%)        2478M (60%)        2508M (61%)         582M (14%)    
[2025-08-01T14:46:33.590+0000] GC(339)      Used:     2672M (65%)        3458M (84%)        1594M (39%)        1618M (40%)        3514M (86%)        1588M (39%)    
[2025-08-01T14:46:33.590+0000] GC(339)      Live:         -               654M (16%)         654M (16%)         654M (16%)            -                  -          
[2025-08-01T14:46:33.590+0000] GC(339) Allocated:         -               786M (19%)         886M (22%)         924M (23%)            -                  -          
[2025-08-01T14:46:33.590+0000] GC(339)   Garbage:         -              2017M (49%)          53M (1%)           39M (1%)             -                  -          
[2025-08-01T14:46:33.590+0000] GC(339) Reclaimed:         -                  -              1964M (48%)        1978M (48%)            -                  -          
[2025-08-01T14:46:33.590+0000] GC(339) Garbage Collection (Allocation Rate) 2672M(65%)->1618M(40%)
[2025-08-01T14:46:33.693+0000] === Garbage Collection Statistics =======================================================================================================================
[2025-08-01T14:46:33.693+0000]                                                              Last 10s              Last 10m              Last 10h                Total
[2025-08-01T14:46:33.693+0000]                                                              Avg / Max             Avg / Max             Avg / Max             Avg / Max
[2025-08-01T14:46:33.693+0000]   Collector: Garbage Collection Cycle                    158.933 / 224.986     147.512 / 346.825     147.512 / 346.825     147.512 / 346.825     ms
[2025-08-01T14:46:33.693+0000]  Contention: Mark Segment Reset Contention                     0 / 1                 0 / 2                 0 / 2                 0 / 2           ops/s
[2025-08-01T14:46:33.693+0000]  Contention: Mark SeqNum Reset Contention                      0 / 1                 0 / 1                 0 / 1                 0 / 1           ops/s
[2025-08-01T14:46:33.693+0000]    Critical: Allocation Stall                                  0 / 0                 0 / 0                 0 / 0                 0 / 0           ops/s
[2025-08-01T14:46:33.693+0000]    Critical: Allocation Stall                              0.000 / 0.000         0.000 / 0.000         0.000 / 0.000         0.000 / 0.000       ms
[2025-08-01T14:46:33.693+0000]    Critical: GC Locker Stall                                   0 / 0                 0 / 0                 0 / 0                 0 / 0           ops/s
[2025-08-01T14:46:33.693+0000]    Critical: GC Locker Stall                               0.000 / 0.000         0.000 / 0.000         0.000 / 0.000         0.000 / 0.000       ms
[2025-08-01T14:46:33.693+0000]    Critical: Relocation Stall                                  0 / 0                 0 / 0                 0 / 0                 0 / 0           ops/s
[2025-08-01T14:46:33.693+0000]    Critical: Relocation Stall                              0.000 / 0.000         0.000 / 0.000         0.000 / 0.000         0.000 / 0.000       ms
[2025-08-01T14:46:33.693+0000]      Memory: Allocation Rate                                4784 / 5114           4677 / 5234           4677 / 5234           4677 / 5234        MB/s
[2025-08-01T14:46:33.693+0000]      Memory: Defragment                                        0 / 0                 0 / 0                 0 / 0                 0 / 0           ops/s
[2025-08-01T14:46:33.693+0000]      Memory: Out Of Memory                                     0 / 0                 0 / 0                 0 / 0                 0 / 0           ops/s
[2025-08-01T14:46:33.693+0000]      Memory: Page Cache Flush                                  0 / 0                 0 / 0                 0 / 0                 0 / 0           MB/s
[2025-08-01T14:46:33.693+0000]      Memory: Page Cache Hit L1                              2400 / 2565           2331 / 2621           2331 / 2621           2331 / 2621        ops/s
[2025-08-01T14:46:33.693+0000]      Memory: Page Cache Hit L2                                 0 / 0                 0 / 0                 0 / 0                 0 / 0           ops/s
[2025-08-01T14:46:33.693+0000]      Memory: Page Cache Hit L3                                 0 / 0                13 / 551              13 / 551              13 / 551         ops/s
[2025-08-01T14:46:33.693+0000]      Memory: Page Cache Miss                                   0 / 0                 0 / 1                 0 / 1                 0 / 1           ops/s
[2025-08-01T14:46:33.693+0000]      Memory: Uncommit                                          0 / 0                 0 / 0                 0 / 0                 0 / 0           MB/s
[2025-08-01T14:46:33.693+0000]      Memory: Undo Object Allocation Failed                     0 / 0                 0 / 3                 0 / 3                 0 / 3           ops/s
[2025-08-01T14:46:33.693+0000]      Memory: Undo Object Allocation Succeeded                  0 / 0                 0 / 3                 0 / 3                 0 / 3           ops/s
[2025-08-01T14:46:33.693+0000]      Memory: Undo Page Allocation                              0 / 0                 0 / 1                 0 / 1                 0 / 1           ops/s
[2025-08-01T14:46:33.693+0000]       Phase: Concurrent Mark                             147.548 / 215.855     135.445 / 335.006     135.445 / 335.006     135.445 / 335.006     ms
[2025-08-01T14:46:33.693+0000]       Phase: Concurrent Mark Continue                      0.000 / 0.000         0.000 / 0.000         0.000 / 0.000         0.000 / 0.000       ms
[2025-08-01T14:46:33.693+0000]       Phase: Concurrent Mark Free                          0.001 / 0.003         0.002 / 0.005         0.002 / 0.005         0.002 / 0.005       ms
[2025-08-01T14:46:33.693+0000]       Phase: Concurrent Process Non-Strong References      3.825 / 8.288         3.782 / 14.556        3.782 / 14.556        3.782 / 14.556      ms
[2025-08-01T14:46:33.693+0000]       Phase: Concurrent Relocate                           1.802 / 4.364         2.177 / 16.307        2.177 / 16.307        2.177 / 16.307      ms
[2025-08-01T14:46:33.693+0000]       Phase: Concurrent Reset Relocation Set               0.003 / 0.005         0.003 / 0.065         0.003 / 0.065         0.003 / 0.065       ms
[2025-08-01T14:46:33.693+0000]       Phase: Concurrent Select Relocation Set              3.474 / 4.291         3.707 / 16.702        3.707 / 16.702        3.707 / 16.702      ms
[2025-08-01T14:46:33.693+0000]       Phase: Pause Mark End                                0.025 / 0.140         0.021 / 0.200         0.021 / 0.200         0.021 / 0.200       ms
[2025-08-01T14:46:33.693+0000]       Phase: Pause Mark Start                              0.011 / 0.025         0.014 / 0.088         0.014 / 0.088         0.014 / 0.088       ms
[2025-08-01T14:46:33.693+0000]       Phase: Pause Relocate Start                          0.013 / 0.017         0.014 / 0.143         0.014 / 0.143         0.014 / 0.143       ms
[2025-08-01T14:46:33.693+0000]    Subphase: Concurrent Classes Purge                      0.060 / 0.863         0.038 / 1.924         0.038 / 1.924         0.038 / 1.924       ms
[2025-08-01T14:46:33.693+0000]    Subphase: Concurrent Classes Unlink                     2.488 / 5.161         2.420 / 8.637         2.420 / 8.637         2.420 / 8.637       ms
[2025-08-01T14:46:33.693+0000]    Subphase: Concurrent Mark                             145.446 / 214.977     133.908 / 334.367     133.908 / 334.367     133.908 / 334.367     ms
[2025-08-01T14:46:33.693+0000]    Subphase: Concurrent Mark Try Flush                     0.685 / 4.727         0.521 / 7.713         0.521 / 7.713         0.521 / 7.713       ms
[2025-08-01T14:46:33.694+0000]    Subphase: Concurrent Mark Try Terminate                 0.928 / 3.307         0.918 / 4.798         0.918 / 4.798         0.918 / 4.798       ms
[2025-08-01T14:46:33.694+0000]    Subphase: Concurrent References Enqueue                 0.004 / 0.079         0.001 / 0.079         0.001 / 0.079         0.001 / 0.079       ms
[2025-08-01T14:46:33.694+0000]    Subphase: Concurrent References Process                 0.386 / 1.733         0.320 / 1.918         0.320 / 1.918         0.320 / 1.918       ms
[2025-08-01T14:46:33.694+0000]    Subphase: Concurrent Roots ClassLoaderDataGraph         0.150 / 0.970         0.129 / 2.268         0.129 / 2.268         0.129 / 2.268       ms
[2025-08-01T14:46:33.694+0000]    Subphase: Concurrent Roots CodeCache                    0.000 / 0.000         0.000 / 0.000         0.000 / 0.000         0.000 / 0.000       ms
[2025-08-01T14:46:33.694+0000]    Subphase: Concurrent Roots JavaThreads                  0.129 / 0.892         0.123 / 2.387         0.123 / 2.387         0.123 / 2.387       ms
[2025-08-01T14:46:33.694+0000]    Subphase: Concurrent Roots OopStorageSet                0.019 / 0.037         0.027 / 0.238         0.027 / 0.238         0.027 / 0.238       ms
[2025-08-01T14:46:33.694+0000]    Subphase: Concurrent Weak Roots OopStorageSet           0.212 / 0.584         0.217 / 2.271         0.217 / 2.271         0.217 / 2.271       ms
[2025-08-01T14:46:33.694+0000]    Subphase: Pause Mark Try Complete                       0.000 / 0.000         0.000 / 0.000         0.000 / 0.000         0.000 / 0.000       ms
[2025-08-01T14:46:33.694+0000]      System: Java Threads                                     14 / 14               14 / 14               14 / 14               14 / 14          threads
[2025-08-01T14:46:33.694+0000] =========================================================================================================================================================
[2025-08-01T14:46:33.793+0000] GC(340) Heap before GC invocations=340 (full 340):
[2025-08-01T14:46:33.793+0000] GC(340)  ZHeap           used 2522M, capacity 4096M, max capacity 4096M
[2025-08-01T14:46:33.793+0000] GC(340)  Metaspace       used 10643K, committed 10880K, reserved 1114112K
[2025-08-01T14:46:33.793+0000] GC(340)   class space    used 1265K, committed 1344K, reserved 1048576K
[2025-08-01T14:46:33.793+0000] GC(340) Garbage Collection (Allocation Rate)
[2025-08-01T14:46:33.793+0000] GC(340) Using 2 workers
[2025-08-01T14:46:33.793+0000] GC(340) Pause Mark Start 0.014ms
[2025-08-01T14:46:33.949+0000] GC(340) Concurrent Mark 155.905ms
[2025-08-01T14:46:33.950+0000] GC(340) Pause Mark End 0.018ms
[2025-08-01T14:46:33.950+0000] GC(340) Concurrent Mark Free 0.001ms
[2025-08-01T14:46:33.954+0000] GC(340) Concurrent Process Non-Strong References 4.176ms
[2025-08-01T14:46:33.954+0000] GC(340) Concurrent Reset Relocation Set 0.003ms
[2025-08-01T14:46:33.958+0000] GC(340) Concurrent Select Relocation Set 3.784ms
[2025-08-01T14:46:33.959+0000] GC(340) Pause Relocate Start 0.017ms
[2025-08-01T14:46:33.960+0000] GC(340) Concurrent Relocate 1.509ms
[2025-08-01T14:46:33.960+0000] GC(340) Heap after GC invocations=341 (full 341):
[2025-08-01T14:46:33.960+0000] GC(340)  ZHeap           used 1480M, capacity 4096M, max capacity 4096M
[2025-08-01T14:46:33.960+0000] GC(340)  Metaspace       used 10643K, committed 10880K, reserved 1114112K
[2025-08-01T14:46:33.960+0000] GC(340)   class space    used 1265K, committed 1344K, reserved 1048576K
[2025-08-01T14:46:33.960+0000] GC(340) Load: 1.90/0.92/0.41
[2025-08-01T14:46:33.960+0000] GC(340) MMU: 2ms/90.0%, 5ms/96.0%, 10ms/97.9%, 20ms/98.9%, 50ms/99.6%, 100ms/99.8%
[2025-08-01T14:46:33.960+0000] GC(340) Mark: 2 stripe(s), 2 proactive flush(es), 1 terminate flush(es), 0 completion(s), 0 continuation(s) 
[2025-08-01T14:46:33.960+0000] GC(340) Mark Stack Usage: 32M
[2025-08-01T14:46:33.960+0000] GC(340) NMethods: 1415 registered, 180 unregistered
[2025-08-01T14:46:33.960+0000] GC(340) Metaspace: 10M used, 10M committed, 1088M reserved
[2025-08-01T14:46:33.960+0000] GC(340) Soft: 228 encountered, 0 discovered, 0 enqueued
[2025-08-01T14:46:33.960+0000] GC(340) Weak: 934 encountered, 684 discovered, 0 enqueued
[2025-08-01T14:46:33.960+0000] GC(340) Final: 0 encountered, 0 discovered, 0 enqueued
[2025-08-01T14:46:33.960+0000] GC(340) Phantom: 3 encountered, 2 discovered, 0 enqueued
[2025-08-01T14:46:33.960+0000] GC(340) Small Pages: 1245 / 2490M, Empty: 1862M, Relocated: 4M, In-Place: 0
[2025-08-01T14:46:33.960+0000] GC(340) Medium Pages: 1 / 32M, Empty: 0M, Relocated: 0M, In-Place: 0
[2025-08-01T14:46:33.960+0000] GC(340) Large Pages: 0 / 0M, Empty: 0M, Relocated: 0M, In-Place: 0
[2025-08-01T14:46:33.960+0000] GC(340) Forwarding Usage: 0M
[2025-08-01T14:46:33.960+0000] GC(340) Min Capacity: 4096M(100%)
[2025-08-01T14:46:33.961+0000] GC(340) Max Capacity: 4096M(100%)
[2025-08-01T14:46:33.961+0000] GC(340) Soft Max Capacity: 4096M(100%)
[2025-08-01T14:46:33.961+0000] GC(340)                Mark Start          Mark End        Relocate Start      Relocate End           High               Low         
[2025-08-01T14:46:33.961+0000] GC(340)  Capacity:     4096M (100%)       4096M (100%)       4096M (100%)       4096M (100%)       4096M (100%)       4096M (100%)   
[2025-08-01T14:46:33.961+0000] GC(340)      Free:     1574M (38%)         784M (19%)        2608M (64%)        2616M (64%)        2616M (64%)         766M (19%)    
[2025-08-01T14:46:33.961+0000] GC(340)      Used:     2522M (62%)        3312M (81%)        1488M (36%)        1480M (36%)        3330M (81%)        1480M (36%)    
[2025-08-01T14:46:33.961+0000] GC(340)      Live:         -               610M (15%)         610M (15%)         610M (15%)            -                  -          
[2025-08-01T14:46:33.961+0000] GC(340) Allocated:         -               790M (19%)         828M (20%)         828M (20%)            -                  -          
[2025-08-01T14:46:33.961+0000] GC(340)   Garbage:         -              1911M (47%)          49M (1%)           41M (1%)             -                  -          
[2025-08-01T14:46:33.961+0000] GC(340) Reclaimed:         -                  -              1862M (45%)        1870M (46%)            -                  -          
[2025-08-01T14:46:33.961+0000] GC(340) Garbage Collection (Allocation Rate) 2522M(62%)->1480M(36%)
[2025-08-01T14:46:34.193+0000] GC(341) Heap before GC invocations=341 (full 341):
[2025-08-01T14:46:34.193+0000] GC(341)  ZHeap           used 2584M, capacity 4096M, max capacity 4096M
[2025-08-01T14:46:34.193+0000] GC(341)  Metaspace       used 10643K, committed 10880K, reserved 1114112K
[2025-08-01T14:46:34.193+0000] GC(341)   class space    used 1265K, committed 1344K, reserved 1048576K
[2025-08-01T14:46:34.193+0000] GC(341) Garbage Collection (Allocation Rate)
[2025-08-01T14:46:34.193+0000] GC(341) Using 2 workers
[2025-08-01T14:46:34.193+0000] GC(341) Pause Mark Start 0.006ms
[2025-08-01T14:46:34.344+0000] GC(341) Concurrent Mark 150.642ms
[2025-08-01T14:46:34.344+0000] GC(341) Pause Mark End 0.018ms
[2025-08-01T14:46:34.344+0000] GC(341) Concurrent Mark Free 0.001ms
[2025-08-01T14:46:34.347+0000] GC(341) Concurrent Process Non-Strong References 2.720ms
[2025-08-01T14:46:34.347+0000] GC(341) Concurrent Reset Relocation Set 0.002ms
[2025-08-01T14:46:34.350+0000] GC(341) Concurrent Select Relocation Set 3.302ms
[2025-08-01T14:46:34.350+0000] GC(341) Pause Relocate Start 0.011ms
[2025-08-01T14:46:34.351+0000] GC(341) Concurrent Relocate 1.128ms
[2025-08-01T14:46:34.351+0000] GC(341) Heap after GC invocations=342 (full 342):
[2025-08-01T14:46:34.351+0000] GC(341)  ZHeap           used 1480M, capacity 4096M, max capacity 4096M
[2025-08-01T14:46:34.351+0000] GC(341)  Metaspace       used 10643K, committed 10880K, reserved 1114112K
[2025-08-01T14:46:34.351+0000] GC(341)   class space    used 1265K, committed 1344K, reserved 1048576K
[2025-08-01T14:46:34.351+0000] GC(341) Load: 1.90/0.92/0.41
[2025-08-01T14:46:34.351+0000] GC(341) MMU: 2ms/90.0%, 5ms/96.0%, 10ms/97.9%, 20ms/98.9%, 50ms/99.6%, 100ms/99.8%
[2025-08-01T14:46:34.352+0000] GC(341) Mark: 2 stripe(s), 2 proactive flush(es), 1 terminate flush(es), 0 completion(s), 0 continuation(s) 
[2025-08-01T14:46:34.352+0000] GC(341) Mark Stack Usage: 32M
[2025-08-01T14:46:34.352+0000] GC(341) NMethods: 1415 registered, 180 unregistered
[2025-08-01T14:46:34.352+0000] GC(341) Metaspace: 10M used, 10M committed, 1088M reserved
[2025-08-01T14:46:34.352+0000] GC(341) Soft: 228 encountered, 0 discovered, 0 enqueued
[2025-08-01T14:46:34.352+0000] GC(341) Weak: 934 encountered, 700 discovered, 0 enqueued
[2025-08-01T14:46:34.352+0000] GC(341) Final: 0 encountered, 0 discovered, 0 enqueued
[2025-08-01T14:46:34.352+0000] GC(341) Phantom: 3 encountered, 1 discovered, 0 enqueued
[2025-08-01T14:46:34.352+0000] GC(341) Small Pages: 1276 / 2552M, Empty: 1834M, Relocated: 3M, In-Place: 0
[2025-08-01T14:46:34.352+0000] GC(341) Medium Pages: 1 / 32M, Empty: 0M, Relocated: 0M, In-Place: 0
[2025-08-01T14:46:34.352+0000] GC(341) Large Pages: 0 / 0M, Empty: 0M, Relocated: 0M, In-Place: 0
[2025-08-01T14:46:34.352+0000] GC(341) Forwarding Usage: 0M
[2025-08-01T14:46:34.352+0000] GC(341) Min Capacity: 4096M(100%)
[2025-08-01T14:46:34.352+0000] GC(341) Max Capacity: 4096M(100%)
[2025-08-01T14:46:34.352+0000] GC(341) Soft Max Capacity: 4096M(100%)
[2025-08-01T14:46:34.352+0000] GC(341)                Mark Start          Mark End        Relocate Start      Relocate End           High               Low         
[2025-08-01T14:46:34.352+0000] GC(341)  Capacity:     4096M (100%)       4096M (100%)       4096M (100%)       4096M (100%)       4096M (100%)       4096M (100%)   
[2025-08-01T14:46:34.352+0000] GC(341)      Free:     1512M (37%)         774M (19%)        2608M (64%)        2616M (64%)        2616M (64%)         774M (19%)    
[2025-08-01T14:46:34.352+0000] GC(341)      Used:     2584M (63%)        3322M (81%)        1488M (36%)        1480M (36%)        3322M (81%)        1480M (36%)    
[2025-08-01T14:46:34.352+0000] GC(341)      Live:         -               700M (17%)         700M (17%)         700M (17%)            -                  -          
[2025-08-01T14:46:34.352+0000] GC(341) Allocated:         -               738M (18%)         738M (18%)         738M (18%)            -                  -          
[2025-08-01T14:46:34.352+0000] GC(341)   Garbage:         -              1883M (46%)          49M (1%)           41M (1%)             -                  -          
[2025-08-01T14:46:34.352+0000] GC(341) Reclaimed:         -                  -              1834M (45%)        1842M (45%)            -                  -          
[2025-08-01T14:46:34.352+0000] GC(341) Garbage Collection (Allocation Rate) 2584M(63%)->1480M(36%)
[2025-08-01T14:46:34.593+0000] GC(342) Heap before GC invocations=342 (full 342):
[2025-08-01T14:46:34.593+0000] GC(342)  ZHeap           used 2604M, capacity 4096M, max capacity 4096M
[2025-08-01T14:46:34.593+0000] GC(342)  Metaspace       used 10643K, committed 10880K, reserved 1114112K
[2025-08-01T14:46:34.593+0000] GC(342)   class space    used 1265K, committed 1344K, reserved 1048576K
[2025-08-01T14:46:34.593+0000] GC(342) Garbage Collection (Allocation Rate)
[2025-08-01T14:46:34.593+0000] GC(342) Using 2 workers
[2025-08-01T14:46:34.594+0000] GC(342) Pause Mark Start 0.017ms
[2025-08-01T14:46:34.827+0000] GC(342) Concurrent Mark 232.481ms
[2025-08-01T14:46:34.827+0000] GC(342) Pause Mark End 0.019ms
[2025-08-01T14:46:34.827+0000] GC(342) Concurrent Mark Free 0.001ms
[2025-08-01T14:46:34.830+0000] GC(342) Concurrent Process Non-Strong References 3.422ms
[2025-08-01T14:46:34.831+0000] GC(342) Concurrent Reset Relocation Set 0.003ms
[2025-08-01T14:46:34.834+0000] GC(342) Concurrent Select Relocation Set 3.811ms
[2025-08-01T14:46:34.835+0000] GC(342) Pause Relocate Start 0.013ms
[2025-08-01T14:46:34.836+0000] GC(342) Concurrent Relocate 1.646ms
[2025-08-01T14:46:34.837+0000] GC(342) Heap after GC invocations=343 (full 343):
[2025-08-01T14:46:34.837+0000] GC(342)  ZHeap           used 1780M, capacity 4096M, max capacity 4096M
[2025-08-01T14:46:34.837+0000] GC(342)  Metaspace       used 10643K, committed 10880K, reserved 1114112K
[2025-08-01T14:46:34.837+0000] GC(342)   class space    used 1265K, committed 1344K, reserved 1048576K
[2025-08-01T14:46:34.837+0000] GC(342) Load: 1.90/0.92/0.41
[2025-08-01T14:46:34.837+0000] GC(342) MMU: 2ms/90.0%, 5ms/96.0%, 10ms/97.9%, 20ms/98.9%, 50ms/99.6%, 100ms/99.8%
[2025-08-01T14:46:34.837+0000] GC(342) Mark: 2 stripe(s), 2 proactive flush(es), 1 terminate flush(es), 0 completion(s), 0 continuation(s) 
[2025-08-01T14:46:34.837+0000] GC(342) Mark Stack Usage: 32M
[2025-08-01T14:46:34.837+0000] GC(342) NMethods: 1415 registered, 180 unregistered
[2025-08-01T14:46:34.837+0000] GC(342) Metaspace: 10M used, 10M committed, 1088M reserved
[2025-08-01T14:46:34.837+0000] GC(342) Soft: 228 encountered, 0 discovered, 0 enqueued
[2025-08-01T14:46:34.837+0000] GC(342) Weak: 934 encountered, 687 discovered, 0 enqueued
[2025-08-01T14:46:34.837+0000] GC(342) Final: 0 encountered, 0 discovered, 0 enqueued
[2025-08-01T14:46:34.837+0000] GC(342) Phantom: 3 encountered, 1 discovered, 0 enqueued
[2025-08-01T14:46:34.837+0000] GC(342) Small Pages: 1287 / 2574M, Empty: 1880M, Relocated: 5M, In-Place: 0
[2025-08-01T14:46:34.837+0000] GC(342) Medium Pages: 1 / 32M, Empty: 0M, Relocated: 0M, In-Place: 0
[2025-08-01T14:46:34.837+0000] GC(342) Large Pages: 0 / 0M, Empty: 0M, Relocated: 0M, In-Place: 0
[2025-08-01T14:46:34.837+0000] GC(342) Forwarding Usage: 0M
[2025-08-01T14:46:34.837+0000] GC(342) Min Capacity: 4096M(100%)
[2025-08-01T14:46:34.837+0000] GC(342) Max Capacity: 4096M(100%)
[2025-08-01T14:46:34.837+0000] GC(342) Soft Max Capacity: 4096M(100%)
[2025-08-01T14:46:34.837+0000] GC(342)                Mark Start          Mark End        Relocate Start      Relocate End           High               Low         
[2025-08-01T14:46:34.837+0000] GC(342)  Capacity:     4096M (100%)       4096M (100%)       4096M (100%)       4096M (100%)       4096M (100%)       4096M (100%)   
[2025-08-01T14:46:34.837+0000] GC(342)      Free:     1490M (36%)         486M (12%)        2308M (56%)        2316M (57%)        2320M (57%)         454M (11%)    
[2025-08-01T14:46:34.837+0000] GC(342)      Used:     2606M (64%)        3610M (88%)        1788M (44%)        1780M (43%)        3642M (89%)        1776M (43%)    
[2025-08-01T14:46:34.837+0000] GC(342)      Live:         -               669M (16%)         669M (16%)         669M (16%)            -                  -          
[2025-08-01T14:46:34.837+0000] GC(342) Allocated:         -              1004M (25%)        1062M (26%)        1068M (26%)            -                  -          
[2025-08-01T14:46:34.837+0000] GC(342)   Garbage:         -              1936M (47%)          56M (1%)           42M (1%)             -                  -          
[2025-08-01T14:46:34.837+0000] GC(342) Reclaimed:         -                  -              1880M (46%)        1894M (46%)            -                  -          
[2025-08-01T14:46:34.837+0000] GC(342) Garbage Collection (Allocation Rate) 2606M(64%)->1780M(43%)
[2025-08-01T14:46:34.892+0000] GC(343) Heap before GC invocations=343 (full 343):
[2025-08-01T14:46:34.892+0000] GC(343)  ZHeap           used 1982M, capacity 4096M, max capacity 4096M
[2025-08-01T14:46:34.892+0000] GC(343)  Metaspace       used 10643K, committed 10880K, reserved 1114112K
[2025-08-01T14:46:34.892+0000] GC(343)   class space    used 1265K, committed 1344K, reserved 1048576K
[2025-08-01T14:46:34.892+0000] GC(343) Garbage Collection (Allocation Rate)
[2025-08-01T14:46:34.893+0000] GC(343) Using 2 workers
[2025-08-01T14:46:34.893+0000] GC(343) Pause Mark Start 0.009ms
[2025-08-01T14:46:35.006+0000] GC(343) Concurrent Mark 113.380ms
[2025-08-01T14:46:35.006+0000] GC(343) Pause Mark End 0.013ms
[2025-08-01T14:46:35.006+0000] GC(343) Concurrent Mark Free 0.001ms
[2025-08-01T14:46:35.009+0000] GC(343) Concurrent Process Non-Strong References 2.904ms
[2025-08-01T14:46:35.009+0000] GC(343) Concurrent Reset Relocation Set 0.003ms
[2025-08-01T14:46:35.013+0000] GC(343) Concurrent Select Relocation Set 3.943ms
[2025-08-01T14:46:35.013+0000] GC(343) Pause Relocate Start 0.014ms
[2025-08-01T14:46:35.015+0000] GC(343) Concurrent Relocate 1.939ms
[2025-08-01T14:46:35.015+0000] GC(343) Heap after GC invocations=344 (full 344):
[2025-08-01T14:46:35.015+0000] GC(343)  ZHeap           used 1062M, capacity 4096M, max capacity 4096M
[2025-08-01T14:46:35.015+0000] GC(343)  Metaspace       used 10643K, committed 10880K, reserved 1114112K
[2025-08-01T14:46:35.015+0000] GC(343)   class space    used 1265K, committed 1344K, reserved 1048576K
[2025-08-01T14:46:35.016+0000] GC(343) Load: 1.90/0.92/0.41
[2025-08-01T14:46:35.016+0000] GC(343) MMU: 2ms/90.0%, 5ms/96.0%, 10ms/97.9%, 20ms/98.9%, 50ms/99.6%, 100ms/99.8%
[2025-08-01T14:46:35.016+0000] GC(343) Mark: 2 stripe(s), 2 proactive flush(es), 1 terminate flush(es), 0 completion(s), 0 continuation(s) 
[2025-08-01T14:46:35.016+0000] GC(343) Mark Stack Usage: 32M
[2025-08-01T14:46:35.016+0000] GC(343) NMethods: 1415 registered, 180 unregistered
[2025-08-01T14:46:35.016+0000] GC(343) Metaspace: 10M used, 10M committed, 1088M reserved
[2025-08-01T14:46:35.016+0000] GC(343) Soft: 228 encountered, 0 discovered, 0 enqueued
[2025-08-01T14:46:35.016+0000] GC(343) Weak: 934 encountered, 700 discovered, 0 enqueued
[2025-08-01T14:46:35.016+0000] GC(343) Final: 0 encountered, 0 discovered, 0 enqueued
[2025-08-01T14:46:35.016+0000] GC(343) Phantom: 3 encountered, 1 discovered, 0 enqueued
[2025-08-01T14:46:35.016+0000] GC(343) Small Pages: 976 / 1952M, Empty: 1470M, Relocated: 6M, In-Place: 0
[2025-08-01T14:46:35.016+0000] GC(343) Medium Pages: 1 / 32M, Empty: 0M, Relocated: 0M, In-Place: 0
[2025-08-01T14:46:35.016+0000] GC(343) Large Pages: 0 / 0M, Empty: 0M, Relocated: 0M, In-Place: 0
[2025-08-01T14:46:35.016+0000] GC(343) Forwarding Usage: 0M
[2025-08-01T14:46:35.016+0000] GC(343) Min Capacity: 4096M(100%)
[2025-08-01T14:46:35.016+0000] GC(343) Max Capacity: 4096M(100%)
[2025-08-01T14:46:35.016+0000] GC(343) Soft Max Capacity: 4096M(100%)
[2025-08-01T14:46:35.016+0000] GC(343)                Mark Start          Mark End        Relocate Start      Relocate End           High               Low         
[2025-08-01T14:46:35.016+0000] GC(343)  Capacity:     4096M (100%)       4096M (100%)       4096M (100%)       4096M (100%)       4096M (100%)       4096M (100%)   
[2025-08-01T14:46:35.016+0000] GC(343)      Free:     2112M (52%)        1554M (38%)        3024M (74%)        3034M (74%)        3034M (74%)        1554M (38%)    
[2025-08-01T14:46:35.016+0000] GC(343)      Used:     1984M (48%)        2542M (62%)        1072M (26%)        1062M (26%)        2542M (62%)        1062M (26%)    
[2025-08-01T14:46:35.016+0000] GC(343)      Live:         -               463M (11%)         463M (11%)         463M (11%)            -                  -          
[2025-08-01T14:46:35.016+0000] GC(343) Allocated:         -               558M (14%)         558M (14%)         558M (14%)            -                  -          
[2025-08-01T14:46:35.016+0000] GC(343)   Garbage:         -              1520M (37%)          50M (1%)           40M (1%)             -                  -          
[2025-08-01T14:46:35.016+0000] GC(343) Reclaimed:         -                  -              1470M (36%)        1480M (36%)            -                  -          
[2025-08-01T14:46:35.016+0000] GC(343) Garbage Collection (Allocation Rate) 1984M(48%)->1062M(26%)
[2025-08-01T14:46:35.194+0000] GC(344) Heap before GC invocations=344 (full 344):
[2025-08-01T14:46:35.194+0000] GC(344)  ZHeap           used 1928M, capacity 4096M, max capacity 4096M
[2025-08-01T14:46:35.194+0000] GC(344)  Metaspace       used 10643K, committed 10880K, reserved 1114112K
[2025-08-01T14:46:35.194+0000] GC(344)   class space    used 1265K, committed 1344K, reserved 1048576K
[2025-08-01T14:46:35.194+0000] GC(344) Garbage Collection (Allocation Rate)
[2025-08-01T14:46:35.194+0000] GC(344) Using 2 workers
[2025-08-01T14:46:35.194+0000] GC(344) Pause Mark Start 0.014ms
[2025-08-01T14:46:35.273+0000] GC(344) Concurrent Mark 78.682ms
[2025-08-01T14:46:35.273+0000] GC(344) Pause Mark End 0.019ms
[2025-08-01T14:46:35.274+0000] GC(344) Concurrent Mark Free 0.002ms
[2025-08-01T14:46:35.277+0000] GC(344) Concurrent Process Non-Strong References 2.869ms
[2025-08-01T14:46:35.277+0000] GC(344) Concurrent Reset Relocation Set 0.002ms
[2025-08-01T14:46:35.281+0000] GC(344) Concurrent Select Relocation Set 4.712ms
[2025-08-01T14:46:35.282+0000] GC(344) Pause Relocate Start 0.014ms
[2025-08-01T14:46:35.285+0000] GC(344) Concurrent Relocate 3.274ms
[2025-08-01T14:46:35.285+0000] GC(344) Heap after GC invocations=345 (full 345):
[2025-08-01T14:46:35.285+0000] GC(344)  ZHeap           used 770M, capacity 4096M, max capacity 4096M
[2025-08-01T14:46:35.285+0000] GC(344)  Metaspace       used 10643K, committed 10880K, reserved 1114112K
[2025-08-01T14:46:35.285+0000] GC(344)   class space    used 1265K, committed 1344K, reserved 1048576K
[2025-08-01T14:46:35.285+0000] GC(344) Load: 1.90/0.92/0.41
[2025-08-01T14:46:35.285+0000] GC(344) MMU: 2ms/90.0%, 5ms/96.0%, 10ms/97.9%, 20ms/98.9%, 50ms/99.6%, 100ms/99.8%
[2025-08-01T14:46:35.285+0000] GC(344) Mark: 2 stripe(s), 3 proactive flush(es), 1 terminate flush(es), 0 completion(s), 0 continuation(s) 
[2025-08-01T14:46:35.285+0000] GC(344) Mark Stack Usage: 32M
[2025-08-01T14:46:35.285+0000] GC(344) NMethods: 1415 registered, 180 unregistered
[2025-08-01T14:46:35.285+0000] GC(344) Metaspace: 10M used, 10M committed, 1088M reserved
[2025-08-01T14:46:35.285+0000] GC(344) Soft: 228 encountered, 0 discovered, 0 enqueued
[2025-08-01T14:46:35.285+0000] GC(344) Weak: 934 encountered, 698 discovered, 0 enqueued
[2025-08-01T14:46:35.285+0000] GC(344) Final: 0 encountered, 0 discovered, 0 enqueued
[2025-08-01T14:46:35.285+0000] GC(344) Phantom: 3 encountered, 1 discovered, 0 enqueued
[2025-08-01T14:46:35.285+0000] GC(344) Small Pages: 949 / 1898M, Empty: 1600M, Relocated: 4M, In-Place: 0
[2025-08-01T14:46:35.285+0000] GC(344) Medium Pages: 1 / 32M, Empty: 0M, Relocated: 0M, In-Place: 0
[2025-08-01T14:46:35.285+0000] GC(344) Large Pages: 0 / 0M, Empty: 0M, Relocated: 0M, In-Place: 0
[2025-08-01T14:46:35.285+0000] GC(344) Forwarding Usage: 0M
[2025-08-01T14:46:35.285+0000] GC(344) Min Capacity: 4096M(100%)
[2025-08-01T14:46:35.285+0000] GC(344) Max Capacity: 4096M(100%)
[2025-08-01T14:46:35.285+0000] GC(344) Soft Max Capacity: 4096M(100%)
[2025-08-01T14:46:35.285+0000] GC(344)                Mark Start          Mark End        Relocate Start      Relocate End           High               Low         
[2025-08-01T14:46:35.285+0000] GC(344)  Capacity:     4096M (100%)       4096M (100%)       4096M (100%)       4096M (100%)       4096M (100%)       4096M (100%)   
[2025-08-01T14:46:35.286+0000] GC(344)      Free:     2166M (53%)        1792M (44%)        3340M (82%)        3328M (81%)        3348M (82%)        1772M (43%)    
[2025-08-01T14:46:35.286+0000] GC(344)      Used:     1930M (47%)        2304M (56%)         756M (18%)         768M (19%)        2324M (57%)         748M (18%)    
[2025-08-01T14:46:35.286+0000] GC(344)      Live:         -               281M (7%)          281M (7%)          281M (7%)             -                  -          
[2025-08-01T14:46:35.286+0000] GC(344) Allocated:         -               374M (9%)          426M (10%)         446M (11%)            -                  -          
[2025-08-01T14:46:35.286+0000] GC(344)   Garbage:         -              1648M (40%)          48M (1%)           40M (1%)             -                  -          
[2025-08-01T14:46:35.286+0000] GC(344) Reclaimed:         -                  -              1600M (39%)        1608M (39%)            -                  -          
[2025-08-01T14:46:35.286+0000] GC(344) Garbage Collection (Allocation Rate) 1930M(47%)->768M(19%)
[2025-08-01T14:46:35.693+0000] GC(345) Heap before GC invocations=345 (full 345):
[2025-08-01T14:46:35.693+0000] GC(345)  ZHeap           used 2860M, capacity 4096M, max capacity 4096M
[2025-08-01T14:46:35.693+0000] GC(345)  Metaspace       used 10643K, committed 10880K, reserved 1114112K
[2025-08-01T14:46:35.693+0000] GC(345)   class space    used 1265K, committed 1344K, reserved 1048576K
[2025-08-01T14:46:35.693+0000] GC(345) Garbage Collection (Allocation Rate)
[2025-08-01T14:46:35.693+0000] GC(345) Using 2 workers
[2025-08-01T14:46:35.694+0000] GC(345) Pause Mark Start 0.012ms
[2025-08-01T14:46:35.837+0000] GC(345) Concurrent Mark 143.546ms
[2025-08-01T14:46:35.838+0000] GC(345) Pause Mark End 0.016ms
[2025-08-01T14:46:35.838+0000] GC(345) Concurrent Mark Free 0.002ms
[2025-08-01T14:46:35.842+0000] GC(345) Concurrent Process Non-Strong References 4.134ms
[2025-08-01T14:46:35.842+0000] GC(345) Concurrent Reset Relocation Set 0.003ms
[2025-08-01T14:46:35.847+0000] GC(345) Concurrent Select Relocation Set 4.769ms
[2025-08-01T14:46:35.847+0000] GC(345) Pause Relocate Start 0.014ms
[2025-08-01T14:46:35.850+0000] GC(345) Concurrent Relocate 2.873ms
[2025-08-01T14:46:35.850+0000] GC(345) Heap after GC invocations=346 (full 346):
[2025-08-01T14:46:35.850+0000] GC(345)  ZHeap           used 1296M, capacity 4096M, max capacity 4096M
[2025-08-01T14:46:35.850+0000] GC(345)  Metaspace       used 10643K, committed 10880K, reserved 1114112K
[2025-08-01T14:46:35.850+0000] GC(345)   class space    used 1265K, committed 1344K, reserved 1048576K
[2025-08-01T14:46:35.851+0000] GC(345) Load: 1.90/0.92/0.41
[2025-08-01T14:46:35.851+0000] GC(345) MMU: 2ms/90.0%, 5ms/96.0%, 10ms/97.9%, 20ms/98.9%, 50ms/99.6%, 100ms/99.8%
[2025-08-01T14:46:35.851+0000] GC(345) Mark: 2 stripe(s), 2 proactive flush(es), 1 terminate flush(es), 0 completion(s), 0 continuation(s) 
[2025-08-01T14:46:35.851+0000] GC(345) Mark Stack Usage: 32M
[2025-08-01T14:46:35.851+0000] GC(345) NMethods: 1415 registered, 180 unregistered
[2025-08-01T14:46:35.851+0000] GC(345) Metaspace: 10M used, 10M committed, 1088M reserved
[2025-08-01T14:46:35.851+0000] GC(345) Soft: 228 encountered, 0 discovered, 0 enqueued
[2025-08-01T14:46:35.851+0000] GC(345) Weak: 934 encountered, 703 discovered, 0 enqueued
[2025-08-01T14:46:35.851+0000] GC(345) Final: 0 encountered, 0 discovered, 0 enqueued
[2025-08-01T14:46:35.851+0000] GC(345) Phantom: 3 encountered, 1 discovered, 0 enqueued
[2025-08-01T14:46:35.851+0000] GC(345) Small Pages: 1416 / 2832M, Empty: 2220M, Relocated: 4M, In-Place: 0
[2025-08-01T14:46:35.851+0000] GC(345) Medium Pages: 1 / 32M, Empty: 0M, Relocated: 0M, In-Place: 0
[2025-08-01T14:46:35.851+0000] GC(345) Large Pages: 0 / 0M, Empty: 0M, Relocated: 0M, In-Place: 0
[2025-08-01T14:46:35.851+0000] GC(345) Forwarding Usage: 0M
[2025-08-01T14:46:35.851+0000] GC(345) Min Capacity: 4096M(100%)
[2025-08-01T14:46:35.851+0000] GC(345) Max Capacity: 4096M(100%)
[2025-08-01T14:46:35.851+0000] GC(345) Soft Max Capacity: 4096M(100%)
[2025-08-01T14:46:35.851+0000] GC(345)                Mark Start          Mark End        Relocate Start      Relocate End           High               Low         
[2025-08-01T14:46:35.851+0000] GC(345)  Capacity:     4096M (100%)       4096M (100%)       4096M (100%)       4096M (100%)       4096M (100%)       4096M (100%)   
[2025-08-01T14:46:35.851+0000] GC(345)      Free:     1232M (30%)         662M (16%)        2810M (69%)        2800M (68%)        2816M (69%)         632M (15%)    
[2025-08-01T14:46:35.851+0000] GC(345)      Used:     2864M (70%)        3434M (84%)        1286M (31%)        1296M (32%)        3464M (85%)        1280M (31%)    
[2025-08-01T14:46:35.851+0000] GC(345)      Live:         -               591M (14%)         591M (14%)         591M (14%)            -                  -          
[2025-08-01T14:46:35.851+0000] GC(345) Allocated:         -               570M (14%)         642M (16%)         662M (16%)            -                  -          
[2025-08-01T14:46:35.851+0000] GC(345)   Garbage:         -              2272M (55%)          52M (1%)           42M (1%)             -                  -          
[2025-08-01T14:46:35.851+0000] GC(345) Reclaimed:         -                  -              2220M (54%)        2230M (54%)            -                  -          
[2025-08-01T14:46:35.851+0000] GC(345) Garbage Collection (Allocation Rate) 2864M(70%)->1296M(32%)
[2025-08-01T14:46:36.093+0000] GC(346) Heap before GC invocations=346 (full 346):
[2025-08-01T14:46:36.093+0000] GC(346)  ZHeap           used 2538M, capacity 4096M, max capacity 4096M
[2025-08-01T14:46:36.093+0000] GC(346)  Metaspace       used 10643K, committed 10880K, reserved 1114112K
[2025-08-01T14:46:36.093+0000] GC(346)   class space    used 1265K, committed 1344K, reserved 1048576K
[2025-08-01T14:46:36.093+0000] GC(346) Garbage Collection (Allocation Rate)
[2025-08-01T14:46:36.093+0000] GC(346) Using 2 workers
[2025-08-01T14:46:36.094+0000] GC(346) Pause Mark Start 0.016ms
[2025-08-01T14:46:36.262+0000] GC(346) Concurrent Mark 167.766ms
[2025-08-01T14:46:36.262+0000] GC(346) Pause Mark End 0.015ms
[2025-08-01T14:46:36.263+0000] GC(346) Concurrent Mark Free 0.001ms
[2025-08-01T14:46:36.266+0000] GC(346) Concurrent Process Non-Strong References 3.302ms
[2025-08-01T14:46:36.266+0000] GC(346) Concurrent Reset Relocation Set 0.008ms
[2025-08-01T14:46:36.269+0000] GC(346) Concurrent Select Relocation Set 2.978ms
[2025-08-01T14:46:36.269+0000] GC(346) Pause Relocate Start 0.013ms
[2025-08-01T14:46:36.271+0000] GC(346) Concurrent Relocate 1.879ms
[2025-08-01T14:46:36.271+0000] GC(346) Heap after GC invocations=347 (full 347):
[2025-08-01T14:46:36.271+0000] GC(346)  ZHeap           used 1662M, capacity 4096M, max capacity 4096M
[2025-08-01T14:46:36.271+0000] GC(346)  Metaspace       used 10643K, committed 10880K, reserved 1114112K
[2025-08-01T14:46:36.271+0000] GC(346)   class space    used 1265K, committed 1344K, reserved 1048576K
[2025-08-01T14:46:36.271+0000] GC(346) Load: 1.90/0.92/0.41
[2025-08-01T14:46:36.271+0000] GC(346) MMU: 2ms/90.0%, 5ms/96.0%, 10ms/97.9%, 20ms/98.9%, 50ms/99.6%, 100ms/99.8%
[2025-08-01T14:46:36.271+0000] GC(346) Mark: 2 stripe(s), 2 proactive flush(es), 1 terminate flush(es), 0 completion(s), 0 continuation(s) 
[2025-08-01T14:46:36.271+0000] GC(346) Mark Stack Usage: 32M
[2025-08-01T14:46:36.271+0000] GC(346) NMethods: 1415 registered, 180 unregistered
[2025-08-01T14:46:36.271+0000] GC(346) Metaspace: 10M used, 10M committed, 1088M reserved
[2025-08-01T14:46:36.271+0000] GC(346) Soft: 228 encountered, 0 discovered, 0 enqueued
[2025-08-01T14:46:36.271+0000] GC(346) Weak: 934 encountered, 653 discovered, 0 enqueued
[2025-08-01T14:46:36.271+0000] GC(346) Final: 0 encountered, 0 discovered, 0 enqueued
[2025-08-01T14:46:36.271+0000] GC(346) Phantom: 3 encountered, 1 discovered, 0 enqueued
[2025-08-01T14:46:36.271+0000] GC(346) Small Pages: 1259 / 2518M, Empty: 1724M, Relocated: 5M, In-Place: 0
[2025-08-01T14:46:36.271+0000] GC(346) Medium Pages: 1 / 32M, Empty: 0M, Relocated: 0M, In-Place: 0
[2025-08-01T14:46:36.271+0000] GC(346) Large Pages: 0 / 0M, Empty: 0M, Relocated: 0M, In-Place: 0
[2025-08-01T14:46:36.271+0000] GC(346) Forwarding Usage: 0M
[2025-08-01T14:46:36.271+0000] GC(346) Min Capacity: 4096M(100%)
[2025-08-01T14:46:36.271+0000] GC(346) Max Capacity: 4096M(100%)
[2025-08-01T14:46:36.271+0000] GC(346) Soft Max Capacity: 4096M(100%)
[2025-08-01T14:46:36.271+0000] GC(346)                Mark Start          Mark End        Relocate Start      Relocate End           High               Low         
[2025-08-01T14:46:36.271+0000] GC(346)  Capacity:     4096M (100%)       4096M (100%)       4096M (100%)       4096M (100%)       4096M (100%)       4096M (100%)   
[2025-08-01T14:46:36.271+0000] GC(346)      Free:     1546M (38%)         712M (17%)        2420M (59%)        2434M (59%)        2434M (59%)         698M (17%)    
[2025-08-01T14:46:36.271+0000] GC(346)      Used:     2550M (62%)        3384M (83%)        1676M (41%)        1662M (41%)        3398M (83%)        1662M (41%)    
[2025-08-01T14:46:36.271+0000] GC(346)      Live:         -               770M (19%)         770M (19%)         770M (19%)            -                  -          
[2025-08-01T14:46:36.271+0000] GC(346) Allocated:         -               834M (20%)         850M (21%)         850M (21%)            -                  -          
[2025-08-01T14:46:36.271+0000] GC(346)   Garbage:         -              1779M (43%)          55M (1%)           41M (1%)             -                  -          
[2025-08-01T14:46:36.271+0000] GC(346) Reclaimed:         -                  -              1724M (42%)        1738M (42%)            -                  -          
[2025-08-01T14:46:36.271+0000] GC(346) Garbage Collection (Allocation Rate) 2550M(62%)->1662M(41%)
[2025-08-01T14:46:36.394+0000] GC(347) Heap before GC invocations=347 (full 347):
[2025-08-01T14:46:36.394+0000] GC(347)  ZHeap           used 2302M, capacity 4096M, max capacity 4096M
[2025-08-01T14:46:36.394+0000] GC(347)  Metaspace       used 10643K, committed 10880K, reserved 1114112K
[2025-08-01T14:46:36.394+0000] GC(347)   class space    used 1265K, committed 1344K, reserved 1048576K
[2025-08-01T14:46:36.394+0000] GC(347) Garbage Collection (Allocation Rate)
[2025-08-01T14:46:36.394+0000] GC(347) Using 2 workers
[2025-08-01T14:46:36.396+0000] GC(347) Pause Mark Start 0.014ms
[2025-08-01T14:46:36.554+0000] GC(347) Concurrent Mark 158.446ms
[2025-08-01T14:46:36.556+0000] GC(347) Pause Mark End 0.016ms
[2025-08-01T14:46:36.556+0000] GC(347) Concurrent Mark Free 0.001ms
[2025-08-01T14:46:36.561+0000] GC(347) Concurrent Process Non-Strong References 5.100ms
[2025-08-01T14:46:36.561+0000] GC(347) Concurrent Reset Relocation Set 0.004ms
[2025-08-01T14:46:36.565+0000] GC(347) Concurrent Select Relocation Set 4.286ms
[2025-08-01T14:46:36.566+0000] GC(347) Pause Relocate Start 0.015ms
[2025-08-01T14:46:36.569+0000] GC(347) Concurrent Relocate 3.086ms
[2025-08-01T14:46:36.569+0000] GC(347) Heap after GC invocations=348 (full 348):
[2025-08-01T14:46:36.569+0000] GC(347)  ZHeap           used 1482M, capacity 4096M, max capacity 4096M
[2025-08-01T14:46:36.569+0000] GC(347)  Metaspace       used 10643K, committed 10880K, reserved 1114112K
[2025-08-01T14:46:36.569+0000] GC(347)   class space    used 1265K, committed 1344K, reserved 1048576K
[2025-08-01T14:46:36.569+0000] GC(347) Load: 1.99/0.95/0.42
[2025-08-01T14:46:36.569+0000] GC(347) MMU: 2ms/90.0%, 5ms/96.0%, 10ms/97.9%, 20ms/98.9%, 50ms/99.6%, 100ms/99.8%
[2025-08-01T14:46:36.569+0000] GC(347) Mark: 2 stripe(s), 5 proactive flush(es), 1 terminate flush(es), 0 completion(s), 0 continuation(s) 
[2025-08-01T14:46:36.569+0000] GC(347) Mark Stack Usage: 32M
[2025-08-01T14:46:36.569+0000] GC(347) NMethods: 1415 registered, 180 unregistered
[2025-08-01T14:46:36.569+0000] GC(347) Metaspace: 10M used, 10M committed, 1088M reserved
[2025-08-01T14:46:36.569+0000] GC(347) Soft: 228 encountered, 0 discovered, 0 enqueued
[2025-08-01T14:46:36.569+0000] GC(347) Weak: 934 encountered, 703 discovered, 0 enqueued
[2025-08-01T14:46:36.569+0000] GC(347) Final: 0 encountered, 0 discovered, 0 enqueued
[2025-08-01T14:46:36.569+0000] GC(347) Phantom: 3 encountered, 1 discovered, 0 enqueued
[2025-08-01T14:46:36.569+0000] GC(347) Small Pages: 1139 / 2278M, Empty: 1654M, Relocated: 6M, In-Place: 0
[2025-08-01T14:46:36.569+0000] GC(347) Medium Pages: 1 / 32M, Empty: 0M, Relocated: 0M, In-Place: 0
[2025-08-01T14:46:36.569+0000] GC(347) Large Pages: 0 / 0M, Empty: 0M, Relocated: 0M, In-Place: 0
[2025-08-01T14:46:36.569+0000] GC(347) Forwarding Usage: 0M
[2025-08-01T14:46:36.570+0000] GC(347) Min Capacity: 4096M(100%)
[2025-08-01T14:46:36.570+0000] GC(347) Max Capacity: 4096M(100%)
[2025-08-01T14:46:36.570+0000] GC(347) Soft Max Capacity: 4096M(100%)
[2025-08-01T14:46:36.570+0000] GC(347)                Mark Start          Mark End        Relocate Start      Relocate End           High               Low         
[2025-08-01T14:46:36.570+0000] GC(347)  Capacity:     4096M (100%)       4096M (100%)       4096M (100%)       4096M (100%)       4096M (100%)       4096M (100%)   
[2025-08-01T14:46:36.570+0000] GC(347)      Free:     1786M (44%)        1028M (25%)        2622M (64%)        2616M (64%)        2626M (64%)        1002M (24%)    
[2025-08-01T14:46:36.570+0000] GC(347)      Used:     2310M (56%)        3068M (75%)        1474M (36%)        1480M (36%)        3094M (76%)        1470M (36%)    
[2025-08-01T14:46:36.570+0000] GC(347)      Live:         -               599M (15%)         599M (15%)         599M (15%)            -                  -          
[2025-08-01T14:46:36.570+0000] GC(347) Allocated:         -               758M (19%)         818M (20%)         838M (20%)            -                  -          
[2025-08-01T14:46:36.570+0000] GC(347)   Garbage:         -              1710M (42%)          56M (1%)           42M (1%)             -                  -          
[2025-08-01T14:46:36.570+0000] GC(347) Reclaimed:         -                  -              1654M (40%)        1668M (41%)            -                  -          
[2025-08-01T14:46:36.570+0000] GC(347) Garbage Collection (Allocation Rate) 2310M(56%)->1480M(36%)
[2025-08-01T14:46:36.794+0000] GC(348) Heap before GC invocations=348 (full 348):
[2025-08-01T14:46:36.794+0000] GC(348)  ZHeap           used 2648M, capacity 4096M, max capacity 4096M
[2025-08-01T14:46:36.794+0000] GC(348)  Metaspace       used 10643K, committed 10880K, reserved 1114112K
[2025-08-01T14:46:36.794+0000] GC(348)   class space    used 1265K, committed 1344K, reserved 1048576K
[2025-08-01T14:46:36.794+0000] GC(348) Garbage Collection (Allocation Rate)
[2025-08-01T14:46:36.794+0000] GC(348) Using 2 workers
[2025-08-01T14:46:36.795+0000] GC(348) Pause Mark Start 0.013ms
[2025-08-01T14:46:36.915+0000] GC(348) Concurrent Mark 119.279ms
[2025-08-01T14:46:36.915+0000] GC(348) Pause Mark End 0.017ms
[2025-08-01T14:46:36.915+0000] GC(348) Concurrent Mark Free 0.001ms
[2025-08-01T14:46:36.920+0000] GC(348) Concurrent Process Non-Strong References 5.025ms
[2025-08-01T14:46:36.920+0000] GC(348) Concurrent Reset Relocation Set 0.003ms
[2025-08-01T14:46:36.923+0000] GC(348) Concurrent Select Relocation Set 3.249ms
[2025-08-01T14:46:36.924+0000] GC(348) Pause Relocate Start 0.014ms
[2025-08-01T14:46:36.925+0000] GC(348) Concurrent Relocate 0.658ms
[2025-08-01T14:46:36.925+0000] GC(348) Heap after GC invocations=349 (full 349):
[2025-08-01T14:46:36.925+0000] GC(348)  ZHeap           used 1118M, capacity 4096M, max capacity 4096M
[2025-08-01T14:46:36.925+0000] GC(348)  Metaspace       used 10643K, committed 10880K, reserved 1114112K
[2025-08-01T14:46:36.925+0000] GC(348)   class space    used 1265K, committed 1344K, reserved 1048576K
[2025-08-01T14:46:36.925+0000] GC(348) Load: 1.99/0.95/0.42
[2025-08-01T14:46:36.925+0000] GC(348) MMU: 2ms/90.0%, 5ms/96.0%, 10ms/97.9%, 20ms/98.9%, 50ms/99.6%, 100ms/99.8%
[2025-08-01T14:46:36.925+0000] GC(348) Mark: 2 stripe(s), 2 proactive flush(es), 1 terminate flush(es), 0 completion(s), 0 continuation(s) 
[2025-08-01T14:46:36.925+0000] GC(348) Mark Stack Usage: 32M
[2025-08-01T14:46:36.925+0000] GC(348) NMethods: 1415 registered, 180 unregistered
[2025-08-01T14:46:36.925+0000] GC(348) Metaspace: 10M used, 10M committed, 1088M reserved
[2025-08-01T14:46:36.925+0000] GC(348) Soft: 228 encountered, 0 discovered, 0 enqueued
[2025-08-01T14:46:36.925+0000] GC(348) Weak: 934 encountered, 707 discovered, 0 enqueued
[2025-08-01T14:46:36.925+0000] GC(348) Final: 0 encountered, 0 discovered, 0 enqueued
[2025-08-01T14:46:36.925+0000] GC(348) Phantom: 3 encountered, 1 discovered, 0 enqueued
[2025-08-01T14:46:36.925+0000] GC(348) Small Pages: 1311 / 2622M, Empty: 2164M, Relocated: 1M, In-Place: 0
[2025-08-01T14:46:36.925+0000] GC(348) Medium Pages: 1 / 32M, Empty: 0M, Relocated: 0M, In-Place: 0
[2025-08-01T14:46:36.925+0000] GC(348) Large Pages: 0 / 0M, Empty: 0M, Relocated: 0M, In-Place: 0
[2025-08-01T14:46:36.925+0000] GC(348) Forwarding Usage: 0M
[2025-08-01T14:46:36.925+0000] GC(348) Min Capacity: 4096M(100%)
[2025-08-01T14:46:36.925+0000] GC(348) Max Capacity: 4096M(100%)
[2025-08-01T14:46:36.925+0000] GC(348) Soft Max Capacity: 4096M(100%)
[2025-08-01T14:46:36.925+0000] GC(348)                Mark Start          Mark End        Relocate Start      Relocate End           High               Low         
[2025-08-01T14:46:36.925+0000] GC(348)  Capacity:     4096M (100%)       4096M (100%)       4096M (100%)       4096M (100%)       4096M (100%)       4096M (100%)   
[2025-08-01T14:46:36.925+0000] GC(348)      Free:     1442M (35%)         848M (21%)        2978M (73%)        2978M (73%)        2980M (73%)         828M (20%)    
[2025-08-01T14:46:36.925+0000] GC(348)      Used:     2654M (65%)        3248M (79%)        1118M (27%)        1118M (27%)        3268M (80%)        1116M (27%)    
[2025-08-01T14:46:36.925+0000] GC(348)      Live:         -               444M (11%)         444M (11%)         444M (11%)            -                  -          
[2025-08-01T14:46:36.925+0000] GC(348) Allocated:         -               594M (15%)         628M (15%)         632M (15%)            -                  -          
[2025-08-01T14:46:36.925+0000] GC(348)   Garbage:         -              2209M (54%)          45M (1%)           41M (1%)             -                  -          
[2025-08-01T14:46:36.925+0000] GC(348) Reclaimed:         -                  -              2164M (53%)        2168M (53%)            -                  -          
[2025-08-01T14:46:36.925+0000] GC(348) Garbage Collection (Allocation Rate) 2654M(65%)->1118M(27%)
[2025-08-01T14:46:37.194+0000] GC(349) Heap before GC invocations=349 (full 349):
[2025-08-01T14:46:37.194+0000] GC(349)  ZHeap           used 2488M, capacity 4096M, max capacity 4096M
[2025-08-01T14:46:37.194+0000] GC(349)  Metaspace       used 10643K, committed 10880K, reserved 1114112K
[2025-08-01T14:46:37.194+0000] GC(349)   class space    used 1265K, committed 1344K, reserved 1048576K
[2025-08-01T14:46:37.194+0000] GC(349) Garbage Collection (Allocation Rate)
[2025-08-01T14:46:37.194+0000] GC(349) Using 2 workers
[2025-08-01T14:46:37.194+0000] GC(349) Pause Mark Start 0.012ms
[2025-08-01T14:46:37.335+0000] GC(349) Concurrent Mark 139.991ms
[2025-08-01T14:46:37.336+0000] GC(349) Pause Mark End 0.118ms
[2025-08-01T14:46:37.336+0000] GC(349) Concurrent Mark Free 0.002ms
[2025-08-01T14:46:37.340+0000] GC(349) Concurrent Process Non-Strong References 3.972ms
[2025-08-01T14:46:37.340+0000] GC(349) Concurrent Reset Relocation Set 0.002ms
[2025-08-01T14:46:37.344+0000] GC(349) Concurrent Select Relocation Set 3.626ms
[2025-08-01T14:46:37.345+0000] GC(349) Pause Relocate Start 0.015ms
[2025-08-01T14:46:37.347+0000] GC(349) Concurrent Relocate 1.240ms
[2025-08-01T14:46:37.347+0000] GC(349) Heap after GC invocations=350 (full 350):
[2025-08-01T14:46:37.347+0000] GC(349)  ZHeap           used 1412M, capacity 4096M, max capacity 4096M
[2025-08-01T14:46:37.347+0000] GC(349)  Metaspace       used 10643K, committed 10880K, reserved 1114112K
[2025-08-01T14:46:37.347+0000] GC(349)   class space    used 1265K, committed 1344K, reserved 1048576K
[2025-08-01T14:46:37.347+0000] GC(349) Load: 1.99/0.95/0.42
[2025-08-01T14:46:37.347+0000] GC(349) MMU: 2ms/90.0%, 5ms/96.0%, 10ms/97.9%, 20ms/98.9%, 50ms/99.6%, 100ms/99.8%
[2025-08-01T14:46:37.347+0000] GC(349) Mark: 2 stripe(s), 2 proactive flush(es), 1 terminate flush(es), 0 completion(s), 0 continuation(s) 
[2025-08-01T14:46:37.347+0000] GC(349) Mark Stack Usage: 32M
[2025-08-01T14:46:37.347+0000] GC(349) NMethods: 1415 registered, 180 unregistered
[2025-08-01T14:46:37.347+0000] GC(349) Metaspace: 10M used, 10M committed, 1088M reserved
[2025-08-01T14:46:37.347+0000] GC(349) Soft: 228 encountered, 0 discovered, 0 enqueued
[2025-08-01T14:46:37.347+0000] GC(349) Weak: 934 encountered, 686 discovered, 0 enqueued
[2025-08-01T14:46:37.347+0000] GC(349) Final: 0 encountered, 0 discovered, 0 enqueued
[2025-08-01T14:46:37.347+0000] GC(349) Phantom: 3 encountered, 1 discovered, 0 enqueued
[2025-08-01T14:46:37.347+0000] GC(349) Small Pages: 1229 / 2458M, Empty: 1838M, Relocated: 3M, In-Place: 0
[2025-08-01T14:46:37.347+0000] GC(349) Medium Pages: 1 / 32M, Empty: 0M, Relocated: 0M, In-Place: 0
[2025-08-01T14:46:37.347+0000] GC(349) Large Pages: 0 / 0M, Empty: 0M, Relocated: 0M, In-Place: 0
[2025-08-01T14:46:37.347+0000] GC(349) Forwarding Usage: 0M
[2025-08-01T14:46:37.347+0000] GC(349) Min Capacity: 4096M(100%)
[2025-08-01T14:46:37.347+0000] GC(349) Max Capacity: 4096M(100%)
[2025-08-01T14:46:37.347+0000] GC(349) Soft Max Capacity: 4096M(100%)
[2025-08-01T14:46:37.347+0000] GC(349)                Mark Start          Mark End        Relocate Start      Relocate End           High               Low         
[2025-08-01T14:46:37.347+0000] GC(349)  Capacity:     4096M (100%)       4096M (100%)       4096M (100%)       4096M (100%)       4096M (100%)       4096M (100%)   
[2025-08-01T14:46:37.347+0000] GC(349)      Free:     1606M (39%)         880M (21%)        2678M (65%)        2684M (66%)        2684M (66%)         860M (21%)    
[2025-08-01T14:46:37.347+0000] GC(349)      Used:     2490M (61%)        3216M (79%)        1418M (35%)        1412M (34%)        3236M (79%)        1412M (34%)    
[2025-08-01T14:46:37.347+0000] GC(349)      Live:         -               599M (15%)         599M (15%)         599M (15%)            -                  -          
[2025-08-01T14:46:37.347+0000] GC(349) Allocated:         -               726M (18%)         766M (19%)         770M (19%)            -                  -          
[2025-08-01T14:46:37.347+0000] GC(349)   Garbage:         -              1890M (46%)          52M (1%)           42M (1%)             -                  -          
[2025-08-01T14:46:37.347+0000] GC(349) Reclaimed:         -                  -              1838M (45%)        1848M (45%)            -                  -          
[2025-08-01T14:46:37.347+0000] GC(349) Garbage Collection (Allocation Rate) 2490M(61%)->1412M(34%)
[2025-08-01T14:46:37.593+0000] GC(350) Heap before GC invocations=350 (full 350):
[2025-08-01T14:46:37.593+0000] GC(350)  ZHeap           used 2700M, capacity 4096M, max capacity 4096M
[2025-08-01T14:46:37.593+0000] GC(350)  Metaspace       used 10643K, committed 10880K, reserved 1114112K
[2025-08-01T14:46:37.593+0000] GC(350)   class space    used 1265K, committed 1344K, reserved 1048576K
[2025-08-01T14:46:37.593+0000] GC(350) Garbage Collection (Allocation Rate)
[2025-08-01T14:46:37.593+0000] GC(350) Using 2 workers
[2025-08-01T14:46:37.594+0000] GC(350) Pause Mark Start 0.008ms
[2025-08-01T14:46:37.760+0000] GC(350) Concurrent Mark 166.375ms
[2025-08-01T14:46:37.761+0000] GC(350) Pause Mark End 0.020ms
[2025-08-01T14:46:37.761+0000] GC(350) Concurrent Mark Free 0.003ms
[2025-08-01T14:46:37.766+0000] GC(350) Concurrent Process Non-Strong References 4.541ms
[2025-08-01T14:46:37.766+0000] GC(350) Concurrent Reset Relocation Set 0.003ms
[2025-08-01T14:46:37.770+0000] GC(350) Concurrent Select Relocation Set 4.062ms
[2025-08-01T14:46:37.770+0000] GC(350) Pause Relocate Start 0.012ms
[2025-08-01T14:46:37.773+0000] GC(350) Concurrent Relocate 2.720ms
[2025-08-01T14:46:37.773+0000] GC(350) Heap after GC invocations=351 (full 351):
[2025-08-01T14:46:37.773+0000] GC(350)  ZHeap           used 1642M, capacity 4096M, max capacity 4096M
[2025-08-01T14:46:37.773+0000] GC(350)  Metaspace       used 10643K, committed 10880K, reserved 1114112K
[2025-08-01T14:46:37.773+0000] GC(350)   class space    used 1265K, committed 1344K, reserved 1048576K
[2025-08-01T14:46:37.773+0000] GC(350) Load: 1.99/0.95/0.42
[2025-08-01T14:46:37.773+0000] GC(350) MMU: 2ms/90.0%, 5ms/96.0%, 10ms/97.9%, 20ms/98.9%, 50ms/99.6%, 100ms/99.8%
[2025-08-01T14:46:37.773+0000] GC(350) Mark: 2 stripe(s), 2 proactive flush(es), 1 terminate flush(es), 0 completion(s), 0 continuation(s) 
[2025-08-01T14:46:37.773+0000] GC(350) Mark Stack Usage: 32M
[2025-08-01T14:46:37.773+0000] GC(350) NMethods: 1415 registered, 180 unregistered
[2025-08-01T14:46:37.773+0000] GC(350) Metaspace: 10M used, 10M committed, 1088M reserved
[2025-08-01T14:46:37.773+0000] GC(350) Soft: 228 encountered, 0 discovered, 0 enqueued
[2025-08-01T14:46:37.773+0000] GC(350) Weak: 934 encountered, 676 discovered, 0 enqueued
[2025-08-01T14:46:37.773+0000] GC(350) Final: 0 encountered, 0 discovered, 0 enqueued
[2025-08-01T14:46:37.773+0000] GC(350) Phantom: 3 encountered, 1 discovered, 0 enqueued
[2025-08-01T14:46:37.773+0000] GC(350) Small Pages: 1335 / 2670M, Empty: 1948M, Relocated: 4M, In-Place: 0
[2025-08-01T14:46:37.773+0000] GC(350) Medium Pages: 1 / 32M, Empty: 0M, Relocated: 0M, In-Place: 0
[2025-08-01T14:46:37.773+0000] GC(350) Large Pages: 0 / 0M, Empty: 0M, Relocated: 0M, In-Place: 0
[2025-08-01T14:46:37.773+0000] GC(350) Forwarding Usage: 0M
[2025-08-01T14:46:37.773+0000] GC(350) Min Capacity: 4096M(100%)
[2025-08-01T14:46:37.773+0000] GC(350) Max Capacity: 4096M(100%)
[2025-08-01T14:46:37.773+0000] GC(350) Soft Max Capacity: 4096M(100%)
[2025-08-01T14:46:37.773+0000] GC(350)                Mark Start          Mark End        Relocate Start      Relocate End           High               Low         
[2025-08-01T14:46:37.773+0000] GC(350)  Capacity:     4096M (100%)       4096M (100%)       4096M (100%)       4096M (100%)       4096M (100%)       4096M (100%)   
[2025-08-01T14:46:37.774+0000] GC(350)      Free:     1394M (34%)         550M (13%)        2456M (60%)        2454M (60%)        2458M (60%)         532M (13%)    
[2025-08-01T14:46:37.774+0000] GC(350)      Used:     2702M (66%)        3546M (87%)        1640M (40%)        1642M (40%)        3564M (87%)        1638M (40%)    
[2025-08-01T14:46:37.774+0000] GC(350)      Live:         -               702M (17%)         702M (17%)         702M (17%)            -                  -          
[2025-08-01T14:46:37.774+0000] GC(350) Allocated:         -               844M (21%)         886M (22%)         898M (22%)            -                  -          
[2025-08-01T14:46:37.774+0000] GC(350)   Garbage:         -              1999M (49%)          51M (1%)           41M (1%)             -                  -          
[2025-08-01T14:46:37.774+0000] GC(350) Reclaimed:         -                  -              1948M (48%)        1958M (48%)            -                  -          
[2025-08-01T14:46:37.774+0000] GC(350) Garbage Collection (Allocation Rate) 2702M(66%)->1642M(40%)
[2025-08-01T14:46:37.993+0000] GC(351) Heap before GC invocations=351 (full 351):
[2025-08-01T14:46:37.993+0000] GC(351)  ZHeap           used 2770M, capacity 4096M, max capacity 4096M
[2025-08-01T14:46:37.993+0000] GC(351)  Metaspace       used 10643K, committed 10880K, reserved 1114112K
[2025-08-01T14:46:37.993+0000] GC(351)   class space    used 1265K, committed 1344K, reserved 1048576K
[2025-08-01T14:46:37.993+0000] GC(351) Garbage Collection (Allocation Rate)
[2025-08-01T14:46:37.993+0000] GC(351) Using 2 workers
[2025-08-01T14:46:37.994+0000] GC(351) Pause Mark Start 0.009ms
[2025-08-01T14:46:38.171+0000] GC(351) Concurrent Mark 177.394ms
[2025-08-01T14:46:38.171+0000] GC(351) Pause Mark End 0.013ms
[2025-08-01T14:46:38.171+0000] GC(351) Concurrent Mark Free 0.001ms
[2025-08-01T14:46:38.174+0000] GC(351) Concurrent Process Non-Strong References 2.351ms
[2025-08-01T14:46:38.174+0000] GC(351) Concurrent Reset Relocation Set 0.002ms
[2025-08-01T14:46:38.177+0000] GC(351) Concurrent Select Relocation Set 3.191ms
[2025-08-01T14:46:38.178+0000] GC(351) Pause Relocate Start 0.012ms
[2025-08-01T14:46:38.181+0000] GC(351) Concurrent Relocate 3.398ms
[2025-08-01T14:46:38.181+0000] GC(351) Heap after GC invocations=352 (full 352):
[2025-08-01T14:46:38.181+0000] GC(351)  ZHeap           used 1488M, capacity 4096M, max capacity 4096M
[2025-08-01T14:46:38.181+0000] GC(351)  Metaspace       used 10643K, committed 10880K, reserved 1114112K
[2025-08-01T14:46:38.181+0000] GC(351)   class space    used 1265K, committed 1344K, reserved 1048576K
[2025-08-01T14:46:38.181+0000] GC(351) Load: 1.99/0.95/0.42
[2025-08-01T14:46:38.181+0000] GC(351) MMU: 2ms/90.0%, 5ms/96.0%, 10ms/97.9%, 20ms/98.9%, 50ms/99.6%, 100ms/99.8%
[2025-08-01T14:46:38.181+0000] GC(351) Mark: 2 stripe(s), 2 proactive flush(es), 1 terminate flush(es), 0 completion(s), 0 continuation(s) 
[2025-08-01T14:46:38.181+0000] GC(351) Mark Stack Usage: 32M
[2025-08-01T14:46:38.181+0000] GC(351) NMethods: 1415 registered, 180 unregistered
[2025-08-01T14:46:38.181+0000] GC(351) Metaspace: 10M used, 10M committed, 1088M reserved
[2025-08-01T14:46:38.181+0000] GC(351) Soft: 228 encountered, 0 discovered, 0 enqueued
[2025-08-01T14:46:38.181+0000] GC(351) Weak: 934 encountered, 706 discovered, 0 enqueued
[2025-08-01T14:46:38.181+0000] GC(351) Final: 0 encountered, 0 discovered, 0 enqueued
[2025-08-01T14:46:38.181+0000] GC(351) Phantom: 3 encountered, 1 discovered, 0 enqueued
[2025-08-01T14:46:38.181+0000] GC(351) Small Pages: 1369 / 2738M, Empty: 2086M, Relocated: 12M, In-Place: 0
[2025-08-01T14:46:38.181+0000] GC(351) Medium Pages: 1 / 32M, Empty: 0M, Relocated: 0M, In-Place: 0
[2025-08-01T14:46:38.181+0000] GC(351) Large Pages: 0 / 0M, Empty: 0M, Relocated: 0M, In-Place: 0
[2025-08-01T14:46:38.181+0000] GC(351) Forwarding Usage: 0M
[2025-08-01T14:46:38.181+0000] GC(351) Min Capacity: 4096M(100%)
[2025-08-01T14:46:38.181+0000] GC(351) Max Capacity: 4096M(100%)
[2025-08-01T14:46:38.181+0000] GC(351) Soft Max Capacity: 4096M(100%)
[2025-08-01T14:46:38.182+0000] GC(351)                Mark Start          Mark End        Relocate Start      Relocate End           High               Low         
[2025-08-01T14:46:38.182+0000] GC(351)  Capacity:     4096M (100%)       4096M (100%)       4096M (100%)       4096M (100%)       4096M (100%)       4096M (100%)   
[2025-08-01T14:46:38.182+0000] GC(351)      Free:     1326M (32%)         544M (13%)        2596M (63%)        2608M (64%)        2608M (64%)         528M (13%)    
[2025-08-01T14:46:38.182+0000] GC(351)      Used:     2770M (68%)        3552M (87%)        1500M (37%)        1488M (36%)        3568M (87%)        1488M (36%)    
[2025-08-01T14:46:38.182+0000] GC(351)      Live:         -               612M (15%)         612M (15%)         612M (15%)            -                  -          
[2025-08-01T14:46:38.182+0000] GC(351) Allocated:         -               782M (19%)         816M (20%)         830M (20%)            -                  -          
[2025-08-01T14:46:38.182+0000] GC(351)   Garbage:         -              2157M (53%)          71M (2%)           45M (1%)             -                  -          
[2025-08-01T14:46:38.182+0000] GC(351) Reclaimed:         -                  -              2086M (51%)        2112M (52%)            -                  -          
[2025-08-01T14:46:38.182+0000] GC(351) Garbage Collection (Allocation Rate) 2770M(68%)->1488M(36%)
[2025-08-01T14:46:38.393+0000] GC(352) Heap before GC invocations=352 (full 352):
[2025-08-01T14:46:38.393+0000] GC(352)  ZHeap           used 2570M, capacity 4096M, max capacity 4096M
[2025-08-01T14:46:38.393+0000] GC(352)  Metaspace       used 10643K, committed 10880K, reserved 1114112K
[2025-08-01T14:46:38.393+0000] GC(352)   class space    used 1265K, committed 1344K, reserved 1048576K
[2025-08-01T14:46:38.393+0000] GC(352) Garbage Collection (Allocation Rate)
[2025-08-01T14:46:38.393+0000] GC(352) Using 2 workers
[2025-08-01T14:46:38.394+0000] GC(352) Pause Mark Start 0.008ms
[2025-08-01T14:46:38.532+0000] GC(352) Concurrent Mark 137.894ms
[2025-08-01T14:46:38.533+0000] GC(352) Pause Mark End 0.021ms
[2025-08-01T14:46:38.533+0000] GC(352) Concurrent Mark Free 0.002ms
[2025-08-01T14:46:38.537+0000] GC(352) Concurrent Process Non-Strong References 3.886ms
[2025-08-01T14:46:38.537+0000] GC(352) Concurrent Reset Relocation Set 0.005ms
[2025-08-01T14:46:38.541+0000] GC(352) Concurrent Select Relocation Set 4.149ms
[2025-08-01T14:46:38.541+0000] GC(352) Pause Relocate Start 0.012ms
[2025-08-01T14:46:38.542+0000] GC(352) Concurrent Relocate 0.532ms
[2025-08-01T14:46:38.542+0000] GC(352) Heap after GC invocations=353 (full 353):
[2025-08-01T14:46:38.542+0000] GC(352)  ZHeap           used 1362M, capacity 4096M, max capacity 4096M
[2025-08-01T14:46:38.542+0000] GC(352)  Metaspace       used 10643K, committed 10880K, reserved 1114112K
[2025-08-01T14:46:38.542+0000] GC(352)   class space    used 1265K, committed 1344K, reserved 1048576K
[2025-08-01T14:46:38.542+0000] GC(352) Load: 1.99/0.95/0.42
[2025-08-01T14:46:38.542+0000] GC(352) MMU: 2ms/90.0%, 5ms/96.0%, 10ms/97.9%, 20ms/98.9%, 50ms/99.6%, 100ms/99.8%
[2025-08-01T14:46:38.542+0000] GC(352) Mark: 2 stripe(s), 3 proactive flush(es), 1 terminate flush(es), 0 completion(s), 0 continuation(s) 
[2025-08-01T14:46:38.542+0000] GC(352) Mark Stack Usage: 32M
[2025-08-01T14:46:38.542+0000] GC(352) NMethods: 1415 registered, 180 unregistered
[2025-08-01T14:46:38.542+0000] GC(352) Metaspace: 10M used, 10M committed, 1088M reserved
[2025-08-01T14:46:38.542+0000] GC(352) Soft: 228 encountered, 0 discovered, 0 enqueued
[2025-08-01T14:46:38.542+0000] GC(352) Weak: 934 encountered, 679 discovered, 0 enqueued
[2025-08-01T14:46:38.542+0000] GC(352) Final: 0 encountered, 0 discovered, 0 enqueued
[2025-08-01T14:46:38.542+0000] GC(352) Phantom: 3 encountered, 1 discovered, 0 enqueued
[2025-08-01T14:46:38.542+0000] GC(352) Small Pages: 1270 / 2540M, Empty: 1934M, Relocated: 1M, In-Place: 0
[2025-08-01T14:46:38.542+0000] GC(352) Medium Pages: 1 / 32M, Empty: 0M, Relocated: 0M, In-Place: 0
[2025-08-01T14:46:38.542+0000] GC(352) Large Pages: 0 / 0M, Empty: 0M, Relocated: 0M, In-Place: 0
[2025-08-01T14:46:38.542+0000] GC(352) Forwarding Usage: 0M
[2025-08-01T14:46:38.542+0000] GC(352) Min Capacity: 4096M(100%)
[2025-08-01T14:46:38.542+0000] GC(352) Max Capacity: 4096M(100%)
[2025-08-01T14:46:38.542+0000] GC(352) Soft Max Capacity: 4096M(100%)
[2025-08-01T14:46:38.542+0000] GC(352)                Mark Start          Mark End        Relocate Start      Relocate End           High               Low         
[2025-08-01T14:46:38.542+0000] GC(352)  Capacity:     4096M (100%)       4096M (100%)       4096M (100%)       4096M (100%)       4096M (100%)       4096M (100%)   
[2025-08-01T14:46:38.542+0000] GC(352)      Free:     1524M (37%)         862M (21%)        2732M (67%)        2734M (67%)        2752M (67%)         832M (20%)    
[2025-08-01T14:46:38.542+0000] GC(352)      Used:     2572M (63%)        3234M (79%)        1364M (33%)        1362M (33%)        3264M (80%)        1344M (33%)    
[2025-08-01T14:46:38.542+0000] GC(352)      Live:         -               589M (14%)         589M (14%)         589M (14%)            -                  -          
[2025-08-01T14:46:38.542+0000] GC(352) Allocated:         -               662M (16%)         726M (18%)         730M (18%)            -                  -          
[2025-08-01T14:46:38.542+0000] GC(352)   Garbage:         -              1982M (48%)          48M (1%)           42M (1%)             -                  -          
[2025-08-01T14:46:38.542+0000] GC(352) Reclaimed:         -                  -              1934M (47%)        1940M (47%)            -                  -          
[2025-08-01T14:46:38.542+0000] GC(352) Garbage Collection (Allocation Rate) 2572M(63%)->1362M(33%)
[2025-08-01T14:46:38.793+0000] GC(353) Heap before GC invocations=353 (full 353):
[2025-08-01T14:46:38.793+0000] GC(353)  ZHeap           used 2630M, capacity 4096M, max capacity 4096M
[2025-08-01T14:46:38.793+0000] GC(353)  Metaspace       used 10643K, committed 10880K, reserved 1114112K
[2025-08-01T14:46:38.793+0000] GC(353)   class space    used 1265K, committed 1344K, reserved 1048576K
[2025-08-01T14:46:38.793+0000] GC(353) Garbage Collection (Allocation Rate)
[2025-08-01T14:46:38.793+0000] GC(353) Using 2 workers
[2025-08-01T14:46:38.793+0000] GC(353) Pause Mark Start 0.012ms
[2025-08-01T14:46:38.896+0000] GC(353) Concurrent Mark 102.646ms
[2025-08-01T14:46:38.896+0000] GC(353) Pause Mark End 0.020ms
[2025-08-01T14:46:38.896+0000] GC(353) Concurrent Mark Free 0.002ms
[2025-08-01T14:46:38.900+0000] GC(353) Concurrent Process Non-Strong References 3.819ms
[2025-08-01T14:46:38.900+0000] GC(353) Concurrent Reset Relocation Set 0.002ms
[2025-08-01T14:46:38.903+0000] GC(353) Concurrent Select Relocation Set 2.805ms
[2025-08-01T14:46:38.903+0000] GC(353) Pause Relocate Start 0.015ms
[2025-08-01T14:46:38.905+0000] GC(353) Concurrent Relocate 1.011ms
[2025-08-01T14:46:38.905+0000] GC(353) Heap after GC invocations=354 (full 354):
[2025-08-01T14:46:38.905+0000] GC(353)  ZHeap           used 964M, capacity 4096M, max capacity 4096M
[2025-08-01T14:46:38.905+0000] GC(353)  Metaspace       used 10643K, committed 10880K, reserved 1114112K
[2025-08-01T14:46:38.905+0000] GC(353)   class space    used 1265K, committed 1344K, reserved 1048576K
[2025-08-01T14:46:38.905+0000] GC(353) Load: 1.99/0.95/0.42
[2025-08-01T14:46:38.905+0000] GC(353) MMU: 2ms/90.0%, 5ms/96.0%, 10ms/97.9%, 20ms/98.9%, 50ms/99.6%, 100ms/99.8%
[2025-08-01T14:46:38.905+0000] GC(353) Mark: 2 stripe(s), 2 proactive flush(es), 1 terminate flush(es), 0 completion(s), 0 continuation(s) 
[2025-08-01T14:46:38.905+0000] GC(353) Mark Stack Usage: 32M
[2025-08-01T14:46:38.905+0000] GC(353) NMethods: 1415 registered, 180 unregistered
[2025-08-01T14:46:38.905+0000] GC(353) Metaspace: 10M used, 10M committed, 1088M reserved
[2025-08-01T14:46:38.905+0000] GC(353) Soft: 228 encountered, 0 discovered, 0 enqueued
[2025-08-01T14:46:38.905+0000] GC(353) Weak: 934 encountered, 702 discovered, 0 enqueued
[2025-08-01T14:46:38.905+0000] GC(353) Final: 0 encountered, 0 discovered, 0 enqueued
[2025-08-01T14:46:38.905+0000] GC(353) Phantom: 3 encountered, 2 discovered, 0 enqueued
[2025-08-01T14:46:38.905+0000] GC(353) Small Pages: 1299 / 2598M, Empty: 2156M, Relocated: 1M, In-Place: 0
[2025-08-01T14:46:38.905+0000] GC(353) Medium Pages: 1 / 32M, Empty: 0M, Relocated: 0M, In-Place: 0
[2025-08-01T14:46:38.905+0000] GC(353) Large Pages: 0 / 0M, Empty: 0M, Relocated: 0M, In-Place: 0
[2025-08-01T14:46:38.905+0000] GC(353) Forwarding Usage: 0M
[2025-08-01T14:46:38.905+0000] GC(353) Min Capacity: 4096M(100%)
[2025-08-01T14:46:38.905+0000] GC(353) Max Capacity: 4096M(100%)
[2025-08-01T14:46:38.905+0000] GC(353) Soft Max Capacity: 4096M(100%)
[2025-08-01T14:46:38.905+0000] GC(353)                Mark Start          Mark End        Relocate Start      Relocate End           High               Low         
[2025-08-01T14:46:38.905+0000] GC(353)  Capacity:     4096M (100%)       4096M (100%)       4096M (100%)       4096M (100%)       4096M (100%)       4096M (100%)   
[2025-08-01T14:46:38.905+0000] GC(353)      Free:     1466M (36%)        1008M (25%)        3134M (77%)        3132M (76%)        3134M (77%)         994M (24%)    
[2025-08-01T14:46:38.905+0000] GC(353)      Used:     2630M (64%)        3088M (75%)         962M (23%)         964M (24%)        3102M (76%)         962M (23%)    
[2025-08-01T14:46:38.905+0000] GC(353)      Live:         -               427M (10%)         427M (10%)         427M (10%)            -                  -          
[2025-08-01T14:46:38.905+0000] GC(353) Allocated:         -               458M (11%)         488M (12%)         495M (12%)            -                  -          
[2025-08-01T14:46:38.905+0000] GC(353)   Garbage:         -              2202M (54%)          46M (1%)           41M (1%)             -                  -          
[2025-08-01T14:46:38.905+0000] GC(353) Reclaimed:         -                  -              2156M (53%)        2161M (53%)            -                  -          
[2025-08-01T14:46:38.905+0000] GC(353) Garbage Collection (Allocation Rate) 2630M(64%)->964M(24%)
[2025-08-01T14:46:39.193+0000] GC(354) Heap before GC invocations=354 (full 354):
[2025-08-01T14:46:39.193+0000] GC(354)  ZHeap           used 2452M, capacity 4096M, max capacity 4096M
[2025-08-01T14:46:39.193+0000] GC(354)  Metaspace       used 10643K, committed 10880K, reserved 1114112K
[2025-08-01T14:46:39.193+0000] GC(354)   class space    used 1265K, committed 1344K, reserved 1048576K
[2025-08-01T14:46:39.193+0000] GC(354) Garbage Collection (Allocation Rate)
[2025-08-01T14:46:39.193+0000] GC(354) Using 2 workers
[2025-08-01T14:46:39.194+0000] GC(354) Pause Mark Start 0.006ms
[2025-08-01T14:46:39.283+0000] GC(354) Concurrent Mark 89.681ms
[2025-08-01T14:46:39.283+0000] GC(354) Pause Mark End 0.018ms
[2025-08-01T14:46:39.283+0000] GC(354) Concurrent Mark Free 0.001ms
[2025-08-01T14:46:39.287+0000] GC(354) Concurrent Process Non-Strong References 3.534ms
[2025-08-01T14:46:39.287+0000] GC(354) Concurrent Reset Relocation Set 0.002ms
[2025-08-01T14:46:39.291+0000] GC(354) Concurrent Select Relocation Set 3.665ms
[2025-08-01T14:46:39.291+0000] GC(354) Pause Relocate Start 0.012ms
[2025-08-01T14:46:39.292+0000] GC(354) Concurrent Relocate 0.752ms
[2025-08-01T14:46:39.292+0000] GC(354) Heap after GC invocations=355 (full 355):
[2025-08-01T14:46:39.292+0000] GC(354)  ZHeap           used 814M, capacity 4096M, max capacity 4096M
[2025-08-01T14:46:39.292+0000] GC(354)  Metaspace       used 10643K, committed 10880K, reserved 1114112K
[2025-08-01T14:46:39.292+0000] GC(354)   class space    used 1265K, committed 1344K, reserved 1048576K
[2025-08-01T14:46:39.292+0000] GC(354) Load: 1.99/0.95/0.42
[2025-08-01T14:46:39.292+0000] GC(354) MMU: 2ms/90.0%, 5ms/96.0%, 10ms/97.9%, 20ms/98.9%, 50ms/99.6%, 100ms/99.8%
[2025-08-01T14:46:39.292+0000] GC(354) Mark: 2 stripe(s), 2 proactive flush(es), 1 terminate flush(es), 0 completion(s), 0 continuation(s) 
[2025-08-01T14:46:39.292+0000] GC(354) Mark Stack Usage: 32M
[2025-08-01T14:46:39.292+0000] GC(354) NMethods: 1415 registered, 180 unregistered
[2025-08-01T14:46:39.292+0000] GC(354) Metaspace: 10M used, 10M committed, 1088M reserved
[2025-08-01T14:46:39.292+0000] GC(354) Soft: 228 encountered, 0 discovered, 0 enqueued
[2025-08-01T14:46:39.292+0000] GC(354) Weak: 934 encountered, 702 discovered, 0 enqueued
[2025-08-01T14:46:39.292+0000] GC(354) Final: 0 encountered, 0 discovered, 0 enqueued
[2025-08-01T14:46:39.292+0000] GC(354) Phantom: 3 encountered, 1 discovered, 0 enqueued
[2025-08-01T14:46:39.292+0000] GC(354) Small Pages: 1210 / 2420M, Empty: 2032M, Relocated: 1M, In-Place: 0
[2025-08-01T14:46:39.292+0000] GC(354) Medium Pages: 1 / 32M, Empty: 0M, Relocated: 0M, In-Place: 0
[2025-08-01T14:46:39.292+0000] GC(354) Large Pages: 0 / 0M, Empty: 0M, Relocated: 0M, In-Place: 0
[2025-08-01T14:46:39.292+0000] GC(354) Forwarding Usage: 0M
[2025-08-01T14:46:39.292+0000] GC(354) Min Capacity: 4096M(100%)
[2025-08-01T14:46:39.292+0000] GC(354) Max Capacity: 4096M(100%)
[2025-08-01T14:46:39.292+0000] GC(354) Soft Max Capacity: 4096M(100%)
[2025-08-01T14:46:39.292+0000] GC(354)                Mark Start          Mark End        Relocate Start      Relocate End           High               Low         
[2025-08-01T14:46:39.292+0000] GC(354)  Capacity:     4096M (100%)       4096M (100%)       4096M (100%)       4096M (100%)       4096M (100%)       4096M (100%)   
[2025-08-01T14:46:39.292+0000] GC(354)      Free:     1644M (40%)        1274M (31%)        3278M (80%)        3282M (80%)        3282M (80%)        1268M (31%)    
[2025-08-01T14:46:39.292+0000] GC(354)      Used:     2452M (60%)        2822M (69%)         818M (20%)         814M (20%)        2828M (69%)         814M (20%)    
[2025-08-01T14:46:39.292+0000] GC(354)      Live:         -               370M (9%)          370M (9%)          370M (9%)             -                  -          
[2025-08-01T14:46:39.292+0000] GC(354) Allocated:         -               370M (9%)          398M (10%)         402M (10%)            -                  -          
[2025-08-01T14:46:39.292+0000] GC(354)   Garbage:         -              2081M (51%)          49M (1%)           41M (1%)             -                  -          
[2025-08-01T14:46:39.292+0000] GC(354) Reclaimed:         -                  -              2032M (50%)        2040M (50%)            -                  -          
[2025-08-01T14:46:39.292+0000] GC(354) Garbage Collection (Allocation Rate) 2452M(60%)->814M(20%)
[2025-08-01T14:46:39.693+0000] GC(355) Heap before GC invocations=355 (full 355):
[2025-08-01T14:46:39.693+0000] GC(355)  ZHeap           used 2714M, capacity 4096M, max capacity 4096M
[2025-08-01T14:46:39.693+0000] GC(355)  Metaspace       used 10643K, committed 10880K, reserved 1114112K
[2025-08-01T14:46:39.693+0000] GC(355)   class space    used 1265K, committed 1344K, reserved 1048576K
[2025-08-01T14:46:39.693+0000] GC(355) Garbage Collection (Allocation Rate)
[2025-08-01T14:46:39.693+0000] GC(355) Using 2 workers
[2025-08-01T14:46:39.693+0000] GC(355) Pause Mark Start 0.008ms
[2025-08-01T14:46:39.785+0000] GC(355) Concurrent Mark 92.427ms
[2025-08-01T14:46:39.786+0000] GC(355) Pause Mark End 0.014ms
[2025-08-01T14:46:39.786+0000] GC(355) Concurrent Mark Free 0.001ms
[2025-08-01T14:46:39.790+0000] GC(355) Concurrent Process Non-Strong References 3.968ms
[2025-08-01T14:46:39.790+0000] GC(355) Concurrent Reset Relocation Set 0.045ms
[2025-08-01T14:46:39.794+0000] GC(355) Concurrent Select Relocation Set 4.332ms
[2025-08-01T14:46:39.794+0000] GC(355) Pause Relocate Start 0.014ms
[2025-08-01T14:46:39.796+0000] GC(355) Concurrent Relocate 1.417ms
[2025-08-01T14:46:39.796+0000] GC(355) Heap after GC invocations=356 (full 356):
[2025-08-01T14:46:39.796+0000] GC(355)  ZHeap           used 798M, capacity 4096M, max capacity 4096M
[2025-08-01T14:46:39.796+0000] GC(355)  Metaspace       used 10643K, committed 10880K, reserved 1114112K
[2025-08-01T14:46:39.796+0000] GC(355)   class space    used 1265K, committed 1344K, reserved 1048576K
[2025-08-01T14:46:39.796+0000] GC(355) Load: 1.99/0.95/0.42
[2025-08-01T14:46:39.796+0000] GC(355) MMU: 2ms/90.0%, 5ms/96.0%, 10ms/97.9%, 20ms/98.9%, 50ms/99.6%, 100ms/99.8%
[2025-08-01T14:46:39.796+0000] GC(355) Mark: 2 stripe(s), 2 proactive flush(es), 1 terminate flush(es), 0 completion(s), 0 continuation(s) 
[2025-08-01T14:46:39.796+0000] GC(355) Mark Stack Usage: 32M
[2025-08-01T14:46:39.796+0000] GC(355) NMethods: 1415 registered, 180 unregistered
[2025-08-01T14:46:39.796+0000] GC(355) Metaspace: 10M used, 10M committed, 1088M reserved
[2025-08-01T14:46:39.796+0000] GC(355) Soft: 228 encountered, 0 discovered, 0 enqueued
[2025-08-01T14:46:39.796+0000] GC(355) Weak: 934 encountered, 717 discovered, 0 enqueued
[2025-08-01T14:46:39.796+0000] GC(355) Final: 0 encountered, 0 discovered, 0 enqueued
[2025-08-01T14:46:39.796+0000] GC(355) Phantom: 3 encountered, 1 discovered, 0 enqueued
[2025-08-01T14:46:39.796+0000] GC(355) Small Pages: 1341 / 2682M, Empty: 2334M, Relocated: 3M, In-Place: 0
[2025-08-01T14:46:39.796+0000] GC(355) Medium Pages: 1 / 32M, Empty: 0M, Relocated: 0M, In-Place: 0
[2025-08-01T14:46:39.796+0000] GC(355) Large Pages: 0 / 0M, Empty: 0M, Relocated: 0M, In-Place: 0
[2025-08-01T14:46:39.796+0000] GC(355) Forwarding Usage: 0M
[2025-08-01T14:46:39.796+0000] GC(355) Min Capacity: 4096M(100%)
[2025-08-01T14:46:39.796+0000] GC(355) Max Capacity: 4096M(100%)
[2025-08-01T14:46:39.796+0000] GC(355) Soft Max Capacity: 4096M(100%)
[2025-08-01T14:46:39.796+0000] GC(355)                Mark Start          Mark End        Relocate Start      Relocate End           High               Low         
[2025-08-01T14:46:39.796+0000] GC(355)  Capacity:     4096M (100%)       4096M (100%)       4096M (100%)       4096M (100%)       4096M (100%)       4096M (100%)   
[2025-08-01T14:46:39.796+0000] GC(355)      Free:     1382M (34%)        1010M (25%)        3300M (81%)        3298M (81%)        3300M (81%)         990M (24%)    
[2025-08-01T14:46:39.796+0000] GC(355)      Used:     2714M (66%)        3086M (75%)         796M (19%)         798M (19%)        3106M (76%)         796M (19%)    
[2025-08-01T14:46:39.796+0000] GC(355)      Live:         -               335M (8%)          335M (8%)          335M (8%)             -                  -          
[2025-08-01T14:46:39.796+0000] GC(355) Allocated:         -               372M (9%)          416M (10%)         422M (10%)            -                  -          
[2025-08-01T14:46:39.796+0000] GC(355)   Garbage:         -              2378M (58%)          44M (1%)           40M (1%)             -                  -          
[2025-08-01T14:46:39.796+0000] GC(355) Reclaimed:         -                  -              2334M (57%)        2338M (57%)            -                  -          
[2025-08-01T14:46:39.796+0000] GC(355) Garbage Collection (Allocation Rate) 2714M(66%)->798M(19%)
[2025-08-01T14:46:40.294+0000] GC(356) Heap before GC invocations=356 (full 356):
[2025-08-01T14:46:40.294+0000] GC(356)  ZHeap           used 3066M, capacity 4096M, max capacity 4096M
[2025-08-01T14:46:40.294+0000] GC(356)  Metaspace       used 10643K, committed 10880K, reserved 1114112K
[2025-08-01T14:46:40.294+0000] GC(356)   class space    used 1265K, committed 1344K, reserved 1048576K
[2025-08-01T14:46:40.294+0000] GC(356) Garbage Collection (Allocation Rate)
[2025-08-01T14:46:40.294+0000] GC(356) Using 2 workers
[2025-08-01T14:46:40.295+0000] GC(356) Pause Mark Start 0.016ms
[2025-08-01T14:46:40.463+0000] GC(356) Concurrent Mark 167.441ms
[2025-08-01T14:46:40.463+0000] GC(356) Pause Mark End 0.017ms
[2025-08-01T14:46:40.463+0000] GC(356) Concurrent Mark Free 0.001ms
[2025-08-01T14:46:40.465+0000] GC(356) Concurrent Process Non-Strong References 2.213ms
[2025-08-01T14:46:40.465+0000] GC(356) Concurrent Reset Relocation Set 0.002ms
[2025-08-01T14:46:40.469+0000] GC(356) Concurrent Select Relocation Set 3.570ms
[2025-08-01T14:46:40.469+0000] GC(356) Pause Relocate Start 0.011ms
[2025-08-01T14:46:40.472+0000] GC(356) Concurrent Relocate 2.700ms
[2025-08-01T14:46:40.472+0000] GC(356) Heap after GC invocations=357 (full 357):
[2025-08-01T14:46:40.472+0000] GC(356)  ZHeap           used 1488M, capacity 4096M, max capacity 4096M
[2025-08-01T14:46:40.472+0000] GC(356)  Metaspace       used 10643K, committed 10880K, reserved 1114112K
[2025-08-01T14:46:40.472+0000] GC(356)   class space    used 1265K, committed 1344K, reserved 1048576K
[2025-08-01T14:46:40.472+0000] GC(356) Load: 1.99/0.95/0.42
[2025-08-01T14:46:40.472+0000] GC(356) MMU: 2ms/90.0%, 5ms/96.0%, 10ms/97.9%, 20ms/98.9%, 50ms/99.6%, 100ms/99.8%
[2025-08-01T14:46:40.472+0000] GC(356) Mark: 2 stripe(s), 2 proactive flush(es), 1 terminate flush(es), 0 completion(s), 0 continuation(s) 
[2025-08-01T14:46:40.472+0000] GC(356) Mark Stack Usage: 32M
[2025-08-01T14:46:40.472+0000] GC(356) NMethods: 1415 registered, 180 unregistered
[2025-08-01T14:46:40.472+0000] GC(356) Metaspace: 10M used, 10M committed, 1088M reserved
[2025-08-01T14:46:40.472+0000] GC(356) Soft: 228 encountered, 0 discovered, 0 enqueued
[2025-08-01T14:46:40.472+0000] GC(356) Weak: 934 encountered, 703 discovered, 0 enqueued
[2025-08-01T14:46:40.472+0000] GC(356) Final: 0 encountered, 0 discovered, 0 enqueued
[2025-08-01T14:46:40.472+0000] GC(356) Phantom: 3 encountered, 1 discovered, 0 enqueued
[2025-08-01T14:46:40.472+0000] GC(356) Small Pages: 1517 / 3034M, Empty: 2304M, Relocated: 6M, In-Place: 0
[2025-08-01T14:46:40.472+0000] GC(356) Medium Pages: 1 / 32M, Empty: 0M, Relocated: 0M, In-Place: 0
[2025-08-01T14:46:40.472+0000] GC(356) Large Pages: 0 / 0M, Empty: 0M, Relocated: 0M, In-Place: 0
[2025-08-01T14:46:40.472+0000] GC(356) Forwarding Usage: 0M
[2025-08-01T14:46:40.472+0000] GC(356) Min Capacity: 4096M(100%)
[2025-08-01T14:46:40.472+0000] GC(356) Max Capacity: 4096M(100%)
[2025-08-01T14:46:40.472+0000] GC(356) Soft Max Capacity: 4096M(100%)
[2025-08-01T14:46:40.472+0000] GC(356)                Mark Start          Mark End        Relocate Start      Relocate End           High               Low         
[2025-08-01T14:46:40.472+0000] GC(356)  Capacity:     4096M (100%)       4096M (100%)       4096M (100%)       4096M (100%)       4096M (100%)       4096M (100%)   
[2025-08-01T14:46:40.472+0000] GC(356)      Free:     1030M (25%)         308M (8%)         2612M (64%)        2610M (64%)        2620M (64%)         308M (8%)     
[2025-08-01T14:46:40.472+0000] GC(356)      Used:     3066M (75%)        3788M (92%)        1484M (36%)        1486M (36%)        3788M (92%)        1476M (36%)    
[2025-08-01T14:46:40.472+0000] GC(356)      Live:         -               705M (17%)         705M (17%)         705M (17%)            -                  -          
[2025-08-01T14:46:40.472+0000] GC(356) Allocated:         -               722M (18%)         722M (18%)         740M (18%)            -                  -          
[2025-08-01T14:46:40.472+0000] GC(356)   Garbage:         -              2360M (58%)          56M (1%)           40M (1%)             -                  -          
[2025-08-01T14:46:40.472+0000] GC(356) Reclaimed:         -                  -              2304M (56%)        2320M (57%)            -                  -          
[2025-08-01T14:46:40.472+0000] GC(356) Garbage Collection (Allocation Rate) 3066M(75%)->1486M(36%)
[2025-08-01T14:46:40.593+0000] GC(357) Heap before GC invocations=357 (full 357):
[2025-08-01T14:46:40.593+0000] GC(357)  ZHeap           used 2204M, capacity 4096M, max capacity 4096M
[2025-08-01T14:46:40.593+0000] GC(357)  Metaspace       used 10643K, committed 10880K, reserved 1114112K
[2025-08-01T14:46:40.593+0000] GC(357)   class space    used 1265K, committed 1344K, reserved 1048576K
[2025-08-01T14:46:40.593+0000] GC(357) Garbage Collection (Allocation Rate)
[2025-08-01T14:46:40.593+0000] GC(357) Using 2 workers
[2025-08-01T14:46:40.593+0000] GC(357) Pause Mark Start 0.021ms
[2025-08-01T14:46:40.757+0000] GC(357) Concurrent Mark 163.390ms
[2025-08-01T14:46:40.757+0000] GC(357) Pause Mark End 0.018ms
[2025-08-01T14:46:40.758+0000] GC(357) Concurrent Mark Free 0.002ms
[2025-08-01T14:46:40.760+0000] GC(357) Concurrent Process Non-Strong References 2.294ms
[2025-08-01T14:46:40.760+0000] GC(357) Concurrent Reset Relocation Set 0.002ms
[2025-08-01T14:46:40.762+0000] GC(357) Concurrent Select Relocation Set 2.474ms
[2025-08-01T14:46:40.763+0000] GC(357) Pause Relocate Start 0.013ms
[2025-08-01T14:46:40.763+0000] GC(357) Concurrent Relocate 0.844ms
[2025-08-01T14:46:40.764+0000] GC(357) Heap after GC invocations=358 (full 358):
[2025-08-01T14:46:40.764+0000] GC(357)  ZHeap           used 1554M, capacity 4096M, max capacity 4096M
[2025-08-01T14:46:40.764+0000] GC(357)  Metaspace       used 10643K, committed 10880K, reserved 1114112K
[2025-08-01T14:46:40.764+0000] GC(357)   class space    used 1265K, committed 1344K, reserved 1048576K
[2025-08-01T14:46:40.764+0000] GC(357) Load: 1.99/0.95/0.42
[2025-08-01T14:46:40.764+0000] GC(357) MMU: 2ms/90.0%, 5ms/96.0%, 10ms/97.9%, 20ms/98.9%, 50ms/99.6%, 100ms/99.8%
[2025-08-01T14:46:40.764+0000] GC(357) Mark: 2 stripe(s), 2 proactive flush(es), 1 terminate flush(es), 0 completion(s), 0 continuation(s) 
[2025-08-01T14:46:40.764+0000] GC(357) Mark Stack Usage: 32M
[2025-08-01T14:46:40.764+0000] GC(357) NMethods: 1415 registered, 180 unregistered
[2025-08-01T14:46:40.764+0000] GC(357) Metaspace: 10M used, 10M committed, 1088M reserved
[2025-08-01T14:46:40.764+0000] GC(357) Soft: 228 encountered, 0 discovered, 0 enqueued
[2025-08-01T14:46:40.764+0000] GC(357) Weak: 934 encountered, 705 discovered, 0 enqueued
[2025-08-01T14:46:40.764+0000] GC(357) Final: 0 encountered, 0 discovered, 0 enqueued
[2025-08-01T14:46:40.764+0000] GC(357) Phantom: 3 encountered, 1 discovered, 0 enqueued
[2025-08-01T14:46:40.764+0000] GC(357) Small Pages: 1086 / 2172M, Empty: 1378M, Relocated: 1M, In-Place: 0
[2025-08-01T14:46:40.764+0000] GC(357) Medium Pages: 1 / 32M, Empty: 0M, Relocated: 0M, In-Place: 0
[2025-08-01T14:46:40.764+0000] GC(357) Large Pages: 0 / 0M, Empty: 0M, Relocated: 0M, In-Place: 0
[2025-08-01T14:46:40.764+0000] GC(357) Forwarding Usage: 0M
[2025-08-01T14:46:40.764+0000] GC(357) Min Capacity: 4096M(100%)
[2025-08-01T14:46:40.764+0000] GC(357) Max Capacity: 4096M(100%)
[2025-08-01T14:46:40.764+0000] GC(357) Soft Max Capacity: 4096M(100%)
[2025-08-01T14:46:40.764+0000] GC(357)                Mark Start          Mark End        Relocate Start      Relocate End           High               Low         
[2025-08-01T14:46:40.764+0000] GC(357)  Capacity:     4096M (100%)       4096M (100%)       4096M (100%)       4096M (100%)       4096M (100%)       4096M (100%)   
[2025-08-01T14:46:40.764+0000] GC(357)      Free:     1892M (46%)        1164M (28%)        2532M (62%)        2542M (62%)        2542M (62%)        1154M (28%)    
[2025-08-01T14:46:40.764+0000] GC(357)      Used:     2204M (54%)        2932M (72%)        1564M (38%)        1554M (38%)        2942M (72%)        1554M (38%)    
[2025-08-01T14:46:40.764+0000] GC(357)      Live:         -               772M (19%)         772M (19%)         772M (19%)            -                  -          
[2025-08-01T14:46:40.764+0000] GC(357) Allocated:         -               728M (18%)         738M (18%)         738M (18%)            -                  -          
[2025-08-01T14:46:40.764+0000] GC(357)   Garbage:         -              1431M (35%)          53M (1%)           43M (1%)             -                  -          
[2025-08-01T14:46:40.764+0000] GC(357) Reclaimed:         -                  -              1378M (34%)        1388M (34%)            -                  -          
[2025-08-01T14:46:40.764+0000] GC(357) Garbage Collection (Allocation Rate) 2204M(54%)->1554M(38%)
[2025-08-01T14:46:40.995+0000] GC(358) Heap before GC invocations=358 (full 358):
[2025-08-01T14:46:40.995+0000] GC(358)  ZHeap           used 2452M, capacity 4096M, max capacity 4096M
[2025-08-01T14:46:40.996+0000] GC(358)  Metaspace       used 10643K, committed 10880K, reserved 1114112K
[2025-08-01T14:46:40.996+0000] GC(358)   class space    used 1265K, committed 1344K, reserved 1048576K
[2025-08-01T14:46:40.996+0000] GC(358) Garbage Collection (Allocation Rate)
[2025-08-01T14:46:40.996+0000] GC(358) Using 2 workers
[2025-08-01T14:46:40.998+0000] GC(358) Pause Mark Start 0.014ms
[2025-08-01T14:46:41.188+0000] GC(358) Concurrent Mark 190.092ms
[2025-08-01T14:46:41.189+0000] GC(358) Pause Mark End 0.017ms
[2025-08-01T14:46:41.189+0000] GC(358) Concurrent Mark Free 0.001ms
[2025-08-01T14:46:41.193+0000] GC(358) Concurrent Process Non-Strong References 4.010ms
[2025-08-01T14:46:41.193+0000] GC(358) Concurrent Reset Relocation Set 0.003ms
[2025-08-01T14:46:41.196+0000] GC(358) Concurrent Select Relocation Set 2.799ms
[2025-08-01T14:46:41.196+0000] GC(358) Pause Relocate Start 0.013ms
[2025-08-01T14:46:41.198+0000] GC(358) Concurrent Relocate 1.923ms
[2025-08-01T14:46:41.198+0000] GC(358) Heap after GC invocations=359 (full 359):
[2025-08-01T14:46:41.198+0000] GC(358)  ZHeap           used 1458M, capacity 4096M, max capacity 4096M
[2025-08-01T14:46:41.198+0000] GC(358)  Metaspace       used 10643K, committed 10880K, reserved 1114112K
[2025-08-01T14:46:41.198+0000] GC(358)   class space    used 1265K, committed 1344K, reserved 1048576K
[2025-08-01T14:46:41.198+0000] GC(358) Load: 1.99/0.95/0.42
[2025-08-01T14:46:41.198+0000] GC(358) MMU: 2ms/90.0%, 5ms/96.0%, 10ms/97.9%, 20ms/98.9%, 50ms/99.6%, 100ms/99.8%
[2025-08-01T14:46:41.198+0000] GC(358) Mark: 2 stripe(s), 3 proactive flush(es), 1 terminate flush(es), 0 completion(s), 0 continuation(s) 
[2025-08-01T14:46:41.198+0000] GC(358) Mark Stack Usage: 32M
[2025-08-01T14:46:41.198+0000] GC(358) NMethods: 1415 registered, 180 unregistered
[2025-08-01T14:46:41.198+0000] GC(358) Metaspace: 10M used, 10M committed, 1088M reserved
[2025-08-01T14:46:41.198+0000] GC(358) Soft: 228 encountered, 0 discovered, 0 enqueued
[2025-08-01T14:46:41.198+0000] GC(358) Weak: 934 encountered, 691 discovered, 0 enqueued
[2025-08-01T14:46:41.198+0000] GC(358) Final: 0 encountered, 0 discovered, 0 enqueued
[2025-08-01T14:46:41.198+0000] GC(358) Phantom: 3 encountered, 1 discovered, 0 enqueued
[2025-08-01T14:46:41.198+0000] GC(358) Small Pages: 1216 / 2432M, Empty: 1830M, Relocated: 5M, In-Place: 0
[2025-08-01T14:46:41.198+0000] GC(358) Medium Pages: 1 / 32M, Empty: 0M, Relocated: 0M, In-Place: 0
[2025-08-01T14:46:41.198+0000] GC(358) Large Pages: 0 / 0M, Empty: 0M, Relocated: 0M, In-Place: 0
[2025-08-01T14:46:41.198+0000] GC(358) Forwarding Usage: 0M
[2025-08-01T14:46:41.198+0000] GC(358) Min Capacity: 4096M(100%)
[2025-08-01T14:46:41.198+0000] GC(358) Max Capacity: 4096M(100%)
[2025-08-01T14:46:41.198+0000] GC(358) Soft Max Capacity: 4096M(100%)
[2025-08-01T14:46:41.198+0000] GC(358)                Mark Start          Mark End        Relocate Start      Relocate End           High               Low         
[2025-08-01T14:46:41.198+0000] GC(358)  Capacity:     4096M (100%)       4096M (100%)       4096M (100%)       4096M (100%)       4096M (100%)       4096M (100%)   
[2025-08-01T14:46:41.198+0000] GC(358)      Free:     1632M (40%)         878M (21%)        2638M (64%)        2640M (64%)        2644M (65%)         838M (20%)    
[2025-08-01T14:46:41.198+0000] GC(358)      Used:     2464M (60%)        3218M (79%)        1458M (36%)        1456M (36%)        3258M (80%)        1452M (35%)    
[2025-08-01T14:46:41.198+0000] GC(358)      Live:         -               577M (14%)         577M (14%)         577M (14%)            -                  -          
[2025-08-01T14:46:41.198+0000] GC(358) Allocated:         -               754M (18%)         824M (20%)         840M (21%)            -                  -          
[2025-08-01T14:46:41.198+0000] GC(358)   Garbage:         -              1886M (46%)          56M (1%)           38M (1%)             -                  -          
[2025-08-01T14:46:41.198+0000] GC(358) Reclaimed:         -                  -              1830M (45%)        1848M (45%)            -                  -          
[2025-08-01T14:46:41.198+0000] GC(358) Garbage Collection (Allocation Rate) 2464M(60%)->1456M(36%)
[2025-08-01T14:46:41.394+0000] GC(359) Heap before GC invocations=359 (full 359):
[2025-08-01T14:46:41.394+0000] GC(359)  ZHeap           used 2354M, capacity 4096M, max capacity 4096M
[2025-08-01T14:46:41.394+0000] GC(359)  Metaspace       used 10643K, committed 10880K, reserved 1114112K
[2025-08-01T14:46:41.394+0000] GC(359)   class space    used 1265K, committed 1344K, reserved 1048576K
[2025-08-01T14:46:41.394+0000] GC(359) Garbage Collection (Allocation Rate)
[2025-08-01T14:46:41.394+0000] GC(359) Using 2 workers
[2025-08-01T14:46:41.395+0000] GC(359) Pause Mark Start 0.012ms
[2025-08-01T14:46:41.566+0000] GC(359) Concurrent Mark 170.887ms
[2025-08-01T14:46:41.567+0000] GC(359) Pause Mark End 0.030ms
[2025-08-01T14:46:41.567+0000] GC(359) Concurrent Mark Free 0.002ms
[2025-08-01T14:46:41.572+0000] GC(359) Concurrent Process Non-Strong References 4.790ms
[2025-08-01T14:46:41.572+0000] GC(359) Concurrent Reset Relocation Set 0.003ms
[2025-08-01T14:46:41.577+0000] GC(359) Concurrent Select Relocation Set 5.137ms
[2025-08-01T14:46:41.578+0000] GC(359) Pause Relocate Start 0.014ms
[2025-08-01T14:46:41.579+0000] GC(359) Concurrent Relocate 0.977ms
[2025-08-01T14:46:41.579+0000] GC(359) Heap after GC invocations=360 (full 360):
[2025-08-01T14:46:41.579+0000] GC(359)  ZHeap           used 1374M, capacity 4096M, max capacity 4096M
[2025-08-01T14:46:41.579+0000] GC(359)  Metaspace       used 10643K, committed 10880K, reserved 1114112K
[2025-08-01T14:46:41.579+0000] GC(359)   class space    used 1265K, committed 1344K, reserved 1048576K
[2025-08-01T14:46:41.579+0000] GC(359) Load: 2.15/1.00/0.44
[2025-08-01T14:46:41.579+0000] GC(359) MMU: 2ms/90.0%, 5ms/96.0%, 10ms/97.9%, 20ms/98.9%, 50ms/99.6%, 100ms/99.8%
[2025-08-01T14:46:41.579+0000] GC(359) Mark: 2 stripe(s), 2 proactive flush(es), 1 terminate flush(es), 0 completion(s), 0 continuation(s) 
[2025-08-01T14:46:41.579+0000] GC(359) Mark Stack Usage: 32M
[2025-08-01T14:46:41.579+0000] GC(359) NMethods: 1415 registered, 180 unregistered
[2025-08-01T14:46:41.579+0000] GC(359) Metaspace: 10M used, 10M committed, 1088M reserved
[2025-08-01T14:46:41.579+0000] GC(359) Soft: 228 encountered, 0 discovered, 0 enqueued
[2025-08-01T14:46:41.579+0000] GC(359) Weak: 934 encountered, 702 discovered, 0 enqueued
[2025-08-01T14:46:41.579+0000] GC(359) Final: 0 encountered, 0 discovered, 0 enqueued
[2025-08-01T14:46:41.579+0000] GC(359) Phantom: 3 encountered, 1 discovered, 0 enqueued
[2025-08-01T14:46:41.579+0000] GC(359) Small Pages: 1161 / 2322M, Empty: 1814M, Relocated: 1M, In-Place: 0
[2025-08-01T14:46:41.580+0000] GC(359) Medium Pages: 1 / 32M, Empty: 0M, Relocated: 0M, In-Place: 0
[2025-08-01T14:46:41.580+0000] GC(359) Large Pages: 0 / 0M, Empty: 0M, Relocated: 0M, In-Place: 0
[2025-08-01T14:46:41.580+0000] GC(359) Forwarding Usage: 0M
[2025-08-01T14:46:41.580+0000] GC(359) Min Capacity: 4096M(100%)
[2025-08-01T14:46:41.580+0000] GC(359) Max Capacity: 4096M(100%)
[2025-08-01T14:46:41.580+0000] GC(359) Soft Max Capacity: 4096M(100%)
[2025-08-01T14:46:41.580+0000] GC(359)                Mark Start          Mark End        Relocate Start      Relocate End           High               Low         
[2025-08-01T14:46:41.580+0000] GC(359)  Capacity:     4096M (100%)       4096M (100%)       4096M (100%)       4096M (100%)       4096M (100%)       4096M (100%)   
[2025-08-01T14:46:41.580+0000] GC(359)      Free:     1742M (43%)         948M (23%)        2718M (66%)        2722M (66%)        2722M (66%)         932M (23%)    
[2025-08-01T14:46:41.580+0000] GC(359)      Used:     2354M (57%)        3148M (77%)        1378M (34%)        1374M (34%)        3164M (77%)        1374M (34%)    
[2025-08-01T14:46:41.580+0000] GC(359)      Live:         -               491M (12%)         491M (12%)         491M (12%)            -                  -          
[2025-08-01T14:46:41.580+0000] GC(359) Allocated:         -               794M (19%)         838M (20%)         840M (21%)            -                  -          
[2025-08-01T14:46:41.580+0000] GC(359)   Garbage:         -              1862M (45%)          48M (1%)           42M (1%)             -                  -          
[2025-08-01T14:46:41.580+0000] GC(359) Reclaimed:         -                  -              1814M (44%)        1820M (44%)            -                  -          
[2025-08-01T14:46:41.580+0000] GC(359) Garbage Collection (Allocation Rate) 2354M(57%)->1374M(34%)
[2025-08-01T14:46:41.793+0000] GC(360) Heap before GC invocations=360 (full 360):
[2025-08-01T14:46:41.793+0000] GC(360)  ZHeap           used 2486M, capacity 4096M, max capacity 4096M
[2025-08-01T14:46:41.793+0000] GC(360)  Metaspace       used 10643K, committed 10880K, reserved 1114112K
[2025-08-01T14:46:41.793+0000] GC(360)   class space    used 1265K, committed 1344K, reserved 1048576K
[2025-08-01T14:46:41.793+0000] GC(360) Garbage Collection (Allocation Rate)
[2025-08-01T14:46:41.793+0000] GC(360) Using 2 workers
[2025-08-01T14:46:41.793+0000] GC(360) Pause Mark Start 0.009ms
[2025-08-01T14:46:41.916+0000] GC(360) Concurrent Mark 122.443ms
[2025-08-01T14:46:41.916+0000] GC(360) Pause Mark End 0.014ms
[2025-08-01T14:46:41.916+0000] GC(360) Concurrent Mark Free 0.001ms
[2025-08-01T14:46:41.920+0000] GC(360) Concurrent Process Non-Strong References 3.827ms
[2025-08-01T14:46:41.920+0000] GC(360) Concurrent Reset Relocation Set 0.003ms
[2025-08-01T14:46:41.925+0000] GC(360) Concurrent Select Relocation Set 5.261ms
[2025-08-01T14:46:41.926+0000] GC(360) Pause Relocate Start 0.016ms
[2025-08-01T14:46:41.927+0000] GC(360) Concurrent Relocate 1.032ms
[2025-08-01T14:46:41.927+0000] GC(360) Heap after GC invocations=361 (full 361):
[2025-08-01T14:46:41.927+0000] GC(360)  ZHeap           used 1282M, capacity 4096M, max capacity 4096M
[2025-08-01T14:46:41.927+0000] GC(360)  Metaspace       used 10643K, committed 10880K, reserved 1114112K
[2025-08-01T14:46:41.927+0000] GC(360)   class space    used 1265K, committed 1344K, reserved 1048576K
[2025-08-01T14:46:41.927+0000] GC(360) Load: 2.15/1.00/0.44
[2025-08-01T14:46:41.927+0000] GC(360) MMU: 2ms/90.0%, 5ms/96.0%, 10ms/97.9%, 20ms/98.9%, 50ms/99.6%, 100ms/99.8%
[2025-08-01T14:46:41.928+0000] GC(360) Mark: 2 stripe(s), 3 proactive flush(es), 1 terminate flush(es), 0 completion(s), 0 continuation(s) 
[2025-08-01T14:46:41.928+0000] GC(360) Mark Stack Usage: 32M
[2025-08-01T14:46:41.928+0000] GC(360) NMethods: 1415 registered, 180 unregistered
[2025-08-01T14:46:41.928+0000] GC(360) Metaspace: 10M used, 10M committed, 1088M reserved
[2025-08-01T14:46:41.928+0000] GC(360) Soft: 228 encountered, 0 discovered, 0 enqueued
[2025-08-01T14:46:41.928+0000] GC(360) Weak: 934 encountered, 750 discovered, 0 enqueued
[2025-08-01T14:46:41.928+0000] GC(360) Final: 0 encountered, 0 discovered, 0 enqueued
[2025-08-01T14:46:41.928+0000] GC(360) Phantom: 3 encountered, 1 discovered, 0 enqueued
[2025-08-01T14:46:41.928+0000] GC(360) Small Pages: 1228 / 2456M, Empty: 1834M, Relocated: 1M, In-Place: 0
[2025-08-01T14:46:41.928+0000] GC(360) Medium Pages: 1 / 32M, Empty: 0M, Relocated: 0M, In-Place: 0
[2025-08-01T14:46:41.928+0000] GC(360) Large Pages: 0 / 0M, Empty: 0M, Relocated: 0M, In-Place: 0
[2025-08-01T14:46:41.928+0000] GC(360) Forwarding Usage: 0M
[2025-08-01T14:46:41.928+0000] GC(360) Min Capacity: 4096M(100%)
[2025-08-01T14:46:41.928+0000] GC(360) Max Capacity: 4096M(100%)
[2025-08-01T14:46:41.928+0000] GC(360) Soft Max Capacity: 4096M(100%)
[2025-08-01T14:46:41.928+0000] GC(360)                Mark Start          Mark End        Relocate Start      Relocate End           High               Low         
[2025-08-01T14:46:41.928+0000] GC(360)  Capacity:     4096M (100%)       4096M (100%)       4096M (100%)       4096M (100%)       4096M (100%)       4096M (100%)   
[2025-08-01T14:46:41.928+0000] GC(360)      Free:     1608M (39%)        1060M (26%)        2814M (69%)        2816M (69%)        2826M (69%)        1022M (25%)    
[2025-08-01T14:46:41.928+0000] GC(360)      Used:     2488M (61%)        3036M (74%)        1282M (31%)        1280M (31%)        3074M (75%)        1270M (31%)    
[2025-08-01T14:46:41.928+0000] GC(360)      Live:         -               601M (15%)         601M (15%)         601M (15%)            -                  -          
[2025-08-01T14:46:41.928+0000] GC(360) Allocated:         -               548M (13%)         628M (15%)         636M (16%)            -                  -          
[2025-08-01T14:46:41.928+0000] GC(360)   Garbage:         -              1886M (46%)          52M (1%)           42M (1%)             -                  -          
[2025-08-01T14:46:41.928+0000] GC(360) Reclaimed:         -                  -              1834M (45%)        1844M (45%)            -                  -          
[2025-08-01T14:46:41.928+0000] GC(360) Garbage Collection (Allocation Rate) 2488M(61%)->1280M(31%)
[2025-08-01T14:46:42.194+0000] GC(361) Heap before GC invocations=361 (full 361):
[2025-08-01T14:46:42.194+0000] GC(361)  ZHeap           used 2582M, capacity 4096M, max capacity 4096M
[2025-08-01T14:46:42.194+0000] GC(361)  Metaspace       used 10643K, committed 10880K, reserved 1114112K
[2025-08-01T14:46:42.194+0000] GC(361)   class space    used 1265K, committed 1344K, reserved 1048576K
[2025-08-01T14:46:42.194+0000] GC(361) Garbage Collection (Allocation Rate)
[2025-08-01T14:46:42.194+0000] GC(361) Using 2 workers
[2025-08-01T14:46:42.194+0000] GC(361) Pause Mark Start 0.010ms
[2025-08-01T14:46:42.380+0000] GC(361) Concurrent Mark 186.228ms
[2025-08-01T14:46:42.382+0000] GC(361) Pause Mark End 0.021ms
[2025-08-01T14:46:42.382+0000] GC(361) Concurrent Mark Free 0.003ms
[2025-08-01T14:46:42.385+0000] GC(361) Concurrent Process Non-Strong References 3.058ms
[2025-08-01T14:46:42.385+0000] GC(361) Concurrent Reset Relocation Set 0.003ms
[2025-08-01T14:46:42.389+0000] GC(361) Concurrent Select Relocation Set 4.222ms
[2025-08-01T14:46:42.390+0000] GC(361) Pause Relocate Start 0.012ms
[2025-08-01T14:46:42.391+0000] GC(361) Concurrent Relocate 1.461ms
[2025-08-01T14:46:42.391+0000] GC(361) Heap after GC invocations=362 (full 362):
[2025-08-01T14:46:42.391+0000] GC(361)  ZHeap           used 1648M, capacity 4096M, max capacity 4096M
[2025-08-01T14:46:42.391+0000] GC(361)  Metaspace       used 10643K, committed 10880K, reserved 1114112K
[2025-08-01T14:46:42.391+0000] GC(361)   class space    used 1265K, committed 1344K, reserved 1048576K
[2025-08-01T14:46:42.391+0000] GC(361) Load: 2.15/1.00/0.44
[2025-08-01T14:46:42.391+0000] GC(361) MMU: 2ms/90.0%, 5ms/96.0%, 10ms/97.9%, 20ms/98.9%, 50ms/99.6%, 100ms/99.8%
[2025-08-01T14:46:42.391+0000] GC(361) Mark: 2 stripe(s), 2 proactive flush(es), 1 terminate flush(es), 0 completion(s), 0 continuation(s) 
[2025-08-01T14:46:42.391+0000] GC(361) Mark Stack Usage: 32M
[2025-08-01T14:46:42.391+0000] GC(361) NMethods: 1415 registered, 180 unregistered
[2025-08-01T14:46:42.391+0000] GC(361) Metaspace: 10M used, 10M committed, 1088M reserved
[2025-08-01T14:46:42.391+0000] GC(361) Soft: 228 encountered, 0 discovered, 0 enqueued
[2025-08-01T14:46:42.391+0000] GC(361) Weak: 934 encountered, 701 discovered, 0 enqueued
[2025-08-01T14:46:42.391+0000] GC(361) Final: 0 encountered, 0 discovered, 0 enqueued
[2025-08-01T14:46:42.391+0000] GC(361) Phantom: 3 encountered, 2 discovered, 0 enqueued
[2025-08-01T14:46:42.391+0000] GC(361) Small Pages: 1275 / 2550M, Empty: 1832M, Relocated: 3M, In-Place: 0
[2025-08-01T14:46:42.391+0000] GC(361) Medium Pages: 1 / 32M, Empty: 0M, Relocated: 0M, In-Place: 0
[2025-08-01T14:46:42.391+0000] GC(361) Large Pages: 0 / 0M, Empty: 0M, Relocated: 0M, In-Place: 0
[2025-08-01T14:46:42.391+0000] GC(361) Forwarding Usage: 0M
[2025-08-01T14:46:42.391+0000] GC(361) Min Capacity: 4096M(100%)
[2025-08-01T14:46:42.391+0000] GC(361) Max Capacity: 4096M(100%)
[2025-08-01T14:46:42.392+0000] GC(361) Soft Max Capacity: 4096M(100%)
[2025-08-01T14:46:42.392+0000] GC(361)                Mark Start          Mark End        Relocate Start      Relocate End           High               Low         
[2025-08-01T14:46:42.392+0000] GC(361)  Capacity:     4096M (100%)       4096M (100%)       4096M (100%)       4096M (100%)       4096M (100%)       4096M (100%)   
[2025-08-01T14:46:42.392+0000] GC(361)      Free:     1514M (37%)         664M (16%)        2448M (60%)        2450M (60%)        2452M (60%)         644M (16%)    
[2025-08-01T14:46:42.392+0000] GC(361)      Used:     2582M (63%)        3432M (84%)        1648M (40%)        1646M (40%)        3452M (84%)        1644M (40%)    
[2025-08-01T14:46:42.392+0000] GC(361)      Live:         -               697M (17%)         697M (17%)         697M (17%)            -                  -          
[2025-08-01T14:46:42.392+0000] GC(361) Allocated:         -               850M (21%)         898M (22%)         908M (22%)            -                  -          
[2025-08-01T14:46:42.392+0000] GC(361)   Garbage:         -              1884M (46%)          52M (1%)           40M (1%)             -                  -          
[2025-08-01T14:46:42.392+0000] GC(361) Reclaimed:         -                  -              1832M (45%)        1844M (45%)            -                  -          
[2025-08-01T14:46:42.392+0000] GC(361) Garbage Collection (Allocation Rate) 2582M(63%)->1646M(40%)
[2025-08-01T14:46:42.493+0000] GC(362) Heap before GC invocations=362 (full 362):
[2025-08-01T14:46:42.493+0000] GC(362)  ZHeap           used 2216M, capacity 4096M, max capacity 4096M
[2025-08-01T14:46:42.493+0000] GC(362)  Metaspace       used 10643K, committed 10880K, reserved 1114112K
[2025-08-01T14:46:42.493+0000] GC(362)   class space    used 1265K, committed 1344K, reserved 1048576K
[2025-08-01T14:46:42.493+0000] GC(362) Garbage Collection (Allocation Rate)
[2025-08-01T14:46:42.493+0000] GC(362) Using 2 workers
[2025-08-01T14:46:42.493+0000] GC(362) Pause Mark Start 0.010ms
[2025-08-01T14:46:42.571+0000] GC(362) Concurrent Mark 77.412ms
[2025-08-01T14:46:42.572+0000] GC(362) Pause Mark End 0.017ms
[2025-08-01T14:46:42.572+0000] GC(362) Concurrent Mark Free 0.002ms
[2025-08-01T14:46:42.576+0000] GC(362) Concurrent Process Non-Strong References 3.736ms
[2025-08-01T14:46:42.576+0000] GC(362) Concurrent Reset Relocation Set 0.003ms
[2025-08-01T14:46:42.579+0000] GC(362) Concurrent Select Relocation Set 2.593ms
[2025-08-01T14:46:42.579+0000] GC(362) Pause Relocate Start 0.013ms
[2025-08-01T14:46:42.579+0000] GC(362) Concurrent Relocate 0.396ms
[2025-08-01T14:46:42.579+0000] GC(362) Heap after GC invocations=363 (full 363):
[2025-08-01T14:46:42.579+0000] GC(362)  ZHeap           used 806M, capacity 4096M, max capacity 4096M
[2025-08-01T14:46:42.579+0000] GC(362)  Metaspace       used 10643K, committed 10880K, reserved 1114112K
[2025-08-01T14:46:42.579+0000] GC(362)   class space    used 1265K, committed 1344K, reserved 1048576K
[2025-08-01T14:46:42.580+0000] GC(362) Load: 2.15/1.00/0.44
[2025-08-01T14:46:42.580+0000] GC(362) MMU: 2ms/90.0%, 5ms/96.0%, 10ms/97.9%, 20ms/98.9%, 50ms/99.6%, 100ms/99.8%
[2025-08-01T14:46:42.580+0000] GC(362) Mark: 2 stripe(s), 2 proactive flush(es), 1 terminate flush(es), 0 completion(s), 0 continuation(s) 
[2025-08-01T14:46:42.580+0000] GC(362) Mark Stack Usage: 32M
[2025-08-01T14:46:42.580+0000] GC(362) NMethods: 1415 registered, 180 unregistered
[2025-08-01T14:46:42.580+0000] GC(362) Metaspace: 10M used, 10M committed, 1088M reserved
[2025-08-01T14:46:42.580+0000] GC(362) Soft: 228 encountered, 0 discovered, 0 enqueued
[2025-08-01T14:46:42.580+0000] GC(362) Weak: 934 encountered, 704 discovered, 0 enqueued
[2025-08-01T14:46:42.580+0000] GC(362) Final: 0 encountered, 0 discovered, 0 enqueued
[2025-08-01T14:46:42.580+0000] GC(362) Phantom: 3 encountered, 1 discovered, 0 enqueued
[2025-08-01T14:46:42.580+0000] GC(362) Small Pages: 1093 / 2186M, Empty: 1836M, Relocated: 1M, In-Place: 0
[2025-08-01T14:46:42.580+0000] GC(362) Medium Pages: 1 / 32M, Empty: 0M, Relocated: 0M, In-Place: 0
[2025-08-01T14:46:42.580+0000] GC(362) Large Pages: 0 / 0M, Empty: 0M, Relocated: 0M, In-Place: 0
[2025-08-01T14:46:42.580+0000] GC(362) Forwarding Usage: 0M
[2025-08-01T14:46:42.580+0000] GC(362) Min Capacity: 4096M(100%)
[2025-08-01T14:46:42.580+0000] GC(362) Max Capacity: 4096M(100%)
[2025-08-01T14:46:42.580+0000] GC(362) Soft Max Capacity: 4096M(100%)
[2025-08-01T14:46:42.580+0000] GC(362)                Mark Start          Mark End        Relocate Start      Relocate End           High               Low         
[2025-08-01T14:46:42.580+0000] GC(362)  Capacity:     4096M (100%)       4096M (100%)       4096M (100%)       4096M (100%)       4096M (100%)       4096M (100%)   
[2025-08-01T14:46:42.580+0000] GC(362)      Free:     1878M (46%)        1476M (36%)        3288M (80%)        3290M (80%)        3290M (80%)        1462M (36%)    
[2025-08-01T14:46:42.580+0000] GC(362)      Used:     2218M (54%)        2620M (64%)         808M (20%)         806M (20%)        2634M (64%)         806M (20%)    
[2025-08-01T14:46:42.580+0000] GC(362)      Live:         -               336M (8%)          336M (8%)          336M (8%)             -                  -          
[2025-08-01T14:46:42.580+0000] GC(362) Allocated:         -               402M (10%)         426M (10%)         428M (10%)            -                  -          
[2025-08-01T14:46:42.580+0000] GC(362)   Garbage:         -              1881M (46%)          45M (1%)           41M (1%)             -                  -          
[2025-08-01T14:46:42.580+0000] GC(362) Reclaimed:         -                  -              1836M (45%)        1840M (45%)            -                  -          
[2025-08-01T14:46:42.580+0000] GC(362) Garbage Collection (Allocation Rate) 2218M(54%)->806M(20%)
[2025-08-01T14:46:42.893+0000] GC(363) Heap before GC invocations=363 (full 363):
[2025-08-01T14:46:42.893+0000] GC(363)  ZHeap           used 2376M, capacity 4096M, max capacity 4096M
[2025-08-01T14:46:42.893+0000] GC(363)  Metaspace       used 10643K, committed 10880K, reserved 1114112K
[2025-08-01T14:46:42.893+0000] GC(363)   class space    used 1265K, committed 1344K, reserved 1048576K
[2025-08-01T14:46:42.893+0000] GC(363) Garbage Collection (Allocation Rate)
[2025-08-01T14:46:42.893+0000] GC(363) Using 2 workers
[2025-08-01T14:46:42.893+0000] GC(363) Pause Mark Start 0.010ms
[2025-08-01T14:46:43.011+0000] GC(363) Concurrent Mark 117.572ms
[2025-08-01T14:46:43.011+0000] GC(363) Pause Mark End 0.021ms
[2025-08-01T14:46:43.011+0000] GC(363) Concurrent Mark Free 0.001ms
[2025-08-01T14:46:43.014+0000] GC(363) Concurrent Process Non-Strong References 2.655ms
[2025-08-01T14:46:43.014+0000] GC(363) Concurrent Reset Relocation Set 0.002ms
[2025-08-01T14:46:43.017+0000] GC(363) Concurrent Select Relocation Set 2.490ms
[2025-08-01T14:46:43.017+0000] GC(363) Pause Relocate Start 0.010ms
[2025-08-01T14:46:43.018+0000] GC(363) Concurrent Relocate 1.182ms
[2025-08-01T14:46:43.018+0000] GC(363) Heap after GC invocations=364 (full 364):
[2025-08-01T14:46:43.018+0000] GC(363)  ZHeap           used 1206M, capacity 4096M, max capacity 4096M
[2025-08-01T14:46:43.018+0000] GC(363)  Metaspace       used 10643K, committed 10880K, reserved 1114112K
[2025-08-01T14:46:43.018+0000] GC(363)   class space    used 1265K, committed 1344K, reserved 1048576K
[2025-08-01T14:46:43.018+0000] GC(363) Load: 2.15/1.00/0.44
[2025-08-01T14:46:43.018+0000] GC(363) MMU: 2ms/90.0%, 5ms/96.0%, 10ms/97.9%, 20ms/98.9%, 50ms/99.6%, 100ms/99.8%
[2025-08-01T14:46:43.018+0000] GC(363) Mark: 2 stripe(s), 2 proactive flush(es), 1 terminate flush(es), 0 completion(s), 0 continuation(s) 
[2025-08-01T14:46:43.018+0000] GC(363) Mark Stack Usage: 32M
[2025-08-01T14:46:43.018+0000] GC(363) NMethods: 1415 registered, 180 unregistered
[2025-08-01T14:46:43.018+0000] GC(363) Metaspace: 10M used, 10M committed, 1088M reserved
[2025-08-01T14:46:43.018+0000] GC(363) Soft: 228 encountered, 0 discovered, 0 enqueued
[2025-08-01T14:46:43.018+0000] GC(363) Weak: 934 encountered, 724 discovered, 0 enqueued
[2025-08-01T14:46:43.018+0000] GC(363) Final: 0 encountered, 0 discovered, 0 enqueued
[2025-08-01T14:46:43.018+0000] GC(363) Phantom: 3 encountered, 1 discovered, 0 enqueued
[2025-08-01T14:46:43.018+0000] GC(363) Small Pages: 1172 / 2344M, Empty: 1840M, Relocated: 3M, In-Place: 0
[2025-08-01T14:46:43.018+0000] GC(363) Medium Pages: 1 / 32M, Empty: 0M, Relocated: 0M, In-Place: 0
[2025-08-01T14:46:43.018+0000] GC(363) Large Pages: 0 / 0M, Empty: 0M, Relocated: 0M, In-Place: 0
[2025-08-01T14:46:43.018+0000] GC(363) Forwarding Usage: 0M
[2025-08-01T14:46:43.018+0000] GC(363) Min Capacity: 4096M(100%)
[2025-08-01T14:46:43.018+0000] GC(363) Max Capacity: 4096M(100%)
[2025-08-01T14:46:43.018+0000] GC(363) Soft Max Capacity: 4096M(100%)
[2025-08-01T14:46:43.018+0000] GC(363)                Mark Start          Mark End        Relocate Start      Relocate End           High               Low         
[2025-08-01T14:46:43.018+0000] GC(363)  Capacity:     4096M (100%)       4096M (100%)       4096M (100%)       4096M (100%)       4096M (100%)       4096M (100%)   
[2025-08-01T14:46:43.018+0000] GC(363)      Free:     1720M (42%)        1092M (27%)        2886M (70%)        2890M (71%)        2890M (71%)        1070M (26%)    
[2025-08-01T14:46:43.018+0000] GC(363)      Used:     2376M (58%)        3004M (73%)        1210M (30%)        1206M (29%)        3026M (74%)        1206M (29%)    
[2025-08-01T14:46:43.018+0000] GC(363)      Live:         -               487M (12%)         487M (12%)         487M (12%)            -                  -          
[2025-08-01T14:46:43.018+0000] GC(363) Allocated:         -               628M (15%)         674M (16%)         678M (17%)            -                  -          
[2025-08-01T14:46:43.018+0000] GC(363)   Garbage:         -              1888M (46%)          48M (1%)           40M (1%)             -                  -          
[2025-08-01T14:46:43.018+0000] GC(363) Reclaimed:         -                  -              1840M (45%)        1848M (45%)            -                  -          
[2025-08-01T14:46:43.018+0000] GC(363) Garbage Collection (Allocation Rate) 2376M(58%)->1206M(29%)
[2025-08-01T14:46:43.292+0000] GC(364) Heap before GC invocations=364 (full 364):
[2025-08-01T14:46:43.292+0000] GC(364)  ZHeap           used 2564M, capacity 4096M, max capacity 4096M
[2025-08-01T14:46:43.292+0000] GC(364)  Metaspace       used 10643K, committed 10880K, reserved 1114112K
[2025-08-01T14:46:43.292+0000] GC(364)   class space    used 1265K, committed 1344K, reserved 1048576K
[2025-08-01T14:46:43.292+0000] GC(364) Garbage Collection (Allocation Rate)
[2025-08-01T14:46:43.292+0000] GC(364) Using 2 workers
[2025-08-01T14:46:43.294+0000] GC(364) Pause Mark Start 0.008ms
[2025-08-01T14:46:43.390+0000] GC(364) Concurrent Mark 95.898ms
[2025-08-01T14:46:43.390+0000] GC(364) Pause Mark End 0.018ms
[2025-08-01T14:46:43.390+0000] GC(364) Concurrent Mark Free 0.001ms
[2025-08-01T14:46:43.393+0000] GC(364) Concurrent Process Non-Strong References 2.612ms
[2025-08-01T14:46:43.393+0000] GC(364) Concurrent Reset Relocation Set 0.003ms
[2025-08-01T14:46:43.397+0000] GC(364) Concurrent Select Relocation Set 3.482ms
[2025-08-01T14:46:43.397+0000] GC(364) Pause Relocate Start 0.014ms
[2025-08-01T14:46:43.400+0000] GC(364) Concurrent Relocate 2.879ms
[2025-08-01T14:46:43.400+0000] GC(364) Heap after GC invocations=365 (full 365):
[2025-08-01T14:46:43.400+0000] GC(364)  ZHeap           used 1032M, capacity 4096M, max capacity 4096M
[2025-08-01T14:46:43.400+0000] GC(364)  Metaspace       used 10643K, committed 10880K, reserved 1114112K
[2025-08-01T14:46:43.400+0000] GC(364)   class space    used 1265K, committed 1344K, reserved 1048576K
[2025-08-01T14:46:43.400+0000] GC(364) Load: 2.15/1.00/0.44
[2025-08-01T14:46:43.400+0000] GC(364) MMU: 2ms/90.0%, 5ms/96.0%, 10ms/97.9%, 20ms/98.9%, 50ms/99.6%, 100ms/99.8%
[2025-08-01T14:46:43.400+0000] GC(364) Mark: 2 stripe(s), 3 proactive flush(es), 1 terminate flush(es), 0 completion(s), 0 continuation(s) 
[2025-08-01T14:46:43.400+0000] GC(364) Mark Stack Usage: 32M
[2025-08-01T14:46:43.400+0000] GC(364) NMethods: 1415 registered, 180 unregistered
[2025-08-01T14:46:43.400+0000] GC(364) Metaspace: 10M used, 10M committed, 1088M reserved
[2025-08-01T14:46:43.400+0000] GC(364) Soft: 228 encountered, 0 discovered, 0 enqueued
[2025-08-01T14:46:43.400+0000] GC(364) Weak: 934 encountered, 711 discovered, 0 enqueued
[2025-08-01T14:46:43.400+0000] GC(364) Final: 0 encountered, 0 discovered, 0 enqueued
[2025-08-01T14:46:43.400+0000] GC(364) Phantom: 3 encountered, 1 discovered, 0 enqueued
[2025-08-01T14:46:43.400+0000] GC(364) Small Pages: 1268 / 2536M, Empty: 2092M, Relocated: 8M, In-Place: 0
[2025-08-01T14:46:43.400+0000] GC(364) Medium Pages: 1 / 32M, Empty: 0M, Relocated: 0M, In-Place: 0
[2025-08-01T14:46:43.400+0000] GC(364) Large Pages: 0 / 0M, Empty: 0M, Relocated: 0M, In-Place: 0
[2025-08-01T14:46:43.400+0000] GC(364) Forwarding Usage: 0M
[2025-08-01T14:46:43.400+0000] GC(364) Min Capacity: 4096M(100%)
[2025-08-01T14:46:43.400+0000] GC(364) Max Capacity: 4096M(100%)
[2025-08-01T14:46:43.400+0000] GC(364) Soft Max Capacity: 4096M(100%)
[2025-08-01T14:46:43.400+0000] GC(364)                Mark Start          Mark End        Relocate Start      Relocate End           High               Low         
[2025-08-01T14:46:43.400+0000] GC(364)  Capacity:     4096M (100%)       4096M (100%)       4096M (100%)       4096M (100%)       4096M (100%)       4096M (100%)   
[2025-08-01T14:46:43.400+0000] GC(364)      Free:     1528M (37%)        1012M (25%)        3064M (75%)        3064M (75%)        3072M (75%)         996M (24%)    
[2025-08-01T14:46:43.400+0000] GC(364)      Used:     2568M (63%)        3084M (75%)        1032M (25%)        1032M (25%)        3100M (76%)        1024M (25%)    
[2025-08-01T14:46:43.400+0000] GC(364)      Live:         -               412M (10%)         412M (10%)         412M (10%)            -                  -          
[2025-08-01T14:46:43.400+0000] GC(364) Allocated:         -               516M (13%)         556M (14%)         576M (14%)            -                  -          
[2025-08-01T14:46:43.400+0000] GC(364)   Garbage:         -              2155M (53%)          63M (2%)           43M (1%)             -                  -          
[2025-08-01T14:46:43.400+0000] GC(364) Reclaimed:         -                  -              2092M (51%)        2112M (52%)            -                  -          
[2025-08-01T14:46:43.400+0000] GC(364) Garbage Collection (Allocation Rate) 2568M(63%)->1032M(25%)
[2025-08-01T14:46:43.695+0000] === Garbage Collection Statistics =======================================================================================================================
[2025-08-01T14:46:43.695+0000]                                                              Last 10s              Last 10m              Last 10h                Total
[2025-08-01T14:46:43.695+0000]                                                              Avg / Max             Avg / Max             Avg / Max             Avg / Max
[2025-08-01T14:46:43.695+0000]   Collector: Garbage Collection Cycle                    151.926 / 243.266     147.814 / 346.825     147.814 / 346.825     147.814 / 346.825     ms
[2025-08-01T14:46:43.695+0000]  Contention: Mark Segment Reset Contention                     0 / 1                 0 / 2                 0 / 2                 0 / 2           ops/s
[2025-08-01T14:46:43.695+0000]  Contention: Mark SeqNum Reset Contention                      0 / 1                 0 / 1                 0 / 1                 0 / 1           ops/s
[2025-08-01T14:46:43.695+0000]    Critical: Allocation Stall                                  0 / 0                 0 / 0                 0 / 0                 0 / 0           ops/s
[2025-08-01T14:46:43.695+0000]    Critical: Allocation Stall                              0.000 / 0.000         0.000 / 0.000         0.000 / 0.000         0.000 / 0.000       ms
[2025-08-01T14:46:43.695+0000]    Critical: GC Locker Stall                                   0 / 0                 0 / 0                 0 / 0                 0 / 0           ops/s
[2025-08-01T14:46:43.695+0000]    Critical: GC Locker Stall                               0.000 / 0.000         0.000 / 0.000         0.000 / 0.000         0.000 / 0.000       ms
[2025-08-01T14:46:43.695+0000]    Critical: Relocation Stall                                  0 / 0                 0 / 0                 0 / 0                 0 / 0           ops/s
[2025-08-01T14:46:43.695+0000]    Critical: Relocation Stall                              0.000 / 0.000         0.000 / 0.000         0.000 / 0.000         0.000 / 0.000       ms
[2025-08-01T14:46:43.695+0000]      Memory: Allocation Rate                                4806 / 5098           4685 / 5234           4685 / 5234           4685 / 5234        MB/s
[2025-08-01T14:46:43.695+0000]      Memory: Defragment                                        0 / 0                 0 / 0                 0 / 0                 0 / 0           ops/s
[2025-08-01T14:46:43.695+0000]      Memory: Out Of Memory                                     0 / 0                 0 / 0                 0 / 0                 0 / 0           ops/s
[2025-08-01T14:46:43.695+0000]      Memory: Page Cache Flush                                  0 / 0                 0 / 0                 0 / 0                 0 / 0           MB/s
[2025-08-01T14:46:43.695+0000]      Memory: Page Cache Hit L1                              2411 / 2554           2336 / 2621           2336 / 2621           2336 / 2621        ops/s
[2025-08-01T14:46:43.695+0000]      Memory: Page Cache Hit L2                                 0 / 0                 0 / 0                 0 / 0                 0 / 0           ops/s
[2025-08-01T14:46:43.695+0000]      Memory: Page Cache Hit L3                                 0 / 0                12 / 551              12 / 551              12 / 551         ops/s
[2025-08-01T14:46:43.695+0000]      Memory: Page Cache Miss                                   0 / 0                 0 / 1                 0 / 1                 0 / 1           ops/s
[2025-08-01T14:46:43.695+0000]      Memory: Uncommit                                          0 / 0                 0 / 0                 0 / 0                 0 / 0           MB/s
[2025-08-01T14:46:43.695+0000]      Memory: Undo Object Allocation Failed                     0 / 0                 0 / 3                 0 / 3                 0 / 3           ops/s
[2025-08-01T14:46:43.695+0000]      Memory: Undo Object Allocation Succeeded                  0 / 0                 0 / 3                 0 / 3                 0 / 3           ops/s
[2025-08-01T14:46:43.695+0000]      Memory: Undo Page Allocation                              0 / 0                 0 / 1                 0 / 1                 0 / 1           ops/s
[2025-08-01T14:46:43.695+0000]       Phase: Concurrent Mark                             140.716 / 232.481     135.806 / 335.006     135.806 / 335.006     135.806 / 335.006     ms
[2025-08-01T14:46:43.695+0000]       Phase: Concurrent Mark Continue                      0.000 / 0.000         0.000 / 0.000         0.000 / 0.000         0.000 / 0.000       ms
[2025-08-01T14:46:43.695+0000]       Phase: Concurrent Mark Free                          0.001 / 0.003         0.002 / 0.005         0.002 / 0.005         0.002 / 0.005       ms
[2025-08-01T14:46:43.695+0000]       Phase: Concurrent Process Non-Strong References      3.557 / 5.100         3.767 / 14.556        3.767 / 14.556        3.767 / 14.556      ms
[2025-08-01T14:46:43.695+0000]       Phase: Concurrent Relocate                           1.698 / 3.398         2.144 / 16.307        2.144 / 16.307        2.144 / 16.307      ms
[2025-08-01T14:46:43.695+0000]       Phase: Concurrent Reset Relocation Set               0.005 / 0.045         0.003 / 0.065         0.003 / 0.065         0.003 / 0.065       ms
[2025-08-01T14:46:43.695+0000]       Phase: Concurrent Select Relocation Set              3.708 / 5.261         3.707 / 16.702        3.707 / 16.702        3.707 / 16.702      ms
[2025-08-01T14:46:43.695+0000]       Phase: Pause Mark End                                0.022 / 0.118         0.021 / 0.200         0.021 / 0.200         0.021 / 0.200       ms
[2025-08-01T14:46:43.696+0000]       Phase: Pause Mark Start                              0.011 / 0.021         0.014 / 0.088         0.014 / 0.088         0.014 / 0.088       ms
[2025-08-01T14:46:43.696+0000]       Phase: Pause Relocate Start                          0.013 / 0.017         0.014 / 0.143         0.014 / 0.143         0.014 / 0.143       ms
[2025-08-01T14:46:43.696+0000]    Subphase: Concurrent Classes Purge                      0.025 / 0.039         0.037 / 1.924         0.037 / 1.924         0.037 / 1.924       ms
[2025-08-01T14:46:43.696+0000]    Subphase: Concurrent Classes Unlink                     2.282 / 3.719         2.411 / 8.637         2.411 / 8.637         2.411 / 8.637       ms
[2025-08-01T14:46:43.696+0000]    Subphase: Concurrent Mark                             139.433 / 230.639     134.286 / 334.367     134.286 / 334.367     134.286 / 334.367     ms
[2025-08-01T14:46:43.696+0000]    Subphase: Concurrent Mark Try Flush                     0.635 / 8.315         0.529 / 8.315         0.529 / 8.315         0.529 / 8.315       ms
[2025-08-01T14:46:43.696+0000]    Subphase: Concurrent Mark Try Terminate                 0.898 / 2.990         0.916 / 4.798         0.916 / 4.798         0.916 / 4.798       ms
[2025-08-01T14:46:43.696+0000]    Subphase: Concurrent References Enqueue                 0.001 / 0.001         0.001 / 0.079         0.001 / 0.079         0.001 / 0.079       ms
[2025-08-01T14:46:43.696+0000]    Subphase: Concurrent References Process                 0.289 / 0.568         0.318 / 1.918         0.318 / 1.918         0.318 / 1.918       ms
[2025-08-01T14:46:43.696+0000]    Subphase: Concurrent Roots ClassLoaderDataGraph         0.093 / 0.219         0.127 / 2.268         0.127 / 2.268         0.127 / 2.268       ms
[2025-08-01T14:46:43.696+0000]    Subphase: Concurrent Roots CodeCache                    0.000 / 0.000         0.000 / 0.000         0.000 / 0.000         0.000 / 0.000       ms
[2025-08-01T14:46:43.696+0000]    Subphase: Concurrent Roots JavaThreads                  0.091 / 0.196         0.121 / 2.387         0.121 / 2.387         0.121 / 2.387       ms
[2025-08-01T14:46:43.696+0000]    Subphase: Concurrent Roots OopStorageSet                0.028 / 0.100         0.028 / 0.238         0.028 / 0.238         0.028 / 0.238       ms
[2025-08-01T14:46:43.696+0000]    Subphase: Concurrent Weak Roots OopStorageSet           0.198 / 0.524         0.215 / 2.271         0.215 / 2.271         0.215 / 2.271       ms
[2025-08-01T14:46:43.696+0000]    Subphase: Pause Mark Try Complete                       0.000 / 0.000         0.000 / 0.000         0.000 / 0.000         0.000 / 0.000       ms
[2025-08-01T14:46:43.696+0000]      System: Java Threads                                     14 / 14               14 / 14               14 / 14               14 / 14          threads
[2025-08-01T14:46:43.696+0000] =========================================================================================================================================================
[2025-08-01T14:46:43.793+0000] GC(365) Heap before GC invocations=365 (full 365):
[2025-08-01T14:46:43.793+0000] GC(365)  ZHeap           used 2960M, capacity 4096M, max capacity 4096M
[2025-08-01T14:46:43.793+0000] GC(365)  Metaspace       used 10643K, committed 10880K, reserved 1114112K
[2025-08-01T14:46:43.793+0000] GC(365)   class space    used 1265K, committed 1344K, reserved 1048576K
[2025-08-01T14:46:43.793+0000] GC(365) Garbage Collection (Allocation Rate)
[2025-08-01T14:46:43.793+0000] GC(365) Using 2 workers
[2025-08-01T14:46:43.794+0000] GC(365) Pause Mark Start 0.012ms
[2025-08-01T14:46:43.926+0000] GC(365) Concurrent Mark 132.037ms
[2025-08-01T14:46:43.927+0000] GC(365) Pause Mark End 0.023ms
[2025-08-01T14:46:43.928+0000] GC(365) Concurrent Mark Free 0.001ms
[2025-08-01T14:46:43.935+0000] GC(365) Concurrent Process Non-Strong References 7.587ms
[2025-08-01T14:46:43.935+0000] GC(365) Concurrent Reset Relocation Set 0.004ms
[2025-08-01T14:46:43.940+0000] GC(365) Concurrent Select Relocation Set 4.601ms
[2025-08-01T14:46:43.940+0000] GC(365) Pause Relocate Start 0.014ms
[2025-08-01T14:46:43.942+0000] GC(365) Concurrent Relocate 1.815ms
[2025-08-01T14:46:43.942+0000] GC(365) Heap after GC invocations=366 (full 366):
[2025-08-01T14:46:43.942+0000] GC(365)  ZHeap           used 1272M, capacity 4096M, max capacity 4096M
[2025-08-01T14:46:43.942+0000] GC(365)  Metaspace       used 10643K, committed 10880K, reserved 1114112K
[2025-08-01T14:46:43.942+0000] GC(365)   class space    used 1265K, committed 1344K, reserved 1048576K
[2025-08-01T14:46:43.942+0000] GC(365) Load: 2.15/1.00/0.44
[2025-08-01T14:46:43.942+0000] GC(365) MMU: 2ms/90.0%, 5ms/96.0%, 10ms/97.9%, 20ms/98.9%, 50ms/99.6%, 100ms/99.8%
[2025-08-01T14:46:43.942+0000] GC(365) Mark: 2 stripe(s), 4 proactive flush(es), 1 terminate flush(es), 0 completion(s), 0 continuation(s) 
[2025-08-01T14:46:43.942+0000] GC(365) Mark Stack Usage: 32M
[2025-08-01T14:46:43.943+0000] GC(365) NMethods: 1415 registered, 180 unregistered
[2025-08-01T14:46:43.943+0000] GC(365) Metaspace: 10M used, 10M committed, 1088M reserved
[2025-08-01T14:46:43.943+0000] GC(365) Soft: 228 encountered, 0 discovered, 0 enqueued
[2025-08-01T14:46:43.943+0000] GC(365) Weak: 934 encountered, 697 discovered, 0 enqueued
[2025-08-01T14:46:43.943+0000] GC(365) Final: 0 encountered, 0 discovered, 0 enqueued
[2025-08-01T14:46:43.943+0000] GC(365) Phantom: 3 encountered, 2 discovered, 0 enqueued
[2025-08-01T14:46:43.943+0000] GC(365) Small Pages: 1464 / 2928M, Empty: 2390M, Relocated: 3M, In-Place: 0
[2025-08-01T14:46:43.943+0000] GC(365) Medium Pages: 1 / 32M, Empty: 0M, Relocated: 0M, In-Place: 0
[2025-08-01T14:46:43.943+0000] GC(365) Large Pages: 0 / 0M, Empty: 0M, Relocated: 0M, In-Place: 0
[2025-08-01T14:46:43.943+0000] GC(365) Forwarding Usage: 0M
[2025-08-01T14:46:43.943+0000] GC(365) Min Capacity: 4096M(100%)
[2025-08-01T14:46:43.943+0000] GC(365) Max Capacity: 4096M(100%)
[2025-08-01T14:46:43.943+0000] GC(365) Soft Max Capacity: 4096M(100%)
[2025-08-01T14:46:43.943+0000] GC(365)                Mark Start          Mark End        Relocate Start      Relocate End           High               Low         
[2025-08-01T14:46:43.943+0000] GC(365)  Capacity:     4096M (100%)       4096M (100%)       4096M (100%)       4096M (100%)       4096M (100%)       4096M (100%)   
[2025-08-01T14:46:43.943+0000] GC(365)      Free:     1136M (28%)         522M (13%)        2826M (69%)        2826M (69%)        2830M (69%)         476M (12%)    
[2025-08-01T14:46:43.943+0000] GC(365)      Used:     2960M (72%)        3574M (87%)        1270M (31%)        1270M (31%)        3620M (88%)        1266M (31%)    
[2025-08-01T14:46:43.943+0000] GC(365)      Live:         -               520M (13%)         520M (13%)         520M (13%)            -                  -          
[2025-08-01T14:46:43.943+0000] GC(365) Allocated:         -               614M (15%)         700M (17%)         710M (17%)            -                  -          
[2025-08-01T14:46:43.943+0000] GC(365)   Garbage:         -              2439M (60%)          49M (1%)           39M (1%)             -                  -          
[2025-08-01T14:46:43.943+0000] GC(365) Reclaimed:         -                  -              2390M (58%)        2400M (59%)            -                  -          
[2025-08-01T14:46:43.943+0000] GC(365) Garbage Collection (Allocation Rate) 2960M(72%)->1270M(31%)
[2025-08-01T14:46:44.193+0000] GC(366) Heap before GC invocations=366 (full 366):
[2025-08-01T14:46:44.193+0000] GC(366)  ZHeap           used 2568M, capacity 4096M, max capacity 4096M
[2025-08-01T14:46:44.193+0000] GC(366)  Metaspace       used 10643K, committed 10880K, reserved 1114112K
[2025-08-01T14:46:44.193+0000] GC(366)   class space    used 1265K, committed 1344K, reserved 1048576K
[2025-08-01T14:46:44.193+0000] GC(366) Garbage Collection (Allocation Rate)
[2025-08-01T14:46:44.193+0000] GC(366) Using 2 workers
[2025-08-01T14:46:44.193+0000] GC(366) Pause Mark Start 0.011ms
[2025-08-01T14:46:44.350+0000] GC(366) Concurrent Mark 157.060ms
[2025-08-01T14:46:44.351+0000] GC(366) Pause Mark End 0.012ms
[2025-08-01T14:46:44.351+0000] GC(366) Concurrent Mark Free 0.003ms
[2025-08-01T14:46:44.353+0000] GC(366) Concurrent Process Non-Strong References 2.337ms
[2025-08-01T14:46:44.353+0000] GC(366) Concurrent Reset Relocation Set 0.001ms
[2025-08-01T14:46:44.356+0000] GC(366) Concurrent Select Relocation Set 3.031ms
[2025-08-01T14:46:44.356+0000] GC(366) Pause Relocate Start 0.014ms
[2025-08-01T14:46:44.358+0000] GC(366) Concurrent Relocate 1.591ms
[2025-08-01T14:46:44.358+0000] GC(366) Heap after GC invocations=367 (full 367):
[2025-08-01T14:46:44.358+0000] GC(366)  ZHeap           used 1498M, capacity 4096M, max capacity 4096M
[2025-08-01T14:46:44.358+0000] GC(366)  Metaspace       used 10643K, committed 10880K, reserved 1114112K
[2025-08-01T14:46:44.358+0000] GC(366)   class space    used 1265K, committed 1344K, reserved 1048576K
[2025-08-01T14:46:44.358+0000] GC(366) Load: 2.15/1.00/0.44
[2025-08-01T14:46:44.358+0000] GC(366) MMU: 2ms/90.0%, 5ms/96.0%, 10ms/97.9%, 20ms/98.9%, 50ms/99.6%, 100ms/99.8%
[2025-08-01T14:46:44.358+0000] GC(366) Mark: 2 stripe(s), 2 proactive flush(es), 1 terminate flush(es), 0 completion(s), 0 continuation(s) 
[2025-08-01T14:46:44.358+0000] GC(366) Mark Stack Usage: 32M
[2025-08-01T14:46:44.358+0000] GC(366) NMethods: 1415 registered, 180 unregistered
[2025-08-01T14:46:44.358+0000] GC(366) Metaspace: 10M used, 10M committed, 1088M reserved
[2025-08-01T14:46:44.358+0000] GC(366) Soft: 228 encountered, 0 discovered, 0 enqueued
[2025-08-01T14:46:44.358+0000] GC(366) Weak: 934 encountered, 654 discovered, 0 enqueued
[2025-08-01T14:46:44.358+0000] GC(366) Final: 0 encountered, 0 discovered, 0 enqueued
[2025-08-01T14:46:44.358+0000] GC(366) Phantom: 3 encountered, 1 discovered, 0 enqueued
[2025-08-01T14:46:44.358+0000] GC(366) Small Pages: 1268 / 2536M, Empty: 1824M, Relocated: 5M, In-Place: 0
[2025-08-01T14:46:44.358+0000] GC(366) Medium Pages: 1 / 32M, Empty: 0M, Relocated: 0M, In-Place: 0
[2025-08-01T14:46:44.358+0000] GC(366) Large Pages: 0 / 0M, Empty: 0M, Relocated: 0M, In-Place: 0
[2025-08-01T14:46:44.358+0000] GC(366) Forwarding Usage: 0M
[2025-08-01T14:46:44.358+0000] GC(366) Min Capacity: 4096M(100%)
[2025-08-01T14:46:44.358+0000] GC(366) Max Capacity: 4096M(100%)
[2025-08-01T14:46:44.358+0000] GC(366) Soft Max Capacity: 4096M(100%)
[2025-08-01T14:46:44.358+0000] GC(366)                Mark Start          Mark End        Relocate Start      Relocate End           High               Low         
[2025-08-01T14:46:44.358+0000] GC(366)  Capacity:     4096M (100%)       4096M (100%)       4096M (100%)       4096M (100%)       4096M (100%)       4096M (100%)   
[2025-08-01T14:46:44.358+0000] GC(366)      Free:     1528M (37%)         764M (19%)        2588M (63%)        2598M (63%)        2598M (63%)         764M (19%)    
[2025-08-01T14:46:44.358+0000] GC(366)      Used:     2568M (63%)        3332M (81%)        1508M (37%)        1498M (37%)        3332M (81%)        1498M (37%)    
[2025-08-01T14:46:44.358+0000] GC(366)      Live:         -               690M (17%)         690M (17%)         690M (17%)            -                  -          
[2025-08-01T14:46:44.358+0000] GC(366) Allocated:         -               764M (19%)         764M (19%)         764M (19%)            -                  -          
[2025-08-01T14:46:44.358+0000] GC(366)   Garbage:         -              1877M (46%)          53M (1%)           43M (1%)             -                  -          
[2025-08-01T14:46:44.358+0000] GC(366) Reclaimed:         -                  -              1824M (45%)        1834M (45%)            -                  -          
[2025-08-01T14:46:44.358+0000] GC(366) Garbage Collection (Allocation Rate) 2568M(63%)->1498M(37%)
[2025-08-01T14:46:44.593+0000] GC(367) Heap before GC invocations=367 (full 367):
[2025-08-01T14:46:44.593+0000] GC(367)  ZHeap           used 2702M, capacity 4096M, max capacity 4096M
[2025-08-01T14:46:44.594+0000] GC(367)  Metaspace       used 10643K, committed 10880K, reserved 1114112K
[2025-08-01T14:46:44.594+0000] GC(367)   class space    used 1265K, committed 1344K, reserved 1048576K
[2025-08-01T14:46:44.594+0000] GC(367) Garbage Collection (Allocation Rate)
[2025-08-01T14:46:44.594+0000] GC(367) Using 2 workers
[2025-08-01T14:46:44.594+0000] GC(367) Pause Mark Start 0.010ms
[2025-08-01T14:46:44.740+0000] GC(367) Concurrent Mark 145.729ms
[2025-08-01T14:46:44.740+0000] GC(367) Pause Mark End 0.018ms
[2025-08-01T14:46:44.740+0000] GC(367) Concurrent Mark Free 0.001ms
[2025-08-01T14:46:44.743+0000] GC(367) Concurrent Process Non-Strong References 2.785ms
[2025-08-01T14:46:44.743+0000] GC(367) Concurrent Reset Relocation Set 0.002ms
[2025-08-01T14:46:44.746+0000] GC(367) Concurrent Select Relocation Set 3.224ms
[2025-08-01T14:46:44.747+0000] GC(367) Pause Relocate Start 0.018ms
[2025-08-01T14:46:44.749+0000] GC(367) Concurrent Relocate 2.679ms
[2025-08-01T14:46:44.750+0000] GC(367) Heap after GC invocations=368 (full 368):
[2025-08-01T14:46:44.750+0000] GC(367)  ZHeap           used 1212M, capacity 4096M, max capacity 4096M
[2025-08-01T14:46:44.750+0000] GC(367)  Metaspace       used 10643K, committed 10880K, reserved 1114112K
[2025-08-01T14:46:44.750+0000] GC(367)   class space    used 1265K, committed 1344K, reserved 1048576K
[2025-08-01T14:46:44.750+0000] GC(367) Load: 2.15/1.00/0.44
[2025-08-01T14:46:44.750+0000] GC(367) MMU: 2ms/90.0%, 5ms/96.0%, 10ms/97.9%, 20ms/98.9%, 50ms/99.6%, 100ms/99.8%
[2025-08-01T14:46:44.750+0000] GC(367) Mark: 2 stripe(s), 2 proactive flush(es), 1 terminate flush(es), 0 completion(s), 0 continuation(s) 
[2025-08-01T14:46:44.750+0000] GC(367) Mark Stack Usage: 32M
[2025-08-01T14:46:44.750+0000] GC(367) NMethods: 1415 registered, 180 unregistered
[2025-08-01T14:46:44.750+0000] GC(367) Metaspace: 10M used, 10M committed, 1088M reserved
[2025-08-01T14:46:44.750+0000] GC(367) Soft: 228 encountered, 0 discovered, 0 enqueued
[2025-08-01T14:46:44.750+0000] GC(367) Weak: 934 encountered, 737 discovered, 0 enqueued
[2025-08-01T14:46:44.750+0000] GC(367) Final: 0 encountered, 0 discovered, 0 enqueued
[2025-08-01T14:46:44.750+0000] GC(367) Phantom: 3 encountered, 1 discovered, 0 enqueued
[2025-08-01T14:46:44.750+0000] GC(367) Small Pages: 1337 / 2674M, Empty: 2122M, Relocated: 8M, In-Place: 0
[2025-08-01T14:46:44.750+0000] GC(367) Medium Pages: 1 / 32M, Empty: 0M, Relocated: 0M, In-Place: 0
[2025-08-01T14:46:44.750+0000] GC(367) Large Pages: 0 / 0M, Empty: 0M, Relocated: 0M, In-Place: 0
[2025-08-01T14:46:44.750+0000] GC(367) Forwarding Usage: 0M
[2025-08-01T14:46:44.750+0000] GC(367) Min Capacity: 4096M(100%)
[2025-08-01T14:46:44.750+0000] GC(367) Max Capacity: 4096M(100%)
[2025-08-01T14:46:44.750+0000] GC(367) Soft Max Capacity: 4096M(100%)
[2025-08-01T14:46:44.750+0000] GC(367)                Mark Start          Mark End        Relocate Start      Relocate End           High               Low         
[2025-08-01T14:46:44.750+0000] GC(367)  Capacity:     4096M (100%)       4096M (100%)       4096M (100%)       4096M (100%)       4096M (100%)       4096M (100%)   
[2025-08-01T14:46:44.750+0000] GC(367)      Free:     1390M (34%)         752M (18%)        2868M (70%)        2886M (70%)        2886M (70%)         752M (18%)    
[2025-08-01T14:46:44.750+0000] GC(367)      Used:     2706M (66%)        3344M (82%)        1228M (30%)        1210M (30%)        3344M (82%)        1210M (30%)    
[2025-08-01T14:46:44.750+0000] GC(367)      Live:         -               509M (12%)         509M (12%)         509M (12%)            -                  -          
[2025-08-01T14:46:44.750+0000] GC(367) Allocated:         -               638M (16%)         644M (16%)         656M (16%)            -                  -          
[2025-08-01T14:46:44.750+0000] GC(367)   Garbage:         -              2196M (54%)          74M (2%)           44M (1%)             -                  -          
[2025-08-01T14:46:44.750+0000] GC(367) Reclaimed:         -                  -              2122M (52%)        2152M (53%)            -                  -          
[2025-08-01T14:46:44.750+0000] GC(367) Garbage Collection (Allocation Rate) 2706M(66%)->1210M(30%)
[2025-08-01T14:46:45.094+0000] GC(368) Heap before GC invocations=368 (full 368):
[2025-08-01T14:46:45.094+0000] GC(368)  ZHeap           used 3032M, capacity 4096M, max capacity 4096M
[2025-08-01T14:46:45.094+0000] GC(368)  Metaspace       used 10643K, committed 10880K, reserved 1114112K
[2025-08-01T14:46:45.094+0000] GC(368)   class space    used 1265K, committed 1344K, reserved 1048576K
[2025-08-01T14:46:45.095+0000] GC(368) Garbage Collection (Allocation Rate)
[2025-08-01T14:46:45.095+0000] GC(368) Using 2 workers
[2025-08-01T14:46:45.095+0000] GC(368) Pause Mark Start 0.017ms
[2025-08-01T14:46:45.186+0000] GC(368) Concurrent Mark 90.845ms
[2025-08-01T14:46:45.186+0000] GC(368) Pause Mark End 0.020ms
[2025-08-01T14:46:45.187+0000] GC(368) Concurrent Mark Free 0.003ms
[2025-08-01T14:46:45.190+0000] GC(368) Concurrent Process Non-Strong References 3.247ms
[2025-08-01T14:46:45.190+0000] GC(368) Concurrent Reset Relocation Set 0.004ms
[2025-08-01T14:46:45.193+0000] GC(368) Concurrent Select Relocation Set 3.422ms
[2025-08-01T14:46:45.194+0000] GC(368) Pause Relocate Start 0.014ms
[2025-08-01T14:46:45.196+0000] GC(368) Concurrent Relocate 1.785ms
[2025-08-01T14:46:45.196+0000] GC(368) Heap after GC invocations=369 (full 369):
[2025-08-01T14:46:45.196+0000] GC(368)  ZHeap           used 984M, capacity 4096M, max capacity 4096M
[2025-08-01T14:46:45.196+0000] GC(368)  Metaspace       used 10643K, committed 10880K, reserved 1114112K
[2025-08-01T14:46:45.196+0000] GC(368)   class space    used 1265K, committed 1344K, reserved 1048576K
[2025-08-01T14:46:45.196+0000] GC(368) Load: 2.15/1.00/0.44
[2025-08-01T14:46:45.196+0000] GC(368) MMU: 2ms/90.0%, 5ms/96.0%, 10ms/97.9%, 20ms/98.9%, 50ms/99.6%, 100ms/99.8%
[2025-08-01T14:46:45.196+0000] GC(368) Mark: 2 stripe(s), 3 proactive flush(es), 1 terminate flush(es), 0 completion(s), 0 continuation(s) 
[2025-08-01T14:46:45.196+0000] GC(368) Mark Stack Usage: 32M
[2025-08-01T14:46:45.196+0000] GC(368) NMethods: 1415 registered, 180 unregistered
[2025-08-01T14:46:45.196+0000] GC(368) Metaspace: 10M used, 10M committed, 1088M reserved
[2025-08-01T14:46:45.196+0000] GC(368) Soft: 228 encountered, 0 discovered, 0 enqueued
[2025-08-01T14:46:45.196+0000] GC(368) Weak: 934 encountered, 677 discovered, 0 enqueued
[2025-08-01T14:46:45.196+0000] GC(368) Final: 0 encountered, 0 discovered, 0 enqueued
[2025-08-01T14:46:45.196+0000] GC(368) Phantom: 3 encountered, 1 discovered, 0 enqueued
[2025-08-01T14:46:45.196+0000] GC(368) Small Pages: 1500 / 3000M, Empty: 2554M, Relocated: 4M, In-Place: 0
[2025-08-01T14:46:45.196+0000] GC(368) Medium Pages: 1 / 32M, Empty: 0M, Relocated: 0M, In-Place: 0
[2025-08-01T14:46:45.196+0000] GC(368) Large Pages: 0 / 0M, Empty: 0M, Relocated: 0M, In-Place: 0
[2025-08-01T14:46:45.196+0000] GC(368) Forwarding Usage: 0M
[2025-08-01T14:46:45.196+0000] GC(368) Min Capacity: 4096M(100%)
[2025-08-01T14:46:45.196+0000] GC(368) Max Capacity: 4096M(100%)
[2025-08-01T14:46:45.196+0000] GC(368) Soft Max Capacity: 4096M(100%)
[2025-08-01T14:46:45.196+0000] GC(368)                Mark Start          Mark End        Relocate Start      Relocate End           High               Low         
[2025-08-01T14:46:45.196+0000] GC(368)  Capacity:     4096M (100%)       4096M (100%)       4096M (100%)       4096M (100%)       4096M (100%)       4096M (100%)   
[2025-08-01T14:46:45.196+0000] GC(368)      Free:     1064M (26%)         596M (15%)        3110M (76%)        3112M (76%)        3116M (76%)         574M (14%)    
[2025-08-01T14:46:45.196+0000] GC(368)      Used:     3032M (74%)        3500M (85%)         986M (24%)         984M (24%)        3522M (86%)         980M (24%)    
[2025-08-01T14:46:45.196+0000] GC(368)      Live:         -               429M (10%)         429M (10%)         429M (10%)            -                  -          
[2025-08-01T14:46:45.196+0000] GC(368) Allocated:         -               468M (11%)         508M (12%)         514M (13%)            -                  -          
[2025-08-01T14:46:45.197+0000] GC(368)   Garbage:         -              2602M (64%)          48M (1%)           40M (1%)             -                  -          
[2025-08-01T14:46:45.197+0000] GC(368) Reclaimed:         -                  -              2554M (62%)        2562M (63%)            -                  -          
[2025-08-01T14:46:45.197+0000] GC(368) Garbage Collection (Allocation Rate) 3032M(74%)->984M(24%)
[2025-08-01T14:46:45.493+0000] GC(369) Heap before GC invocations=369 (full 369):
[2025-08-01T14:46:45.493+0000] GC(369)  ZHeap           used 2496M, capacity 4096M, max capacity 4096M
[2025-08-01T14:46:45.493+0000] GC(369)  Metaspace       used 10643K, committed 10880K, reserved 1114112K
[2025-08-01T14:46:45.493+0000] GC(369)   class space    used 1265K, committed 1344K, reserved 1048576K
[2025-08-01T14:46:45.493+0000] GC(369) Garbage Collection (Allocation Rate)
[2025-08-01T14:46:45.493+0000] GC(369) Using 2 workers
[2025-08-01T14:46:45.493+0000] GC(369) Pause Mark Start 0.016ms
[2025-08-01T14:46:45.592+0000] GC(369) Concurrent Mark 98.220ms
[2025-08-01T14:46:45.592+0000] GC(369) Pause Mark End 0.020ms
[2025-08-01T14:46:45.592+0000] GC(369) Concurrent Mark Free 0.003ms
[2025-08-01T14:46:45.596+0000] GC(369) Concurrent Process Non-Strong References 3.880ms
[2025-08-01T14:46:45.596+0000] GC(369) Concurrent Reset Relocation Set 0.002ms
[2025-08-01T14:46:45.600+0000] GC(369) Concurrent Select Relocation Set 3.498ms
[2025-08-01T14:46:45.600+0000] GC(369) Pause Relocate Start 0.015ms
[2025-08-01T14:46:45.605+0000] GC(369) Concurrent Relocate 4.361ms
[2025-08-01T14:46:45.605+0000] GC(369) Heap after GC invocations=370 (full 370):
[2025-08-01T14:46:45.605+0000] GC(369)  ZHeap           used 1028M, capacity 4096M, max capacity 4096M
[2025-08-01T14:46:45.605+0000] GC(369)  Metaspace       used 10643K, committed 10880K, reserved 1114112K
[2025-08-01T14:46:45.605+0000] GC(369)   class space    used 1265K, committed 1344K, reserved 1048576K
[2025-08-01T14:46:45.605+0000] GC(369) Load: 2.15/1.00/0.44
[2025-08-01T14:46:45.605+0000] GC(369) MMU: 2ms/90.0%, 5ms/96.0%, 10ms/97.9%, 20ms/98.9%, 50ms/99.6%, 100ms/99.8%
[2025-08-01T14:46:45.605+0000] GC(369) Mark: 2 stripe(s), 2 proactive flush(es), 1 terminate flush(es), 0 completion(s), 0 continuation(s) 
[2025-08-01T14:46:45.605+0000] GC(369) Mark Stack Usage: 32M
[2025-08-01T14:46:45.605+0000] GC(369) NMethods: 1415 registered, 180 unregistered
[2025-08-01T14:46:45.605+0000] GC(369) Metaspace: 10M used, 10M committed, 1088M reserved
[2025-08-01T14:46:45.605+0000] GC(369) Soft: 228 encountered, 0 discovered, 0 enqueued
[2025-08-01T14:46:45.605+0000] GC(369) Weak: 934 encountered, 654 discovered, 0 enqueued
[2025-08-01T14:46:45.605+0000] GC(369) Final: 0 encountered, 0 discovered, 0 enqueued
[2025-08-01T14:46:45.605+0000] GC(369) Phantom: 3 encountered, 1 discovered, 0 enqueued
[2025-08-01T14:46:45.605+0000] GC(369) Small Pages: 1232 / 2464M, Empty: 2040M, Relocated: 13M, In-Place: 0
[2025-08-01T14:46:45.605+0000] GC(369) Medium Pages: 1 / 32M, Empty: 0M, Relocated: 0M, In-Place: 0
[2025-08-01T14:46:45.605+0000] GC(369) Large Pages: 0 / 0M, Empty: 0M, Relocated: 0M, In-Place: 0
[2025-08-01T14:46:45.605+0000] GC(369) Forwarding Usage: 0M
[2025-08-01T14:46:45.605+0000] GC(369) Min Capacity: 4096M(100%)
[2025-08-01T14:46:45.605+0000] GC(369) Max Capacity: 4096M(100%)
[2025-08-01T14:46:45.605+0000] GC(369) Soft Max Capacity: 4096M(100%)
[2025-08-01T14:46:45.605+0000] GC(369)                Mark Start          Mark End        Relocate Start      Relocate End           High               Low         
[2025-08-01T14:46:45.605+0000] GC(369)  Capacity:     4096M (100%)       4096M (100%)       4096M (100%)       4096M (100%)       4096M (100%)       4096M (100%)   
[2025-08-01T14:46:45.605+0000] GC(369)      Free:     1600M (39%)        1072M (26%)        3060M (75%)        3070M (75%)        3074M (75%)        1046M (26%)    
[2025-08-01T14:46:45.605+0000] GC(369)      Used:     2496M (61%)        3024M (74%)        1036M (25%)        1026M (25%)        3050M (74%)        1022M (25%)    
[2025-08-01T14:46:45.605+0000] GC(369)      Live:         -               386M (9%)          386M (9%)          386M (9%)             -                  -          
[2025-08-01T14:46:45.605+0000] GC(369) Allocated:         -               528M (13%)         580M (14%)         596M (15%)            -                  -          
[2025-08-01T14:46:45.605+0000] GC(369)   Garbage:         -              2109M (52%)          69M (2%)           43M (1%)             -                  -          
[2025-08-01T14:46:45.605+0000] GC(369) Reclaimed:         -                  -              2040M (50%)        2066M (50%)            -                  -          
[2025-08-01T14:46:45.605+0000] GC(369) Garbage Collection (Allocation Rate) 2496M(61%)->1026M(25%)
[2025-08-01T14:46:45.993+0000] GC(370) Heap before GC invocations=370 (full 370):
[2025-08-01T14:46:45.993+0000] GC(370)  ZHeap           used 3018M, capacity 4096M, max capacity 4096M
[2025-08-01T14:46:45.993+0000] GC(370)  Metaspace       used 10643K, committed 10880K, reserved 1114112K
[2025-08-01T14:46:45.993+0000] GC(370)   class space    used 1265K, committed 1344K, reserved 1048576K
[2025-08-01T14:46:45.993+0000] GC(370) Garbage Collection (Allocation Rate)
[2025-08-01T14:46:45.993+0000] GC(370) Using 2 workers
[2025-08-01T14:46:45.994+0000] GC(370) Pause Mark Start 0.015ms
[2025-08-01T14:46:46.134+0000] GC(370) Concurrent Mark 140.242ms
[2025-08-01T14:46:46.135+0000] GC(370) Pause Mark End 0.014ms
[2025-08-01T14:46:46.135+0000] GC(370) Concurrent Mark Free 0.001ms
[2025-08-01T14:46:46.139+0000] GC(370) Concurrent Process Non-Strong References 3.828ms
[2025-08-01T14:46:46.139+0000] GC(370) Concurrent Reset Relocation Set 0.005ms
[2025-08-01T14:46:46.143+0000] GC(370) Concurrent Select Relocation Set 4.146ms
[2025-08-01T14:46:46.144+0000] GC(370) Pause Relocate Start 0.013ms
[2025-08-01T14:46:46.145+0000] GC(370) Concurrent Relocate 1.027ms
[2025-08-01T14:46:46.145+0000] GC(370) Heap after GC invocations=371 (full 371):
[2025-08-01T14:46:46.145+0000] GC(370)  ZHeap           used 1402M, capacity 4096M, max capacity 4096M
[2025-08-01T14:46:46.145+0000] GC(370)  Metaspace       used 10643K, committed 10880K, reserved 1114112K
[2025-08-01T14:46:46.145+0000] GC(370)   class space    used 1265K, committed 1344K, reserved 1048576K
[2025-08-01T14:46:46.145+0000] GC(370) Load: 2.15/1.00/0.44
[2025-08-01T14:46:46.145+0000] GC(370) MMU: 2ms/90.0%, 5ms/96.0%, 10ms/97.9%, 20ms/98.9%, 50ms/99.6%, 100ms/99.8%
[2025-08-01T14:46:46.145+0000] GC(370) Mark: 2 stripe(s), 2 proactive flush(es), 1 terminate flush(es), 0 completion(s), 0 continuation(s) 
[2025-08-01T14:46:46.145+0000] GC(370) Mark Stack Usage: 32M
[2025-08-01T14:46:46.145+0000] GC(370) NMethods: 1415 registered, 180 unregistered
[2025-08-01T14:46:46.145+0000] GC(370) Metaspace: 10M used, 10M committed, 1088M reserved
[2025-08-01T14:46:46.145+0000] GC(370) Soft: 228 encountered, 0 discovered, 0 enqueued
[2025-08-01T14:46:46.145+0000] GC(370) Weak: 934 encountered, 702 discovered, 0 enqueued
[2025-08-01T14:46:46.145+0000] GC(370) Final: 0 encountered, 0 discovered, 0 enqueued
[2025-08-01T14:46:46.145+0000] GC(370) Phantom: 3 encountered, 1 discovered, 0 enqueued
[2025-08-01T14:46:46.145+0000] GC(370) Small Pages: 1493 / 2986M, Empty: 2372M, Relocated: 3M, In-Place: 0
[2025-08-01T14:46:46.145+0000] GC(370) Medium Pages: 1 / 32M, Empty: 0M, Relocated: 0M, In-Place: 0
[2025-08-01T14:46:46.145+0000] GC(370) Large Pages: 0 / 0M, Empty: 0M, Relocated: 0M, In-Place: 0
[2025-08-01T14:46:46.145+0000] GC(370) Forwarding Usage: 0M
[2025-08-01T14:46:46.145+0000] GC(370) Min Capacity: 4096M(100%)
[2025-08-01T14:46:46.145+0000] GC(370) Max Capacity: 4096M(100%)
[2025-08-01T14:46:46.145+0000] GC(370) Soft Max Capacity: 4096M(100%)
[2025-08-01T14:46:46.145+0000] GC(370)                Mark Start          Mark End        Relocate Start      Relocate End           High               Low         
[2025-08-01T14:46:46.145+0000] GC(370)  Capacity:     4096M (100%)       4096M (100%)       4096M (100%)       4096M (100%)       4096M (100%)       4096M (100%)   
[2025-08-01T14:46:46.145+0000] GC(370)      Free:     1078M (26%)         378M (9%)         2690M (66%)        2694M (66%)        2696M (66%)         348M (8%)     
[2025-08-01T14:46:46.145+0000] GC(370)      Used:     3018M (74%)        3718M (91%)        1406M (34%)        1402M (34%)        3748M (92%)        1400M (34%)    
[2025-08-01T14:46:46.145+0000] GC(370)      Live:         -               593M (14%)         593M (14%)         593M (14%)            -                  -          
[2025-08-01T14:46:46.145+0000] GC(370) Allocated:         -               700M (17%)         760M (19%)         766M (19%)            -                  -          
[2025-08-01T14:46:46.145+0000] GC(370)   Garbage:         -              2424M (59%)          52M (1%)           42M (1%)             -                  -          
[2025-08-01T14:46:46.145+0000] GC(370) Reclaimed:         -                  -              2372M (58%)        2382M (58%)            -                  -          
[2025-08-01T14:46:46.145+0000] GC(370) Garbage Collection (Allocation Rate) 3018M(74%)->1402M(34%)
[2025-08-01T14:46:46.393+0000] GC(371) Heap before GC invocations=371 (full 371):
[2025-08-01T14:46:46.393+0000] GC(371)  ZHeap           used 2652M, capacity 4096M, max capacity 4096M
[2025-08-01T14:46:46.393+0000] GC(371)  Metaspace       used 10643K, committed 10880K, reserved 1114112K
[2025-08-01T14:46:46.393+0000] GC(371)   class space    used 1265K, committed 1344K, reserved 1048576K
[2025-08-01T14:46:46.393+0000] GC(371) Garbage Collection (Allocation Rate)
[2025-08-01T14:46:46.393+0000] GC(371) Using 2 workers
[2025-08-01T14:46:46.393+0000] GC(371) Pause Mark Start 0.010ms
[2025-08-01T14:46:46.532+0000] GC(371) Concurrent Mark 138.093ms
[2025-08-01T14:46:46.532+0000] GC(371) Pause Mark End 0.021ms
[2025-08-01T14:46:46.532+0000] GC(371) Concurrent Mark Free 0.003ms
[2025-08-01T14:46:46.536+0000] GC(371) Concurrent Process Non-Strong References 3.432ms
[2025-08-01T14:46:46.536+0000] GC(371) Concurrent Reset Relocation Set 0.002ms
[2025-08-01T14:46:46.539+0000] GC(371) Concurrent Select Relocation Set 3.263ms
[2025-08-01T14:46:46.539+0000] GC(371) Pause Relocate Start 0.014ms
[2025-08-01T14:46:46.541+0000] GC(371) Concurrent Relocate 1.456ms
[2025-08-01T14:46:46.541+0000] GC(371) Heap after GC invocations=372 (full 372):
[2025-08-01T14:46:46.541+0000] GC(371)  ZHeap           used 1398M, capacity 4096M, max capacity 4096M
[2025-08-01T14:46:46.541+0000] GC(371)  Metaspace       used 10643K, committed 10880K, reserved 1114112K
[2025-08-01T14:46:46.541+0000] GC(371)   class space    used 1265K, committed 1344K, reserved 1048576K
[2025-08-01T14:46:46.541+0000] GC(371) Load: 2.30/1.05/0.46
[2025-08-01T14:46:46.541+0000] GC(371) MMU: 2ms/90.0%, 5ms/96.0%, 10ms/97.9%, 20ms/98.9%, 50ms/99.6%, 100ms/99.8%
[2025-08-01T14:46:46.541+0000] GC(371) Mark: 2 stripe(s), 2 proactive flush(es), 1 terminate flush(es), 0 completion(s), 0 continuation(s) 
[2025-08-01T14:46:46.541+0000] GC(371) Mark Stack Usage: 32M
[2025-08-01T14:46:46.541+0000] GC(371) NMethods: 1415 registered, 180 unregistered
[2025-08-01T14:46:46.541+0000] GC(371) Metaspace: 10M used, 10M committed, 1088M reserved
[2025-08-01T14:46:46.541+0000] GC(371) Soft: 228 encountered, 0 discovered, 0 enqueued
[2025-08-01T14:46:46.541+0000] GC(371) Weak: 934 encountered, 704 discovered, 0 enqueued
[2025-08-01T14:46:46.541+0000] GC(371) Final: 0 encountered, 0 discovered, 0 enqueued
[2025-08-01T14:46:46.541+0000] GC(371) Phantom: 3 encountered, 1 discovered, 0 enqueued
[2025-08-01T14:46:46.541+0000] GC(371) Small Pages: 1310 / 2620M, Empty: 2008M, Relocated: 4M, In-Place: 0
[2025-08-01T14:46:46.541+0000] GC(371) Medium Pages: 1 / 32M, Empty: 0M, Relocated: 0M, In-Place: 0
[2025-08-01T14:46:46.541+0000] GC(371) Large Pages: 0 / 0M, Empty: 0M, Relocated: 0M, In-Place: 0
[2025-08-01T14:46:46.541+0000] GC(371) Forwarding Usage: 0M
[2025-08-01T14:46:46.541+0000] GC(371) Min Capacity: 4096M(100%)
[2025-08-01T14:46:46.541+0000] GC(371) Max Capacity: 4096M(100%)
[2025-08-01T14:46:46.541+0000] GC(371) Soft Max Capacity: 4096M(100%)
[2025-08-01T14:46:46.541+0000] GC(371)                Mark Start          Mark End        Relocate Start      Relocate End           High               Low         
[2025-08-01T14:46:46.541+0000] GC(371)  Capacity:     4096M (100%)       4096M (100%)       4096M (100%)       4096M (100%)       4096M (100%)       4096M (100%)   
[2025-08-01T14:46:46.541+0000] GC(371)      Free:     1444M (35%)         706M (17%)        2690M (66%)        2698M (66%)        2698M (66%)         698M (17%)    
[2025-08-01T14:46:46.541+0000] GC(371)      Used:     2652M (65%)        3390M (83%)        1406M (34%)        1398M (34%)        3398M (83%)        1398M (34%)    
[2025-08-01T14:46:46.541+0000] GC(371)      Live:         -               589M (14%)         589M (14%)         589M (14%)            -                  -          
[2025-08-01T14:46:46.541+0000] GC(371) Allocated:         -               738M (18%)         762M (19%)         768M (19%)            -                  -          
[2025-08-01T14:46:46.541+0000] GC(371)   Garbage:         -              2062M (50%)          54M (1%)           40M (1%)             -                  -          
[2025-08-01T14:46:46.541+0000] GC(371) Reclaimed:         -                  -              2008M (49%)        2022M (49%)            -                  -          
[2025-08-01T14:46:46.541+0000] GC(371) Garbage Collection (Allocation Rate) 2652M(65%)->1398M(34%)
[2025-08-01T14:46:46.793+0000] GC(372) Heap before GC invocations=372 (full 372):
[2025-08-01T14:46:46.793+0000] GC(372)  ZHeap           used 2682M, capacity 4096M, max capacity 4096M
[2025-08-01T14:46:46.793+0000] GC(372)  Metaspace       used 10643K, committed 10880K, reserved 1114112K
[2025-08-01T14:46:46.793+0000] GC(372)   class space    used 1265K, committed 1344K, reserved 1048576K
[2025-08-01T14:46:46.793+0000] GC(372) Garbage Collection (Allocation Rate)
[2025-08-01T14:46:46.793+0000] GC(372) Using 2 workers
[2025-08-01T14:46:46.794+0000] GC(372) Pause Mark Start 0.023ms
[2025-08-01T14:46:46.930+0000] GC(372) Concurrent Mark 135.813ms
[2025-08-01T14:46:46.930+0000] GC(372) Pause Mark End 0.020ms
[2025-08-01T14:46:46.930+0000] GC(372) Concurrent Mark Free 0.001ms
[2025-08-01T14:46:46.933+0000] GC(372) Concurrent Process Non-Strong References 3.001ms
[2025-08-01T14:46:46.933+0000] GC(372) Concurrent Reset Relocation Set 0.003ms
[2025-08-01T14:46:46.937+0000] GC(372) Concurrent Select Relocation Set 3.162ms
[2025-08-01T14:46:46.937+0000] GC(372) Pause Relocate Start 0.009ms
[2025-08-01T14:46:46.938+0000] GC(372) Concurrent Relocate 1.576ms
[2025-08-01T14:46:46.939+0000] GC(372) Heap after GC invocations=373 (full 373):
[2025-08-01T14:46:46.939+0000] GC(372)  ZHeap           used 1300M, capacity 4096M, max capacity 4096M
[2025-08-01T14:46:46.939+0000] GC(372)  Metaspace       used 10643K, committed 10880K, reserved 1114112K
[2025-08-01T14:46:46.939+0000] GC(372)   class space    used 1265K, committed 1344K, reserved 1048576K
[2025-08-01T14:46:46.939+0000] GC(372) Load: 2.30/1.05/0.46
[2025-08-01T14:46:46.939+0000] GC(372) MMU: 2ms/90.0%, 5ms/96.0%, 10ms/97.9%, 20ms/98.9%, 50ms/99.6%, 100ms/99.8%
[2025-08-01T14:46:46.939+0000] GC(372) Mark: 2 stripe(s), 6 proactive flush(es), 1 terminate flush(es), 0 completion(s), 0 continuation(s) 
[2025-08-01T14:46:46.939+0000] GC(372) Mark Stack Usage: 32M
[2025-08-01T14:46:46.939+0000] GC(372) NMethods: 1415 registered, 180 unregistered
[2025-08-01T14:46:46.939+0000] GC(372) Metaspace: 10M used, 10M committed, 1088M reserved
[2025-08-01T14:46:46.939+0000] GC(372) Soft: 228 encountered, 0 discovered, 0 enqueued
[2025-08-01T14:46:46.939+0000] GC(372) Weak: 934 encountered, 702 discovered, 0 enqueued
[2025-08-01T14:46:46.939+0000] GC(372) Final: 0 encountered, 0 discovered, 0 enqueued
[2025-08-01T14:46:46.939+0000] GC(372) Phantom: 3 encountered, 1 discovered, 0 enqueued
[2025-08-01T14:46:46.939+0000] GC(372) Small Pages: 1326 / 2652M, Empty: 2078M, Relocated: 6M, In-Place: 0
[2025-08-01T14:46:46.939+0000] GC(372) Medium Pages: 1 / 32M, Empty: 0M, Relocated: 0M, In-Place: 0
[2025-08-01T14:46:46.939+0000] GC(372) Large Pages: 0 / 0M, Empty: 0M, Relocated: 0M, In-Place: 0
[2025-08-01T14:46:46.939+0000] GC(372) Forwarding Usage: 0M
[2025-08-01T14:46:46.939+0000] GC(372) Min Capacity: 4096M(100%)
[2025-08-01T14:46:46.939+0000] GC(372) Max Capacity: 4096M(100%)
[2025-08-01T14:46:46.939+0000] GC(372) Soft Max Capacity: 4096M(100%)
[2025-08-01T14:46:46.939+0000] GC(372)                Mark Start          Mark End        Relocate Start      Relocate End           High               Low         
[2025-08-01T14:46:46.939+0000] GC(372)  Capacity:     4096M (100%)       4096M (100%)       4096M (100%)       4096M (100%)       4096M (100%)       4096M (100%)   
[2025-08-01T14:46:46.939+0000] GC(372)      Free:     1412M (34%)         700M (17%)        2778M (68%)        2796M (68%)        2796M (68%)         700M (17%)    
[2025-08-01T14:46:46.939+0000] GC(372)      Used:     2684M (66%)        3396M (83%)        1318M (32%)        1300M (32%)        3396M (83%)        1300M (32%)    
[2025-08-01T14:46:46.939+0000] GC(372)      Live:         -               543M (13%)         543M (13%)         543M (13%)            -                  -          
[2025-08-01T14:46:46.939+0000] GC(372) Allocated:         -               712M (17%)         712M (17%)         712M (17%)            -                  -          
[2025-08-01T14:46:46.939+0000] GC(372)   Garbage:         -              2140M (52%)          62M (2%)           44M (1%)             -                  -          
[2025-08-01T14:46:46.939+0000] GC(372) Reclaimed:         -                  -              2078M (51%)        2096M (51%)            -                  -          
[2025-08-01T14:46:46.939+0000] GC(372) Garbage Collection (Allocation Rate) 2684M(66%)->1300M(32%)
[2025-08-01T14:46:47.293+0000] GC(373) Heap before GC invocations=373 (full 373):
[2025-08-01T14:46:47.293+0000] GC(373)  ZHeap           used 3160M, capacity 4096M, max capacity 4096M
[2025-08-01T14:46:47.293+0000] GC(373)  Metaspace       used 10643K, committed 10880K, reserved 1114112K
[2025-08-01T14:46:47.293+0000] GC(373)   class space    used 1265K, committed 1344K, reserved 1048576K
[2025-08-01T14:46:47.293+0000] GC(373) Garbage Collection (Allocation Rate)
[2025-08-01T14:46:47.293+0000] GC(373) Using 2 workers
[2025-08-01T14:46:47.294+0000] GC(373) Pause Mark Start 0.065ms
[2025-08-01T14:46:47.434+0000] GC(373) Concurrent Mark 140.246ms
[2025-08-01T14:46:47.435+0000] GC(373) Pause Mark End 0.015ms
[2025-08-01T14:46:47.435+0000] GC(373) Concurrent Mark Free 0.001ms
[2025-08-01T14:46:47.438+0000] GC(373) Concurrent Process Non-Strong References 2.820ms
[2025-08-01T14:46:47.438+0000] GC(373) Concurrent Reset Relocation Set 0.002ms
[2025-08-01T14:46:47.443+0000] GC(373) Concurrent Select Relocation Set 5.691ms
[2025-08-01T14:46:47.444+0000] GC(373) Pause Relocate Start 0.089ms
[2025-08-01T14:46:47.445+0000] GC(373) Concurrent Relocate 0.956ms
[2025-08-01T14:46:47.445+0000] GC(373) Heap after GC invocations=374 (full 374):
[2025-08-01T14:46:47.445+0000] GC(373)  ZHeap           used 918M, capacity 4096M, max capacity 4096M
[2025-08-01T14:46:47.445+0000] GC(373)  Metaspace       used 10643K, committed 10880K, reserved 1114112K
[2025-08-01T14:46:47.445+0000] GC(373)   class space    used 1265K, committed 1344K, reserved 1048576K
[2025-08-01T14:46:47.445+0000] GC(373) Load: 2.30/1.05/0.46
[2025-08-01T14:46:47.445+0000] GC(373) MMU: 2ms/90.0%, 5ms/96.0%, 10ms/97.9%, 20ms/98.9%, 50ms/99.6%, 100ms/99.8%
[2025-08-01T14:46:47.445+0000] GC(373) Mark: 2 stripe(s), 2 proactive flush(es), 1 terminate flush(es), 0 completion(s), 0 continuation(s) 
[2025-08-01T14:46:47.445+0000] GC(373) Mark Stack Usage: 32M
[2025-08-01T14:46:47.445+0000] GC(373) NMethods: 1415 registered, 180 unregistered
[2025-08-01T14:46:47.445+0000] GC(373) Metaspace: 10M used, 10M committed, 1088M reserved
[2025-08-01T14:46:47.445+0000] GC(373) Soft: 228 encountered, 0 discovered, 0 enqueued
[2025-08-01T14:46:47.445+0000] GC(373) Weak: 934 encountered, 703 discovered, 0 enqueued
[2025-08-01T14:46:47.445+0000] GC(373) Final: 0 encountered, 0 discovered, 0 enqueued
[2025-08-01T14:46:47.445+0000] GC(373) Phantom: 3 encountered, 1 discovered, 0 enqueued
[2025-08-01T14:46:47.445+0000] GC(373) Small Pages: 1565 / 3130M, Empty: 2778M, Relocated: 1M, In-Place: 0
[2025-08-01T14:46:47.445+0000] GC(373) Medium Pages: 1 / 32M, Empty: 0M, Relocated: 0M, In-Place: 0
[2025-08-01T14:46:47.445+0000] GC(373) Large Pages: 0 / 0M, Empty: 0M, Relocated: 0M, In-Place: 0
[2025-08-01T14:46:47.445+0000] GC(373) Forwarding Usage: 0M
[2025-08-01T14:46:47.445+0000] GC(373) Min Capacity: 4096M(100%)
[2025-08-01T14:46:47.445+0000] GC(373) Max Capacity: 4096M(100%)
[2025-08-01T14:46:47.445+0000] GC(373) Soft Max Capacity: 4096M(100%)
[2025-08-01T14:46:47.445+0000] GC(373)                Mark Start          Mark End        Relocate Start      Relocate End           High               Low         
[2025-08-01T14:46:47.445+0000] GC(373)  Capacity:     4096M (100%)       4096M (100%)       4096M (100%)       4096M (100%)       4096M (100%)       4096M (100%)   
[2025-08-01T14:46:47.446+0000] GC(373)      Free:      934M (23%)         410M (10%)        3176M (78%)        3178M (78%)        3180M (78%)         402M (10%)    
[2025-08-01T14:46:47.446+0000] GC(373)      Used:     3162M (77%)        3686M (90%)         920M (22%)         918M (22%)        3694M (90%)         916M (22%)    
[2025-08-01T14:46:47.446+0000] GC(373)      Live:         -               338M (8%)          338M (8%)          338M (8%)             -                  -          
[2025-08-01T14:46:47.446+0000] GC(373) Allocated:         -               524M (13%)         536M (13%)         538M (13%)            -                  -          
[2025-08-01T14:46:47.446+0000] GC(373)   Garbage:         -              2823M (69%)          45M (1%)           41M (1%)             -                  -          
[2025-08-01T14:46:47.446+0000] GC(373) Reclaimed:         -                  -              2778M (68%)        2782M (68%)            -                  -          
[2025-08-01T14:46:47.446+0000] GC(373) Garbage Collection (Allocation Rate) 3162M(77%)->918M(22%)
[2025-08-01T14:46:47.794+0000] GC(374) Heap before GC invocations=374 (full 374):
[2025-08-01T14:46:47.794+0000] GC(374)  ZHeap           used 2608M, capacity 4096M, max capacity 4096M
[2025-08-01T14:46:47.794+0000] GC(374)  Metaspace       used 10643K, committed 10880K, reserved 1114112K
[2025-08-01T14:46:47.794+0000] GC(374)   class space    used 1265K, committed 1344K, reserved 1048576K
[2025-08-01T14:46:47.794+0000] GC(374) Garbage Collection (Allocation Rate)
[2025-08-01T14:46:47.794+0000] GC(374) Using 2 workers
[2025-08-01T14:46:47.794+0000] GC(374) Pause Mark Start 0.014ms
[2025-08-01T14:46:47.981+0000] GC(374) Concurrent Mark 186.120ms
[2025-08-01T14:46:47.981+0000] GC(374) Pause Mark End 0.030ms
[2025-08-01T14:46:47.981+0000] GC(374) Concurrent Mark Free 0.001ms
[2025-08-01T14:46:47.984+0000] GC(374) Concurrent Process Non-Strong References 2.828ms
[2025-08-01T14:46:47.984+0000] GC(374) Concurrent Reset Relocation Set 0.002ms
[2025-08-01T14:46:47.988+0000] GC(374) Concurrent Select Relocation Set 3.811ms
[2025-08-01T14:46:47.988+0000] GC(374) Pause Relocate Start 0.017ms
[2025-08-01T14:46:47.989+0000] GC(374) Concurrent Relocate 0.810ms
[2025-08-01T14:46:47.990+0000] GC(374) Heap after GC invocations=375 (full 375):
[2025-08-01T14:46:47.990+0000] GC(374)  ZHeap           used 1580M, capacity 4096M, max capacity 4096M
[2025-08-01T14:46:47.990+0000] GC(374)  Metaspace       used 10643K, committed 10880K, reserved 1114112K
[2025-08-01T14:46:47.990+0000] GC(374)   class space    used 1265K, committed 1344K, reserved 1048576K
[2025-08-01T14:46:47.990+0000] GC(374) Load: 2.30/1.05/0.46
[2025-08-01T14:46:47.990+0000] GC(374) MMU: 2ms/90.0%, 5ms/96.0%, 10ms/97.9%, 20ms/98.9%, 50ms/99.6%, 100ms/99.8%
[2025-08-01T14:46:47.990+0000] GC(374) Mark: 2 stripe(s), 2 proactive flush(es), 1 terminate flush(es), 0 completion(s), 0 continuation(s) 
[2025-08-01T14:46:47.990+0000] GC(374) Mark Stack Usage: 32M
[2025-08-01T14:46:47.990+0000] GC(374) NMethods: 1415 registered, 180 unregistered
[2025-08-01T14:46:47.990+0000] GC(374) Metaspace: 10M used, 10M committed, 1088M reserved
[2025-08-01T14:46:47.990+0000] GC(374) Soft: 228 encountered, 0 discovered, 0 enqueued
[2025-08-01T14:46:47.990+0000] GC(374) Weak: 934 encountered, 674 discovered, 0 enqueued
[2025-08-01T14:46:47.990+0000] GC(374) Final: 0 encountered, 0 discovered, 0 enqueued
[2025-08-01T14:46:47.990+0000] GC(374) Phantom: 3 encountered, 2 discovered, 0 enqueued
[2025-08-01T14:46:47.990+0000] GC(374) Small Pages: 1289 / 2578M, Empty: 1936M, Relocated: 1M, In-Place: 0
[2025-08-01T14:46:47.990+0000] GC(374) Medium Pages: 1 / 32M, Empty: 0M, Relocated: 0M, In-Place: 0
[2025-08-01T14:46:47.990+0000] GC(374) Large Pages: 0 / 0M, Empty: 0M, Relocated: 0M, In-Place: 0
[2025-08-01T14:46:47.990+0000] GC(374) Forwarding Usage: 0M
[2025-08-01T14:46:47.990+0000] GC(374) Min Capacity: 4096M(100%)
[2025-08-01T14:46:47.990+0000] GC(374) Max Capacity: 4096M(100%)
[2025-08-01T14:46:47.990+0000] GC(374) Soft Max Capacity: 4096M(100%)
[2025-08-01T14:46:47.990+0000] GC(374)                Mark Start          Mark End        Relocate Start      Relocate End           High               Low         
[2025-08-01T14:46:47.990+0000] GC(374)  Capacity:     4096M (100%)       4096M (100%)       4096M (100%)       4096M (100%)       4096M (100%)       4096M (100%)   
[2025-08-01T14:46:47.990+0000] GC(374)      Free:     1486M (36%)         626M (15%)        2514M (61%)        2518M (61%)        2526M (62%)         608M (15%)    
[2025-08-01T14:46:47.990+0000] GC(374)      Used:     2610M (64%)        3470M (85%)        1582M (39%)        1578M (39%)        3488M (85%)        1570M (38%)    
[2025-08-01T14:46:47.990+0000] GC(374)      Live:         -               622M (15%)         622M (15%)         622M (15%)            -                  -          
[2025-08-01T14:46:47.990+0000] GC(374) Allocated:         -               860M (21%)         908M (22%)         912M (22%)            -                  -          
[2025-08-01T14:46:47.990+0000] GC(374)   Garbage:         -              1987M (49%)          51M (1%)           43M (1%)             -                  -          
[2025-08-01T14:46:47.990+0000] GC(374) Reclaimed:         -                  -              1936M (47%)        1944M (47%)            -                  -          
[2025-08-01T14:46:47.990+0000] GC(374) Garbage Collection (Allocation Rate) 2610M(64%)->1578M(39%)
[2025-08-01T14:46:48.095+0000] GC(375) Heap before GC invocations=375 (full 375):
[2025-08-01T14:46:48.095+0000] GC(375)  ZHeap           used 2100M, capacity 4096M, max capacity 4096M
[2025-08-01T14:46:48.095+0000] GC(375)  Metaspace       used 10643K, committed 10880K, reserved 1114112K
[2025-08-01T14:46:48.095+0000] GC(375)   class space    used 1265K, committed 1344K, reserved 1048576K
[2025-08-01T14:46:48.095+0000] GC(375) Garbage Collection (Allocation Rate)
[2025-08-01T14:46:48.095+0000] GC(375) Using 2 workers
[2025-08-01T14:46:48.095+0000] GC(375) Pause Mark Start 0.009ms
[2025-08-01T14:46:48.194+0000] GC(375) Concurrent Mark 98.504ms
[2025-08-01T14:46:48.194+0000] GC(375) Pause Mark End 0.012ms
[2025-08-01T14:46:48.194+0000] GC(375) Concurrent Mark Free 0.001ms
[2025-08-01T14:46:48.197+0000] GC(375) Concurrent Process Non-Strong References 2.545ms
[2025-08-01T14:46:48.197+0000] GC(375) Concurrent Reset Relocation Set 0.001ms
[2025-08-01T14:46:48.199+0000] GC(375) Concurrent Select Relocation Set 1.955ms
[2025-08-01T14:46:48.199+0000] GC(375) Pause Relocate Start 0.008ms
[2025-08-01T14:46:48.201+0000] GC(375) Concurrent Relocate 2.024ms
[2025-08-01T14:46:48.201+0000] GC(375) Heap after GC invocations=376 (full 376):
[2025-08-01T14:46:48.201+0000] GC(375)  ZHeap           used 990M, capacity 4096M, max capacity 4096M
[2025-08-01T14:46:48.201+0000] GC(375)  Metaspace       used 10643K, committed 10880K, reserved 1114112K
[2025-08-01T14:46:48.201+0000] GC(375)   class space    used 1265K, committed 1344K, reserved 1048576K
[2025-08-01T14:46:48.201+0000] GC(375) Load: 2.30/1.05/0.46
[2025-08-01T14:46:48.201+0000] GC(375) MMU: 2ms/90.0%, 5ms/96.0%, 10ms/97.9%, 20ms/98.9%, 50ms/99.6%, 100ms/99.8%
[2025-08-01T14:46:48.201+0000] GC(375) Mark: 2 stripe(s), 2 proactive flush(es), 1 terminate flush(es), 0 completion(s), 0 continuation(s) 
[2025-08-01T14:46:48.201+0000] GC(375) Mark Stack Usage: 32M
[2025-08-01T14:46:48.201+0000] GC(375) NMethods: 1415 registered, 180 unregistered
[2025-08-01T14:46:48.201+0000] GC(375) Metaspace: 10M used, 10M committed, 1088M reserved
[2025-08-01T14:46:48.201+0000] GC(375) Soft: 228 encountered, 0 discovered, 0 enqueued
[2025-08-01T14:46:48.201+0000] GC(375) Weak: 934 encountered, 724 discovered, 0 enqueued
[2025-08-01T14:46:48.201+0000] GC(375) Final: 0 encountered, 0 discovered, 0 enqueued
[2025-08-01T14:46:48.201+0000] GC(375) Phantom: 3 encountered, 1 discovered, 0 enqueued
[2025-08-01T14:46:48.201+0000] GC(375) Small Pages: 1034 / 2068M, Empty: 1620M, Relocated: 6M, In-Place: 0
[2025-08-01T14:46:48.201+0000] GC(375) Medium Pages: 1 / 32M, Empty: 0M, Relocated: 0M, In-Place: 0
[2025-08-01T14:46:48.201+0000] GC(375) Large Pages: 0 / 0M, Empty: 0M, Relocated: 0M, In-Place: 0
[2025-08-01T14:46:48.201+0000] GC(375) Forwarding Usage: 0M
[2025-08-01T14:46:48.201+0000] GC(375) Min Capacity: 4096M(100%)
[2025-08-01T14:46:48.202+0000] GC(375) Max Capacity: 4096M(100%)
[2025-08-01T14:46:48.202+0000] GC(375) Soft Max Capacity: 4096M(100%)
[2025-08-01T14:46:48.202+0000] GC(375)                Mark Start          Mark End        Relocate Start      Relocate End           High               Low         
[2025-08-01T14:46:48.202+0000] GC(375)  Capacity:     4096M (100%)       4096M (100%)       4096M (100%)       4096M (100%)       4096M (100%)       4096M (100%)   
[2025-08-01T14:46:48.202+0000] GC(375)      Free:     1996M (49%)        1500M (37%)        3092M (75%)        3108M (76%)        3110M (76%)        1484M (36%)    
[2025-08-01T14:46:48.202+0000] GC(375)      Used:     2100M (51%)        2596M (63%)        1004M (25%)         988M (24%)        2612M (64%)         986M (24%)    
[2025-08-01T14:46:48.202+0000] GC(375)      Live:         -               411M (10%)         411M (10%)         411M (10%)            -                  -          
[2025-08-01T14:46:48.202+0000] GC(375) Allocated:         -               496M (12%)         524M (13%)         532M (13%)            -                  -          
[2025-08-01T14:46:48.202+0000] GC(375)   Garbage:         -              1688M (41%)          68M (2%)           44M (1%)             -                  -          
[2025-08-01T14:46:48.202+0000] GC(375) Reclaimed:         -                  -              1620M (40%)        1644M (40%)            -                  -          
[2025-08-01T14:46:48.202+0000] GC(375) Garbage Collection (Allocation Rate) 2100M(51%)->988M(24%)
[2025-08-01T14:46:48.493+0000] GC(376) Heap before GC invocations=376 (full 376):
[2025-08-01T14:46:48.493+0000] GC(376)  ZHeap           used 2488M, capacity 4096M, max capacity 4096M
[2025-08-01T14:46:48.493+0000] GC(376)  Metaspace       used 10643K, committed 10880K, reserved 1114112K
[2025-08-01T14:46:48.493+0000] GC(376)   class space    used 1265K, committed 1344K, reserved 1048576K
[2025-08-01T14:46:48.493+0000] GC(376) Garbage Collection (Allocation Rate)
[2025-08-01T14:46:48.493+0000] GC(376) Using 2 workers
[2025-08-01T14:46:48.494+0000] GC(376) Pause Mark Start 0.012ms
[2025-08-01T14:46:48.615+0000] GC(376) Concurrent Mark 120.997ms
[2025-08-01T14:46:48.615+0000] GC(376) Pause Mark End 0.022ms
[2025-08-01T14:46:48.615+0000] GC(376) Concurrent Mark Free 0.002ms
[2025-08-01T14:46:48.619+0000] GC(376) Concurrent Process Non-Strong References 3.560ms
[2025-08-01T14:46:48.619+0000] GC(376) Concurrent Reset Relocation Set 0.004ms
[2025-08-01T14:46:48.624+0000] GC(376) Concurrent Select Relocation Set 4.691ms
[2025-08-01T14:46:48.624+0000] GC(376) Pause Relocate Start 0.014ms
[2025-08-01T14:46:48.628+0000] GC(376) Concurrent Relocate 3.327ms
[2025-08-01T14:46:48.628+0000] GC(376) Heap after GC invocations=377 (full 377):
[2025-08-01T14:46:48.628+0000] GC(376)  ZHeap           used 1224M, capacity 4096M, max capacity 4096M
[2025-08-01T14:46:48.628+0000] GC(376)  Metaspace       used 10643K, committed 10880K, reserved 1114112K
[2025-08-01T14:46:48.628+0000] GC(376)   class space    used 1265K, committed 1344K, reserved 1048576K
[2025-08-01T14:46:48.628+0000] GC(376) Load: 2.30/1.05/0.46
[2025-08-01T14:46:48.628+0000] GC(376) MMU: 2ms/90.0%, 5ms/96.0%, 10ms/97.9%, 20ms/98.9%, 50ms/99.6%, 100ms/99.8%
[2025-08-01T14:46:48.628+0000] GC(376) Mark: 2 stripe(s), 2 proactive flush(es), 1 terminate flush(es), 0 completion(s), 0 continuation(s) 
[2025-08-01T14:46:48.628+0000] GC(376) Mark Stack Usage: 32M
[2025-08-01T14:46:48.628+0000] GC(376) NMethods: 1415 registered, 180 unregistered
[2025-08-01T14:46:48.628+0000] GC(376) Metaspace: 10M used, 10M committed, 1088M reserved
[2025-08-01T14:46:48.628+0000] GC(376) Soft: 228 encountered, 0 discovered, 0 enqueued
[2025-08-01T14:46:48.628+0000] GC(376) Weak: 934 encountered, 727 discovered, 0 enqueued
[2025-08-01T14:46:48.628+0000] GC(376) Final: 0 encountered, 0 discovered, 0 enqueued
[2025-08-01T14:46:48.628+0000] GC(376) Phantom: 3 encountered, 2 discovered, 0 enqueued
[2025-08-01T14:46:48.628+0000] GC(376) Small Pages: 1229 / 2458M, Empty: 1946M, Relocated: 10M, In-Place: 0
[2025-08-01T14:46:48.628+0000] GC(376) Medium Pages: 1 / 32M, Empty: 0M, Relocated: 0M, In-Place: 0
[2025-08-01T14:46:48.628+0000] GC(376) Large Pages: 0 / 0M, Empty: 0M, Relocated: 0M, In-Place: 0
[2025-08-01T14:46:48.628+0000] GC(376) Forwarding Usage: 0M
[2025-08-01T14:46:48.628+0000] GC(376) Min Capacity: 4096M(100%)
[2025-08-01T14:46:48.628+0000] GC(376) Max Capacity: 4096M(100%)
[2025-08-01T14:46:48.628+0000] GC(376) Soft Max Capacity: 4096M(100%)
[2025-08-01T14:46:48.628+0000] GC(376)                Mark Start          Mark End        Relocate Start      Relocate End           High               Low         
[2025-08-01T14:46:48.628+0000] GC(376)  Capacity:     4096M (100%)       4096M (100%)       4096M (100%)       4096M (100%)       4096M (100%)       4096M (100%)   
[2025-08-01T14:46:48.628+0000] GC(376)      Free:     1606M (39%)         986M (24%)        2862M (70%)        2874M (70%)        2874M (70%)         956M (23%)    
[2025-08-01T14:46:48.628+0000] GC(376)      Used:     2490M (61%)        3110M (76%)        1234M (30%)        1222M (30%)        3140M (77%)        1222M (30%)    
[2025-08-01T14:46:48.628+0000] GC(376)      Live:         -               478M (12%)         478M (12%)         478M (12%)            -                  -          
[2025-08-01T14:46:48.628+0000] GC(376) Allocated:         -               620M (15%)         690M (17%)         700M (17%)            -                  -          
[2025-08-01T14:46:48.628+0000] GC(376)   Garbage:         -              2011M (49%)          65M (2%)           43M (1%)             -                  -          
[2025-08-01T14:46:48.628+0000] GC(376) Reclaimed:         -                  -              1946M (48%)        1968M (48%)            -                  -          
[2025-08-01T14:46:48.628+0000] GC(376) Garbage Collection (Allocation Rate) 2490M(61%)->1222M(30%)
[2025-08-01T14:46:48.894+0000] GC(377) Heap before GC invocations=377 (full 377):
[2025-08-01T14:46:48.894+0000] GC(377)  ZHeap           used 2580M, capacity 4096M, max capacity 4096M
[2025-08-01T14:46:48.894+0000] GC(377)  Metaspace       used 10643K, committed 10880K, reserved 1114112K
[2025-08-01T14:46:48.894+0000] GC(377)   class space    used 1265K, committed 1344K, reserved 1048576K
[2025-08-01T14:46:48.894+0000] GC(377) Garbage Collection (Allocation Rate)
[2025-08-01T14:46:48.894+0000] GC(377) Using 2 workers
[2025-08-01T14:46:48.894+0000] GC(377) Pause Mark Start 0.009ms
[2025-08-01T14:46:49.036+0000] GC(377) Concurrent Mark 141.941ms
[2025-08-01T14:46:49.037+0000] GC(377) Pause Mark End 0.017ms
[2025-08-01T14:46:49.037+0000] GC(377) Concurrent Mark Free 0.002ms
[2025-08-01T14:46:49.040+0000] GC(377) Concurrent Process Non-Strong References 3.233ms
[2025-08-01T14:46:49.040+0000] GC(377) Concurrent Reset Relocation Set 0.003ms
[2025-08-01T14:46:49.042+0000] GC(377) Concurrent Select Relocation Set 2.180ms
[2025-08-01T14:46:49.043+0000] GC(377) Pause Relocate Start 0.013ms
[2025-08-01T14:46:49.045+0000] GC(377) Concurrent Relocate 1.392ms
[2025-08-01T14:46:49.045+0000] GC(377) Heap after GC invocations=378 (full 378):
[2025-08-01T14:46:49.045+0000] GC(377)  ZHeap           used 1432M, capacity 4096M, max capacity 4096M
[2025-08-01T14:46:49.045+0000] GC(377)  Metaspace       used 10643K, committed 10880K, reserved 1114112K
[2025-08-01T14:46:49.045+0000] GC(377)   class space    used 1265K, committed 1344K, reserved 1048576K
[2025-08-01T14:46:49.045+0000] GC(377) Load: 2.30/1.05/0.46
[2025-08-01T14:46:49.045+0000] GC(377) MMU: 2ms/90.0%, 5ms/96.0%, 10ms/97.9%, 20ms/98.9%, 50ms/99.6%, 100ms/99.8%
[2025-08-01T14:46:49.045+0000] GC(377) Mark: 2 stripe(s), 2 proactive flush(es), 1 terminate flush(es), 0 completion(s), 0 continuation(s) 
[2025-08-01T14:46:49.045+0000] GC(377) Mark Stack Usage: 32M
[2025-08-01T14:46:49.045+0000] GC(377) NMethods: 1415 registered, 180 unregistered
[2025-08-01T14:46:49.045+0000] GC(377) Metaspace: 10M used, 10M committed, 1088M reserved
[2025-08-01T14:46:49.045+0000] GC(377) Soft: 228 encountered, 0 discovered, 0 enqueued
[2025-08-01T14:46:49.045+0000] GC(377) Weak: 934 encountered, 673 discovered, 0 enqueued
[2025-08-01T14:46:49.045+0000] GC(377) Final: 0 encountered, 0 discovered, 0 enqueued
[2025-08-01T14:46:49.045+0000] GC(377) Phantom: 3 encountered, 2 discovered, 0 enqueued
[2025-08-01T14:46:49.045+0000] GC(377) Small Pages: 1274 / 2548M, Empty: 1916M, Relocated: 3M, In-Place: 0
[2025-08-01T14:46:49.045+0000] GC(377) Medium Pages: 1 / 32M, Empty: 0M, Relocated: 0M, In-Place: 0
[2025-08-01T14:46:49.045+0000] GC(377) Large Pages: 0 / 0M, Empty: 0M, Relocated: 0M, In-Place: 0
[2025-08-01T14:46:49.045+0000] GC(377) Forwarding Usage: 0M
[2025-08-01T14:46:49.045+0000] GC(377) Min Capacity: 4096M(100%)
[2025-08-01T14:46:49.045+0000] GC(377) Max Capacity: 4096M(100%)
[2025-08-01T14:46:49.045+0000] GC(377) Soft Max Capacity: 4096M(100%)
[2025-08-01T14:46:49.045+0000] GC(377)                Mark Start          Mark End        Relocate Start      Relocate End           High               Low         
[2025-08-01T14:46:49.045+0000] GC(377)  Capacity:     4096M (100%)       4096M (100%)       4096M (100%)       4096M (100%)       4096M (100%)       4096M (100%)   
[2025-08-01T14:46:49.045+0000] GC(377)      Free:     1516M (37%)         772M (19%)        2660M (65%)        2664M (65%)        2666M (65%)         756M (18%)    
[2025-08-01T14:46:49.045+0000] GC(377)      Used:     2580M (63%)        3324M (81%)        1436M (35%)        1432M (35%)        3340M (82%)        1430M (35%)    
[2025-08-01T14:46:49.045+0000] GC(377)      Live:         -               613M (15%)         613M (15%)         613M (15%)            -                  -          
[2025-08-01T14:46:49.045+0000] GC(377) Allocated:         -               744M (18%)         772M (19%)         776M (19%)            -                  -          
[2025-08-01T14:46:49.045+0000] GC(377)   Garbage:         -              1966M (48%)          50M (1%)           42M (1%)             -                  -          
[2025-08-01T14:46:49.045+0000] GC(377) Reclaimed:         -                  -              1916M (47%)        1924M (47%)            -                  -          
[2025-08-01T14:46:49.045+0000] GC(377) Garbage Collection (Allocation Rate) 2580M(63%)->1432M(35%)
[2025-08-01T14:46:49.293+0000] GC(378) Heap before GC invocations=378 (full 378):
[2025-08-01T14:46:49.293+0000] GC(378)  ZHeap           used 2736M, capacity 4096M, max capacity 4096M
[2025-08-01T14:46:49.293+0000] GC(378)  Metaspace       used 10643K, committed 10880K, reserved 1114112K
[2025-08-01T14:46:49.293+0000] GC(378)   class space    used 1265K, committed 1344K, reserved 1048576K
[2025-08-01T14:46:49.293+0000] GC(378) Garbage Collection (Allocation Rate)
[2025-08-01T14:46:49.293+0000] GC(378) Using 2 workers
[2025-08-01T14:46:49.294+0000] GC(378) Pause Mark Start 0.010ms
[2025-08-01T14:46:49.440+0000] GC(378) Concurrent Mark 146.110ms
[2025-08-01T14:46:49.441+0000] GC(378) Pause Mark End 0.019ms
[2025-08-01T14:46:49.441+0000] GC(378) Concurrent Mark Free 0.001ms
[2025-08-01T14:46:49.444+0000] GC(378) Concurrent Process Non-Strong References 3.093ms
[2025-08-01T14:46:49.444+0000] GC(378) Concurrent Reset Relocation Set 0.002ms
[2025-08-01T14:46:49.448+0000] GC(378) Concurrent Select Relocation Set 3.791ms
[2025-08-01T14:46:49.448+0000] GC(378) Pause Relocate Start 0.012ms
[2025-08-01T14:46:49.450+0000] GC(378) Concurrent Relocate 1.782ms
[2025-08-01T14:46:49.450+0000] GC(378) Heap after GC invocations=379 (full 379):
[2025-08-01T14:46:49.450+0000] GC(378)  ZHeap           used 1486M, capacity 4096M, max capacity 4096M
[2025-08-01T14:46:49.450+0000] GC(378)  Metaspace       used 10643K, committed 10880K, reserved 1114112K
[2025-08-01T14:46:49.450+0000] GC(378)   class space    used 1265K, committed 1344K, reserved 1048576K
[2025-08-01T14:46:49.450+0000] GC(378) Load: 2.30/1.05/0.46
[2025-08-01T14:46:49.450+0000] GC(378) MMU: 2ms/90.0%, 5ms/96.0%, 10ms/97.9%, 20ms/98.9%, 50ms/99.6%, 100ms/99.8%
[2025-08-01T14:46:49.450+0000] GC(378) Mark: 2 stripe(s), 3 proactive flush(es), 1 terminate flush(es), 0 completion(s), 0 continuation(s) 
[2025-08-01T14:46:49.450+0000] GC(378) Mark Stack Usage: 32M
[2025-08-01T14:46:49.450+0000] GC(378) NMethods: 1415 registered, 180 unregistered
[2025-08-01T14:46:49.450+0000] GC(378) Metaspace: 10M used, 10M committed, 1088M reserved
[2025-08-01T14:46:49.450+0000] GC(378) Soft: 228 encountered, 0 discovered, 0 enqueued
[2025-08-01T14:46:49.450+0000] GC(378) Weak: 934 encountered, 698 discovered, 0 enqueued
[2025-08-01T14:46:49.450+0000] GC(378) Final: 0 encountered, 0 discovered, 0 enqueued
[2025-08-01T14:46:49.450+0000] GC(378) Phantom: 3 encountered, 1 discovered, 0 enqueued
[2025-08-01T14:46:49.450+0000] GC(378) Small Pages: 1352 / 2704M, Empty: 2030M, Relocated: 4M, In-Place: 0
[2025-08-01T14:46:49.450+0000] GC(378) Medium Pages: 1 / 32M, Empty: 0M, Relocated: 0M, In-Place: 0
[2025-08-01T14:46:49.450+0000] GC(378) Large Pages: 0 / 0M, Empty: 0M, Relocated: 0M, In-Place: 0
[2025-08-01T14:46:49.450+0000] GC(378) Forwarding Usage: 0M
[2025-08-01T14:46:49.450+0000] GC(378) Min Capacity: 4096M(100%)
[2025-08-01T14:46:49.450+0000] GC(378) Max Capacity: 4096M(100%)
[2025-08-01T14:46:49.450+0000] GC(378) Soft Max Capacity: 4096M(100%)
[2025-08-01T14:46:49.450+0000] GC(378)                Mark Start          Mark End        Relocate Start      Relocate End           High               Low         
[2025-08-01T14:46:49.450+0000] GC(378)  Capacity:     4096M (100%)       4096M (100%)       4096M (100%)       4096M (100%)       4096M (100%)       4096M (100%)   
[2025-08-01T14:46:49.450+0000] GC(378)      Free:     1360M (33%)         614M (15%)        2608M (64%)        2610M (64%)        2614M (64%)         598M (15%)    
[2025-08-01T14:46:49.451+0000] GC(378)      Used:     2736M (67%)        3482M (85%)        1488M (36%)        1486M (36%)        3498M (85%)        1482M (36%)    
[2025-08-01T14:46:49.451+0000] GC(378)      Live:         -               652M (16%)         652M (16%)         652M (16%)            -                  -          
[2025-08-01T14:46:49.451+0000] GC(378) Allocated:         -               746M (18%)         782M (19%)         790M (19%)            -                  -          
[2025-08-01T14:46:49.451+0000] GC(378)   Garbage:         -              2083M (51%)          53M (1%)           43M (1%)             -                  -          
[2025-08-01T14:46:49.451+0000] GC(378) Reclaimed:         -                  -              2030M (50%)        2040M (50%)            -                  -          
[2025-08-01T14:46:49.451+0000] GC(378) Garbage Collection (Allocation Rate) 2736M(67%)->1486M(36%)
[2025-08-01T14:46:49.693+0000] GC(379) Heap before GC invocations=379 (full 379):
[2025-08-01T14:46:49.693+0000] GC(379)  ZHeap           used 2760M, capacity 4096M, max capacity 4096M
[2025-08-01T14:46:49.694+0000] GC(379)  Metaspace       used 10643K, committed 10880K, reserved 1114112K
[2025-08-01T14:46:49.694+0000] GC(379)   class space    used 1265K, committed 1344K, reserved 1048576K
[2025-08-01T14:46:49.694+0000] GC(379) Garbage Collection (Allocation Rate)
[2025-08-01T14:46:49.694+0000] GC(379) Using 2 workers
[2025-08-01T14:46:49.694+0000] GC(379) Pause Mark Start 0.011ms
[2025-08-01T14:46:49.838+0000] GC(379) Concurrent Mark 143.852ms
[2025-08-01T14:46:49.838+0000] GC(379) Pause Mark End 0.018ms
[2025-08-01T14:46:49.838+0000] GC(379) Concurrent Mark Free 0.001ms
[2025-08-01T14:46:49.840+0000] GC(379) Concurrent Process Non-Strong References 2.090ms
[2025-08-01T14:46:49.840+0000] GC(379) Concurrent Reset Relocation Set 0.002ms
[2025-08-01T14:46:49.844+0000] GC(379) Concurrent Select Relocation Set 3.305ms
[2025-08-01T14:46:49.844+0000] GC(379) Pause Relocate Start 0.013ms
[2025-08-01T14:46:49.846+0000] GC(379) Concurrent Relocate 1.657ms
[2025-08-01T14:46:49.846+0000] GC(379) Heap after GC invocations=380 (full 380):
[2025-08-01T14:46:49.846+0000] GC(379)  ZHeap           used 1492M, capacity 4096M, max capacity 4096M
[2025-08-01T14:46:49.846+0000] GC(379)  Metaspace       used 10643K, committed 10880K, reserved 1114112K
[2025-08-01T14:46:49.846+0000] GC(379)   class space    used 1265K, committed 1344K, reserved 1048576K
[2025-08-01T14:46:49.846+0000] GC(379) Load: 2.30/1.05/0.46
[2025-08-01T14:46:49.846+0000] GC(379) MMU: 2ms/90.0%, 5ms/96.0%, 10ms/97.9%, 20ms/98.9%, 50ms/99.6%, 100ms/99.8%
[2025-08-01T14:46:49.846+0000] GC(379) Mark: 2 stripe(s), 3 proactive flush(es), 1 terminate flush(es), 0 completion(s), 0 continuation(s) 
[2025-08-01T14:46:49.846+0000] GC(379) Mark Stack Usage: 32M
[2025-08-01T14:46:49.846+0000] GC(379) NMethods: 1415 registered, 180 unregistered
[2025-08-01T14:46:49.846+0000] GC(379) Metaspace: 10M used, 10M committed, 1088M reserved
[2025-08-01T14:46:49.846+0000] GC(379) Soft: 228 encountered, 0 discovered, 0 enqueued
[2025-08-01T14:46:49.846+0000] GC(379) Weak: 934 encountered, 705 discovered, 0 enqueued
[2025-08-01T14:46:49.846+0000] GC(379) Final: 0 encountered, 0 discovered, 0 enqueued
[2025-08-01T14:46:49.846+0000] GC(379) Phantom: 3 encountered, 1 discovered, 0 enqueued
[2025-08-01T14:46:49.846+0000] GC(379) Small Pages: 1364 / 2728M, Empty: 2058M, Relocated: 3M, In-Place: 0
[2025-08-01T14:46:49.846+0000] GC(379) Medium Pages: 1 / 32M, Empty: 0M, Relocated: 0M, In-Place: 0
[2025-08-01T14:46:49.846+0000] GC(379) Large Pages: 0 / 0M, Empty: 0M, Relocated: 0M, In-Place: 0
[2025-08-01T14:46:49.846+0000] GC(379) Forwarding Usage: 0M
[2025-08-01T14:46:49.846+0000] GC(379) Min Capacity: 4096M(100%)
[2025-08-01T14:46:49.846+0000] GC(379) Max Capacity: 4096M(100%)
[2025-08-01T14:46:49.846+0000] GC(379) Soft Max Capacity: 4096M(100%)
[2025-08-01T14:46:49.846+0000] GC(379)                Mark Start          Mark End        Relocate Start      Relocate End           High               Low         
[2025-08-01T14:46:49.846+0000] GC(379)  Capacity:     4096M (100%)       4096M (100%)       4096M (100%)       4096M (100%)       4096M (100%)       4096M (100%)   
[2025-08-01T14:46:49.846+0000] GC(379)      Free:     1336M (33%)         592M (14%)        2608M (64%)        2604M (64%)        2624M (64%)         576M (14%)    
[2025-08-01T14:46:49.846+0000] GC(379)      Used:     2760M (67%)        3504M (86%)        1488M (36%)        1492M (36%)        3520M (86%)        1472M (36%)    
[2025-08-01T14:46:49.846+0000] GC(379)      Live:         -               652M (16%)         652M (16%)         652M (16%)            -                  -          
[2025-08-01T14:46:49.846+0000] GC(379) Allocated:         -               744M (18%)         786M (19%)         798M (19%)            -                  -          
[2025-08-01T14:46:49.846+0000] GC(379)   Garbage:         -              2107M (51%)          49M (1%)           41M (1%)             -                  -          
[2025-08-01T14:46:49.846+0000] GC(379) Reclaimed:         -                  -              2058M (50%)        2066M (50%)            -                  -          
[2025-08-01T14:46:49.846+0000] GC(379) Garbage Collection (Allocation Rate) 2760M(67%)->1492M(36%)
[2025-08-01T14:46:50.093+0000] GC(380) Heap before GC invocations=380 (full 380):
[2025-08-01T14:46:50.093+0000] GC(380)  ZHeap           used 2776M, capacity 4096M, max capacity 4096M
[2025-08-01T14:46:50.093+0000] GC(380)  Metaspace       used 10643K, committed 10880K, reserved 1114112K
[2025-08-01T14:46:50.093+0000] GC(380)   class space    used 1265K, committed 1344K, reserved 1048576K
[2025-08-01T14:46:50.093+0000] GC(380) Garbage Collection (Allocation Rate)
[2025-08-01T14:46:50.093+0000] GC(380) Using 2 workers
[2025-08-01T14:46:50.094+0000] GC(380) Pause Mark Start 0.011ms
[2025-08-01T14:46:50.224+0000] GC(380) Concurrent Mark 130.196ms
[2025-08-01T14:46:50.225+0000] GC(380) Pause Mark End 0.015ms
[2025-08-01T14:46:50.226+0000] GC(380) Concurrent Mark Free 0.001ms
[2025-08-01T14:46:50.229+0000] GC(380) Concurrent Process Non-Strong References 3.477ms
[2025-08-01T14:46:50.229+0000] GC(380) Concurrent Reset Relocation Set 0.003ms
[2025-08-01T14:46:50.233+0000] GC(380) Concurrent Select Relocation Set 3.907ms
[2025-08-01T14:46:50.233+0000] GC(380) Pause Relocate Start 0.012ms
[2025-08-01T14:46:50.239+0000] GC(380) Concurrent Relocate 5.809ms
[2025-08-01T14:46:50.239+0000] GC(380) Heap after GC invocations=381 (full 381):
[2025-08-01T14:46:50.239+0000] GC(380)  ZHeap           used 1356M, capacity 4096M, max capacity 4096M
[2025-08-01T14:46:50.239+0000] GC(380)  Metaspace       used 10643K, committed 10880K, reserved 1114112K
[2025-08-01T14:46:50.239+0000] GC(380)   class space    used 1265K, committed 1344K, reserved 1048576K
[2025-08-01T14:46:50.239+0000] GC(380) Load: 2.30/1.05/0.46
[2025-08-01T14:46:50.239+0000] GC(380) MMU: 2ms/90.0%, 5ms/96.0%, 10ms/97.9%, 20ms/98.9%, 50ms/99.6%, 100ms/99.8%
[2025-08-01T14:46:50.239+0000] GC(380) Mark: 2 stripe(s), 4 proactive flush(es), 1 terminate flush(es), 0 completion(s), 0 continuation(s) 
[2025-08-01T14:46:50.239+0000] GC(380) Mark Stack Usage: 32M
[2025-08-01T14:46:50.239+0000] GC(380) NMethods: 1415 registered, 180 unregistered
[2025-08-01T14:46:50.239+0000] GC(380) Metaspace: 10M used, 10M committed, 1088M reserved
[2025-08-01T14:46:50.239+0000] GC(380) Soft: 228 encountered, 0 discovered, 0 enqueued
[2025-08-01T14:46:50.239+0000] GC(380) Weak: 934 encountered, 722 discovered, 0 enqueued
[2025-08-01T14:46:50.239+0000] GC(380) Final: 0 encountered, 0 discovered, 0 enqueued
[2025-08-01T14:46:50.239+0000] GC(380) Phantom: 3 encountered, 1 discovered, 0 enqueued
[2025-08-01T14:46:50.239+0000] GC(380) Small Pages: 1374 / 2748M, Empty: 2130M, Relocated: 10M, In-Place: 0
[2025-08-01T14:46:50.239+0000] GC(380) Medium Pages: 1 / 32M, Empty: 0M, Relocated: 0M, In-Place: 0
[2025-08-01T14:46:50.239+0000] GC(380) Large Pages: 0 / 0M, Empty: 0M, Relocated: 0M, In-Place: 0
[2025-08-01T14:46:50.239+0000] GC(380) Forwarding Usage: 0M
[2025-08-01T14:46:50.239+0000] GC(380) Min Capacity: 4096M(100%)
[2025-08-01T14:46:50.239+0000] GC(380) Max Capacity: 4096M(100%)
[2025-08-01T14:46:50.239+0000] GC(380) Soft Max Capacity: 4096M(100%)
[2025-08-01T14:46:50.239+0000] GC(380)                Mark Start          Mark End        Relocate Start      Relocate End           High               Low         
[2025-08-01T14:46:50.239+0000] GC(380)  Capacity:     4096M (100%)       4096M (100%)       4096M (100%)       4096M (100%)       4096M (100%)       4096M (100%)   
[2025-08-01T14:46:50.239+0000] GC(380)      Free:     1316M (32%)         656M (16%)        2750M (67%)        2740M (67%)        2754M (67%)         640M (16%)    
[2025-08-01T14:46:50.239+0000] GC(380)      Used:     2780M (68%)        3440M (84%)        1346M (33%)        1356M (33%)        3456M (84%)        1342M (33%)    
[2025-08-01T14:46:50.239+0000] GC(380)      Live:         -               590M (14%)         590M (14%)         590M (14%)            -                  -          
[2025-08-01T14:46:50.239+0000] GC(380) Allocated:         -               660M (16%)         696M (17%)         724M (18%)            -                  -          
[2025-08-01T14:46:50.239+0000] GC(380)   Garbage:         -              2189M (53%)          59M (1%)           41M (1%)             -                  -          
[2025-08-01T14:46:50.239+0000] GC(380) Reclaimed:         -                  -              2130M (52%)        2148M (52%)            -                  -          
[2025-08-01T14:46:50.239+0000] GC(380) Garbage Collection (Allocation Rate) 2780M(68%)->1356M(33%)
[2025-08-01T14:46:50.593+0000] GC(381) Heap before GC invocations=381 (full 381):
[2025-08-01T14:46:50.593+0000] GC(381)  ZHeap           used 3158M, capacity 4096M, max capacity 4096M
[2025-08-01T14:46:50.593+0000] GC(381)  Metaspace       used 10643K, committed 10880K, reserved 1114112K
[2025-08-01T14:46:50.593+0000] GC(381)   class space    used 1265K, committed 1344K, reserved 1048576K
[2025-08-01T14:46:50.593+0000] GC(381) Garbage Collection (Allocation Rate)
[2025-08-01T14:46:50.593+0000] GC(381) Using 2 workers
[2025-08-01T14:46:50.593+0000] GC(381) Pause Mark Start 0.017ms
[2025-08-01T14:46:50.730+0000] GC(381) Concurrent Mark 135.931ms
[2025-08-01T14:46:50.730+0000] GC(381) Pause Mark End 0.020ms
[2025-08-01T14:46:50.730+0000] GC(381) Concurrent Mark Free 0.002ms
[2025-08-01T14:46:50.734+0000] GC(381) Concurrent Process Non-Strong References 3.952ms
[2025-08-01T14:46:50.734+0000] GC(381) Concurrent Reset Relocation Set 0.003ms
[2025-08-01T14:46:50.738+0000] GC(381) Concurrent Select Relocation Set 3.976ms
[2025-08-01T14:46:50.739+0000] GC(381) Pause Relocate Start 0.014ms
[2025-08-01T14:46:50.740+0000] GC(381) Concurrent Relocate 1.420ms
[2025-08-01T14:46:50.740+0000] GC(381) Heap after GC invocations=382 (full 382):
[2025-08-01T14:46:50.740+0000] GC(381)  ZHeap           used 1376M, capacity 4096M, max capacity 4096M
[2025-08-01T14:46:50.740+0000] GC(381)  Metaspace       used 10643K, committed 10880K, reserved 1114112K
[2025-08-01T14:46:50.740+0000] GC(381)   class space    used 1265K, committed 1344K, reserved 1048576K
[2025-08-01T14:46:50.740+0000] GC(381) Load: 2.30/1.05/0.46
[2025-08-01T14:46:50.740+0000] GC(381) MMU: 2ms/90.0%, 5ms/96.0%, 10ms/97.9%, 20ms/98.9%, 50ms/99.6%, 100ms/99.8%
[2025-08-01T14:46:50.740+0000] GC(381) Mark: 2 stripe(s), 3 proactive flush(es), 1 terminate flush(es), 0 completion(s), 0 continuation(s) 
[2025-08-01T14:46:50.740+0000] GC(381) Mark Stack Usage: 32M
[2025-08-01T14:46:50.740+0000] GC(381) NMethods: 1415 registered, 180 unregistered
[2025-08-01T14:46:50.740+0000] GC(381) Metaspace: 10M used, 10M committed, 1088M reserved
[2025-08-01T14:46:50.740+0000] GC(381) Soft: 228 encountered, 0 discovered, 0 enqueued
[2025-08-01T14:46:50.740+0000] GC(381) Weak: 934 encountered, 719 discovered, 0 enqueued
[2025-08-01T14:46:50.740+0000] GC(381) Final: 0 encountered, 0 discovered, 0 enqueued
[2025-08-01T14:46:50.741+0000] GC(381) Phantom: 3 encountered, 1 discovered, 0 enqueued
[2025-08-01T14:46:50.741+0000] GC(381) Small Pages: 1563 / 3126M, Empty: 2542M, Relocated: 3M, In-Place: 0
[2025-08-01T14:46:50.741+0000] GC(381) Medium Pages: 1 / 32M, Empty: 0M, Relocated: 0M, In-Place: 0
[2025-08-01T14:46:50.741+0000] GC(381) Large Pages: 0 / 0M, Empty: 0M, Relocated: 0M, In-Place: 0
[2025-08-01T14:46:50.741+0000] GC(381) Forwarding Usage: 0M
[2025-08-01T14:46:50.741+0000] GC(381) Min Capacity: 4096M(100%)
[2025-08-01T14:46:50.741+0000] GC(381) Max Capacity: 4096M(100%)
[2025-08-01T14:46:50.741+0000] GC(381) Soft Max Capacity: 4096M(100%)
[2025-08-01T14:46:50.741+0000] GC(381)                Mark Start          Mark End        Relocate Start      Relocate End           High               Low         
[2025-08-01T14:46:50.741+0000] GC(381)  Capacity:     4096M (100%)       4096M (100%)       4096M (100%)       4096M (100%)       4096M (100%)       4096M (100%)   
[2025-08-01T14:46:50.741+0000] GC(381)      Free:      938M (23%)         222M (5%)         2718M (66%)        2720M (66%)        2722M (66%)         200M (5%)     
[2025-08-01T14:46:50.741+0000] GC(381)      Used:     3158M (77%)        3874M (95%)        1378M (34%)        1376M (34%)        3896M (95%)        1374M (34%)    
[2025-08-01T14:46:50.741+0000] GC(381)      Live:         -               565M (14%)         565M (14%)         565M (14%)            -                  -          
[2025-08-01T14:46:50.741+0000] GC(381) Allocated:         -               716M (17%)         762M (19%)         770M (19%)            -                  -          
[2025-08-01T14:46:50.741+0000] GC(381)   Garbage:         -              2592M (63%)          50M (1%)           40M (1%)             -                  -          
[2025-08-01T14:46:50.741+0000] GC(381) Reclaimed:         -                  -              2542M (62%)        2552M (62%)            -                  -          
[2025-08-01T14:46:50.741+0000] GC(381) Garbage Collection (Allocation Rate) 3158M(77%)->1376M(34%)
[2025-08-01T14:46:51.093+0000] GC(382) Heap before GC invocations=382 (full 382):
[2025-08-01T14:46:51.093+0000] GC(382)  ZHeap           used 3006M, capacity 4096M, max capacity 4096M
[2025-08-01T14:46:51.093+0000] GC(382)  Metaspace       used 10643K, committed 10880K, reserved 1114112K
[2025-08-01T14:46:51.093+0000] GC(382)   class space    used 1265K, committed 1344K, reserved 1048576K
[2025-08-01T14:46:51.093+0000] GC(382) Garbage Collection (Allocation Rate)
[2025-08-01T14:46:51.093+0000] GC(382) Using 2 workers
[2025-08-01T14:46:51.093+0000] GC(382) Pause Mark Start 0.011ms
[2025-08-01T14:46:51.245+0000] GC(382) Concurrent Mark 151.403ms
[2025-08-01T14:46:51.245+0000] GC(382) Pause Mark End 0.019ms
[2025-08-01T14:46:51.245+0000] GC(382) Concurrent Mark Free 0.001ms
[2025-08-01T14:46:51.250+0000] GC(382) Concurrent Process Non-Strong References 4.269ms
[2025-08-01T14:46:51.250+0000] GC(382) Concurrent Reset Relocation Set 0.002ms
[2025-08-01T14:46:51.254+0000] GC(382) Concurrent Select Relocation Set 3.740ms
[2025-08-01T14:46:51.254+0000] GC(382) Pause Relocate Start 0.015ms
[2025-08-01T14:46:51.256+0000] GC(382) Concurrent Relocate 1.731ms
[2025-08-01T14:46:51.256+0000] GC(382) Heap after GC invocations=383 (full 383):
[2025-08-01T14:46:51.256+0000] GC(382)  ZHeap           used 1520M, capacity 4096M, max capacity 4096M
[2025-08-01T14:46:51.256+0000] GC(382)  Metaspace       used 10643K, committed 10880K, reserved 1114112K
[2025-08-01T14:46:51.256+0000] GC(382)   class space    used 1265K, committed 1344K, reserved 1048576K
[2025-08-01T14:46:51.256+0000] GC(382) Load: 2.30/1.05/0.46
[2025-08-01T14:46:51.256+0000] GC(382) MMU: 2ms/90.0%, 5ms/96.0%, 10ms/97.9%, 20ms/98.9%, 50ms/99.6%, 100ms/99.8%
[2025-08-01T14:46:51.256+0000] GC(382) Mark: 2 stripe(s), 2 proactive flush(es), 1 terminate flush(es), 0 completion(s), 0 continuation(s) 
[2025-08-01T14:46:51.256+0000] GC(382) Mark Stack Usage: 32M
[2025-08-01T14:46:51.256+0000] GC(382) NMethods: 1415 registered, 180 unregistered
[2025-08-01T14:46:51.256+0000] GC(382) Metaspace: 10M used, 10M committed, 1088M reserved
[2025-08-01T14:46:51.256+0000] GC(382) Soft: 228 encountered, 0 discovered, 0 enqueued
[2025-08-01T14:46:51.256+0000] GC(382) Weak: 934 encountered, 681 discovered, 0 enqueued
[2025-08-01T14:46:51.256+0000] GC(382) Final: 0 encountered, 0 discovered, 0 enqueued
[2025-08-01T14:46:51.256+0000] GC(382) Phantom: 3 encountered, 2 discovered, 0 enqueued
[2025-08-01T14:46:51.256+0000] GC(382) Small Pages: 1488 / 2976M, Empty: 2294M, Relocated: 3M, In-Place: 0
[2025-08-01T14:46:51.256+0000] GC(382) Medium Pages: 1 / 32M, Empty: 0M, Relocated: 0M, In-Place: 0
[2025-08-01T14:46:51.256+0000] GC(382) Large Pages: 0 / 0M, Empty: 0M, Relocated: 0M, In-Place: 0
[2025-08-01T14:46:51.256+0000] GC(382) Forwarding Usage: 0M
[2025-08-01T14:46:51.256+0000] GC(382) Min Capacity: 4096M(100%)
[2025-08-01T14:46:51.256+0000] GC(382) Max Capacity: 4096M(100%)
[2025-08-01T14:46:51.256+0000] GC(382) Soft Max Capacity: 4096M(100%)
[2025-08-01T14:46:51.256+0000] GC(382)                Mark Start          Mark End        Relocate Start      Relocate End           High               Low         
[2025-08-01T14:46:51.256+0000] GC(382)  Capacity:     4096M (100%)       4096M (100%)       4096M (100%)       4096M (100%)       4096M (100%)       4096M (100%)   
[2025-08-01T14:46:51.256+0000] GC(382)      Free:     1088M (27%)         334M (8%)         2582M (63%)        2580M (63%)        2584M (63%)         312M (8%)     
[2025-08-01T14:46:51.256+0000] GC(382)      Used:     3008M (73%)        3762M (92%)        1514M (37%)        1516M (37%)        3784M (92%)        1512M (37%)    
[2025-08-01T14:46:51.256+0000] GC(382)      Live:         -               663M (16%)         663M (16%)         663M (16%)            -                  -          
[2025-08-01T14:46:51.256+0000] GC(382) Allocated:         -               754M (18%)         800M (20%)         810M (20%)            -                  -          
[2025-08-01T14:46:51.256+0000] GC(382)   Garbage:         -              2344M (57%)          50M (1%)           42M (1%)             -                  -          
[2025-08-01T14:46:51.256+0000] GC(382) Reclaimed:         -                  -              2294M (56%)        2302M (56%)            -                  -          
[2025-08-01T14:46:51.256+0000] GC(382) Garbage Collection (Allocation Rate) 3008M(73%)->1516M(37%)
[2025-08-01T14:46:51.493+0000] GC(383) Heap before GC invocations=383 (full 383):
[2025-08-01T14:46:51.493+0000] GC(383)  ZHeap           used 2668M, capacity 4096M, max capacity 4096M
[2025-08-01T14:46:51.493+0000] GC(383)  Metaspace       used 10643K, committed 10880K, reserved 1114112K
[2025-08-01T14:46:51.493+0000] GC(383)   class space    used 1265K, committed 1344K, reserved 1048576K
[2025-08-01T14:46:51.493+0000] GC(383) Garbage Collection (Allocation Rate)
[2025-08-01T14:46:51.493+0000] GC(383) Using 2 workers
[2025-08-01T14:46:51.494+0000] GC(383) Pause Mark Start 0.015ms
[2025-08-01T14:46:51.624+0000] GC(383) Concurrent Mark 129.623ms
[2025-08-01T14:46:51.624+0000] GC(383) Pause Mark End 0.020ms
[2025-08-01T14:46:51.624+0000] GC(383) Concurrent Mark Free 0.001ms
[2025-08-01T14:46:51.627+0000] GC(383) Concurrent Process Non-Strong References 2.848ms
[2025-08-01T14:46:51.627+0000] GC(383) Concurrent Reset Relocation Set 0.002ms
[2025-08-01T14:46:51.630+0000] GC(383) Concurrent Select Relocation Set 3.077ms
[2025-08-01T14:46:51.631+0000] GC(383) Pause Relocate Start 0.007ms
[2025-08-01T14:46:51.631+0000] GC(383) Concurrent Relocate 0.660ms
[2025-08-01T14:46:51.631+0000] GC(383) Heap after GC invocations=384 (full 384):
[2025-08-01T14:46:51.631+0000] GC(383)  ZHeap           used 1178M, capacity 4096M, max capacity 4096M
[2025-08-01T14:46:51.631+0000] GC(383)  Metaspace       used 10643K, committed 10880K, reserved 1114112K
[2025-08-01T14:46:51.631+0000] GC(383)   class space    used 1265K, committed 1344K, reserved 1048576K
[2025-08-01T14:46:51.631+0000] GC(383) Load: 2.11/1.03/0.46
[2025-08-01T14:46:51.631+0000] GC(383) MMU: 2ms/90.0%, 5ms/96.0%, 10ms/97.9%, 20ms/98.9%, 50ms/99.6%, 100ms/99.8%
[2025-08-01T14:46:51.631+0000] GC(383) Mark: 2 stripe(s), 2 proactive flush(es), 1 terminate flush(es), 0 completion(s), 0 continuation(s) 
[2025-08-01T14:46:51.631+0000] GC(383) Mark Stack Usage: 32M
[2025-08-01T14:46:51.631+0000] GC(383) NMethods: 1415 registered, 180 unregistered
[2025-08-01T14:46:51.631+0000] GC(383) Metaspace: 10M used, 10M committed, 1088M reserved
[2025-08-01T14:46:51.631+0000] GC(383) Soft: 228 encountered, 0 discovered, 0 enqueued
[2025-08-01T14:46:51.631+0000] GC(383) Weak: 934 encountered, 679 discovered, 0 enqueued
[2025-08-01T14:46:51.631+0000] GC(383) Final: 0 encountered, 0 discovered, 0 enqueued
[2025-08-01T14:46:51.631+0000] GC(383) Phantom: 3 encountered, 2 discovered, 0 enqueued
[2025-08-01T14:46:51.631+0000] GC(383) Small Pages: 1322 / 2644M, Empty: 2144M, Relocated: 3M, In-Place: 0
[2025-08-01T14:46:51.631+0000] GC(383) Medium Pages: 1 / 32M, Empty: 0M, Relocated: 0M, In-Place: 0
[2025-08-01T14:46:51.631+0000] GC(383) Large Pages: 0 / 0M, Empty: 0M, Relocated: 0M, In-Place: 0
[2025-08-01T14:46:51.631+0000] GC(383) Forwarding Usage: 0M
[2025-08-01T14:46:51.631+0000] GC(383) Min Capacity: 4096M(100%)
[2025-08-01T14:46:51.631+0000] GC(383) Max Capacity: 4096M(100%)
[2025-08-01T14:46:51.631+0000] GC(383) Soft Max Capacity: 4096M(100%)
[2025-08-01T14:46:51.632+0000] GC(383)                Mark Start          Mark End        Relocate Start      Relocate End           High               Low         
[2025-08-01T14:46:51.632+0000] GC(383)  Capacity:     4096M (100%)       4096M (100%)       4096M (100%)       4096M (100%)       4096M (100%)       4096M (100%)   
[2025-08-01T14:46:51.632+0000] GC(383)      Free:     1420M (35%)         762M (19%)        2906M (71%)        2918M (71%)        2918M (71%)         762M (19%)    
[2025-08-01T14:46:51.632+0000] GC(383)      Used:     2676M (65%)        3334M (81%)        1190M (29%)        1178M (29%)        3334M (81%)        1178M (29%)    
[2025-08-01T14:46:51.632+0000] GC(383)      Live:         -               478M (12%)         478M (12%)         478M (12%)            -                  -          
[2025-08-01T14:46:51.632+0000] GC(383) Allocated:         -               658M (16%)         658M (16%)         658M (16%)            -                  -          
[2025-08-01T14:46:51.632+0000] GC(383)   Garbage:         -              2197M (54%)          53M (1%)           41M (1%)             -                  -          
[2025-08-01T14:46:51.632+0000] GC(383) Reclaimed:         -                  -              2144M (52%)        2156M (53%)            -                  -          
[2025-08-01T14:46:51.632+0000] GC(383) Garbage Collection (Allocation Rate) 2676M(65%)->1178M(29%)
[2025-08-01T14:46:51.993+0000] GC(384) Heap before GC invocations=384 (full 384):
[2025-08-01T14:46:51.993+0000] GC(384)  ZHeap           used 3014M, capacity 4096M, max capacity 4096M
[2025-08-01T14:46:51.993+0000] GC(384)  Metaspace       used 10643K, committed 10880K, reserved 1114112K
[2025-08-01T14:46:51.993+0000] GC(384)   class space    used 1265K, committed 1344K, reserved 1048576K
[2025-08-01T14:46:51.993+0000] GC(384) Garbage Collection (Allocation Rate)
[2025-08-01T14:46:51.993+0000] GC(384) Using 2 workers
[2025-08-01T14:46:51.994+0000] GC(384) Pause Mark Start 0.009ms
[2025-08-01T14:46:52.120+0000] GC(384) Concurrent Mark 126.361ms
[2025-08-01T14:46:52.121+0000] GC(384) Pause Mark End 0.022ms
[2025-08-01T14:46:52.121+0000] GC(384) Concurrent Mark Free 0.001ms
[2025-08-01T14:46:52.126+0000] GC(384) Concurrent Process Non-Strong References 4.944ms
[2025-08-01T14:46:52.126+0000] GC(384) Concurrent Reset Relocation Set 0.002ms
[2025-08-01T14:46:52.130+0000] GC(384) Concurrent Select Relocation Set 3.818ms
[2025-08-01T14:46:52.130+0000] GC(384) Pause Relocate Start 0.016ms
[2025-08-01T14:46:52.132+0000] GC(384) Concurrent Relocate 1.167ms
[2025-08-01T14:46:52.132+0000] GC(384) Heap after GC invocations=385 (full 385):
[2025-08-01T14:46:52.132+0000] GC(384)  ZHeap           used 1178M, capacity 4096M, max capacity 4096M
[2025-08-01T14:46:52.132+0000] GC(384)  Metaspace       used 10643K, committed 10880K, reserved 1114112K
[2025-08-01T14:46:52.132+0000] GC(384)   class space    used 1265K, committed 1344K, reserved 1048576K
[2025-08-01T14:46:52.132+0000] GC(384) Load: 2.11/1.03/0.46
[2025-08-01T14:46:52.132+0000] GC(384) MMU: 2ms/90.0%, 5ms/96.0%, 10ms/97.9%, 20ms/98.9%, 50ms/99.6%, 100ms/99.8%
[2025-08-01T14:46:52.132+0000] GC(384) Mark: 2 stripe(s), 2 proactive flush(es), 1 terminate flush(es), 0 completion(s), 0 continuation(s) 
[2025-08-01T14:46:52.132+0000] GC(384) Mark Stack Usage: 32M
[2025-08-01T14:46:52.132+0000] GC(384) NMethods: 1415 registered, 180 unregistered
[2025-08-01T14:46:52.132+0000] GC(384) Metaspace: 10M used, 10M committed, 1088M reserved
[2025-08-01T14:46:52.132+0000] GC(384) Soft: 228 encountered, 0 discovered, 0 enqueued
[2025-08-01T14:46:52.132+0000] GC(384) Weak: 934 encountered, 701 discovered, 0 enqueued
[2025-08-01T14:46:52.132+0000] GC(384) Final: 0 encountered, 0 discovered, 0 enqueued
[2025-08-01T14:46:52.132+0000] GC(384) Phantom: 3 encountered, 1 discovered, 0 enqueued
[2025-08-01T14:46:52.132+0000] GC(384) Small Pages: 1493 / 2986M, Empty: 2446M, Relocated: 1M, In-Place: 0
[2025-08-01T14:46:52.132+0000] GC(384) Medium Pages: 1 / 32M, Empty: 0M, Relocated: 0M, In-Place: 0
[2025-08-01T14:46:52.132+0000] GC(384) Large Pages: 0 / 0M, Empty: 0M, Relocated: 0M, In-Place: 0
[2025-08-01T14:46:52.132+0000] GC(384) Forwarding Usage: 0M
[2025-08-01T14:46:52.132+0000] GC(384) Min Capacity: 4096M(100%)
[2025-08-01T14:46:52.132+0000] GC(384) Max Capacity: 4096M(100%)
[2025-08-01T14:46:52.132+0000] GC(384) Soft Max Capacity: 4096M(100%)
[2025-08-01T14:46:52.132+0000] GC(384)                Mark Start          Mark End        Relocate Start      Relocate End           High               Low         
[2025-08-01T14:46:52.132+0000] GC(384)  Capacity:     4096M (100%)       4096M (100%)       4096M (100%)       4096M (100%)       4096M (100%)       4096M (100%)   
[2025-08-01T14:46:52.132+0000] GC(384)      Free:     1078M (26%)         562M (14%)        2922M (71%)        2918M (71%)        2946M (72%)         518M (13%)    
[2025-08-01T14:46:52.132+0000] GC(384)      Used:     3018M (74%)        3534M (86%)        1174M (29%)        1178M (29%)        3578M (87%)        1150M (28%)    
[2025-08-01T14:46:52.132+0000] GC(384)      Live:         -               523M (13%)         523M (13%)         523M (13%)            -                  -          
[2025-08-01T14:46:52.132+0000] GC(384) Allocated:         -               516M (13%)         602M (15%)         612M (15%)            -                  -          
[2025-08-01T14:46:52.132+0000] GC(384)   Garbage:         -              2494M (61%)          48M (1%)           42M (1%)             -                  -          
[2025-08-01T14:46:52.132+0000] GC(384) Reclaimed:         -                  -              2446M (60%)        2452M (60%)            -                  -          
[2025-08-01T14:46:52.132+0000] GC(384) Garbage Collection (Allocation Rate) 3018M(74%)->1178M(29%)
[2025-08-01T14:46:52.493+0000] GC(385) Heap before GC invocations=385 (full 385):
[2025-08-01T14:46:52.493+0000] GC(385)  ZHeap           used 2958M, capacity 4096M, max capacity 4096M
[2025-08-01T14:46:52.493+0000] GC(385)  Metaspace       used 10643K, committed 10880K, reserved 1114112K
[2025-08-01T14:46:52.493+0000] GC(385)   class space    used 1265K, committed 1344K, reserved 1048576K
[2025-08-01T14:46:52.493+0000] GC(385) Garbage Collection (Allocation Rate)
[2025-08-01T14:46:52.493+0000] GC(385) Using 2 workers
[2025-08-01T14:46:52.494+0000] GC(385) Pause Mark Start 0.014ms
[2025-08-01T14:46:52.598+0000] GC(385) Concurrent Mark 103.608ms
[2025-08-01T14:46:52.598+0000] GC(385) Pause Mark End 0.019ms
[2025-08-01T14:46:52.598+0000] GC(385) Concurrent Mark Free 0.002ms
[2025-08-01T14:46:52.602+0000] GC(385) Concurrent Process Non-Strong References 3.880ms
[2025-08-01T14:46:52.602+0000] GC(385) Concurrent Reset Relocation Set 0.003ms
[2025-08-01T14:46:52.606+0000] GC(385) Concurrent Select Relocation Set 3.641ms
[2025-08-01T14:46:52.606+0000] GC(385) Pause Relocate Start 0.015ms
[2025-08-01T14:46:52.607+0000] GC(385) Concurrent Relocate 0.878ms
[2025-08-01T14:46:52.607+0000] GC(385) Heap after GC invocations=386 (full 386):
[2025-08-01T14:46:52.607+0000] GC(385)  ZHeap           used 1130M, capacity 4096M, max capacity 4096M
[2025-08-01T14:46:52.607+0000] GC(385)  Metaspace       used 10643K, committed 10880K, reserved 1114112K
[2025-08-01T14:46:52.607+0000] GC(385)   class space    used 1265K, committed 1344K, reserved 1048576K
[2025-08-01T14:46:52.608+0000] GC(385) Load: 2.11/1.03/0.46
[2025-08-01T14:46:52.608+0000] GC(385) MMU: 2ms/90.0%, 5ms/96.0%, 10ms/97.9%, 20ms/98.9%, 50ms/99.6%, 100ms/99.8%
[2025-08-01T14:46:52.608+0000] GC(385) Mark: 2 stripe(s), 2 proactive flush(es), 1 terminate flush(es), 0 completion(s), 0 continuation(s) 
[2025-08-01T14:46:52.608+0000] GC(385) Mark Stack Usage: 32M
[2025-08-01T14:46:52.608+0000] GC(385) NMethods: 1415 registered, 180 unregistered
[2025-08-01T14:46:52.608+0000] GC(385) Metaspace: 10M used, 10M committed, 1088M reserved
[2025-08-01T14:46:52.608+0000] GC(385) Soft: 228 encountered, 0 discovered, 0 enqueued
[2025-08-01T14:46:52.608+0000] GC(385) Weak: 934 encountered, 719 discovered, 0 enqueued
[2025-08-01T14:46:52.608+0000] GC(385) Final: 0 encountered, 0 discovered, 0 enqueued
[2025-08-01T14:46:52.608+0000] GC(385) Phantom: 3 encountered, 1 discovered, 0 enqueued
[2025-08-01T14:46:52.608+0000] GC(385) Small Pages: 1464 / 2928M, Empty: 2462M, Relocated: 2M, In-Place: 0
[2025-08-01T14:46:52.608+0000] GC(385) Medium Pages: 1 / 32M, Empty: 0M, Relocated: 0M, In-Place: 0
[2025-08-01T14:46:52.608+0000] GC(385) Large Pages: 0 / 0M, Empty: 0M, Relocated: 0M, In-Place: 0
[2025-08-01T14:46:52.608+0000] GC(385) Forwarding Usage: 0M
[2025-08-01T14:46:52.608+0000] GC(385) Min Capacity: 4096M(100%)
[2025-08-01T14:46:52.608+0000] GC(385) Max Capacity: 4096M(100%)
[2025-08-01T14:46:52.608+0000] GC(385) Soft Max Capacity: 4096M(100%)
[2025-08-01T14:46:52.608+0000] GC(385)                Mark Start          Mark End        Relocate Start      Relocate End           High               Low         
[2025-08-01T14:46:52.608+0000] GC(385)  Capacity:     4096M (100%)       4096M (100%)       4096M (100%)       4096M (100%)       4096M (100%)       4096M (100%)   
[2025-08-01T14:46:52.608+0000] GC(385)      Free:     1136M (28%)         566M (14%)        2962M (72%)        2968M (72%)        2968M (72%)         534M (13%)    
[2025-08-01T14:46:52.608+0000] GC(385)      Used:     2960M (72%)        3530M (86%)        1134M (28%)        1128M (28%)        3562M (87%)        1128M (28%)    
[2025-08-01T14:46:52.608+0000] GC(385)      Live:         -               447M (11%)         447M (11%)         447M (11%)            -                  -          
[2025-08-01T14:46:52.608+0000] GC(385) Allocated:         -               570M (14%)         636M (16%)         640M (16%)            -                  -          
[2025-08-01T14:46:52.608+0000] GC(385)   Garbage:         -              2512M (61%)          50M (1%)           40M (1%)             -                  -          
[2025-08-01T14:46:52.608+0000] GC(385) Reclaimed:         -                  -              2462M (60%)        2472M (60%)            -                  -          
[2025-08-01T14:46:52.608+0000] GC(385) Garbage Collection (Allocation Rate) 2960M(72%)->1128M(28%)
[2025-08-01T14:46:52.993+0000] GC(386) Heap before GC invocations=386 (full 386):
[2025-08-01T14:46:52.993+0000] GC(386)  ZHeap           used 3072M, capacity 4096M, max capacity 4096M
[2025-08-01T14:46:52.993+0000] GC(386)  Metaspace       used 10643K, committed 10880K, reserved 1114112K
[2025-08-01T14:46:52.993+0000] GC(386)   class space    used 1265K, committed 1344K, reserved 1048576K
[2025-08-01T14:46:52.993+0000] GC(386) Garbage Collection (Allocation Rate)
[2025-08-01T14:46:52.993+0000] GC(386) Using 2 workers
[2025-08-01T14:46:52.993+0000] GC(386) Pause Mark Start 0.015ms
[2025-08-01T14:46:53.089+0000] GC(386) Concurrent Mark 95.489ms
[2025-08-01T14:46:53.089+0000] GC(386) Pause Mark End 0.013ms
[2025-08-01T14:46:53.089+0000] GC(386) Concurrent Mark Free 0.001ms
[2025-08-01T14:46:53.092+0000] GC(386) Concurrent Process Non-Strong References 3.186ms
[2025-08-01T14:46:53.092+0000] GC(386) Concurrent Reset Relocation Set 0.002ms
[2025-08-01T14:46:53.096+0000] GC(386) Concurrent Select Relocation Set 3.366ms
[2025-08-01T14:46:53.096+0000] GC(386) Pause Relocate Start 0.015ms
[2025-08-01T14:46:53.099+0000] GC(386) Concurrent Relocate 2.350ms
[2025-08-01T14:46:53.099+0000] GC(386) Heap after GC invocations=387 (full 387):
[2025-08-01T14:46:53.099+0000] GC(386)  ZHeap           used 948M, capacity 4096M, max capacity 4096M
[2025-08-01T14:46:53.099+0000] GC(386)  Metaspace       used 10643K, committed 10880K, reserved 1114112K
[2025-08-01T14:46:53.099+0000] GC(386)   class space    used 1265K, committed 1344K, reserved 1048576K
[2025-08-01T14:46:53.099+0000] GC(386) Load: 2.11/1.03/0.46
[2025-08-01T14:46:53.099+0000] GC(386) MMU: 2ms/90.0%, 5ms/96.0%, 10ms/97.9%, 20ms/98.9%, 50ms/99.6%, 100ms/99.8%
[2025-08-01T14:46:53.099+0000] GC(386) Mark: 2 stripe(s), 2 proactive flush(es), 1 terminate flush(es), 0 completion(s), 0 continuation(s) 
[2025-08-01T14:46:53.099+0000] GC(386) Mark Stack Usage: 32M
[2025-08-01T14:46:53.099+0000] GC(386) NMethods: 1415 registered, 180 unregistered
[2025-08-01T14:46:53.099+0000] GC(386) Metaspace: 10M used, 10M committed, 1088M reserved
[2025-08-01T14:46:53.099+0000] GC(386) Soft: 228 encountered, 0 discovered, 0 enqueued
[2025-08-01T14:46:53.099+0000] GC(386) Weak: 934 encountered, 651 discovered, 0 enqueued
[2025-08-01T14:46:53.099+0000] GC(386) Final: 0 encountered, 0 discovered, 0 enqueued
[2025-08-01T14:46:53.099+0000] GC(386) Phantom: 3 encountered, 1 discovered, 0 enqueued
[2025-08-01T14:46:53.099+0000] GC(386) Small Pages: 1520 / 3040M, Empty: 2612M, Relocated: 5M, In-Place: 0
[2025-08-01T14:46:53.099+0000] GC(386) Medium Pages: 1 / 32M, Empty: 0M, Relocated: 0M, In-Place: 0
[2025-08-01T14:46:53.099+0000] GC(386) Large Pages: 0 / 0M, Empty: 0M, Relocated: 0M, In-Place: 0
[2025-08-01T14:46:53.099+0000] GC(386) Forwarding Usage: 0M
[2025-08-01T14:46:53.099+0000] GC(386) Min Capacity: 4096M(100%)
[2025-08-01T14:46:53.099+0000] GC(386) Max Capacity: 4096M(100%)
[2025-08-01T14:46:53.099+0000] GC(386) Soft Max Capacity: 4096M(100%)
[2025-08-01T14:46:53.099+0000] GC(386)                Mark Start          Mark End        Relocate Start      Relocate End           High               Low         
[2025-08-01T14:46:53.099+0000] GC(386)  Capacity:     4096M (100%)       4096M (100%)       4096M (100%)       4096M (100%)       4096M (100%)       4096M (100%)   
[2025-08-01T14:46:53.099+0000] GC(386)      Free:     1024M (25%)         568M (14%)        3146M (77%)        3148M (77%)        3154M (77%)         554M (14%)    
[2025-08-01T14:46:53.099+0000] GC(386)      Used:     3072M (75%)        3528M (86%)         950M (23%)         948M (23%)        3542M (86%)         942M (23%)    
[2025-08-01T14:46:53.099+0000] GC(386)      Live:         -               406M (10%)         406M (10%)         406M (10%)            -                  -          
[2025-08-01T14:46:53.099+0000] GC(386) Allocated:         -               456M (11%)         490M (12%)         500M (12%)            -                  -          
[2025-08-01T14:46:53.099+0000] GC(386)   Garbage:         -              2665M (65%)          53M (1%)           41M (1%)             -                  -          
[2025-08-01T14:46:53.099+0000] GC(386) Reclaimed:         -                  -              2612M (64%)        2624M (64%)            -                  -          
[2025-08-01T14:46:53.099+0000] GC(386) Garbage Collection (Allocation Rate) 3072M(75%)->948M(23%)
[2025-08-01T14:46:53.492+0000] GC(387) Heap before GC invocations=387 (full 387):
[2025-08-01T14:46:53.492+0000] GC(387)  ZHeap           used 2934M, capacity 4096M, max capacity 4096M
[2025-08-01T14:46:53.492+0000] GC(387)  Metaspace       used 10643K, committed 10880K, reserved 1114112K
[2025-08-01T14:46:53.492+0000] GC(387)   class space    used 1265K, committed 1344K, reserved 1048576K
[2025-08-01T14:46:53.492+0000] GC(387) Garbage Collection (Allocation Rate)
[2025-08-01T14:46:53.492+0000] GC(387) Using 2 workers
[2025-08-01T14:46:53.494+0000] GC(387) Pause Mark Start 0.013ms
[2025-08-01T14:46:53.646+0000] GC(387) Concurrent Mark 151.384ms
[2025-08-01T14:46:53.646+0000] GC(387) Pause Mark End 0.014ms
[2025-08-01T14:46:53.646+0000] GC(387) Concurrent Mark Free 0.002ms
[2025-08-01T14:46:53.649+0000] GC(387) Concurrent Process Non-Strong References 2.459ms
[2025-08-01T14:46:53.649+0000] GC(387) Concurrent Reset Relocation Set 0.002ms
[2025-08-01T14:46:53.652+0000] GC(387) Concurrent Select Relocation Set 3.367ms
[2025-08-01T14:46:53.652+0000] GC(387) Pause Relocate Start 0.008ms
[2025-08-01T14:46:53.655+0000] GC(387) Concurrent Relocate 2.748ms
[2025-08-01T14:46:53.655+0000] GC(387) Heap after GC invocations=388 (full 388):
[2025-08-01T14:46:53.655+0000] GC(387)  ZHeap           used 1310M, capacity 4096M, max capacity 4096M
[2025-08-01T14:46:53.655+0000] GC(387)  Metaspace       used 10643K, committed 10880K, reserved 1114112K
[2025-08-01T14:46:53.655+0000] GC(387)   class space    used 1265K, committed 1344K, reserved 1048576K
[2025-08-01T14:46:53.655+0000] GC(387) Load: 2.11/1.03/0.46
[2025-08-01T14:46:53.655+0000] GC(387) MMU: 2ms/90.0%, 5ms/96.0%, 10ms/97.9%, 20ms/98.9%, 50ms/99.6%, 100ms/99.8%
[2025-08-01T14:46:53.655+0000] GC(387) Mark: 2 stripe(s), 2 proactive flush(es), 1 terminate flush(es), 0 completion(s), 0 continuation(s) 
[2025-08-01T14:46:53.655+0000] GC(387) Mark Stack Usage: 32M
[2025-08-01T14:46:53.655+0000] GC(387) NMethods: 1415 registered, 180 unregistered
[2025-08-01T14:46:53.655+0000] GC(387) Metaspace: 10M used, 10M committed, 1088M reserved
[2025-08-01T14:46:53.655+0000] GC(387) Soft: 228 encountered, 0 discovered, 0 enqueued
[2025-08-01T14:46:53.655+0000] GC(387) Weak: 934 encountered, 690 discovered, 0 enqueued
[2025-08-01T14:46:53.655+0000] GC(387) Final: 0 encountered, 0 discovered, 0 enqueued
[2025-08-01T14:46:53.655+0000] GC(387) Phantom: 3 encountered, 2 discovered, 0 enqueued
[2025-08-01T14:46:53.655+0000] GC(387) Small Pages: 1453 / 2906M, Empty: 2338M, Relocated: 10M, In-Place: 0
[2025-08-01T14:46:53.655+0000] GC(387) Medium Pages: 1 / 32M, Empty: 0M, Relocated: 0M, In-Place: 0
[2025-08-01T14:46:53.655+0000] GC(387) Large Pages: 0 / 0M, Empty: 0M, Relocated: 0M, In-Place: 0
[2025-08-01T14:46:53.655+0000] GC(387) Forwarding Usage: 0M
[2025-08-01T14:46:53.655+0000] GC(387) Min Capacity: 4096M(100%)
[2025-08-01T14:46:53.655+0000] GC(387) Max Capacity: 4096M(100%)
[2025-08-01T14:46:53.655+0000] GC(387) Soft Max Capacity: 4096M(100%)
[2025-08-01T14:46:53.655+0000] GC(387)                Mark Start          Mark End        Relocate Start      Relocate End           High               Low         
[2025-08-01T14:46:53.655+0000] GC(387)  Capacity:     4096M (100%)       4096M (100%)       4096M (100%)       4096M (100%)       4096M (100%)       4096M (100%)   
[2025-08-01T14:46:53.655+0000] GC(387)      Free:     1158M (28%)         428M (10%)        2766M (68%)        2786M (68%)        2786M (68%)         428M (10%)    
[2025-08-01T14:46:53.655+0000] GC(387)      Used:     2938M (72%)        3668M (90%)        1330M (32%)        1310M (32%)        3668M (90%)        1310M (32%)    
[2025-08-01T14:46:53.655+0000] GC(387)      Live:         -               538M (13%)         538M (13%)         538M (13%)            -                  -          
[2025-08-01T14:46:53.655+0000] GC(387) Allocated:         -               730M (18%)         730M (18%)         730M (18%)            -                  -          
[2025-08-01T14:46:53.655+0000] GC(387)   Garbage:         -              2399M (59%)          61M (1%)           41M (1%)             -                  -          
[2025-08-01T14:46:53.655+0000] GC(387) Reclaimed:         -                  -              2338M (57%)        2358M (58%)            -                  -          
[2025-08-01T14:46:53.655+0000] GC(387) Garbage Collection (Allocation Rate) 2938M(72%)->1310M(32%)
[2025-08-01T14:46:53.693+0000] === Garbage Collection Statistics =======================================================================================================================
[2025-08-01T14:46:53.693+0000]                                                              Last 10s              Last 10m              Last 10h                Total
[2025-08-01T14:46:53.693+0000]                                                              Avg / Max             Avg / Max             Avg / Max             Avg / Max
[2025-08-01T14:46:53.693+0000]   Collector: Garbage Collection Cycle                    143.352 / 195.931     147.550 / 346.825     147.550 / 346.825     147.550 / 346.825     ms
[2025-08-01T14:46:53.693+0000]  Contention: Mark Segment Reset Contention                     0 / 0                 0 / 2                 0 / 2                 0 / 2           ops/s
[2025-08-01T14:46:53.693+0000]  Contention: Mark SeqNum Reset Contention                      0 / 0                 0 / 1                 0 / 1                 0 / 1           ops/s
[2025-08-01T14:46:53.693+0000]    Critical: Allocation Stall                                  0 / 0                 0 / 0                 0 / 0                 0 / 0           ops/s
[2025-08-01T14:46:53.693+0000]    Critical: Allocation Stall                              0.000 / 0.000         0.000 / 0.000         0.000 / 0.000         0.000 / 0.000       ms
[2025-08-01T14:46:53.693+0000]    Critical: GC Locker Stall                                   0 / 0                 0 / 0                 0 / 0                 0 / 0           ops/s
[2025-08-01T14:46:53.693+0000]    Critical: GC Locker Stall                               0.000 / 0.000         0.000 / 0.000         0.000 / 0.000         0.000 / 0.000       ms
[2025-08-01T14:46:53.693+0000]    Critical: Relocation Stall                                  0 / 0                 0 / 0                 0 / 0                 0 / 0           ops/s
[2025-08-01T14:46:53.693+0000]    Critical: Relocation Stall                              0.000 / 0.000         0.000 / 0.000         0.000 / 0.000         0.000 / 0.000       ms
[2025-08-01T14:46:53.693+0000]      Memory: Allocation Rate                                5004 / 5170           4704 / 5234           4704 / 5234           4704 / 5234        MB/s
[2025-08-01T14:46:53.693+0000]      Memory: Defragment                                        0 / 0                 0 / 0                 0 / 0                 0 / 0           ops/s
[2025-08-01T14:46:53.693+0000]      Memory: Out Of Memory                                     0 / 0                 0 / 0                 0 / 0                 0 / 0           ops/s
[2025-08-01T14:46:53.693+0000]      Memory: Page Cache Flush                                  0 / 0                 0 / 0                 0 / 0                 0 / 0           MB/s
[2025-08-01T14:46:53.693+0000]      Memory: Page Cache Hit L1                              2510 / 2592           2346 / 2621           2346 / 2621           2346 / 2621        ops/s
[2025-08-01T14:46:53.693+0000]      Memory: Page Cache Hit L2                                 0 / 0                 0 / 0                 0 / 0                 0 / 0           ops/s
[2025-08-01T14:46:53.693+0000]      Memory: Page Cache Hit L3                                 0 / 0                11 / 551              11 / 551              11 / 551         ops/s
[2025-08-01T14:46:53.693+0000]      Memory: Page Cache Miss                                   0 / 0                 0 / 1                 0 / 1                 0 / 1           ops/s
[2025-08-01T14:46:53.693+0000]      Memory: Uncommit                                          0 / 0                 0 / 0                 0 / 0                 0 / 0           MB/s
[2025-08-01T14:46:53.693+0000]      Memory: Undo Object Allocation Failed                     0 / 0                 0 / 3                 0 / 3                 0 / 3           ops/s
[2025-08-01T14:46:53.693+0000]      Memory: Undo Object Allocation Succeeded                  0 / 0                 0 / 3                 0 / 3                 0 / 3           ops/s
[2025-08-01T14:46:53.693+0000]      Memory: Undo Page Allocation                              0 / 0                 0 / 1                 0 / 1                 0 / 1           ops/s
[2025-08-01T14:46:53.694+0000]       Phase: Concurrent Mark                             132.165 / 186.120     135.590 / 335.006     135.590 / 335.006     135.590 / 335.006     ms
[2025-08-01T14:46:53.694+0000]       Phase: Concurrent Mark Continue                      0.000 / 0.000         0.000 / 0.000         0.000 / 0.000         0.000 / 0.000       ms
[2025-08-01T14:46:53.694+0000]       Phase: Concurrent Mark Free                          0.002 / 0.003         0.002 / 0.005         0.002 / 0.005         0.002 / 0.005       ms
[2025-08-01T14:46:53.694+0000]       Phase: Concurrent Process Non-Strong References      3.447 / 7.587         3.748 / 14.556        3.748 / 14.556        3.748 / 14.556      ms
[2025-08-01T14:46:53.694+0000]       Phase: Concurrent Relocate                           1.957 / 5.809         2.133 / 16.307        2.133 / 16.307        2.133 / 16.307      ms
[2025-08-01T14:46:53.694+0000]       Phase: Concurrent Reset Relocation Set               0.003 / 0.005         0.003 / 0.065         0.003 / 0.065         0.003 / 0.065       ms
[2025-08-01T14:46:53.694+0000]       Phase: Concurrent Select Relocation Set              3.594 / 5.691         3.701 / 16.702        3.701 / 16.702        3.701 / 16.702      ms
[2025-08-01T14:46:53.694+0000]       Phase: Pause Mark End                                0.018 / 0.030         0.021 / 0.200         0.021 / 0.200         0.021 / 0.200       ms
[2025-08-01T14:46:53.694+0000]       Phase: Pause Mark Start                              0.015 / 0.065         0.014 / 0.088         0.014 / 0.088         0.014 / 0.088       ms
[2025-08-01T14:46:53.694+0000]       Phase: Pause Relocate Start                          0.016 / 0.089         0.014 / 0.143         0.014 / 0.143         0.014 / 0.143       ms
[2025-08-01T14:46:53.694+0000]    Subphase: Concurrent Classes Purge                      0.025 / 0.038         0.037 / 1.924         0.037 / 1.924         0.037 / 1.924       ms
[2025-08-01T14:46:53.694+0000]    Subphase: Concurrent Classes Unlink                     2.156 / 3.512         2.396 / 8.637         2.396 / 8.637         2.396 / 8.637       ms
[2025-08-01T14:46:53.694+0000]    Subphase: Concurrent Mark                             130.665 / 185.178     134.072 / 334.367     134.072 / 334.367     134.072 / 334.367     ms
[2025-08-01T14:46:53.694+0000]    Subphase: Concurrent Mark Try Flush                     0.359 / 2.023         0.518 / 8.315         0.518 / 8.315         0.518 / 8.315       ms
[2025-08-01T14:46:53.694+0000]    Subphase: Concurrent Mark Try Terminate                 0.876 / 2.711         0.914 / 4.798         0.914 / 4.798         0.914 / 4.798       ms
[2025-08-01T14:46:53.694+0000]    Subphase: Concurrent References Enqueue                 0.001 / 0.001         0.001 / 0.079         0.001 / 0.079         0.001 / 0.079       ms
[2025-08-01T14:46:53.694+0000]    Subphase: Concurrent References Process                 0.359 / 1.737         0.321 / 1.918         0.321 / 1.918         0.321 / 1.918       ms
[2025-08-01T14:46:53.694+0000]    Subphase: Concurrent Roots ClassLoaderDataGraph         0.111 / 0.262         0.126 / 2.268         0.126 / 2.268         0.126 / 2.268       ms
[2025-08-01T14:46:53.694+0000]    Subphase: Concurrent Roots CodeCache                    0.000 / 0.000         0.000 / 0.000         0.000 / 0.000         0.000 / 0.000       ms
[2025-08-01T14:46:53.694+0000]    Subphase: Concurrent Roots JavaThreads                  0.104 / 0.244         0.120 / 2.387         0.120 / 2.387         0.120 / 2.387       ms
[2025-08-01T14:46:53.694+0000]    Subphase: Concurrent Roots OopStorageSet                0.019 / 0.030         0.027 / 0.238         0.027 / 0.238         0.027 / 0.238       ms
[2025-08-01T14:46:53.694+0000]    Subphase: Concurrent Weak Roots OopStorageSet           0.189 / 0.658         0.214 / 2.271         0.214 / 2.271         0.214 / 2.271       ms
[2025-08-01T14:46:53.694+0000]    Subphase: Pause Mark Try Complete                       0.000 / 0.000         0.000 / 0.000         0.000 / 0.000         0.000 / 0.000       ms
[2025-08-01T14:46:53.694+0000]      System: Java Threads                                     14 / 14               14 / 14               14 / 14               14 / 14          threads
[2025-08-01T14:46:53.694+0000] =========================================================================================================================================================
[2025-08-01T14:46:53.893+0000] GC(388) Heap before GC invocations=388 (full 388):
[2025-08-01T14:46:53.893+0000] GC(388)  ZHeap           used 2504M, capacity 4096M, max capacity 4096M
[2025-08-01T14:46:53.893+0000] GC(388)  Metaspace       used 10643K, committed 10880K, reserved 1114112K
[2025-08-01T14:46:53.893+0000] GC(388)   class space    used 1265K, committed 1344K, reserved 1048576K
[2025-08-01T14:46:53.893+0000] GC(388) Garbage Collection (Allocation Rate)
[2025-08-01T14:46:53.893+0000] GC(388) Using 2 workers
[2025-08-01T14:46:53.894+0000] GC(388) Pause Mark Start 0.011ms
[2025-08-01T14:46:54.044+0000] GC(388) Concurrent Mark 150.130ms
[2025-08-01T14:46:54.044+0000] GC(388) Pause Mark End 0.018ms
[2025-08-01T14:46:54.044+0000] GC(388) Concurrent Mark Free 0.001ms
[2025-08-01T14:46:54.047+0000] GC(388) Concurrent Process Non-Strong References 3.028ms
[2025-08-01T14:46:54.047+0000] GC(388) Concurrent Reset Relocation Set 0.003ms
[2025-08-01T14:46:54.050+0000] GC(388) Concurrent Select Relocation Set 3.039ms
[2025-08-01T14:46:54.051+0000] GC(388) Pause Relocate Start 0.009ms
[2025-08-01T14:46:54.052+0000] GC(388) Concurrent Relocate 1.083ms
[2025-08-01T14:46:54.052+0000] GC(388) Heap after GC invocations=389 (full 389):
[2025-08-01T14:46:54.052+0000] GC(388)  ZHeap           used 1432M, capacity 4096M, max capacity 4096M
[2025-08-01T14:46:54.052+0000] GC(388)  Metaspace       used 10643K, committed 10880K, reserved 1114112K
[2025-08-01T14:46:54.052+0000] GC(388)   class space    used 1265K, committed 1344K, reserved 1048576K
[2025-08-01T14:46:54.052+0000] GC(388) Load: 2.11/1.03/0.46
[2025-08-01T14:46:54.052+0000] GC(388) MMU: 2ms/90.0%, 5ms/96.0%, 10ms/97.9%, 20ms/98.9%, 50ms/99.6%, 100ms/99.8%
[2025-08-01T14:46:54.052+0000] GC(388) Mark: 2 stripe(s), 2 proactive flush(es), 1 terminate flush(es), 0 completion(s), 0 continuation(s) 
[2025-08-01T14:46:54.052+0000] GC(388) Mark Stack Usage: 32M
[2025-08-01T14:46:54.052+0000] GC(388) NMethods: 1415 registered, 180 unregistered
[2025-08-01T14:46:54.052+0000] GC(388) Metaspace: 10M used, 10M committed, 1088M reserved
[2025-08-01T14:46:54.052+0000] GC(388) Soft: 228 encountered, 0 discovered, 0 enqueued
[2025-08-01T14:46:54.052+0000] GC(388) Weak: 934 encountered, 702 discovered, 0 enqueued
[2025-08-01T14:46:54.052+0000] GC(388) Final: 0 encountered, 0 discovered, 0 enqueued
[2025-08-01T14:46:54.052+0000] GC(388) Phantom: 3 encountered, 1 discovered, 0 enqueued
[2025-08-01T14:46:54.052+0000] GC(388) Small Pages: 1236 / 2472M, Empty: 1792M, Relocated: 3M, In-Place: 0
[2025-08-01T14:46:54.052+0000] GC(388) Medium Pages: 1 / 32M, Empty: 0M, Relocated: 0M, In-Place: 0
[2025-08-01T14:46:54.052+0000] GC(388) Large Pages: 0 / 0M, Empty: 0M, Relocated: 0M, In-Place: 0
[2025-08-01T14:46:54.052+0000] GC(388) Forwarding Usage: 0M
[2025-08-01T14:46:54.052+0000] GC(388) Min Capacity: 4096M(100%)
[2025-08-01T14:46:54.052+0000] GC(388) Max Capacity: 4096M(100%)
[2025-08-01T14:46:54.052+0000] GC(388) Soft Max Capacity: 4096M(100%)
[2025-08-01T14:46:54.052+0000] GC(388)                Mark Start          Mark End        Relocate Start      Relocate End           High               Low         
[2025-08-01T14:46:54.052+0000] GC(388)  Capacity:     4096M (100%)       4096M (100%)       4096M (100%)       4096M (100%)       4096M (100%)       4096M (100%)   
[2025-08-01T14:46:54.052+0000] GC(388)      Free:     1592M (39%)         852M (21%)        2644M (65%)        2664M (65%)        2664M (65%)         852M (21%)    
[2025-08-01T14:46:54.052+0000] GC(388)      Used:     2504M (61%)        3244M (79%)        1452M (35%)        1432M (35%)        3244M (79%)        1432M (35%)    
[2025-08-01T14:46:54.052+0000] GC(388)      Live:         -               649M (16%)         649M (16%)         649M (16%)            -                  -          
[2025-08-01T14:46:54.052+0000] GC(388) Allocated:         -               740M (18%)         740M (18%)         740M (18%)            -                  -          
[2025-08-01T14:46:54.052+0000] GC(388)   Garbage:         -              1854M (45%)          62M (2%)           42M (1%)             -                  -          
[2025-08-01T14:46:54.052+0000] GC(388) Reclaimed:         -                  -              1792M (44%)        1812M (44%)            -                  -          
[2025-08-01T14:46:54.052+0000] GC(388) Garbage Collection (Allocation Rate) 2504M(61%)->1432M(35%)
[2025-08-01T14:46:54.295+0000] GC(389) Heap before GC invocations=389 (full 389):
[2025-08-01T14:46:54.295+0000] GC(389)  ZHeap           used 2608M, capacity 4096M, max capacity 4096M
[2025-08-01T14:46:54.295+0000] GC(389)  Metaspace       used 10643K, committed 10880K, reserved 1114112K
[2025-08-01T14:46:54.295+0000] GC(389)   class space    used 1265K, committed 1344K, reserved 1048576K
[2025-08-01T14:46:54.295+0000] GC(389) Garbage Collection (Allocation Rate)
[2025-08-01T14:46:54.295+0000] GC(389) Using 2 workers
[2025-08-01T14:46:54.298+0000] GC(389) Pause Mark Start 0.024ms
[2025-08-01T14:46:54.464+0000] GC(389) Concurrent Mark 161.371ms
[2025-08-01T14:46:54.465+0000] GC(389) Pause Mark End 0.018ms
[2025-08-01T14:46:54.465+0000] GC(389) Concurrent Mark Free 0.001ms
[2025-08-01T14:46:54.468+0000] GC(389) Concurrent Process Non-Strong References 2.842ms
[2025-08-01T14:46:54.468+0000] GC(389) Concurrent Reset Relocation Set 0.003ms
[2025-08-01T14:46:54.472+0000] GC(389) Concurrent Select Relocation Set 3.896ms
[2025-08-01T14:46:54.473+0000] GC(389) Pause Relocate Start 0.011ms
[2025-08-01T14:46:54.477+0000] GC(389) Concurrent Relocate 3.898ms
[2025-08-01T14:46:54.477+0000] GC(389) Heap after GC invocations=390 (full 390):
[2025-08-01T14:46:54.477+0000] GC(389)  ZHeap           used 1530M, capacity 4096M, max capacity 4096M
[2025-08-01T14:46:54.477+0000] GC(389)  Metaspace       used 10643K, committed 10880K, reserved 1114112K
[2025-08-01T14:46:54.477+0000] GC(389)   class space    used 1265K, committed 1344K, reserved 1048576K
[2025-08-01T14:46:54.477+0000] GC(389) Load: 2.11/1.03/0.46
[2025-08-01T14:46:54.478+0000] GC(389) MMU: 2ms/90.0%, 5ms/96.0%, 10ms/97.9%, 20ms/98.9%, 50ms/99.6%, 100ms/99.8%
[2025-08-01T14:46:54.478+0000] GC(389) Mark: 2 stripe(s), 2 proactive flush(es), 1 terminate flush(es), 0 completion(s), 0 continuation(s) 
[2025-08-01T14:46:54.478+0000] GC(389) Mark Stack Usage: 32M
[2025-08-01T14:46:54.478+0000] GC(389) NMethods: 1415 registered, 180 unregistered
[2025-08-01T14:46:54.478+0000] GC(389) Metaspace: 10M used, 10M committed, 1088M reserved
[2025-08-01T14:46:54.478+0000] GC(389) Soft: 228 encountered, 0 discovered, 0 enqueued
[2025-08-01T14:46:54.478+0000] GC(389) Weak: 934 encountered, 701 discovered, 0 enqueued
[2025-08-01T14:46:54.478+0000] GC(389) Final: 0 encountered, 0 discovered, 0 enqueued
[2025-08-01T14:46:54.478+0000] GC(389) Phantom: 3 encountered, 1 discovered, 0 enqueued
[2025-08-01T14:46:54.478+0000] GC(389) Small Pages: 1292 / 2584M, Empty: 1936M, Relocated: 5M, In-Place: 0
[2025-08-01T14:46:54.478+0000] GC(389) Medium Pages: 1 / 32M, Empty: 0M, Relocated: 0M, In-Place: 0
[2025-08-01T14:46:54.478+0000] GC(389) Large Pages: 0 / 0M, Empty: 0M, Relocated: 0M, In-Place: 0
[2025-08-01T14:46:54.478+0000] GC(389) Forwarding Usage: 0M
[2025-08-01T14:46:54.478+0000] GC(389) Min Capacity: 4096M(100%)
[2025-08-01T14:46:54.478+0000] GC(389) Max Capacity: 4096M(100%)
[2025-08-01T14:46:54.478+0000] GC(389) Soft Max Capacity: 4096M(100%)
[2025-08-01T14:46:54.478+0000] GC(389)                Mark Start          Mark End        Relocate Start      Relocate End           High               Low         
[2025-08-01T14:46:54.478+0000] GC(389)  Capacity:     4096M (100%)       4096M (100%)       4096M (100%)       4096M (100%)       4096M (100%)       4096M (100%)   
[2025-08-01T14:46:54.478+0000] GC(389)      Free:     1480M (36%)         688M (17%)        2584M (63%)        2570M (63%)        2590M (63%)         670M (16%)    
[2025-08-01T14:46:54.478+0000] GC(389)      Used:     2616M (64%)        3408M (83%)        1512M (37%)        1526M (37%)        3426M (84%)        1506M (37%)    
[2025-08-01T14:46:54.478+0000] GC(389)      Live:         -               619M (15%)         619M (15%)         619M (15%)            -                  -          
[2025-08-01T14:46:54.478+0000] GC(389) Allocated:         -               792M (19%)         832M (20%)         860M (21%)            -                  -          
[2025-08-01T14:46:54.478+0000] GC(389)   Garbage:         -              1996M (49%)          60M (1%)           46M (1%)             -                  -          
[2025-08-01T14:46:54.478+0000] GC(389) Reclaimed:         -                  -              1936M (47%)        1950M (48%)            -                  -          
[2025-08-01T14:46:54.478+0000] GC(389) Garbage Collection (Allocation Rate) 2616M(64%)->1526M(37%)
[2025-08-01T14:46:54.693+0000] GC(390) Heap before GC invocations=390 (full 390):
[2025-08-01T14:46:54.693+0000] GC(390)  ZHeap           used 2612M, capacity 4096M, max capacity 4096M
[2025-08-01T14:46:54.693+0000] GC(390)  Metaspace       used 10643K, committed 10880K, reserved 1114112K
[2025-08-01T14:46:54.693+0000] GC(390)   class space    used 1265K, committed 1344K, reserved 1048576K
[2025-08-01T14:46:54.693+0000] GC(390) Garbage Collection (Allocation Rate)
[2025-08-01T14:46:54.693+0000] GC(390) Using 2 workers
[2025-08-01T14:46:54.694+0000] GC(390) Pause Mark Start 0.016ms
[2025-08-01T14:46:54.858+0000] GC(390) Concurrent Mark 164.583ms
[2025-08-01T14:46:54.859+0000] GC(390) Pause Mark End 0.018ms
[2025-08-01T14:46:54.859+0000] GC(390) Concurrent Mark Free 0.003ms
[2025-08-01T14:46:54.863+0000] GC(390) Concurrent Process Non-Strong References 4.426ms
[2025-08-01T14:46:54.863+0000] GC(390) Concurrent Reset Relocation Set 0.003ms
[2025-08-01T14:46:54.867+0000] GC(390) Concurrent Select Relocation Set 3.248ms
[2025-08-01T14:46:54.867+0000] GC(390) Pause Relocate Start 0.013ms
[2025-08-01T14:46:54.868+0000] GC(390) Concurrent Relocate 0.942ms
[2025-08-01T14:46:54.868+0000] GC(390) Heap after GC invocations=391 (full 391):
[2025-08-01T14:46:54.868+0000] GC(390)  ZHeap           used 1410M, capacity 4096M, max capacity 4096M
[2025-08-01T14:46:54.868+0000] GC(390)  Metaspace       used 10643K, committed 10880K, reserved 1114112K
[2025-08-01T14:46:54.868+0000] GC(390)   class space    used 1265K, committed 1344K, reserved 1048576K
[2025-08-01T14:46:54.868+0000] GC(390) Load: 2.11/1.03/0.46
[2025-08-01T14:46:54.868+0000] GC(390) MMU: 2ms/90.0%, 5ms/96.0%, 10ms/97.9%, 20ms/98.9%, 50ms/99.6%, 100ms/99.8%
[2025-08-01T14:46:54.868+0000] GC(390) Mark: 2 stripe(s), 2 proactive flush(es), 1 terminate flush(es), 0 completion(s), 0 continuation(s) 
[2025-08-01T14:46:54.868+0000] GC(390) Mark Stack Usage: 32M
[2025-08-01T14:46:54.868+0000] GC(390) NMethods: 1415 registered, 180 unregistered
[2025-08-01T14:46:54.868+0000] GC(390) Metaspace: 10M used, 10M committed, 1088M reserved
[2025-08-01T14:46:54.868+0000] GC(390) Soft: 228 encountered, 0 discovered, 0 enqueued
[2025-08-01T14:46:54.868+0000] GC(390) Weak: 934 encountered, 689 discovered, 0 enqueued
[2025-08-01T14:46:54.868+0000] GC(390) Final: 0 encountered, 0 discovered, 0 enqueued
[2025-08-01T14:46:54.868+0000] GC(390) Phantom: 3 encountered, 1 discovered, 0 enqueued
[2025-08-01T14:46:54.868+0000] GC(390) Small Pages: 1290 / 2580M, Empty: 2020M, Relocated: 4M, In-Place: 0
[2025-08-01T14:46:54.868+0000] GC(390) Medium Pages: 1 / 32M, Empty: 0M, Relocated: 0M, In-Place: 0
[2025-08-01T14:46:54.868+0000] GC(390) Large Pages: 0 / 0M, Empty: 0M, Relocated: 0M, In-Place: 0
[2025-08-01T14:46:54.868+0000] GC(390) Forwarding Usage: 0M
[2025-08-01T14:46:54.868+0000] GC(390) Min Capacity: 4096M(100%)
[2025-08-01T14:46:54.868+0000] GC(390) Max Capacity: 4096M(100%)
[2025-08-01T14:46:54.868+0000] GC(390) Soft Max Capacity: 4096M(100%)
[2025-08-01T14:46:54.868+0000] GC(390)                Mark Start          Mark End        Relocate Start      Relocate End           High               Low         
[2025-08-01T14:46:54.868+0000] GC(390)  Capacity:     4096M (100%)       4096M (100%)       4096M (100%)       4096M (100%)       4096M (100%)       4096M (100%)   
[2025-08-01T14:46:54.868+0000] GC(390)      Free:     1484M (36%)         688M (17%)        2674M (65%)        2686M (66%)        2686M (66%)         666M (16%)    
[2025-08-01T14:46:54.868+0000] GC(390)      Used:     2612M (64%)        3408M (83%)        1422M (35%)        1410M (34%)        3430M (84%)        1410M (34%)    
[2025-08-01T14:46:54.868+0000] GC(390)      Live:         -               539M (13%)         539M (13%)         539M (13%)            -                  -          
[2025-08-01T14:46:54.868+0000] GC(390) Allocated:         -               796M (19%)         830M (20%)         830M (20%)            -                  -          
[2025-08-01T14:46:54.868+0000] GC(390)   Garbage:         -              2072M (51%)          52M (1%)           40M (1%)             -                  -          
[2025-08-01T14:46:54.868+0000] GC(390) Reclaimed:         -                  -              2020M (49%)        2032M (50%)            -                  -          
[2025-08-01T14:46:54.868+0000] GC(390) Garbage Collection (Allocation Rate) 2612M(64%)->1410M(34%)
[2025-08-01T14:46:55.093+0000] GC(391) Heap before GC invocations=391 (full 391):
[2025-08-01T14:46:55.093+0000] GC(391)  ZHeap           used 2514M, capacity 4096M, max capacity 4096M
[2025-08-01T14:46:55.093+0000] GC(391)  Metaspace       used 10643K, committed 10880K, reserved 1114112K
[2025-08-01T14:46:55.093+0000] GC(391)   class space    used 1265K, committed 1344K, reserved 1048576K
[2025-08-01T14:46:55.093+0000] GC(391) Garbage Collection (Allocation Rate)
[2025-08-01T14:46:55.093+0000] GC(391) Using 2 workers
[2025-08-01T14:46:55.094+0000] GC(391) Pause Mark Start 0.147ms
[2025-08-01T14:46:55.202+0000] GC(391) Concurrent Mark 108.335ms
[2025-08-01T14:46:55.202+0000] GC(391) Pause Mark End 0.014ms
[2025-08-01T14:46:55.203+0000] GC(391) Concurrent Mark Free 0.001ms
[2025-08-01T14:46:55.205+0000] GC(391) Concurrent Process Non-Strong References 2.208ms
[2025-08-01T14:46:55.205+0000] GC(391) Concurrent Reset Relocation Set 0.002ms
[2025-08-01T14:46:55.209+0000] GC(391) Concurrent Select Relocation Set 4.095ms
[2025-08-01T14:46:55.209+0000] GC(391) Pause Relocate Start 0.013ms
[2025-08-01T14:46:55.210+0000] GC(391) Concurrent Relocate 0.639ms
[2025-08-01T14:46:55.210+0000] GC(391) Heap after GC invocations=392 (full 392):
[2025-08-01T14:46:55.210+0000] GC(391)  ZHeap           used 1146M, capacity 4096M, max capacity 4096M
[2025-08-01T14:46:55.210+0000] GC(391)  Metaspace       used 10643K, committed 10880K, reserved 1114112K
[2025-08-01T14:46:55.210+0000] GC(391)   class space    used 1265K, committed 1344K, reserved 1048576K
[2025-08-01T14:46:55.210+0000] GC(391) Load: 2.11/1.03/0.46
[2025-08-01T14:46:55.210+0000] GC(391) MMU: 2ms/90.0%, 5ms/96.0%, 10ms/97.9%, 20ms/98.9%, 50ms/99.6%, 100ms/99.8%
[2025-08-01T14:46:55.210+0000] GC(391) Mark: 2 stripe(s), 3 proactive flush(es), 1 terminate flush(es), 0 completion(s), 0 continuation(s) 
[2025-08-01T14:46:55.210+0000] GC(391) Mark Stack Usage: 32M
[2025-08-01T14:46:55.210+0000] GC(391) NMethods: 1415 registered, 180 unregistered
[2025-08-01T14:46:55.210+0000] GC(391) Metaspace: 10M used, 10M committed, 1088M reserved
[2025-08-01T14:46:55.210+0000] GC(391) Soft: 228 encountered, 0 discovered, 0 enqueued
[2025-08-01T14:46:55.210+0000] GC(391) Weak: 934 encountered, 654 discovered, 0 enqueued
[2025-08-01T14:46:55.210+0000] GC(391) Final: 0 encountered, 0 discovered, 0 enqueued
[2025-08-01T14:46:55.210+0000] GC(391) Phantom: 3 encountered, 1 discovered, 0 enqueued
[2025-08-01T14:46:55.210+0000] GC(391) Small Pages: 1241 / 2482M, Empty: 1918M, Relocated: 1M, In-Place: 0
[2025-08-01T14:46:55.210+0000] GC(391) Medium Pages: 1 / 32M, Empty: 0M, Relocated: 0M, In-Place: 0
[2025-08-01T14:46:55.210+0000] GC(391) Large Pages: 0 / 0M, Empty: 0M, Relocated: 0M, In-Place: 0
[2025-08-01T14:46:55.210+0000] GC(391) Forwarding Usage: 0M
[2025-08-01T14:46:55.210+0000] GC(391) Min Capacity: 4096M(100%)
[2025-08-01T14:46:55.210+0000] GC(391) Max Capacity: 4096M(100%)
[2025-08-01T14:46:55.210+0000] GC(391) Soft Max Capacity: 4096M(100%)
[2025-08-01T14:46:55.210+0000] GC(391)                Mark Start          Mark End        Relocate Start      Relocate End           High               Low         
[2025-08-01T14:46:55.210+0000] GC(391)  Capacity:     4096M (100%)       4096M (100%)       4096M (100%)       4096M (100%)       4096M (100%)       4096M (100%)   
[2025-08-01T14:46:55.211+0000] GC(391)      Free:     1582M (39%)        1086M (27%)        2946M (72%)        2952M (72%)        2954M (72%)        1072M (26%)    
[2025-08-01T14:46:55.211+0000] GC(391)      Used:     2514M (61%)        3010M (73%)        1150M (28%)        1144M (28%)        3024M (74%)        1142M (28%)    
[2025-08-01T14:46:55.211+0000] GC(391)      Live:         -               541M (13%)         541M (13%)         541M (13%)            -                  -          
[2025-08-01T14:46:55.211+0000] GC(391) Allocated:         -               496M (12%)         554M (14%)         558M (14%)            -                  -          
[2025-08-01T14:46:55.211+0000] GC(391)   Garbage:         -              1972M (48%)          54M (1%)           44M (1%)             -                  -          
[2025-08-01T14:46:55.211+0000] GC(391) Reclaimed:         -                  -              1918M (47%)        1928M (47%)            -                  -          
[2025-08-01T14:46:55.211+0000] GC(391) Garbage Collection (Allocation Rate) 2514M(61%)->1144M(28%)
[2025-08-01T14:46:55.493+0000] GC(392) Heap before GC invocations=392 (full 392):
[2025-08-01T14:46:55.493+0000] GC(392)  ZHeap           used 2598M, capacity 4096M, max capacity 4096M
[2025-08-01T14:46:55.493+0000] GC(392)  Metaspace       used 10643K, committed 10880K, reserved 1114112K
[2025-08-01T14:46:55.493+0000] GC(392)   class space    used 1265K, committed 1344K, reserved 1048576K
[2025-08-01T14:46:55.493+0000] GC(392) Garbage Collection (Allocation Rate)
[2025-08-01T14:46:55.493+0000] GC(392) Using 2 workers
[2025-08-01T14:46:55.493+0000] GC(392) Pause Mark Start 0.010ms
[2025-08-01T14:46:55.660+0000] GC(392) Concurrent Mark 166.604ms
[2025-08-01T14:46:55.660+0000] GC(392) Pause Mark End 0.016ms
[2025-08-01T14:46:55.660+0000] GC(392) Concurrent Mark Free 0.001ms
[2025-08-01T14:46:55.663+0000] GC(392) Concurrent Process Non-Strong References 2.665ms
[2025-08-01T14:46:55.663+0000] GC(392) Concurrent Reset Relocation Set 0.002ms
[2025-08-01T14:46:55.666+0000] GC(392) Concurrent Select Relocation Set 2.603ms
[2025-08-01T14:46:55.666+0000] GC(392) Pause Relocate Start 0.008ms
[2025-08-01T14:46:55.669+0000] GC(392) Concurrent Relocate 2.850ms
[2025-08-01T14:46:55.669+0000] GC(392) Heap after GC invocations=393 (full 393):
[2025-08-01T14:46:55.669+0000] GC(392)  ZHeap           used 1434M, capacity 4096M, max capacity 4096M
[2025-08-01T14:46:55.669+0000] GC(392)  Metaspace       used 10643K, committed 10880K, reserved 1114112K
[2025-08-01T14:46:55.669+0000] GC(392)   class space    used 1265K, committed 1344K, reserved 1048576K
[2025-08-01T14:46:55.669+0000] GC(392) Load: 2.11/1.03/0.46
[2025-08-01T14:46:55.669+0000] GC(392) MMU: 2ms/90.0%, 5ms/96.0%, 10ms/97.9%, 20ms/98.9%, 50ms/99.6%, 100ms/99.8%
[2025-08-01T14:46:55.669+0000] GC(392) Mark: 2 stripe(s), 2 proactive flush(es), 1 terminate flush(es), 0 completion(s), 0 continuation(s) 
[2025-08-01T14:46:55.669+0000] GC(392) Mark Stack Usage: 32M
[2025-08-01T14:46:55.669+0000] GC(392) NMethods: 1415 registered, 180 unregistered
[2025-08-01T14:46:55.669+0000] GC(392) Metaspace: 10M used, 10M committed, 1088M reserved
[2025-08-01T14:46:55.669+0000] GC(392) Soft: 228 encountered, 0 discovered, 0 enqueued
[2025-08-01T14:46:55.669+0000] GC(392) Weak: 934 encountered, 715 discovered, 0 enqueued
[2025-08-01T14:46:55.669+0000] GC(392) Final: 0 encountered, 0 discovered, 0 enqueued
[2025-08-01T14:46:55.669+0000] GC(392) Phantom: 3 encountered, 1 discovered, 0 enqueued
[2025-08-01T14:46:55.669+0000] GC(392) Small Pages: 1283 / 2566M, Empty: 1892M, Relocated: 12M, In-Place: 0
[2025-08-01T14:46:55.669+0000] GC(392) Medium Pages: 1 / 32M, Empty: 0M, Relocated: 0M, In-Place: 0
[2025-08-01T14:46:55.669+0000] GC(392) Large Pages: 0 / 0M, Empty: 0M, Relocated: 0M, In-Place: 0
[2025-08-01T14:46:55.669+0000] GC(392) Forwarding Usage: 0M
[2025-08-01T14:46:55.669+0000] GC(392) Min Capacity: 4096M(100%)
[2025-08-01T14:46:55.669+0000] GC(392) Max Capacity: 4096M(100%)
[2025-08-01T14:46:55.669+0000] GC(392) Soft Max Capacity: 4096M(100%)
[2025-08-01T14:46:55.669+0000] GC(392)                Mark Start          Mark End        Relocate Start      Relocate End           High               Low         
[2025-08-01T14:46:55.669+0000] GC(392)  Capacity:     4096M (100%)       4096M (100%)       4096M (100%)       4096M (100%)       4096M (100%)       4096M (100%)   
[2025-08-01T14:46:55.669+0000] GC(392)      Free:     1498M (37%)         746M (18%)        2638M (64%)        2662M (65%)        2662M (65%)         746M (18%)    
[2025-08-01T14:46:55.669+0000] GC(392)      Used:     2598M (63%)        3350M (82%)        1458M (36%)        1434M (35%)        3350M (82%)        1434M (35%)    
[2025-08-01T14:46:55.669+0000] GC(392)      Live:         -               639M (16%)         639M (16%)         639M (16%)            -                  -          
[2025-08-01T14:46:55.669+0000] GC(392) Allocated:         -               752M (18%)         752M (18%)         752M (18%)            -                  -          
[2025-08-01T14:46:55.669+0000] GC(392)   Garbage:         -              1958M (48%)          66M (2%)           42M (1%)             -                  -          
[2025-08-01T14:46:55.669+0000] GC(392) Reclaimed:         -                  -              1892M (46%)        1916M (47%)            -                  -          
[2025-08-01T14:46:55.669+0000] GC(392) Garbage Collection (Allocation Rate) 2598M(63%)->1434M(35%)
[2025-08-01T14:46:55.894+0000] GC(393) Heap before GC invocations=393 (full 393):
[2025-08-01T14:46:55.894+0000] GC(393)  ZHeap           used 2556M, capacity 4096M, max capacity 4096M
[2025-08-01T14:46:55.894+0000] GC(393)  Metaspace       used 10643K, committed 10880K, reserved 1114112K
[2025-08-01T14:46:55.894+0000] GC(393)   class space    used 1265K, committed 1344K, reserved 1048576K
[2025-08-01T14:46:55.894+0000] GC(393) Garbage Collection (Allocation Rate)
[2025-08-01T14:46:55.894+0000] GC(393) Using 2 workers
[2025-08-01T14:46:55.895+0000] GC(393) Pause Mark Start 0.010ms
[2025-08-01T14:46:55.996+0000] GC(393) Concurrent Mark 101.177ms
[2025-08-01T14:46:55.997+0000] GC(393) Pause Mark End 0.022ms
[2025-08-01T14:46:55.997+0000] GC(393) Concurrent Mark Free 0.051ms
[2025-08-01T14:46:55.999+0000] GC(393) Concurrent Process Non-Strong References 2.393ms
[2025-08-01T14:46:55.999+0000] GC(393) Concurrent Reset Relocation Set 0.002ms
[2025-08-01T14:46:56.003+0000] GC(393) Concurrent Select Relocation Set 3.860ms
[2025-08-01T14:46:56.004+0000] GC(393) Pause Relocate Start 0.018ms
[2025-08-01T14:46:56.004+0000] GC(393) Concurrent Relocate 0.676ms
[2025-08-01T14:46:56.004+0000] GC(393) Heap after GC invocations=394 (full 394):
[2025-08-01T14:46:56.004+0000] GC(393)  ZHeap           used 972M, capacity 4096M, max capacity 4096M
[2025-08-01T14:46:56.004+0000] GC(393)  Metaspace       used 10643K, committed 10880K, reserved 1114112K
[2025-08-01T14:46:56.004+0000] GC(393)   class space    used 1265K, committed 1344K, reserved 1048576K
[2025-08-01T14:46:56.004+0000] GC(393) Load: 2.11/1.03/0.46
[2025-08-01T14:46:56.004+0000] GC(393) MMU: 2ms/90.0%, 5ms/96.0%, 10ms/97.9%, 20ms/98.9%, 50ms/99.6%, 100ms/99.8%
[2025-08-01T14:46:56.004+0000] GC(393) Mark: 2 stripe(s), 5 proactive flush(es), 1 terminate flush(es), 0 completion(s), 0 continuation(s) 
[2025-08-01T14:46:56.005+0000] GC(393) Mark Stack Usage: 32M
[2025-08-01T14:46:56.005+0000] GC(393) NMethods: 1415 registered, 180 unregistered
[2025-08-01T14:46:56.005+0000] GC(393) Metaspace: 10M used, 10M committed, 1088M reserved
[2025-08-01T14:46:56.005+0000] GC(393) Soft: 228 encountered, 0 discovered, 0 enqueued
[2025-08-01T14:46:56.005+0000] GC(393) Weak: 934 encountered, 703 discovered, 0 enqueued
[2025-08-01T14:46:56.005+0000] GC(393) Final: 0 encountered, 0 discovered, 0 enqueued
[2025-08-01T14:46:56.005+0000] GC(393) Phantom: 3 encountered, 1 discovered, 0 enqueued
[2025-08-01T14:46:56.005+0000] GC(393) Small Pages: 1263 / 2526M, Empty: 2068M, Relocated: 1M, In-Place: 0
[2025-08-01T14:46:56.005+0000] GC(393) Medium Pages: 1 / 32M, Empty: 0M, Relocated: 0M, In-Place: 0
[2025-08-01T14:46:56.005+0000] GC(393) Large Pages: 0 / 0M, Empty: 0M, Relocated: 0M, In-Place: 0
[2025-08-01T14:46:56.005+0000] GC(393) Forwarding Usage: 0M
[2025-08-01T14:46:56.005+0000] GC(393) Min Capacity: 4096M(100%)
[2025-08-01T14:46:56.005+0000] GC(393) Max Capacity: 4096M(100%)
[2025-08-01T14:46:56.005+0000] GC(393) Soft Max Capacity: 4096M(100%)
[2025-08-01T14:46:56.005+0000] GC(393)                Mark Start          Mark End        Relocate Start      Relocate End           High               Low         
[2025-08-01T14:46:56.005+0000] GC(393)  Capacity:     4096M (100%)       4096M (100%)       4096M (100%)       4096M (100%)       4096M (100%)       4096M (100%)   
[2025-08-01T14:46:56.005+0000] GC(393)      Free:     1538M (38%)        1094M (27%)        3120M (76%)        3124M (76%)        3128M (76%)        1080M (26%)    
[2025-08-01T14:46:56.005+0000] GC(393)      Used:     2558M (62%)        3002M (73%)         976M (24%)         972M (24%)        3016M (74%)         968M (24%)    
[2025-08-01T14:46:56.005+0000] GC(393)      Live:         -               438M (11%)         438M (11%)         438M (11%)            -                  -          
[2025-08-01T14:46:56.005+0000] GC(393) Allocated:         -               444M (11%)         486M (12%)         490M (12%)            -                  -          
[2025-08-01T14:46:56.005+0000] GC(393)   Garbage:         -              2119M (52%)          51M (1%)           43M (1%)             -                  -          
[2025-08-01T14:46:56.005+0000] GC(393) Reclaimed:         -                  -              2068M (50%)        2076M (51%)            -                  -          
[2025-08-01T14:46:56.005+0000] GC(393) Garbage Collection (Allocation Rate) 2558M(62%)->972M(24%)
[2025-08-01T14:46:56.294+0000] GC(394) Heap before GC invocations=394 (full 394):
[2025-08-01T14:46:56.294+0000] GC(394)  ZHeap           used 2400M, capacity 4096M, max capacity 4096M
[2025-08-01T14:46:56.294+0000] GC(394)  Metaspace       used 10643K, committed 10880K, reserved 1114112K
[2025-08-01T14:46:56.294+0000] GC(394)   class space    used 1265K, committed 1344K, reserved 1048576K
[2025-08-01T14:46:56.294+0000] GC(394) Garbage Collection (Allocation Rate)
[2025-08-01T14:46:56.294+0000] GC(394) Using 2 workers
[2025-08-01T14:46:56.294+0000] GC(394) Pause Mark Start 0.013ms
[2025-08-01T14:46:56.415+0000] GC(394) Concurrent Mark 120.188ms
[2025-08-01T14:46:56.416+0000] GC(394) Pause Mark End 0.016ms
[2025-08-01T14:46:56.416+0000] GC(394) Concurrent Mark Free 0.001ms
[2025-08-01T14:46:56.420+0000] GC(394) Concurrent Process Non-Strong References 4.716ms
[2025-08-01T14:46:56.420+0000] GC(394) Concurrent Reset Relocation Set 0.003ms
[2025-08-01T14:46:56.425+0000] GC(394) Concurrent Select Relocation Set 4.391ms
[2025-08-01T14:46:56.425+0000] GC(394) Pause Relocate Start 0.014ms
[2025-08-01T14:46:56.426+0000] GC(394) Concurrent Relocate 0.798ms
[2025-08-01T14:46:56.426+0000] GC(394) Heap after GC invocations=395 (full 395):
[2025-08-01T14:46:56.426+0000] GC(394)  ZHeap           used 1192M, capacity 4096M, max capacity 4096M
[2025-08-01T14:46:56.426+0000] GC(394)  Metaspace       used 10643K, committed 10880K, reserved 1114112K
[2025-08-01T14:46:56.426+0000] GC(394)   class space    used 1265K, committed 1344K, reserved 1048576K
[2025-08-01T14:46:56.427+0000] GC(394) Load: 2.11/1.03/0.46
[2025-08-01T14:46:56.427+0000] GC(394) MMU: 2ms/90.0%, 5ms/96.0%, 10ms/97.9%, 20ms/98.9%, 50ms/99.6%, 100ms/99.8%
[2025-08-01T14:46:56.427+0000] GC(394) Mark: 2 stripe(s), 2 proactive flush(es), 1 terminate flush(es), 0 completion(s), 0 continuation(s) 
[2025-08-01T14:46:56.427+0000] GC(394) Mark Stack Usage: 32M
[2025-08-01T14:46:56.427+0000] GC(394) NMethods: 1415 registered, 180 unregistered
[2025-08-01T14:46:56.427+0000] GC(394) Metaspace: 10M used, 10M committed, 1088M reserved
[2025-08-01T14:46:56.427+0000] GC(394) Soft: 228 encountered, 0 discovered, 0 enqueued
[2025-08-01T14:46:56.427+0000] GC(394) Weak: 934 encountered, 685 discovered, 0 enqueued
[2025-08-01T14:46:56.427+0000] GC(394) Final: 0 encountered, 0 discovered, 0 enqueued
[2025-08-01T14:46:56.427+0000] GC(394) Phantom: 3 encountered, 1 discovered, 0 enqueued
[2025-08-01T14:46:56.427+0000] GC(394) Small Pages: 1185 / 2370M, Empty: 1908M, Relocated: 1M, In-Place: 0
[2025-08-01T14:46:56.427+0000] GC(394) Medium Pages: 1 / 32M, Empty: 0M, Relocated: 0M, In-Place: 0
[2025-08-01T14:46:56.427+0000] GC(394) Large Pages: 0 / 0M, Empty: 0M, Relocated: 0M, In-Place: 0
[2025-08-01T14:46:56.427+0000] GC(394) Forwarding Usage: 0M
[2025-08-01T14:46:56.427+0000] GC(394) Min Capacity: 4096M(100%)
[2025-08-01T14:46:56.427+0000] GC(394) Max Capacity: 4096M(100%)
[2025-08-01T14:46:56.427+0000] GC(394) Soft Max Capacity: 4096M(100%)
[2025-08-01T14:46:56.427+0000] GC(394)                Mark Start          Mark End        Relocate Start      Relocate End           High               Low         
[2025-08-01T14:46:56.427+0000] GC(394)  Capacity:     4096M (100%)       4096M (100%)       4096M (100%)       4096M (100%)       4096M (100%)       4096M (100%)   
[2025-08-01T14:46:56.427+0000] GC(394)      Free:     1694M (41%)        1082M (26%)        2900M (71%)        2904M (71%)        2908M (71%)        1030M (25%)    
[2025-08-01T14:46:56.427+0000] GC(394)      Used:     2402M (59%)        3014M (74%)        1196M (29%)        1192M (29%)        3066M (75%)        1188M (29%)    
[2025-08-01T14:46:56.427+0000] GC(394)      Live:         -               441M (11%)         441M (11%)         441M (11%)            -                  -          
[2025-08-01T14:46:56.427+0000] GC(394) Allocated:         -               612M (15%)         702M (17%)         708M (17%)            -                  -          
[2025-08-01T14:46:56.427+0000] GC(394)   Garbage:         -              1960M (48%)          52M (1%)           42M (1%)             -                  -          
[2025-08-01T14:46:56.427+0000] GC(394) Reclaimed:         -                  -              1908M (47%)        1918M (47%)            -                  -          
[2025-08-01T14:46:56.427+0000] GC(394) Garbage Collection (Allocation Rate) 2402M(59%)->1192M(29%)
[2025-08-01T14:46:56.792+0000] GC(395) Heap before GC invocations=395 (full 395):
[2025-08-01T14:46:56.793+0000] GC(395)  ZHeap           used 2874M, capacity 4096M, max capacity 4096M
[2025-08-01T14:46:56.793+0000] GC(395)  Metaspace       used 10643K, committed 10880K, reserved 1114112K
[2025-08-01T14:46:56.793+0000] GC(395)   class space    used 1265K, committed 1344K, reserved 1048576K
[2025-08-01T14:46:56.793+0000] GC(395) Garbage Collection (Allocation Rate)
[2025-08-01T14:46:56.793+0000] GC(395) Using 2 workers
[2025-08-01T14:46:56.793+0000] GC(395) Pause Mark Start 0.013ms
[2025-08-01T14:46:56.936+0000] GC(395) Concurrent Mark 142.724ms
[2025-08-01T14:46:56.936+0000] GC(395) Pause Mark End 0.016ms
[2025-08-01T14:46:56.936+0000] GC(395) Concurrent Mark Free 0.001ms
[2025-08-01T14:46:56.939+0000] GC(395) Concurrent Process Non-Strong References 3.035ms
[2025-08-01T14:46:56.940+0000] GC(395) Concurrent Reset Relocation Set 0.002ms
[2025-08-01T14:46:56.943+0000] GC(395) Concurrent Select Relocation Set 3.639ms
[2025-08-01T14:46:56.944+0000] GC(395) Pause Relocate Start 0.013ms
[2025-08-01T14:46:56.945+0000] GC(395) Concurrent Relocate 1.533ms
[2025-08-01T14:46:56.945+0000] GC(395) Heap after GC invocations=396 (full 396):
[2025-08-01T14:46:56.945+0000] GC(395)  ZHeap           used 1346M, capacity 4096M, max capacity 4096M
[2025-08-01T14:46:56.945+0000] GC(395)  Metaspace       used 10643K, committed 10880K, reserved 1114112K
[2025-08-01T14:46:56.945+0000] GC(395)   class space    used 1265K, committed 1344K, reserved 1048576K
[2025-08-01T14:46:56.946+0000] GC(395) Load: 1.94/1.02/0.45
[2025-08-01T14:46:56.946+0000] GC(395) MMU: 2ms/90.0%, 5ms/96.0%, 10ms/97.9%, 20ms/98.9%, 50ms/99.6%, 100ms/99.8%
[2025-08-01T14:46:56.946+0000] GC(395) Mark: 2 stripe(s), 3 proactive flush(es), 1 terminate flush(es), 0 completion(s), 0 continuation(s) 
[2025-08-01T14:46:56.946+0000] GC(395) Mark Stack Usage: 32M
[2025-08-01T14:46:56.946+0000] GC(395) NMethods: 1415 registered, 180 unregistered
[2025-08-01T14:46:56.946+0000] GC(395) Metaspace: 10M used, 10M committed, 1088M reserved
[2025-08-01T14:46:56.946+0000] GC(395) Soft: 228 encountered, 0 discovered, 0 enqueued
[2025-08-01T14:46:56.946+0000] GC(395) Weak: 934 encountered, 678 discovered, 0 enqueued
[2025-08-01T14:46:56.946+0000] GC(395) Final: 0 encountered, 0 discovered, 0 enqueued
[2025-08-01T14:46:56.946+0000] GC(395) Phantom: 3 encountered, 1 discovered, 0 enqueued
[2025-08-01T14:46:56.946+0000] GC(395) Small Pages: 1422 / 2844M, Empty: 2186M, Relocated: 4M, In-Place: 0
[2025-08-01T14:46:56.946+0000] GC(395) Medium Pages: 1 / 32M, Empty: 0M, Relocated: 0M, In-Place: 0
[2025-08-01T14:46:56.946+0000] GC(395) Large Pages: 0 / 0M, Empty: 0M, Relocated: 0M, In-Place: 0
[2025-08-01T14:46:56.946+0000] GC(395) Forwarding Usage: 0M
[2025-08-01T14:46:56.946+0000] GC(395) Min Capacity: 4096M(100%)
[2025-08-01T14:46:56.946+0000] GC(395) Max Capacity: 4096M(100%)
[2025-08-01T14:46:56.946+0000] GC(395) Soft Max Capacity: 4096M(100%)
[2025-08-01T14:46:56.946+0000] GC(395)                Mark Start          Mark End        Relocate Start      Relocate End           High               Low         
[2025-08-01T14:46:56.946+0000] GC(395)  Capacity:     4096M (100%)       4096M (100%)       4096M (100%)       4096M (100%)       4096M (100%)       4096M (100%)   
[2025-08-01T14:46:56.946+0000] GC(395)      Free:     1220M (30%)         570M (14%)        2744M (67%)        2750M (67%)        2752M (67%)         570M (14%)    
[2025-08-01T14:46:56.946+0000] GC(395)      Used:     2876M (70%)        3526M (86%)        1352M (33%)        1346M (33%)        3526M (86%)        1344M (33%)    
[2025-08-01T14:46:56.946+0000] GC(395)      Live:         -               633M (15%)         633M (15%)         633M (15%)            -                  -          
[2025-08-01T14:46:56.946+0000] GC(395) Allocated:         -               650M (16%)         662M (16%)         670M (16%)            -                  -          
[2025-08-01T14:46:56.946+0000] GC(395)   Garbage:         -              2242M (55%)          56M (1%)           42M (1%)             -                  -          
[2025-08-01T14:46:56.946+0000] GC(395) Reclaimed:         -                  -              2186M (53%)        2200M (54%)            -                  -          
[2025-08-01T14:46:56.946+0000] GC(395) Garbage Collection (Allocation Rate) 2876M(70%)->1346M(33%)
[2025-08-01T14:46:57.193+0000] GC(396) Heap before GC invocations=396 (full 396):
[2025-08-01T14:46:57.193+0000] GC(396)  ZHeap           used 2612M, capacity 4096M, max capacity 4096M
[2025-08-01T14:46:57.193+0000] GC(396)  Metaspace       used 10643K, committed 10880K, reserved 1114112K
[2025-08-01T14:46:57.193+0000] GC(396)   class space    used 1265K, committed 1344K, reserved 1048576K
[2025-08-01T14:46:57.193+0000] GC(396) Garbage Collection (Allocation Rate)
[2025-08-01T14:46:57.193+0000] GC(396) Using 2 workers
[2025-08-01T14:46:57.194+0000] GC(396) Pause Mark Start 0.010ms
[2025-08-01T14:46:57.294+0000] GC(396) Concurrent Mark 100.764ms
[2025-08-01T14:46:57.295+0000] GC(396) Pause Mark End 0.018ms
[2025-08-01T14:46:57.295+0000] GC(396) Concurrent Mark Free 0.001ms
[2025-08-01T14:46:57.297+0000] GC(396) Concurrent Process Non-Strong References 2.618ms
[2025-08-01T14:46:57.298+0000] GC(396) Concurrent Reset Relocation Set 0.002ms
[2025-08-01T14:46:57.301+0000] GC(396) Concurrent Select Relocation Set 3.271ms
[2025-08-01T14:46:57.301+0000] GC(396) Pause Relocate Start 0.009ms
[2025-08-01T14:46:57.303+0000] GC(396) Concurrent Relocate 1.560ms
[2025-08-01T14:46:57.303+0000] GC(396) Heap after GC invocations=397 (full 397):
[2025-08-01T14:46:57.303+0000] GC(396)  ZHeap           used 1064M, capacity 4096M, max capacity 4096M
[2025-08-01T14:46:57.303+0000] GC(396)  Metaspace       used 10643K, committed 10880K, reserved 1114112K
[2025-08-01T14:46:57.303+0000] GC(396)   class space    used 1265K, committed 1344K, reserved 1048576K
[2025-08-01T14:46:57.303+0000] GC(396) Load: 1.94/1.02/0.45
[2025-08-01T14:46:57.303+0000] GC(396) MMU: 2ms/90.0%, 5ms/96.0%, 10ms/97.9%, 20ms/98.9%, 50ms/99.6%, 100ms/99.8%
[2025-08-01T14:46:57.303+0000] GC(396) Mark: 2 stripe(s), 2 proactive flush(es), 1 terminate flush(es), 0 completion(s), 0 continuation(s) 
[2025-08-01T14:46:57.303+0000] GC(396) Mark Stack Usage: 32M
[2025-08-01T14:46:57.303+0000] GC(396) NMethods: 1415 registered, 180 unregistered
[2025-08-01T14:46:57.303+0000] GC(396) Metaspace: 10M used, 10M committed, 1088M reserved
[2025-08-01T14:46:57.303+0000] GC(396) Soft: 228 encountered, 0 discovered, 0 enqueued
[2025-08-01T14:46:57.303+0000] GC(396) Weak: 934 encountered, 690 discovered, 0 enqueued
[2025-08-01T14:46:57.303+0000] GC(396) Final: 0 encountered, 0 discovered, 0 enqueued
[2025-08-01T14:46:57.303+0000] GC(396) Phantom: 3 encountered, 2 discovered, 0 enqueued
[2025-08-01T14:46:57.303+0000] GC(396) Small Pages: 1293 / 2586M, Empty: 2092M, Relocated: 4M, In-Place: 0
[2025-08-01T14:46:57.303+0000] GC(396) Medium Pages: 1 / 32M, Empty: 0M, Relocated: 0M, In-Place: 0
[2025-08-01T14:46:57.303+0000] GC(396) Large Pages: 0 / 0M, Empty: 0M, Relocated: 0M, In-Place: 0
[2025-08-01T14:46:57.303+0000] GC(396) Forwarding Usage: 0M
[2025-08-01T14:46:57.303+0000] GC(396) Min Capacity: 4096M(100%)
[2025-08-01T14:46:57.303+0000] GC(396) Max Capacity: 4096M(100%)
[2025-08-01T14:46:57.303+0000] GC(396) Soft Max Capacity: 4096M(100%)
[2025-08-01T14:46:57.303+0000] GC(396)                Mark Start          Mark End        Relocate Start      Relocate End           High               Low         
[2025-08-01T14:46:57.303+0000] GC(396)  Capacity:     4096M (100%)       4096M (100%)       4096M (100%)       4096M (100%)       4096M (100%)       4096M (100%)   
[2025-08-01T14:46:57.303+0000] GC(396)      Free:     1478M (36%)         926M (23%)        3018M (74%)        3032M (74%)        3032M (74%)         926M (23%)    
[2025-08-01T14:46:57.303+0000] GC(396)      Used:     2618M (64%)        3170M (77%)        1078M (26%)        1064M (26%)        3170M (77%)        1064M (26%)    
[2025-08-01T14:46:57.303+0000] GC(396)      Live:         -               472M (12%)         472M (12%)         472M (12%)            -                  -          
[2025-08-01T14:46:57.303+0000] GC(396) Allocated:         -               552M (13%)         552M (13%)         552M (13%)            -                  -          
[2025-08-01T14:46:57.303+0000] GC(396)   Garbage:         -              2145M (52%)          53M (1%)           39M (1%)             -                  -          
[2025-08-01T14:46:57.303+0000] GC(396) Reclaimed:         -                  -              2092M (51%)        2106M (51%)            -                  -          
[2025-08-01T14:46:57.303+0000] GC(396) Garbage Collection (Allocation Rate) 2618M(64%)->1064M(26%)
[2025-08-01T14:46:57.694+0000] GC(397) Heap before GC invocations=397 (full 397):
[2025-08-01T14:46:57.694+0000] GC(397)  ZHeap           used 3034M, capacity 4096M, max capacity 4096M
[2025-08-01T14:46:57.694+0000] GC(397)  Metaspace       used 10643K, committed 10880K, reserved 1114112K
[2025-08-01T14:46:57.694+0000] GC(397)   class space    used 1265K, committed 1344K, reserved 1048576K
[2025-08-01T14:46:57.694+0000] GC(397) Garbage Collection (Allocation Rate)
[2025-08-01T14:46:57.694+0000] GC(397) Using 2 workers
[2025-08-01T14:46:57.695+0000] GC(397) Pause Mark Start 0.012ms
[2025-08-01T14:46:57.794+0000] GC(397) Concurrent Mark 98.766ms
[2025-08-01T14:46:57.794+0000] GC(397) Pause Mark End 0.012ms
[2025-08-01T14:46:57.794+0000] GC(397) Concurrent Mark Free 0.003ms
[2025-08-01T14:46:57.799+0000] GC(397) Concurrent Process Non-Strong References 4.902ms
[2025-08-01T14:46:57.799+0000] GC(397) Concurrent Reset Relocation Set 0.002ms
[2025-08-01T14:46:57.803+0000] GC(397) Concurrent Select Relocation Set 3.476ms
[2025-08-01T14:46:57.803+0000] GC(397) Pause Relocate Start 0.016ms
[2025-08-01T14:46:57.806+0000] GC(397) Concurrent Relocate 2.571ms
[2025-08-01T14:46:57.806+0000] GC(397) Heap after GC invocations=398 (full 398):
[2025-08-01T14:46:57.806+0000] GC(397)  ZHeap           used 1076M, capacity 4096M, max capacity 4096M
[2025-08-01T14:46:57.806+0000] GC(397)  Metaspace       used 10643K, committed 10880K, reserved 1114112K
[2025-08-01T14:46:57.806+0000] GC(397)   class space    used 1265K, committed 1344K, reserved 1048576K
[2025-08-01T14:46:57.806+0000] GC(397) Load: 1.94/1.02/0.45
[2025-08-01T14:46:57.806+0000] GC(397) MMU: 2ms/90.0%, 5ms/96.0%, 10ms/97.9%, 20ms/98.9%, 50ms/99.6%, 100ms/99.8%
[2025-08-01T14:46:57.806+0000] GC(397) Mark: 2 stripe(s), 2 proactive flush(es), 1 terminate flush(es), 0 completion(s), 0 continuation(s) 
[2025-08-01T14:46:57.806+0000] GC(397) Mark Stack Usage: 32M
[2025-08-01T14:46:57.806+0000] GC(397) NMethods: 1415 registered, 180 unregistered
[2025-08-01T14:46:57.806+0000] GC(397) Metaspace: 10M used, 10M committed, 1088M reserved
[2025-08-01T14:46:57.806+0000] GC(397) Soft: 228 encountered, 0 discovered, 0 enqueued
[2025-08-01T14:46:57.806+0000] GC(397) Weak: 934 encountered, 678 discovered, 0 enqueued
[2025-08-01T14:46:57.806+0000] GC(397) Final: 0 encountered, 0 discovered, 0 enqueued
[2025-08-01T14:46:57.806+0000] GC(397) Phantom: 3 encountered, 1 discovered, 0 enqueued
[2025-08-01T14:46:57.806+0000] GC(397) Small Pages: 1502 / 3004M, Empty: 2556M, Relocated: 3M, In-Place: 0
[2025-08-01T14:46:57.806+0000] GC(397) Medium Pages: 1 / 32M, Empty: 0M, Relocated: 0M, In-Place: 0
[2025-08-01T14:46:57.806+0000] GC(397) Large Pages: 0 / 0M, Empty: 0M, Relocated: 0M, In-Place: 0
[2025-08-01T14:46:57.806+0000] GC(397) Forwarding Usage: 0M
[2025-08-01T14:46:57.806+0000] GC(397) Min Capacity: 4096M(100%)
[2025-08-01T14:46:57.806+0000] GC(397) Max Capacity: 4096M(100%)
[2025-08-01T14:46:57.806+0000] GC(397) Soft Max Capacity: 4096M(100%)
[2025-08-01T14:46:57.806+0000] GC(397)                Mark Start          Mark End        Relocate Start      Relocate End           High               Low         
[2025-08-01T14:46:57.806+0000] GC(397)  Capacity:     4096M (100%)       4096M (100%)       4096M (100%)       4096M (100%)       4096M (100%)       4096M (100%)   
[2025-08-01T14:46:57.806+0000] GC(397)      Free:     1060M (26%)         552M (13%)        3040M (74%)        3020M (74%)        3044M (74%)         518M (13%)    
[2025-08-01T14:46:57.806+0000] GC(397)      Used:     3036M (74%)        3544M (87%)        1056M (26%)        1076M (26%)        3578M (87%)        1052M (26%)    
[2025-08-01T14:46:57.807+0000] GC(397)      Live:         -               433M (11%)         433M (11%)         433M (11%)            -                  -          
[2025-08-01T14:46:57.807+0000] GC(397) Allocated:         -               508M (12%)         576M (14%)         600M (15%)            -                  -          
[2025-08-01T14:46:57.807+0000] GC(397)   Garbage:         -              2602M (64%)          46M (1%)           42M (1%)             -                  -          
[2025-08-01T14:46:57.807+0000] GC(397) Reclaimed:         -                  -              2556M (62%)        2560M (62%)            -                  -          
[2025-08-01T14:46:57.807+0000] GC(397) Garbage Collection (Allocation Rate) 3036M(74%)->1076M(26%)
[2025-08-01T14:46:58.193+0000] GC(398) Heap before GC invocations=398 (full 398):
[2025-08-01T14:46:58.193+0000] GC(398)  ZHeap           used 3038M, capacity 4096M, max capacity 4096M
[2025-08-01T14:46:58.193+0000] GC(398)  Metaspace       used 10643K, committed 10880K, reserved 1114112K
[2025-08-01T14:46:58.193+0000] GC(398)   class space    used 1265K, committed 1344K, reserved 1048576K
[2025-08-01T14:46:58.193+0000] GC(398) Garbage Collection (Allocation Rate)
[2025-08-01T14:46:58.193+0000] GC(398) Using 2 workers
[2025-08-01T14:46:58.194+0000] GC(398) Pause Mark Start 0.008ms
[2025-08-01T14:46:58.323+0000] GC(398) Concurrent Mark 128.441ms
[2025-08-01T14:46:58.323+0000] GC(398) Pause Mark End 0.013ms
[2025-08-01T14:46:58.323+0000] GC(398) Concurrent Mark Free 0.003ms
[2025-08-01T14:46:58.327+0000] GC(398) Concurrent Process Non-Strong References 3.379ms
[2025-08-01T14:46:58.327+0000] GC(398) Concurrent Reset Relocation Set 0.002ms
[2025-08-01T14:46:58.331+0000] GC(398) Concurrent Select Relocation Set 4.038ms
[2025-08-01T14:46:58.332+0000] GC(398) Pause Relocate Start 0.010ms
[2025-08-01T14:46:58.335+0000] GC(398) Concurrent Relocate 2.682ms
[2025-08-01T14:46:58.335+0000] GC(398) Heap after GC invocations=399 (full 399):
[2025-08-01T14:46:58.335+0000] GC(398)  ZHeap           used 1262M, capacity 4096M, max capacity 4096M
[2025-08-01T14:46:58.335+0000] GC(398)  Metaspace       used 10643K, committed 10880K, reserved 1114112K
[2025-08-01T14:46:58.335+0000] GC(398)   class space    used 1265K, committed 1344K, reserved 1048576K
[2025-08-01T14:46:58.335+0000] GC(398) Load: 1.94/1.02/0.45
[2025-08-01T14:46:58.335+0000] GC(398) MMU: 2ms/90.0%, 5ms/96.0%, 10ms/97.9%, 20ms/98.9%, 50ms/99.6%, 100ms/99.8%
[2025-08-01T14:46:58.335+0000] GC(398) Mark: 2 stripe(s), 2 proactive flush(es), 1 terminate flush(es), 0 completion(s), 0 continuation(s) 
[2025-08-01T14:46:58.335+0000] GC(398) Mark Stack Usage: 32M
[2025-08-01T14:46:58.335+0000] GC(398) NMethods: 1415 registered, 180 unregistered
[2025-08-01T14:46:58.335+0000] GC(398) Metaspace: 10M used, 10M committed, 1088M reserved
[2025-08-01T14:46:58.335+0000] GC(398) Soft: 228 encountered, 0 discovered, 0 enqueued
[2025-08-01T14:46:58.335+0000] GC(398) Weak: 934 encountered, 681 discovered, 0 enqueued
[2025-08-01T14:46:58.335+0000] GC(398) Final: 0 encountered, 0 discovered, 0 enqueued
[2025-08-01T14:46:58.335+0000] GC(398) Phantom: 3 encountered, 1 discovered, 0 enqueued
[2025-08-01T14:46:58.335+0000] GC(398) Small Pages: 1505 / 3010M, Empty: 2424M, Relocated: 4M, In-Place: 0
[2025-08-01T14:46:58.335+0000] GC(398) Medium Pages: 1 / 32M, Empty: 0M, Relocated: 0M, In-Place: 0
[2025-08-01T14:46:58.335+0000] GC(398) Large Pages: 0 / 0M, Empty: 0M, Relocated: 0M, In-Place: 0
[2025-08-01T14:46:58.335+0000] GC(398) Forwarding Usage: 0M
[2025-08-01T14:46:58.335+0000] GC(398) Min Capacity: 4096M(100%)
[2025-08-01T14:46:58.335+0000] GC(398) Max Capacity: 4096M(100%)
[2025-08-01T14:46:58.335+0000] GC(398) Soft Max Capacity: 4096M(100%)
[2025-08-01T14:46:58.335+0000] GC(398)                Mark Start          Mark End        Relocate Start      Relocate End           High               Low         
[2025-08-01T14:46:58.335+0000] GC(398)  Capacity:     4096M (100%)       4096M (100%)       4096M (100%)       4096M (100%)       4096M (100%)       4096M (100%)   
[2025-08-01T14:46:58.335+0000] GC(398)      Free:     1054M (26%)         506M (12%)        2852M (70%)        2836M (69%)        2868M (70%)         478M (12%)    
[2025-08-01T14:46:58.335+0000] GC(398)      Used:     3042M (74%)        3590M (88%)        1244M (30%)        1260M (31%)        3618M (88%)        1228M (30%)    
[2025-08-01T14:46:58.335+0000] GC(398)      Live:         -               568M (14%)         568M (14%)         568M (14%)            -                  -          
[2025-08-01T14:46:58.335+0000] GC(398) Allocated:         -               548M (13%)         626M (15%)         650M (16%)            -                  -          
[2025-08-01T14:46:58.335+0000] GC(398)   Garbage:         -              2473M (60%)          49M (1%)           41M (1%)             -                  -          
[2025-08-01T14:46:58.335+0000] GC(398) Reclaimed:         -                  -              2424M (59%)        2432M (59%)            -                  -          
[2025-08-01T14:46:58.335+0000] GC(398) Garbage Collection (Allocation Rate) 3042M(74%)->1260M(31%)
[2025-08-01T14:46:58.593+0000] GC(399) Heap before GC invocations=399 (full 399):
[2025-08-01T14:46:58.594+0000] GC(399)  ZHeap           used 2610M, capacity 4096M, max capacity 4096M
[2025-08-01T14:46:58.594+0000] GC(399)  Metaspace       used 10643K, committed 10880K, reserved 1114112K
[2025-08-01T14:46:58.594+0000] GC(399)   class space    used 1265K, committed 1344K, reserved 1048576K
[2025-08-01T14:46:58.594+0000] GC(399) Garbage Collection (Allocation Rate)
[2025-08-01T14:46:58.594+0000] GC(399) Using 2 workers
[2025-08-01T14:46:58.594+0000] GC(399) Pause Mark Start 0.011ms
[2025-08-01T14:46:58.728+0000] GC(399) Concurrent Mark 132.731ms
[2025-08-01T14:46:58.728+0000] GC(399) Pause Mark End 0.021ms
[2025-08-01T14:46:58.728+0000] GC(399) Concurrent Mark Free 0.001ms
[2025-08-01T14:46:58.733+0000] GC(399) Concurrent Process Non-Strong References 4.299ms
[2025-08-01T14:46:58.733+0000] GC(399) Concurrent Reset Relocation Set 0.003ms
[2025-08-01T14:46:58.737+0000] GC(399) Concurrent Select Relocation Set 4.844ms
[2025-08-01T14:46:58.738+0000] GC(399) Pause Relocate Start 0.014ms
[2025-08-01T14:46:58.740+0000] GC(399) Concurrent Relocate 2.021ms
[2025-08-01T14:46:58.740+0000] GC(399) Heap after GC invocations=400 (full 400):
[2025-08-01T14:46:58.740+0000] GC(399)  ZHeap           used 1302M, capacity 4096M, max capacity 4096M
[2025-08-01T14:46:58.740+0000] GC(399)  Metaspace       used 10643K, committed 10880K, reserved 1114112K
[2025-08-01T14:46:58.740+0000] GC(399)   class space    used 1265K, committed 1344K, reserved 1048576K
[2025-08-01T14:46:58.740+0000] GC(399) Load: 1.94/1.02/0.45
[2025-08-01T14:46:58.740+0000] GC(399) MMU: 2ms/90.0%, 5ms/96.0%, 10ms/97.9%, 20ms/98.9%, 50ms/99.6%, 100ms/99.8%
[2025-08-01T14:46:58.740+0000] GC(399) Mark: 2 stripe(s), 2 proactive flush(es), 1 terminate flush(es), 0 completion(s), 0 continuation(s) 
[2025-08-01T14:46:58.740+0000] GC(399) Mark Stack Usage: 32M
[2025-08-01T14:46:58.740+0000] GC(399) NMethods: 1415 registered, 180 unregistered
[2025-08-01T14:46:58.740+0000] GC(399) Metaspace: 10M used, 10M committed, 1088M reserved
[2025-08-01T14:46:58.740+0000] GC(399) Soft: 228 encountered, 0 discovered, 0 enqueued
[2025-08-01T14:46:58.740+0000] GC(399) Weak: 934 encountered, 692 discovered, 0 enqueued
[2025-08-01T14:46:58.740+0000] GC(399) Final: 0 encountered, 0 discovered, 0 enqueued
[2025-08-01T14:46:58.740+0000] GC(399) Phantom: 3 encountered, 1 discovered, 0 enqueued
[2025-08-01T14:46:58.740+0000] GC(399) Small Pages: 1289 / 2578M, Empty: 1978M, Relocated: 3M, In-Place: 0
[2025-08-01T14:46:58.740+0000] GC(399) Medium Pages: 1 / 32M, Empty: 0M, Relocated: 0M, In-Place: 0
[2025-08-01T14:46:58.740+0000] GC(399) Large Pages: 0 / 0M, Empty: 0M, Relocated: 0M, In-Place: 0
[2025-08-01T14:46:58.740+0000] GC(399) Forwarding Usage: 0M
[2025-08-01T14:46:58.740+0000] GC(399) Min Capacity: 4096M(100%)
[2025-08-01T14:46:58.741+0000] GC(399) Max Capacity: 4096M(100%)
[2025-08-01T14:46:58.741+0000] GC(399) Soft Max Capacity: 4096M(100%)
[2025-08-01T14:46:58.741+0000] GC(399)                Mark Start          Mark End        Relocate Start      Relocate End           High               Low         
[2025-08-01T14:46:58.741+0000] GC(399)  Capacity:     4096M (100%)       4096M (100%)       4096M (100%)       4096M (100%)       4096M (100%)       4096M (100%)   
[2025-08-01T14:46:58.741+0000] GC(399)      Free:     1486M (36%)         888M (22%)        2796M (68%)        2794M (68%)        2800M (68%)         852M (21%)    
[2025-08-01T14:46:58.741+0000] GC(399)      Used:     2610M (64%)        3208M (78%)        1300M (32%)        1302M (32%)        3244M (79%)        1296M (32%)    
[2025-08-01T14:46:58.741+0000] GC(399)      Live:         -               580M (14%)         580M (14%)         580M (14%)            -                  -          
[2025-08-01T14:46:58.741+0000] GC(399) Allocated:         -               598M (15%)         668M (16%)         680M (17%)            -                  -          
[2025-08-01T14:46:58.741+0000] GC(399)   Garbage:         -              2029M (50%)          51M (1%)           41M (1%)             -                  -          
[2025-08-01T14:46:58.741+0000] GC(399) Reclaimed:         -                  -              1978M (48%)        1988M (49%)            -                  -          
[2025-08-01T14:46:58.741+0000] GC(399) Garbage Collection (Allocation Rate) 2610M(64%)->1302M(32%)
[2025-08-01T14:46:59.093+0000] GC(400) Heap before GC invocations=400 (full 400):
[2025-08-01T14:46:59.093+0000] GC(400)  ZHeap           used 3016M, capacity 4096M, max capacity 4096M
[2025-08-01T14:46:59.093+0000] GC(400)  Metaspace       used 10643K, committed 10880K, reserved 1114112K
[2025-08-01T14:46:59.093+0000] GC(400)   class space    used 1265K, committed 1344K, reserved 1048576K
[2025-08-01T14:46:59.093+0000] GC(400) Garbage Collection (Allocation Rate)
[2025-08-01T14:46:59.093+0000] GC(400) Using 2 workers
[2025-08-01T14:46:59.093+0000] GC(400) Pause Mark Start 0.016ms
[2025-08-01T14:46:59.202+0000] GC(400) Concurrent Mark 108.074ms
[2025-08-01T14:46:59.202+0000] GC(400) Pause Mark End 0.053ms
[2025-08-01T14:46:59.202+0000] GC(400) Concurrent Mark Free 0.001ms
[2025-08-01T14:46:59.206+0000] GC(400) Concurrent Process Non-Strong References 4.004ms
[2025-08-01T14:46:59.206+0000] GC(400) Concurrent Reset Relocation Set 0.002ms
[2025-08-01T14:46:59.210+0000] GC(400) Concurrent Select Relocation Set 3.530ms
[2025-08-01T14:46:59.210+0000] GC(400) Pause Relocate Start 0.009ms
[2025-08-01T14:46:59.211+0000] GC(400) Concurrent Relocate 1.122ms
[2025-08-01T14:46:59.211+0000] GC(400) Heap after GC invocations=401 (full 401):
[2025-08-01T14:46:59.211+0000] GC(400)  ZHeap           used 1162M, capacity 4096M, max capacity 4096M
[2025-08-01T14:46:59.211+0000] GC(400)  Metaspace       used 10643K, committed 10880K, reserved 1114112K
[2025-08-01T14:46:59.211+0000] GC(400)   class space    used 1265K, committed 1344K, reserved 1048576K
[2025-08-01T14:46:59.211+0000] GC(400) Load: 1.94/1.02/0.45
[2025-08-01T14:46:59.211+0000] GC(400) MMU: 2ms/90.0%, 5ms/96.0%, 10ms/97.9%, 20ms/98.9%, 50ms/99.6%, 100ms/99.8%
[2025-08-01T14:46:59.211+0000] GC(400) Mark: 2 stripe(s), 2 proactive flush(es), 1 terminate flush(es), 0 completion(s), 0 continuation(s) 
[2025-08-01T14:46:59.211+0000] GC(400) Mark Stack Usage: 32M
[2025-08-01T14:46:59.211+0000] GC(400) NMethods: 1415 registered, 180 unregistered
[2025-08-01T14:46:59.211+0000] GC(400) Metaspace: 10M used, 10M committed, 1088M reserved
[2025-08-01T14:46:59.211+0000] GC(400) Soft: 228 encountered, 0 discovered, 0 enqueued
[2025-08-01T14:46:59.211+0000] GC(400) Weak: 934 encountered, 717 discovered, 0 enqueued
[2025-08-01T14:46:59.211+0000] GC(400) Final: 0 encountered, 0 discovered, 0 enqueued
[2025-08-01T14:46:59.211+0000] GC(400) Phantom: 3 encountered, 2 discovered, 0 enqueued
[2025-08-01T14:46:59.211+0000] GC(400) Small Pages: 1492 / 2984M, Empty: 2536M, Relocated: 3M, In-Place: 0
[2025-08-01T14:46:59.211+0000] GC(400) Medium Pages: 1 / 32M, Empty: 0M, Relocated: 0M, In-Place: 0
[2025-08-01T14:46:59.211+0000] GC(400) Large Pages: 0 / 0M, Empty: 0M, Relocated: 0M, In-Place: 0
[2025-08-01T14:46:59.211+0000] GC(400) Forwarding Usage: 0M
[2025-08-01T14:46:59.211+0000] GC(400) Min Capacity: 4096M(100%)
[2025-08-01T14:46:59.211+0000] GC(400) Max Capacity: 4096M(100%)
[2025-08-01T14:46:59.211+0000] GC(400) Soft Max Capacity: 4096M(100%)
[2025-08-01T14:46:59.211+0000] GC(400)                Mark Start          Mark End        Relocate Start      Relocate End           High               Low         
[2025-08-01T14:46:59.211+0000] GC(400)  Capacity:     4096M (100%)       4096M (100%)       4096M (100%)       4096M (100%)       4096M (100%)       4096M (100%)   
[2025-08-01T14:46:59.211+0000] GC(400)      Free:     1080M (26%)         476M (12%)        2934M (72%)        2934M (72%)        2938M (72%)         434M (11%)    
[2025-08-01T14:46:59.211+0000] GC(400)      Used:     3016M (74%)        3620M (88%)        1162M (28%)        1162M (28%)        3662M (89%)        1158M (28%)    
[2025-08-01T14:46:59.211+0000] GC(400)      Live:         -               434M (11%)         434M (11%)         434M (11%)            -                  -          
[2025-08-01T14:46:59.211+0000] GC(400) Allocated:         -               604M (15%)         682M (17%)         688M (17%)            -                  -          
[2025-08-01T14:46:59.211+0000] GC(400)   Garbage:         -              2581M (63%)          45M (1%)           39M (1%)             -                  -          
[2025-08-01T14:46:59.211+0000] GC(400) Reclaimed:         -                  -              2536M (62%)        2542M (62%)            -                  -          
[2025-08-01T14:46:59.211+0000] GC(400) Garbage Collection (Allocation Rate) 3016M(74%)->1162M(28%)
[2025-08-01T14:46:59.593+0000] GC(401) Heap before GC invocations=401 (full 401):
[2025-08-01T14:46:59.593+0000] GC(401)  ZHeap           used 3012M, capacity 4096M, max capacity 4096M
[2025-08-01T14:46:59.593+0000] GC(401)  Metaspace       used 10643K, committed 10880K, reserved 1114112K
[2025-08-01T14:46:59.593+0000] GC(401)   class space    used 1265K, committed 1344K, reserved 1048576K
[2025-08-01T14:46:59.593+0000] GC(401) Garbage Collection (Allocation Rate)
[2025-08-01T14:46:59.593+0000] GC(401) Using 2 workers
[2025-08-01T14:46:59.593+0000] GC(401) Pause Mark Start 0.013ms
[2025-08-01T14:46:59.732+0000] GC(401) Concurrent Mark 137.943ms
[2025-08-01T14:46:59.732+0000] GC(401) Pause Mark End 0.018ms
[2025-08-01T14:46:59.732+0000] GC(401) Concurrent Mark Free 0.002ms
[2025-08-01T14:46:59.739+0000] GC(401) Concurrent Process Non-Strong References 6.626ms
[2025-08-01T14:46:59.739+0000] GC(401) Concurrent Reset Relocation Set 0.003ms
[2025-08-01T14:46:59.745+0000] GC(401) Concurrent Select Relocation Set 6.106ms
[2025-08-01T14:46:59.746+0000] GC(401) Pause Relocate Start 0.015ms
[2025-08-01T14:46:59.750+0000] GC(401) Concurrent Relocate 4.120ms
[2025-08-01T14:46:59.750+0000] GC(401) Heap after GC invocations=402 (full 402):
[2025-08-01T14:46:59.750+0000] GC(401)  ZHeap           used 1108M, capacity 4096M, max capacity 4096M
[2025-08-01T14:46:59.750+0000] GC(401)  Metaspace       used 10643K, committed 10880K, reserved 1114112K
[2025-08-01T14:46:59.750+0000] GC(401)   class space    used 1265K, committed 1344K, reserved 1048576K
[2025-08-01T14:46:59.750+0000] GC(401) Load: 1.94/1.02/0.45
[2025-08-01T14:46:59.750+0000] GC(401) MMU: 2ms/90.0%, 5ms/96.0%, 10ms/97.9%, 20ms/98.9%, 50ms/99.6%, 100ms/99.8%
[2025-08-01T14:46:59.750+0000] GC(401) Mark: 2 stripe(s), 3 proactive flush(es), 1 terminate flush(es), 0 completion(s), 0 continuation(s) 
[2025-08-01T14:46:59.750+0000] GC(401) Mark Stack Usage: 32M
[2025-08-01T14:46:59.751+0000] GC(401) NMethods: 1415 registered, 180 unregistered
[2025-08-01T14:46:59.751+0000] GC(401) Metaspace: 10M used, 10M committed, 1088M reserved
[2025-08-01T14:46:59.751+0000] GC(401) Soft: 228 encountered, 0 discovered, 0 enqueued
[2025-08-01T14:46:59.751+0000] GC(401) Weak: 934 encountered, 653 discovered, 0 enqueued
[2025-08-01T14:46:59.751+0000] GC(401) Final: 0 encountered, 0 discovered, 0 enqueued
[2025-08-01T14:46:59.751+0000] GC(401) Phantom: 3 encountered, 1 discovered, 0 enqueued
[2025-08-01T14:46:59.751+0000] GC(401) Small Pages: 1491 / 2982M, Empty: 2546M, Relocated: 6M, In-Place: 0
[2025-08-01T14:46:59.751+0000] GC(401) Medium Pages: 1 / 32M, Empty: 0M, Relocated: 0M, In-Place: 0
[2025-08-01T14:46:59.751+0000] GC(401) Large Pages: 0 / 0M, Empty: 0M, Relocated: 0M, In-Place: 0
[2025-08-01T14:46:59.751+0000] GC(401) Forwarding Usage: 0M
[2025-08-01T14:46:59.751+0000] GC(401) Min Capacity: 4096M(100%)
[2025-08-01T14:46:59.751+0000] GC(401) Max Capacity: 4096M(100%)
[2025-08-01T14:46:59.751+0000] GC(401) Soft Max Capacity: 4096M(100%)
[2025-08-01T14:46:59.751+0000] GC(401)                Mark Start          Mark End        Relocate Start      Relocate End           High               Low         
[2025-08-01T14:46:59.751+0000] GC(401)  Capacity:     4096M (100%)       4096M (100%)       4096M (100%)       4096M (100%)       4096M (100%)       4096M (100%)   
[2025-08-01T14:46:59.751+0000] GC(401)      Free:     1082M (26%)         546M (13%)        3004M (73%)        2992M (73%)        3006M (73%)         502M (12%)    
[2025-08-01T14:46:59.751+0000] GC(401)      Used:     3014M (74%)        3550M (87%)        1092M (27%)        1104M (27%)        3594M (88%)        1090M (27%)    
[2025-08-01T14:46:59.751+0000] GC(401)      Live:         -               416M (10%)         416M (10%)         416M (10%)            -                  -          
[2025-08-01T14:46:59.751+0000] GC(401) Allocated:         -               536M (13%)         624M (15%)         648M (16%)            -                  -          
[2025-08-01T14:46:59.751+0000] GC(401)   Garbage:         -              2597M (63%)          51M (1%)           39M (1%)             -                  -          
[2025-08-01T14:46:59.751+0000] GC(401) Reclaimed:         -                  -              2546M (62%)        2558M (62%)            -                  -          
[2025-08-01T14:46:59.751+0000] GC(401) Garbage Collection (Allocation Rate) 3014M(74%)->1104M(27%)
[2025-08-01T14:47:00.093+0000] GC(402) Heap before GC invocations=402 (full 402):
[2025-08-01T14:47:00.093+0000] GC(402)  ZHeap           used 2796M, capacity 4096M, max capacity 4096M
[2025-08-01T14:47:00.093+0000] GC(402)  Metaspace       used 10643K, committed 10880K, reserved 1114112K
[2025-08-01T14:47:00.093+0000] GC(402)   class space    used 1265K, committed 1344K, reserved 1048576K
[2025-08-01T14:47:00.093+0000] GC(402) Garbage Collection (Allocation Rate)
[2025-08-01T14:47:00.093+0000] GC(402) Using 2 workers
[2025-08-01T14:47:00.094+0000] GC(402) Pause Mark Start 0.013ms
[2025-08-01T14:47:00.210+0000] GC(402) Concurrent Mark 116.477ms
[2025-08-01T14:47:00.211+0000] GC(402) Pause Mark End 0.024ms
[2025-08-01T14:47:00.211+0000] GC(402) Concurrent Mark Free 0.002ms
[2025-08-01T14:47:00.215+0000] GC(402) Concurrent Process Non-Strong References 3.983ms
[2025-08-01T14:47:00.215+0000] GC(402) Concurrent Reset Relocation Set 0.004ms
[2025-08-01T14:47:00.219+0000] GC(402) Concurrent Select Relocation Set 3.909ms
[2025-08-01T14:47:00.220+0000] GC(402) Pause Relocate Start 0.010ms
[2025-08-01T14:47:00.221+0000] GC(402) Concurrent Relocate 0.908ms
[2025-08-01T14:47:00.221+0000] GC(402) Heap after GC invocations=403 (full 403):
[2025-08-01T14:47:00.221+0000] GC(402)  ZHeap           used 1228M, capacity 4096M, max capacity 4096M
[2025-08-01T14:47:00.221+0000] GC(402)  Metaspace       used 10643K, committed 10880K, reserved 1114112K
[2025-08-01T14:47:00.221+0000] GC(402)   class space    used 1265K, committed 1344K, reserved 1048576K
[2025-08-01T14:47:00.221+0000] GC(402) Load: 1.94/1.02/0.45
[2025-08-01T14:47:00.221+0000] GC(402) MMU: 2ms/90.0%, 5ms/96.0%, 10ms/97.9%, 20ms/98.9%, 50ms/99.6%, 100ms/99.8%
[2025-08-01T14:47:00.221+0000] GC(402) Mark: 2 stripe(s), 2 proactive flush(es), 1 terminate flush(es), 0 completion(s), 0 continuation(s) 
[2025-08-01T14:47:00.221+0000] GC(402) Mark Stack Usage: 32M
[2025-08-01T14:47:00.221+0000] GC(402) NMethods: 1415 registered, 180 unregistered
[2025-08-01T14:47:00.221+0000] GC(402) Metaspace: 10M used, 10M committed, 1088M reserved
[2025-08-01T14:47:00.221+0000] GC(402) Soft: 228 encountered, 0 discovered, 0 enqueued
[2025-08-01T14:47:00.221+0000] GC(402) Weak: 934 encountered, 705 discovered, 0 enqueued
[2025-08-01T14:47:00.221+0000] GC(402) Final: 0 encountered, 0 discovered, 0 enqueued
[2025-08-01T14:47:00.221+0000] GC(402) Phantom: 3 encountered, 1 discovered, 0 enqueued
[2025-08-01T14:47:00.221+0000] GC(402) Small Pages: 1382 / 2764M, Empty: 2244M, Relocated: 1M, In-Place: 0
[2025-08-01T14:47:00.221+0000] GC(402) Medium Pages: 1 / 32M, Empty: 0M, Relocated: 0M, In-Place: 0
[2025-08-01T14:47:00.221+0000] GC(402) Large Pages: 0 / 0M, Empty: 0M, Relocated: 0M, In-Place: 0
[2025-08-01T14:47:00.221+0000] GC(402) Forwarding Usage: 0M
[2025-08-01T14:47:00.221+0000] GC(402) Min Capacity: 4096M(100%)
[2025-08-01T14:47:00.221+0000] GC(402) Max Capacity: 4096M(100%)
[2025-08-01T14:47:00.221+0000] GC(402) Soft Max Capacity: 4096M(100%)
[2025-08-01T14:47:00.221+0000] GC(402)                Mark Start          Mark End        Relocate Start      Relocate End           High               Low         
[2025-08-01T14:47:00.221+0000] GC(402)  Capacity:     4096M (100%)       4096M (100%)       4096M (100%)       4096M (100%)       4096M (100%)       4096M (100%)   
[2025-08-01T14:47:00.221+0000] GC(402)      Free:     1300M (32%)         692M (17%)        2868M (70%)        2868M (70%)        2872M (70%)         660M (16%)    
[2025-08-01T14:47:00.221+0000] GC(402)      Used:     2796M (68%)        3404M (83%)        1228M (30%)        1228M (30%)        3436M (84%)        1224M (30%)    
[2025-08-01T14:47:00.221+0000] GC(402)      Live:         -               502M (12%)         502M (12%)         502M (12%)            -                  -          
[2025-08-01T14:47:00.221+0000] GC(402) Allocated:         -               608M (15%)         676M (17%)         684M (17%)            -                  -          
[2025-08-01T14:47:00.221+0000] GC(402)   Garbage:         -              2293M (56%)          49M (1%)           41M (1%)             -                  -          
[2025-08-01T14:47:00.221+0000] GC(402) Reclaimed:         -                  -              2244M (55%)        2252M (55%)            -                  -          
[2025-08-01T14:47:00.221+0000] GC(402) Garbage Collection (Allocation Rate) 2796M(68%)->1228M(30%)
[2025-08-01T14:47:00.593+0000] GC(403) Heap before GC invocations=403 (full 403):
[2025-08-01T14:47:00.593+0000] GC(403)  ZHeap           used 3104M, capacity 4096M, max capacity 4096M
[2025-08-01T14:47:00.593+0000] GC(403)  Metaspace       used 10643K, committed 10880K, reserved 1114112K
[2025-08-01T14:47:00.593+0000] GC(403)   class space    used 1265K, committed 1344K, reserved 1048576K
[2025-08-01T14:47:00.593+0000] GC(403) Garbage Collection (Allocation Rate)
[2025-08-01T14:47:00.593+0000] GC(403) Using 2 workers
[2025-08-01T14:47:00.593+0000] GC(403) Pause Mark Start 0.010ms
[2025-08-01T14:47:00.713+0000] GC(403) Concurrent Mark 119.779ms
[2025-08-01T14:47:00.713+0000] GC(403) Pause Mark End 0.017ms
[2025-08-01T14:47:00.714+0000] GC(403) Concurrent Mark Free 0.001ms
[2025-08-01T14:47:00.717+0000] GC(403) Concurrent Process Non-Strong References 3.140ms
[2025-08-01T14:47:00.717+0000] GC(403) Concurrent Reset Relocation Set 0.002ms
[2025-08-01T14:47:00.721+0000] GC(403) Concurrent Select Relocation Set 4.074ms
[2025-08-01T14:47:00.721+0000] GC(403) Pause Relocate Start 0.012ms
[2025-08-01T14:47:00.723+0000] GC(403) Concurrent Relocate 1.912ms
[2025-08-01T14:47:00.724+0000] GC(403) Heap after GC invocations=404 (full 404):
[2025-08-01T14:47:00.724+0000] GC(403)  ZHeap           used 1190M, capacity 4096M, max capacity 4096M
[2025-08-01T14:47:00.724+0000] GC(403)  Metaspace       used 10643K, committed 10880K, reserved 1114112K
[2025-08-01T14:47:00.724+0000] GC(403)   class space    used 1265K, committed 1344K, reserved 1048576K
[2025-08-01T14:47:00.724+0000] GC(403) Load: 1.94/1.02/0.45
[2025-08-01T14:47:00.724+0000] GC(403) MMU: 2ms/90.0%, 5ms/96.0%, 10ms/97.9%, 20ms/98.9%, 50ms/99.6%, 100ms/99.8%
[2025-08-01T14:47:00.724+0000] GC(403) Mark: 2 stripe(s), 2 proactive flush(es), 1 terminate flush(es), 0 completion(s), 0 continuation(s) 
[2025-08-01T14:47:00.724+0000] GC(403) Mark Stack Usage: 32M
[2025-08-01T14:47:00.724+0000] GC(403) NMethods: 1415 registered, 180 unregistered
[2025-08-01T14:47:00.724+0000] GC(403) Metaspace: 10M used, 10M committed, 1088M reserved
[2025-08-01T14:47:00.724+0000] GC(403) Soft: 228 encountered, 0 discovered, 0 enqueued
[2025-08-01T14:47:00.724+0000] GC(403) Weak: 934 encountered, 692 discovered, 0 enqueued
[2025-08-01T14:47:00.724+0000] GC(403) Final: 0 encountered, 0 discovered, 0 enqueued
[2025-08-01T14:47:00.724+0000] GC(403) Phantom: 3 encountered, 1 discovered, 0 enqueued
[2025-08-01T14:47:00.724+0000] GC(403) Small Pages: 1536 / 3072M, Empty: 2530M, Relocated: 5M, In-Place: 0
[2025-08-01T14:47:00.724+0000] GC(403) Medium Pages: 1 / 32M, Empty: 0M, Relocated: 0M, In-Place: 0
[2025-08-01T14:47:00.724+0000] GC(403) Large Pages: 0 / 0M, Empty: 0M, Relocated: 0M, In-Place: 0
[2025-08-01T14:47:00.724+0000] GC(403) Forwarding Usage: 0M
[2025-08-01T14:47:00.724+0000] GC(403) Min Capacity: 4096M(100%)
[2025-08-01T14:47:00.724+0000] GC(403) Max Capacity: 4096M(100%)
[2025-08-01T14:47:00.724+0000] GC(403) Soft Max Capacity: 4096M(100%)
[2025-08-01T14:47:00.724+0000] GC(403)                Mark Start          Mark End        Relocate Start      Relocate End           High               Low         
[2025-08-01T14:47:00.724+0000] GC(403)  Capacity:     4096M (100%)       4096M (100%)       4096M (100%)       4096M (100%)       4096M (100%)       4096M (100%)   
[2025-08-01T14:47:00.724+0000] GC(403)      Free:      992M (24%)         420M (10%)        2914M (71%)        2906M (71%)        2916M (71%)         408M (10%)    
[2025-08-01T14:47:00.724+0000] GC(403)      Used:     3104M (76%)        3676M (90%)        1182M (29%)        1190M (29%)        3688M (90%)        1180M (29%)    
[2025-08-01T14:47:00.724+0000] GC(403)      Live:         -               526M (13%)         526M (13%)         526M (13%)            -                  -          
[2025-08-01T14:47:00.724+0000] GC(403) Allocated:         -               572M (14%)         608M (15%)         624M (15%)            -                  -          
[2025-08-01T14:47:00.724+0000] GC(403)   Garbage:         -              2577M (63%)          47M (1%)           39M (1%)             -                  -          
[2025-08-01T14:47:00.724+0000] GC(403) Reclaimed:         -                  -              2530M (62%)        2538M (62%)            -                  -          
[2025-08-01T14:47:00.724+0000] GC(403) Garbage Collection (Allocation Rate) 3104M(76%)->1190M(29%)
[2025-08-01T14:47:01.093+0000] GC(404) Heap before GC invocations=404 (full 404):
[2025-08-01T14:47:01.093+0000] GC(404)  ZHeap           used 3138M, capacity 4096M, max capacity 4096M
[2025-08-01T14:47:01.093+0000] GC(404)  Metaspace       used 10643K, committed 10880K, reserved 1114112K
[2025-08-01T14:47:01.093+0000] GC(404)   class space    used 1265K, committed 1344K, reserved 1048576K
[2025-08-01T14:47:01.093+0000] GC(404) Garbage Collection (Allocation Rate)
[2025-08-01T14:47:01.093+0000] GC(404) Using 2 workers
[2025-08-01T14:47:01.093+0000] GC(404) Pause Mark Start 0.007ms
[2025-08-01T14:47:01.193+0000] GC(404) Concurrent Mark 99.775ms
[2025-08-01T14:47:01.195+0000] GC(404) Pause Mark End 0.012ms
[2025-08-01T14:47:01.195+0000] GC(404) Concurrent Mark Free 0.001ms
[2025-08-01T14:47:01.198+0000] GC(404) Concurrent Process Non-Strong References 3.413ms
[2025-08-01T14:47:01.198+0000] GC(404) Concurrent Reset Relocation Set 0.003ms
[2025-08-01T14:47:01.201+0000] GC(404) Concurrent Select Relocation Set 2.704ms
[2025-08-01T14:47:01.202+0000] GC(404) Pause Relocate Start 0.017ms
[2025-08-01T14:47:01.207+0000] GC(404) Concurrent Relocate 4.528ms
[2025-08-01T14:47:01.207+0000] GC(404) Heap after GC invocations=405 (full 405):
[2025-08-01T14:47:01.207+0000] GC(404)  ZHeap           used 992M, capacity 4096M, max capacity 4096M
[2025-08-01T14:47:01.207+0000] GC(404)  Metaspace       used 10643K, committed 10880K, reserved 1114112K
[2025-08-01T14:47:01.207+0000] GC(404)   class space    used 1265K, committed 1344K, reserved 1048576K
[2025-08-01T14:47:01.207+0000] GC(404) Load: 1.94/1.02/0.45
[2025-08-01T14:47:01.207+0000] GC(404) MMU: 2ms/90.0%, 5ms/96.0%, 10ms/97.9%, 20ms/98.9%, 50ms/99.6%, 100ms/99.8%
[2025-08-01T14:47:01.207+0000] GC(404) Mark: 2 stripe(s), 2 proactive flush(es), 1 terminate flush(es), 0 completion(s), 0 continuation(s) 
[2025-08-01T14:47:01.207+0000] GC(404) Mark Stack Usage: 32M
[2025-08-01T14:47:01.207+0000] GC(404) NMethods: 1415 registered, 180 unregistered
[2025-08-01T14:47:01.207+0000] GC(404) Metaspace: 10M used, 10M committed, 1088M reserved
[2025-08-01T14:47:01.207+0000] GC(404) Soft: 228 encountered, 0 discovered, 0 enqueued
[2025-08-01T14:47:01.207+0000] GC(404) Weak: 934 encountered, 685 discovered, 0 enqueued
[2025-08-01T14:47:01.207+0000] GC(404) Final: 0 encountered, 0 discovered, 0 enqueued
[2025-08-01T14:47:01.207+0000] GC(404) Phantom: 3 encountered, 2 discovered, 0 enqueued
[2025-08-01T14:47:01.207+0000] GC(404) Small Pages: 1553 / 3106M, Empty: 2646M, Relocated: 10M, In-Place: 0
[2025-08-01T14:47:01.207+0000] GC(404) Medium Pages: 1 / 32M, Empty: 0M, Relocated: 0M, In-Place: 0
[2025-08-01T14:47:01.207+0000] GC(404) Large Pages: 0 / 0M, Empty: 0M, Relocated: 0M, In-Place: 0
[2025-08-01T14:47:01.207+0000] GC(404) Forwarding Usage: 0M
[2025-08-01T14:47:01.207+0000] GC(404) Min Capacity: 4096M(100%)
[2025-08-01T14:47:01.207+0000] GC(404) Max Capacity: 4096M(100%)
[2025-08-01T14:47:01.207+0000] GC(404) Soft Max Capacity: 4096M(100%)
[2025-08-01T14:47:01.207+0000] GC(404)                Mark Start          Mark End        Relocate Start      Relocate End           High               Low         
[2025-08-01T14:47:01.207+0000] GC(404)  Capacity:     4096M (100%)       4096M (100%)       4096M (100%)       4096M (100%)       4096M (100%)       4096M (100%)   
[2025-08-01T14:47:01.207+0000] GC(404)      Free:      958M (23%)         534M (13%)        3122M (76%)        3104M (76%)        3126M (76%)         502M (12%)    
[2025-08-01T14:47:01.207+0000] GC(404)      Used:     3138M (77%)        3562M (87%)         974M (24%)         992M (24%)        3594M (88%)         970M (24%)    
[2025-08-01T14:47:01.207+0000] GC(404)      Live:         -               432M (11%)         432M (11%)         432M (11%)            -                  -          
[2025-08-01T14:47:01.207+0000] GC(404) Allocated:         -               424M (10%)         482M (12%)         516M (13%)            -                  -          
[2025-08-01T14:47:01.207+0000] GC(404)   Garbage:         -              2705M (66%)          59M (1%)           43M (1%)             -                  -          
[2025-08-01T14:47:01.207+0000] GC(404) Reclaimed:         -                  -              2646M (65%)        2662M (65%)            -                  -          
[2025-08-01T14:47:01.207+0000] GC(404) Garbage Collection (Allocation Rate) 3138M(77%)->992M(24%)
[2025-08-01T14:47:01.593+0000] GC(405) Heap before GC invocations=405 (full 405):
[2025-08-01T14:47:01.593+0000] GC(405)  ZHeap           used 2908M, capacity 4096M, max capacity 4096M
[2025-08-01T14:47:01.593+0000] GC(405)  Metaspace       used 10643K, committed 10880K, reserved 1114112K
[2025-08-01T14:47:01.593+0000] GC(405)   class space    used 1265K, committed 1344K, reserved 1048576K
[2025-08-01T14:47:01.593+0000] GC(405) Garbage Collection (Allocation Rate)
[2025-08-01T14:47:01.593+0000] GC(405) Using 2 workers
[2025-08-01T14:47:01.593+0000] GC(405) Pause Mark Start 0.011ms
[2025-08-01T14:47:01.741+0000] GC(405) Concurrent Mark 147.608ms
[2025-08-01T14:47:01.742+0000] GC(405) Pause Mark End 0.017ms
[2025-08-01T14:47:01.742+0000] GC(405) Concurrent Mark Free 0.001ms
[2025-08-01T14:47:01.746+0000] GC(405) Concurrent Process Non-Strong References 3.360ms
[2025-08-01T14:47:01.746+0000] GC(405) Concurrent Reset Relocation Set 0.003ms
[2025-08-01T14:47:01.749+0000] GC(405) Concurrent Select Relocation Set 3.377ms
[2025-08-01T14:47:01.750+0000] GC(405) Pause Relocate Start 0.012ms
[2025-08-01T14:47:01.754+0000] GC(405) Concurrent Relocate 3.950ms
[2025-08-01T14:47:01.754+0000] GC(405) Heap after GC invocations=406 (full 406):
[2025-08-01T14:47:01.754+0000] GC(405)  ZHeap           used 1540M, capacity 4096M, max capacity 4096M
[2025-08-01T14:47:01.754+0000] GC(405)  Metaspace       used 10643K, committed 10880K, reserved 1114112K
[2025-08-01T14:47:01.754+0000] GC(405)   class space    used 1265K, committed 1344K, reserved 1048576K
[2025-08-01T14:47:01.754+0000] GC(405) Load: 1.95/1.03/0.46
[2025-08-01T14:47:01.754+0000] GC(405) MMU: 2ms/90.0%, 5ms/96.0%, 10ms/97.9%, 20ms/98.9%, 50ms/99.6%, 100ms/99.8%
[2025-08-01T14:47:01.754+0000] GC(405) Mark: 2 stripe(s), 2 proactive flush(es), 1 terminate flush(es), 0 completion(s), 0 continuation(s) 
[2025-08-01T14:47:01.754+0000] GC(405) Mark Stack Usage: 32M
[2025-08-01T14:47:01.754+0000] GC(405) NMethods: 1415 registered, 180 unregistered
[2025-08-01T14:47:01.754+0000] GC(405) Metaspace: 10M used, 10M committed, 1088M reserved
[2025-08-01T14:47:01.754+0000] GC(405) Soft: 228 encountered, 0 discovered, 0 enqueued
[2025-08-01T14:47:01.754+0000] GC(405) Weak: 934 encountered, 766 discovered, 0 enqueued
[2025-08-01T14:47:01.754+0000] GC(405) Final: 0 encountered, 0 discovered, 0 enqueued
[2025-08-01T14:47:01.754+0000] GC(405) Phantom: 3 encountered, 2 discovered, 0 enqueued
[2025-08-01T14:47:01.754+0000] GC(405) Small Pages: 1438 / 2876M, Empty: 2160M, Relocated: 6M, In-Place: 0
[2025-08-01T14:47:01.754+0000] GC(405) Medium Pages: 1 / 32M, Empty: 0M, Relocated: 0M, In-Place: 0
[2025-08-01T14:47:01.754+0000] GC(405) Large Pages: 0 / 0M, Empty: 0M, Relocated: 0M, In-Place: 0
[2025-08-01T14:47:01.754+0000] GC(405) Forwarding Usage: 0M
[2025-08-01T14:47:01.754+0000] GC(405) Min Capacity: 4096M(100%)
[2025-08-01T14:47:01.754+0000] GC(405) Max Capacity: 4096M(100%)
[2025-08-01T14:47:01.754+0000] GC(405) Soft Max Capacity: 4096M(100%)
[2025-08-01T14:47:01.754+0000] GC(405)                Mark Start          Mark End        Relocate Start      Relocate End           High               Low         
[2025-08-01T14:47:01.754+0000] GC(405)  Capacity:     4096M (100%)       4096M (100%)       4096M (100%)       4096M (100%)       4096M (100%)       4096M (100%)   
[2025-08-01T14:47:01.754+0000] GC(405)      Free:     1188M (29%)         464M (11%)        2568M (63%)        2558M (62%)        2572M (63%)         436M (11%)    
[2025-08-01T14:47:01.754+0000] GC(405)      Used:     2908M (71%)        3632M (89%)        1528M (37%)        1538M (38%)        3660M (89%)        1524M (37%)    
[2025-08-01T14:47:01.754+0000] GC(405)      Live:         -               693M (17%)         693M (17%)         693M (17%)            -                  -          
[2025-08-01T14:47:01.754+0000] GC(405) Allocated:         -               724M (18%)         780M (19%)         802M (20%)            -                  -          
[2025-08-01T14:47:01.754+0000] GC(405)   Garbage:         -              2214M (54%)          54M (1%)           42M (1%)             -                  -          
[2025-08-01T14:47:01.754+0000] GC(405) Reclaimed:         -                  -              2160M (53%)        2172M (53%)            -                  -          
[2025-08-01T14:47:01.754+0000] GC(405) Garbage Collection (Allocation Rate) 2908M(71%)->1538M(38%)
[2025-08-01T14:47:01.993+0000] GC(406) Heap before GC invocations=406 (full 406):
[2025-08-01T14:47:01.994+0000] GC(406)  ZHeap           used 2784M, capacity 4096M, max capacity 4096M
[2025-08-01T14:47:01.994+0000] GC(406)  Metaspace       used 10643K, committed 10880K, reserved 1114112K
[2025-08-01T14:47:01.994+0000] GC(406)   class space    used 1265K, committed 1344K, reserved 1048576K
[2025-08-01T14:47:01.994+0000] GC(406) Garbage Collection (Allocation Rate)
[2025-08-01T14:47:01.994+0000] GC(406) Using 2 workers
[2025-08-01T14:47:01.994+0000] GC(406) Pause Mark Start 0.021ms
[2025-08-01T14:47:02.147+0000] GC(406) Concurrent Mark 152.461ms
[2025-08-01T14:47:02.147+0000] GC(406) Pause Mark End 0.020ms
[2025-08-01T14:47:02.147+0000] GC(406) Concurrent Mark Free 0.001ms
[2025-08-01T14:47:02.152+0000] GC(406) Concurrent Process Non-Strong References 4.883ms
[2025-08-01T14:47:02.152+0000] GC(406) Concurrent Reset Relocation Set 0.003ms
[2025-08-01T14:47:02.157+0000] GC(406) Concurrent Select Relocation Set 4.669ms
[2025-08-01T14:47:02.158+0000] GC(406) Pause Relocate Start 0.015ms
[2025-08-01T14:47:02.160+0000] GC(406) Concurrent Relocate 2.337ms
[2025-08-01T14:47:02.160+0000] GC(406) Heap after GC invocations=407 (full 407):
[2025-08-01T14:47:02.160+0000] GC(406)  ZHeap           used 1460M, capacity 4096M, max capacity 4096M
[2025-08-01T14:47:02.160+0000] GC(406)  Metaspace       used 10643K, committed 10880K, reserved 1114112K
[2025-08-01T14:47:02.160+0000] GC(406)   class space    used 1265K, committed 1344K, reserved 1048576K
[2025-08-01T14:47:02.160+0000] GC(406) Load: 1.95/1.03/0.46
[2025-08-01T14:47:02.160+0000] GC(406) MMU: 2ms/90.0%, 5ms/96.0%, 10ms/97.9%, 20ms/98.9%, 50ms/99.6%, 100ms/99.8%
[2025-08-01T14:47:02.160+0000] GC(406) Mark: 2 stripe(s), 2 proactive flush(es), 1 terminate flush(es), 0 completion(s), 0 continuation(s) 
[2025-08-01T14:47:02.160+0000] GC(406) Mark Stack Usage: 32M
[2025-08-01T14:47:02.160+0000] GC(406) NMethods: 1415 registered, 180 unregistered
[2025-08-01T14:47:02.160+0000] GC(406) Metaspace: 10M used, 10M committed, 1088M reserved
[2025-08-01T14:47:02.160+0000] GC(406) Soft: 228 encountered, 0 discovered, 0 enqueued
[2025-08-01T14:47:02.160+0000] GC(406) Weak: 934 encountered, 717 discovered, 0 enqueued
[2025-08-01T14:47:02.160+0000] GC(406) Final: 0 encountered, 0 discovered, 0 enqueued
[2025-08-01T14:47:02.160+0000] GC(406) Phantom: 3 encountered, 2 discovered, 0 enqueued
[2025-08-01T14:47:02.160+0000] GC(406) Small Pages: 1377 / 2754M, Empty: 2118M, Relocated: 4M, In-Place: 0
[2025-08-01T14:47:02.160+0000] GC(406) Medium Pages: 1 / 32M, Empty: 0M, Relocated: 0M, In-Place: 0
[2025-08-01T14:47:02.160+0000] GC(406) Large Pages: 0 / 0M, Empty: 0M, Relocated: 0M, In-Place: 0
[2025-08-01T14:47:02.160+0000] GC(406) Forwarding Usage: 0M
[2025-08-01T14:47:02.160+0000] GC(406) Min Capacity: 4096M(100%)
[2025-08-01T14:47:02.160+0000] GC(406) Max Capacity: 4096M(100%)
[2025-08-01T14:47:02.160+0000] GC(406) Soft Max Capacity: 4096M(100%)
[2025-08-01T14:47:02.160+0000] GC(406)                Mark Start          Mark End        Relocate Start      Relocate End           High               Low         
[2025-08-01T14:47:02.160+0000] GC(406)  Capacity:     4096M (100%)       4096M (100%)       4096M (100%)       4096M (100%)       4096M (100%)       4096M (100%)   
[2025-08-01T14:47:02.160+0000] GC(406)      Free:     1310M (32%)         590M (14%)        2644M (65%)        2636M (64%)        2646M (65%)         566M (14%)    
[2025-08-01T14:47:02.160+0000] GC(406)      Used:     2786M (68%)        3506M (86%)        1452M (35%)        1460M (36%)        3530M (86%)        1450M (35%)    
[2025-08-01T14:47:02.160+0000] GC(406)      Live:         -               618M (15%)         618M (15%)         618M (15%)            -                  -          
[2025-08-01T14:47:02.161+0000] GC(406) Allocated:         -               720M (18%)         784M (19%)         798M (19%)            -                  -          
[2025-08-01T14:47:02.161+0000] GC(406)   Garbage:         -              2167M (53%)          49M (1%)           43M (1%)             -                  -          
[2025-08-01T14:47:02.161+0000] GC(406) Reclaimed:         -                  -              2118M (52%)        2124M (52%)            -                  -          
[2025-08-01T14:47:02.161+0000] GC(406) Garbage Collection (Allocation Rate) 2786M(68%)->1460M(36%)
[2025-08-01T14:47:02.393+0000] GC(407) Heap before GC invocations=407 (full 407):
[2025-08-01T14:47:02.393+0000] GC(407)  ZHeap           used 2680M, capacity 4096M, max capacity 4096M
[2025-08-01T14:47:02.393+0000] GC(407)  Metaspace       used 10643K, committed 10880K, reserved 1114112K
[2025-08-01T14:47:02.393+0000] GC(407)   class space    used 1265K, committed 1344K, reserved 1048576K
[2025-08-01T14:47:02.393+0000] GC(407) Garbage Collection (Allocation Rate)
[2025-08-01T14:47:02.393+0000] GC(407) Using 2 workers
[2025-08-01T14:47:02.393+0000] GC(407) Pause Mark Start 0.016ms
[2025-08-01T14:47:02.557+0000] GC(407) Concurrent Mark 163.134ms
[2025-08-01T14:47:02.557+0000] GC(407) Pause Mark End 0.016ms
[2025-08-01T14:47:02.557+0000] GC(407) Concurrent Mark Free 0.002ms
[2025-08-01T14:47:02.560+0000] GC(407) Concurrent Process Non-Strong References 2.885ms
[2025-08-01T14:47:02.560+0000] GC(407) Concurrent Reset Relocation Set 0.002ms
[2025-08-01T14:47:02.564+0000] GC(407) Concurrent Select Relocation Set 3.609ms
[2025-08-01T14:47:02.564+0000] GC(407) Pause Relocate Start 0.013ms
[2025-08-01T14:47:02.565+0000] GC(407) Concurrent Relocate 0.985ms
[2025-08-01T14:47:02.565+0000] GC(407) Heap after GC invocations=408 (full 408):
[2025-08-01T14:47:02.565+0000] GC(407)  ZHeap           used 1664M, capacity 4096M, max capacity 4096M
[2025-08-01T14:47:02.565+0000] GC(407)  Metaspace       used 10643K, committed 10880K, reserved 1114112K
[2025-08-01T14:47:02.565+0000] GC(407)   class space    used 1265K, committed 1344K, reserved 1048576K
[2025-08-01T14:47:02.565+0000] GC(407) Load: 1.95/1.03/0.46
[2025-08-01T14:47:02.565+0000] GC(407) MMU: 2ms/90.0%, 5ms/96.0%, 10ms/97.9%, 20ms/98.9%, 50ms/99.6%, 100ms/99.8%
[2025-08-01T14:47:02.565+0000] GC(407) Mark: 2 stripe(s), 2 proactive flush(es), 1 terminate flush(es), 0 completion(s), 0 continuation(s) 
[2025-08-01T14:47:02.565+0000] GC(407) Mark Stack Usage: 32M
[2025-08-01T14:47:02.565+0000] GC(407) NMethods: 1415 registered, 180 unregistered
[2025-08-01T14:47:02.565+0000] GC(407) Metaspace: 10M used, 10M committed, 1088M reserved
[2025-08-01T14:47:02.565+0000] GC(407) Soft: 228 encountered, 0 discovered, 0 enqueued
[2025-08-01T14:47:02.565+0000] GC(407) Weak: 934 encountered, 683 discovered, 0 enqueued
[2025-08-01T14:47:02.565+0000] GC(407) Final: 0 encountered, 0 discovered, 0 enqueued
[2025-08-01T14:47:02.565+0000] GC(407) Phantom: 3 encountered, 1 discovered, 0 enqueued
[2025-08-01T14:47:02.565+0000] GC(407) Small Pages: 1325 / 2650M, Empty: 1900M, Relocated: 3M, In-Place: 0
[2025-08-01T14:47:02.565+0000] GC(407) Medium Pages: 1 / 32M, Empty: 0M, Relocated: 0M, In-Place: 0
[2025-08-01T14:47:02.565+0000] GC(407) Large Pages: 0 / 0M, Empty: 0M, Relocated: 0M, In-Place: 0
[2025-08-01T14:47:02.565+0000] GC(407) Forwarding Usage: 0M
[2025-08-01T14:47:02.566+0000] GC(407) Min Capacity: 4096M(100%)
[2025-08-01T14:47:02.566+0000] GC(407) Max Capacity: 4096M(100%)
[2025-08-01T14:47:02.566+0000] GC(407) Soft Max Capacity: 4096M(100%)
[2025-08-01T14:47:02.566+0000] GC(407)                Mark Start          Mark End        Relocate Start      Relocate End           High               Low         
[2025-08-01T14:47:02.566+0000] GC(407)  Capacity:     4096M (100%)       4096M (100%)       4096M (100%)       4096M (100%)       4096M (100%)       4096M (100%)   
[2025-08-01T14:47:02.566+0000] GC(407)      Free:     1414M (35%)         566M (14%)        2424M (59%)        2432M (59%)        2432M (59%)         548M (13%)    
[2025-08-01T14:47:02.566+0000] GC(407)      Used:     2682M (65%)        3530M (86%)        1672M (41%)        1664M (41%)        3548M (87%)        1664M (41%)    
[2025-08-01T14:47:02.566+0000] GC(407)      Live:         -               727M (18%)         727M (18%)         727M (18%)            -                  -          
[2025-08-01T14:47:02.566+0000] GC(407) Allocated:         -               848M (21%)         890M (22%)         894M (22%)            -                  -          
[2025-08-01T14:47:02.566+0000] GC(407)   Garbage:         -              1954M (48%)          54M (1%)           42M (1%)             -                  -          
[2025-08-01T14:47:02.566+0000] GC(407) Reclaimed:         -                  -              1900M (46%)        1912M (47%)            -                  -          
[2025-08-01T14:47:02.566+0000] GC(407) Garbage Collection (Allocation Rate) 2682M(65%)->1664M(41%)
[2025-08-01T14:47:02.794+0000] GC(408) Heap before GC invocations=408 (full 408):
[2025-08-01T14:47:02.794+0000] GC(408)  ZHeap           used 2812M, capacity 4096M, max capacity 4096M
[2025-08-01T14:47:02.794+0000] GC(408)  Metaspace       used 10643K, committed 10880K, reserved 1114112K
[2025-08-01T14:47:02.794+0000] GC(408)   class space    used 1265K, committed 1344K, reserved 1048576K
[2025-08-01T14:47:02.794+0000] GC(408) Garbage Collection (Allocation Rate)
[2025-08-01T14:47:02.794+0000] GC(408) Using 2 workers
[2025-08-01T14:47:02.795+0000] GC(408) Pause Mark Start 0.007ms
[2025-08-01T14:47:02.958+0000] GC(408) Concurrent Mark 160.988ms
[2025-08-01T14:47:02.958+0000] GC(408) Pause Mark End 0.022ms
[2025-08-01T14:47:02.959+0000] GC(408) Concurrent Mark Free 0.002ms
[2025-08-01T14:47:02.963+0000] GC(408) Concurrent Process Non-Strong References 4.585ms
[2025-08-01T14:47:02.963+0000] GC(408) Concurrent Reset Relocation Set 0.003ms
[2025-08-01T14:47:02.967+0000] GC(408) Concurrent Select Relocation Set 3.361ms
[2025-08-01T14:47:02.967+0000] GC(408) Pause Relocate Start 0.013ms
[2025-08-01T14:47:02.969+0000] GC(408) Concurrent Relocate 1.758ms
[2025-08-01T14:47:02.969+0000] GC(408) Heap after GC invocations=409 (full 409):
[2025-08-01T14:47:02.969+0000] GC(408)  ZHeap           used 1434M, capacity 4096M, max capacity 4096M
[2025-08-01T14:47:02.969+0000] GC(408)  Metaspace       used 10643K, committed 10880K, reserved 1114112K
[2025-08-01T14:47:02.969+0000] GC(408)   class space    used 1265K, committed 1344K, reserved 1048576K
[2025-08-01T14:47:02.969+0000] GC(408) Load: 1.95/1.03/0.46
[2025-08-01T14:47:02.969+0000] GC(408) MMU: 2ms/90.0%, 5ms/96.0%, 10ms/97.9%, 20ms/98.9%, 50ms/99.6%, 100ms/99.8%
[2025-08-01T14:47:02.969+0000] GC(408) Mark: 2 stripe(s), 6 proactive flush(es), 1 terminate flush(es), 0 completion(s), 0 continuation(s) 
[2025-08-01T14:47:02.969+0000] GC(408) Mark Stack Usage: 32M
[2025-08-01T14:47:02.969+0000] GC(408) NMethods: 1415 registered, 180 unregistered
[2025-08-01T14:47:02.969+0000] GC(408) Metaspace: 10M used, 10M committed, 1088M reserved
[2025-08-01T14:47:02.969+0000] GC(408) Soft: 228 encountered, 0 discovered, 0 enqueued
[2025-08-01T14:47:02.969+0000] GC(408) Weak: 934 encountered, 718 discovered, 0 enqueued
[2025-08-01T14:47:02.969+0000] GC(408) Final: 0 encountered, 0 discovered, 0 enqueued
[2025-08-01T14:47:02.969+0000] GC(408) Phantom: 3 encountered, 1 discovered, 0 enqueued
[2025-08-01T14:47:02.969+0000] GC(408) Small Pages: 1390 / 2780M, Empty: 2178M, Relocated: 3M, In-Place: 0
[2025-08-01T14:47:02.969+0000] GC(408) Medium Pages: 1 / 32M, Empty: 0M, Relocated: 0M, In-Place: 0
[2025-08-01T14:47:02.969+0000] GC(408) Large Pages: 0 / 0M, Empty: 0M, Relocated: 0M, In-Place: 0
[2025-08-01T14:47:02.969+0000] GC(408) Forwarding Usage: 0M
[2025-08-01T14:47:02.969+0000] GC(408) Min Capacity: 4096M(100%)
[2025-08-01T14:47:02.969+0000] GC(408) Max Capacity: 4096M(100%)
[2025-08-01T14:47:02.969+0000] GC(408) Soft Max Capacity: 4096M(100%)
[2025-08-01T14:47:02.969+0000] GC(408)                Mark Start          Mark End        Relocate Start      Relocate End           High               Low         
[2025-08-01T14:47:02.970+0000] GC(408)  Capacity:     4096M (100%)       4096M (100%)       4096M (100%)       4096M (100%)       4096M (100%)       4096M (100%)   
[2025-08-01T14:47:02.970+0000] GC(408)      Free:     1284M (31%)         540M (13%)        2660M (65%)        2662M (65%)        2684M (66%)         512M (12%)    
[2025-08-01T14:47:02.970+0000] GC(408)      Used:     2812M (69%)        3556M (87%)        1436M (35%)        1434M (35%)        3584M (88%)        1412M (34%)    
[2025-08-01T14:47:02.970+0000] GC(408)      Live:         -               581M (14%)         581M (14%)         581M (14%)            -                  -          
[2025-08-01T14:47:02.970+0000] GC(408) Allocated:         -               744M (18%)         802M (20%)         810M (20%)            -                  -          
[2025-08-01T14:47:02.970+0000] GC(408)   Garbage:         -              2230M (54%)          52M (1%)           42M (1%)             -                  -          
[2025-08-01T14:47:02.970+0000] GC(408) Reclaimed:         -                  -              2178M (53%)        2188M (53%)            -                  -          
[2025-08-01T14:47:02.970+0000] GC(408) Garbage Collection (Allocation Rate) 2812M(69%)->1434M(35%)
[2025-08-01T14:47:03.192+0000] GC(409) Heap before GC invocations=409 (full 409):
[2025-08-01T14:47:03.192+0000] GC(409)  ZHeap           used 2554M, capacity 4096M, max capacity 4096M
[2025-08-01T14:47:03.192+0000] GC(409)  Metaspace       used 10643K, committed 10880K, reserved 1114112K
[2025-08-01T14:47:03.192+0000] GC(409)   class space    used 1265K, committed 1344K, reserved 1048576K
[2025-08-01T14:47:03.192+0000] GC(409) Garbage Collection (Allocation Rate)
[2025-08-01T14:47:03.192+0000] GC(409) Using 2 workers
[2025-08-01T14:47:03.193+0000] GC(409) Pause Mark Start 0.008ms
[2025-08-01T14:47:03.350+0000] GC(409) Concurrent Mark 157.306ms
[2025-08-01T14:47:03.351+0000] GC(409) Pause Mark End 0.020ms
[2025-08-01T14:47:03.351+0000] GC(409) Concurrent Mark Free 0.002ms
[2025-08-01T14:47:03.355+0000] GC(409) Concurrent Process Non-Strong References 3.647ms
[2025-08-01T14:47:03.355+0000] GC(409) Concurrent Reset Relocation Set 0.003ms
[2025-08-01T14:47:03.359+0000] GC(409) Concurrent Select Relocation Set 4.211ms
[2025-08-01T14:47:03.359+0000] GC(409) Pause Relocate Start 0.013ms
[2025-08-01T14:47:03.363+0000] GC(409) Concurrent Relocate 3.234ms
[2025-08-01T14:47:03.363+0000] GC(409) Heap after GC invocations=410 (full 410):
[2025-08-01T14:47:03.363+0000] GC(409)  ZHeap           used 1662M, capacity 4096M, max capacity 4096M
[2025-08-01T14:47:03.363+0000] GC(409)  Metaspace       used 10643K, committed 10880K, reserved 1114112K
[2025-08-01T14:47:03.363+0000] GC(409)   class space    used 1265K, committed 1344K, reserved 1048576K
[2025-08-01T14:47:03.363+0000] GC(409) Load: 1.95/1.03/0.46
[2025-08-01T14:47:03.363+0000] GC(409) MMU: 2ms/90.0%, 5ms/96.0%, 10ms/97.9%, 20ms/98.9%, 50ms/99.6%, 100ms/99.8%
[2025-08-01T14:47:03.363+0000] GC(409) Mark: 2 stripe(s), 3 proactive flush(es), 1 terminate flush(es), 0 completion(s), 0 continuation(s) 
[2025-08-01T14:47:03.363+0000] GC(409) Mark Stack Usage: 32M
[2025-08-01T14:47:03.363+0000] GC(409) NMethods: 1415 registered, 180 unregistered
[2025-08-01T14:47:03.363+0000] GC(409) Metaspace: 10M used, 10M committed, 1088M reserved
[2025-08-01T14:47:03.363+0000] GC(409) Soft: 228 encountered, 0 discovered, 0 enqueued
[2025-08-01T14:47:03.363+0000] GC(409) Weak: 934 encountered, 702 discovered, 0 enqueued
[2025-08-01T14:47:03.363+0000] GC(409) Final: 0 encountered, 0 discovered, 0 enqueued
[2025-08-01T14:47:03.363+0000] GC(409) Phantom: 3 encountered, 1 discovered, 0 enqueued
[2025-08-01T14:47:03.363+0000] GC(409) Small Pages: 1262 / 2524M, Empty: 1780M, Relocated: 8M, In-Place: 0
[2025-08-01T14:47:03.363+0000] GC(409) Medium Pages: 1 / 32M, Empty: 0M, Relocated: 0M, In-Place: 0
[2025-08-01T14:47:03.363+0000] GC(409) Large Pages: 0 / 0M, Empty: 0M, Relocated: 0M, In-Place: 0
[2025-08-01T14:47:03.363+0000] GC(409) Forwarding Usage: 0M
[2025-08-01T14:47:03.363+0000] GC(409) Min Capacity: 4096M(100%)
[2025-08-01T14:47:03.363+0000] GC(409) Max Capacity: 4096M(100%)
[2025-08-01T14:47:03.363+0000] GC(409) Soft Max Capacity: 4096M(100%)
[2025-08-01T14:47:03.363+0000] GC(409)                Mark Start          Mark End        Relocate Start      Relocate End           High               Low         
[2025-08-01T14:47:03.363+0000] GC(409)  Capacity:     4096M (100%)       4096M (100%)       4096M (100%)       4096M (100%)       4096M (100%)       4096M (100%)   
[2025-08-01T14:47:03.363+0000] GC(409)      Free:     1540M (38%)         720M (18%)        2440M (60%)        2436M (59%)        2446M (60%)         692M (17%)    
[2025-08-01T14:47:03.363+0000] GC(409)      Used:     2556M (62%)        3376M (82%)        1656M (40%)        1660M (41%)        3404M (83%)        1650M (40%)    
[2025-08-01T14:47:03.363+0000] GC(409)      Live:         -               711M (17%)         711M (17%)         711M (17%)            -                  -          
[2025-08-01T14:47:03.363+0000] GC(409) Allocated:         -               820M (20%)         880M (21%)         902M (22%)            -                  -          
[2025-08-01T14:47:03.363+0000] GC(409)   Garbage:         -              1844M (45%)          64M (2%)           46M (1%)             -                  -          
[2025-08-01T14:47:03.363+0000] GC(409) Reclaimed:         -                  -              1780M (43%)        1798M (44%)            -                  -          
[2025-08-01T14:47:03.363+0000] GC(409) Garbage Collection (Allocation Rate) 2556M(62%)->1660M(41%)
[2025-08-01T14:47:03.593+0000] GC(410) Heap before GC invocations=410 (full 410):
[2025-08-01T14:47:03.593+0000] GC(410)  ZHeap           used 2866M, capacity 4096M, max capacity 4096M
[2025-08-01T14:47:03.593+0000] GC(410)  Metaspace       used 10643K, committed 10880K, reserved 1114112K
[2025-08-01T14:47:03.593+0000] GC(410)   class space    used 1265K, committed 1344K, reserved 1048576K
[2025-08-01T14:47:03.593+0000] GC(410) Garbage Collection (Allocation Rate)
[2025-08-01T14:47:03.593+0000] GC(410) Using 2 workers
[2025-08-01T14:47:03.593+0000] GC(410) Pause Mark Start 0.007ms
[2025-08-01T14:47:03.692+0000] === Garbage Collection Statistics =======================================================================================================================
[2025-08-01T14:47:03.692+0000]                                                              Last 10s              Last 10m              Last 10h                Total
[2025-08-01T14:47:03.692+0000]                                                              Avg / Max             Avg / Max             Avg / Max             Avg / Max
[2025-08-01T14:47:03.692+0000]   Collector: Garbage Collection Cycle                    145.900 / 182.473     147.461 / 346.825     147.461 / 346.825     147.461 / 346.825     ms
[2025-08-01T14:47:03.692+0000]  Contention: Mark Segment Reset Contention                     0 / 1                 0 / 2                 0 / 2                 0 / 2           ops/s
[2025-08-01T14:47:03.692+0000]  Contention: Mark SeqNum Reset Contention                      0 / 0                 0 / 1                 0 / 1                 0 / 1           ops/s
[2025-08-01T14:47:03.692+0000]    Critical: Allocation Stall                                  0 / 0                 0 / 0                 0 / 0                 0 / 0           ops/s
[2025-08-01T14:47:03.692+0000]    Critical: Allocation Stall                              0.000 / 0.000         0.000 / 0.000         0.000 / 0.000         0.000 / 0.000       ms
[2025-08-01T14:47:03.692+0000]    Critical: GC Locker Stall                                   0 / 0                 0 / 0                 0 / 0                 0 / 0           ops/s
[2025-08-01T14:47:03.692+0000]    Critical: GC Locker Stall                               0.000 / 0.000         0.000 / 0.000         0.000 / 0.000         0.000 / 0.000       ms
[2025-08-01T14:47:03.692+0000]    Critical: Relocation Stall                                  0 / 0                 0 / 0                 0 / 0                 0 / 0           ops/s
[2025-08-01T14:47:03.692+0000]    Critical: Relocation Stall                              0.000 / 0.000         0.000 / 0.000         0.000 / 0.000         0.000 / 0.000       ms
[2025-08-01T14:47:03.692+0000]      Memory: Allocation Rate                                4947 / 5080           4718 / 5234           4718 / 5234           4718 / 5234        MB/s
[2025-08-01T14:47:03.692+0000]      Memory: Defragment                                        0 / 0                 0 / 0                 0 / 0                 0 / 0           ops/s
[2025-08-01T14:47:03.692+0000]      Memory: Out Of Memory                                     0 / 0                 0 / 0                 0 / 0                 0 / 0           ops/s
[2025-08-01T14:47:03.693+0000]      Memory: Page Cache Flush                                  0 / 0                 0 / 0                 0 / 0                 0 / 0           MB/s
[2025-08-01T14:47:03.693+0000]      Memory: Page Cache Hit L1                              2480 / 2550           2354 / 2621           2354 / 2621           2354 / 2621        ops/s
[2025-08-01T14:47:03.693+0000]      Memory: Page Cache Hit L2                                 0 / 0                 0 / 0                 0 / 0                 0 / 0           ops/s
[2025-08-01T14:47:03.693+0000]      Memory: Page Cache Hit L3                                 0 / 0                11 / 551              11 / 551              11 / 551         ops/s
[2025-08-01T14:47:03.693+0000]      Memory: Page Cache Miss                                   0 / 0                 0 / 1                 0 / 1                 0 / 1           ops/s
[2025-08-01T14:47:03.693+0000]      Memory: Uncommit                                          0 / 0                 0 / 0                 0 / 0                 0 / 0           MB/s
[2025-08-01T14:47:03.693+0000]      Memory: Undo Object Allocation Failed                     0 / 0                 0 / 3                 0 / 3                 0 / 3           ops/s
[2025-08-01T14:47:03.693+0000]      Memory: Undo Object Allocation Succeeded                  0 / 0                 0 / 3                 0 / 3                 0 / 3           ops/s
[2025-08-01T14:47:03.693+0000]      Memory: Undo Page Allocation                              0 / 0                 0 / 1                 0 / 1                 0 / 1           ops/s
[2025-08-01T14:47:03.693+0000]       Phase: Concurrent Mark                             133.607 / 166.604     135.484 / 335.006     135.484 / 335.006     135.484 / 335.006     ms
[2025-08-01T14:47:03.693+0000]       Phase: Concurrent Mark Continue                      0.000 / 0.000         0.000 / 0.000         0.000 / 0.000         0.000 / 0.000       ms
[2025-08-01T14:47:03.693+0000]       Phase: Concurrent Mark Free                          0.004 / 0.051         0.002 / 0.051         0.002 / 0.051         0.002 / 0.051       ms
[2025-08-01T14:47:03.693+0000]       Phase: Concurrent Process Non-Strong References      3.684 / 6.626         3.744 / 14.556        3.744 / 14.556        3.744 / 14.556      ms
[2025-08-01T14:47:03.693+0000]       Phase: Concurrent Relocate                           2.096 / 4.528         2.131 / 16.307        2.131 / 16.307        2.131 / 16.307      ms
[2025-08-01T14:47:03.693+0000]       Phase: Concurrent Reset Relocation Set               0.003 / 0.004         0.003 / 0.065         0.003 / 0.065         0.003 / 0.065       ms
[2025-08-01T14:47:03.693+0000]       Phase: Concurrent Select Relocation Set              3.816 / 6.106         3.707 / 16.702        3.707 / 16.702        3.707 / 16.702      ms
[2025-08-01T14:47:03.693+0000]       Phase: Pause Mark End                                0.019 / 0.053         0.021 / 0.200         0.021 / 0.200         0.021 / 0.200       ms
[2025-08-01T14:47:03.693+0000]       Phase: Pause Mark Start                              0.018 / 0.147         0.014 / 0.147         0.014 / 0.147         0.014 / 0.147       ms
[2025-08-01T14:47:03.693+0000]       Phase: Pause Relocate Start                          0.013 / 0.018         0.014 / 0.143         0.014 / 0.143         0.014 / 0.143       ms
[2025-08-01T14:47:03.693+0000]    Subphase: Concurrent Classes Purge                      0.024 / 0.033         0.036 / 1.924         0.036 / 1.924         0.036 / 1.924       ms
[2025-08-01T14:47:03.693+0000]    Subphase: Concurrent Classes Unlink                     2.274 / 3.413         2.389 / 8.637         2.389 / 8.637         2.389 / 8.637       ms
[2025-08-01T14:47:03.693+0000]    Subphase: Concurrent Mark                             132.003 / 165.965     133.961 / 334.367     133.961 / 334.367     133.961 / 334.367     ms
[2025-08-01T14:47:03.693+0000]    Subphase: Concurrent Mark Try Flush                     0.393 / 1.982         0.511 / 8.315         0.511 / 8.315         0.511 / 8.315       ms
[2025-08-01T14:47:03.693+0000]    Subphase: Concurrent Mark Try Terminate                 0.864 / 2.828         0.911 / 4.798         0.911 / 4.798         0.911 / 4.798       ms
[2025-08-01T14:47:03.693+0000]    Subphase: Concurrent References Enqueue                 0.001 / 0.002         0.001 / 0.079         0.001 / 0.079         0.001 / 0.079       ms
[2025-08-01T14:47:03.693+0000]    Subphase: Concurrent References Process                 0.314 / 1.116         0.320 / 1.918         0.320 / 1.918         0.320 / 1.918       ms
[2025-08-01T14:47:03.693+0000]    Subphase: Concurrent Roots ClassLoaderDataGraph         0.112 / 0.351         0.125 / 2.268         0.125 / 2.268         0.125 / 2.268       ms
[2025-08-01T14:47:03.693+0000]    Subphase: Concurrent Roots CodeCache                    0.000 / 0.000         0.000 / 0.000         0.000 / 0.000         0.000 / 0.000       ms
[2025-08-01T14:47:03.693+0000]    Subphase: Concurrent Roots JavaThreads                  0.098 / 0.340         0.118 / 2.387         0.118 / 2.387         0.118 / 2.387       ms
[2025-08-01T14:47:03.693+0000]    Subphase: Concurrent Roots OopStorageSet                0.023 / 0.041         0.027 / 0.238         0.027 / 0.238         0.027 / 0.238       ms
[2025-08-01T14:47:03.693+0000]    Subphase: Concurrent Weak Roots OopStorageSet           0.205 / 0.641         0.213 / 2.271         0.213 / 2.271         0.213 / 2.271       ms
[2025-08-01T14:47:03.693+0000]    Subphase: Pause Mark Try Complete                       0.000 / 0.000         0.000 / 0.000         0.000 / 0.000         0.000 / 0.000       ms
[2025-08-01T14:47:03.693+0000]      System: Java Threads                                     14 / 14               14 / 14               14 / 14               14 / 14          threads
[2025-08-01T14:47:03.693+0000] =========================================================================================================================================================
[2025-08-01T14:47:03.710+0000] GC(410) Concurrent Mark 117.015ms
[2025-08-01T14:47:03.711+0000] GC(410) Pause Mark End 0.014ms
[2025-08-01T14:47:03.711+0000] GC(410) Concurrent Mark Free 0.001ms
[2025-08-01T14:47:03.714+0000] GC(410) Concurrent Process Non-Strong References 2.791ms
[2025-08-01T14:47:03.714+0000] GC(410) Concurrent Reset Relocation Set 0.002ms
[2025-08-01T14:47:03.717+0000] GC(410) Concurrent Select Relocation Set 2.956ms
[2025-08-01T14:47:03.718+0000] GC(410) Pause Relocate Start 0.010ms
[2025-08-01T14:47:03.720+0000] GC(410) Concurrent Relocate 2.432ms
[2025-08-01T14:47:03.720+0000] GC(410) Heap after GC invocations=411 (full 411):
[2025-08-01T14:47:03.720+0000] GC(410)  ZHeap           used 1102M, capacity 4096M, max capacity 4096M
[2025-08-01T14:47:03.720+0000] GC(410)  Metaspace       used 10643K, committed 10880K, reserved 1114112K
[2025-08-01T14:47:03.720+0000] GC(410)   class space    used 1265K, committed 1344K, reserved 1048576K
[2025-08-01T14:47:03.720+0000] GC(410) Load: 1.95/1.03/0.46
[2025-08-01T14:47:03.720+0000] GC(410) MMU: 2ms/90.0%, 5ms/96.0%, 10ms/97.9%, 20ms/98.9%, 50ms/99.6%, 100ms/99.8%
[2025-08-01T14:47:03.720+0000] GC(410) Mark: 2 stripe(s), 4 proactive flush(es), 1 terminate flush(es), 0 completion(s), 0 continuation(s) 
[2025-08-01T14:47:03.720+0000] GC(410) Mark Stack Usage: 32M
[2025-08-01T14:47:03.720+0000] GC(410) NMethods: 1415 registered, 180 unregistered
[2025-08-01T14:47:03.720+0000] GC(410) Metaspace: 10M used, 10M committed, 1088M reserved
[2025-08-01T14:47:03.720+0000] GC(410) Soft: 228 encountered, 0 discovered, 0 enqueued
[2025-08-01T14:47:03.720+0000] GC(410) Weak: 934 encountered, 683 discovered, 0 enqueued
[2025-08-01T14:47:03.720+0000] GC(410) Final: 0 encountered, 0 discovered, 0 enqueued
[2025-08-01T14:47:03.720+0000] GC(410) Phantom: 3 encountered, 1 discovered, 0 enqueued
[2025-08-01T14:47:03.720+0000] GC(410) Small Pages: 1419 / 2838M, Empty: 2332M, Relocated: 5M, In-Place: 0
[2025-08-01T14:47:03.720+0000] GC(410) Medium Pages: 1 / 32M, Empty: 0M, Relocated: 0M, In-Place: 0
[2025-08-01T14:47:03.720+0000] GC(410) Large Pages: 0 / 0M, Empty: 0M, Relocated: 0M, In-Place: 0
[2025-08-01T14:47:03.720+0000] GC(410) Forwarding Usage: 0M
[2025-08-01T14:47:03.720+0000] GC(410) Min Capacity: 4096M(100%)
[2025-08-01T14:47:03.720+0000] GC(410) Max Capacity: 4096M(100%)
[2025-08-01T14:47:03.720+0000] GC(410) Soft Max Capacity: 4096M(100%)
[2025-08-01T14:47:03.720+0000] GC(410)                Mark Start          Mark End        Relocate Start      Relocate End           High               Low         
[2025-08-01T14:47:03.720+0000] GC(410)  Capacity:     4096M (100%)       4096M (100%)       4096M (100%)       4096M (100%)       4096M (100%)       4096M (100%)   
[2025-08-01T14:47:03.720+0000] GC(410)      Free:     1226M (30%)         692M (17%)        2990M (73%)        2994M (73%)        2998M (73%)         678M (17%)    
[2025-08-01T14:47:03.720+0000] GC(410)      Used:     2870M (70%)        3404M (83%)        1106M (27%)        1102M (27%)        3418M (83%)        1098M (27%)    
[2025-08-01T14:47:03.720+0000] GC(410)      Live:         -               483M (12%)         483M (12%)         483M (12%)            -                  -          
[2025-08-01T14:47:03.720+0000] GC(410) Allocated:         -               534M (13%)         568M (14%)         576M (14%)            -                  -          
[2025-08-01T14:47:03.720+0000] GC(410)   Garbage:         -              2386M (58%)          54M (1%)           42M (1%)             -                  -          
[2025-08-01T14:47:03.720+0000] GC(410) Reclaimed:         -                  -              2332M (57%)        2344M (57%)            -                  -          
[2025-08-01T14:47:03.720+0000] GC(410) Garbage Collection (Allocation Rate) 2870M(70%)->1102M(27%)
[2025-08-01T14:47:03.993+0000] GC(411) Heap before GC invocations=411 (full 411):
[2025-08-01T14:47:03.993+0000] GC(411)  ZHeap           used 2558M, capacity 4096M, max capacity 4096M
[2025-08-01T14:47:03.993+0000] GC(411)  Metaspace       used 10643K, committed 10880K, reserved 1114112K
[2025-08-01T14:47:03.993+0000] GC(411)   class space    used 1265K, committed 1344K, reserved 1048576K
[2025-08-01T14:47:03.993+0000] GC(411) Garbage Collection (Allocation Rate)
[2025-08-01T14:47:03.993+0000] GC(411) Using 2 workers
[2025-08-01T14:47:03.994+0000] GC(411) Pause Mark Start 0.013ms
[2025-08-01T14:47:04.076+0000] GC(411) Concurrent Mark 82.778ms
[2025-08-01T14:47:04.077+0000] GC(411) Pause Mark End 0.020ms
[2025-08-01T14:47:04.077+0000] GC(411) Concurrent Mark Free 0.001ms
[2025-08-01T14:47:04.081+0000] GC(411) Concurrent Process Non-Strong References 4.085ms
[2025-08-01T14:47:04.081+0000] GC(411) Concurrent Reset Relocation Set 0.003ms
[2025-08-01T14:47:04.085+0000] GC(411) Concurrent Select Relocation Set 3.656ms
[2025-08-01T14:47:04.085+0000] GC(411) Pause Relocate Start 0.017ms
[2025-08-01T14:47:04.087+0000] GC(411) Concurrent Relocate 1.099ms
[2025-08-01T14:47:04.087+0000] GC(411) Heap after GC invocations=412 (full 412):
[2025-08-01T14:47:04.087+0000] GC(411)  ZHeap           used 724M, capacity 4096M, max capacity 4096M
[2025-08-01T14:47:04.087+0000] GC(411)  Metaspace       used 10643K, committed 10880K, reserved 1114112K
[2025-08-01T14:47:04.087+0000] GC(411)   class space    used 1265K, committed 1344K, reserved 1048576K
[2025-08-01T14:47:04.087+0000] GC(411) Load: 1.95/1.03/0.46
[2025-08-01T14:47:04.087+0000] GC(411) MMU: 2ms/90.0%, 5ms/96.0%, 10ms/97.9%, 20ms/98.9%, 50ms/99.6%, 100ms/99.8%
[2025-08-01T14:47:04.087+0000] GC(411) Mark: 2 stripe(s), 2 proactive flush(es), 1 terminate flush(es), 0 completion(s), 0 continuation(s) 
[2025-08-01T14:47:04.087+0000] GC(411) Mark Stack Usage: 32M
[2025-08-01T14:47:04.087+0000] GC(411) NMethods: 1415 registered, 180 unregistered
[2025-08-01T14:47:04.087+0000] GC(411) Metaspace: 10M used, 10M committed, 1088M reserved
[2025-08-01T14:47:04.087+0000] GC(411) Soft: 228 encountered, 0 discovered, 0 enqueued
[2025-08-01T14:47:04.087+0000] GC(411) Weak: 934 encountered, 710 discovered, 0 enqueued
[2025-08-01T14:47:04.087+0000] GC(411) Final: 0 encountered, 0 discovered, 0 enqueued
[2025-08-01T14:47:04.087+0000] GC(411) Phantom: 3 encountered, 1 discovered, 0 enqueued
[2025-08-01T14:47:04.087+0000] GC(411) Small Pages: 1263 / 2526M, Empty: 2252M, Relocated: 3M, In-Place: 0
[2025-08-01T14:47:04.087+0000] GC(411) Medium Pages: 1 / 32M, Empty: 0M, Relocated: 0M, In-Place: 0
[2025-08-01T14:47:04.087+0000] GC(411) Large Pages: 0 / 0M, Empty: 0M, Relocated: 0M, In-Place: 0
[2025-08-01T14:47:04.087+0000] GC(411) Forwarding Usage: 0M
[2025-08-01T14:47:04.087+0000] GC(411) Min Capacity: 4096M(100%)
[2025-08-01T14:47:04.087+0000] GC(411) Max Capacity: 4096M(100%)
[2025-08-01T14:47:04.087+0000] GC(411) Soft Max Capacity: 4096M(100%)
[2025-08-01T14:47:04.087+0000] GC(411)                Mark Start          Mark End        Relocate Start      Relocate End           High               Low         
[2025-08-01T14:47:04.087+0000] GC(411)  Capacity:     4096M (100%)       4096M (100%)       4096M (100%)       4096M (100%)       4096M (100%)       4096M (100%)   
[2025-08-01T14:47:04.087+0000] GC(411)      Free:     1538M (38%)        1156M (28%)        3370M (82%)        3372M (82%)        3374M (82%)        1136M (28%)    
[2025-08-01T14:47:04.087+0000] GC(411)      Used:     2558M (62%)        2940M (72%)         726M (18%)         724M (18%)        2960M (72%)         722M (18%)    
[2025-08-01T14:47:04.087+0000] GC(411)      Live:         -               258M (6%)          258M (6%)          258M (6%)             -                  -          
[2025-08-01T14:47:04.087+0000] GC(411) Allocated:         -               382M (9%)          420M (10%)         426M (10%)            -                  -          
[2025-08-01T14:47:04.087+0000] GC(411)   Garbage:         -              2299M (56%)          47M (1%)           39M (1%)             -                  -          
[2025-08-01T14:47:04.087+0000] GC(411) Reclaimed:         -                  -              2252M (55%)        2260M (55%)            -                  -          
[2025-08-01T14:47:04.087+0000] GC(411) Garbage Collection (Allocation Rate) 2558M(62%)->724M(18%)
[2025-08-01T14:47:04.493+0000] GC(412) Heap before GC invocations=412 (full 412):
[2025-08-01T14:47:04.493+0000] GC(412)  ZHeap           used 2790M, capacity 4096M, max capacity 4096M
[2025-08-01T14:47:04.493+0000] GC(412)  Metaspace       used 10643K, committed 10880K, reserved 1114112K
[2025-08-01T14:47:04.493+0000] GC(412)   class space    used 1265K, committed 1344K, reserved 1048576K
[2025-08-01T14:47:04.493+0000] GC(412) Garbage Collection (Allocation Rate)
[2025-08-01T14:47:04.494+0000] GC(412) Using 2 workers
[2025-08-01T14:47:04.494+0000] GC(412) Pause Mark Start 0.012ms
[2025-08-01T14:47:04.605+0000] GC(412) Concurrent Mark 110.681ms
[2025-08-01T14:47:04.605+0000] GC(412) Pause Mark End 0.022ms
[2025-08-01T14:47:04.605+0000] GC(412) Concurrent Mark Free 0.003ms
[2025-08-01T14:47:04.609+0000] GC(412) Concurrent Process Non-Strong References 3.650ms
[2025-08-01T14:47:04.609+0000] GC(412) Concurrent Reset Relocation Set 0.003ms
[2025-08-01T14:47:04.614+0000] GC(412) Concurrent Select Relocation Set 4.543ms
[2025-08-01T14:47:04.614+0000] GC(412) Pause Relocate Start 0.018ms
[2025-08-01T14:47:04.616+0000] GC(412) Concurrent Relocate 1.316ms
[2025-08-01T14:47:04.616+0000] GC(412) Heap after GC invocations=413 (full 413):
[2025-08-01T14:47:04.616+0000] GC(412)  ZHeap           used 1134M, capacity 4096M, max capacity 4096M
[2025-08-01T14:47:04.616+0000] GC(412)  Metaspace       used 10643K, committed 10880K, reserved 1114112K
[2025-08-01T14:47:04.616+0000] GC(412)   class space    used 1265K, committed 1344K, reserved 1048576K
[2025-08-01T14:47:04.616+0000] GC(412) Load: 1.95/1.03/0.46
[2025-08-01T14:47:04.616+0000] GC(412) MMU: 2ms/90.0%, 5ms/96.0%, 10ms/97.9%, 20ms/98.9%, 50ms/99.6%, 100ms/99.8%
[2025-08-01T14:47:04.616+0000] GC(412) Mark: 2 stripe(s), 2 proactive flush(es), 1 terminate flush(es), 0 completion(s), 0 continuation(s) 
[2025-08-01T14:47:04.616+0000] GC(412) Mark Stack Usage: 32M
[2025-08-01T14:47:04.616+0000] GC(412) NMethods: 1415 registered, 180 unregistered
[2025-08-01T14:47:04.616+0000] GC(412) Metaspace: 10M used, 10M committed, 1088M reserved
[2025-08-01T14:47:04.616+0000] GC(412) Soft: 228 encountered, 0 discovered, 0 enqueued
[2025-08-01T14:47:04.616+0000] GC(412) Weak: 934 encountered, 695 discovered, 0 enqueued
[2025-08-01T14:47:04.616+0000] GC(412) Final: 0 encountered, 0 discovered, 0 enqueued
[2025-08-01T14:47:04.616+0000] GC(412) Phantom: 3 encountered, 2 discovered, 0 enqueued
[2025-08-01T14:47:04.616+0000] GC(412) Small Pages: 1380 / 2760M, Empty: 2300M, Relocated: 3M, In-Place: 0
[2025-08-01T14:47:04.616+0000] GC(412) Medium Pages: 1 / 32M, Empty: 0M, Relocated: 0M, In-Place: 0
[2025-08-01T14:47:04.616+0000] GC(412) Large Pages: 0 / 0M, Empty: 0M, Relocated: 0M, In-Place: 0
[2025-08-01T14:47:04.616+0000] GC(412) Forwarding Usage: 0M
[2025-08-01T14:47:04.616+0000] GC(412) Min Capacity: 4096M(100%)
[2025-08-01T14:47:04.616+0000] GC(412) Max Capacity: 4096M(100%)
[2025-08-01T14:47:04.616+0000] GC(412) Soft Max Capacity: 4096M(100%)
[2025-08-01T14:47:04.616+0000] GC(412)                Mark Start          Mark End        Relocate Start      Relocate End           High               Low         
[2025-08-01T14:47:04.616+0000] GC(412)  Capacity:     4096M (100%)       4096M (100%)       4096M (100%)       4096M (100%)       4096M (100%)       4096M (100%)   
[2025-08-01T14:47:04.616+0000] GC(412)      Free:     1304M (32%)         686M (17%)        2960M (72%)        2962M (72%)        2966M (72%)         670M (16%)    
[2025-08-01T14:47:04.616+0000] GC(412)      Used:     2792M (68%)        3410M (83%)        1136M (28%)        1134M (28%)        3426M (84%)        1130M (28%)    
[2025-08-01T14:47:04.616+0000] GC(412)      Live:         -               440M (11%)         440M (11%)         440M (11%)            -                  -          
[2025-08-01T14:47:04.616+0000] GC(412) Allocated:         -               618M (15%)         644M (16%)         650M (16%)            -                  -          
[2025-08-01T14:47:04.616+0000] GC(412)   Garbage:         -              2351M (57%)          51M (1%)           43M (1%)             -                  -          
[2025-08-01T14:47:04.616+0000] GC(412) Reclaimed:         -                  -              2300M (56%)        2308M (56%)            -                  -          
[2025-08-01T14:47:04.616+0000] GC(412) Garbage Collection (Allocation Rate) 2792M(68%)->1134M(28%)
[2025-08-01T14:47:04.993+0000] GC(413) Heap before GC invocations=413 (full 413):
[2025-08-01T14:47:04.993+0000] GC(413)  ZHeap           used 3044M, capacity 4096M, max capacity 4096M
[2025-08-01T14:47:04.993+0000] GC(413)  Metaspace       used 10643K, committed 10880K, reserved 1114112K
[2025-08-01T14:47:04.993+0000] GC(413)   class space    used 1265K, committed 1344K, reserved 1048576K
[2025-08-01T14:47:04.993+0000] GC(413) Garbage Collection (Allocation Rate)
[2025-08-01T14:47:04.993+0000] GC(413) Using 2 workers
[2025-08-01T14:47:04.994+0000] GC(413) Pause Mark Start 0.010ms
[2025-08-01T14:47:05.125+0000] GC(413) Concurrent Mark 131.059ms
[2025-08-01T14:47:05.126+0000] GC(413) Pause Mark End 0.015ms
[2025-08-01T14:47:05.126+0000] GC(413) Concurrent Mark Free 0.002ms
[2025-08-01T14:47:05.129+0000] GC(413) Concurrent Process Non-Strong References 2.470ms
[2025-08-01T14:47:05.129+0000] GC(413) Concurrent Reset Relocation Set 0.002ms
[2025-08-01T14:47:05.132+0000] GC(413) Concurrent Select Relocation Set 3.595ms
[2025-08-01T14:47:05.134+0000] GC(413) Pause Relocate Start 0.012ms
[2025-08-01T14:47:05.137+0000] GC(413) Concurrent Relocate 3.067ms
[2025-08-01T14:47:05.137+0000] GC(413) Heap after GC invocations=414 (full 414):
[2025-08-01T14:47:05.137+0000] GC(413)  ZHeap           used 1306M, capacity 4096M, max capacity 4096M
[2025-08-01T14:47:05.137+0000] GC(413)  Metaspace       used 10643K, committed 10880K, reserved 1114112K
[2025-08-01T14:47:05.137+0000] GC(413)   class space    used 1265K, committed 1344K, reserved 1048576K
[2025-08-01T14:47:05.137+0000] GC(413) Load: 1.95/1.03/0.46
[2025-08-01T14:47:05.137+0000] GC(413) MMU: 2ms/90.0%, 5ms/96.0%, 10ms/97.9%, 20ms/98.9%, 50ms/99.6%, 100ms/99.8%
[2025-08-01T14:47:05.137+0000] GC(413) Mark: 2 stripe(s), 2 proactive flush(es), 1 terminate flush(es), 0 completion(s), 0 continuation(s) 
[2025-08-01T14:47:05.137+0000] GC(413) Mark Stack Usage: 32M
[2025-08-01T14:47:05.137+0000] GC(413) NMethods: 1415 registered, 180 unregistered
[2025-08-01T14:47:05.137+0000] GC(413) Metaspace: 10M used, 10M committed, 1088M reserved
[2025-08-01T14:47:05.137+0000] GC(413) Soft: 228 encountered, 0 discovered, 0 enqueued
[2025-08-01T14:47:05.137+0000] GC(413) Weak: 934 encountered, 702 discovered, 0 enqueued
[2025-08-01T14:47:05.137+0000] GC(413) Final: 0 encountered, 0 discovered, 0 enqueued
[2025-08-01T14:47:05.137+0000] GC(413) Phantom: 3 encountered, 1 discovered, 0 enqueued
[2025-08-01T14:47:05.137+0000] GC(413) Small Pages: 1506 / 3012M, Empty: 2450M, Relocated: 10M, In-Place: 0
[2025-08-01T14:47:05.137+0000] GC(413) Medium Pages: 1 / 32M, Empty: 0M, Relocated: 0M, In-Place: 0
[2025-08-01T14:47:05.137+0000] GC(413) Large Pages: 0 / 0M, Empty: 0M, Relocated: 0M, In-Place: 0
[2025-08-01T14:47:05.137+0000] GC(413) Forwarding Usage: 0M
[2025-08-01T14:47:05.137+0000] GC(413) Min Capacity: 4096M(100%)
[2025-08-01T14:47:05.137+0000] GC(413) Max Capacity: 4096M(100%)
[2025-08-01T14:47:05.137+0000] GC(413) Soft Max Capacity: 4096M(100%)
[2025-08-01T14:47:05.137+0000] GC(413)                Mark Start          Mark End        Relocate Start      Relocate End           High               Low         
[2025-08-01T14:47:05.137+0000] GC(413)  Capacity:     4096M (100%)       4096M (100%)       4096M (100%)       4096M (100%)       4096M (100%)       4096M (100%)   
[2025-08-01T14:47:05.137+0000] GC(413)      Free:     1052M (26%)         362M (9%)         2784M (68%)        2792M (68%)        2794M (68%)         346M (8%)     
[2025-08-01T14:47:05.137+0000] GC(413)      Used:     3044M (74%)        3734M (91%)        1312M (32%)        1304M (32%)        3750M (92%)        1302M (32%)    
[2025-08-01T14:47:05.137+0000] GC(413)      Live:         -               528M (13%)         528M (13%)         528M (13%)            -                  -          
[2025-08-01T14:47:05.137+0000] GC(413) Allocated:         -               690M (17%)         718M (18%)         732M (18%)            -                  -          
[2025-08-01T14:47:05.137+0000] GC(413)   Garbage:         -              2515M (61%)          65M (2%)           43M (1%)             -                  -          
[2025-08-01T14:47:05.137+0000] GC(413) Reclaimed:         -                  -              2450M (60%)        2472M (60%)            -                  -          
[2025-08-01T14:47:05.137+0000] GC(413) Garbage Collection (Allocation Rate) 3044M(74%)->1304M(32%)
[2025-08-01T14:47:05.393+0000] GC(414) Heap before GC invocations=414 (full 414):
[2025-08-01T14:47:05.393+0000] GC(414)  ZHeap           used 2596M, capacity 4096M, max capacity 4096M
[2025-08-01T14:47:05.393+0000] GC(414)  Metaspace       used 10643K, committed 10880K, reserved 1114112K
[2025-08-01T14:47:05.393+0000] GC(414)   class space    used 1265K, committed 1344K, reserved 1048576K
[2025-08-01T14:47:05.393+0000] GC(414) Garbage Collection (Allocation Rate)
[2025-08-01T14:47:05.393+0000] GC(414) Using 2 workers
[2025-08-01T14:47:05.394+0000] GC(414) Pause Mark Start 0.010ms
[2025-08-01T14:47:05.526+0000] GC(414) Concurrent Mark 131.864ms
[2025-08-01T14:47:05.527+0000] GC(414) Pause Mark End 0.019ms
[2025-08-01T14:47:05.527+0000] GC(414) Concurrent Mark Free 0.003ms
[2025-08-01T14:47:05.531+0000] GC(414) Concurrent Process Non-Strong References 3.444ms
[2025-08-01T14:47:05.531+0000] GC(414) Concurrent Reset Relocation Set 0.003ms
[2025-08-01T14:47:05.534+0000] GC(414) Concurrent Select Relocation Set 3.147ms
[2025-08-01T14:47:05.534+0000] GC(414) Pause Relocate Start 0.013ms
[2025-08-01T14:47:05.535+0000] GC(414) Concurrent Relocate 0.778ms
[2025-08-01T14:47:05.535+0000] GC(414) Heap after GC invocations=415 (full 415):
[2025-08-01T14:47:05.535+0000] GC(414)  ZHeap           used 1294M, capacity 4096M, max capacity 4096M
[2025-08-01T14:47:05.535+0000] GC(414)  Metaspace       used 10643K, committed 10880K, reserved 1114112K
[2025-08-01T14:47:05.535+0000] GC(414)   class space    used 1265K, committed 1344K, reserved 1048576K
[2025-08-01T14:47:05.535+0000] GC(414) Load: 1.95/1.03/0.46
[2025-08-01T14:47:05.535+0000] GC(414) MMU: 2ms/90.0%, 5ms/96.0%, 10ms/97.9%, 20ms/98.9%, 50ms/99.6%, 100ms/99.8%
[2025-08-01T14:47:05.535+0000] GC(414) Mark: 2 stripe(s), 2 proactive flush(es), 1 terminate flush(es), 0 completion(s), 0 continuation(s) 
[2025-08-01T14:47:05.535+0000] GC(414) Mark Stack Usage: 32M
[2025-08-01T14:47:05.535+0000] GC(414) NMethods: 1415 registered, 180 unregistered
[2025-08-01T14:47:05.535+0000] GC(414) Metaspace: 10M used, 10M committed, 1088M reserved
[2025-08-01T14:47:05.535+0000] GC(414) Soft: 228 encountered, 0 discovered, 0 enqueued
[2025-08-01T14:47:05.535+0000] GC(414) Weak: 934 encountered, 720 discovered, 0 enqueued
[2025-08-01T14:47:05.535+0000] GC(414) Final: 0 encountered, 0 discovered, 0 enqueued
[2025-08-01T14:47:05.535+0000] GC(414) Phantom: 3 encountered, 2 discovered, 0 enqueued
[2025-08-01T14:47:05.535+0000] GC(414) Small Pages: 1283 / 2566M, Empty: 2018M, Relocated: 3M, In-Place: 0
[2025-08-01T14:47:05.535+0000] GC(414) Medium Pages: 1 / 32M, Empty: 0M, Relocated: 0M, In-Place: 0
[2025-08-01T14:47:05.535+0000] GC(414) Large Pages: 0 / 0M, Empty: 0M, Relocated: 0M, In-Place: 0
[2025-08-01T14:47:05.535+0000] GC(414) Forwarding Usage: 0M
[2025-08-01T14:47:05.535+0000] GC(414) Min Capacity: 4096M(100%)
[2025-08-01T14:47:05.535+0000] GC(414) Max Capacity: 4096M(100%)
[2025-08-01T14:47:05.535+0000] GC(414) Soft Max Capacity: 4096M(100%)
[2025-08-01T14:47:05.535+0000] GC(414)                Mark Start          Mark End        Relocate Start      Relocate End           High               Low         
[2025-08-01T14:47:05.535+0000] GC(414)  Capacity:     4096M (100%)       4096M (100%)       4096M (100%)       4096M (100%)       4096M (100%)       4096M (100%)   
[2025-08-01T14:47:05.535+0000] GC(414)      Free:     1498M (37%)         788M (19%)        2796M (68%)        2804M (68%)        2804M (68%)         784M (19%)    
[2025-08-01T14:47:05.535+0000] GC(414)      Used:     2598M (63%)        3308M (81%)        1300M (32%)        1292M (32%)        3312M (81%)        1292M (32%)    
[2025-08-01T14:47:05.535+0000] GC(414)      Live:         -               526M (13%)         526M (13%)         526M (13%)            -                  -          
[2025-08-01T14:47:05.535+0000] GC(414) Allocated:         -               710M (17%)         720M (18%)         722M (18%)            -                  -          
[2025-08-01T14:47:05.535+0000] GC(414)   Garbage:         -              2071M (51%)          53M (1%)           43M (1%)             -                  -          
[2025-08-01T14:47:05.535+0000] GC(414) Reclaimed:         -                  -              2018M (49%)        2028M (50%)            -                  -          
[2025-08-01T14:47:05.535+0000] GC(414) Garbage Collection (Allocation Rate) 2598M(63%)->1292M(32%)
[2025-08-01T14:47:05.893+0000] GC(415) Heap before GC invocations=415 (full 415):
[2025-08-01T14:47:05.893+0000] GC(415)  ZHeap           used 3170M, capacity 4096M, max capacity 4096M
[2025-08-01T14:47:05.893+0000] GC(415)  Metaspace       used 10643K, committed 10880K, reserved 1114112K
[2025-08-01T14:47:05.893+0000] GC(415)   class space    used 1265K, committed 1344K, reserved 1048576K
[2025-08-01T14:47:05.893+0000] GC(415) Garbage Collection (Allocation Rate)
[2025-08-01T14:47:05.893+0000] GC(415) Using 2 workers
[2025-08-01T14:47:05.894+0000] GC(415) Pause Mark Start 0.010ms
[2025-08-01T14:47:06.028+0000] GC(415) Concurrent Mark 134.854ms
[2025-08-01T14:47:06.029+0000] GC(415) Pause Mark End 0.018ms
[2025-08-01T14:47:06.029+0000] GC(415) Concurrent Mark Free 0.002ms
[2025-08-01T14:47:06.033+0000] GC(415) Concurrent Process Non-Strong References 3.939ms
[2025-08-01T14:47:06.033+0000] GC(415) Concurrent Reset Relocation Set 0.003ms
[2025-08-01T14:47:06.037+0000] GC(415) Concurrent Select Relocation Set 3.984ms
[2025-08-01T14:47:06.037+0000] GC(415) Pause Relocate Start 0.015ms
[2025-08-01T14:47:06.039+0000] GC(415) Concurrent Relocate 0.923ms
[2025-08-01T14:47:06.039+0000] GC(415) Heap after GC invocations=416 (full 416):
[2025-08-01T14:47:06.039+0000] GC(415)  ZHeap           used 1334M, capacity 4096M, max capacity 4096M
[2025-08-01T14:47:06.039+0000] GC(415)  Metaspace       used 10643K, committed 10880K, reserved 1114112K
[2025-08-01T14:47:06.039+0000] GC(415)   class space    used 1265K, committed 1344K, reserved 1048576K
[2025-08-01T14:47:06.039+0000] GC(415) Load: 1.95/1.03/0.46
[2025-08-01T14:47:06.039+0000] GC(415) MMU: 2ms/90.0%, 5ms/96.0%, 10ms/97.9%, 20ms/98.9%, 50ms/99.6%, 100ms/99.8%
[2025-08-01T14:47:06.039+0000] GC(415) Mark: 2 stripe(s), 2 proactive flush(es), 1 terminate flush(es), 0 completion(s), 0 continuation(s) 
[2025-08-01T14:47:06.039+0000] GC(415) Mark Stack Usage: 32M
[2025-08-01T14:47:06.039+0000] GC(415) NMethods: 1415 registered, 180 unregistered
[2025-08-01T14:47:06.039+0000] GC(415) Metaspace: 10M used, 10M committed, 1088M reserved
[2025-08-01T14:47:06.039+0000] GC(415) Soft: 228 encountered, 0 discovered, 0 enqueued
[2025-08-01T14:47:06.039+0000] GC(415) Weak: 934 encountered, 717 discovered, 0 enqueued
[2025-08-01T14:47:06.039+0000] GC(415) Final: 0 encountered, 0 discovered, 0 enqueued
[2025-08-01T14:47:06.039+0000] GC(415) Phantom: 3 encountered, 1 discovered, 0 enqueued
[2025-08-01T14:47:06.039+0000] GC(415) Small Pages: 1569 / 3138M, Empty: 2546M, Relocated: 1M, In-Place: 0
[2025-08-01T14:47:06.039+0000] GC(415) Medium Pages: 1 / 32M, Empty: 0M, Relocated: 0M, In-Place: 0
[2025-08-01T14:47:06.039+0000] GC(415) Large Pages: 0 / 0M, Empty: 0M, Relocated: 0M, In-Place: 0
[2025-08-01T14:47:06.039+0000] GC(415) Forwarding Usage: 0M
[2025-08-01T14:47:06.039+0000] GC(415) Min Capacity: 4096M(100%)
[2025-08-01T14:47:06.039+0000] GC(415) Max Capacity: 4096M(100%)
[2025-08-01T14:47:06.039+0000] GC(415) Soft Max Capacity: 4096M(100%)
